Java HotSpot(TM) 64-Bit Server VM (25.66-b17) for linux-amd64 JRE (1.8.0_66-b17), built on Oct  6 2015 17:28:34 by "java_re" with gcc 4.3.0 20080428 (Red Hat 4.3.0-8)
Memory: 4k page, physical 8074228k(509168k free), swap 8285180k(7501152k free)
CommandLine flags: -XX:CMSInitiatingOccupancyFraction=50 -XX:CMSMaxAbortablePrecleanTime=6000 -XX:+CMSParallelRemarkEnabled -XX:+CMSScavengeBeforeRemark -XX:ConcGCThreads=4 -XX:InitialHeapSize=536870912 -XX:MaxHeapSize=536870912 -XX:MaxTenuringThreshold=8 -XX:NewRatio=3 -XX:OldPLABSize=16 -XX:ParallelGCThreads=4 -XX:+ParallelRefProcEnabled -XX:PretenureSizeThreshold=67108864 -XX:+PrintGC -XX:+PrintGCApplicationStoppedTime -XX:+PrintGCDateStamps -XX:+PrintGCDetails -XX:+PrintGCTimeStamps -XX:+PrintHeapAtGC -XX:+PrintTenuringDistribution -XX:SurvivorRatio=4 -XX:TargetSurvivorRatio=90 -XX:ThreadStackSize=256 -XX:+UseCMSInitiatingOccupancyOnly -XX:+UseCompressedClassPointers -XX:+UseCompressedOops -XX:+UseConcMarkSweepGC -XX:+UseParNewGC 
2015-12-01T12:38:11.277-0500: 0,193: Total time for which application threads were stopped: 0,0001136 seconds, Stopping threads took: 0,0000136 seconds
2015-12-01T12:38:12.277-0500: 1,193: Total time for which application threads were stopped: 0,0000458 seconds, Stopping threads took: 0,0000161 seconds
2015-12-01T12:38:12.332-0500: 1,248: Total time for which application threads were stopped: 0,0001446 seconds, Stopping threads took: 0,0000238 seconds
2015-12-01T12:38:12.386-0500: 1,302: Total time for which application threads were stopped: 0,0001846 seconds, Stopping threads took: 0,0000168 seconds
2015-12-01T12:38:12.444-0500: 1,360: Total time for which application threads were stopped: 0,0001174 seconds, Stopping threads took: 0,0000128 seconds
2015-12-01T12:38:12.453-0500: 1,369: Total time for which application threads were stopped: 0,0001554 seconds, Stopping threads took: 0,0000250 seconds
2015-12-01T12:38:12.460-0500: 1,376: Total time for which application threads were stopped: 0,0001412 seconds, Stopping threads took: 0,0000258 seconds
{Heap before GC invocations=0 (full 0):
 par new generation   total 109248K, used 87424K [0x00000000e0000000, 0x00000000e8000000, 0x00000000e8000000)
  eden space 87424K, 100% used [0x00000000e0000000, 0x00000000e5560000, 0x00000000e5560000)
  from space 21824K,   0% used [0x00000000e5560000, 0x00000000e5560000, 0x00000000e6ab0000)
  to   space 21824K,   0% used [0x00000000e6ab0000, 0x00000000e6ab0000, 0x00000000e8000000)
 concurrent mark-sweep generation total 393216K, used 0K [0x00000000e8000000, 0x0000000100000000, 0x0000000100000000)
 Metaspace       used 10034K, capacity 10248K, committed 10496K, reserved 1058816K
  class space    used 1150K, capacity 1180K, committed 1280K, reserved 1048576K
2015-12-01T12:38:12.618-0500: 1,534: [GC (Allocation Failure) 2015-12-01T12:38:12.618-0500: 1,534: [ParNew
Desired survivor size 20112992 bytes, new threshold 8 (max 8)
- age   1:    5677640 bytes,    5677640 total
: 87424K->5599K(109248K), 0,0084463 secs] 87424K->5599K(502464K), 0,0085156 secs] [Times: user=0,01 sys=0,02, real=0,01 secs] 
Heap after GC invocations=1 (full 0):
 par new generation   total 109248K, used 5599K [0x00000000e0000000, 0x00000000e8000000, 0x00000000e8000000)
  eden space 87424K,   0% used [0x00000000e0000000, 0x00000000e0000000, 0x00000000e5560000)
  from space 21824K,  25% used [0x00000000e6ab0000, 0x00000000e7027c98, 0x00000000e8000000)
  to   space 21824K,   0% used [0x00000000e5560000, 0x00000000e5560000, 0x00000000e6ab0000)
 concurrent mark-sweep generation total 393216K, used 0K [0x00000000e8000000, 0x0000000100000000, 0x0000000100000000)
 Metaspace       used 10034K, capacity 10248K, committed 10496K, reserved 1058816K
  class space    used 1150K, capacity 1180K, committed 1280K, reserved 1048576K
}
2015-12-01T12:38:12.627-0500: 1,543: Total time for which application threads were stopped: 0,0086698 seconds, Stopping threads took: 0,0000185 seconds
2015-12-01T12:38:12.676-0500: 1,592: Total time for which application threads were stopped: 0,0001503 seconds, Stopping threads took: 0,0000157 seconds
2015-12-01T12:38:13.095-0500: 2,011: Total time for which application threads were stopped: 0,0002100 seconds, Stopping threads took: 0,0000263 seconds
2015-12-01T12:38:13.096-0500: 2,012: Total time for which application threads were stopped: 0,0000868 seconds, Stopping threads took: 0,0000193 seconds
2015-12-01T12:38:13.098-0500: 2,014: Total time for which application threads were stopped: 0,0000985 seconds, Stopping threads took: 0,0000199 seconds
2015-12-01T12:38:13.219-0500: 2,135: Total time for which application threads were stopped: 0,0002977 seconds, Stopping threads took: 0,0000416 seconds
2015-12-01T12:38:14.219-0500: 3,135: Total time for which application threads were stopped: 0,0000630 seconds, Stopping threads took: 0,0000183 seconds
2015-12-01T12:38:15.129-0500: 4,045: Total time for which application threads were stopped: 0,0001857 seconds, Stopping threads took: 0,0000202 seconds
2015-12-01T12:38:21.851-0500: 10,767: Total time for which application threads were stopped: 0,0001118 seconds, Stopping threads took: 0,0000722 seconds
2015-12-01T12:38:21.853-0500: 10,769: Total time for which application threads were stopped: 0,0000669 seconds, Stopping threads took: 0,0000230 seconds
2015-12-01T12:38:21.866-0500: 10,781: Total time for which application threads were stopped: 0,0001844 seconds, Stopping threads took: 0,0000255 seconds
2015-12-01T12:38:21.877-0500: 10,793: Total time for which application threads were stopped: 0,0000569 seconds, Stopping threads took: 0,0000128 seconds
2015-12-01T12:38:21.885-0500: 10,801: Total time for which application threads were stopped: 0,0000893 seconds, Stopping threads took: 0,0000237 seconds
2015-12-01T12:38:21.888-0500: 10,804: Total time for which application threads were stopped: 0,0001708 seconds, Stopping threads took: 0,0000204 seconds
2015-12-01T12:38:21.982-0500: 10,898: Total time for which application threads were stopped: 0,0000869 seconds, Stopping threads took: 0,0000321 seconds
2015-12-01T12:38:21.983-0500: 10,899: Total time for which application threads were stopped: 0,0000481 seconds, Stopping threads took: 0,0000134 seconds
2015-12-01T12:38:21.985-0500: 10,901: Total time for which application threads were stopped: 0,0000831 seconds, Stopping threads took: 0,0000278 seconds
2015-12-01T12:38:21.986-0500: 10,902: Total time for which application threads were stopped: 0,0000468 seconds, Stopping threads took: 0,0000125 seconds
2015-12-01T12:38:22.016-0500: 10,932: Total time for which application threads were stopped: 0,0000729 seconds, Stopping threads took: 0,0000287 seconds
2015-12-01T12:38:22.016-0500: 10,932: Total time for which application threads were stopped: 0,0000509 seconds, Stopping threads took: 0,0000285 seconds
2015-12-01T12:38:22.016-0500: 10,932: Total time for which application threads were stopped: 0,0000986 seconds, Stopping threads took: 0,0000665 seconds
2015-12-01T12:38:22.017-0500: 10,932: Total time for which application threads were stopped: 0,0000386 seconds, Stopping threads took: 0,0000178 seconds
2015-12-01T12:38:22.017-0500: 10,933: Total time for which application threads were stopped: 0,0000453 seconds, Stopping threads took: 0,0000061 seconds
2015-12-01T12:38:22.017-0500: 10,933: Total time for which application threads were stopped: 0,0000592 seconds, Stopping threads took: 0,0000221 seconds
2015-12-01T12:38:22.024-0500: 10,940: Total time for which application threads were stopped: 0,0000643 seconds, Stopping threads took: 0,0000168 seconds
2015-12-01T12:38:22.024-0500: 10,940: Total time for which application threads were stopped: 0,0000369 seconds, Stopping threads took: 0,0000080 seconds
2015-12-01T12:38:22.025-0500: 10,941: Total time for which application threads were stopped: 0,0000522 seconds, Stopping threads took: 0,0000104 seconds
2015-12-01T12:38:22.095-0500: 11,011: Total time for which application threads were stopped: 0,0000618 seconds, Stopping threads took: 0,0000172 seconds
2015-12-01T12:38:22.095-0500: 11,011: Total time for which application threads were stopped: 0,0000539 seconds, Stopping threads took: 0,0000249 seconds
2015-12-01T12:38:22.095-0500: 11,011: Total time for which application threads were stopped: 0,0000466 seconds, Stopping threads took: 0,0000140 seconds
2015-12-01T12:38:22.138-0500: 11,054: Total time for which application threads were stopped: 0,0420767 seconds, Stopping threads took: 0,0419524 seconds
2015-12-01T12:38:22.139-0500: 11,054: Total time for which application threads were stopped: 0,0001337 seconds, Stopping threads took: 0,0000951 seconds
2015-12-01T12:38:22.139-0500: 11,055: Total time for which application threads were stopped: 0,0001090 seconds, Stopping threads took: 0,0000707 seconds
2015-12-01T12:38:22.139-0500: 11,055: Total time for which application threads were stopped: 0,0000606 seconds, Stopping threads took: 0,0000182 seconds
2015-12-01T12:38:22.139-0500: 11,055: Total time for which application threads were stopped: 0,0000852 seconds, Stopping threads took: 0,0000452 seconds
2015-12-01T12:38:22.140-0500: 11,056: Total time for which application threads were stopped: 0,0000623 seconds, Stopping threads took: 0,0000294 seconds
2015-12-01T12:38:22.140-0500: 11,056: Total time for which application threads were stopped: 0,0000261 seconds, Stopping threads took: 0,0000088 seconds
2015-12-01T12:38:22.140-0500: 11,056: Total time for which application threads were stopped: 0,0000660 seconds, Stopping threads took: 0,0000385 seconds
2015-12-01T12:38:22.140-0500: 11,056: Total time for which application threads were stopped: 0,0000426 seconds, Stopping threads took: 0,0000186 seconds
2015-12-01T12:38:22.218-0500: 11,134: Total time for which application threads were stopped: 0,0000816 seconds, Stopping threads took: 0,0000256 seconds
2015-12-01T12:38:22.219-0500: 11,135: Total time for which application threads were stopped: 0,0000370 seconds, Stopping threads took: 0,0000114 seconds
2015-12-01T12:38:22.223-0500: 11,139: Total time for which application threads were stopped: 0,0000977 seconds, Stopping threads took: 0,0000208 seconds
2015-12-01T12:38:22.224-0500: 11,140: Total time for which application threads were stopped: 0,0000639 seconds, Stopping threads took: 0,0000180 seconds
2015-12-01T12:38:22.566-0500: 11,481: Total time for which application threads were stopped: 0,0001451 seconds, Stopping threads took: 0,0000813 seconds
2015-12-01T12:38:22.566-0500: 11,482: Total time for which application threads were stopped: 0,0001721 seconds, Stopping threads took: 0,0001239 seconds
2015-12-01T12:38:22.566-0500: 11,482: Total time for which application threads were stopped: 0,0000435 seconds, Stopping threads took: 0,0000125 seconds
2015-12-01T12:38:22.567-0500: 11,482: Total time for which application threads were stopped: 0,0000356 seconds, Stopping threads took: 0,0000088 seconds
2015-12-01T12:38:22.571-0500: 11,487: Total time for which application threads were stopped: 0,0038578 seconds, Stopping threads took: 0,0037961 seconds
2015-12-01T12:38:22.571-0500: 11,487: Total time for which application threads were stopped: 0,0000316 seconds, Stopping threads took: 0,0000134 seconds
2015-12-01T12:38:22.571-0500: 11,487: Total time for which application threads were stopped: 0,0000221 seconds, Stopping threads took: 0,0000049 seconds
2015-12-01T12:38:22.682-0500: 11,598: Total time for which application threads were stopped: 0,0001343 seconds, Stopping threads took: 0,0000378 seconds
2015-12-01T12:38:22.736-0500: 11,652: Total time for which application threads were stopped: 0,0002850 seconds, Stopping threads took: 0,0002060 seconds
2015-12-01T12:38:22.736-0500: 11,652: Total time for which application threads were stopped: 0,0001846 seconds, Stopping threads took: 0,0001365 seconds
2015-12-01T12:38:22.824-0500: 11,740: Total time for which application threads were stopped: 0,0000897 seconds, Stopping threads took: 0,0000187 seconds
2015-12-01T12:38:22.825-0500: 11,741: Total time for which application threads were stopped: 0,0000417 seconds, Stopping threads took: 0,0000070 seconds
2015-12-01T12:38:22.825-0500: 11,741: Total time for which application threads were stopped: 0,0000885 seconds, Stopping threads took: 0,0000570 seconds
2015-12-01T12:38:22.825-0500: 11,741: Total time for which application threads were stopped: 0,0000231 seconds, Stopping threads took: 0,0000064 seconds
2015-12-01T12:38:22.825-0500: 11,741: Total time for which application threads were stopped: 0,0000423 seconds, Stopping threads took: 0,0000086 seconds
2015-12-01T12:38:22.825-0500: 11,741: Total time for which application threads were stopped: 0,0000299 seconds, Stopping threads took: 0,0000072 seconds
2015-12-01T12:38:22.826-0500: 11,742: Total time for which application threads were stopped: 0,0000972 seconds, Stopping threads took: 0,0000658 seconds
2015-12-01T12:38:22.826-0500: 11,742: Total time for which application threads were stopped: 0,0000410 seconds, Stopping threads took: 0,0000224 seconds
2015-12-01T12:38:22.828-0500: 11,743: Total time for which application threads were stopped: 0,0000710 seconds, Stopping threads took: 0,0000275 seconds
2015-12-01T12:38:22.828-0500: 11,744: Total time for which application threads were stopped: 0,0000844 seconds, Stopping threads took: 0,0000063 seconds
2015-12-01T12:38:23.023-0500: 11,939: Total time for which application threads were stopped: 0,0002111 seconds, Stopping threads took: 0,0000188 seconds
2015-12-01T12:38:23.024-0500: 11,940: Total time for which application threads were stopped: 0,0000453 seconds, Stopping threads took: 0,0000103 seconds
2015-12-01T12:38:23.024-0500: 11,940: Total time for which application threads were stopped: 0,0000452 seconds, Stopping threads took: 0,0000098 seconds
2015-12-01T12:38:23.024-0500: 11,940: Total time for which application threads were stopped: 0,0000413 seconds, Stopping threads took: 0,0000084 seconds
2015-12-01T12:38:23.024-0500: 11,940: Total time for which application threads were stopped: 0,0000618 seconds, Stopping threads took: 0,0000288 seconds
2015-12-01T12:38:23.024-0500: 11,940: Total time for which application threads were stopped: 0,0000442 seconds, Stopping threads took: 0,0000072 seconds
2015-12-01T12:38:23.025-0500: 11,940: Total time for which application threads were stopped: 0,0000658 seconds, Stopping threads took: 0,0000318 seconds
2015-12-01T12:38:23.025-0500: 11,941: Total time for which application threads were stopped: 0,0000567 seconds, Stopping threads took: 0,0000316 seconds
2015-12-01T12:38:23.025-0500: 11,941: Total time for which application threads were stopped: 0,0000453 seconds, Stopping threads took: 0,0000194 seconds
2015-12-01T12:38:23.025-0500: 11,941: Total time for which application threads were stopped: 0,0000338 seconds, Stopping threads took: 0,0000069 seconds
2015-12-01T12:38:23.025-0500: 11,941: Total time for which application threads were stopped: 0,0000381 seconds, Stopping threads took: 0,0000144 seconds
2015-12-01T12:38:24.025-0500: 12,941: Total time for which application threads were stopped: 0,0001792 seconds, Stopping threads took: 0,0000447 seconds
2015-12-01T12:38:56.029-0500: 44,945: Total time for which application threads were stopped: 0,0001197 seconds, Stopping threads took: 0,0000506 seconds
2015-12-01T12:39:07.030-0500: 55,946: Total time for which application threads were stopped: 0,0001429 seconds, Stopping threads took: 0,0000427 seconds
2015-12-01T12:39:08.606-0500: 57,522: Total time for which application threads were stopped: 0,0000731 seconds, Stopping threads took: 0,0000262 seconds
2015-12-01T12:39:08.606-0500: 57,522: Total time for which application threads were stopped: 0,0000385 seconds, Stopping threads took: 0,0000172 seconds
2015-12-01T12:39:08.616-0500: 57,532: Total time for which application threads were stopped: 0,0001491 seconds, Stopping threads took: 0,0001047 seconds
2015-12-01T12:39:08.618-0500: 57,533: Total time for which application threads were stopped: 0,0000589 seconds, Stopping threads took: 0,0000218 seconds
2015-12-01T12:39:08.618-0500: 57,534: Total time for which application threads were stopped: 0,0000755 seconds, Stopping threads took: 0,0000349 seconds
2015-12-01T12:39:08.618-0500: 57,534: Total time for which application threads were stopped: 0,0000610 seconds, Stopping threads took: 0,0000251 seconds
2015-12-01T12:39:08.618-0500: 57,534: Total time for which application threads were stopped: 0,0000507 seconds, Stopping threads took: 0,0000167 seconds
2015-12-01T12:39:08.618-0500: 57,534: Total time for which application threads were stopped: 0,0001187 seconds, Stopping threads took: 0,0000777 seconds
{Heap before GC invocations=1 (full 0):
 par new generation   total 109248K, used 93023K [0x00000000e0000000, 0x00000000e8000000, 0x00000000e8000000)
  eden space 87424K, 100% used [0x00000000e0000000, 0x00000000e5560000, 0x00000000e5560000)
  from space 21824K,  25% used [0x00000000e6ab0000, 0x00000000e7027c98, 0x00000000e8000000)
  to   space 21824K,   0% used [0x00000000e5560000, 0x00000000e5560000, 0x00000000e6ab0000)
 concurrent mark-sweep generation total 393216K, used 0K [0x00000000e8000000, 0x0000000100000000, 0x0000000100000000)
 Metaspace       used 20486K, capacity 20910K, committed 21120K, reserved 1067008K
  class space    used 2448K, capacity 2597K, committed 2688K, reserved 1048576K
2015-12-01T12:39:08.618-0500: 57,534: [GC (Allocation Failure) 2015-12-01T12:39:08.618-0500: 57,534: [ParNew
Desired survivor size 20112992 bytes, new threshold 8 (max 8)
- age   1:    9346504 bytes,    9346504 total
- age   2:    2496944 bytes,   11843448 total
: 93023K->14724K(109248K), 0,0164296 secs] 93023K->14724K(502464K), 0,0164971 secs] [Times: user=0,02 sys=0,03, real=0,02 secs] 
Heap after GC invocations=2 (full 0):
 par new generation   total 109248K, used 14724K [0x00000000e0000000, 0x00000000e8000000, 0x00000000e8000000)
  eden space 87424K,   0% used [0x00000000e0000000, 0x00000000e0000000, 0x00000000e5560000)
  from space 21824K,  67% used [0x00000000e5560000, 0x00000000e63c1000, 0x00000000e6ab0000)
  to   space 21824K,   0% used [0x00000000e6ab0000, 0x00000000e6ab0000, 0x00000000e8000000)
 concurrent mark-sweep generation total 393216K, used 0K [0x00000000e8000000, 0x0000000100000000, 0x0000000100000000)
 Metaspace       used 20486K, capacity 20910K, committed 21120K, reserved 1067008K
  class space    used 2448K, capacity 2597K, committed 2688K, reserved 1048576K
}
2015-12-01T12:39:08.635-0500: 57,551: Total time for which application threads were stopped: 0,0165928 seconds, Stopping threads took: 0,0000078 seconds
2015-12-01T12:39:08.635-0500: 57,551: Total time for which application threads were stopped: 0,0000777 seconds, Stopping threads took: 0,0000280 seconds
2015-12-01T12:39:08.637-0500: 57,553: Total time for which application threads were stopped: 0,0000496 seconds, Stopping threads took: 0,0000095 seconds
2015-12-01T12:39:08.638-0500: 57,554: Total time for which application threads were stopped: 0,0000608 seconds, Stopping threads took: 0,0000221 seconds
2015-12-01T12:39:08.638-0500: 57,554: Total time for which application threads were stopped: 0,0000900 seconds, Stopping threads took: 0,0000537 seconds
2015-12-01T12:39:08.638-0500: 57,554: Total time for which application threads were stopped: 0,0000771 seconds, Stopping threads took: 0,0000414 seconds
2015-12-01T12:39:08.638-0500: 57,554: Total time for which application threads were stopped: 0,0000691 seconds, Stopping threads took: 0,0000199 seconds
2015-12-01T12:39:08.638-0500: 57,554: Total time for which application threads were stopped: 0,0000409 seconds, Stopping threads took: 0,0000174 seconds
2015-12-01T12:39:08.639-0500: 57,555: Total time for which application threads were stopped: 0,0000411 seconds, Stopping threads took: 0,0000193 seconds
2015-12-01T12:39:08.639-0500: 57,555: Total time for which application threads were stopped: 0,0000677 seconds, Stopping threads took: 0,0000264 seconds
2015-12-01T12:39:08.657-0500: 57,573: Total time for which application threads were stopped: 0,0001173 seconds, Stopping threads took: 0,0000642 seconds
2015-12-01T12:39:08.657-0500: 57,573: Total time for which application threads were stopped: 0,0001262 seconds, Stopping threads took: 0,0000723 seconds
2015-12-01T12:39:08.658-0500: 57,574: Total time for which application threads were stopped: 0,0000354 seconds, Stopping threads took: 0,0000092 seconds
2015-12-01T12:39:08.659-0500: 57,575: Total time for which application threads were stopped: 0,0000533 seconds, Stopping threads took: 0,0000140 seconds
2015-12-01T12:39:08.659-0500: 57,575: Total time for which application threads were stopped: 0,0000428 seconds, Stopping threads took: 0,0000091 seconds
2015-12-01T12:39:08.659-0500: 57,575: Total time for which application threads were stopped: 0,0000591 seconds, Stopping threads took: 0,0000332 seconds
2015-12-01T12:39:08.660-0500: 57,576: Total time for which application threads were stopped: 0,0000348 seconds, Stopping threads took: 0,0000093 seconds
2015-12-01T12:39:08.660-0500: 57,576: Total time for which application threads were stopped: 0,0000379 seconds, Stopping threads took: 0,0000055 seconds
2015-12-01T12:39:08.660-0500: 57,576: Total time for which application threads were stopped: 0,0000589 seconds, Stopping threads took: 0,0000224 seconds
2015-12-01T12:39:08.660-0500: 57,576: Total time for which application threads were stopped: 0,0001484 seconds, Stopping threads took: 0,0000763 seconds
2015-12-01T12:39:08.660-0500: 57,576: Total time for which application threads were stopped: 0,0000961 seconds, Stopping threads took: 0,0000664 seconds
2015-12-01T12:39:08.663-0500: 57,578: Total time for which application threads were stopped: 0,0000584 seconds, Stopping threads took: 0,0000218 seconds
2015-12-01T12:39:08.664-0500: 57,580: Total time for which application threads were stopped: 0,0000743 seconds, Stopping threads took: 0,0000168 seconds
2015-12-01T12:39:08.664-0500: 57,580: Total time for which application threads were stopped: 0,0000442 seconds, Stopping threads took: 0,0000154 seconds
2015-12-01T12:39:08.665-0500: 57,581: Total time for which application threads were stopped: 0,0002500 seconds, Stopping threads took: 0,0002222 seconds
2015-12-01T12:39:08.667-0500: 57,583: Total time for which application threads were stopped: 0,0000636 seconds, Stopping threads took: 0,0000263 seconds
2015-12-01T12:39:08.667-0500: 57,583: Total time for which application threads were stopped: 0,0000399 seconds, Stopping threads took: 0,0000117 seconds
2015-12-01T12:39:08.681-0500: 57,597: Total time for which application threads were stopped: 0,0000639 seconds, Stopping threads took: 0,0000157 seconds
2015-12-01T12:39:08.681-0500: 57,597: Total time for which application threads were stopped: 0,0000316 seconds, Stopping threads took: 0,0000100 seconds
2015-12-01T12:39:08.681-0500: 57,597: Total time for which application threads were stopped: 0,0000247 seconds, Stopping threads took: 0,0000079 seconds
2015-12-01T12:39:08.681-0500: 57,597: Total time for which application threads were stopped: 0,0000440 seconds, Stopping threads took: 0,0000140 seconds
2015-12-01T12:39:08.696-0500: 57,612: Total time for which application threads were stopped: 0,0002077 seconds, Stopping threads took: 0,0000246 seconds
2015-12-01T12:39:08.723-0500: 57,639: Total time for which application threads were stopped: 0,0001203 seconds, Stopping threads took: 0,0000295 seconds
2015-12-01T12:39:08.774-0500: 57,689: Total time for which application threads were stopped: 0,0001305 seconds, Stopping threads took: 0,0000269 seconds
2015-12-01T12:39:08.826-0500: 57,742: Total time for which application threads were stopped: 0,0001023 seconds, Stopping threads took: 0,0000228 seconds
2015-12-01T12:39:08.835-0500: 57,751: Total time for which application threads were stopped: 0,0002402 seconds, Stopping threads took: 0,0000233 seconds
2015-12-01T12:39:08.853-0500: 57,769: Total time for which application threads were stopped: 0,0002913 seconds, Stopping threads took: 0,0000293 seconds
2015-12-01T12:39:08.880-0500: 57,796: Total time for which application threads were stopped: 0,0001297 seconds, Stopping threads took: 0,0000475 seconds
2015-12-01T12:39:08.915-0500: 57,831: Total time for which application threads were stopped: 0,0001158 seconds, Stopping threads took: 0,0000208 seconds
{Heap before GC invocations=2 (full 0):
 par new generation   total 109248K, used 102148K [0x00000000e0000000, 0x00000000e8000000, 0x00000000e8000000)
  eden space 87424K, 100% used [0x00000000e0000000, 0x00000000e5560000, 0x00000000e5560000)
  from space 21824K,  67% used [0x00000000e5560000, 0x00000000e63c1000, 0x00000000e6ab0000)
  to   space 21824K,   0% used [0x00000000e6ab0000, 0x00000000e6ab0000, 0x00000000e8000000)
 concurrent mark-sweep generation total 393216K, used 0K [0x00000000e8000000, 0x0000000100000000, 0x0000000100000000)
 Metaspace       used 22123K, capacity 22484K, committed 22548K, reserved 1069056K
  class space    used 2608K, capacity 2758K, committed 2764K, reserved 1048576K
2015-12-01T12:39:08.962-0500: 57,878: [GC (Allocation Failure) 2015-12-01T12:39:08.962-0500: 57,878: [ParNew
Desired survivor size 20112992 bytes, new threshold 8 (max 8)
- age   1:    2867968 bytes,    2867968 total
- age   2:    3669832 bytes,    6537800 total
- age   3:    2470776 bytes,    9008576 total
: 102148K->11992K(109248K), 0,0104338 secs] 102148K->11992K(502464K), 0,0105110 secs] [Times: user=0,03 sys=0,01, real=0,01 secs] 
Heap after GC invocations=3 (full 0):
 par new generation   total 109248K, used 11992K [0x00000000e0000000, 0x00000000e8000000, 0x00000000e8000000)
  eden space 87424K,   0% used [0x00000000e0000000, 0x00000000e0000000, 0x00000000e5560000)
  from space 21824K,  54% used [0x00000000e6ab0000, 0x00000000e7666368, 0x00000000e8000000)
  to   space 21824K,   0% used [0x00000000e5560000, 0x00000000e5560000, 0x00000000e6ab0000)
 concurrent mark-sweep generation total 393216K, used 0K [0x00000000e8000000, 0x0000000100000000, 0x0000000100000000)
 Metaspace       used 22123K, capacity 22484K, committed 22548K, reserved 1069056K
  class space    used 2608K, capacity 2758K, committed 2764K, reserved 1048576K
}
2015-12-01T12:39:08.973-0500: 57,889: Total time for which application threads were stopped: 0,0106674 seconds, Stopping threads took: 0,0000278 seconds
2015-12-01T12:39:08.973-0500: 57,889: [GC (CMS Initial Mark) [1 CMS-initial-mark: 0K(393216K)] 12024K(502464K), 0,0023261 secs] [Times: user=0,01 sys=0,00, real=0,00 secs] 
2015-12-01T12:39:08.975-0500: 57,891: Total time for which application threads were stopped: 0,0024477 seconds, Stopping threads took: 0,0000283 seconds
2015-12-01T12:39:08.976-0500: 57,892: Total time for which application threads were stopped: 0,0001313 seconds, Stopping threads took: 0,0000783 seconds
2015-12-01T12:39:08.976-0500: 57,892: [CMS-concurrent-mark-start]
2015-12-01T12:39:08.976-0500: 57,892: [CMS-concurrent-mark: 0,000/0,000 secs] [Times: user=0,00 sys=0,00, real=0,00 secs] 
2015-12-01T12:39:08.980-0500: 57,896: Total time for which application threads were stopped: 0,0034890 seconds, Stopping threads took: 0,0034231 seconds
2015-12-01T12:39:08.980-0500: 57,896: [CMS-concurrent-preclean-start]
2015-12-01T12:39:08.980-0500: 57,896: Total time for which application threads were stopped: 0,0000805 seconds, Stopping threads took: 0,0000374 seconds
2015-12-01T12:39:08.980-0500: 57,896: Total time for which application threads were stopped: 0,0000587 seconds, Stopping threads took: 0,0000087 seconds
2015-12-01T12:39:08.981-0500: 57,897: [CMS-concurrent-preclean: 0,001/0,001 secs] [Times: user=0,00 sys=0,00, real=0,00 secs] 
2015-12-01T12:39:08.981-0500: 57,897: [GC (CMS Final Remark) [YG occupancy: 13165 K (109248 K)]{Heap before GC invocations=3 (full 1):
 par new generation   total 109248K, used 13165K [0x00000000e0000000, 0x00000000e8000000, 0x00000000e8000000)
  eden space 87424K,   1% used [0x00000000e0000000, 0x00000000e01251a0, 0x00000000e5560000)
  from space 21824K,  54% used [0x00000000e6ab0000, 0x00000000e7666368, 0x00000000e8000000)
  to   space 21824K,   0% used [0x00000000e5560000, 0x00000000e5560000, 0x00000000e6ab0000)
 concurrent mark-sweep generation total 393216K, used 0K [0x00000000e8000000, 0x0000000100000000, 0x0000000100000000)
 Metaspace       used 22125K, capacity 22484K, committed 22548K, reserved 1069056K
  class space    used 2608K, capacity 2758K, committed 2764K, reserved 1048576K
2015-12-01T12:39:08.981-0500: 57,897: [GC (CMS Final Remark) 2015-12-01T12:39:08.981-0500: 57,897: [ParNew
Desired survivor size 20112992 bytes, new threshold 8 (max 8)
- age   1:     449760 bytes,     449760 total
- age   2:    1684384 bytes,    2134144 total
- age   3:    3669240 bytes,    5803384 total
- age   4:    2470968 bytes,    8274352 total
: 13165K->11394K(109248K), 0,0066245 secs] 13165K->11394K(502464K), 0,0066731 secs] [Times: user=0,02 sys=0,00, real=0,00 secs] 
Heap after GC invocations=4 (full 1):
 par new generation   total 109248K, used 11394K [0x00000000e0000000, 0x00000000e8000000, 0x00000000e8000000)
  eden space 87424K,   0% used [0x00000000e0000000, 0x00000000e0000000, 0x00000000e5560000)
  from space 21824K,  52% used [0x00000000e5560000, 0x00000000e6080b40, 0x00000000e6ab0000)
  to   space 21824K,   0% used [0x00000000e6ab0000, 0x00000000e6ab0000, 0x00000000e8000000)
 concurrent mark-sweep generation total 393216K, used 0K [0x00000000e8000000, 0x0000000100000000, 0x0000000100000000)
 Metaspace       used 22125K, capacity 22484K, committed 22548K, reserved 1069056K
  class space    used 2608K, capacity 2758K, committed 2764K, reserved 1048576K
}
2015-12-01T12:39:08.988-0500: 57,904: [Rescan (parallel) , 0,0017667 secs]2015-12-01T12:39:08.989-0500: 57,905: [weak refs processing, 0,0004114 secs]2015-12-01T12:39:08.990-0500: 57,906: [class unloading, 0,0025422 secs]2015-12-01T12:39:08.992-0500: 57,908: [scrub symbol table, 0,0022191 secs]2015-12-01T12:39:08.995-0500: 57,911: [scrub string table, 0,0003320 secs][1 CMS-remark: 0K(393216K)] 11394K(502464K), 0,0147009 secs] [Times: user=0,04 sys=0,00, real=0,01 secs] 
2015-12-01T12:39:08.996-0500: 57,912: Total time for which application threads were stopped: 0,0147948 seconds, Stopping threads took: 0,0000284 seconds
2015-12-01T12:39:08.996-0500: 57,912: [CMS-concurrent-sweep-start]
2015-12-01T12:39:08.996-0500: 57,912: [CMS-concurrent-sweep: 0,000/0,000 secs] [Times: user=0,00 sys=0,00, real=0,00 secs] 
2015-12-01T12:39:08.996-0500: 57,912: [CMS-concurrent-reset-start]
2015-12-01T12:39:09.002-0500: 57,918: [CMS-concurrent-reset: 0,006/0,006 secs] [Times: user=0,01 sys=0,01, real=0,01 secs] 
2015-12-01T12:39:09.002-0500: 57,918: Total time for which application threads were stopped: 0,0001013 seconds, Stopping threads took: 0,0000221 seconds
2015-12-01T12:39:09.085-0500: 58,001: Total time for which application threads were stopped: 0,0001815 seconds, Stopping threads took: 0,0000668 seconds
{Heap before GC invocations=4 (full 1):
 par new generation   total 109248K, used 98818K [0x00000000e0000000, 0x00000000e8000000, 0x00000000e8000000)
  eden space 87424K, 100% used [0x00000000e0000000, 0x00000000e5560000, 0x00000000e5560000)
  from space 21824K,  52% used [0x00000000e5560000, 0x00000000e6080b40, 0x00000000e6ab0000)
  to   space 21824K,   0% used [0x00000000e6ab0000, 0x00000000e6ab0000, 0x00000000e8000000)
 concurrent mark-sweep generation total 393216K, used 0K [0x00000000e8000000, 0x0000000100000000, 0x0000000100000000)
 Metaspace       used 23018K, capacity 23310K, committed 23628K, reserved 1071104K
  class space    used 2729K, capacity 2859K, committed 2892K, reserved 1048576K
2015-12-01T12:39:09.155-0500: 58,071: [GC (Allocation Failure) 2015-12-01T12:39:09.155-0500: 58,071: [ParNew
Desired survivor size 20112992 bytes, new threshold 8 (max 8)
- age   1:     881960 bytes,     881960 total
- age   3:    1656008 bytes,    2537968 total
- age   4:    3665064 bytes,    6203032 total
- age   5:    2469456 bytes,    8672488 total
: 98818K->11135K(109248K), 0,0079924 secs] 98818K->11135K(502464K), 0,0080558 secs] [Times: user=0,02 sys=0,00, real=0,01 secs] 
Heap after GC invocations=5 (full 1):
 par new generation   total 109248K, used 11135K [0x00000000e0000000, 0x00000000e8000000, 0x00000000e8000000)
  eden space 87424K,   0% used [0x00000000e0000000, 0x00000000e0000000, 0x00000000e5560000)
  from space 21824K,  51% used [0x00000000e6ab0000, 0x00000000e758ffc0, 0x00000000e8000000)
  to   space 21824K,   0% used [0x00000000e5560000, 0x00000000e5560000, 0x00000000e6ab0000)
 concurrent mark-sweep generation total 393216K, used 0K [0x00000000e8000000, 0x0000000100000000, 0x0000000100000000)
 Metaspace       used 23018K, capacity 23310K, committed 23628K, reserved 1071104K
  class space    used 2729K, capacity 2859K, committed 2892K, reserved 1048576K
}
2015-12-01T12:39:09.163-0500: 58,079: Total time for which application threads were stopped: 0,0082332 seconds, Stopping threads took: 0,0000350 seconds
2015-12-01T12:39:09.164-0500: 58,080: Total time for which application threads were stopped: 0,0001072 seconds, Stopping threads took: 0,0000349 seconds
2015-12-01T12:39:09.192-0500: 58,107: Total time for which application threads were stopped: 0,0000971 seconds, Stopping threads took: 0,0000181 seconds
2015-12-01T12:39:09.196-0500: 58,112: Total time for which application threads were stopped: 0,0001698 seconds, Stopping threads took: 0,0000995 seconds
2015-12-01T12:39:09.196-0500: 58,112: Total time for which application threads were stopped: 0,0000799 seconds, Stopping threads took: 0,0000259 seconds
2015-12-01T12:39:09.197-0500: 58,113: Total time for which application threads were stopped: 0,0000498 seconds, Stopping threads took: 0,0000178 seconds
2015-12-01T12:39:09.198-0500: 58,114: Total time for which application threads were stopped: 0,0001317 seconds, Stopping threads took: 0,0000799 seconds
2015-12-01T12:39:09.314-0500: 58,230: Total time for which application threads were stopped: 0,0003611 seconds, Stopping threads took: 0,0000425 seconds
2015-12-01T12:39:09.323-0500: 58,238: Total time for which application threads were stopped: 0,0002879 seconds, Stopping threads took: 0,0000221 seconds
2015-12-01T12:39:09.486-0500: 58,402: Total time for which application threads were stopped: 0,0002204 seconds, Stopping threads took: 0,0001026 seconds
2015-12-01T12:39:09.486-0500: 58,402: Total time for which application threads were stopped: 0,0001385 seconds, Stopping threads took: 0,0000543 seconds
2015-12-01T12:39:09.490-0500: 58,406: Total time for which application threads were stopped: 0,0000682 seconds, Stopping threads took: 0,0000233 seconds
2015-12-01T12:39:09.612-0500: 58,528: Total time for which application threads were stopped: 0,0001183 seconds, Stopping threads took: 0,0000254 seconds
2015-12-01T12:39:09.637-0500: 58,553: Total time for which application threads were stopped: 0,0002521 seconds, Stopping threads took: 0,0001527 seconds
2015-12-01T12:39:09.689-0500: 58,605: Total time for which application threads were stopped: 0,0001836 seconds, Stopping threads took: 0,0001031 seconds
2015-12-01T12:39:09.689-0500: 58,605: Total time for which application threads were stopped: 0,0000878 seconds, Stopping threads took: 0,0000525 seconds
2015-12-01T12:39:09.700-0500: 58,616: Total time for which application threads were stopped: 0,0000903 seconds, Stopping threads took: 0,0000344 seconds
2015-12-01T12:39:09.700-0500: 58,616: Total time for which application threads were stopped: 0,0000951 seconds, Stopping threads took: 0,0000652 seconds
2015-12-01T12:39:10.701-0500: 59,617: Total time for which application threads were stopped: 0,0001280 seconds, Stopping threads took: 0,0000370 seconds
2015-12-01T12:39:13.266-0500: 62,182: Total time for which application threads were stopped: 0,0001260 seconds, Stopping threads took: 0,0000641 seconds
2015-12-01T12:39:17.252-0500: 66,168: Total time for which application threads were stopped: 0,0000904 seconds, Stopping threads took: 0,0000250 seconds
2015-12-01T12:39:17.252-0500: 66,168: Total time for which application threads were stopped: 0,0000492 seconds, Stopping threads took: 0,0000152 seconds
2015-12-01T12:39:18.253-0500: 67,169: Total time for which application threads were stopped: 0,0004380 seconds, Stopping threads took: 0,0000981 seconds
2015-12-01T12:39:28.254-0500: 77,170: Total time for which application threads were stopped: 0,0000710 seconds, Stopping threads took: 0,0000233 seconds
2015-12-01T12:39:39.255-0500: 88,171: Total time for which application threads were stopped: 0,0000664 seconds, Stopping threads took: 0,0000180 seconds
2015-12-01T12:40:08.660-0500: 117,576: Total time for which application threads were stopped: 0,0001336 seconds, Stopping threads took: 0,0000462 seconds
2015-12-01T12:40:08.662-0500: 117,578: Total time for which application threads were stopped: 0,0000759 seconds, Stopping threads took: 0,0000180 seconds
2015-12-01T12:42:46.681-0500: 275,597: Total time for which application threads were stopped: 0,0001986 seconds, Stopping threads took: 0,0000702 seconds
2015-12-01T12:43:30.686-0500: 319,602: Total time for which application threads were stopped: 0,0001170 seconds, Stopping threads took: 0,0000468 seconds
2015-12-01T12:43:41.688-0500: 330,604: Total time for which application threads were stopped: 0,0001726 seconds, Stopping threads took: 0,0000669 seconds
2015-12-01T12:44:03.691-0500: 352,607: Total time for which application threads were stopped: 0,0002397 seconds, Stopping threads took: 0,0000768 seconds
2015-12-01T12:44:14.692-0500: 363,608: Total time for which application threads were stopped: 0,0000802 seconds, Stopping threads took: 0,0000224 seconds
2015-12-01T12:44:25.694-0500: 374,610: Total time for which application threads were stopped: 0,0000668 seconds, Stopping threads took: 0,0000212 seconds
2015-12-01T12:44:35.568-0500: 384,484: Total time for which application threads were stopped: 0,0000953 seconds, Stopping threads took: 0,0000270 seconds
2015-12-01T12:44:35.568-0500: 384,484: Total time for which application threads were stopped: 0,0000286 seconds, Stopping threads took: 0,0000062 seconds
2015-12-01T12:44:35.568-0500: 384,484: Total time for which application threads were stopped: 0,0000228 seconds, Stopping threads took: 0,0000048 seconds
2015-12-01T12:44:35.568-0500: 384,484: Total time for which application threads were stopped: 0,0000241 seconds, Stopping threads took: 0,0000050 seconds
2015-12-01T12:44:35.568-0500: 384,484: Total time for which application threads were stopped: 0,0000232 seconds, Stopping threads took: 0,0000050 seconds
2015-12-01T12:44:35.569-0500: 384,485: Total time for which application threads were stopped: 0,0000336 seconds, Stopping threads took: 0,0000075 seconds
2015-12-01T12:44:35.586-0500: 384,502: Total time for which application threads were stopped: 0,0000692 seconds, Stopping threads took: 0,0000152 seconds
2015-12-01T12:44:35.586-0500: 384,502: Total time for which application threads were stopped: 0,0000437 seconds, Stopping threads took: 0,0000138 seconds
2015-12-01T12:44:35.587-0500: 384,503: Total time for which application threads were stopped: 0,0000423 seconds, Stopping threads took: 0,0000123 seconds
2015-12-01T12:44:35.587-0500: 384,503: Total time for which application threads were stopped: 0,0000471 seconds, Stopping threads took: 0,0000124 seconds
2015-12-01T12:44:35.588-0500: 384,504: Total time for which application threads were stopped: 0,0000506 seconds, Stopping threads took: 0,0000123 seconds
2015-12-01T12:44:35.589-0500: 384,504: Total time for which application threads were stopped: 0,0000444 seconds, Stopping threads took: 0,0000117 seconds
2015-12-01T12:44:35.600-0500: 384,515: Total time for which application threads were stopped: 0,0002845 seconds, Stopping threads took: 0,0002290 seconds
2015-12-01T12:44:35.600-0500: 384,516: Total time for which application threads were stopped: 0,0000995 seconds, Stopping threads took: 0,0000514 seconds
2015-12-01T12:44:35.601-0500: 384,517: Total time for which application threads were stopped: 0,0000483 seconds, Stopping threads took: 0,0000189 seconds
2015-12-01T12:44:35.604-0500: 384,520: Total time for which application threads were stopped: 0,0001024 seconds, Stopping threads took: 0,0000239 seconds
2015-12-01T12:44:35.604-0500: 384,520: Total time for which application threads were stopped: 0,0000583 seconds, Stopping threads took: 0,0000119 seconds
2015-12-01T12:44:35.606-0500: 384,522: Total time for which application threads were stopped: 0,0000745 seconds, Stopping threads took: 0,0000147 seconds
2015-12-01T12:44:36.606-0500: 385,522: Total time for which application threads were stopped: 0,0001881 seconds, Stopping threads took: 0,0000459 seconds
2015-12-01T12:44:36.815-0500: 385,731: Total time for which application threads were stopped: 0,0000776 seconds, Stopping threads took: 0,0000184 seconds
2015-12-01T12:44:36.815-0500: 385,731: Total time for which application threads were stopped: 0,0000485 seconds, Stopping threads took: 0,0000204 seconds
2015-12-01T12:44:36.843-0500: 385,759: Total time for which application threads were stopped: 0,0000844 seconds, Stopping threads took: 0,0000157 seconds
2015-12-01T12:44:36.844-0500: 385,760: Total time for which application threads were stopped: 0,0000732 seconds, Stopping threads took: 0,0000231 seconds
2015-12-01T12:44:36.844-0500: 385,760: Total time for which application threads were stopped: 0,0000282 seconds, Stopping threads took: 0,0000070 seconds
2015-12-01T12:44:36.844-0500: 385,760: Total time for which application threads were stopped: 0,0000239 seconds, Stopping threads took: 0,0000064 seconds
2015-12-01T12:44:36.845-0500: 385,761: Total time for which application threads were stopped: 0,0001420 seconds, Stopping threads took: 0,0001019 seconds
2015-12-01T12:44:36.857-0500: 385,773: Total time for which application threads were stopped: 0,0001428 seconds, Stopping threads took: 0,0000185 seconds
2015-12-01T12:44:36.857-0500: 385,773: Total time for which application threads were stopped: 0,0000625 seconds, Stopping threads took: 0,0000311 seconds
2015-12-01T12:44:36.862-0500: 385,778: Total time for which application threads were stopped: 0,0000741 seconds, Stopping threads took: 0,0000193 seconds
2015-12-01T12:44:36.868-0500: 385,784: Total time for which application threads were stopped: 0,0000915 seconds, Stopping threads took: 0,0000196 seconds
2015-12-01T12:44:36.869-0500: 385,785: Total time for which application threads were stopped: 0,0000416 seconds, Stopping threads took: 0,0000118 seconds
2015-12-01T12:44:36.886-0500: 385,802: Total time for which application threads were stopped: 0,0001043 seconds, Stopping threads took: 0,0000490 seconds
2015-12-01T12:44:36.886-0500: 385,802: Total time for which application threads were stopped: 0,0000399 seconds, Stopping threads took: 0,0000120 seconds
2015-12-01T12:44:37.874-0500: 386,790: Total time for which application threads were stopped: 0,0001034 seconds, Stopping threads took: 0,0000161 seconds
2015-12-01T12:44:37.874-0500: 386,790: Total time for which application threads were stopped: 0,0000420 seconds, Stopping threads took: 0,0000060 seconds
2015-12-01T12:44:37.874-0500: 386,790: Total time for which application threads were stopped: 0,0000377 seconds, Stopping threads took: 0,0000051 seconds
2015-12-01T12:44:37.874-0500: 386,790: Total time for which application threads were stopped: 0,0000287 seconds, Stopping threads took: 0,0000058 seconds
2015-12-01T12:44:37.874-0500: 386,790: Total time for which application threads were stopped: 0,0000508 seconds, Stopping threads took: 0,0000132 seconds
2015-12-01T12:44:37.877-0500: 386,793: Total time for which application threads were stopped: 0,0000789 seconds, Stopping threads took: 0,0000222 seconds
2015-12-01T12:44:37.877-0500: 386,793: Total time for which application threads were stopped: 0,0000326 seconds, Stopping threads took: 0,0000095 seconds
2015-12-01T12:44:37.877-0500: 386,793: Total time for which application threads were stopped: 0,0001564 seconds, Stopping threads took: 0,0001257 seconds
2015-12-01T12:44:37.877-0500: 386,793: Total time for which application threads were stopped: 0,0000478 seconds, Stopping threads took: 0,0000162 seconds
2015-12-01T12:44:37.884-0500: 386,800: Total time for which application threads were stopped: 0,0000864 seconds, Stopping threads took: 0,0000219 seconds
2015-12-01T12:44:38.884-0500: 387,800: Total time for which application threads were stopped: 0,0001173 seconds, Stopping threads took: 0,0000286 seconds
2015-12-01T12:44:39.708-0500: 388,624: Total time for which application threads were stopped: 0,0001235 seconds, Stopping threads took: 0,0000278 seconds
{Heap before GC invocations=5 (full 1):
 par new generation   total 109248K, used 98559K [0x00000000e0000000, 0x00000000e8000000, 0x00000000e8000000)
  eden space 87424K, 100% used [0x00000000e0000000, 0x00000000e5560000, 0x00000000e5560000)
  from space 21824K,  51% used [0x00000000e6ab0000, 0x00000000e758ffc0, 0x00000000e8000000)
  to   space 21824K,   0% used [0x00000000e5560000, 0x00000000e5560000, 0x00000000e6ab0000)
 concurrent mark-sweep generation total 393216K, used 0K [0x00000000e8000000, 0x0000000100000000, 0x0000000100000000)
 Metaspace       used 28186K, capacity 28528K, committed 28876K, reserved 1075200K
  class space    used 3321K, capacity 3468K, committed 3532K, reserved 1048576K
2015-12-01T12:44:39.727-0500: 388,642: [GC (Allocation Failure) 2015-12-01T12:44:39.727-0500: 388,643: [ParNew
Desired survivor size 20112992 bytes, new threshold 8 (max 8)
- age   1:    8316336 bytes,    8316336 total
- age   2:     183360 bytes,    8499696 total
- age   4:     920584 bytes,    9420280 total
- age   5:    3504496 bytes,   12924776 total
- age   6:    2455688 bytes,   15380464 total
: 98559K->17157K(109248K), 0,0143096 secs] 98559K->17157K(502464K), 0,0144235 secs] [Times: user=0,03 sys=0,01, real=0,02 secs] 
Heap after GC invocations=6 (full 1):
 par new generation   total 109248K, used 17157K [0x00000000e0000000, 0x00000000e8000000, 0x00000000e8000000)
  eden space 87424K,   0% used [0x00000000e0000000, 0x00000000e0000000, 0x00000000e5560000)
  from space 21824K,  78% used [0x00000000e5560000, 0x00000000e6621780, 0x00000000e6ab0000)
  to   space 21824K,   0% used [0x00000000e6ab0000, 0x00000000e6ab0000, 0x00000000e8000000)
 concurrent mark-sweep generation total 393216K, used 0K [0x00000000e8000000, 0x0000000100000000, 0x0000000100000000)
 Metaspace       used 28186K, capacity 28528K, committed 28876K, reserved 1075200K
  class space    used 3321K, capacity 3468K, committed 3532K, reserved 1048576K
}
2015-12-01T12:44:39.741-0500: 388,657: Total time for which application threads were stopped: 0,0146655 seconds, Stopping threads took: 0,0000785 seconds
2015-12-01T12:44:39.743-0500: 388,659: Total time for which application threads were stopped: 0,0003945 seconds, Stopping threads took: 0,0003298 seconds
2015-12-01T12:44:39.743-0500: 388,659: Total time for which application threads were stopped: 0,0000818 seconds, Stopping threads took: 0,0000334 seconds
2015-12-01T12:44:39.743-0500: 388,659: Total time for which application threads were stopped: 0,0000402 seconds, Stopping threads took: 0,0000165 seconds
2015-12-01T12:44:39.744-0500: 388,659: Total time for which application threads were stopped: 0,0000407 seconds, Stopping threads took: 0,0000146 seconds
2015-12-01T12:44:39.747-0500: 388,663: Total time for which application threads were stopped: 0,0000964 seconds, Stopping threads took: 0,0000372 seconds
2015-12-01T12:44:39.747-0500: 388,663: Total time for which application threads were stopped: 0,0000598 seconds, Stopping threads took: 0,0000213 seconds
2015-12-01T12:44:39.782-0500: 388,698: Total time for which application threads were stopped: 0,0001008 seconds, Stopping threads took: 0,0000246 seconds
2015-12-01T12:44:40.782-0500: 389,698: Total time for which application threads were stopped: 0,0001914 seconds, Stopping threads took: 0,0000443 seconds
2015-12-01T12:45:28.789-0500: 437,705: Total time for which application threads were stopped: 0,0002000 seconds, Stopping threads took: 0,0000752 seconds
2015-12-01T12:45:31.253-0500: 440,169: Total time for which application threads were stopped: 0,0002284 seconds, Stopping threads took: 0,0000823 seconds
2015-12-01T12:45:31.253-0500: 440,169: Total time for which application threads were stopped: 0,0001182 seconds, Stopping threads took: 0,0000392 seconds
2015-12-01T12:45:37.885-0500: 446,801: Total time for which application threads were stopped: 0,0002239 seconds, Stopping threads took: 0,0000756 seconds
2015-12-01T12:46:03.565-0500: 472,481: Total time for which application threads were stopped: 0,0001079 seconds, Stopping threads took: 0,0000327 seconds
2015-12-01T12:46:03.565-0500: 472,481: Total time for which application threads were stopped: 0,0000653 seconds, Stopping threads took: 0,0000148 seconds
2015-12-01T12:46:03.565-0500: 472,481: Total time for which application threads were stopped: 0,0000468 seconds, Stopping threads took: 0,0000133 seconds
2015-12-01T12:46:03.566-0500: 472,482: Total time for which application threads were stopped: 0,0000431 seconds, Stopping threads took: 0,0000082 seconds
2015-12-01T12:46:03.566-0500: 472,482: Total time for which application threads were stopped: 0,0000387 seconds, Stopping threads took: 0,0000081 seconds
2015-12-01T12:46:03.568-0500: 472,484: Total time for which application threads were stopped: 0,0000744 seconds, Stopping threads took: 0,0000176 seconds
2015-12-01T12:46:03.568-0500: 472,484: Total time for which application threads were stopped: 0,0000460 seconds, Stopping threads took: 0,0000083 seconds
2015-12-01T12:46:03.569-0500: 472,485: Total time for which application threads were stopped: 0,0000614 seconds, Stopping threads took: 0,0000136 seconds
2015-12-01T12:46:03.569-0500: 472,485: Total time for which application threads were stopped: 0,0000450 seconds, Stopping threads took: 0,0000141 seconds
2015-12-01T12:46:03.569-0500: 472,485: Total time for which application threads were stopped: 0,0000796 seconds, Stopping threads took: 0,0000090 seconds
2015-12-01T12:46:03.569-0500: 472,485: Total time for which application threads were stopped: 0,0000388 seconds, Stopping threads took: 0,0000071 seconds
2015-12-01T12:46:03.570-0500: 472,485: Total time for which application threads were stopped: 0,0000412 seconds, Stopping threads took: 0,0000118 seconds
2015-12-01T12:46:03.570-0500: 472,486: Total time for which application threads were stopped: 0,0000383 seconds, Stopping threads took: 0,0000103 seconds
2015-12-01T12:46:03.577-0500: 472,493: Total time for which application threads were stopped: 0,0000837 seconds, Stopping threads took: 0,0000207 seconds
2015-12-01T12:46:03.685-0500: 472,601: Total time for which application threads were stopped: 0,0003285 seconds, Stopping threads took: 0,0000883 seconds
2015-12-01T12:46:03.686-0500: 472,602: Total time for which application threads were stopped: 0,0000577 seconds, Stopping threads took: 0,0000082 seconds
2015-12-01T12:46:03.686-0500: 472,602: Total time for which application threads were stopped: 0,0001517 seconds, Stopping threads took: 0,0000304 seconds
2015-12-01T12:46:03.686-0500: 472,602: Total time for which application threads were stopped: 0,0000359 seconds, Stopping threads took: 0,0000102 seconds
2015-12-01T12:46:03.689-0500: 472,605: Total time for which application threads were stopped: 0,0001273 seconds, Stopping threads took: 0,0000611 seconds
2015-12-01T12:46:03.689-0500: 472,605: Total time for which application threads were stopped: 0,0001529 seconds, Stopping threads took: 0,0000220 seconds
2015-12-01T12:46:03.708-0500: 472,623: Total time for which application threads were stopped: 0,0000824 seconds, Stopping threads took: 0,0000202 seconds
2015-12-01T12:46:03.708-0500: 472,624: Total time for which application threads were stopped: 0,0000698 seconds, Stopping threads took: 0,0000372 seconds
2015-12-01T12:46:03.709-0500: 472,625: Total time for which application threads were stopped: 0,0012227 seconds, Stopping threads took: 0,0010218 seconds
2015-12-01T12:46:03.710-0500: 472,626: Total time for which application threads were stopped: 0,0004130 seconds, Stopping threads took: 0,0002820 seconds
2015-12-01T12:46:03.710-0500: 472,626: Total time for which application threads were stopped: 0,0000715 seconds, Stopping threads took: 0,0000415 seconds
2015-12-01T12:46:03.711-0500: 472,627: Total time for which application threads were stopped: 0,0000619 seconds, Stopping threads took: 0,0000205 seconds
2015-12-01T12:46:03.712-0500: 472,628: Total time for which application threads were stopped: 0,0000755 seconds, Stopping threads took: 0,0000121 seconds
2015-12-01T12:46:03.712-0500: 472,628: Total time for which application threads were stopped: 0,0001329 seconds, Stopping threads took: 0,0000572 seconds
2015-12-01T12:46:03.712-0500: 472,628: Total time for which application threads were stopped: 0,0000665 seconds, Stopping threads took: 0,0000182 seconds
2015-12-01T12:46:03.713-0500: 472,629: Total time for which application threads were stopped: 0,0000647 seconds, Stopping threads took: 0,0000248 seconds
2015-12-01T12:46:03.715-0500: 472,631: Total time for which application threads were stopped: 0,0000995 seconds, Stopping threads took: 0,0000242 seconds
2015-12-01T12:46:03.933-0500: 472,849: Total time for which application threads were stopped: 0,0004803 seconds, Stopping threads took: 0,0001389 seconds
2015-12-01T12:46:03.933-0500: 472,849: Total time for which application threads were stopped: 0,0000413 seconds, Stopping threads took: 0,0000113 seconds
2015-12-01T12:46:03.933-0500: 472,849: Total time for which application threads were stopped: 0,0000329 seconds, Stopping threads took: 0,0000085 seconds
2015-12-01T12:46:03.933-0500: 472,849: Total time for which application threads were stopped: 0,0000315 seconds, Stopping threads took: 0,0000080 seconds
2015-12-01T12:46:03.933-0500: 472,849: Total time for which application threads were stopped: 0,0000314 seconds, Stopping threads took: 0,0000080 seconds
2015-12-01T12:46:03.935-0500: 472,851: Total time for which application threads were stopped: 0,0003313 seconds, Stopping threads took: 0,0002531 seconds
2015-12-01T12:46:03.935-0500: 472,851: Total time for which application threads were stopped: 0,0000344 seconds, Stopping threads took: 0,0000056 seconds
2015-12-01T12:46:03.935-0500: 472,851: Total time for which application threads were stopped: 0,0000299 seconds, Stopping threads took: 0,0000037 seconds
2015-12-01T12:46:03.935-0500: 472,851: Total time for which application threads were stopped: 0,0000289 seconds, Stopping threads took: 0,0000035 seconds
2015-12-01T12:46:03.935-0500: 472,851: Total time for which application threads were stopped: 0,0000291 seconds, Stopping threads took: 0,0000035 seconds
2015-12-01T12:46:03.993-0500: 472,909: Total time for which application threads were stopped: 0,0001191 seconds, Stopping threads took: 0,0000318 seconds
2015-12-01T12:46:03.995-0500: 472,911: Total time for which application threads were stopped: 0,0000862 seconds, Stopping threads took: 0,0000250 seconds
2015-12-01T12:46:03.995-0500: 472,911: Total time for which application threads were stopped: 0,0000909 seconds, Stopping threads took: 0,0000060 seconds
2015-12-01T12:46:03.996-0500: 472,912: Total time for which application threads were stopped: 0,0000512 seconds, Stopping threads took: 0,0000089 seconds
2015-12-01T12:46:04.005-0500: 472,921: Total time for which application threads were stopped: 0,0001014 seconds, Stopping threads took: 0,0000276 seconds
2015-12-01T12:46:04.198-0500: 473,113: Total time for which application threads were stopped: 0,0001068 seconds, Stopping threads took: 0,0000169 seconds
2015-12-01T12:46:04.198-0500: 473,114: Total time for which application threads were stopped: 0,0000355 seconds, Stopping threads took: 0,0000079 seconds
2015-12-01T12:46:04.203-0500: 473,119: Total time for which application threads were stopped: 0,0003464 seconds, Stopping threads took: 0,0002478 seconds
2015-12-01T12:46:04.204-0500: 473,120: Total time for which application threads were stopped: 0,0001067 seconds, Stopping threads took: 0,0000507 seconds
2015-12-01T12:46:05.204-0500: 474,120: Total time for which application threads were stopped: 0,0001046 seconds, Stopping threads took: 0,0000306 seconds
2015-12-01T12:46:05.724-0500: 474,640: Total time for which application threads were stopped: 0,0002050 seconds, Stopping threads took: 0,0000701 seconds
2015-12-01T12:46:05.728-0500: 474,644: Total time for which application threads were stopped: 0,0001766 seconds, Stopping threads took: 0,0000334 seconds
2015-12-01T12:46:05.731-0500: 474,647: Total time for which application threads were stopped: 0,0001472 seconds, Stopping threads took: 0,0000272 seconds
2015-12-01T12:46:05.749-0500: 474,665: Total time for which application threads were stopped: 0,0001800 seconds, Stopping threads took: 0,0000635 seconds
2015-12-01T12:46:06.749-0500: 475,665: Total time for which application threads were stopped: 0,0000863 seconds, Stopping threads took: 0,0000227 seconds
2015-12-01T12:46:07.749-0500: 476,665: Total time for which application threads were stopped: 0,0000779 seconds, Stopping threads took: 0,0000203 seconds
2015-12-01T12:46:27.752-0500: 496,668: Total time for which application threads were stopped: 0,0000818 seconds, Stopping threads took: 0,0000248 seconds
2015-12-01T12:46:47.754-0500: 516,670: Total time for which application threads were stopped: 0,0000856 seconds, Stopping threads took: 0,0000350 seconds
2015-12-01T12:46:52.755-0500: 521,671: Total time for which application threads were stopped: 0,0001576 seconds, Stopping threads took: 0,0000427 seconds
2015-12-01T12:46:54.755-0500: 523,671: Total time for which application threads were stopped: 0,0001875 seconds, Stopping threads took: 0,0000709 seconds
2015-12-01T12:46:57.756-0500: 526,672: Total time for which application threads were stopped: 0,0001806 seconds, Stopping threads took: 0,0000479 seconds
2015-12-01T12:46:58.756-0500: 527,672: Total time for which application threads were stopped: 0,0001527 seconds, Stopping threads took: 0,0000295 seconds
{Heap before GC invocations=6 (full 1):
 par new generation   total 109248K, used 104581K [0x00000000e0000000, 0x00000000e8000000, 0x00000000e8000000)
  eden space 87424K, 100% used [0x00000000e0000000, 0x00000000e5560000, 0x00000000e5560000)
  from space 21824K,  78% used [0x00000000e5560000, 0x00000000e6621780, 0x00000000e6ab0000)
  to   space 21824K,   0% used [0x00000000e6ab0000, 0x00000000e6ab0000, 0x00000000e8000000)
 concurrent mark-sweep generation total 393216K, used 0K [0x00000000e8000000, 0x0000000100000000, 0x0000000100000000)
 Metaspace       used 28503K, capacity 28918K, committed 29132K, reserved 1075200K
  class space    used 3328K, capacity 3469K, committed 3532K, reserved 1048576K
2015-12-01T12:46:59.628-0500: 528,544: [GC (Allocation Failure) 2015-12-01T12:46:59.628-0500: 528,544: [ParNew
Desired survivor size 20112992 bytes, new threshold 8 (max 8)
- age   1:    2394408 bytes,    2394408 total
- age   2:    3486744 bytes,    5881152 total
- age   3:     183360 bytes,    6064512 total
- age   5:     920184 bytes,    6984696 total
- age   6:    3489880 bytes,   10474576 total
- age   7:    2455536 bytes,   12930112 total
: 104581K->18505K(109248K), 0,0096692 secs] 104581K->18505K(502464K), 0,0097414 secs] [Times: user=0,02 sys=0,00, real=0,01 secs] 
Heap after GC invocations=7 (full 1):
 par new generation   total 109248K, used 18505K [0x00000000e0000000, 0x00000000e8000000, 0x00000000e8000000)
  eden space 87424K,   0% used [0x00000000e0000000, 0x00000000e0000000, 0x00000000e5560000)
  from space 21824K,  84% used [0x00000000e6ab0000, 0x00000000e7cc27b0, 0x00000000e8000000)
  to   space 21824K,   0% used [0x00000000e5560000, 0x00000000e5560000, 0x00000000e6ab0000)
 concurrent mark-sweep generation total 393216K, used 0K [0x00000000e8000000, 0x0000000100000000, 0x0000000100000000)
 Metaspace       used 28503K, capacity 28918K, committed 29132K, reserved 1075200K
  class space    used 3328K, capacity 3469K, committed 3532K, reserved 1048576K
}
2015-12-01T12:46:59.637-0500: 528,553: Total time for which application threads were stopped: 0,0099202 seconds, Stopping threads took: 0,0000249 seconds
2015-12-01T12:46:59.638-0500: 528,554: Total time for which application threads were stopped: 0,0000936 seconds, Stopping threads took: 0,0000380 seconds
2015-12-01T12:46:59.638-0500: 528,554: Total time for which application threads were stopped: 0,0000475 seconds, Stopping threads took: 0,0000222 seconds
2015-12-01T12:46:59.638-0500: 528,554: Total time for which application threads were stopped: 0,0000552 seconds, Stopping threads took: 0,0000075 seconds
{Heap before GC invocations=7 (full 1):
 par new generation   total 109248K, used 105929K [0x00000000e0000000, 0x00000000e8000000, 0x00000000e8000000)
  eden space 87424K, 100% used [0x00000000e0000000, 0x00000000e5560000, 0x00000000e5560000)
  from space 21824K,  84% used [0x00000000e6ab0000, 0x00000000e7cc27b0, 0x00000000e8000000)
  to   space 21824K,   0% used [0x00000000e5560000, 0x00000000e5560000, 0x00000000e6ab0000)
 concurrent mark-sweep generation total 393216K, used 0K [0x00000000e8000000, 0x0000000100000000, 0x0000000100000000)
 Metaspace       used 28528K, capacity 28918K, committed 29132K, reserved 1075200K
  class space    used 3328K, capacity 3469K, committed 3532K, reserved 1048576K
2015-12-01T12:46:59.697-0500: 528,613: [GC (Allocation Failure) 2015-12-01T12:46:59.697-0500: 528,613: [ParNew
Desired survivor size 20112992 bytes, new threshold 8 (max 8)
- age   1:    1027648 bytes,    1027648 total
- age   2:    1453216 bytes,    2480864 total
- age   3:    3486440 bytes,    5967304 total
- age   4:     183296 bytes,    6150600 total
- age   6:     920024 bytes,    7070624 total
- age   7:    3380600 bytes,   10451224 total
- age   8:    2159696 bytes,   12610920 total
: 105929K->13684K(109248K), 0,0138686 secs] 105929K->13684K(502464K), 0,0139505 secs] [Times: user=0,04 sys=0,01, real=0,02 secs] 
Heap after GC invocations=8 (full 1):
 par new generation   total 109248K, used 13684K [0x00000000e0000000, 0x00000000e8000000, 0x00000000e8000000)
  eden space 87424K,   0% used [0x00000000e0000000, 0x00000000e0000000, 0x00000000e5560000)
  from space 21824K,  62% used [0x00000000e5560000, 0x00000000e62bd048, 0x00000000e6ab0000)
  to   space 21824K,   0% used [0x00000000e6ab0000, 0x00000000e6ab0000, 0x00000000e8000000)
 concurrent mark-sweep generation total 393216K, used 0K [0x00000000e8000000, 0x0000000100000000, 0x0000000100000000)
 Metaspace       used 28528K, capacity 28918K, committed 29132K, reserved 1075200K
  class space    used 3328K, capacity 3469K, committed 3532K, reserved 1048576K
}
2015-12-01T12:46:59.711-0500: 528,627: Total time for which application threads were stopped: 0,0141267 seconds, Stopping threads took: 0,0000264 seconds
2015-12-01T12:46:59.711-0500: 528,627: Total time for which application threads were stopped: 0,0001200 seconds, Stopping threads took: 0,0000367 seconds
2015-12-01T12:46:59.712-0500: 528,628: Total time for which application threads were stopped: 0,0000609 seconds, Stopping threads took: 0,0000217 seconds
2015-12-01T12:46:59.712-0500: 528,628: Total time for which application threads were stopped: 0,0000542 seconds, Stopping threads took: 0,0000294 seconds
2015-12-01T12:47:00.712-0500: 529,628: Total time for which application threads were stopped: 0,0002284 seconds, Stopping threads took: 0,0000466 seconds
2015-12-01T12:47:04.204-0500: 533,120: Total time for which application threads were stopped: 0,0001646 seconds, Stopping threads took: 0,0000419 seconds
{Heap before GC invocations=8 (full 1):
 par new generation   total 109248K, used 101087K [0x00000000e0000000, 0x00000000e8000000, 0x00000000e8000000)
  eden space 87424K,  99% used [0x00000000e0000000, 0x00000000e555acf0, 0x00000000e5560000)
  from space 21824K,  62% used [0x00000000e5560000, 0x00000000e62bd048, 0x00000000e6ab0000)
  to   space 21824K,   0% used [0x00000000e6ab0000, 0x00000000e6ab0000, 0x00000000e8000000)
 concurrent mark-sweep generation total 393216K, used 0K [0x00000000e8000000, 0x0000000100000000, 0x0000000100000000)
 Metaspace       used 28565K, capacity 28924K, committed 29132K, reserved 1075200K
  class space    used 3328K, capacity 3470K, committed 3532K, reserved 1048576K
2015-12-01T12:47:20.408-0500: 549,324: [GC (Allocation Failure) 2015-12-01T12:47:20.408-0500: 549,324: [ParNew
Desired survivor size 20112992 bytes, new threshold 8 (max 8)
- age   1:    1014320 bytes,    1014320 total
- age   2:       9352 bytes,    1023672 total
- age   3:     891432 bytes,    1915104 total
- age   4:    3486424 bytes,    5401528 total
- age   5:     183176 bytes,    5584704 total
- age   7:     919888 bytes,    6504592 total
- age   8:    3380704 bytes,    9885296 total
: 101087K->13989K(109248K), 0,0128608 secs] 101087K->16297K(502464K), 0,0129437 secs] [Times: user=0,04 sys=0,00, real=0,02 secs] 
Heap after GC invocations=9 (full 1):
 par new generation   total 109248K, used 13989K [0x00000000e0000000, 0x00000000e8000000, 0x00000000e8000000)
  eden space 87424K,   0% used [0x00000000e0000000, 0x00000000e0000000, 0x00000000e5560000)
  from space 21824K,  64% used [0x00000000e6ab0000, 0x00000000e7859508, 0x00000000e8000000)
  to   space 21824K,   0% used [0x00000000e5560000, 0x00000000e5560000, 0x00000000e6ab0000)
 concurrent mark-sweep generation total 393216K, used 2308K [0x00000000e8000000, 0x0000000100000000, 0x0000000100000000)
 Metaspace       used 28565K, capacity 28924K, committed 29132K, reserved 1075200K
  class space    used 3328K, capacity 3470K, committed 3532K, reserved 1048576K
}
2015-12-01T12:47:20.421-0500: 549,337: Total time for which application threads were stopped: 0,0131143 seconds, Stopping threads took: 0,0000270 seconds
2015-12-01T12:47:20.421-0500: 549,337: Total time for which application threads were stopped: 0,0001265 seconds, Stopping threads took: 0,0000385 seconds
{Heap before GC invocations=9 (full 1):
 par new generation   total 109248K, used 101413K [0x00000000e0000000, 0x00000000e8000000, 0x00000000e8000000)
  eden space 87424K, 100% used [0x00000000e0000000, 0x00000000e5560000, 0x00000000e5560000)
  from space 21824K,  64% used [0x00000000e6ab0000, 0x00000000e7859508, 0x00000000e8000000)
  to   space 21824K,   0% used [0x00000000e5560000, 0x00000000e5560000, 0x00000000e6ab0000)
 concurrent mark-sweep generation total 393216K, used 2308K [0x00000000e8000000, 0x0000000100000000, 0x0000000100000000)
 Metaspace       used 28575K, capacity 28988K, committed 29388K, reserved 1075200K
  class space    used 3328K, capacity 3470K, committed 3532K, reserved 1048576K
2015-12-01T12:47:20.474-0500: 549,390: [GC (Allocation Failure) 2015-12-01T12:47:20.474-0500: 549,390: [ParNew
Desired survivor size 20112992 bytes, new threshold 8 (max 8)
- age   1:     869248 bytes,     869248 total
- age   2:     752592 bytes,    1621840 total
- age   3:       9048 bytes,    1630888 total
- age   4:     891432 bytes,    2522320 total
- age   5:    3486424 bytes,    6008744 total
- age   6:     183176 bytes,    6191920 total
- age   8:     919888 bytes,    7111808 total
: 101413K->9626K(109248K), 0,0138066 secs] 103721K->15398K(502464K), 0,0138886 secs] [Times: user=0,03 sys=0,00, real=0,01 secs] 
Heap after GC invocations=10 (full 1):
 par new generation   total 109248K, used 9626K [0x00000000e0000000, 0x00000000e8000000, 0x00000000e8000000)
  eden space 87424K,   0% used [0x00000000e0000000, 0x00000000e0000000, 0x00000000e5560000)
  from space 21824K,  44% used [0x00000000e5560000, 0x00000000e5ec6ba0, 0x00000000e6ab0000)
  to   space 21824K,   0% used [0x00000000e6ab0000, 0x00000000e6ab0000, 0x00000000e8000000)
 concurrent mark-sweep generation total 393216K, used 5771K [0x00000000e8000000, 0x0000000100000000, 0x0000000100000000)
 Metaspace       used 28575K, capacity 28988K, committed 29388K, reserved 1075200K
  class space    used 3328K, capacity 3470K, committed 3532K, reserved 1048576K
}
2015-12-01T12:47:20.488-0500: 549,404: Total time for which application threads were stopped: 0,0140701 seconds, Stopping threads took: 0,0000344 seconds
2015-12-01T12:47:20.489-0500: 549,404: Total time for which application threads were stopped: 0,0001313 seconds, Stopping threads took: 0,0000448 seconds
2015-12-01T12:47:20.568-0500: 549,484: Total time for which application threads were stopped: 0,0001481 seconds, Stopping threads took: 0,0000549 seconds
{Heap before GC invocations=10 (full 1):
 par new generation   total 109248K, used 97050K [0x00000000e0000000, 0x00000000e8000000, 0x00000000e8000000)
  eden space 87424K, 100% used [0x00000000e0000000, 0x00000000e5560000, 0x00000000e5560000)
  from space 21824K,  44% used [0x00000000e5560000, 0x00000000e5ec6ba0, 0x00000000e6ab0000)
  to   space 21824K,   0% used [0x00000000e6ab0000, 0x00000000e6ab0000, 0x00000000e8000000)
 concurrent mark-sweep generation total 393216K, used 5771K [0x00000000e8000000, 0x0000000100000000, 0x0000000100000000)
 Metaspace       used 28632K, capacity 29058K, committed 29388K, reserved 1075200K
  class space    used 3329K, capacity 3471K, committed 3532K, reserved 1048576K
2015-12-01T12:47:20.575-0500: 549,491: [GC (Allocation Failure) 2015-12-01T12:47:20.575-0500: 549,491: [ParNew
Desired survivor size 20112992 bytes, new threshold 8 (max 8)
- age   1:     606472 bytes,     606472 total
- age   2:     142984 bytes,     749456 total
- age   3:     742848 bytes,    1492304 total
- age   4:       9048 bytes,    1501352 total
- age   5:     891432 bytes,    2392784 total
- age   6:    3486120 bytes,    5878904 total
- age   7:     183176 bytes,    6062080 total
: 97050K->8417K(109248K), 0,0073269 secs] 102822K->15095K(502464K), 0,0074125 secs] [Times: user=0,03 sys=0,00, real=0,01 secs] 
Heap after GC invocations=11 (full 1):
 par new generation   total 109248K, used 8417K [0x00000000e0000000, 0x00000000e8000000, 0x00000000e8000000)
  eden space 87424K,   0% used [0x00000000e0000000, 0x00000000e0000000, 0x00000000e5560000)
  from space 21824K,  38% used [0x00000000e6ab0000, 0x00000000e72e8740, 0x00000000e8000000)
  to   space 21824K,   0% used [0x00000000e5560000, 0x00000000e5560000, 0x00000000e6ab0000)
 concurrent mark-sweep generation total 393216K, used 6677K [0x00000000e8000000, 0x0000000100000000, 0x0000000100000000)
 Metaspace       used 28632K, capacity 29058K, committed 29388K, reserved 1075200K
  class space    used 3329K, capacity 3471K, committed 3532K, reserved 1048576K
}
2015-12-01T12:47:20.582-0500: 549,498: Total time for which application threads were stopped: 0,0076325 seconds, Stopping threads took: 0,0000798 seconds
2015-12-01T12:47:20.586-0500: 549,502: Total time for which application threads were stopped: 0,0001191 seconds, Stopping threads took: 0,0000395 seconds
2015-12-01T12:47:20.587-0500: 549,503: Total time for which application threads were stopped: 0,0000730 seconds, Stopping threads took: 0,0000196 seconds
2015-12-01T12:47:20.587-0500: 549,503: Total time for which application threads were stopped: 0,0000373 seconds, Stopping threads took: 0,0000108 seconds
2015-12-01T12:47:20.587-0500: 549,503: Total time for which application threads were stopped: 0,0000331 seconds, Stopping threads took: 0,0000093 seconds
2015-12-01T12:47:20.588-0500: 549,504: Total time for which application threads were stopped: 0,0000994 seconds, Stopping threads took: 0,0000610 seconds
2015-12-01T12:47:20.589-0500: 549,505: Total time for which application threads were stopped: 0,0000722 seconds, Stopping threads took: 0,0000270 seconds
2015-12-01T12:47:20.589-0500: 549,505: Total time for which application threads were stopped: 0,0001027 seconds, Stopping threads took: 0,0000540 seconds
2015-12-01T12:47:20.590-0500: 549,506: Total time for which application threads were stopped: 0,0000861 seconds, Stopping threads took: 0,0000287 seconds
2015-12-01T12:47:20.591-0500: 549,507: Total time for which application threads were stopped: 0,0000799 seconds, Stopping threads took: 0,0000203 seconds
2015-12-01T12:47:20.591-0500: 549,507: Total time for which application threads were stopped: 0,0000427 seconds, Stopping threads took: 0,0000103 seconds
2015-12-01T12:47:20.596-0500: 549,512: Total time for which application threads were stopped: 0,0000903 seconds, Stopping threads took: 0,0000224 seconds
2015-12-01T12:47:20.597-0500: 549,513: Total time for which application threads were stopped: 0,0001238 seconds, Stopping threads took: 0,0000432 seconds
2015-12-01T12:47:20.598-0500: 549,514: Total time for which application threads were stopped: 0,0001123 seconds, Stopping threads took: 0,0000581 seconds
2015-12-01T12:47:20.598-0500: 549,514: Total time for which application threads were stopped: 0,0000438 seconds, Stopping threads took: 0,0000204 seconds
2015-12-01T12:47:20.598-0500: 549,514: Total time for which application threads were stopped: 0,0000530 seconds, Stopping threads took: 0,0000169 seconds
2015-12-01T12:47:20.599-0500: 549,515: Total time for which application threads were stopped: 0,0000576 seconds, Stopping threads took: 0,0000172 seconds
2015-12-01T12:47:20.599-0500: 549,515: Total time for which application threads were stopped: 0,0000311 seconds, Stopping threads took: 0,0000083 seconds
2015-12-01T12:47:20.600-0500: 549,515: Total time for which application threads were stopped: 0,0000302 seconds, Stopping threads took: 0,0000072 seconds
2015-12-01T12:47:20.601-0500: 549,517: Total time for which application threads were stopped: 0,0000887 seconds, Stopping threads took: 0,0000293 seconds
2015-12-01T12:47:20.602-0500: 549,517: Total time for which application threads were stopped: 0,0000616 seconds, Stopping threads took: 0,0000214 seconds
2015-12-01T12:47:20.602-0500: 549,518: Total time for which application threads were stopped: 0,0000724 seconds, Stopping threads took: 0,0000208 seconds
2015-12-01T12:47:20.603-0500: 549,518: Total time for which application threads were stopped: 0,0000602 seconds, Stopping threads took: 0,0000179 seconds
2015-12-01T12:47:20.606-0500: 549,522: Total time for which application threads were stopped: 0,0001286 seconds, Stopping threads took: 0,0000364 seconds
2015-12-01T12:47:20.615-0500: 549,531: Total time for which application threads were stopped: 0,0001331 seconds, Stopping threads took: 0,0000564 seconds
2015-12-01T12:47:20.615-0500: 549,531: Total time for which application threads were stopped: 0,0000402 seconds, Stopping threads took: 0,0000123 seconds
2015-12-01T12:47:20.615-0500: 549,531: Total time for which application threads were stopped: 0,0000349 seconds, Stopping threads took: 0,0000093 seconds
2015-12-01T12:47:20.615-0500: 549,531: Total time for which application threads were stopped: 0,0000350 seconds, Stopping threads took: 0,0000093 seconds
2015-12-01T12:47:20.615-0500: 549,531: Total time for which application threads were stopped: 0,0000281 seconds, Stopping threads took: 0,0000072 seconds
2015-12-01T12:47:20.615-0500: 549,531: Total time for which application threads were stopped: 0,0000514 seconds, Stopping threads took: 0,0000171 seconds
2015-12-01T12:47:20.615-0500: 549,531: Total time for which application threads were stopped: 0,0000376 seconds, Stopping threads took: 0,0000143 seconds
2015-12-01T12:47:20.616-0500: 549,531: Total time for which application threads were stopped: 0,0000321 seconds, Stopping threads took: 0,0000119 seconds
2015-12-01T12:47:20.616-0500: 549,531: Total time for which application threads were stopped: 0,0000506 seconds, Stopping threads took: 0,0000194 seconds
2015-12-01T12:47:20.616-0500: 549,532: Total time for which application threads were stopped: 0,0000860 seconds, Stopping threads took: 0,0000526 seconds
2015-12-01T12:47:20.616-0500: 549,532: Total time for which application threads were stopped: 0,0000581 seconds, Stopping threads took: 0,0000289 seconds
2015-12-01T12:47:20.616-0500: 549,532: Total time for which application threads were stopped: 0,0000495 seconds, Stopping threads took: 0,0000202 seconds
2015-12-01T12:47:20.616-0500: 549,532: Total time for which application threads were stopped: 0,0000430 seconds, Stopping threads took: 0,0000180 seconds
2015-12-01T12:47:20.616-0500: 549,532: Total time for which application threads were stopped: 0,0000556 seconds, Stopping threads took: 0,0000317 seconds
2015-12-01T12:47:20.616-0500: 549,532: Total time for which application threads were stopped: 0,0000331 seconds, Stopping threads took: 0,0000119 seconds
2015-12-01T12:47:20.616-0500: 549,532: Total time for which application threads were stopped: 0,0000392 seconds, Stopping threads took: 0,0000119 seconds
2015-12-01T12:47:20.616-0500: 549,532: Total time for which application threads were stopped: 0,0000404 seconds, Stopping threads took: 0,0000170 seconds
2015-12-01T12:47:20.616-0500: 549,532: Total time for which application threads were stopped: 0,0000390 seconds, Stopping threads took: 0,0000128 seconds
2015-12-01T12:47:20.619-0500: 549,535: Total time for which application threads were stopped: 0,0024858 seconds, Stopping threads took: 0,0024311 seconds
2015-12-01T12:47:20.623-0500: 549,539: Total time for which application threads were stopped: 0,0001566 seconds, Stopping threads took: 0,0000792 seconds
2015-12-01T12:47:20.623-0500: 549,539: Total time for which application threads were stopped: 0,0000497 seconds, Stopping threads took: 0,0000192 seconds
2015-12-01T12:47:20.623-0500: 549,539: Total time for which application threads were stopped: 0,0000414 seconds, Stopping threads took: 0,0000135 seconds
2015-12-01T12:47:20.623-0500: 549,539: Total time for which application threads were stopped: 0,0001214 seconds, Stopping threads took: 0,0000397 seconds
2015-12-01T12:47:20.626-0500: 549,542: Total time for which application threads were stopped: 0,0001143 seconds, Stopping threads took: 0,0000451 seconds
2015-12-01T12:47:20.626-0500: 549,542: Total time for which application threads were stopped: 0,0000392 seconds, Stopping threads took: 0,0000137 seconds
2015-12-01T12:47:20.626-0500: 549,542: Total time for which application threads were stopped: 0,0000366 seconds, Stopping threads took: 0,0000129 seconds
2015-12-01T12:47:20.627-0500: 549,542: Total time for which application threads were stopped: 0,0000728 seconds, Stopping threads took: 0,0000373 seconds
2015-12-01T12:47:20.628-0500: 549,543: Total time for which application threads were stopped: 0,0000620 seconds, Stopping threads took: 0,0000164 seconds
2015-12-01T12:47:20.630-0500: 549,546: Total time for which application threads were stopped: 0,0001243 seconds, Stopping threads took: 0,0000221 seconds
2015-12-01T12:47:20.640-0500: 549,555: Total time for which application threads were stopped: 0,0001457 seconds, Stopping threads took: 0,0000316 seconds
2015-12-01T12:47:22.744-0500: 551,660: Total time for which application threads were stopped: 0,0001438 seconds, Stopping threads took: 0,0000681 seconds
2015-12-01T12:47:22.744-0500: 551,660: Total time for which application threads were stopped: 0,0000420 seconds, Stopping threads took: 0,0000071 seconds
2015-12-01T12:47:22.745-0500: 551,661: Total time for which application threads were stopped: 0,0003923 seconds, Stopping threads took: 0,0003321 seconds
2015-12-01T12:47:22.747-0500: 551,663: Total time for which application threads were stopped: 0,0004375 seconds, Stopping threads took: 0,0000286 seconds
2015-12-01T12:47:22.748-0500: 551,663: Total time for which application threads were stopped: 0,0001589 seconds, Stopping threads took: 0,0000303 seconds
2015-12-01T12:47:22.778-0500: 551,694: Total time for which application threads were stopped: 0,0001959 seconds, Stopping threads took: 0,0000414 seconds
2015-12-01T12:47:22.779-0500: 551,695: Total time for which application threads were stopped: 0,0001106 seconds, Stopping threads took: 0,0000158 seconds
2015-12-01T12:47:22.780-0500: 551,696: Total time for which application threads were stopped: 0,0002128 seconds, Stopping threads took: 0,0001054 seconds
2015-12-01T12:47:22.786-0500: 551,702: Total time for which application threads were stopped: 0,0001242 seconds, Stopping threads took: 0,0000368 seconds
2015-12-01T12:47:22.792-0500: 551,708: Total time for which application threads were stopped: 0,0066302 seconds, Stopping threads took: 0,0065384 seconds
2015-12-01T12:47:22.793-0500: 551,709: Total time for which application threads were stopped: 0,0001136 seconds, Stopping threads took: 0,0000320 seconds
2015-12-01T12:47:22.794-0500: 551,709: Total time for which application threads were stopped: 0,0001058 seconds, Stopping threads took: 0,0000339 seconds
2015-12-01T12:47:22.807-0500: 551,723: Total time for which application threads were stopped: 0,0002827 seconds, Stopping threads took: 0,0001651 seconds
2015-12-01T12:47:24.057-0500: 552,973: Total time for which application threads were stopped: 0,0006263 seconds, Stopping threads took: 0,0000629 seconds
2015-12-01T12:47:24.058-0500: 552,974: Total time for which application threads were stopped: 0,0001637 seconds, Stopping threads took: 0,0000774 seconds
2015-12-01T12:47:24.118-0500: 553,034: Total time for which application threads were stopped: 0,0001114 seconds, Stopping threads took: 0,0000295 seconds
2015-12-01T12:47:24.119-0500: 553,035: Total time for which application threads were stopped: 0,0000860 seconds, Stopping threads took: 0,0000136 seconds
2015-12-01T12:47:24.120-0500: 553,035: Total time for which application threads were stopped: 0,0000648 seconds, Stopping threads took: 0,0000149 seconds
2015-12-01T12:47:24.120-0500: 553,035: Total time for which application threads were stopped: 0,0000398 seconds, Stopping threads took: 0,0000085 seconds
2015-12-01T12:47:24.120-0500: 553,036: Total time for which application threads were stopped: 0,0000874 seconds, Stopping threads took: 0,0000594 seconds
2015-12-01T12:47:24.120-0500: 553,036: Total time for which application threads were stopped: 0,0000316 seconds, Stopping threads took: 0,0000049 seconds
2015-12-01T12:47:24.120-0500: 553,036: Total time for which application threads were stopped: 0,0000697 seconds, Stopping threads took: 0,0000046 seconds
2015-12-01T12:47:24.120-0500: 553,036: Total time for which application threads were stopped: 0,0000458 seconds, Stopping threads took: 0,0000114 seconds
2015-12-01T12:47:24.120-0500: 553,036: Total time for which application threads were stopped: 0,0000456 seconds, Stopping threads took: 0,0000082 seconds
2015-12-01T12:47:24.127-0500: 553,042: Total time for which application threads were stopped: 0,0050654 seconds, Stopping threads took: 0,0049684 seconds
2015-12-01T12:47:24.127-0500: 553,043: Total time for which application threads were stopped: 0,0002209 seconds, Stopping threads took: 0,0000417 seconds
2015-12-01T12:47:24.127-0500: 553,043: Total time for which application threads were stopped: 0,0001055 seconds, Stopping threads took: 0,0000224 seconds
2015-12-01T12:47:24.127-0500: 553,043: Total time for which application threads were stopped: 0,0000532 seconds, Stopping threads took: 0,0000101 seconds
2015-12-01T12:47:24.128-0500: 553,044: Total time for which application threads were stopped: 0,0000996 seconds, Stopping threads took: 0,0000389 seconds
2015-12-01T12:47:24.128-0500: 553,044: Total time for which application threads were stopped: 0,0000577 seconds, Stopping threads took: 0,0000216 seconds
2015-12-01T12:47:24.129-0500: 553,045: Total time for which application threads were stopped: 0,0000821 seconds, Stopping threads took: 0,0000198 seconds
2015-12-01T12:47:24.130-0500: 553,045: Total time for which application threads were stopped: 0,0000549 seconds, Stopping threads took: 0,0000133 seconds
2015-12-01T12:47:24.130-0500: 553,046: Total time for which application threads were stopped: 0,0000473 seconds, Stopping threads took: 0,0000110 seconds
2015-12-01T12:47:24.130-0500: 553,046: Total time for which application threads were stopped: 0,0000595 seconds, Stopping threads took: 0,0000232 seconds
2015-12-01T12:47:24.130-0500: 553,046: Total time for which application threads were stopped: 0,0000452 seconds, Stopping threads took: 0,0000103 seconds
2015-12-01T12:47:24.130-0500: 553,046: Total time for which application threads were stopped: 0,0000424 seconds, Stopping threads took: 0,0000097 seconds
2015-12-01T12:47:24.130-0500: 553,046: Total time for which application threads were stopped: 0,0000435 seconds, Stopping threads took: 0,0000104 seconds
2015-12-01T12:47:24.130-0500: 553,046: Total time for which application threads were stopped: 0,0001361 seconds, Stopping threads took: 0,0000096 seconds
2015-12-01T12:47:24.130-0500: 553,046: Total time for which application threads were stopped: 0,0000585 seconds, Stopping threads took: 0,0000194 seconds
2015-12-01T12:47:24.130-0500: 553,046: Total time for which application threads were stopped: 0,0000396 seconds, Stopping threads took: 0,0000093 seconds
2015-12-01T12:47:24.135-0500: 553,051: Total time for which application threads were stopped: 0,0001225 seconds, Stopping threads took: 0,0000279 seconds
2015-12-01T12:47:24.135-0500: 553,051: Total time for which application threads were stopped: 0,0000550 seconds, Stopping threads took: 0,0000127 seconds
2015-12-01T12:47:24.135-0500: 553,051: Total time for which application threads were stopped: 0,0000407 seconds, Stopping threads took: 0,0000086 seconds
2015-12-01T12:47:24.135-0500: 553,051: Total time for which application threads were stopped: 0,0000650 seconds, Stopping threads took: 0,0000173 seconds
2015-12-01T12:47:24.138-0500: 553,054: Total time for which application threads were stopped: 0,0001921 seconds, Stopping threads took: 0,0001181 seconds
2015-12-01T12:47:25.138-0500: 554,054: Total time for which application threads were stopped: 0,0000731 seconds, Stopping threads took: 0,0000224 seconds
2015-12-01T12:47:26.159-0500: 555,075: Total time for which application threads were stopped: 0,0001806 seconds, Stopping threads took: 0,0000674 seconds
2015-12-01T12:47:26.711-0500: 555,627: Total time for which application threads were stopped: 0,0000973 seconds, Stopping threads took: 0,0000302 seconds
2015-12-01T12:47:26.711-0500: 555,627: Total time for which application threads were stopped: 0,0000408 seconds, Stopping threads took: 0,0000143 seconds
2015-12-01T12:47:26.711-0500: 555,627: Total time for which application threads were stopped: 0,0000346 seconds, Stopping threads took: 0,0000115 seconds
2015-12-01T12:47:26.711-0500: 555,627: Total time for which application threads were stopped: 0,0000330 seconds, Stopping threads took: 0,0000109 seconds
2015-12-01T12:47:26.711-0500: 555,627: Total time for which application threads were stopped: 0,0001077 seconds, Stopping threads took: 0,0000715 seconds
2015-12-01T12:47:26.712-0500: 555,628: Total time for which application threads were stopped: 0,0001467 seconds, Stopping threads took: 0,0000813 seconds
2015-12-01T12:47:26.712-0500: 555,628: Total time for which application threads were stopped: 0,0000794 seconds, Stopping threads took: 0,0000234 seconds
2015-12-01T12:47:26.712-0500: 555,628: Total time for which application threads were stopped: 0,0000815 seconds, Stopping threads took: 0,0000399 seconds
2015-12-01T12:47:26.713-0500: 555,628: Total time for which application threads were stopped: 0,0001003 seconds, Stopping threads took: 0,0000555 seconds
2015-12-01T12:47:26.713-0500: 555,629: Total time for which application threads were stopped: 0,0000807 seconds, Stopping threads took: 0,0000467 seconds
2015-12-01T12:47:26.713-0500: 555,629: Total time for which application threads were stopped: 0,0000560 seconds, Stopping threads took: 0,0000264 seconds
2015-12-01T12:47:26.713-0500: 555,629: Total time for which application threads were stopped: 0,0000317 seconds, Stopping threads took: 0,0000079 seconds
2015-12-01T12:47:26.713-0500: 555,629: Total time for which application threads were stopped: 0,0000370 seconds, Stopping threads took: 0,0000151 seconds
2015-12-01T12:47:26.713-0500: 555,629: Total time for which application threads were stopped: 0,0000275 seconds, Stopping threads took: 0,0000064 seconds
2015-12-01T12:47:26.713-0500: 555,629: Total time for which application threads were stopped: 0,0000246 seconds, Stopping threads took: 0,0000048 seconds
2015-12-01T12:47:26.713-0500: 555,629: Total time for which application threads were stopped: 0,0000334 seconds, Stopping threads took: 0,0000124 seconds
2015-12-01T12:47:26.713-0500: 555,629: Total time for which application threads were stopped: 0,0000365 seconds, Stopping threads took: 0,0000075 seconds
2015-12-01T12:47:26.713-0500: 555,629: Total time for which application threads were stopped: 0,0000264 seconds, Stopping threads took: 0,0000067 seconds
2015-12-01T12:47:26.714-0500: 555,630: Total time for which application threads were stopped: 0,0000364 seconds, Stopping threads took: 0,0000088 seconds
2015-12-01T12:47:26.714-0500: 555,630: Total time for which application threads were stopped: 0,0001110 seconds, Stopping threads took: 0,0000105 seconds
2015-12-01T12:47:26.719-0500: 555,635: Total time for which application threads were stopped: 0,0000776 seconds, Stopping threads took: 0,0000187 seconds
2015-12-01T12:47:26.724-0500: 555,640: Total time for which application threads were stopped: 0,0001114 seconds, Stopping threads took: 0,0000200 seconds
2015-12-01T12:47:26.736-0500: 555,652: Total time for which application threads were stopped: 0,0005875 seconds, Stopping threads took: 0,0004944 seconds
2015-12-01T12:47:26.798-0500: 555,714: Total time for which application threads were stopped: 0,0001376 seconds, Stopping threads took: 0,0000519 seconds
2015-12-01T12:47:26.798-0500: 555,714: Total time for which application threads were stopped: 0,0000511 seconds, Stopping threads took: 0,0000216 seconds
2015-12-01T12:47:26.798-0500: 555,714: Total time for which application threads were stopped: 0,0000676 seconds, Stopping threads took: 0,0000305 seconds
2015-12-01T12:47:26.803-0500: 555,719: Total time for which application threads were stopped: 0,0001024 seconds, Stopping threads took: 0,0000309 seconds
2015-12-01T12:47:26.804-0500: 555,719: Total time for which application threads were stopped: 0,0000648 seconds, Stopping threads took: 0,0000365 seconds
2015-12-01T12:47:26.805-0500: 555,721: Total time for which application threads were stopped: 0,0000754 seconds, Stopping threads took: 0,0000330 seconds
2015-12-01T12:47:26.816-0500: 555,732: Total time for which application threads were stopped: 0,0001998 seconds, Stopping threads took: 0,0001297 seconds
2015-12-01T12:47:26.817-0500: 555,733: Total time for which application threads were stopped: 0,0000530 seconds, Stopping threads took: 0,0000129 seconds
2015-12-01T12:47:26.817-0500: 555,733: Total time for which application threads were stopped: 0,0000493 seconds, Stopping threads took: 0,0000116 seconds
2015-12-01T12:47:26.818-0500: 555,734: Total time for which application threads were stopped: 0,0000765 seconds, Stopping threads took: 0,0000274 seconds
2015-12-01T12:47:28.173-0500: 557,089: Total time for which application threads were stopped: 0,0002150 seconds, Stopping threads took: 0,0001246 seconds
2015-12-01T12:47:29.173-0500: 558,089: Total time for which application threads were stopped: 0,0000770 seconds, Stopping threads took: 0,0000224 seconds
2015-12-01T12:47:31.174-0500: 560,089: Total time for which application threads were stopped: 0,0001746 seconds, Stopping threads took: 0,0000464 seconds
2015-12-01T12:47:35.174-0500: 564,090: Total time for which application threads were stopped: 0,0001149 seconds, Stopping threads took: 0,0000321 seconds
2015-12-01T12:47:43.175-0500: 572,091: Total time for which application threads were stopped: 0,0000746 seconds, Stopping threads took: 0,0000225 seconds
2015-12-01T12:47:49.176-0500: 578,092: Total time for which application threads were stopped: 0,0001759 seconds, Stopping threads took: 0,0000485 seconds
2015-12-01T12:47:51.177-0500: 580,093: Total time for which application threads were stopped: 0,0001607 seconds, Stopping threads took: 0,0000453 seconds
2015-12-01T12:48:07.179-0500: 596,095: Total time for which application threads were stopped: 0,0001507 seconds, Stopping threads took: 0,0000664 seconds
2015-12-01T12:48:11.179-0500: 600,095: Total time for which application threads were stopped: 0,0001503 seconds, Stopping threads took: 0,0000425 seconds
2015-12-01T12:48:16.975-0500: 605,891: Total time for which application threads were stopped: 0,0001316 seconds, Stopping threads took: 0,0000331 seconds
2015-12-01T12:48:16.986-0500: 605,901: Total time for which application threads were stopped: 0,0001027 seconds, Stopping threads took: 0,0000264 seconds
2015-12-01T12:48:16.986-0500: 605,902: Total time for which application threads were stopped: 0,0000998 seconds, Stopping threads took: 0,0000357 seconds
2015-12-01T12:48:16.986-0500: 605,902: Total time for which application threads were stopped: 0,0000769 seconds, Stopping threads took: 0,0000309 seconds
2015-12-01T12:48:16.986-0500: 605,902: Total time for which application threads were stopped: 0,0000437 seconds, Stopping threads took: 0,0000125 seconds
2015-12-01T12:48:16.988-0500: 605,904: Total time for which application threads were stopped: 0,0001097 seconds, Stopping threads took: 0,0000469 seconds
2015-12-01T12:48:16.990-0500: 605,906: Total time for which application threads were stopped: 0,0000921 seconds, Stopping threads took: 0,0000217 seconds
2015-12-01T12:48:16.994-0500: 605,909: Total time for which application threads were stopped: 0,0001141 seconds, Stopping threads took: 0,0000507 seconds
2015-12-01T12:48:17.202-0500: 606,118: Total time for which application threads were stopped: 0,0002346 seconds, Stopping threads took: 0,0000795 seconds
2015-12-01T12:48:17.202-0500: 606,118: Total time for which application threads were stopped: 0,0000351 seconds, Stopping threads took: 0,0000053 seconds
2015-12-01T12:48:17.211-0500: 606,127: Total time for which application threads were stopped: 0,0001249 seconds, Stopping threads took: 0,0000513 seconds
2015-12-01T12:48:17.211-0500: 606,127: Total time for which application threads were stopped: 0,0000351 seconds, Stopping threads took: 0,0000145 seconds
2015-12-01T12:48:18.163-0500: 607,079: Total time for which application threads were stopped: 0,0000947 seconds, Stopping threads took: 0,0000280 seconds
{Heap before GC invocations=11 (full 1):
 par new generation   total 109248K, used 95841K [0x00000000e0000000, 0x00000000e8000000, 0x00000000e8000000)
  eden space 87424K, 100% used [0x00000000e0000000, 0x00000000e5560000, 0x00000000e5560000)
  from space 21824K,  38% used [0x00000000e6ab0000, 0x00000000e72e8740, 0x00000000e8000000)
  to   space 21824K,   0% used [0x00000000e5560000, 0x00000000e5560000, 0x00000000e6ab0000)
 concurrent mark-sweep generation total 393216K, used 6677K [0x00000000e8000000, 0x0000000100000000, 0x0000000100000000)
 Metaspace       used 29779K, capacity 30156K, committed 30540K, reserved 1077248K
  class space    used 3429K, capacity 3580K, committed 3660K, reserved 1048576K
2015-12-01T12:48:18.212-0500: 607,128: [GC (Allocation Failure) 2015-12-01T12:48:18.212-0500: 607,128: [ParNew
Desired survivor size 20112992 bytes, new threshold 8 (max 8)
- age   1:    5191736 bytes,    5191736 total
- age   2:     441072 bytes,    5632808 total
- age   3:     141992 bytes,    5774800 total
- age   4:     716848 bytes,    6491648 total
- age   5:       9048 bytes,    6500696 total
- age   6:     844056 bytes,    7344752 total
- age   7:    1893616 bytes,    9238368 total
- age   8:     182936 bytes,    9421304 total
: 95841K->10634K(109248K), 0,0141954 secs] 102519K->17312K(502464K), 0,0142872 secs] [Times: user=0,04 sys=0,00, real=0,01 secs] 
Heap after GC invocations=12 (full 1):
 par new generation   total 109248K, used 10634K [0x00000000e0000000, 0x00000000e8000000, 0x00000000e8000000)
  eden space 87424K,   0% used [0x00000000e0000000, 0x00000000e0000000, 0x00000000e5560000)
  from space 21824K,  48% used [0x00000000e5560000, 0x00000000e5fc2ad8, 0x00000000e6ab0000)
  to   space 21824K,   0% used [0x00000000e6ab0000, 0x00000000e6ab0000, 0x00000000e8000000)
 concurrent mark-sweep generation total 393216K, used 6677K [0x00000000e8000000, 0x0000000100000000, 0x0000000100000000)
 Metaspace       used 29779K, capacity 30156K, committed 30540K, reserved 1077248K
  class space    used 3429K, capacity 3580K, committed 3660K, reserved 1048576K
}
2015-12-01T12:48:18.226-0500: 607,142: Total time for which application threads were stopped: 0,0144934 seconds, Stopping threads took: 0,0000365 seconds
2015-12-01T12:48:18.227-0500: 607,143: Total time for which application threads were stopped: 0,0000953 seconds, Stopping threads took: 0,0000285 seconds
2015-12-01T12:48:18.227-0500: 607,143: Total time for which application threads were stopped: 0,0000395 seconds, Stopping threads took: 0,0000081 seconds
2015-12-01T12:48:18.227-0500: 607,143: Total time for which application threads were stopped: 0,0000948 seconds, Stopping threads took: 0,0000246 seconds
2015-12-01T12:48:18.228-0500: 607,144: Total time for which application threads were stopped: 0,0001533 seconds, Stopping threads took: 0,0000806 seconds
{Heap before GC invocations=12 (full 1):
 par new generation   total 109248K, used 98058K [0x00000000e0000000, 0x00000000e8000000, 0x00000000e8000000)
  eden space 87424K, 100% used [0x00000000e0000000, 0x00000000e5560000, 0x00000000e5560000)
  from space 21824K,  48% used [0x00000000e5560000, 0x00000000e5fc2ad8, 0x00000000e6ab0000)
  to   space 21824K,   0% used [0x00000000e6ab0000, 0x00000000e6ab0000, 0x00000000e8000000)
 concurrent mark-sweep generation total 393216K, used 6677K [0x00000000e8000000, 0x0000000100000000, 0x0000000100000000)
 Metaspace       used 29820K, capacity 30192K, committed 30540K, reserved 1077248K
  class space    used 3433K, capacity 3586K, committed 3660K, reserved 1048576K
2015-12-01T12:48:18.288-0500: 607,204: [GC (Allocation Failure) 2015-12-01T12:48:18.289-0500: 607,204: [ParNew
Desired survivor size 20112992 bytes, new threshold 8 (max 8)
- age   1:     237584 bytes,     237584 total
- age   2:    4048912 bytes,    4286496 total
- age   3:     440752 bytes,    4727248 total
- age   4:     141688 bytes,    4868936 total
- age   5:     716848 bytes,    5585784 total
- age   6:       9048 bytes,    5594832 total
- age   7:     844056 bytes,    6438888 total
- age   8:    1821176 bytes,    8260064 total
: 98058K->11577K(109248K), 0,0157766 secs] 104736K->18438K(502464K), 0,0158823 secs] [Times: user=0,05 sys=0,00, real=0,02 secs] 
Heap after GC invocations=13 (full 1):
 par new generation   total 109248K, used 11577K [0x00000000e0000000, 0x00000000e8000000, 0x00000000e8000000)
  eden space 87424K,   0% used [0x00000000e0000000, 0x00000000e0000000, 0x00000000e5560000)
  from space 21824K,  53% used [0x00000000e6ab0000, 0x00000000e75fe6a0, 0x00000000e8000000)
  to   space 21824K,   0% used [0x00000000e5560000, 0x00000000e5560000, 0x00000000e6ab0000)
 concurrent mark-sweep generation total 393216K, used 6860K [0x00000000e8000000, 0x0000000100000000, 0x0000000100000000)
 Metaspace       used 29820K, capacity 30192K, committed 30540K, reserved 1077248K
  class space    used 3433K, capacity 3586K, committed 3660K, reserved 1048576K
}
2015-12-01T12:48:18.304-0500: 607,220: Total time for which application threads were stopped: 0,0160777 seconds, Stopping threads took: 0,0000289 seconds
2015-12-01T12:48:18.310-0500: 607,226: Total time for which application threads were stopped: 0,0002036 seconds, Stopping threads took: 0,0000920 seconds
2015-12-01T12:48:18.310-0500: 607,226: Total time for which application threads were stopped: 0,0000838 seconds, Stopping threads took: 0,0000273 seconds
2015-12-01T12:48:18.361-0500: 607,277: Total time for which application threads were stopped: 0,0001618 seconds, Stopping threads took: 0,0000467 seconds
2015-12-01T12:48:18.370-0500: 607,286: Total time for which application threads were stopped: 0,0001198 seconds, Stopping threads took: 0,0000306 seconds
2015-12-01T12:48:18.370-0500: 607,286: Total time for which application threads were stopped: 0,0000619 seconds, Stopping threads took: 0,0000231 seconds
2015-12-01T12:48:18.378-0500: 607,294: Total time for which application threads were stopped: 0,0001398 seconds, Stopping threads took: 0,0000723 seconds
2015-12-01T12:48:18.378-0500: 607,294: Total time for which application threads were stopped: 0,0001698 seconds, Stopping threads took: 0,0001449 seconds
2015-12-01T12:48:18.379-0500: 607,295: Total time for which application threads were stopped: 0,0000505 seconds, Stopping threads took: 0,0000123 seconds
2015-12-01T12:48:18.379-0500: 607,295: Total time for which application threads were stopped: 0,0000334 seconds, Stopping threads took: 0,0000094 seconds
2015-12-01T12:48:18.379-0500: 607,295: Total time for which application threads were stopped: 0,0000321 seconds, Stopping threads took: 0,0000085 seconds
2015-12-01T12:48:18.379-0500: 607,295: Total time for which application threads were stopped: 0,0000325 seconds, Stopping threads took: 0,0000088 seconds
2015-12-01T12:48:18.379-0500: 607,295: Total time for which application threads were stopped: 0,0000287 seconds, Stopping threads took: 0,0000070 seconds
2015-12-01T12:48:18.379-0500: 607,295: Total time for which application threads were stopped: 0,0000278 seconds, Stopping threads took: 0,0000067 seconds
2015-12-01T12:48:18.379-0500: 607,295: Total time for which application threads were stopped: 0,0000286 seconds, Stopping threads took: 0,0000067 seconds
2015-12-01T12:48:18.379-0500: 607,295: Total time for which application threads were stopped: 0,0000278 seconds, Stopping threads took: 0,0000068 seconds
2015-12-01T12:48:18.379-0500: 607,295: Total time for which application threads were stopped: 0,0000283 seconds, Stopping threads took: 0,0000067 seconds
2015-12-01T12:48:18.379-0500: 607,295: Total time for which application threads were stopped: 0,0000279 seconds, Stopping threads took: 0,0000067 seconds
2015-12-01T12:48:18.379-0500: 607,295: Total time for which application threads were stopped: 0,0000284 seconds, Stopping threads took: 0,0000069 seconds
2015-12-01T12:48:18.379-0500: 607,295: Total time for which application threads were stopped: 0,0000276 seconds, Stopping threads took: 0,0000068 seconds
2015-12-01T12:48:18.380-0500: 607,295: Total time for which application threads were stopped: 0,0000287 seconds, Stopping threads took: 0,0000077 seconds
2015-12-01T12:48:18.380-0500: 607,295: Total time for which application threads were stopped: 0,0000275 seconds, Stopping threads took: 0,0000068 seconds
2015-12-01T12:48:18.380-0500: 607,296: Total time for which application threads were stopped: 0,0000312 seconds, Stopping threads took: 0,0000073 seconds
2015-12-01T12:48:18.380-0500: 607,296: Total time for which application threads were stopped: 0,0000284 seconds, Stopping threads took: 0,0000068 seconds
2015-12-01T12:48:18.380-0500: 607,296: Total time for which application threads were stopped: 0,0000286 seconds, Stopping threads took: 0,0000067 seconds
2015-12-01T12:48:18.380-0500: 607,296: Total time for which application threads were stopped: 0,0000278 seconds, Stopping threads took: 0,0000067 seconds
2015-12-01T12:48:18.380-0500: 607,296: Total time for which application threads were stopped: 0,0000308 seconds, Stopping threads took: 0,0000067 seconds
2015-12-01T12:48:18.380-0500: 607,296: Total time for which application threads were stopped: 0,0001010 seconds, Stopping threads took: 0,0000080 seconds
2015-12-01T12:48:18.381-0500: 607,297: Total time for which application threads were stopped: 0,0000628 seconds, Stopping threads took: 0,0000156 seconds
2015-12-01T12:48:18.383-0500: 607,299: Total time for which application threads were stopped: 0,0000986 seconds, Stopping threads took: 0,0000286 seconds
2015-12-01T12:48:18.383-0500: 607,299: Total time for which application threads were stopped: 0,0000931 seconds, Stopping threads took: 0,0000610 seconds
2015-12-01T12:48:18.385-0500: 607,301: Total time for which application threads were stopped: 0,0000865 seconds, Stopping threads took: 0,0000329 seconds
2015-12-01T12:48:18.385-0500: 607,301: Total time for which application threads were stopped: 0,0000442 seconds, Stopping threads took: 0,0000207 seconds
2015-12-01T12:48:18.385-0500: 607,301: Total time for which application threads were stopped: 0,0000683 seconds, Stopping threads took: 0,0000216 seconds
2015-12-01T12:48:18.393-0500: 607,309: Total time for which application threads were stopped: 0,0001250 seconds, Stopping threads took: 0,0000394 seconds
2015-12-01T12:48:19.393-0500: 608,309: Total time for which application threads were stopped: 0,0001014 seconds, Stopping threads took: 0,0000284 seconds
2015-12-01T12:48:20.055-0500: 608,971: Total time for which application threads were stopped: 0,0001180 seconds, Stopping threads took: 0,0000265 seconds
2015-12-01T12:48:20.100-0500: 609,016: Total time for which application threads were stopped: 0,0001801 seconds, Stopping threads took: 0,0000677 seconds
2015-12-01T12:48:20.100-0500: 609,016: Total time for which application threads were stopped: 0,0000487 seconds, Stopping threads took: 0,0000181 seconds
2015-12-01T12:48:20.101-0500: 609,016: Total time for which application threads were stopped: 0,0000638 seconds, Stopping threads took: 0,0000153 seconds
2015-12-01T12:48:20.101-0500: 609,017: Total time for which application threads were stopped: 0,0000608 seconds, Stopping threads took: 0,0000189 seconds
2015-12-01T12:48:20.956-0500: 609,872: Total time for which application threads were stopped: 0,0001129 seconds, Stopping threads took: 0,0000250 seconds
2015-12-01T12:48:20.983-0500: 609,899: Total time for which application threads were stopped: 0,0002115 seconds, Stopping threads took: 0,0001225 seconds
2015-12-01T12:48:20.985-0500: 609,901: Total time for which application threads were stopped: 0,0004386 seconds, Stopping threads took: 0,0001370 seconds
2015-12-01T12:48:20.986-0500: 609,902: Total time for which application threads were stopped: 0,0000807 seconds, Stopping threads took: 0,0000107 seconds
2015-12-01T12:48:20.986-0500: 609,902: Total time for which application threads were stopped: 0,0000362 seconds, Stopping threads took: 0,0000079 seconds
2015-12-01T12:48:20.986-0500: 609,902: Total time for which application threads were stopped: 0,0000279 seconds, Stopping threads took: 0,0000037 seconds
2015-12-01T12:48:20.986-0500: 609,902: Total time for which application threads were stopped: 0,0000262 seconds, Stopping threads took: 0,0000035 seconds
2015-12-01T12:48:20.986-0500: 609,902: Total time for which application threads were stopped: 0,0000467 seconds, Stopping threads took: 0,0000143 seconds
2015-12-01T12:48:20.986-0500: 609,902: Total time for which application threads were stopped: 0,0000420 seconds, Stopping threads took: 0,0000086 seconds
2015-12-01T12:48:23.001-0500: 611,917: Total time for which application threads were stopped: 0,0000841 seconds, Stopping threads took: 0,0000216 seconds
2015-12-01T12:48:23.918-0500: 612,834: Total time for which application threads were stopped: 0,0001076 seconds, Stopping threads took: 0,0000247 seconds
2015-12-01T12:48:23.922-0500: 612,838: Total time for which application threads were stopped: 0,0000838 seconds, Stopping threads took: 0,0000244 seconds
2015-12-01T12:48:23.929-0500: 612,845: Total time for which application threads were stopped: 0,0001573 seconds, Stopping threads took: 0,0000789 seconds
2015-12-01T12:48:23.929-0500: 612,845: Total time for which application threads were stopped: 0,0000546 seconds, Stopping threads took: 0,0000180 seconds
2015-12-01T12:48:23.929-0500: 612,845: Total time for which application threads were stopped: 0,0000506 seconds, Stopping threads took: 0,0000192 seconds
2015-12-01T12:48:23.929-0500: 612,845: Total time for which application threads were stopped: 0,0001290 seconds, Stopping threads took: 0,0000445 seconds
2015-12-01T12:48:23.930-0500: 612,846: Total time for which application threads were stopped: 0,0000565 seconds, Stopping threads took: 0,0000252 seconds
2015-12-01T12:48:23.930-0500: 612,846: Total time for which application threads were stopped: 0,0000456 seconds, Stopping threads took: 0,0000160 seconds
2015-12-01T12:48:23.936-0500: 612,852: Total time for which application threads were stopped: 0,0000921 seconds, Stopping threads took: 0,0000231 seconds
2015-12-01T12:48:23.936-0500: 612,852: Total time for which application threads were stopped: 0,0000582 seconds, Stopping threads took: 0,0000167 seconds
2015-12-01T12:48:23.964-0500: 612,880: Total time for which application threads were stopped: 0,0007956 seconds, Stopping threads took: 0,0000199 seconds
2015-12-01T12:48:23.966-0500: 612,882: Total time for which application threads were stopped: 0,0004016 seconds, Stopping threads took: 0,0001398 seconds
2015-12-01T12:48:24.161-0500: 613,077: Total time for which application threads were stopped: 0,0003825 seconds, Stopping threads took: 0,0000175 seconds
2015-12-01T12:48:24.162-0500: 613,078: Total time for which application threads were stopped: 0,0001461 seconds, Stopping threads took: 0,0000302 seconds
2015-12-01T12:48:25.009-0500: 613,925: Total time for which application threads were stopped: 0,0001420 seconds, Stopping threads took: 0,0000243 seconds
2015-12-01T12:48:26.009-0500: 614,925: Total time for which application threads were stopped: 0,0000820 seconds, Stopping threads took: 0,0000225 seconds
2015-12-01T12:48:26.136-0500: 615,052: Total time for which application threads were stopped: 0,0004788 seconds, Stopping threads took: 0,0000270 seconds
2015-12-01T12:48:26.139-0500: 615,055: Total time for which application threads were stopped: 0,0003792 seconds, Stopping threads took: 0,0000142 seconds
2015-12-01T12:48:26.145-0500: 615,061: Total time for which application threads were stopped: 0,0000894 seconds, Stopping threads took: 0,0000249 seconds
2015-12-01T12:48:26.160-0500: 615,076: Total time for which application threads were stopped: 0,0000952 seconds, Stopping threads took: 0,0000322 seconds
2015-12-01T12:48:26.169-0500: 615,085: Total time for which application threads were stopped: 0,0001005 seconds, Stopping threads took: 0,0000353 seconds
2015-12-01T12:48:26.172-0500: 615,088: Total time for which application threads were stopped: 0,0004346 seconds, Stopping threads took: 0,0000275 seconds
2015-12-01T12:48:26.174-0500: 615,090: Total time for which application threads were stopped: 0,0003376 seconds, Stopping threads took: 0,0000187 seconds
2015-12-01T12:48:26.181-0500: 615,097: Total time for which application threads were stopped: 0,0000997 seconds, Stopping threads took: 0,0000409 seconds
2015-12-01T12:48:26.184-0500: 615,100: Total time for which application threads were stopped: 0,0001034 seconds, Stopping threads took: 0,0000260 seconds
2015-12-01T12:48:26.187-0500: 615,103: Total time for which application threads were stopped: 0,0000919 seconds, Stopping threads took: 0,0000288 seconds
2015-12-01T12:48:26.190-0500: 615,106: Total time for which application threads were stopped: 0,0000846 seconds, Stopping threads took: 0,0000283 seconds
2015-12-01T12:48:26.193-0500: 615,109: Total time for which application threads were stopped: 0,0001066 seconds, Stopping threads took: 0,0000458 seconds
2015-12-01T12:48:26.195-0500: 615,111: Total time for which application threads were stopped: 0,0001089 seconds, Stopping threads took: 0,0000540 seconds
2015-12-01T12:48:26.198-0500: 615,114: Total time for which application threads were stopped: 0,0000595 seconds, Stopping threads took: 0,0000245 seconds
2015-12-01T12:48:26.200-0500: 615,116: Total time for which application threads were stopped: 0,0000454 seconds, Stopping threads took: 0,0000118 seconds
2015-12-01T12:48:26.202-0500: 615,118: Total time for which application threads were stopped: 0,0000636 seconds, Stopping threads took: 0,0000234 seconds
2015-12-01T12:48:26.205-0500: 615,121: Total time for which application threads were stopped: 0,0000999 seconds, Stopping threads took: 0,0000327 seconds
2015-12-01T12:48:26.207-0500: 615,123: Total time for which application threads were stopped: 0,0000871 seconds, Stopping threads took: 0,0000208 seconds
2015-12-01T12:48:26.210-0500: 615,125: Total time for which application threads were stopped: 0,0000594 seconds, Stopping threads took: 0,0000159 seconds
2015-12-01T12:48:26.211-0500: 615,127: Total time for which application threads were stopped: 0,0000579 seconds, Stopping threads took: 0,0000241 seconds
2015-12-01T12:48:26.213-0500: 615,129: Total time for which application threads were stopped: 0,0000711 seconds, Stopping threads took: 0,0000188 seconds
2015-12-01T12:48:26.214-0500: 615,130: Total time for which application threads were stopped: 0,0000618 seconds, Stopping threads took: 0,0000155 seconds
2015-12-01T12:48:26.216-0500: 615,132: Total time for which application threads were stopped: 0,0000943 seconds, Stopping threads took: 0,0000197 seconds
2015-12-01T12:48:26.218-0500: 615,134: Total time for which application threads were stopped: 0,0000729 seconds, Stopping threads took: 0,0000173 seconds
2015-12-01T12:48:26.220-0500: 615,136: Total time for which application threads were stopped: 0,0001311 seconds, Stopping threads took: 0,0000821 seconds
2015-12-01T12:48:26.221-0500: 615,137: Total time for which application threads were stopped: 0,0001344 seconds, Stopping threads took: 0,0000264 seconds
2015-12-01T12:48:26.302-0500: 615,218: Total time for which application threads were stopped: 0,0001625 seconds, Stopping threads took: 0,0000441 seconds
2015-12-01T12:48:26.456-0500: 615,372: Total time for which application threads were stopped: 0,0001849 seconds, Stopping threads took: 0,0000361 seconds
2015-12-01T12:48:27.180-0500: 616,096: Total time for which application threads were stopped: 0,0001733 seconds, Stopping threads took: 0,0000336 seconds
2015-12-01T12:48:27.198-0500: 616,114: Total time for which application threads were stopped: 0,0004334 seconds, Stopping threads took: 0,0000285 seconds
2015-12-01T12:48:27.204-0500: 616,120: Total time for which application threads were stopped: 0,0003887 seconds, Stopping threads took: 0,0000241 seconds
2015-12-01T12:48:27.212-0500: 616,128: Total time for which application threads were stopped: 0,0001463 seconds, Stopping threads took: 0,0000830 seconds
2015-12-01T12:48:28.212-0500: 617,128: Total time for which application threads were stopped: 0,0000844 seconds, Stopping threads took: 0,0000241 seconds
2015-12-01T12:48:31.213-0500: 620,129: Total time for which application threads were stopped: 0,0001011 seconds, Stopping threads took: 0,0000273 seconds
2015-12-01T12:48:32.213-0500: 621,129: Total time for which application threads were stopped: 0,0001651 seconds, Stopping threads took: 0,0000437 seconds
2015-12-01T12:48:39.214-0500: 628,130: Total time for which application threads were stopped: 0,0000763 seconds, Stopping threads took: 0,0000224 seconds
2015-12-01T12:49:08.217-0500: 657,133: Total time for which application threads were stopped: 0,0000928 seconds, Stopping threads took: 0,0000378 seconds
2015-12-01T12:49:20.101-0500: 669,016: Total time for which application threads were stopped: 0,0001030 seconds, Stopping threads took: 0,0000459 seconds
2015-12-01T12:49:20.101-0500: 669,017: Total time for which application threads were stopped: 0,0000485 seconds, Stopping threads took: 0,0000076 seconds
2015-12-01T12:49:20.838-0500: 669,753: Total time for which application threads were stopped: 0,0001191 seconds, Stopping threads took: 0,0000366 seconds
2015-12-01T12:49:20.838-0500: 669,754: Total time for which application threads were stopped: 0,0000715 seconds, Stopping threads took: 0,0000254 seconds
2015-12-01T12:49:20.843-0500: 669,759: Total time for which application threads were stopped: 0,0001311 seconds, Stopping threads took: 0,0000435 seconds
2015-12-01T12:49:20.859-0500: 669,775: Total time for which application threads were stopped: 0,0000952 seconds, Stopping threads took: 0,0000230 seconds
2015-12-01T12:49:20.860-0500: 669,776: Total time for which application threads were stopped: 0,0004589 seconds, Stopping threads took: 0,0004197 seconds
2015-12-01T12:49:20.860-0500: 669,776: Total time for which application threads were stopped: 0,0000646 seconds, Stopping threads took: 0,0000203 seconds
2015-12-01T12:49:21.060-0500: 669,976: Total time for which application threads were stopped: 0,0001367 seconds, Stopping threads took: 0,0000236 seconds
2015-12-01T12:49:21.060-0500: 669,976: Total time for which application threads were stopped: 0,0000411 seconds, Stopping threads took: 0,0000096 seconds
2015-12-01T12:49:21.062-0500: 669,978: Total time for which application threads were stopped: 0,0001379 seconds, Stopping threads took: 0,0000185 seconds
2015-12-01T12:49:21.063-0500: 669,978: Total time for which application threads were stopped: 0,0000567 seconds, Stopping threads took: 0,0000050 seconds
2015-12-01T12:49:21.063-0500: 669,979: Total time for which application threads were stopped: 0,0000685 seconds, Stopping threads took: 0,0000051 seconds
2015-12-01T12:49:25.489-0500: 674,405: Total time for which application threads were stopped: 0,0001238 seconds, Stopping threads took: 0,0000263 seconds
2015-12-01T12:49:25.489-0500: 674,405: Total time for which application threads were stopped: 0,0000750 seconds, Stopping threads took: 0,0000165 seconds
2015-12-01T12:49:26.489-0500: 675,405: Total time for which application threads were stopped: 0,0000788 seconds, Stopping threads took: 0,0000231 seconds
2015-12-01T12:49:41.514-0500: 690,430: Total time for which application threads were stopped: 0,0001247 seconds, Stopping threads took: 0,0000270 seconds
2015-12-01T12:49:42.514-0500: 691,430: Total time for which application threads were stopped: 0,0000799 seconds, Stopping threads took: 0,0000242 seconds
2015-12-01T12:49:42.886-0500: 691,802: Total time for which application threads were stopped: 0,0001182 seconds, Stopping threads took: 0,0000295 seconds
2015-12-01T12:49:43.706-0500: 692,622: Total time for which application threads were stopped: 0,0000965 seconds, Stopping threads took: 0,0000292 seconds
2015-12-01T12:49:46.996-0500: 695,912: Total time for which application threads were stopped: 0,0001027 seconds, Stopping threads took: 0,0000404 seconds
2015-12-01T12:49:46.997-0500: 695,913: Total time for which application threads were stopped: 0,0001209 seconds, Stopping threads took: 0,0000207 seconds
2015-12-01T12:49:55.180-0500: 704,095: Total time for which application threads were stopped: 0,0000965 seconds, Stopping threads took: 0,0000294 seconds
2015-12-01T12:49:55.867-0500: 704,782: Total time for which application threads were stopped: 0,0001553 seconds, Stopping threads took: 0,0000197 seconds
2015-12-01T12:50:12.379-0500: 721,295: Total time for which application threads were stopped: 0,0000813 seconds, Stopping threads took: 0,0000182 seconds
2015-12-01T12:50:21.065-0500: 729,981: Total time for which application threads were stopped: 0,0001679 seconds, Stopping threads took: 0,0001125 seconds
2015-12-01T12:50:36.875-0500: 745,791: Total time for which application threads were stopped: 0,0001779 seconds, Stopping threads took: 0,0000290 seconds
2015-12-01T12:50:37.434-0500: 746,350: Total time for which application threads were stopped: 0,0001182 seconds, Stopping threads took: 0,0000260 seconds
2015-12-01T12:50:37.731-0500: 746,647: Total time for which application threads were stopped: 0,0000969 seconds, Stopping threads took: 0,0000339 seconds
2015-12-01T12:50:37.888-0500: 746,804: Total time for which application threads were stopped: 0,0000949 seconds, Stopping threads took: 0,0000328 seconds
2015-12-01T12:50:38.888-0500: 747,804: Total time for which application threads were stopped: 0,0000750 seconds, Stopping threads took: 0,0000233 seconds
2015-12-01T12:51:16.725-0500: 785,640: Total time for which application threads were stopped: 0,0001433 seconds, Stopping threads took: 0,0000451 seconds
2015-12-01T12:51:16.921-0500: 785,837: Total time for which application threads were stopped: 0,0001556 seconds, Stopping threads took: 0,0000371 seconds
2015-12-01T12:51:17.921-0500: 786,837: Total time for which application threads were stopped: 0,0001000 seconds, Stopping threads took: 0,0000318 seconds
{Heap before GC invocations=13 (full 1):
 par new generation   total 109248K, used 99001K [0x00000000e0000000, 0x00000000e8000000, 0x00000000e8000000)
  eden space 87424K, 100% used [0x00000000e0000000, 0x00000000e5560000, 0x00000000e5560000)
  from space 21824K,  53% used [0x00000000e6ab0000, 0x00000000e75fe6a0, 0x00000000e8000000)
  to   space 21824K,   0% used [0x00000000e5560000, 0x00000000e5560000, 0x00000000e6ab0000)
 concurrent mark-sweep generation total 393216K, used 6860K [0x00000000e8000000, 0x0000000100000000, 0x0000000100000000)
 Metaspace       used 33568K, capacity 34020K, committed 34380K, reserved 1079296K
  class space    used 3718K, capacity 3884K, committed 3916K, reserved 1048576K
2015-12-01T12:51:34.480-0500: 803,396: [GC (Allocation Failure) 2015-12-01T12:51:34.480-0500: 803,396: [ParNew
Desired survivor size 20112992 bytes, new threshold 8 (max 8)
- age   1:    7691600 bytes,    7691600 total
- age   2:      90976 bytes,    7782576 total
- age   3:    1610664 bytes,    9393240 total
- age   4:     440752 bytes,    9833992 total
- age   5:     141688 bytes,    9975680 total
- age   6:     716784 bytes,   10692464 total
- age   7:       9048 bytes,   10701512 total
- age   8:     843792 bytes,   11545304 total
: 99001K->13323K(109248K), 0,0123129 secs] 105862K->22019K(502464K), 0,0124697 secs] [Times: user=0,04 sys=0,00, real=0,01 secs] 
Heap after GC invocations=14 (full 1):
 par new generation   total 109248K, used 13323K [0x00000000e0000000, 0x00000000e8000000, 0x00000000e8000000)
  eden space 87424K,   0% used [0x00000000e0000000, 0x00000000e0000000, 0x00000000e5560000)
  from space 21824K,  61% used [0x00000000e5560000, 0x00000000e6262ed8, 0x00000000e6ab0000)
  to   space 21824K,   0% used [0x00000000e6ab0000, 0x00000000e6ab0000, 0x00000000e8000000)
 concurrent mark-sweep generation total 393216K, used 8695K [0x00000000e8000000, 0x0000000100000000, 0x0000000100000000)
 Metaspace       used 33568K, capacity 34020K, committed 34380K, reserved 1079296K
  class space    used 3718K, capacity 3884K, committed 3916K, reserved 1048576K
}
2015-12-01T12:51:34.493-0500: 803,409: Total time for which application threads were stopped: 0,0127308 seconds, Stopping threads took: 0,0000262 seconds
2015-12-01T12:51:34.494-0500: 803,410: Total time for which application threads were stopped: 0,0000876 seconds, Stopping threads took: 0,0000218 seconds
2015-12-01T12:51:34.495-0500: 803,411: Total time for which application threads were stopped: 0,0001063 seconds, Stopping threads took: 0,0000421 seconds
2015-12-01T12:51:34.495-0500: 803,411: Total time for which application threads were stopped: 0,0000380 seconds, Stopping threads took: 0,0000073 seconds
2015-12-01T12:51:34.497-0500: 803,413: Total time for which application threads were stopped: 0,0000550 seconds, Stopping threads took: 0,0000124 seconds
2015-12-01T12:51:35.497-0500: 804,413: Total time for which application threads were stopped: 0,0001786 seconds, Stopping threads took: 0,0000441 seconds
2015-12-01T12:52:25.503-0500: 854,419: Total time for which application threads were stopped: 0,0001434 seconds, Stopping threads took: 0,0000565 seconds
2015-12-01T12:53:49.214-0500: 938,130: Total time for which application threads were stopped: 0,0000983 seconds, Stopping threads took: 0,0000384 seconds
2015-12-01T12:53:50.214-0500: 939,130: Total time for which application threads were stopped: 0,0001414 seconds, Stopping threads took: 0,0000387 seconds
2015-12-01T12:55:29.226-0500: 1038,142: Total time for which application threads were stopped: 0,0001745 seconds, Stopping threads took: 0,0000680 seconds
2015-12-01T12:56:58.701-0500: 1127,617: Total time for which application threads were stopped: 0,0001003 seconds, Stopping threads took: 0,0000373 seconds
2015-12-01T12:56:59.330-0500: 1128,246: Total time for which application threads were stopped: 0,0001021 seconds, Stopping threads took: 0,0000332 seconds
2015-12-01T12:57:00.330-0500: 1129,246: Total time for which application threads were stopped: 0,0000987 seconds, Stopping threads took: 0,0000276 seconds
2015-12-01T12:57:32.091-0500: 1161,007: Total time for which application threads were stopped: 0,0000957 seconds, Stopping threads took: 0,0000288 seconds
2015-12-01T12:57:32.257-0500: 1161,173: Total time for which application threads were stopped: 0,0000926 seconds, Stopping threads took: 0,0000213 seconds
2015-12-01T12:57:33.257-0500: 1162,173: Total time for which application threads were stopped: 0,0000828 seconds, Stopping threads took: 0,0000196 seconds
2015-12-01T12:57:34.257-0500: 1163,173: Total time for which application threads were stopped: 0,0000906 seconds, Stopping threads took: 0,0000256 seconds
2015-12-01T12:57:39.258-0500: 1168,174: Total time for which application threads were stopped: 0,0000670 seconds, Stopping threads took: 0,0000181 seconds
2015-12-01T12:57:53.260-0500: 1182,176: Total time for which application threads were stopped: 0,0000733 seconds, Stopping threads took: 0,0000216 seconds
2015-12-01T13:00:30.276-0500: 1339,192: Total time for which application threads were stopped: 0,0001232 seconds, Stopping threads took: 0,0000477 seconds
2015-12-01T13:20:05.999-0500: 2514,914: Total time for which application threads were stopped: 0,0001981 seconds, Stopping threads took: 0,0000582 seconds
2015-12-01T13:20:06.220-0500: 2515,136: Total time for which application threads were stopped: 0,0000904 seconds, Stopping threads took: 0,0000250 seconds
2015-12-01T13:20:34.492-0500: 2543,408: Total time for which application threads were stopped: 0,0001309 seconds, Stopping threads took: 0,0000385 seconds
2015-12-01T13:25:43.527-0500: 2852,443: Total time for which application threads were stopped: 0,0000886 seconds, Stopping threads took: 0,0000376 seconds
2015-12-01T13:30:47.695-0500: 3156,610: Total time for which application threads were stopped: 0,0001094 seconds, Stopping threads took: 0,0000364 seconds
2015-12-01T13:30:47.700-0500: 3156,616: Total time for which application threads were stopped: 0,0000875 seconds, Stopping threads took: 0,0000178 seconds
2015-12-01T13:30:47.703-0500: 3156,619: Total time for which application threads were stopped: 0,0000948 seconds, Stopping threads took: 0,0000201 seconds
2015-12-01T13:30:47.755-0500: 3156,671: Total time for which application threads were stopped: 0,0001157 seconds, Stopping threads took: 0,0000331 seconds
2015-12-01T13:30:47.765-0500: 3156,681: Total time for which application threads were stopped: 0,0001235 seconds, Stopping threads took: 0,0000234 seconds
2015-12-01T13:30:47.782-0500: 3156,698: Total time for which application threads were stopped: 0,0001017 seconds, Stopping threads took: 0,0000214 seconds
2015-12-01T13:30:47.783-0500: 3156,699: Total time for which application threads were stopped: 0,0000742 seconds, Stopping threads took: 0,0000085 seconds
2015-12-01T13:30:47.815-0500: 3156,731: Total time for which application threads were stopped: 0,0001656 seconds, Stopping threads took: 0,0000658 seconds
2015-12-01T13:30:47.815-0500: 3156,731: Total time for which application threads were stopped: 0,0001588 seconds, Stopping threads took: 0,0001014 seconds
2015-12-01T13:30:48.816-0500: 3157,732: Total time for which application threads were stopped: 0,0001093 seconds, Stopping threads took: 0,0000257 seconds
2015-12-01T13:30:49.816-0500: 3158,732: Total time for which application threads were stopped: 0,0001092 seconds, Stopping threads took: 0,0000335 seconds
2015-12-01T13:30:50.289-0500: 3159,205: Total time for which application threads were stopped: 0,0001212 seconds, Stopping threads took: 0,0000341 seconds
{Heap before GC invocations=14 (full 1):
 par new generation   total 109248K, used 100747K [0x00000000e0000000, 0x00000000e8000000, 0x00000000e8000000)
  eden space 87424K, 100% used [0x00000000e0000000, 0x00000000e5560000, 0x00000000e5560000)
  from space 21824K,  61% used [0x00000000e5560000, 0x00000000e6262ed8, 0x00000000e6ab0000)
  to   space 21824K,   0% used [0x00000000e6ab0000, 0x00000000e6ab0000, 0x00000000e8000000)
 concurrent mark-sweep generation total 393216K, used 8695K [0x00000000e8000000, 0x0000000100000000, 0x0000000100000000)
 Metaspace       used 34020K, capacity 34576K, committed 34764K, reserved 1079296K
  class space    used 3770K, capacity 3950K, committed 4044K, reserved 1048576K
2015-12-01T13:30:50.557-0500: 3159,472: [GC (Allocation Failure) 2015-12-01T13:30:50.557-0500: 3159,472: [ParNew
Desired survivor size 20112992 bytes, new threshold 8 (max 8)
- age   1:    2249352 bytes,    2249352 total
- age   2:    5790368 bytes,    8039720 total
- age   3:      90976 bytes,    8130696 total
- age   4:    1299312 bytes,    9430008 total
- age   5:      10640 bytes,    9440648 total
- age   6:       3848 bytes,    9444496 total
- age   7:     241328 bytes,    9685824 total
- age   8:       9048 bytes,    9694872 total
: 100747K->14269K(109248K), 0,0168216 secs] 109443K->23796K(502464K), 0,0169253 secs] [Times: user=0,06 sys=0,00, real=0,02 secs] 
Heap after GC invocations=15 (full 1):
 par new generation   total 109248K, used 14269K [0x00000000e0000000, 0x00000000e8000000, 0x00000000e8000000)
  eden space 87424K,   0% used [0x00000000e0000000, 0x00000000e0000000, 0x00000000e5560000)
  from space 21824K,  65% used [0x00000000e6ab0000, 0x00000000e789f7d0, 0x00000000e8000000)
  to   space 21824K,   0% used [0x00000000e5560000, 0x00000000e5560000, 0x00000000e6ab0000)
 concurrent mark-sweep generation total 393216K, used 9526K [0x00000000e8000000, 0x0000000100000000, 0x0000000100000000)
 Metaspace       used 34020K, capacity 34576K, committed 34764K, reserved 1079296K
  class space    used 3770K, capacity 3950K, committed 4044K, reserved 1048576K
}
2015-12-01T13:30:50.573-0500: 3159,489: Total time for which application threads were stopped: 0,0171287 seconds, Stopping threads took: 0,0000370 seconds
2015-12-01T13:30:50.574-0500: 3159,490: Total time for which application threads were stopped: 0,0001939 seconds, Stopping threads took: 0,0001332 seconds
2015-12-01T13:30:50.574-0500: 3159,490: Total time for which application threads were stopped: 0,0000773 seconds, Stopping threads took: 0,0000169 seconds
2015-12-01T13:30:50.574-0500: 3159,490: Total time for which application threads were stopped: 0,0000605 seconds, Stopping threads took: 0,0000165 seconds
{Heap before GC invocations=15 (full 1):
 par new generation   total 109248K, used 101693K [0x00000000e0000000, 0x00000000e8000000, 0x00000000e8000000)
  eden space 87424K, 100% used [0x00000000e0000000, 0x00000000e5560000, 0x00000000e5560000)
  from space 21824K,  65% used [0x00000000e6ab0000, 0x00000000e789f7d0, 0x00000000e8000000)
  to   space 21824K,   0% used [0x00000000e5560000, 0x00000000e5560000, 0x00000000e6ab0000)
 concurrent mark-sweep generation total 393216K, used 9526K [0x00000000e8000000, 0x0000000100000000, 0x0000000100000000)
 Metaspace       used 34021K, capacity 34576K, committed 34764K, reserved 1079296K
  class space    used 3770K, capacity 3950K, committed 4044K, reserved 1048576K
2015-12-01T13:30:50.630-0500: 3159,546: [GC (Allocation Failure) 2015-12-01T13:30:50.630-0500: 3159,546: [ParNew
Desired survivor size 20112992 bytes, new threshold 8 (max 8)
- age   1:     263864 bytes,     263864 total
- age   2:    1783184 bytes,    2047048 total
- age   3:    7938560 bytes,    9985608 total
- age   4:      90496 bytes,   10076104 total
- age   5:    1271832 bytes,   11347936 total
- age   6:      10560 bytes,   11358496 total
- age   7:       3848 bytes,   11362344 total
- age   8:     216520 bytes,   11578864 total
: 101693K->12988K(109248K), 0,0098603 secs] 111220K->22524K(502464K), 0,0100286 secs] [Times: user=0,03 sys=0,00, real=0,02 secs] 
Heap after GC invocations=16 (full 1):
 par new generation   total 109248K, used 12988K [0x00000000e0000000, 0x00000000e8000000, 0x00000000e8000000)
  eden space 87424K,   0% used [0x00000000e0000000, 0x00000000e0000000, 0x00000000e5560000)
  from space 21824K,  59% used [0x00000000e5560000, 0x00000000e620f330, 0x00000000e6ab0000)
  to   space 21824K,   0% used [0x00000000e6ab0000, 0x00000000e6ab0000, 0x00000000e8000000)
 concurrent mark-sweep generation total 393216K, used 9535K [0x00000000e8000000, 0x0000000100000000, 0x0000000100000000)
 Metaspace       used 34021K, capacity 34576K, committed 34764K, reserved 1079296K
  class space    used 3770K, capacity 3950K, committed 4044K, reserved 1048576K
}
2015-12-01T13:30:50.640-0500: 3159,556: Total time for which application threads were stopped: 0,0102897 seconds, Stopping threads took: 0,0000255 seconds
2015-12-01T13:30:50.641-0500: 3159,556: Total time for which application threads were stopped: 0,0001275 seconds, Stopping threads took: 0,0000355 seconds
2015-12-01T13:30:50.641-0500: 3159,557: Total time for which application threads were stopped: 0,0000888 seconds, Stopping threads took: 0,0000308 seconds
2015-12-01T13:30:50.752-0500: 3159,668: Total time for which application threads were stopped: 0,0001448 seconds, Stopping threads took: 0,0000495 seconds
2015-12-01T13:30:50.760-0500: 3159,676: Total time for which application threads were stopped: 0,0001221 seconds, Stopping threads took: 0,0000271 seconds
2015-12-01T13:30:50.760-0500: 3159,676: Total time for which application threads were stopped: 0,0000304 seconds, Stopping threads took: 0,0000087 seconds
2015-12-01T13:30:50.760-0500: 3159,676: Total time for which application threads were stopped: 0,0000254 seconds, Stopping threads took: 0,0000073 seconds
2015-12-01T13:30:50.760-0500: 3159,676: Total time for which application threads were stopped: 0,0000236 seconds, Stopping threads took: 0,0000045 seconds
2015-12-01T13:30:50.817-0500: 3159,733: Total time for which application threads were stopped: 0,0001201 seconds, Stopping threads took: 0,0000413 seconds
2015-12-01T13:30:50.817-0500: 3159,733: Total time for which application threads were stopped: 0,0000429 seconds, Stopping threads took: 0,0000117 seconds
2015-12-01T13:30:50.823-0500: 3159,739: Total time for which application threads were stopped: 0,0000750 seconds, Stopping threads took: 0,0000174 seconds
2015-12-01T13:30:50.823-0500: 3159,739: Total time for which application threads were stopped: 0,0000508 seconds, Stopping threads took: 0,0000137 seconds
2015-12-01T13:30:50.823-0500: 3159,739: Total time for which application threads were stopped: 0,0000772 seconds, Stopping threads took: 0,0000447 seconds
2015-12-01T13:30:50.824-0500: 3159,740: Total time for which application threads were stopped: 0,0000642 seconds, Stopping threads took: 0,0000285 seconds
2015-12-01T13:30:50.824-0500: 3159,740: Total time for which application threads were stopped: 0,0000548 seconds, Stopping threads took: 0,0000276 seconds
2015-12-01T13:30:50.824-0500: 3159,740: Total time for which application threads were stopped: 0,0000425 seconds, Stopping threads took: 0,0000064 seconds
2015-12-01T13:30:50.824-0500: 3159,740: Total time for which application threads were stopped: 0,0000334 seconds, Stopping threads took: 0,0000142 seconds
2015-12-01T13:30:50.830-0500: 3159,746: Total time for which application threads were stopped: 0,0001120 seconds, Stopping threads took: 0,0000323 seconds
2015-12-01T13:30:52.583-0500: 3161,499: Total time for which application threads were stopped: 0,0001206 seconds, Stopping threads took: 0,0000244 seconds
2015-12-01T13:30:52.584-0500: 3161,500: Total time for which application threads were stopped: 0,0001790 seconds, Stopping threads took: 0,0000594 seconds
2015-12-01T13:30:52.588-0500: 3161,504: Total time for which application threads were stopped: 0,0001578 seconds, Stopping threads took: 0,0000427 seconds
2015-12-01T13:30:52.588-0500: 3161,504: Total time for which application threads were stopped: 0,0001899 seconds, Stopping threads took: 0,0000194 seconds
2015-12-01T13:30:52.593-0500: 3161,509: Total time for which application threads were stopped: 0,0001542 seconds, Stopping threads took: 0,0000525 seconds
2015-12-01T13:30:52.593-0500: 3161,509: Total time for which application threads were stopped: 0,0001180 seconds, Stopping threads took: 0,0000423 seconds
2015-12-01T13:30:53.497-0500: 3162,413: Total time for which application threads were stopped: 0,0001059 seconds, Stopping threads took: 0,0000241 seconds
2015-12-01T13:30:53.526-0500: 3162,442: Total time for which application threads were stopped: 0,0001206 seconds, Stopping threads took: 0,0000399 seconds
2015-12-01T13:30:53.526-0500: 3162,442: Total time for which application threads were stopped: 0,0000752 seconds, Stopping threads took: 0,0000291 seconds
2015-12-01T13:30:53.532-0500: 3162,448: Total time for which application threads were stopped: 0,0002641 seconds, Stopping threads took: 0,0001299 seconds
2015-12-01T13:30:53.532-0500: 3162,448: Total time for which application threads were stopped: 0,0000563 seconds, Stopping threads took: 0,0000091 seconds
2015-12-01T13:30:53.532-0500: 3162,448: Total time for which application threads were stopped: 0,0000455 seconds, Stopping threads took: 0,0000057 seconds
2015-12-01T13:30:53.532-0500: 3162,448: Total time for which application threads were stopped: 0,0000428 seconds, Stopping threads took: 0,0000061 seconds
2015-12-01T13:30:53.533-0500: 3162,448: Total time for which application threads were stopped: 0,0000398 seconds, Stopping threads took: 0,0000046 seconds
2015-12-01T13:30:53.533-0500: 3162,448: Total time for which application threads were stopped: 0,0000360 seconds, Stopping threads took: 0,0000036 seconds
2015-12-01T13:30:53.533-0500: 3162,449: Total time for which application threads were stopped: 0,0000622 seconds, Stopping threads took: 0,0000057 seconds
2015-12-01T13:30:55.544-0500: 3164,460: Total time for which application threads were stopped: 0,0000894 seconds, Stopping threads took: 0,0000298 seconds
2015-12-01T13:30:56.202-0500: 3165,118: Total time for which application threads were stopped: 0,0001223 seconds, Stopping threads took: 0,0000424 seconds
2015-12-01T13:30:56.210-0500: 3165,126: Total time for which application threads were stopped: 0,0000843 seconds, Stopping threads took: 0,0000279 seconds
2015-12-01T13:30:56.210-0500: 3165,126: Total time for which application threads were stopped: 0,0000279 seconds, Stopping threads took: 0,0000061 seconds
2015-12-01T13:30:56.210-0500: 3165,126: Total time for which application threads were stopped: 0,0000494 seconds, Stopping threads took: 0,0000165 seconds
2015-12-01T13:30:56.243-0500: 3165,159: Total time for which application threads were stopped: 0,0001711 seconds, Stopping threads took: 0,0001170 seconds
2015-12-01T13:30:56.244-0500: 3165,159: Total time for which application threads were stopped: 0,0000519 seconds, Stopping threads took: 0,0000320 seconds
2015-12-01T13:30:56.244-0500: 3165,160: Total time for which application threads were stopped: 0,0000422 seconds, Stopping threads took: 0,0000231 seconds
2015-12-01T13:30:56.252-0500: 3165,168: Total time for which application threads were stopped: 0,0000808 seconds, Stopping threads took: 0,0000250 seconds
2015-12-01T13:30:56.252-0500: 3165,168: Total time for which application threads were stopped: 0,0000332 seconds, Stopping threads took: 0,0000047 seconds
2015-12-01T13:30:56.262-0500: 3165,178: Total time for which application threads were stopped: 0,0001384 seconds, Stopping threads took: 0,0000868 seconds
2015-12-01T13:30:56.281-0500: 3165,197: Total time for which application threads were stopped: 0,0000870 seconds, Stopping threads took: 0,0000258 seconds
2015-12-01T13:30:56.282-0500: 3165,198: Total time for which application threads were stopped: 0,0000428 seconds, Stopping threads took: 0,0000165 seconds
2015-12-01T13:30:56.284-0500: 3165,199: Total time for which application threads were stopped: 0,0004984 seconds, Stopping threads took: 0,0004147 seconds
2015-12-01T13:30:56.312-0500: 3165,228: Total time for which application threads were stopped: 0,0000937 seconds, Stopping threads took: 0,0000211 seconds
2015-12-01T13:30:56.334-0500: 3165,250: Total time for which application threads were stopped: 0,0000955 seconds, Stopping threads took: 0,0000281 seconds
2015-12-01T13:30:56.336-0500: 3165,252: Total time for which application threads were stopped: 0,0000452 seconds, Stopping threads took: 0,0000220 seconds
2015-12-01T13:30:56.343-0500: 3165,259: Total time for which application threads were stopped: 0,0000748 seconds, Stopping threads took: 0,0000201 seconds
2015-12-01T13:30:56.343-0500: 3165,259: Total time for which application threads were stopped: 0,0000471 seconds, Stopping threads took: 0,0000173 seconds
2015-12-01T13:30:56.343-0500: 3165,259: Total time for which application threads were stopped: 0,0000489 seconds, Stopping threads took: 0,0000179 seconds
2015-12-01T13:30:56.392-0500: 3165,308: Total time for which application threads were stopped: 0,0000819 seconds, Stopping threads took: 0,0000276 seconds
2015-12-01T13:30:57.392-0500: 3166,308: Total time for which application threads were stopped: 0,0000768 seconds, Stopping threads took: 0,0000204 seconds
2015-12-01T13:30:57.553-0500: 3166,469: Total time for which application threads were stopped: 0,0001619 seconds, Stopping threads took: 0,0000486 seconds
2015-12-01T13:30:58.305-0500: 3167,221: Total time for which application threads were stopped: 0,0001551 seconds, Stopping threads took: 0,0000311 seconds
2015-12-01T13:30:58.306-0500: 3167,222: Total time for which application threads were stopped: 0,0001754 seconds, Stopping threads took: 0,0000803 seconds
2015-12-01T13:30:58.443-0500: 3167,359: Total time for which application threads were stopped: 0,0001077 seconds, Stopping threads took: 0,0000266 seconds
2015-12-01T13:30:59.006-0500: 3167,922: Total time for which application threads were stopped: 0,0001802 seconds, Stopping threads took: 0,0000361 seconds
2015-12-01T13:30:59.015-0500: 3167,931: Total time for which application threads were stopped: 0,0002198 seconds, Stopping threads took: 0,0000724 seconds
2015-12-01T13:30:59.016-0500: 3167,932: Total time for which application threads were stopped: 0,0002709 seconds, Stopping threads took: 0,0001088 seconds
2015-12-01T13:30:59.017-0500: 3167,933: Total time for which application threads were stopped: 0,0002538 seconds, Stopping threads took: 0,0001174 seconds
2015-12-01T13:30:59.017-0500: 3167,933: Total time for which application threads were stopped: 0,0001401 seconds, Stopping threads took: 0,0000452 seconds
2015-12-01T13:30:59.017-0500: 3167,933: Total time for which application threads were stopped: 0,0002410 seconds, Stopping threads took: 0,0000984 seconds
2015-12-01T13:30:59.017-0500: 3167,933: Total time for which application threads were stopped: 0,0001578 seconds, Stopping threads took: 0,0000577 seconds
2015-12-01T13:30:59.019-0500: 3167,935: Total time for which application threads were stopped: 0,0012087 seconds, Stopping threads took: 0,0011351 seconds
2015-12-01T13:30:59.019-0500: 3167,935: Total time for which application threads were stopped: 0,0001502 seconds, Stopping threads took: 0,0000793 seconds
2015-12-01T13:30:59.019-0500: 3167,935: Total time for which application threads were stopped: 0,0002246 seconds, Stopping threads took: 0,0001581 seconds
2015-12-01T13:31:00.020-0500: 3168,935: Total time for which application threads were stopped: 0,0001174 seconds, Stopping threads took: 0,0000358 seconds
2015-12-01T13:31:03.020-0500: 3171,936: Total time for which application threads were stopped: 0,0000848 seconds, Stopping threads took: 0,0000219 seconds
2015-12-01T13:31:05.617-0500: 3174,533: Total time for which application threads were stopped: 0,0000888 seconds, Stopping threads took: 0,0000286 seconds
2015-12-01T13:31:06.617-0500: 3175,533: Total time for which application threads were stopped: 0,0000885 seconds, Stopping threads took: 0,0000239 seconds
2015-12-01T13:31:06.692-0500: 3175,608: Total time for which application threads were stopped: 0,0000898 seconds, Stopping threads took: 0,0000287 seconds
2015-12-01T13:31:07.692-0500: 3176,608: Total time for which application threads were stopped: 0,0000821 seconds, Stopping threads took: 0,0000235 seconds
2015-12-01T13:31:52.594-0500: 3221,510: Total time for which application threads were stopped: 0,0000932 seconds, Stopping threads took: 0,0000355 seconds
2015-12-01T13:32:53.598-0500: 3282,514: Total time for which application threads were stopped: 0,0000827 seconds, Stopping threads took: 0,0000301 seconds
2015-12-01T13:33:11.600-0500: 3300,516: Total time for which application threads were stopped: 0,0000740 seconds, Stopping threads took: 0,0000205 seconds
2015-12-01T13:33:13.600-0500: 3302,516: Total time for which application threads were stopped: 0,0000721 seconds, Stopping threads took: 0,0000188 seconds
2015-12-01T13:33:43.602-0500: 3332,518: Total time for which application threads were stopped: 0,0002246 seconds, Stopping threads took: 0,0000570 seconds
2015-12-01T13:34:13.606-0500: 3362,521: Total time for which application threads were stopped: 0,0000980 seconds, Stopping threads took: 0,0000377 seconds
2015-12-01T13:36:41.616-0500: 3510,532: Total time for which application threads were stopped: 0,0001651 seconds, Stopping threads took: 0,0000477 seconds
2015-12-01T13:41:30.737-0500: 3799,653: Total time for which application threads were stopped: 0,0001233 seconds, Stopping threads took: 0,0000331 seconds
2015-12-01T13:46:12.759-0500: 4081,675: Total time for which application threads were stopped: 0,0000856 seconds, Stopping threads took: 0,0000311 seconds
2015-12-01T13:57:42.814-0500: 4771,730: Total time for which application threads were stopped: 0,0002156 seconds, Stopping threads took: 0,0000832 seconds
2015-12-01T13:58:04.450-0500: 4793,366: Total time for which application threads were stopped: 0,0002294 seconds, Stopping threads took: 0,0000435 seconds
2015-12-01T13:58:04.541-0500: 4793,457: Total time for which application threads were stopped: 0,0000888 seconds, Stopping threads took: 0,0000217 seconds
2015-12-01T13:58:04.541-0500: 4793,457: Total time for which application threads were stopped: 0,0000334 seconds, Stopping threads took: 0,0000081 seconds
2015-12-01T13:58:05.462-0500: 4794,378: Total time for which application threads were stopped: 0,0001432 seconds, Stopping threads took: 0,0000356 seconds
{Heap before GC invocations=16 (full 1):
 par new generation   total 109248K, used 100412K [0x00000000e0000000, 0x00000000e8000000, 0x00000000e8000000)
  eden space 87424K, 100% used [0x00000000e0000000, 0x00000000e5560000, 0x00000000e5560000)
  from space 21824K,  59% used [0x00000000e5560000, 0x00000000e620f330, 0x00000000e6ab0000)
  to   space 21824K,   0% used [0x00000000e6ab0000, 0x00000000e6ab0000, 0x00000000e8000000)
 concurrent mark-sweep generation total 393216K, used 9535K [0x00000000e8000000, 0x0000000100000000, 0x0000000100000000)
 Metaspace       used 36048K, capacity 36620K, committed 36940K, reserved 1081344K
  class space    used 3901K, capacity 4094K, committed 4172K, reserved 1048576K
2015-12-01T13:58:05.487-0500: 4794,403: [GC (Allocation Failure) 2015-12-01T13:58:05.487-0500: 4794,403: [ParNew
Desired survivor size 20112992 bytes, new threshold 8 (max 8)
- age   1:    5394200 bytes,    5394200 total
- age   2:      76392 bytes,    5470592 total
- age   3:     913472 bytes,    6384064 total
- age   4:    4024584 bytes,   10408648 total
- age   5:      90496 bytes,   10499144 total
- age   6:    1271344 bytes,   11770488 total
- age   7:      10560 bytes,   11781048 total
- age   8:       3848 bytes,   11784896 total
: 100412K->16072K(109248K), 0,0095695 secs] 109948K->25822K(502464K), 0,0096692 secs] [Times: user=0,03 sys=0,00, real=0,01 secs] 
Heap after GC invocations=17 (full 1):
 par new generation   total 109248K, used 16072K [0x00000000e0000000, 0x00000000e8000000, 0x00000000e8000000)
  eden space 87424K,   0% used [0x00000000e0000000, 0x00000000e0000000, 0x00000000e5560000)
  from space 21824K,  73% used [0x00000000e6ab0000, 0x00000000e7a62208, 0x00000000e8000000)
  to   space 21824K,   0% used [0x00000000e5560000, 0x00000000e5560000, 0x00000000e6ab0000)
 concurrent mark-sweep generation total 393216K, used 9750K [0x00000000e8000000, 0x0000000100000000, 0x0000000100000000)
 Metaspace       used 36048K, capacity 36620K, committed 36940K, reserved 1081344K
  class space    used 3901K, capacity 4094K, committed 4172K, reserved 1048576K
}
2015-12-01T13:58:05.497-0500: 4794,412: Total time for which application threads were stopped: 0,0098573 seconds, Stopping threads took: 0,0000381 seconds
2015-12-01T13:58:05.503-0500: 4794,419: Total time for which application threads were stopped: 0,0001856 seconds, Stopping threads took: 0,0000475 seconds
2015-12-01T13:58:05.504-0500: 4794,419: Total time for which application threads were stopped: 0,0001902 seconds, Stopping threads took: 0,0000108 seconds
2015-12-01T13:58:05.504-0500: 4794,420: Total time for which application threads were stopped: 0,0000762 seconds, Stopping threads took: 0,0000253 seconds
{Heap before GC invocations=17 (full 1):
 par new generation   total 109248K, used 103496K [0x00000000e0000000, 0x00000000e8000000, 0x00000000e8000000)
  eden space 87424K, 100% used [0x00000000e0000000, 0x00000000e5560000, 0x00000000e5560000)
  from space 21824K,  73% used [0x00000000e6ab0000, 0x00000000e7a62208, 0x00000000e8000000)
  to   space 21824K,   0% used [0x00000000e5560000, 0x00000000e5560000, 0x00000000e6ab0000)
 concurrent mark-sweep generation total 393216K, used 9750K [0x00000000e8000000, 0x0000000100000000, 0x0000000100000000)
 Metaspace       used 36061K, capacity 36638K, committed 36940K, reserved 1081344K
  class space    used 3902K, capacity 4097K, committed 4172K, reserved 1048576K
2015-12-01T13:58:05.555-0500: 4794,471: [GC (Allocation Failure) 2015-12-01T13:58:05.555-0500: 4794,471: [ParNew
Desired survivor size 20112992 bytes, new threshold 8 (max 8)
- age   1:     870272 bytes,     870272 total
- age   2:    3927296 bytes,    4797568 total
- age   3:      76392 bytes,    4873960 total
- age   4:     910792 bytes,    5784752 total
- age   5:    5463808 bytes,   11248560 total
- age   6:       7616 bytes,   11256176 total
- age   7:     675720 bytes,   11931896 total
- age   8:      10560 bytes,   11942456 total
: 103496K->13178K(109248K), 0,0091599 secs] 113246K->22932K(502464K), 0,0092575 secs] [Times: user=0,03 sys=0,00, real=0,01 secs] 
Heap after GC invocations=18 (full 1):
 par new generation   total 109248K, used 13178K [0x00000000e0000000, 0x00000000e8000000, 0x00000000e8000000)
  eden space 87424K,   0% used [0x00000000e0000000, 0x00000000e0000000, 0x00000000e5560000)
  from space 21824K,  60% used [0x00000000e5560000, 0x00000000e623ead0, 0x00000000e6ab0000)
  to   space 21824K,   0% used [0x00000000e6ab0000, 0x00000000e6ab0000, 0x00000000e8000000)
 concurrent mark-sweep generation total 393216K, used 9754K [0x00000000e8000000, 0x0000000100000000, 0x0000000100000000)
 Metaspace       used 36061K, capacity 36638K, committed 36940K, reserved 1081344K
  class space    used 3902K, capacity 4097K, committed 4172K, reserved 1048576K
}
2015-12-01T13:58:05.564-0500: 4794,480: Total time for which application threads were stopped: 0,0094563 seconds, Stopping threads took: 0,0000368 seconds
2015-12-01T13:58:05.635-0500: 4794,551: Total time for which application threads were stopped: 0,0009133 seconds, Stopping threads took: 0,0008096 seconds
2015-12-01T13:58:05.647-0500: 4794,563: Total time for which application threads were stopped: 0,0032605 seconds, Stopping threads took: 0,0031211 seconds
2015-12-01T13:58:05.647-0500: 4794,563: Total time for which application threads were stopped: 0,0000676 seconds, Stopping threads took: 0,0000284 seconds
2015-12-01T13:58:05.647-0500: 4794,563: Total time for which application threads were stopped: 0,0000560 seconds, Stopping threads took: 0,0000214 seconds
2015-12-01T13:58:05.655-0500: 4794,571: Total time for which application threads were stopped: 0,0001967 seconds, Stopping threads took: 0,0001174 seconds
2015-12-01T13:58:05.655-0500: 4794,571: Total time for which application threads were stopped: 0,0001568 seconds, Stopping threads took: 0,0001082 seconds
2015-12-01T13:58:05.658-0500: 4794,574: Total time for which application threads were stopped: 0,0002006 seconds, Stopping threads took: 0,0001097 seconds
2015-12-01T13:58:05.659-0500: 4794,575: Total time for which application threads were stopped: 0,0001615 seconds, Stopping threads took: 0,0000783 seconds
2015-12-01T13:58:05.668-0500: 4794,584: Total time for which application threads were stopped: 0,0001531 seconds, Stopping threads took: 0,0000497 seconds
2015-12-01T13:58:05.670-0500: 4794,586: Total time for which application threads were stopped: 0,0000887 seconds, Stopping threads took: 0,0000322 seconds
2015-12-01T13:58:05.670-0500: 4794,586: Total time for which application threads were stopped: 0,0000389 seconds, Stopping threads took: 0,0000168 seconds
2015-12-01T13:58:05.671-0500: 4794,587: Total time for which application threads were stopped: 0,0000371 seconds, Stopping threads took: 0,0000101 seconds
2015-12-01T13:58:05.671-0500: 4794,587: Total time for which application threads were stopped: 0,0000352 seconds, Stopping threads took: 0,0000149 seconds
2015-12-01T13:58:05.671-0500: 4794,587: Total time for which application threads were stopped: 0,0000308 seconds, Stopping threads took: 0,0000110 seconds
2015-12-01T13:58:05.671-0500: 4794,587: Total time for which application threads were stopped: 0,0001024 seconds, Stopping threads took: 0,0000067 seconds
2015-12-01T13:58:05.679-0500: 4794,595: Total time for which application threads were stopped: 0,0001276 seconds, Stopping threads took: 0,0000317 seconds
2015-12-01T13:58:06.679-0500: 4795,595: Total time for which application threads were stopped: 0,0001319 seconds, Stopping threads took: 0,0000574 seconds
2015-12-01T13:58:07.474-0500: 4796,390: Total time for which application threads were stopped: 0,0001096 seconds, Stopping threads took: 0,0000243 seconds
2015-12-01T13:58:07.479-0500: 4796,395: Total time for which application threads were stopped: 0,0004763 seconds, Stopping threads took: 0,0001113 seconds
2015-12-01T13:58:07.486-0500: 4796,402: Total time for which application threads were stopped: 0,0001351 seconds, Stopping threads took: 0,0000215 seconds
2015-12-01T13:58:07.488-0500: 4796,404: Total time for which application threads were stopped: 0,0001103 seconds, Stopping threads took: 0,0000211 seconds
2015-12-01T13:58:07.491-0500: 4796,407: Total time for which application threads were stopped: 0,0001430 seconds, Stopping threads took: 0,0000484 seconds
2015-12-01T13:58:07.493-0500: 4796,409: Total time for which application threads were stopped: 0,0000757 seconds, Stopping threads took: 0,0000183 seconds
2015-12-01T13:58:07.493-0500: 4796,409: Total time for which application threads were stopped: 0,0000473 seconds, Stopping threads took: 0,0000127 seconds
2015-12-01T13:58:07.493-0500: 4796,409: Total time for which application threads were stopped: 0,0000379 seconds, Stopping threads took: 0,0000089 seconds
2015-12-01T13:58:08.878-0500: 4797,794: Total time for which application threads were stopped: 0,0001140 seconds, Stopping threads took: 0,0000294 seconds
2015-12-01T13:58:08.910-0500: 4797,826: Total time for which application threads were stopped: 0,0001021 seconds, Stopping threads took: 0,0000337 seconds
2015-12-01T13:58:08.911-0500: 4797,827: Total time for which application threads were stopped: 0,0000600 seconds, Stopping threads took: 0,0000090 seconds
2015-12-01T13:58:08.911-0500: 4797,827: Total time for which application threads were stopped: 0,0000364 seconds, Stopping threads took: 0,0000059 seconds
2015-12-01T13:58:08.911-0500: 4797,827: Total time for which application threads were stopped: 0,0000320 seconds, Stopping threads took: 0,0000054 seconds
2015-12-01T13:58:08.911-0500: 4797,827: Total time for which application threads were stopped: 0,0000312 seconds, Stopping threads took: 0,0000052 seconds
2015-12-01T13:58:08.911-0500: 4797,827: Total time for which application threads were stopped: 0,0000419 seconds, Stopping threads took: 0,0000057 seconds
2015-12-01T13:58:08.911-0500: 4797,827: Total time for which application threads were stopped: 0,0000318 seconds, Stopping threads took: 0,0000054 seconds
2015-12-01T13:58:08.912-0500: 4797,828: Total time for which application threads were stopped: 0,0000325 seconds, Stopping threads took: 0,0000048 seconds
2015-12-01T13:58:08.918-0500: 4797,834: Total time for which application threads were stopped: 0,0003739 seconds, Stopping threads took: 0,0001134 seconds
2015-12-01T13:58:10.939-0500: 4799,854: Total time for which application threads were stopped: 0,0001196 seconds, Stopping threads took: 0,0000350 seconds
2015-12-01T13:58:11.422-0500: 4800,338: Total time for which application threads were stopped: 0,0001232 seconds, Stopping threads took: 0,0000256 seconds
2015-12-01T13:58:11.432-0500: 4800,348: Total time for which application threads were stopped: 0,0000856 seconds, Stopping threads took: 0,0000202 seconds
2015-12-01T13:58:11.433-0500: 4800,348: Total time for which application threads were stopped: 0,0000671 seconds, Stopping threads took: 0,0000313 seconds
2015-12-01T13:58:11.433-0500: 4800,349: Total time for which application threads were stopped: 0,0000381 seconds, Stopping threads took: 0,0000077 seconds
2015-12-01T13:58:11.433-0500: 4800,349: Total time for which application threads were stopped: 0,0000496 seconds, Stopping threads took: 0,0000173 seconds
2015-12-01T13:58:11.433-0500: 4800,349: Total time for which application threads were stopped: 0,0000438 seconds, Stopping threads took: 0,0000138 seconds
2015-12-01T13:58:11.433-0500: 4800,349: Total time for which application threads were stopped: 0,0000429 seconds, Stopping threads took: 0,0000117 seconds
2015-12-01T13:58:11.433-0500: 4800,349: Total time for which application threads were stopped: 0,0000382 seconds, Stopping threads took: 0,0000090 seconds
2015-12-01T13:58:11.434-0500: 4800,349: Total time for which application threads were stopped: 0,0000384 seconds, Stopping threads took: 0,0000090 seconds
2015-12-01T13:58:11.434-0500: 4800,350: Total time for which application threads were stopped: 0,0000682 seconds, Stopping threads took: 0,0000189 seconds
2015-12-01T13:58:11.444-0500: 4800,360: Total time for which application threads were stopped: 0,0001209 seconds, Stopping threads took: 0,0000250 seconds
2015-12-01T13:58:11.444-0500: 4800,360: Total time for which application threads were stopped: 0,0000991 seconds, Stopping threads took: 0,0000445 seconds
2015-12-01T13:58:11.446-0500: 4800,362: Total time for which application threads were stopped: 0,0000911 seconds, Stopping threads took: 0,0000218 seconds
{Heap before GC invocations=18 (full 1):
 par new generation   total 109248K, used 100602K [0x00000000e0000000, 0x00000000e8000000, 0x00000000e8000000)
  eden space 87424K, 100% used [0x00000000e0000000, 0x00000000e5560000, 0x00000000e5560000)
  from space 21824K,  60% used [0x00000000e5560000, 0x00000000e623ead0, 0x00000000e6ab0000)
  to   space 21824K,   0% used [0x00000000e6ab0000, 0x00000000e6ab0000, 0x00000000e8000000)
 concurrent mark-sweep generation total 393216K, used 9754K [0x00000000e8000000, 0x0000000100000000, 0x0000000100000000)
 Metaspace       used 36507K, capacity 37066K, committed 37196K, reserved 1083392K
  class space    used 3937K, capacity 4137K, committed 4172K, reserved 1048576K
2015-12-01T13:58:11.457-0500: 4800,373: [GC (Allocation Failure) 2015-12-01T13:58:11.457-0500: 4800,373: [ParNew
Desired survivor size 20112992 bytes, new threshold 8 (max 8)
- age   1:    1380448 bytes,    1380448 total
- age   2:     135072 bytes,    1515520 total
- age   3:    3787800 bytes,    5303320 total
- age   4:      76392 bytes,    5379712 total
- age   5:     909448 bytes,    6289160 total
- age   6:    5463680 bytes,   11752840 total
- age   7:       7616 bytes,   11760456 total
- age   8:     675720 bytes,   12436176 total
: 100602K->14467K(109248K), 0,0098882 secs] 110356K->24232K(502464K), 0,0099675 secs] [Times: user=0,03 sys=0,00, real=0,01 secs] 
Heap after GC invocations=19 (full 1):
 par new generation   total 109248K, used 14467K [0x00000000e0000000, 0x00000000e8000000, 0x00000000e8000000)
  eden space 87424K,   0% used [0x00000000e0000000, 0x00000000e0000000, 0x00000000e5560000)
  from space 21824K,  66% used [0x00000000e6ab0000, 0x00000000e78d0f60, 0x00000000e8000000)
  to   space 21824K,   0% used [0x00000000e5560000, 0x00000000e5560000, 0x00000000e6ab0000)
 concurrent mark-sweep generation total 393216K, used 9764K [0x00000000e8000000, 0x0000000100000000, 0x0000000100000000)
 Metaspace       used 36507K, capacity 37066K, committed 37196K, reserved 1083392K
  class space    used 3937K, capacity 4137K, committed 4172K, reserved 1048576K
}
2015-12-01T13:58:11.467-0500: 4800,383: Total time for which application threads were stopped: 0,0101726 seconds, Stopping threads took: 0,0000482 seconds
2015-12-01T13:58:11.468-0500: 4800,384: Total time for which application threads were stopped: 0,0002838 seconds, Stopping threads took: 0,0001312 seconds
2015-12-01T13:58:11.468-0500: 4800,384: Total time for which application threads were stopped: 0,0000604 seconds, Stopping threads took: 0,0000266 seconds
2015-12-01T13:58:11.468-0500: 4800,384: Total time for which application threads were stopped: 0,0000452 seconds, Stopping threads took: 0,0000162 seconds
2015-12-01T13:58:11.489-0500: 4800,405: Total time for which application threads were stopped: 0,0001110 seconds, Stopping threads took: 0,0000256 seconds
2015-12-01T13:58:11.511-0500: 4800,427: Total time for which application threads were stopped: 0,0001041 seconds, Stopping threads took: 0,0000229 seconds
2015-12-01T13:58:12.511-0500: 4801,427: Total time for which application threads were stopped: 0,0000809 seconds, Stopping threads took: 0,0000203 seconds
2015-12-01T13:58:12.949-0500: 4801,865: Total time for which application threads were stopped: 0,0001127 seconds, Stopping threads took: 0,0000306 seconds
2015-12-01T13:58:13.466-0500: 4802,382: [GC (CMS Initial Mark) [1 CMS-initial-mark: 9764K(393216K)] 30621K(502464K), 0,0027422 secs] [Times: user=0,01 sys=0,00, real=0,00 secs] 
2015-12-01T13:58:13.469-0500: 4802,385: Total time for which application threads were stopped: 0,0028714 seconds, Stopping threads took: 0,0000214 seconds
2015-12-01T13:58:13.469-0500: 4802,385: [CMS-concurrent-mark-start]
2015-12-01T13:58:13.473-0500: 4802,389: [CMS-concurrent-mark: 0,004/0,004 secs] [Times: user=0,02 sys=0,00, real=0,01 secs] 
2015-12-01T13:58:13.473-0500: 4802,389: [CMS-concurrent-preclean-start]
2015-12-01T13:58:13.474-0500: 4802,390: [CMS-concurrent-preclean: 0,001/0,001 secs] [Times: user=0,00 sys=0,00, real=0,00 secs] 
2015-12-01T13:58:13.474-0500: 4802,390: [CMS-concurrent-abortable-preclean-start]
2015-12-01T13:58:13.513-0500: 4802,429: Total time for which application threads were stopped: 0,0001027 seconds, Stopping threads took: 0,0000243 seconds
2015-12-01T13:58:13.520-0500: 4802,436: Total time for which application threads were stopped: 0,0001632 seconds, Stopping threads took: 0,0000933 seconds
2015-12-01T13:58:13.520-0500: 4802,436: Total time for which application threads were stopped: 0,0000519 seconds, Stopping threads took: 0,0000100 seconds
2015-12-01T13:58:14.124-0500: 4803,040: Total time for which application threads were stopped: 0,0002098 seconds, Stopping threads took: 0,0001058 seconds
2015-12-01T13:58:14.127-0500: 4803,043: Total time for which application threads were stopped: 0,0003117 seconds, Stopping threads took: 0,0000779 seconds
2015-12-01T13:58:14.127-0500: 4803,043: Total time for which application threads were stopped: 0,0000641 seconds, Stopping threads took: 0,0000158 seconds
2015-12-01T13:58:15.127-0500: 4804,043: Total time for which application threads were stopped: 0,0000765 seconds, Stopping threads took: 0,0000201 seconds
2015-12-01T13:58:17.576-0500: 4806,492: Total time for which application threads were stopped: 0,0000831 seconds, Stopping threads took: 0,0000191 seconds
2015-12-01T13:58:18.250-0500: 4807,166: Total time for which application threads were stopped: 0,0001398 seconds, Stopping threads took: 0,0000431 seconds
 CMS: abort preclean due to time 2015-12-01T13:58:19.510-0500: 4808,426: [CMS-concurrent-abortable-preclean: 2,161/6,036 secs] [Times: user=2,65 sys=0,00, real=6,03 secs] 
2015-12-01T13:58:19.510-0500: 4808,426: [GC (CMS Final Remark) [YG occupancy: 43196 K (109248 K)]{Heap before GC invocations=19 (full 2):
 par new generation   total 109248K, used 43196K [0x00000000e0000000, 0x00000000e8000000, 0x00000000e8000000)
  eden space 87424K,  32% used [0x00000000e0000000, 0x00000000e1c0e0f8, 0x00000000e5560000)
  from space 21824K,  66% used [0x00000000e6ab0000, 0x00000000e78d0f60, 0x00000000e8000000)
  to   space 21824K,   0% used [0x00000000e5560000, 0x00000000e5560000, 0x00000000e6ab0000)
 concurrent mark-sweep generation total 393216K, used 9764K [0x00000000e8000000, 0x0000000100000000, 0x0000000100000000)
 Metaspace       used 37816K, capacity 38410K, committed 38500K, reserved 1083392K
  class space    used 4000K, capacity 4201K, committed 4248K, reserved 1048576K
2015-12-01T13:58:19.510-0500: 4808,426: [GC (CMS Final Remark) 2015-12-01T13:58:19.510-0500: 4808,426: [ParNew
Desired survivor size 20112992 bytes, new threshold 8 (max 8)
- age   1:    1242304 bytes,    1242304 total
- age   2:     933168 bytes,    2175472 total
- age   3:     134768 bytes,    2310240 total
- age   4:    3005200 bytes,    5315440 total
- age   5:        880 bytes,    5316320 total
- age   6:     293576 bytes,    5609896 total
- age   7:    5463232 bytes,   11073128 total
- age   8:       7616 bytes,   11080744 total
: 43196K->13568K(109248K), 0,0118317 secs] 52960K->23938K(502464K), 0,0118783 secs] [Times: user=0,03 sys=0,00, real=0,02 secs] 
Heap after GC invocations=20 (full 2):
 par new generation   total 109248K, used 13568K [0x00000000e0000000, 0x00000000e8000000, 0x00000000e8000000)
  eden space 87424K,   0% used [0x00000000e0000000, 0x00000000e0000000, 0x00000000e5560000)
  from space 21824K,  62% used [0x00000000e5560000, 0x00000000e62a01e0, 0x00000000e6ab0000)
  to   space 21824K,   0% used [0x00000000e6ab0000, 0x00000000e6ab0000, 0x00000000e8000000)
 concurrent mark-sweep generation total 393216K, used 10370K [0x00000000e8000000, 0x0000000100000000, 0x0000000100000000)
 Metaspace       used 37816K, capacity 38410K, committed 38500K, reserved 1083392K
  class space    used 4000K, capacity 4201K, committed 4248K, reserved 1048576K
}
2015-12-01T13:58:19.522-0500: 4808,438: [Rescan (parallel) , 0,0024792 secs]2015-12-01T13:58:19.525-0500: 4808,440: [weak refs processing, 0,0005897 secs]2015-12-01T13:58:19.525-0500: 4808,441: [class unloading, 0,0111700 secs]2015-12-01T13:58:19.536-0500: 4808,452: [scrub symbol table, 0,0028411 secs]2015-12-01T13:58:19.539-0500: 4808,455: [scrub string table, 0,0005807 secs][1 CMS-remark: 10370K(393216K)] 23938K(502464K), 0,0315128 secs] [Times: user=0,05 sys=0,00, real=0,04 secs] 
2015-12-01T13:58:19.542-0500: 4808,458: Total time for which application threads were stopped: 0,0316259 seconds, Stopping threads took: 0,0000300 seconds
2015-12-01T13:58:19.542-0500: 4808,458: [CMS-concurrent-sweep-start]
2015-12-01T13:58:19.542-0500: 4808,458: Total time for which application threads were stopped: 0,0000924 seconds, Stopping threads took: 0,0000404 seconds
2015-12-01T13:58:19.542-0500: 4808,458: Total time for which application threads were stopped: 0,0000410 seconds, Stopping threads took: 0,0000168 seconds
2015-12-01T13:58:19.542-0500: 4808,458: Total time for which application threads were stopped: 0,0000992 seconds, Stopping threads took: 0,0000163 seconds
2015-12-01T13:58:19.542-0500: 4808,458: Total time for which application threads were stopped: 0,0000344 seconds, Stopping threads took: 0,0000052 seconds
2015-12-01T13:58:19.542-0500: 4808,458: Total time for which application threads were stopped: 0,0000413 seconds, Stopping threads took: 0,0000210 seconds
2015-12-01T13:58:19.542-0500: 4808,458: Total time for which application threads were stopped: 0,0000332 seconds, Stopping threads took: 0,0000050 seconds
2015-12-01T13:58:19.542-0500: 4808,458: Total time for which application threads were stopped: 0,0000332 seconds, Stopping threads took: 0,0000050 seconds
2015-12-01T13:58:19.543-0500: 4808,458: Total time for which application threads were stopped: 0,0000345 seconds, Stopping threads took: 0,0000063 seconds
2015-12-01T13:58:19.543-0500: 4808,459: Total time for which application threads were stopped: 0,0000269 seconds, Stopping threads took: 0,0000065 seconds
2015-12-01T13:58:19.543-0500: 4808,459: Total time for which application threads were stopped: 0,0000246 seconds, Stopping threads took: 0,0000053 seconds
2015-12-01T13:58:19.543-0500: 4808,459: Total time for which application threads were stopped: 0,0000310 seconds, Stopping threads took: 0,0000051 seconds
2015-12-01T13:58:19.543-0500: 4808,459: Total time for which application threads were stopped: 0,0000243 seconds, Stopping threads took: 0,0000051 seconds
2015-12-01T13:58:19.543-0500: 4808,459: Total time for which application threads were stopped: 0,0000242 seconds, Stopping threads took: 0,0000050 seconds
2015-12-01T13:58:19.543-0500: 4808,459: Total time for which application threads were stopped: 0,0000618 seconds, Stopping threads took: 0,0000050 seconds
2015-12-01T13:58:19.546-0500: 4808,462: [CMS-concurrent-sweep: 0,004/0,004 secs] [Times: user=0,01 sys=0,01, real=0,00 secs] 
2015-12-01T13:58:19.546-0500: 4808,462: [CMS-concurrent-reset-start]
2015-12-01T13:58:19.547-0500: 4808,463: [CMS-concurrent-reset: 0,001/0,001 secs] [Times: user=0,00 sys=0,00, real=0,00 secs] 
2015-12-01T13:58:19.686-0500: 4808,602: Total time for which application threads were stopped: 0,0001134 seconds, Stopping threads took: 0,0000203 seconds
2015-12-01T13:58:20.686-0500: 4809,602: Total time for which application threads were stopped: 0,0001257 seconds, Stopping threads took: 0,0000353 seconds
2015-12-01T13:58:20.742-0500: 4809,658: Total time for which application threads were stopped: 0,0001117 seconds, Stopping threads took: 0,0000316 seconds
2015-12-01T13:58:22.391-0500: 4811,307: Total time for which application threads were stopped: 0,0000958 seconds, Stopping threads took: 0,0000280 seconds
2015-12-01T13:58:26.391-0500: 4815,307: Total time for which application threads were stopped: 0,0000821 seconds, Stopping threads took: 0,0000229 seconds
2015-12-01T13:58:29.392-0500: 4818,308: Total time for which application threads were stopped: 0,0001544 seconds, Stopping threads took: 0,0000405 seconds
2015-12-01T13:58:32.392-0500: 4821,308: Total time for which application threads were stopped: 0,0001290 seconds, Stopping threads took: 0,0000339 seconds
2015-12-01T13:58:38.393-0500: 4827,309: Total time for which application threads were stopped: 0,0001084 seconds, Stopping threads took: 0,0000293 seconds
2015-12-01T13:58:41.393-0500: 4830,309: Total time for which application threads were stopped: 0,0000904 seconds, Stopping threads took: 0,0000220 seconds
2015-12-01T13:58:44.394-0500: 4833,310: Total time for which application threads were stopped: 0,0001130 seconds, Stopping threads took: 0,0000296 seconds
2015-12-01T13:58:58.395-0500: 4847,311: Total time for which application threads were stopped: 0,0001332 seconds, Stopping threads took: 0,0000505 seconds
2015-12-01T13:59:07.493-0500: 4856,409: Total time for which application threads were stopped: 0,0000860 seconds, Stopping threads took: 0,0000259 seconds
2015-12-01T13:59:07.493-0500: 4856,409: Total time for which application threads were stopped: 0,0000581 seconds, Stopping threads took: 0,0000306 seconds
2015-12-01T13:59:13.494-0500: 4862,410: Total time for which application threads were stopped: 0,0000790 seconds, Stopping threads took: 0,0000229 seconds
2015-12-01T13:59:26.496-0500: 4875,412: Total time for which application threads were stopped: 0,0000918 seconds, Stopping threads took: 0,0000359 seconds
2015-12-01T13:59:56.499-0500: 4905,415: Total time for which application threads were stopped: 0,0000924 seconds, Stopping threads took: 0,0000320 seconds
2015-12-01T14:00:53.505-0500: 4962,421: Total time for which application threads were stopped: 0,0001679 seconds, Stopping threads took: 0,0000589 seconds
2015-12-01T14:00:54.793-0500: 4963,709: Total time for which application threads were stopped: 0,0001411 seconds, Stopping threads took: 0,0000328 seconds
{Heap before GC invocations=20 (full 2):
 par new generation   total 109248K, used 100992K [0x00000000e0000000, 0x00000000e8000000, 0x00000000e8000000)
  eden space 87424K, 100% used [0x00000000e0000000, 0x00000000e5560000, 0x00000000e5560000)
  from space 21824K,  62% used [0x00000000e5560000, 0x00000000e62a01e0, 0x00000000e6ab0000)
  to   space 21824K,   0% used [0x00000000e6ab0000, 0x00000000e6ab0000, 0x00000000e8000000)
 concurrent mark-sweep generation total 393216K, used 9485K [0x00000000e8000000, 0x0000000100000000, 0x0000000100000000)
 Metaspace       used 37850K, capacity 38416K, committed 38756K, reserved 1083392K
  class space    used 3993K, capacity 4188K, committed 4248K, reserved 1048576K
2015-12-01T14:00:54.845-0500: 4963,761: [GC (Allocation Failure) 2015-12-01T14:00:54.845-0500: 4963,761: [ParNew
Desired survivor size 20112992 bytes, new threshold 8 (max 8)
- age   1:    1866224 bytes,    1866224 total
- age   2:     718496 bytes,    2584720 total
- age   3:     926480 bytes,    3511200 total
- age   4:     134736 bytes,    3645936 total
- age   5:    2979840 bytes,    6625776 total
- age   6:        880 bytes,    6626656 total
- age   7:     268936 bytes,    6895592 total
- age   8:    3207248 bytes,   10102840 total
: 100992K->12909K(109248K), 0,0161725 secs] 110478K->22403K(502464K), 0,0162663 secs] [Times: user=0,04 sys=0,00, real=0,02 secs] 
Heap after GC invocations=21 (full 2):
 par new generation   total 109248K, used 12909K [0x00000000e0000000, 0x00000000e8000000, 0x00000000e8000000)
  eden space 87424K,   0% used [0x00000000e0000000, 0x00000000e0000000, 0x00000000e5560000)
  from space 21824K,  59% used [0x00000000e6ab0000, 0x00000000e774b750, 0x00000000e8000000)
  to   space 21824K,   0% used [0x00000000e5560000, 0x00000000e5560000, 0x00000000e6ab0000)
 concurrent mark-sweep generation total 393216K, used 9493K [0x00000000e8000000, 0x0000000100000000, 0x0000000100000000)
 Metaspace       used 37850K, capacity 38416K, committed 38756K, reserved 1083392K
  class space    used 3993K, capacity 4188K, committed 4248K, reserved 1048576K
}
2015-12-01T14:00:54.862-0500: 4963,777: Total time for which application threads were stopped: 0,0164789 seconds, Stopping threads took: 0,0000367 seconds
2015-12-01T14:00:54.871-0500: 4963,787: Total time for which application threads were stopped: 0,0010466 seconds, Stopping threads took: 0,0009201 seconds
2015-12-01T14:00:54.871-0500: 4963,787: Total time for which application threads were stopped: 0,0000976 seconds, Stopping threads took: 0,0000452 seconds
{Heap before GC invocations=21 (full 2):
 par new generation   total 109248K, used 100333K [0x00000000e0000000, 0x00000000e8000000, 0x00000000e8000000)
  eden space 87424K, 100% used [0x00000000e0000000, 0x00000000e5560000, 0x00000000e5560000)
  from space 21824K,  59% used [0x00000000e6ab0000, 0x00000000e774b750, 0x00000000e8000000)
  to   space 21824K,   0% used [0x00000000e5560000, 0x00000000e5560000, 0x00000000e6ab0000)
 concurrent mark-sweep generation total 393216K, used 9493K [0x00000000e8000000, 0x0000000100000000, 0x0000000100000000)
 Metaspace       used 37854K, capacity 38416K, committed 38756K, reserved 1083392K
  class space    used 3993K, capacity 4188K, committed 4248K, reserved 1048576K
2015-12-01T14:00:54.921-0500: 4963,837: [GC (Allocation Failure) 2015-12-01T14:00:54.921-0500: 4963,837: [ParNew
Desired survivor size 20112992 bytes, new threshold 8 (max 8)
- age   1:     333064 bytes,     333064 total
- age   2:    1619616 bytes,    1952680 total
- age   3:     718496 bytes,    2671176 total
- age   4:     926480 bytes,    3597656 total
- age   5:     134736 bytes,    3732392 total
- age   6:    2979840 bytes,    6712232 total
- age   7:        880 bytes,    6713112 total
- age   8:     268936 bytes,    6982048 total
: 100333K->8501K(109248K), 0,0163322 secs] 109827K->21135K(502464K), 0,0164139 secs] [Times: user=0,05 sys=0,00, real=0,01 secs] 
Heap after GC invocations=22 (full 2):
 par new generation   total 109248K, used 8501K [0x00000000e0000000, 0x00000000e8000000, 0x00000000e8000000)
  eden space 87424K,   0% used [0x00000000e0000000, 0x00000000e0000000, 0x00000000e5560000)
  from space 21824K,  38% used [0x00000000e5560000, 0x00000000e5dad440, 0x00000000e6ab0000)
  to   space 21824K,   0% used [0x00000000e6ab0000, 0x00000000e6ab0000, 0x00000000e8000000)
 concurrent mark-sweep generation total 393216K, used 12634K [0x00000000e8000000, 0x0000000100000000, 0x0000000100000000)
 Metaspace       used 37854K, capacity 38416K, committed 38756K, reserved 1083392K
  class space    used 3993K, capacity 4188K, committed 4248K, reserved 1048576K
}
2015-12-01T14:00:54.937-0500: 4963,853: Total time for which application threads were stopped: 0,0165857 seconds, Stopping threads took: 0,0000290 seconds
2015-12-01T14:00:54.937-0500: 4963,853: Total time for which application threads were stopped: 0,0001478 seconds, Stopping threads took: 0,0000393 seconds
2015-12-01T14:00:54.938-0500: 4963,854: Total time for which application threads were stopped: 0,0001117 seconds, Stopping threads took: 0,0000429 seconds
2015-12-01T14:00:54.962-0500: 4963,878: Total time for which application threads were stopped: 0,0001582 seconds, Stopping threads took: 0,0000322 seconds
2015-12-01T14:00:54.970-0500: 4963,886: Total time for which application threads were stopped: 0,0001251 seconds, Stopping threads took: 0,0000225 seconds
2015-12-01T14:00:54.970-0500: 4963,886: Total time for which application threads were stopped: 0,0000394 seconds, Stopping threads took: 0,0000103 seconds
2015-12-01T14:00:54.970-0500: 4963,886: Total time for which application threads were stopped: 0,0000325 seconds, Stopping threads took: 0,0000080 seconds
2015-12-01T14:00:54.977-0500: 4963,893: Total time for which application threads were stopped: 0,0001256 seconds, Stopping threads took: 0,0000461 seconds
2015-12-01T14:00:54.977-0500: 4963,893: Total time for which application threads were stopped: 0,0000602 seconds, Stopping threads took: 0,0000223 seconds
2015-12-01T14:00:54.980-0500: 4963,896: Total time for which application threads were stopped: 0,0000737 seconds, Stopping threads took: 0,0000194 seconds
2015-12-01T14:00:54.980-0500: 4963,896: Total time for which application threads were stopped: 0,0000524 seconds, Stopping threads took: 0,0000189 seconds
2015-12-01T14:00:54.985-0500: 4963,900: Total time for which application threads were stopped: 0,0001413 seconds, Stopping threads took: 0,0000656 seconds
2015-12-01T14:00:54.985-0500: 4963,901: Total time for which application threads were stopped: 0,0000463 seconds, Stopping threads took: 0,0000101 seconds
2015-12-01T14:00:54.985-0500: 4963,901: Total time for which application threads were stopped: 0,0001332 seconds, Stopping threads took: 0,0000276 seconds
2015-12-01T14:00:54.985-0500: 4963,901: Total time for which application threads were stopped: 0,0000411 seconds, Stopping threads took: 0,0000111 seconds
2015-12-01T14:00:54.985-0500: 4963,901: Total time for which application threads were stopped: 0,0000330 seconds, Stopping threads took: 0,0000089 seconds
2015-12-01T14:00:54.986-0500: 4963,901: Total time for which application threads were stopped: 0,0000548 seconds, Stopping threads took: 0,0000235 seconds
2015-12-01T14:00:54.986-0500: 4963,902: Total time for which application threads were stopped: 0,0000449 seconds, Stopping threads took: 0,0000125 seconds
2015-12-01T14:00:54.992-0500: 4963,908: Total time for which application threads were stopped: 0,0001118 seconds, Stopping threads took: 0,0000258 seconds
2015-12-01T14:00:56.512-0500: 4965,428: Total time for which application threads were stopped: 0,0001153 seconds, Stopping threads took: 0,0000243 seconds
2015-12-01T14:00:56.514-0500: 4965,430: Total time for which application threads were stopped: 0,0007185 seconds, Stopping threads took: 0,0004093 seconds
2015-12-01T14:00:56.526-0500: 4965,441: Total time for which application threads were stopped: 0,0001231 seconds, Stopping threads took: 0,0000467 seconds
2015-12-01T14:00:56.526-0500: 4965,442: Total time for which application threads were stopped: 0,0001069 seconds, Stopping threads took: 0,0000374 seconds
2015-12-01T14:00:56.560-0500: 4965,475: Total time for which application threads were stopped: 0,0001386 seconds, Stopping threads took: 0,0000316 seconds
2015-12-01T14:00:56.560-0500: 4965,476: Total time for which application threads were stopped: 0,0000508 seconds, Stopping threads took: 0,0000077 seconds
2015-12-01T14:00:56.592-0500: 4965,508: Total time for which application threads were stopped: 0,0001132 seconds, Stopping threads took: 0,0000555 seconds
2015-12-01T14:00:56.592-0500: 4965,508: Total time for which application threads were stopped: 0,0000844 seconds, Stopping threads took: 0,0000446 seconds
2015-12-01T14:00:57.235-0500: 4966,151: Total time for which application threads were stopped: 0,0001095 seconds, Stopping threads took: 0,0000212 seconds
2015-12-01T14:00:57.272-0500: 4966,188: Total time for which application threads were stopped: 0,0002225 seconds, Stopping threads took: 0,0001182 seconds
2015-12-01T14:00:57.273-0500: 4966,189: Total time for which application threads were stopped: 0,0001758 seconds, Stopping threads took: 0,0000747 seconds
2015-12-01T14:00:57.273-0500: 4966,189: Total time for which application threads were stopped: 0,0000635 seconds, Stopping threads took: 0,0000272 seconds
2015-12-01T14:00:57.273-0500: 4966,189: Total time for which application threads were stopped: 0,0000990 seconds, Stopping threads took: 0,0000547 seconds
2015-12-01T14:00:57.275-0500: 4966,191: Total time for which application threads were stopped: 0,0000831 seconds, Stopping threads took: 0,0000200 seconds
2015-12-01T14:00:57.275-0500: 4966,191: Total time for which application threads were stopped: 0,0000540 seconds, Stopping threads took: 0,0000205 seconds
2015-12-01T14:00:57.279-0500: 4966,195: Total time for which application threads were stopped: 0,0000999 seconds, Stopping threads took: 0,0000218 seconds
2015-12-01T14:00:57.279-0500: 4966,195: Total time for which application threads were stopped: 0,0000568 seconds, Stopping threads took: 0,0000122 seconds
2015-12-01T14:00:59.281-0500: 4968,197: Total time for which application threads were stopped: 0,0001164 seconds, Stopping threads took: 0,0000209 seconds
2015-12-01T14:00:59.382-0500: 4968,298: Total time for which application threads were stopped: 0,0001040 seconds, Stopping threads took: 0,0000320 seconds
2015-12-01T14:00:59.391-0500: 4968,307: Total time for which application threads were stopped: 0,0001091 seconds, Stopping threads took: 0,0000405 seconds
2015-12-01T14:00:59.392-0500: 4968,307: Total time for which application threads were stopped: 0,0000400 seconds, Stopping threads took: 0,0000067 seconds
2015-12-01T14:00:59.392-0500: 4968,308: Total time for which application threads were stopped: 0,0000351 seconds, Stopping threads took: 0,0000061 seconds
2015-12-01T14:00:59.409-0500: 4968,325: Total time for which application threads were stopped: 0,0001038 seconds, Stopping threads took: 0,0000405 seconds
2015-12-01T14:00:59.409-0500: 4968,325: Total time for which application threads were stopped: 0,0000374 seconds, Stopping threads took: 0,0000079 seconds
2015-12-01T14:00:59.409-0500: 4968,325: Total time for which application threads were stopped: 0,0000749 seconds, Stopping threads took: 0,0000332 seconds
2015-12-01T14:00:59.409-0500: 4968,325: Total time for which application threads were stopped: 0,0000587 seconds, Stopping threads took: 0,0000202 seconds
2015-12-01T14:00:59.409-0500: 4968,325: Total time for which application threads were stopped: 0,0000467 seconds, Stopping threads took: 0,0000183 seconds
2015-12-01T14:00:59.410-0500: 4968,326: Total time for which application threads were stopped: 0,0000475 seconds, Stopping threads took: 0,0000100 seconds
2015-12-01T14:00:59.410-0500: 4968,326: Total time for which application threads were stopped: 0,0001113 seconds, Stopping threads took: 0,0000298 seconds
2015-12-01T14:00:59.416-0500: 4968,332: Total time for which application threads were stopped: 0,0001102 seconds, Stopping threads took: 0,0000173 seconds
2015-12-01T14:00:59.416-0500: 4968,332: Total time for which application threads were stopped: 0,0000576 seconds, Stopping threads took: 0,0000139 seconds
2015-12-01T14:01:00.416-0500: 4969,332: Total time for which application threads were stopped: 0,0000985 seconds, Stopping threads took: 0,0000226 seconds
2015-12-01T14:01:01.291-0500: 4970,207: Total time for which application threads were stopped: 0,0001066 seconds, Stopping threads took: 0,0000194 seconds
2015-12-01T14:01:01.416-0500: 4970,332: Total time for which application threads were stopped: 0,0001077 seconds, Stopping threads took: 0,0000282 seconds
2015-12-01T14:01:01.416-0500: 4970,332: Total time for which application threads were stopped: 0,0000896 seconds, Stopping threads took: 0,0000312 seconds
2015-12-01T14:01:02.023-0500: 4970,939: Total time for which application threads were stopped: 0,0001362 seconds, Stopping threads took: 0,0000335 seconds
2015-12-01T14:01:02.026-0500: 4970,942: Total time for which application threads were stopped: 0,0000985 seconds, Stopping threads took: 0,0000198 seconds
2015-12-01T14:01:02.026-0500: 4970,942: Total time for which application threads were stopped: 0,0000479 seconds, Stopping threads took: 0,0000096 seconds
2015-12-01T14:01:02.026-0500: 4970,942: Total time for which application threads were stopped: 0,0000364 seconds, Stopping threads took: 0,0000095 seconds
2015-12-01T14:01:02.026-0500: 4970,942: Total time for which application threads were stopped: 0,0000405 seconds, Stopping threads took: 0,0000156 seconds
2015-12-01T14:01:06.789-0500: 4975,705: Total time for which application threads were stopped: 0,0001006 seconds, Stopping threads took: 0,0000325 seconds
2015-12-01T14:01:07.672-0500: 4976,588: Total time for which application threads were stopped: 0,0000943 seconds, Stopping threads took: 0,0000293 seconds
2015-12-01T14:01:08.302-0500: 4977,218: Total time for which application threads were stopped: 0,0001079 seconds, Stopping threads took: 0,0000355 seconds
2015-12-01T14:01:08.980-0500: 4977,896: Total time for which application threads were stopped: 0,0001624 seconds, Stopping threads took: 0,0000823 seconds
2015-12-01T14:01:08.981-0500: 4977,897: Total time for which application threads were stopped: 0,0001679 seconds, Stopping threads took: 0,0000344 seconds
2015-12-01T14:01:09.981-0500: 4978,897: Total time for which application threads were stopped: 0,0000888 seconds, Stopping threads took: 0,0000229 seconds
2015-12-01T14:01:29.194-0500: 4998,110: Total time for which application threads were stopped: 0,0002245 seconds, Stopping threads took: 0,0000621 seconds
2015-12-01T14:01:29.195-0500: 4998,111: Total time for which application threads were stopped: 0,0001038 seconds, Stopping threads took: 0,0000301 seconds
2015-12-01T14:01:29.195-0500: 4998,111: Total time for which application threads were stopped: 0,0000677 seconds, Stopping threads took: 0,0000112 seconds
2015-12-01T14:01:29.220-0500: 4998,136: Total time for which application threads were stopped: 0,0001248 seconds, Stopping threads took: 0,0000472 seconds
2015-12-01T14:01:29.220-0500: 4998,136: Total time for which application threads were stopped: 0,0000729 seconds, Stopping threads took: 0,0000219 seconds
2015-12-01T14:01:29.222-0500: 4998,138: Total time for which application threads were stopped: 0,0001306 seconds, Stopping threads took: 0,0000686 seconds
2015-12-01T14:01:29.223-0500: 4998,139: Total time for which application threads were stopped: 0,0001063 seconds, Stopping threads took: 0,0000380 seconds
2015-12-01T14:01:29.667-0500: 4998,583: Total time for which application threads were stopped: 0,0001998 seconds, Stopping threads took: 0,0000419 seconds
2015-12-01T14:01:29.667-0500: 4998,583: Total time for which application threads were stopped: 0,0001003 seconds, Stopping threads took: 0,0000151 seconds
2015-12-01T14:01:29.668-0500: 4998,584: Total time for which application threads were stopped: 0,0001681 seconds, Stopping threads took: 0,0000633 seconds
2015-12-01T14:01:29.669-0500: 4998,584: Total time for which application threads were stopped: 0,0000465 seconds, Stopping threads took: 0,0000095 seconds
2015-12-01T14:01:30.669-0500: 4999,585: Total time for which application threads were stopped: 0,0000899 seconds, Stopping threads took: 0,0000219 seconds
2015-12-01T14:01:33.487-0500: 5002,403: Total time for which application threads were stopped: 0,0001075 seconds, Stopping threads took: 0,0000228 seconds
2015-12-01T14:01:33.488-0500: 5002,404: Total time for which application threads were stopped: 0,0000620 seconds, Stopping threads took: 0,0000237 seconds
2015-12-01T14:01:33.488-0500: 5002,404: Total time for which application threads were stopped: 0,0000442 seconds, Stopping threads took: 0,0000103 seconds
2015-12-01T14:01:34.488-0500: 5003,404: Total time for which application threads were stopped: 0,0000758 seconds, Stopping threads took: 0,0000199 seconds
2015-12-01T14:01:36.162-0500: 5005,078: Total time for which application threads were stopped: 0,0000963 seconds, Stopping threads took: 0,0000296 seconds
2015-12-01T14:01:36.723-0500: 5005,639: Total time for which application threads were stopped: 0,0000955 seconds, Stopping threads took: 0,0000288 seconds
2015-12-01T14:01:37.362-0500: 5006,278: Total time for which application threads were stopped: 0,0000966 seconds, Stopping threads took: 0,0000297 seconds
2015-12-01T14:01:37.925-0500: 5006,841: Total time for which application threads were stopped: 0,0000943 seconds, Stopping threads took: 0,0000266 seconds
2015-12-01T14:01:38.925-0500: 5007,841: Total time for which application threads were stopped: 0,0001043 seconds, Stopping threads took: 0,0000263 seconds
2015-12-01T14:02:22.930-0500: 5051,846: Total time for which application threads were stopped: 0,0001057 seconds, Stopping threads took: 0,0000373 seconds
2015-12-01T14:02:25.930-0500: 5054,846: Total time for which application threads were stopped: 0,0000892 seconds, Stopping threads took: 0,0000259 seconds
2015-12-01T14:02:29.669-0500: 5058,585: Total time for which application threads were stopped: 0,0001496 seconds, Stopping threads took: 0,0000510 seconds
2015-12-01T14:02:34.670-0500: 5063,586: Total time for which application threads were stopped: 0,0001466 seconds, Stopping threads took: 0,0000394 seconds
2015-12-01T14:03:04.674-0500: 5093,590: Total time for which application threads were stopped: 0,0002207 seconds, Stopping threads took: 0,0000781 seconds
2015-12-01T14:03:23.676-0500: 5112,592: Total time for which application threads were stopped: 0,0001166 seconds, Stopping threads took: 0,0000416 seconds
2015-12-01T14:03:25.257-0500: 5114,173: Total time for which application threads were stopped: 0,0000872 seconds, Stopping threads took: 0,0000186 seconds
2015-12-01T14:03:25.363-0500: 5114,279: Total time for which application threads were stopped: 0,0001189 seconds, Stopping threads took: 0,0000251 seconds
2015-12-01T14:03:28.364-0500: 5117,280: Total time for which application threads were stopped: 0,0000770 seconds, Stopping threads took: 0,0000207 seconds
2015-12-01T14:04:55.373-0500: 5204,289: Total time for which application threads were stopped: 0,0000940 seconds, Stopping threads took: 0,0000367 seconds
2015-12-01T14:05:14.931-0500: 5223,847: Total time for which application threads were stopped: 0,0000947 seconds, Stopping threads took: 0,0000316 seconds
2015-12-01T14:05:15.931-0500: 5224,847: Total time for which application threads were stopped: 0,0000818 seconds, Stopping threads took: 0,0000239 seconds
2015-12-01T14:05:18.072-0500: 5226,988: Total time for which application threads were stopped: 0,0001494 seconds, Stopping threads took: 0,0000363 seconds
2015-12-01T14:05:18.727-0500: 5227,643: Total time for which application threads were stopped: 0,0002015 seconds, Stopping threads took: 0,0001081 seconds
2015-12-01T14:05:31.729-0500: 5240,644: Total time for which application threads were stopped: 0,0000842 seconds, Stopping threads took: 0,0000236 seconds
2015-12-01T14:05:34.984-0500: 5243,928: Total time for which application threads were stopped: 0,0276905 seconds, Stopping threads took: 0,0000333 seconds
2015-12-01T14:05:35.652-0500: 5244,568: Total time for which application threads were stopped: 0,0000993 seconds, Stopping threads took: 0,0000304 seconds
2015-12-01T14:05:35.787-0500: 5244,703: Total time for which application threads were stopped: 0,0001626 seconds, Stopping threads took: 0,0000201 seconds
2015-12-01T14:05:36.788-0500: 5245,704: Total time for which application threads were stopped: 0,0002900 seconds, Stopping threads took: 0,0000874 seconds
2015-12-01T14:05:46.603-0500: 5255,519: Total time for which application threads were stopped: 0,0001279 seconds, Stopping threads took: 0,0000358 seconds
2015-12-01T14:05:47.667-0500: 5256,583: Total time for which application threads were stopped: 0,0001453 seconds, Stopping threads took: 0,0000297 seconds
2015-12-01T14:05:48.008-0500: 5256,924: Total time for which application threads were stopped: 0,0001285 seconds, Stopping threads took: 0,0000256 seconds
2015-12-01T14:05:48.386-0500: 5257,302: Total time for which application threads were stopped: 0,0001328 seconds, Stopping threads took: 0,0000312 seconds
2015-12-01T14:05:48.636-0500: 5257,552: Total time for which application threads were stopped: 0,0000834 seconds, Stopping threads took: 0,0000167 seconds
2015-12-01T14:05:49.346-0500: 5258,262: Total time for which application threads were stopped: 0,0002428 seconds, Stopping threads took: 0,0001000 seconds
2015-12-01T14:05:52.347-0500: 5261,262: Total time for which application threads were stopped: 0,0001599 seconds, Stopping threads took: 0,0000417 seconds
2015-12-01T14:06:04.705-0500: 5273,621: Total time for which application threads were stopped: 0,0001186 seconds, Stopping threads took: 0,0000462 seconds
2015-12-01T14:06:04.996-0500: 5273,912: Total time for which application threads were stopped: 0,0001028 seconds, Stopping threads took: 0,0000328 seconds
2015-12-01T14:06:06.933-0500: 5275,849: Total time for which application threads were stopped: 0,0001508 seconds, Stopping threads took: 0,0000294 seconds
2015-12-01T14:06:07.068-0500: 5275,984: Total time for which application threads were stopped: 0,0000879 seconds, Stopping threads took: 0,0000209 seconds
2015-12-01T14:06:07.207-0500: 5276,123: Total time for which application threads were stopped: 0,0001250 seconds, Stopping threads took: 0,0000227 seconds
2015-12-01T14:06:07.617-0500: 5276,533: Total time for which application threads were stopped: 0,0001481 seconds, Stopping threads took: 0,0000715 seconds
2015-12-01T14:06:10.617-0500: 5279,533: Total time for which application threads were stopped: 0,0001661 seconds, Stopping threads took: 0,0000579 seconds
2015-12-01T14:06:22.690-0500: 5291,606: Total time for which application threads were stopped: 0,0001043 seconds, Stopping threads took: 0,0000304 seconds
2015-12-01T14:06:23.690-0500: 5292,606: Total time for which application threads were stopped: 0,0000791 seconds, Stopping threads took: 0,0000225 seconds
2015-12-01T14:06:36.085-0500: 5305,001: Total time for which application threads were stopped: 0,0001567 seconds, Stopping threads took: 0,0000831 seconds
2015-12-01T14:06:37.035-0500: 5305,951: Total time for which application threads were stopped: 0,0002647 seconds, Stopping threads took: 0,0000511 seconds
2015-12-01T14:06:37.493-0500: 5306,409: Total time for which application threads were stopped: 0,0002638 seconds, Stopping threads took: 0,0000924 seconds
2015-12-01T14:06:37.967-0500: 5306,883: Total time for which application threads were stopped: 0,0002222 seconds, Stopping threads took: 0,0000457 seconds
2015-12-01T14:06:38.968-0500: 5307,884: Total time for which application threads were stopped: 0,0001175 seconds, Stopping threads took: 0,0000312 seconds
2015-12-01T14:07:06.874-0500: 5335,790: Total time for which application threads were stopped: 0,0001344 seconds, Stopping threads took: 0,0000389 seconds
2015-12-01T14:07:21.876-0500: 5350,792: Total time for which application threads were stopped: 0,0000814 seconds, Stopping threads took: 0,0000271 seconds
2015-12-01T14:07:35.878-0500: 5364,794: Total time for which application threads were stopped: 0,0001134 seconds, Stopping threads took: 0,0000319 seconds
2015-12-01T14:07:42.814-0500: 5371,730: Total time for which application threads were stopped: 0,0001051 seconds, Stopping threads took: 0,0000380 seconds
2015-12-01T14:07:43.312-0500: 5372,228: Total time for which application threads were stopped: 0,0000904 seconds, Stopping threads took: 0,0000171 seconds
2015-12-01T14:07:59.314-0500: 5388,230: Total time for which application threads were stopped: 0,0001083 seconds, Stopping threads took: 0,0000301 seconds
2015-12-01T14:09:20.323-0500: 5469,239: Total time for which application threads were stopped: 0,0001196 seconds, Stopping threads took: 0,0000332 seconds
2015-12-01T14:10:39.004-0500: 5547,920: Total time for which application threads were stopped: 0,0005258 seconds, Stopping threads took: 0,0001379 seconds
2015-12-01T14:10:40.033-0500: 5548,949: Total time for which application threads were stopped: 0,0001157 seconds, Stopping threads took: 0,0000395 seconds
2015-12-01T14:10:41.034-0500: 5549,950: Total time for which application threads were stopped: 0,0001637 seconds, Stopping threads took: 0,0000593 seconds
2015-12-01T14:10:54.556-0500: 5563,472: Total time for which application threads were stopped: 0,0000921 seconds, Stopping threads took: 0,0000282 seconds
2015-12-01T14:11:30.560-0500: 5599,476: Total time for which application threads were stopped: 0,0002010 seconds, Stopping threads took: 0,0000743 seconds
2015-12-01T14:12:40.786-0500: 5669,701: Total time for which application threads were stopped: 0,0000984 seconds, Stopping threads took: 0,0000249 seconds
2015-12-01T14:12:40.804-0500: 5669,720: Total time for which application threads were stopped: 0,0000892 seconds, Stopping threads took: 0,0000197 seconds
2015-12-01T14:12:40.867-0500: 5669,783: Total time for which application threads were stopped: 0,0002261 seconds, Stopping threads took: 0,0001139 seconds
2015-12-01T14:12:40.870-0500: 5669,786: Total time for which application threads were stopped: 0,0001006 seconds, Stopping threads took: 0,0000210 seconds
2015-12-01T14:12:41.801-0500: 5670,717: Total time for which application threads were stopped: 0,0001375 seconds, Stopping threads took: 0,0000290 seconds
2015-12-01T14:12:59.803-0500: 5688,719: Total time for which application threads were stopped: 0,0002182 seconds, Stopping threads took: 0,0000760 seconds
2015-12-01T14:13:31.807-0500: 5720,723: Total time for which application threads were stopped: 0,0000888 seconds, Stopping threads took: 0,0000342 seconds
2015-12-01T14:13:33.646-0500: 5722,562: Total time for which application threads were stopped: 0,0001482 seconds, Stopping threads took: 0,0000275 seconds
2015-12-01T14:13:34.646-0500: 5723,562: Total time for which application threads were stopped: 0,0000784 seconds, Stopping threads took: 0,0000226 seconds
2015-12-01T14:15:16.658-0500: 5825,574: Total time for which application threads were stopped: 0,0000898 seconds, Stopping threads took: 0,0000343 seconds
2015-12-01T14:15:18.658-0500: 5827,574: Total time for which application threads were stopped: 0,0001366 seconds, Stopping threads took: 0,0000345 seconds
2015-12-01T14:15:36.660-0500: 5845,576: Total time for which application threads were stopped: 0,0002016 seconds, Stopping threads took: 0,0001025 seconds
2015-12-01T14:15:38.660-0500: 5847,576: Total time for which application threads were stopped: 0,0000766 seconds, Stopping threads took: 0,0000195 seconds
2015-12-01T14:15:54.381-0500: 5863,297: Total time for which application threads were stopped: 0,0001102 seconds, Stopping threads took: 0,0000430 seconds
2015-12-01T14:15:55.137-0500: 5864,053: Total time for which application threads were stopped: 0,0000882 seconds, Stopping threads took: 0,0000272 seconds
2015-12-01T14:15:55.746-0500: 5864,661: Total time for which application threads were stopped: 0,0000906 seconds, Stopping threads took: 0,0000269 seconds
2015-12-01T14:15:56.773-0500: 5865,688: Total time for which application threads were stopped: 0,0001141 seconds, Stopping threads took: 0,0000271 seconds
2015-12-01T14:15:57.374-0500: 5866,290: Total time for which application threads were stopped: 0,0000898 seconds, Stopping threads took: 0,0000268 seconds
2015-12-01T14:16:02.436-0500: 5871,352: Total time for which application threads were stopped: 0,0001109 seconds, Stopping threads took: 0,0000230 seconds
2015-12-01T14:16:03.422-0500: 5872,337: Total time for which application threads were stopped: 0,0000900 seconds, Stopping threads took: 0,0000273 seconds
2015-12-01T14:16:03.810-0500: 5872,726: Total time for which application threads were stopped: 0,0000908 seconds, Stopping threads took: 0,0000263 seconds
2015-12-01T14:16:04.172-0500: 5873,088: Total time for which application threads were stopped: 0,0000910 seconds, Stopping threads took: 0,0000261 seconds
2015-12-01T14:16:04.531-0500: 5873,447: Total time for which application threads were stopped: 0,0000946 seconds, Stopping threads took: 0,0000277 seconds
2015-12-01T14:16:04.733-0500: 5873,649: Total time for which application threads were stopped: 0,0000979 seconds, Stopping threads took: 0,0000328 seconds
2015-12-01T14:17:19.461-0500: 5948,376: Total time for which application threads were stopped: 0,0001143 seconds, Stopping threads took: 0,0000408 seconds
2015-12-01T14:17:19.787-0500: 5948,703: Total time for which application threads were stopped: 0,0001063 seconds, Stopping threads took: 0,0000258 seconds
2015-12-01T14:17:20.787-0500: 5949,703: Total time for which application threads were stopped: 0,0001025 seconds, Stopping threads took: 0,0000244 seconds
2015-12-01T14:18:14.738-0500: 6003,654: Total time for which application threads were stopped: 0,0000894 seconds, Stopping threads took: 0,0000249 seconds
2015-12-01T14:18:15.062-0500: 6003,978: Total time for which application threads were stopped: 0,0000981 seconds, Stopping threads took: 0,0000189 seconds
2015-12-01T14:18:15.347-0500: 6004,262: Total time for which application threads were stopped: 0,0000914 seconds, Stopping threads took: 0,0000269 seconds
2015-12-01T14:18:15.348-0500: 6004,264: Total time for which application threads were stopped: 0,0001953 seconds, Stopping threads took: 0,0000922 seconds
2015-12-01T14:18:15.353-0500: 6004,269: Total time for which application threads were stopped: 0,0000954 seconds, Stopping threads took: 0,0000180 seconds
2015-12-01T14:18:15.370-0500: 6004,285: Total time for which application threads were stopped: 0,0001068 seconds, Stopping threads took: 0,0000146 seconds
2015-12-01T14:18:15.422-0500: 6004,338: Total time for which application threads were stopped: 0,0001024 seconds, Stopping threads took: 0,0000206 seconds
2015-12-01T14:18:15.589-0500: 6004,505: Total time for which application threads were stopped: 0,0001293 seconds, Stopping threads took: 0,0000447 seconds
2015-12-01T14:18:15.590-0500: 6004,505: Total time for which application threads were stopped: 0,0001011 seconds, Stopping threads took: 0,0000253 seconds
2015-12-01T14:18:15.598-0500: 6004,514: Total time for which application threads were stopped: 0,0000892 seconds, Stopping threads took: 0,0000279 seconds
2015-12-01T14:18:15.623-0500: 6004,539: Total time for which application threads were stopped: 0,0000844 seconds, Stopping threads took: 0,0000274 seconds
2015-12-01T14:18:15.662-0500: 6004,578: Total time for which application threads were stopped: 0,0001549 seconds, Stopping threads took: 0,0000670 seconds
2015-12-01T14:18:16.662-0500: 6005,578: Total time for which application threads were stopped: 0,0000956 seconds, Stopping threads took: 0,0000208 seconds
2015-12-01T14:18:16.955-0500: 6005,871: Total time for which application threads were stopped: 0,0001384 seconds, Stopping threads took: 0,0000267 seconds
2015-12-01T14:18:16.955-0500: 6005,871: Total time for which application threads were stopped: 0,0000898 seconds, Stopping threads took: 0,0000128 seconds
2015-12-01T14:18:16.991-0500: 6005,907: Total time for which application threads were stopped: 0,0001387 seconds, Stopping threads took: 0,0000524 seconds
2015-12-01T14:18:16.992-0500: 6005,907: Total time for which application threads were stopped: 0,0000852 seconds, Stopping threads took: 0,0000298 seconds
2015-12-01T14:18:17.992-0500: 6006,908: Total time for which application threads were stopped: 0,0000926 seconds, Stopping threads took: 0,0000210 seconds
2015-12-01T14:18:57.997-0500: 6046,913: Total time for which application threads were stopped: 0,0001449 seconds, Stopping threads took: 0,0000474 seconds
2015-12-01T14:18:58.497-0500: 6047,413: Total time for which application threads were stopped: 0,0001297 seconds, Stopping threads took: 0,0000197 seconds
2015-12-01T14:18:58.497-0500: 6047,413: Total time for which application threads were stopped: 0,0000531 seconds, Stopping threads took: 0,0000082 seconds
2015-12-01T14:18:58.505-0500: 6047,421: Total time for which application threads were stopped: 0,0000865 seconds, Stopping threads took: 0,0000234 seconds
2015-12-01T14:18:58.505-0500: 6047,421: Total time for which application threads were stopped: 0,0000288 seconds, Stopping threads took: 0,0000057 seconds
2015-12-01T14:18:58.971-0500: 6047,887: Total time for which application threads were stopped: 0,0065220 seconds, Stopping threads took: 0,0064162 seconds
2015-12-01T14:18:58.971-0500: 6047,887: Total time for which application threads were stopped: 0,0001511 seconds, Stopping threads took: 0,0000674 seconds
2015-12-01T14:18:58.971-0500: 6047,887: Total time for which application threads were stopped: 0,0000943 seconds, Stopping threads took: 0,0000157 seconds
2015-12-01T14:18:58.971-0500: 6047,887: Total time for which application threads were stopped: 0,0000865 seconds, Stopping threads took: 0,0000228 seconds
2015-12-01T14:18:59.583-0500: 6048,499: Total time for which application threads were stopped: 0,0001259 seconds, Stopping threads took: 0,0000154 seconds
2015-12-01T14:18:59.583-0500: 6048,499: Total time for which application threads were stopped: 0,0000806 seconds, Stopping threads took: 0,0000128 seconds
2015-12-01T14:18:59.588-0500: 6048,504: Total time for which application threads were stopped: 0,0000897 seconds, Stopping threads took: 0,0000211 seconds
2015-12-01T14:18:59.588-0500: 6048,504: Total time for which application threads were stopped: 0,0000479 seconds, Stopping threads took: 0,0000094 seconds
2015-12-01T14:19:06.064-0500: 6054,979: Total time for which application threads were stopped: 0,0001342 seconds, Stopping threads took: 0,0000217 seconds
2015-12-01T14:19:06.064-0500: 6054,980: Total time for which application threads were stopped: 0,0000635 seconds, Stopping threads took: 0,0000062 seconds
2015-12-01T14:19:06.065-0500: 6054,981: Total time for which application threads were stopped: 0,0001530 seconds, Stopping threads took: 0,0000231 seconds
2015-12-01T14:19:06.065-0500: 6054,981: Total time for which application threads were stopped: 0,0000976 seconds, Stopping threads took: 0,0000063 seconds
2015-12-01T14:19:06.065-0500: 6054,981: Total time for which application threads were stopped: 0,0000824 seconds, Stopping threads took: 0,0000053 seconds
2015-12-01T14:19:06.545-0500: 6055,460: Total time for which application threads were stopped: 0,0001395 seconds, Stopping threads took: 0,0000218 seconds
2015-12-01T14:19:06.545-0500: 6055,461: Total time for which application threads were stopped: 0,0000697 seconds, Stopping threads took: 0,0000090 seconds
2015-12-01T14:19:06.548-0500: 6055,464: Total time for which application threads were stopped: 0,0003399 seconds, Stopping threads took: 0,0001245 seconds
2015-12-01T14:19:06.548-0500: 6055,464: Total time for which application threads were stopped: 0,0001106 seconds, Stopping threads took: 0,0000079 seconds
2015-12-01T14:19:54.687-0500: 6103,603: Total time for which application threads were stopped: 0,0000976 seconds, Stopping threads took: 0,0000247 seconds
2015-12-01T14:19:55.599-0500: 6104,515: Total time for which application threads were stopped: 0,0002486 seconds, Stopping threads took: 0,0001338 seconds
2015-12-01T14:19:55.601-0500: 6104,517: Total time for which application threads were stopped: 0,0002851 seconds, Stopping threads took: 0,0000785 seconds
2015-12-01T14:19:55.602-0500: 6104,518: Total time for which application threads were stopped: 0,0001620 seconds, Stopping threads took: 0,0000730 seconds
2015-12-01T14:19:55.602-0500: 6104,518: Total time for which application threads were stopped: 0,0001257 seconds, Stopping threads took: 0,0000414 seconds
2015-12-01T14:19:55.619-0500: 6104,535: Total time for which application threads were stopped: 0,0000823 seconds, Stopping threads took: 0,0000185 seconds
2015-12-01T14:19:55.626-0500: 6104,542: Total time for which application threads were stopped: 0,0001100 seconds, Stopping threads took: 0,0000410 seconds
2015-12-01T14:19:55.661-0500: 6104,577: Total time for which application threads were stopped: 0,0000867 seconds, Stopping threads took: 0,0000196 seconds
2015-12-01T14:19:55.705-0500: 6104,621: Total time for which application threads were stopped: 0,0000879 seconds, Stopping threads took: 0,0000193 seconds
2015-12-01T14:19:55.705-0500: 6104,621: Total time for which application threads were stopped: 0,0001060 seconds, Stopping threads took: 0,0000534 seconds
2015-12-01T14:19:55.705-0500: 6104,621: Total time for which application threads were stopped: 0,0000881 seconds, Stopping threads took: 0,0000253 seconds
2015-12-01T14:19:56.394-0500: 6105,310: Total time for which application threads were stopped: 0,0002176 seconds, Stopping threads took: 0,0000257 seconds
2015-12-01T14:19:56.395-0500: 6105,311: Total time for which application threads were stopped: 0,0005467 seconds, Stopping threads took: 0,0003272 seconds
2015-12-01T14:19:56.396-0500: 6105,312: Total time for which application threads were stopped: 0,0001733 seconds, Stopping threads took: 0,0000801 seconds
2015-12-01T14:19:56.397-0500: 6105,312: Total time for which application threads were stopped: 0,0000826 seconds, Stopping threads took: 0,0000230 seconds
2015-12-01T14:20:06.907-0500: 6115,823: Total time for which application threads were stopped: 0,0002398 seconds, Stopping threads took: 0,0000688 seconds
2015-12-01T14:20:06.930-0500: 6115,846: Total time for which application threads were stopped: 0,0001781 seconds, Stopping threads took: 0,0000384 seconds
2015-12-01T14:20:06.932-0500: 6115,848: Total time for which application threads were stopped: 0,0001607 seconds, Stopping threads took: 0,0000385 seconds
2015-12-01T14:20:06.935-0500: 6115,851: Total time for which application threads were stopped: 0,0001626 seconds, Stopping threads took: 0,0000263 seconds
2015-12-01T14:20:07.106-0500: 6116,022: Total time for which application threads were stopped: 0,0000844 seconds, Stopping threads took: 0,0000241 seconds
2015-12-01T14:20:07.114-0500: 6116,029: Total time for which application threads were stopped: 0,0001977 seconds, Stopping threads took: 0,0000167 seconds
2015-12-01T14:20:07.597-0500: 6116,513: Total time for which application threads were stopped: 0,0001003 seconds, Stopping threads took: 0,0000175 seconds
2015-12-01T14:20:07.597-0500: 6116,513: Total time for which application threads were stopped: 0,0000571 seconds, Stopping threads took: 0,0000087 seconds
2015-12-01T14:20:07.598-0500: 6116,514: Total time for which application threads were stopped: 0,0000726 seconds, Stopping threads took: 0,0000326 seconds
2015-12-01T14:20:07.598-0500: 6116,514: Total time for which application threads were stopped: 0,0000603 seconds, Stopping threads took: 0,0000178 seconds
2015-12-01T14:20:07.632-0500: 6116,548: Total time for which application threads were stopped: 0,0003220 seconds, Stopping threads took: 0,0002190 seconds
2015-12-01T14:20:07.632-0500: 6116,548: Total time for which application threads were stopped: 0,0001288 seconds, Stopping threads took: 0,0000698 seconds
2015-12-01T14:20:07.632-0500: 6116,548: Total time for which application threads were stopped: 0,0001213 seconds, Stopping threads took: 0,0000681 seconds
2015-12-01T14:20:07.633-0500: 6116,549: Total time for which application threads were stopped: 0,0000699 seconds, Stopping threads took: 0,0000098 seconds
2015-12-01T14:20:07.640-0500: 6116,556: Total time for which application threads were stopped: 0,0001351 seconds, Stopping threads took: 0,0000669 seconds
2015-12-01T14:20:56.396-0500: 6165,312: Total time for which application threads were stopped: 0,0002018 seconds, Stopping threads took: 0,0000646 seconds
2015-12-01T14:21:07.599-0500: 6176,514: Total time for which application threads were stopped: 0,0002671 seconds, Stopping threads took: 0,0000713 seconds
2015-12-01T14:26:31.536-0500: 6500,452: Total time for which application threads were stopped: 0,0001091 seconds, Stopping threads took: 0,0000322 seconds
2015-12-01T14:26:31.659-0500: 6500,575: Total time for which application threads were stopped: 0,0003943 seconds, Stopping threads took: 0,0002974 seconds
{Heap before GC invocations=22 (full 2):
 par new generation   total 109248K, used 95925K [0x00000000e0000000, 0x00000000e8000000, 0x00000000e8000000)
  eden space 87424K, 100% used [0x00000000e0000000, 0x00000000e5560000, 0x00000000e5560000)
  from space 21824K,  38% used [0x00000000e5560000, 0x00000000e5dad440, 0x00000000e6ab0000)
  to   space 21824K,   0% used [0x00000000e6ab0000, 0x00000000e6ab0000, 0x00000000e8000000)
 concurrent mark-sweep generation total 393216K, used 12634K [0x00000000e8000000, 0x0000000100000000, 0x0000000100000000)
 Metaspace       used 39751K, capacity 40370K, committed 40676K, reserved 1085440K
  class space    used 4094K, capacity 4301K, committed 4376K, reserved 1048576K
2015-12-01T14:26:31.661-0500: 6500,577: [GC (Allocation Failure) 2015-12-01T14:26:31.661-0500: 6500,577: [ParNew
Desired survivor size 20112992 bytes, new threshold 8 (max 8)
- age   1:    3209440 bytes,    3209440 total
- age   2:      74352 bytes,    3283792 total
- age   3:     871552 bytes,    4155344 total
- age   4:     666104 bytes,    4821448 total
- age   5:     893432 bytes,    5714880 total
- age   6:     134736 bytes,    5849616 total
- age   7:    2913040 bytes,    8762656 total
- age   8:        880 bytes,    8763536 total
: 95925K->12116K(109248K), 0,0213837 secs] 108559K->25018K(502464K), 0,0214701 secs] [Times: user=0,04 sys=0,00, real=0,02 secs] 
Heap after GC invocations=23 (full 2):
 par new generation   total 109248K, used 12116K [0x00000000e0000000, 0x00000000e8000000, 0x00000000e8000000)
  eden space 87424K,   0% used [0x00000000e0000000, 0x00000000e0000000, 0x00000000e5560000)
  from space 21824K,  55% used [0x00000000e6ab0000, 0x00000000e7685340, 0x00000000e8000000)
  to   space 21824K,   0% used [0x00000000e5560000, 0x00000000e5560000, 0x00000000e6ab0000)
 concurrent mark-sweep generation total 393216K, used 12901K [0x00000000e8000000, 0x0000000100000000, 0x0000000100000000)
 Metaspace       used 39751K, capacity 40370K, committed 40676K, reserved 1085440K
  class space    used 4094K, capacity 4301K, committed 4376K, reserved 1048576K
}
2015-12-01T14:26:31.683-0500: 6500,599: Total time for which application threads were stopped: 0,0222263 seconds, Stopping threads took: 0,0004973 seconds
2015-12-01T14:26:31.683-0500: 6500,599: Total time for which application threads were stopped: 0,0001134 seconds, Stopping threads took: 0,0000328 seconds
2015-12-01T14:26:31.684-0500: 6500,600: Total time for which application threads were stopped: 0,0000862 seconds, Stopping threads took: 0,0000178 seconds
2015-12-01T14:26:31.686-0500: 6500,602: Total time for which application threads were stopped: 0,0000675 seconds, Stopping threads took: 0,0000141 seconds
2015-12-01T14:26:31.689-0500: 6500,605: Total time for which application threads were stopped: 0,0001465 seconds, Stopping threads took: 0,0000502 seconds
2015-12-01T14:26:31.689-0500: 6500,605: Total time for which application threads were stopped: 0,0000724 seconds, Stopping threads took: 0,0000205 seconds
2015-12-01T14:26:32.039-0500: 6500,955: Total time for which application threads were stopped: 0,0001620 seconds, Stopping threads took: 0,0000285 seconds
2015-12-01T14:26:32.040-0500: 6500,956: Total time for which application threads were stopped: 0,0001210 seconds, Stopping threads took: 0,0000346 seconds
2015-12-01T14:26:32.040-0500: 6500,956: Total time for which application threads were stopped: 0,0000938 seconds, Stopping threads took: 0,0000338 seconds
2015-12-01T14:26:32.040-0500: 6500,956: Total time for which application threads were stopped: 0,0000349 seconds, Stopping threads took: 0,0000084 seconds
2015-12-01T14:26:42.131-0500: 6511,047: Total time for which application threads were stopped: 0,0000832 seconds, Stopping threads took: 0,0000173 seconds
2015-12-01T14:27:32.041-0500: 6560,957: Total time for which application threads were stopped: 0,0001250 seconds, Stopping threads took: 0,0000463 seconds
2015-12-01T14:30:16.657-0500: 6709,197: Total time for which application threads were stopped: 0,0000976 seconds, Stopping threads took: 0,0000269 seconds
2015-12-01T14:30:16.745-0500: 6709,285: Total time for which application threads were stopped: 0,0000897 seconds, Stopping threads took: 0,0000194 seconds
2015-12-01T14:30:16.746-0500: 6709,286: Total time for which application threads were stopped: 0,0000842 seconds, Stopping threads took: 0,0000168 seconds
2015-12-01T14:30:16.752-0500: 6709,292: Total time for which application threads were stopped: 0,0001101 seconds, Stopping threads took: 0,0000297 seconds
2015-12-01T14:30:16.757-0500: 6709,297: Total time for which application threads were stopped: 0,0001003 seconds, Stopping threads took: 0,0000230 seconds
2015-12-01T14:30:16.757-0500: 6709,297: Total time for which application threads were stopped: 0,0000904 seconds, Stopping threads took: 0,0000126 seconds
2015-12-01T14:30:16.759-0500: 6709,299: Total time for which application threads were stopped: 0,0000910 seconds, Stopping threads took: 0,0000171 seconds
2015-12-01T14:30:16.764-0500: 6709,304: Total time for which application threads were stopped: 0,0000917 seconds, Stopping threads took: 0,0000204 seconds
2015-12-01T14:30:16.765-0500: 6709,305: Total time for which application threads were stopped: 0,0000585 seconds, Stopping threads took: 0,0000107 seconds
2015-12-01T14:30:16.768-0500: 6709,307: Total time for which application threads were stopped: 0,0000897 seconds, Stopping threads took: 0,0000200 seconds
2015-12-01T14:30:17.003-0500: 6709,543: Total time for which application threads were stopped: 0,0001117 seconds, Stopping threads took: 0,0000208 seconds
2015-12-01T14:30:17.003-0500: 6709,543: Total time for which application threads were stopped: 0,0000430 seconds, Stopping threads took: 0,0000080 seconds
2015-12-01T14:30:17.004-0500: 6709,544: Total time for which application threads were stopped: 0,0000574 seconds, Stopping threads took: 0,0000131 seconds
2015-12-01T14:30:17.004-0500: 6709,544: Total time for which application threads were stopped: 0,0000293 seconds, Stopping threads took: 0,0000057 seconds
2015-12-01T14:30:18.857-0500: 6711,397: Total time for which application threads were stopped: 0,0001042 seconds, Stopping threads took: 0,0000299 seconds
2015-12-01T14:30:18.993-0500: 6711,533: Total time for which application threads were stopped: 0,0001131 seconds, Stopping threads took: 0,0000484 seconds
2015-12-01T14:30:18.993-0500: 6711,533: Total time for which application threads were stopped: 0,0000641 seconds, Stopping threads took: 0,0000292 seconds
2015-12-01T14:30:19.031-0500: 6711,571: Total time for which application threads were stopped: 0,0000850 seconds, Stopping threads took: 0,0000211 seconds
2015-12-01T14:30:19.033-0500: 6711,573: Total time for which application threads were stopped: 0,0001286 seconds, Stopping threads took: 0,0000185 seconds
2015-12-01T14:30:19.034-0500: 6711,574: Total time for which application threads were stopped: 0,0000908 seconds, Stopping threads took: 0,0000345 seconds
2015-12-01T14:30:19.034-0500: 6711,574: Total time for which application threads were stopped: 0,0000366 seconds, Stopping threads took: 0,0000088 seconds
2015-12-01T14:30:19.038-0500: 6711,577: Total time for which application threads were stopped: 0,0000898 seconds, Stopping threads took: 0,0000228 seconds
2015-12-01T14:30:19.038-0500: 6711,578: Total time for which application threads were stopped: 0,0000481 seconds, Stopping threads took: 0,0000096 seconds
2015-12-01T14:30:19.038-0500: 6711,578: Total time for which application threads were stopped: 0,0000622 seconds, Stopping threads took: 0,0000149 seconds
2015-12-01T14:30:19.745-0500: 6712,285: Total time for which application threads were stopped: 0,0001180 seconds, Stopping threads took: 0,0000206 seconds
2015-12-01T14:30:19.745-0500: 6712,285: Total time for which application threads were stopped: 0,0000418 seconds, Stopping threads took: 0,0000078 seconds
2015-12-01T14:30:19.747-0500: 6712,287: Total time for which application threads were stopped: 0,0002606 seconds, Stopping threads took: 0,0001023 seconds
2015-12-01T14:30:19.748-0500: 6712,288: Total time for which application threads were stopped: 0,0000485 seconds, Stopping threads took: 0,0000100 seconds
2015-12-01T14:31:19.749-0500: 6772,289: Total time for which application threads were stopped: 0,0001911 seconds, Stopping threads took: 0,0000434 seconds
2015-12-01T14:32:20.483-0500: 6833,023: Total time for which application threads were stopped: 0,0001620 seconds, Stopping threads took: 0,0000392 seconds
2015-12-01T14:32:20.484-0500: 6833,023: Total time for which application threads were stopped: 0,0001189 seconds, Stopping threads took: 0,0000297 seconds
2015-12-01T14:32:21.668-0500: 6834,208: Total time for which application threads were stopped: 0,0000956 seconds, Stopping threads took: 0,0000266 seconds
2015-12-01T14:32:22.326-0500: 6834,866: Total time for which application threads were stopped: 0,0000926 seconds, Stopping threads took: 0,0000276 seconds
2015-12-01T14:32:23.108-0500: 6835,648: Total time for which application threads were stopped: 0,0000882 seconds, Stopping threads took: 0,0000256 seconds
2015-12-01T14:35:19.910-0500: 7012,450: Total time for which application threads were stopped: 0,0001324 seconds, Stopping threads took: 0,0000403 seconds
2015-12-01T14:35:20.121-0500: 7012,661: Total time for which application threads were stopped: 0,0001028 seconds, Stopping threads took: 0,0000202 seconds
2015-12-01T14:35:20.122-0500: 7012,662: Total time for which application threads were stopped: 0,0000610 seconds, Stopping threads took: 0,0000094 seconds
2015-12-01T14:35:20.123-0500: 7012,663: Total time for which application threads were stopped: 0,0000697 seconds, Stopping threads took: 0,0000143 seconds
2015-12-01T14:35:20.124-0500: 7012,664: Total time for which application threads were stopped: 0,0000557 seconds, Stopping threads took: 0,0000125 seconds
2015-12-01T14:35:20.129-0500: 7012,669: Total time for which application threads were stopped: 0,0001414 seconds, Stopping threads took: 0,0000182 seconds
2015-12-01T14:35:20.132-0500: 7012,672: Total time for which application threads were stopped: 0,0000629 seconds, Stopping threads took: 0,0000137 seconds
2015-12-01T14:35:20.132-0500: 7012,672: Total time for which application threads were stopped: 0,0000439 seconds, Stopping threads took: 0,0000076 seconds
2015-12-01T14:35:20.133-0500: 7012,673: Total time for which application threads were stopped: 0,0000572 seconds, Stopping threads took: 0,0000097 seconds
2015-12-01T14:35:20.133-0500: 7012,673: Total time for which application threads were stopped: 0,0000520 seconds, Stopping threads took: 0,0000097 seconds
2015-12-01T14:35:20.217-0500: 7012,757: Total time for which application threads were stopped: 0,0000866 seconds, Stopping threads took: 0,0000192 seconds
2015-12-01T14:35:20.386-0500: 7012,926: Total time for which application threads were stopped: 0,0001201 seconds, Stopping threads took: 0,0000285 seconds
2015-12-01T14:35:20.387-0500: 7012,927: Total time for which application threads were stopped: 0,0000956 seconds, Stopping threads took: 0,0000391 seconds
2015-12-01T14:35:20.387-0500: 7012,927: Total time for which application threads were stopped: 0,0000455 seconds, Stopping threads took: 0,0000108 seconds
2015-12-01T14:35:20.389-0500: 7012,929: Total time for which application threads were stopped: 0,0000725 seconds, Stopping threads took: 0,0000194 seconds
2015-12-01T14:35:21.072-0500: 7013,612: Total time for which application threads were stopped: 0,0002592 seconds, Stopping threads took: 0,0001214 seconds
2015-12-01T14:35:21.134-0500: 7013,674: Total time for which application threads were stopped: 0,0001373 seconds, Stopping threads took: 0,0000369 seconds
2015-12-01T14:35:21.135-0500: 7013,675: Total time for which application threads were stopped: 0,0001250 seconds, Stopping threads took: 0,0000111 seconds
2015-12-01T14:35:21.138-0500: 7013,678: Total time for which application threads were stopped: 0,0001098 seconds, Stopping threads took: 0,0000216 seconds
2015-12-01T14:35:21.139-0500: 7013,679: Total time for which application threads were stopped: 0,0000743 seconds, Stopping threads took: 0,0000128 seconds
2015-12-01T14:35:21.151-0500: 7013,691: Total time for which application threads were stopped: 0,0000851 seconds, Stopping threads took: 0,0000168 seconds
2015-12-01T14:35:21.152-0500: 7013,692: Total time for which application threads were stopped: 0,0000550 seconds, Stopping threads took: 0,0000106 seconds
2015-12-01T14:35:21.153-0500: 7013,693: Total time for which application threads were stopped: 0,0000510 seconds, Stopping threads took: 0,0000095 seconds
2015-12-01T14:35:21.153-0500: 7013,693: Total time for which application threads were stopped: 0,0000517 seconds, Stopping threads took: 0,0000110 seconds
2015-12-01T14:35:21.153-0500: 7013,693: Total time for which application threads were stopped: 0,0000356 seconds, Stopping threads took: 0,0000070 seconds
2015-12-01T14:35:21.396-0500: 7013,936: Total time for which application threads were stopped: 0,0001532 seconds, Stopping threads took: 0,0000307 seconds
2015-12-01T14:35:21.396-0500: 7013,936: Total time for which application threads were stopped: 0,0000627 seconds, Stopping threads took: 0,0000236 seconds
2015-12-01T14:35:21.400-0500: 7013,940: Total time for which application threads were stopped: 0,0000876 seconds, Stopping threads took: 0,0000197 seconds
2015-12-01T14:35:21.400-0500: 7013,940: Total time for which application threads were stopped: 0,0000258 seconds, Stopping threads took: 0,0000046 seconds
2015-12-01T14:35:22.401-0500: 7014,940: Total time for which application threads were stopped: 0,0001189 seconds, Stopping threads took: 0,0000437 seconds
2015-12-01T14:35:22.468-0500: 7015,007: Total time for which application threads were stopped: 0,0001166 seconds, Stopping threads took: 0,0000189 seconds
2015-12-01T14:35:22.468-0500: 7015,008: Total time for which application threads were stopped: 0,0000440 seconds, Stopping threads took: 0,0000075 seconds
2015-12-01T14:35:22.472-0500: 7015,012: Total time for which application threads were stopped: 0,0004287 seconds, Stopping threads took: 0,0003273 seconds
2015-12-01T14:35:22.473-0500: 7015,012: Total time for which application threads were stopped: 0,0000474 seconds, Stopping threads took: 0,0000059 seconds
2015-12-01T14:35:29.451-0500: 7021,991: Total time for which application threads were stopped: 0,0001050 seconds, Stopping threads took: 0,0000226 seconds
2015-12-01T14:35:30.161-0500: 7022,701: Total time for which application threads were stopped: 0,0000864 seconds, Stopping threads took: 0,0000196 seconds
2015-12-01T14:36:11.618-0500: 7064,158: Total time for which application threads were stopped: 0,0002229 seconds, Stopping threads took: 0,0000665 seconds
2015-12-01T14:36:13.631-0500: 7066,171: Total time for which application threads were stopped: 0,0000940 seconds, Stopping threads took: 0,0000209 seconds
2015-12-01T14:36:20.387-0500: 7072,927: Total time for which application threads were stopped: 0,0001943 seconds, Stopping threads took: 0,0000454 seconds
2015-12-01T14:36:21.388-0500: 7073,928: Total time for which application threads were stopped: 0,0001331 seconds, Stopping threads took: 0,0000329 seconds
2015-12-01T14:36:22.473-0500: 7075,013: Total time for which application threads were stopped: 0,0001377 seconds, Stopping threads took: 0,0000323 seconds
2015-12-01T14:39:42.407-0500: 7274,947: Total time for which application threads were stopped: 0,0001451 seconds, Stopping threads took: 0,0000410 seconds
2015-12-01T14:39:43.110-0500: 7275,650: Total time for which application threads were stopped: 0,0000936 seconds, Stopping threads took: 0,0000280 seconds
2015-12-01T14:42:46.712-0500: 7459,252: Total time for which application threads were stopped: 0,0002095 seconds, Stopping threads took: 0,0000515 seconds
2015-12-01T14:42:46.736-0500: 7459,276: Total time for which application threads were stopped: 0,0000971 seconds, Stopping threads took: 0,0000341 seconds
2015-12-01T14:42:46.744-0500: 7459,284: Total time for which application threads were stopped: 0,0000641 seconds, Stopping threads took: 0,0000117 seconds
2015-12-01T14:42:46.752-0500: 7459,292: Total time for which application threads were stopped: 0,0001135 seconds, Stopping threads took: 0,0000224 seconds
2015-12-01T14:42:46.753-0500: 7459,293: Total time for which application threads were stopped: 0,0001672 seconds, Stopping threads took: 0,0000120 seconds
2015-12-01T14:42:46.761-0500: 7459,301: Total time for which application threads were stopped: 0,0001820 seconds, Stopping threads took: 0,0000391 seconds
2015-12-01T14:42:46.761-0500: 7459,301: Total time for which application threads were stopped: 0,0001367 seconds, Stopping threads took: 0,0000376 seconds
2015-12-01T14:42:46.762-0500: 7459,301: Total time for which application threads were stopped: 0,0001089 seconds, Stopping threads took: 0,0000272 seconds
2015-12-01T14:42:46.762-0500: 7459,302: Total time for which application threads were stopped: 0,0000383 seconds, Stopping threads took: 0,0000108 seconds
2015-12-01T14:42:47.182-0500: 7459,722: Total time for which application threads were stopped: 0,0002529 seconds, Stopping threads took: 0,0000492 seconds
2015-12-01T14:42:47.182-0500: 7459,722: Total time for which application threads were stopped: 0,0002233 seconds, Stopping threads took: 0,0000401 seconds
2015-12-01T14:42:47.184-0500: 7459,724: Total time for which application threads were stopped: 0,0004041 seconds, Stopping threads took: 0,0001759 seconds
2015-12-01T14:42:47.184-0500: 7459,724: Total time for which application threads were stopped: 0,0003671 seconds, Stopping threads took: 0,0001078 seconds
2015-12-01T14:42:48.185-0500: 7460,725: Total time for which application threads were stopped: 0,0001558 seconds, Stopping threads took: 0,0000558 seconds
2015-12-01T14:42:58.574-0500: 7471,114: Total time for which application threads were stopped: 0,0001428 seconds, Stopping threads took: 0,0000203 seconds
2015-12-01T14:42:58.600-0500: 7471,139: Total time for which application threads were stopped: 0,0000887 seconds, Stopping threads took: 0,0000192 seconds
2015-12-01T14:43:47.183-0500: 7519,723: Total time for which application threads were stopped: 0,0003898 seconds, Stopping threads took: 0,0001288 seconds
2015-12-01T14:43:47.185-0500: 7519,725: Total time for which application threads were stopped: 0,0001199 seconds, Stopping threads took: 0,0000259 seconds
2015-12-01T14:44:26.948-0500: 7559,488: Total time for which application threads were stopped: 0,0001535 seconds, Stopping threads took: 0,0000466 seconds
2015-12-01T14:44:27.948-0500: 7560,488: Total time for which application threads were stopped: 0,0003299 seconds, Stopping threads took: 0,0000871 seconds
2015-12-01T14:44:28.252-0500: 7560,792: Total time for which application threads were stopped: 0,0001272 seconds, Stopping threads took: 0,0000366 seconds
2015-12-01T14:44:28.863-0500: 7561,403: Total time for which application threads were stopped: 0,0003529 seconds, Stopping threads took: 0,0000672 seconds
2015-12-01T14:44:29.252-0500: 7561,792: Total time for which application threads were stopped: 0,0000857 seconds, Stopping threads took: 0,0000176 seconds
2015-12-01T14:44:29.641-0500: 7562,181: Total time for which application threads were stopped: 0,0000944 seconds, Stopping threads took: 0,0000307 seconds
2015-12-01T14:44:29.948-0500: 7562,488: Total time for which application threads were stopped: 0,0001068 seconds, Stopping threads took: 0,0000398 seconds
2015-12-01T14:44:30.244-0500: 7562,784: Total time for which application threads were stopped: 0,0001383 seconds, Stopping threads took: 0,0000332 seconds
2015-12-01T14:44:30.813-0500: 7563,352: Total time for which application threads were stopped: 0,0000934 seconds, Stopping threads took: 0,0000264 seconds
2015-12-01T14:44:31.191-0500: 7563,731: Total time for which application threads were stopped: 0,0001025 seconds, Stopping threads took: 0,0000252 seconds
2015-12-01T14:44:31.545-0500: 7564,085: Total time for which application threads were stopped: 0,0001054 seconds, Stopping threads took: 0,0000204 seconds
2015-12-01T14:44:32.351-0500: 7564,891: Total time for which application threads were stopped: 0,0001031 seconds, Stopping threads took: 0,0000317 seconds
2015-12-01T14:47:28.294-0500: 7740,834: Total time for which application threads were stopped: 0,0001799 seconds, Stopping threads took: 0,0000527 seconds
2015-12-01T14:47:28.296-0500: 7740,835: Total time for which application threads were stopped: 0,0002386 seconds, Stopping threads took: 0,0001223 seconds
2015-12-01T14:47:28.298-0500: 7740,838: Total time for which application threads were stopped: 0,0002221 seconds, Stopping threads took: 0,0001245 seconds
2015-12-01T14:47:28.330-0500: 7740,870: Total time for which application threads were stopped: 0,0001730 seconds, Stopping threads took: 0,0000321 seconds
2015-12-01T14:47:28.334-0500: 7740,874: Total time for which application threads were stopped: 0,0003767 seconds, Stopping threads took: 0,0000188 seconds
2015-12-01T14:47:28.336-0500: 7740,876: Total time for which application threads were stopped: 0,0001256 seconds, Stopping threads took: 0,0000179 seconds
2015-12-01T14:47:28.337-0500: 7740,877: Total time for which application threads were stopped: 0,0001123 seconds, Stopping threads took: 0,0000155 seconds
2015-12-01T14:47:28.337-0500: 7740,877: Total time for which application threads were stopped: 0,0001030 seconds, Stopping threads took: 0,0000141 seconds
2015-12-01T14:47:28.341-0500: 7740,880: Total time for which application threads were stopped: 0,0002524 seconds, Stopping threads took: 0,0000590 seconds
2015-12-01T14:47:28.341-0500: 7740,881: Total time for which application threads were stopped: 0,0002848 seconds, Stopping threads took: 0,0001164 seconds
2015-12-01T14:47:28.343-0500: 7740,882: Total time for which application threads were stopped: 0,0004472 seconds, Stopping threads took: 0,0000576 seconds
2015-12-01T14:47:28.347-0500: 7740,887: Total time for which application threads were stopped: 0,0002188 seconds, Stopping threads took: 0,0000274 seconds
2015-12-01T14:47:28.347-0500: 7740,887: Total time for which application threads were stopped: 0,0001567 seconds, Stopping threads took: 0,0000142 seconds
2015-12-01T14:47:29.348-0500: 7741,888: Total time for which application threads were stopped: 0,0000931 seconds, Stopping threads took: 0,0000235 seconds
2015-12-01T14:47:38.145-0500: 7750,685: Total time for which application threads were stopped: 0,0002556 seconds, Stopping threads took: 0,0000806 seconds
2015-12-01T14:47:38.916-0500: 7751,455: Total time for which application threads were stopped: 0,0002040 seconds, Stopping threads took: 0,0000388 seconds
2015-12-01T14:48:28.342-0500: 7800,882: Total time for which application threads were stopped: 0,0001417 seconds, Stopping threads took: 0,0000425 seconds
2015-12-01T14:48:28.348-0500: 7800,888: Total time for which application threads were stopped: 0,0000747 seconds, Stopping threads took: 0,0000145 seconds
2015-12-01T14:49:04.884-0500: 7837,424: Total time for which application threads were stopped: 0,0001347 seconds, Stopping threads took: 0,0000440 seconds
2015-12-01T14:49:05.515-0500: 7838,055: Total time for which application threads were stopped: 0,0001443 seconds, Stopping threads took: 0,0000436 seconds
2015-12-01T14:49:05.842-0500: 7838,382: Total time for which application threads were stopped: 0,0000961 seconds, Stopping threads took: 0,0000178 seconds
2015-12-01T14:49:06.106-0500: 7838,646: Total time for which application threads were stopped: 0,0001276 seconds, Stopping threads took: 0,0000266 seconds
2015-12-01T14:49:06.378-0500: 7838,918: Total time for which application threads were stopped: 0,0000942 seconds, Stopping threads took: 0,0000198 seconds
2015-12-01T14:49:14.803-0500: 7847,343: Total time for which application threads were stopped: 0,0001078 seconds, Stopping threads took: 0,0000328 seconds
2015-12-01T14:49:15.667-0500: 7848,207: Total time for which application threads were stopped: 0,0001114 seconds, Stopping threads took: 0,0000234 seconds
2015-12-01T14:49:16.221-0500: 7848,761: Total time for which application threads were stopped: 0,0000808 seconds, Stopping threads took: 0,0000210 seconds
2015-12-01T14:49:29.354-0500: 7861,894: Total time for which application threads were stopped: 0,0001705 seconds, Stopping threads took: 0,0000375 seconds
2015-12-01T14:49:29.550-0500: 7862,090: Total time for which application threads were stopped: 0,0000994 seconds, Stopping threads took: 0,0000260 seconds
2015-12-01T14:49:30.550-0500: 7863,090: Total time for which application threads were stopped: 0,0000969 seconds, Stopping threads took: 0,0000236 seconds
2015-12-01T14:49:31.551-0500: 7864,091: Total time for which application threads were stopped: 0,0000816 seconds, Stopping threads took: 0,0000205 seconds
2015-12-01T14:49:42.552-0500: 7875,092: Total time for which application threads were stopped: 0,0002314 seconds, Stopping threads took: 0,0001160 seconds
2015-12-01T14:50:02.355-0500: 7894,895: Total time for which application threads were stopped: 0,0000938 seconds, Stopping threads took: 0,0000281 seconds
2015-12-01T14:50:02.587-0500: 7895,127: Total time for which application threads were stopped: 0,0001161 seconds, Stopping threads took: 0,0000202 seconds
2015-12-01T14:50:23.589-0500: 7916,129: Total time for which application threads were stopped: 0,0001082 seconds, Stopping threads took: 0,0000394 seconds
2015-12-01T14:50:39.114-0500: 7931,653: Total time for which application threads were stopped: 0,0001018 seconds, Stopping threads took: 0,0000353 seconds
2015-12-01T14:50:41.687-0500: 7934,226: Total time for which application threads were stopped: 0,0002037 seconds, Stopping threads took: 0,0000785 seconds
2015-12-01T14:50:42.687-0500: 7935,227: Total time for which application threads were stopped: 0,0001852 seconds, Stopping threads took: 0,0000446 seconds
2015-12-01T14:51:34.692-0500: 7987,232: Total time for which application threads were stopped: 0,0001324 seconds, Stopping threads took: 0,0000463 seconds
2015-12-01T14:51:38.443-0500: 7990,983: Total time for which application threads were stopped: 0,0000960 seconds, Stopping threads took: 0,0000221 seconds
2015-12-01T14:51:39.444-0500: 7991,984: Total time for which application threads were stopped: 0,0001340 seconds, Stopping threads took: 0,0000490 seconds
2015-12-01T14:52:35.117-0500: 8047,657: Total time for which application threads were stopped: 0,0001445 seconds, Stopping threads took: 0,0000354 seconds
2015-12-01T14:52:35.170-0500: 8047,710: Total time for which application threads were stopped: 0,0000932 seconds, Stopping threads took: 0,0000221 seconds
2015-12-01T14:52:35.241-0500: 8047,781: Total time for which application threads were stopped: 0,0002135 seconds, Stopping threads took: 0,0001012 seconds
2015-12-01T14:52:38.473-0500: 8051,013: Total time for which application threads were stopped: 0,0001816 seconds, Stopping threads took: 0,0000335 seconds
2015-12-01T14:52:38.474-0500: 8051,014: Total time for which application threads were stopped: 0,0000959 seconds, Stopping threads took: 0,0000290 seconds
2015-12-01T14:52:38.474-0500: 8051,014: Total time for which application threads were stopped: 0,0000968 seconds, Stopping threads took: 0,0000387 seconds
2015-12-01T14:52:39.403-0500: 8051,943: Total time for which application threads were stopped: 0,0001604 seconds, Stopping threads took: 0,0000446 seconds
2015-12-01T14:52:39.496-0500: 8052,036: Total time for which application threads were stopped: 0,0003245 seconds, Stopping threads took: 0,0001053 seconds
{Heap before GC invocations=23 (full 2):
 par new generation   total 109248K, used 99538K [0x00000000e0000000, 0x00000000e8000000, 0x00000000e8000000)
  eden space 87424K,  99% used [0x00000000e0000000, 0x00000000e555f520, 0x00000000e5560000)
  from space 21824K,  55% used [0x00000000e6ab0000, 0x00000000e7685340, 0x00000000e8000000)
  to   space 21824K,   0% used [0x00000000e5560000, 0x00000000e5560000, 0x00000000e6ab0000)
 concurrent mark-sweep generation total 393216K, used 12901K [0x00000000e8000000, 0x0000000100000000, 0x0000000100000000)
 Metaspace       used 39822K, capacity 40504K, committed 40676K, reserved 1085440K
  class space    used 4096K, capacity 4302K, committed 4376K, reserved 1048576K
2015-12-01T14:52:39.908-0500: 8052,448: [GC (Allocation Failure) 2015-12-01T14:52:39.908-0500: 8052,448: [ParNew
Desired survivor size 20112992 bytes, new threshold 8 (max 8)
- age   1:    2450960 bytes,    2450960 total
- age   2:    1845832 bytes,    4296792 total
- age   3:      74352 bytes,    4371144 total
- age   4:     834224 bytes,    5205368 total
- age   5:     509768 bytes,    5715136 total
- age   6:     159664 bytes,    5874800 total
- age   7:       5800 bytes,    5880600 total
- age   8:    2389264 bytes,    8269864 total
: 99538K->9447K(109248K), 0,0084882 secs] 112439K->22350K(502464K), 0,0085728 secs] [Times: user=0,03 sys=0,00, real=0,01 secs] 
Heap after GC invocations=24 (full 2):
 par new generation   total 109248K, used 9447K [0x00000000e0000000, 0x00000000e8000000, 0x00000000e8000000)
  eden space 87424K,   0% used [0x00000000e0000000, 0x00000000e0000000, 0x00000000e5560000)
  from space 21824K,  43% used [0x00000000e5560000, 0x00000000e5e99f00, 0x00000000e6ab0000)
  to   space 21824K,   0% used [0x00000000e6ab0000, 0x00000000e6ab0000, 0x00000000e8000000)
 concurrent mark-sweep generation total 393216K, used 12902K [0x00000000e8000000, 0x0000000100000000, 0x0000000100000000)
 Metaspace       used 39822K, capacity 40504K, committed 40676K, reserved 1085440K
  class space    used 4096K, capacity 4302K, committed 4376K, reserved 1048576K
}
2015-12-01T14:52:39.916-0500: 8052,456: Total time for which application threads were stopped: 0,0087742 seconds, Stopping threads took: 0,0000366 seconds
2015-12-01T14:52:39.917-0500: 8052,457: Total time for which application threads were stopped: 0,0001165 seconds, Stopping threads took: 0,0000283 seconds
2015-12-01T14:52:39.917-0500: 8052,457: Total time for which application threads were stopped: 0,0000949 seconds, Stopping threads took: 0,0000288 seconds
{Heap before GC invocations=24 (full 2):
 par new generation   total 109248K, used 96871K [0x00000000e0000000, 0x00000000e8000000, 0x00000000e8000000)
  eden space 87424K, 100% used [0x00000000e0000000, 0x00000000e5560000, 0x00000000e5560000)
  from space 21824K,  43% used [0x00000000e5560000, 0x00000000e5e99f00, 0x00000000e6ab0000)
  to   space 21824K,   0% used [0x00000000e6ab0000, 0x00000000e6ab0000, 0x00000000e8000000)
 concurrent mark-sweep generation total 393216K, used 12902K [0x00000000e8000000, 0x0000000100000000, 0x0000000100000000)
 Metaspace       used 39840K, capacity 40528K, committed 40676K, reserved 1085440K
  class space    used 4098K, capacity 4306K, committed 4376K, reserved 1048576K
2015-12-01T14:52:39.968-0500: 8052,508: [GC (Allocation Failure) 2015-12-01T14:52:39.968-0500: 8052,508: [ParNew
Desired survivor size 20112992 bytes, new threshold 8 (max 8)
- age   1:     111032 bytes,     111032 total
- age   2:    1722368 bytes,    1833400 total
- age   3:    1845240 bytes,    3678640 total
- age   4:      74352 bytes,    3752992 total
- age   5:     833856 bytes,    4586848 total
- age   6:     509768 bytes,    5096616 total
- age   7:     159664 bytes,    5256280 total
- age   8:       5800 bytes,    5262080 total
: 96871K->9047K(109248K), 0,0087313 secs] 109774K->24291K(502464K), 0,0088179 secs] [Times: user=0,02 sys=0,00, real=0,01 secs] 
Heap after GC invocations=25 (full 2):
 par new generation   total 109248K, used 9047K [0x00000000e0000000, 0x00000000e8000000, 0x00000000e8000000)
  eden space 87424K,   0% used [0x00000000e0000000, 0x00000000e0000000, 0x00000000e5560000)
  from space 21824K,  41% used [0x00000000e6ab0000, 0x00000000e7385e28, 0x00000000e8000000)
  to   space 21824K,   0% used [0x00000000e5560000, 0x00000000e5560000, 0x00000000e6ab0000)
 concurrent mark-sweep generation total 393216K, used 15243K [0x00000000e8000000, 0x0000000100000000, 0x0000000100000000)
 Metaspace       used 39840K, capacity 40528K, committed 40676K, reserved 1085440K
  class space    used 4098K, capacity 4306K, committed 4376K, reserved 1048576K
}
2015-12-01T14:52:39.977-0500: 8052,517: Total time for which application threads were stopped: 0,0089976 seconds, Stopping threads took: 0,0000260 seconds
2015-12-01T14:52:39.977-0500: 8052,517: Total time for which application threads were stopped: 0,0001275 seconds, Stopping threads took: 0,0000354 seconds
2015-12-01T14:52:39.978-0500: 8052,517: Total time for which application threads were stopped: 0,0000685 seconds, Stopping threads took: 0,0000151 seconds
2015-12-01T14:52:40.098-0500: 8052,638: Total time for which application threads were stopped: 0,0017038 seconds, Stopping threads took: 0,0016039 seconds
2015-12-01T14:52:40.134-0500: 8052,674: Total time for which application threads were stopped: 0,0017114 seconds, Stopping threads took: 0,0014254 seconds
2015-12-01T14:52:40.134-0500: 8052,674: Total time for which application threads were stopped: 0,0001090 seconds, Stopping threads took: 0,0000711 seconds
2015-12-01T14:52:40.135-0500: 8052,675: Total time for which application threads were stopped: 0,0000783 seconds, Stopping threads took: 0,0000143 seconds
2015-12-01T14:52:40.142-0500: 8052,681: Total time for which application threads were stopped: 0,0001125 seconds, Stopping threads took: 0,0000432 seconds
2015-12-01T14:52:40.142-0500: 8052,682: Total time for which application threads were stopped: 0,0000663 seconds, Stopping threads took: 0,0000234 seconds
2015-12-01T14:52:40.176-0500: 8052,716: Total time for which application threads were stopped: 0,0001045 seconds, Stopping threads took: 0,0000323 seconds
2015-12-01T14:52:40.177-0500: 8052,717: Total time for which application threads were stopped: 0,0001414 seconds, Stopping threads took: 0,0000922 seconds
2015-12-01T14:52:40.240-0500: 8052,780: Total time for which application threads were stopped: 0,0000936 seconds, Stopping threads took: 0,0000135 seconds
2015-12-01T14:52:40.241-0500: 8052,781: Total time for which application threads were stopped: 0,0001273 seconds, Stopping threads took: 0,0000752 seconds
2015-12-01T14:52:40.241-0500: 8052,781: Total time for which application threads were stopped: 0,0000479 seconds, Stopping threads took: 0,0000192 seconds
2015-12-01T14:52:40.241-0500: 8052,781: Total time for which application threads were stopped: 0,0000392 seconds, Stopping threads took: 0,0000073 seconds
2015-12-01T14:52:40.241-0500: 8052,781: Total time for which application threads were stopped: 0,0000401 seconds, Stopping threads took: 0,0000188 seconds
2015-12-01T14:52:40.242-0500: 8052,781: Total time for which application threads were stopped: 0,0000461 seconds, Stopping threads took: 0,0000259 seconds
2015-12-01T14:52:40.242-0500: 8052,782: Total time for which application threads were stopped: 0,0000463 seconds, Stopping threads took: 0,0000245 seconds
2015-12-01T14:52:40.242-0500: 8052,782: Total time for which application threads were stopped: 0,0000437 seconds, Stopping threads took: 0,0000209 seconds
2015-12-01T14:52:40.249-0500: 8052,789: Total time for which application threads were stopped: 0,0001173 seconds, Stopping threads took: 0,0000257 seconds
2015-12-01T14:52:43.494-0500: 8056,034: Total time for which application threads were stopped: 0,0001168 seconds, Stopping threads took: 0,0000234 seconds
2015-12-01T14:52:43.496-0500: 8056,035: Total time for which application threads were stopped: 0,0000900 seconds, Stopping threads took: 0,0000282 seconds
2015-12-01T14:52:43.536-0500: 8056,076: Total time for which application threads were stopped: 0,0001765 seconds, Stopping threads took: 0,0000665 seconds
2015-12-01T14:52:43.539-0500: 8056,079: Total time for which application threads were stopped: 0,0001330 seconds, Stopping threads took: 0,0000331 seconds
2015-12-01T14:52:43.539-0500: 8056,079: Total time for which application threads were stopped: 0,0000900 seconds, Stopping threads took: 0,0000259 seconds
2015-12-01T14:52:43.539-0500: 8056,079: Total time for which application threads were stopped: 0,0000532 seconds, Stopping threads took: 0,0000052 seconds
2015-12-01T14:52:43.541-0500: 8056,081: Total time for which application threads were stopped: 0,0001108 seconds, Stopping threads took: 0,0000206 seconds
2015-12-01T14:52:43.541-0500: 8056,081: Total time for which application threads were stopped: 0,0000816 seconds, Stopping threads took: 0,0000318 seconds
2015-12-01T14:52:43.547-0500: 8056,086: Total time for which application threads were stopped: 0,0000994 seconds, Stopping threads took: 0,0000207 seconds
2015-12-01T14:52:44.547-0500: 8057,087: Total time for which application threads were stopped: 0,0000715 seconds, Stopping threads took: 0,0000195 seconds
2015-12-01T14:52:45.887-0500: 8058,427: Total time for which application threads were stopped: 0,0001169 seconds, Stopping threads took: 0,0000232 seconds
2015-12-01T14:52:45.925-0500: 8058,465: Total time for which application threads were stopped: 0,0001516 seconds, Stopping threads took: 0,0000619 seconds
2015-12-01T14:52:45.925-0500: 8058,465: Total time for which application threads were stopped: 0,0000780 seconds, Stopping threads took: 0,0000221 seconds
2015-12-01T14:52:45.925-0500: 8058,465: Total time for which application threads were stopped: 0,0000799 seconds, Stopping threads took: 0,0000308 seconds
2015-12-01T14:52:45.925-0500: 8058,465: Total time for which application threads were stopped: 0,0000716 seconds, Stopping threads took: 0,0000310 seconds
2015-12-01T14:52:45.926-0500: 8058,465: Total time for which application threads were stopped: 0,0000469 seconds, Stopping threads took: 0,0000097 seconds
2015-12-01T14:52:45.926-0500: 8058,466: Total time for which application threads were stopped: 0,0000443 seconds, Stopping threads took: 0,0000060 seconds
2015-12-01T14:52:45.926-0500: 8058,466: Total time for which application threads were stopped: 0,0000430 seconds, Stopping threads took: 0,0000073 seconds
2015-12-01T14:52:45.926-0500: 8058,466: Total time for which application threads were stopped: 0,0000427 seconds, Stopping threads took: 0,0000074 seconds
2015-12-01T14:52:47.657-0500: 8060,197: Total time for which application threads were stopped: 0,0001384 seconds, Stopping threads took: 0,0000605 seconds
2015-12-01T14:52:47.662-0500: 8060,202: Total time for which application threads were stopped: 0,0001079 seconds, Stopping threads took: 0,0000318 seconds
2015-12-01T14:52:47.669-0500: 8060,209: Total time for which application threads were stopped: 0,0001393 seconds, Stopping threads took: 0,0000298 seconds
2015-12-01T14:52:47.669-0500: 8060,209: Total time for which application threads were stopped: 0,0000341 seconds, Stopping threads took: 0,0000098 seconds
2015-12-01T14:52:47.670-0500: 8060,209: Total time for which application threads were stopped: 0,0000282 seconds, Stopping threads took: 0,0000083 seconds
2015-12-01T14:52:47.703-0500: 8060,242: Total time for which application threads were stopped: 0,0000755 seconds, Stopping threads took: 0,0000197 seconds
2015-12-01T14:52:47.703-0500: 8060,243: Total time for which application threads were stopped: 0,0000404 seconds, Stopping threads took: 0,0000081 seconds
2015-12-01T14:52:47.703-0500: 8060,243: Total time for which application threads were stopped: 0,0000352 seconds, Stopping threads took: 0,0000063 seconds
2015-12-01T14:52:47.703-0500: 8060,243: Total time for which application threads were stopped: 0,0000239 seconds, Stopping threads took: 0,0000050 seconds
2015-12-01T14:52:47.703-0500: 8060,243: Total time for which application threads were stopped: 0,0000261 seconds, Stopping threads took: 0,0000059 seconds
2015-12-01T14:52:47.703-0500: 8060,243: Total time for which application threads were stopped: 0,0001200 seconds, Stopping threads took: 0,0000108 seconds
2015-12-01T14:52:47.703-0500: 8060,243: Total time for which application threads were stopped: 0,0000452 seconds, Stopping threads took: 0,0000074 seconds
2015-12-01T14:52:47.757-0500: 8060,297: Total time for which application threads were stopped: 0,0000961 seconds, Stopping threads took: 0,0000261 seconds
2015-12-01T14:52:47.776-0500: 8060,316: Total time for which application threads were stopped: 0,0000962 seconds, Stopping threads took: 0,0000278 seconds
2015-12-01T14:52:47.938-0500: 8060,478: Total time for which application threads were stopped: 0,0001395 seconds, Stopping threads took: 0,0000310 seconds
2015-12-01T14:52:49.679-0500: 8062,219: Total time for which application threads were stopped: 0,0001917 seconds, Stopping threads took: 0,0000321 seconds
2015-12-01T14:52:49.679-0500: 8062,219: Total time for which application threads were stopped: 0,0001158 seconds, Stopping threads took: 0,0000207 seconds
2015-12-01T14:52:50.317-0500: 8062,857: Total time for which application threads were stopped: 0,0001039 seconds, Stopping threads took: 0,0000175 seconds
2015-12-01T14:52:50.320-0500: 8062,860: Total time for which application threads were stopped: 0,0001075 seconds, Stopping threads took: 0,0000422 seconds
2015-12-01T14:52:50.320-0500: 8062,860: Total time for which application threads were stopped: 0,0000507 seconds, Stopping threads took: 0,0000129 seconds
2015-12-01T14:52:50.320-0500: 8062,860: Total time for which application threads were stopped: 0,0000613 seconds, Stopping threads took: 0,0000247 seconds
2015-12-01T14:52:52.853-0500: 8065,393: Total time for which application threads were stopped: 0,0001907 seconds, Stopping threads took: 0,0000336 seconds
2015-12-01T14:52:53.504-0500: 8066,044: Total time for which application threads were stopped: 0,0000809 seconds, Stopping threads took: 0,0000168 seconds
2015-12-01T14:52:53.855-0500: 8066,395: Total time for which application threads were stopped: 0,0000831 seconds, Stopping threads took: 0,0000165 seconds
2015-12-01T14:52:54.078-0500: 8066,618: Total time for which application threads were stopped: 0,0001005 seconds, Stopping threads took: 0,0000335 seconds
2015-12-01T14:52:54.342-0500: 8066,882: Total time for which application threads were stopped: 0,0001017 seconds, Stopping threads took: 0,0000223 seconds
2015-12-01T14:52:54.540-0500: 8067,080: Total time for which application threads were stopped: 0,0001860 seconds, Stopping threads took: 0,0000220 seconds
2015-12-01T14:52:55.287-0500: 8067,827: Total time for which application threads were stopped: 0,0000934 seconds, Stopping threads took: 0,0000277 seconds
2015-12-01T14:52:55.762-0500: 8068,302: Total time for which application threads were stopped: 0,0001411 seconds, Stopping threads took: 0,0000277 seconds
2015-12-01T14:52:56.036-0500: 8068,576: Total time for which application threads were stopped: 0,0001269 seconds, Stopping threads took: 0,0000341 seconds
2015-12-01T14:52:56.181-0500: 8068,721: Total time for which application threads were stopped: 0,0002069 seconds, Stopping threads took: 0,0000324 seconds
2015-12-01T14:52:59.182-0500: 8071,722: Total time for which application threads were stopped: 0,0004989 seconds, Stopping threads took: 0,0001691 seconds
2015-12-01T14:53:15.318-0500: 8087,858: Total time for which application threads were stopped: 0,0001248 seconds, Stopping threads took: 0,0000329 seconds
2015-12-01T14:53:15.320-0500: 8087,860: Total time for which application threads were stopped: 0,0001794 seconds, Stopping threads took: 0,0000333 seconds
2015-12-01T14:53:16.320-0500: 8088,860: Total time for which application threads were stopped: 0,0000742 seconds, Stopping threads took: 0,0000202 seconds
2015-12-01T14:53:43.542-0500: 8116,082: Total time for which application threads were stopped: 0,0002258 seconds, Stopping threads took: 0,0000710 seconds
2015-12-01T14:57:00.328-0500: 8312,868: Total time for which application threads were stopped: 0,0001070 seconds, Stopping threads took: 0,0000392 seconds
2015-12-01T14:57:00.328-0500: 8312,868: Total time for which application threads were stopped: 0,0001306 seconds, Stopping threads took: 0,0000084 seconds
2015-12-01T14:57:01.144-0500: 8313,684: Total time for which application threads were stopped: 0,0001329 seconds, Stopping threads took: 0,0000272 seconds
2015-12-01T14:57:01.468-0500: 8314,008: Total time for which application threads were stopped: 0,0001122 seconds, Stopping threads took: 0,0000173 seconds
2015-12-01T14:57:01.807-0500: 8314,347: Total time for which application threads were stopped: 0,0000910 seconds, Stopping threads took: 0,0000191 seconds
2015-12-01T14:57:02.424-0500: 8314,964: Total time for which application threads were stopped: 0,0000943 seconds, Stopping threads took: 0,0000291 seconds
2015-12-01T14:57:02.925-0500: 8315,465: Total time for which application threads were stopped: 0,0000949 seconds, Stopping threads took: 0,0000267 seconds
2015-12-01T14:57:02.954-0500: 8315,494: Total time for which application threads were stopped: 0,0000899 seconds, Stopping threads took: 0,0000245 seconds
2015-12-01T14:57:02.986-0500: 8315,526: Total time for which application threads were stopped: 0,0001001 seconds, Stopping threads took: 0,0000178 seconds
2015-12-01T14:57:03.015-0500: 8315,555: Total time for which application threads were stopped: 0,0001256 seconds, Stopping threads took: 0,0000276 seconds
2015-12-01T14:57:03.051-0500: 8315,591: Total time for which application threads were stopped: 0,0002507 seconds, Stopping threads took: 0,0000796 seconds
2015-12-01T14:57:03.070-0500: 8315,610: Total time for which application threads were stopped: 0,0000927 seconds, Stopping threads took: 0,0000286 seconds
2015-12-01T14:57:03.103-0500: 8315,643: Total time for which application threads were stopped: 0,0000976 seconds, Stopping threads took: 0,0000326 seconds
2015-12-01T14:57:03.131-0500: 8315,671: Total time for which application threads were stopped: 0,0000964 seconds, Stopping threads took: 0,0000311 seconds
2015-12-01T14:57:03.160-0500: 8315,700: Total time for which application threads were stopped: 0,0000999 seconds, Stopping threads took: 0,0000343 seconds
2015-12-01T14:57:03.239-0500: 8315,779: Total time for which application threads were stopped: 0,0000950 seconds, Stopping threads took: 0,0000206 seconds
2015-12-01T14:57:03.284-0500: 8315,824: Total time for which application threads were stopped: 0,0000936 seconds, Stopping threads took: 0,0000188 seconds
2015-12-01T14:57:03.291-0500: 8315,831: Total time for which application threads were stopped: 0,0001342 seconds, Stopping threads took: 0,0000219 seconds
2015-12-01T14:57:03.318-0500: 8315,858: Total time for which application threads were stopped: 0,0000816 seconds, Stopping threads took: 0,0000167 seconds
2015-12-01T14:57:03.345-0500: 8315,885: Total time for which application threads were stopped: 0,0000835 seconds, Stopping threads took: 0,0000183 seconds
2015-12-01T14:57:03.376-0500: 8315,915: Total time for which application threads were stopped: 0,0001547 seconds, Stopping threads took: 0,0000301 seconds
2015-12-01T14:57:03.408-0500: 8315,948: Total time for which application threads were stopped: 0,0000983 seconds, Stopping threads took: 0,0000328 seconds
2015-12-01T14:57:03.408-0500: 8315,948: Total time for which application threads were stopped: 0,0001371 seconds, Stopping threads took: 0,0000110 seconds
2015-12-01T14:57:03.438-0500: 8315,978: Total time for which application threads were stopped: 0,0001051 seconds, Stopping threads took: 0,0000308 seconds
2015-12-01T14:57:03.468-0500: 8316,008: Total time for which application threads were stopped: 0,0000952 seconds, Stopping threads took: 0,0000295 seconds
2015-12-01T14:57:03.495-0500: 8316,035: Total time for which application threads were stopped: 0,0000910 seconds, Stopping threads took: 0,0000220 seconds
2015-12-01T14:57:03.526-0500: 8316,066: Total time for which application threads were stopped: 0,0001354 seconds, Stopping threads took: 0,0000376 seconds
2015-12-01T14:57:04.527-0500: 8317,067: Total time for which application threads were stopped: 0,0001755 seconds, Stopping threads took: 0,0000417 seconds
2015-12-01T14:57:53.532-0500: 8366,072: Total time for which application threads were stopped: 0,0001390 seconds, Stopping threads took: 0,0000494 seconds
2015-12-01T15:00:36.018-0500: 8528,558: Total time for which application threads were stopped: 0,0001935 seconds, Stopping threads took: 0,0000859 seconds
2015-12-01T15:00:37.018-0500: 8529,558: Total time for which application threads were stopped: 0,0001856 seconds, Stopping threads took: 0,0000425 seconds
2015-12-01T15:01:01.790-0500: 8554,330: Total time for which application threads were stopped: 0,0001115 seconds, Stopping threads took: 0,0000288 seconds
2015-12-01T15:01:01.891-0500: 8554,431: Total time for which application threads were stopped: 0,0001838 seconds, Stopping threads took: 0,0000607 seconds
2015-12-01T15:01:01.891-0500: 8554,431: Total time for which application threads were stopped: 0,0000581 seconds, Stopping threads took: 0,0000087 seconds
2015-12-01T15:01:01.891-0500: 8554,431: Total time for which application threads were stopped: 0,0000449 seconds, Stopping threads took: 0,0000104 seconds
2015-12-01T15:01:01.892-0500: 8554,432: Total time for which application threads were stopped: 0,0000410 seconds, Stopping threads took: 0,0000065 seconds
2015-12-01T15:01:01.897-0500: 8554,437: Total time for which application threads were stopped: 0,0001345 seconds, Stopping threads took: 0,0000306 seconds
2015-12-01T15:01:01.899-0500: 8554,439: Total time for which application threads were stopped: 0,0001980 seconds, Stopping threads took: 0,0000400 seconds
2015-12-01T15:01:01.900-0500: 8554,440: Total time for which application threads were stopped: 0,0000586 seconds, Stopping threads took: 0,0000137 seconds
2015-12-01T15:01:01.902-0500: 8554,441: Total time for which application threads were stopped: 0,0000622 seconds, Stopping threads took: 0,0000206 seconds
2015-12-01T15:01:01.902-0500: 8554,442: Total time for which application threads were stopped: 0,0000557 seconds, Stopping threads took: 0,0000184 seconds
2015-12-01T15:01:01.902-0500: 8554,442: Total time for which application threads were stopped: 0,0000369 seconds, Stopping threads took: 0,0000081 seconds
2015-12-01T15:01:01.903-0500: 8554,442: Total time for which application threads were stopped: 0,0000417 seconds, Stopping threads took: 0,0000100 seconds
2015-12-01T15:01:02.135-0500: 8554,675: Total time for which application threads were stopped: 0,0001411 seconds, Stopping threads took: 0,0000330 seconds
2015-12-01T15:01:02.135-0500: 8554,675: Total time for which application threads were stopped: 0,0000516 seconds, Stopping threads took: 0,0000134 seconds
2015-12-01T15:01:02.136-0500: 8554,676: Total time for which application threads were stopped: 0,0000869 seconds, Stopping threads took: 0,0000295 seconds
2015-12-01T15:01:02.136-0500: 8554,676: Total time for which application threads were stopped: 0,0000306 seconds, Stopping threads took: 0,0000084 seconds
2015-12-01T15:01:06.137-0500: 8558,677: Total time for which application threads were stopped: 0,0000794 seconds, Stopping threads took: 0,0000210 seconds
2015-12-01T15:01:52.142-0500: 8604,682: Total time for which application threads were stopped: 0,0001677 seconds, Stopping threads took: 0,0000619 seconds
2015-12-01T15:02:02.137-0500: 8614,676: Total time for which application threads were stopped: 0,0001286 seconds, Stopping threads took: 0,0000275 seconds
2015-12-01T15:04:41.602-0500: 8774,142: Total time for which application threads were stopped: 0,0001415 seconds, Stopping threads took: 0,0000453 seconds
2015-12-01T15:04:41.628-0500: 8774,168: Total time for which application threads were stopped: 0,0001204 seconds, Stopping threads took: 0,0000270 seconds
2015-12-01T15:04:42.628-0500: 8775,168: Total time for which application threads were stopped: 0,0001796 seconds, Stopping threads took: 0,0000454 seconds
2015-12-01T15:04:42.798-0500: 8775,338: Total time for which application threads were stopped: 0,0000925 seconds, Stopping threads took: 0,0000270 seconds
{Heap before GC invocations=25 (full 2):
 par new generation   total 109248K, used 96469K [0x00000000e0000000, 0x00000000e8000000, 0x00000000e8000000)
  eden space 87424K,  99% used [0x00000000e0000000, 0x00000000e555f658, 0x00000000e5560000)
  from space 21824K,  41% used [0x00000000e6ab0000, 0x00000000e7385e28, 0x00000000e8000000)
  to   space 21824K,   0% used [0x00000000e5560000, 0x00000000e5560000, 0x00000000e6ab0000)
 concurrent mark-sweep generation total 393216K, used 15243K [0x00000000e8000000, 0x0000000100000000, 0x0000000100000000)
 Metaspace       used 41473K, capacity 42172K, committed 42340K, reserved 1087488K
  class space    used 4196K, capacity 4410K, committed 4504K, reserved 1048576K
2015-12-01T15:04:42.810-0500: 8775,350: [GC (Allocation Failure) 2015-12-01T15:04:42.810-0500: 8775,350: [ParNew
Desired survivor size 20112992 bytes, new threshold 8 (max 8)
- age   1:    3809992 bytes,    3809992 total
- age   2:      91792 bytes,    3901784 total
- age   3:     859160 bytes,    4760944 total
- age   4:    1511968 bytes,    6272912 total
- age   5:      74352 bytes,    6347264 total
- age   6:     818616 bytes,    7165880 total
- age   7:     498776 bytes,    7664656 total
- age   8:      92912 bytes,    7757568 total
: 96469K->9282K(109248K), 0,0091855 secs] 111712K->24532K(502464K), 0,0092760 secs] [Times: user=0,02 sys=0,00, real=0,01 secs] 
Heap after GC invocations=26 (full 2):
 par new generation   total 109248K, used 9282K [0x00000000e0000000, 0x00000000e8000000, 0x00000000e8000000)
  eden space 87424K,   0% used [0x00000000e0000000, 0x00000000e0000000, 0x00000000e5560000)
  from space 21824K,  42% used [0x00000000e5560000, 0x00000000e5e70a40, 0x00000000e6ab0000)
  to   space 21824K,   0% used [0x00000000e6ab0000, 0x00000000e6ab0000, 0x00000000e8000000)
 concurrent mark-sweep generation total 393216K, used 15249K [0x00000000e8000000, 0x0000000100000000, 0x0000000100000000)
 Metaspace       used 41473K, capacity 42172K, committed 42340K, reserved 1087488K
  class space    used 4196K, capacity 4410K, committed 4504K, reserved 1048576K
}
2015-12-01T15:04:42.819-0500: 8775,359: Total time for which application threads were stopped: 0,0094709 seconds, Stopping threads took: 0,0000381 seconds
2015-12-01T15:04:42.820-0500: 8775,360: Total time for which application threads were stopped: 0,0001066 seconds, Stopping threads took: 0,0000290 seconds
2015-12-01T15:04:42.820-0500: 8775,360: Total time for which application threads were stopped: 0,0000615 seconds, Stopping threads took: 0,0000275 seconds
2015-12-01T15:04:42.820-0500: 8775,360: Total time for which application threads were stopped: 0,0000665 seconds, Stopping threads took: 0,0000184 seconds
{Heap before GC invocations=26 (full 2):
 par new generation   total 109248K, used 96680K [0x00000000e0000000, 0x00000000e8000000, 0x00000000e8000000)
  eden space 87424K,  99% used [0x00000000e0000000, 0x00000000e5559940, 0x00000000e5560000)
  from space 21824K,  42% used [0x00000000e5560000, 0x00000000e5e70a40, 0x00000000e6ab0000)
  to   space 21824K,   0% used [0x00000000e6ab0000, 0x00000000e6ab0000, 0x00000000e8000000)
 concurrent mark-sweep generation total 393216K, used 15249K [0x00000000e8000000, 0x0000000100000000, 0x0000000100000000)
 Metaspace       used 41476K, capacity 42172K, committed 42340K, reserved 1087488K
  class space    used 4196K, capacity 4410K, committed 4504K, reserved 1048576K
2015-12-01T15:04:42.864-0500: 8775,404: [GC (Allocation Failure) 2015-12-01T15:04:42.864-0500: 8775,404: [ParNew
Desired survivor size 20112992 bytes, new threshold 8 (max 8)
- age   1:     990800 bytes,     990800 total
- age   2:    2531840 bytes,    3522640 total
- age   3:      91472 bytes,    3614112 total
- age   4:     855032 bytes,    4469144 total
- age   5:     705384 bytes,    5174528 total
- age   6:       1112 bytes,    5175640 total
- age   7:     212616 bytes,    5388256 total
- age   8:     498776 bytes,    5887032 total
: 96680K->9683K(109248K), 0,0062010 secs] 111930K->25011K(502464K), 0,0062954 secs] [Times: user=0,02 sys=0,00, real=0,01 secs] 
Heap after GC invocations=27 (full 2):
 par new generation   total 109248K, used 9683K [0x00000000e0000000, 0x00000000e8000000, 0x00000000e8000000)
  eden space 87424K,   0% used [0x00000000e0000000, 0x00000000e0000000, 0x00000000e5560000)
  from space 21824K,  44% used [0x00000000e6ab0000, 0x00000000e7424c70, 0x00000000e8000000)
  to   space 21824K,   0% used [0x00000000e5560000, 0x00000000e5560000, 0x00000000e6ab0000)
 concurrent mark-sweep generation total 393216K, used 15328K [0x00000000e8000000, 0x0000000100000000, 0x0000000100000000)
 Metaspace       used 41476K, capacity 42172K, committed 42340K, reserved 1087488K
  class space    used 4196K, capacity 4410K, committed 4504K, reserved 1048576K
}
2015-12-01T15:04:42.871-0500: 8775,411: Total time for which application threads were stopped: 0,0065002 seconds, Stopping threads took: 0,0000290 seconds
2015-12-01T15:04:42.875-0500: 8775,415: Total time for which application threads were stopped: 0,0002332 seconds, Stopping threads took: 0,0001341 seconds
2015-12-01T15:04:42.875-0500: 8775,415: Total time for which application threads were stopped: 0,0000830 seconds, Stopping threads took: 0,0000534 seconds
2015-12-01T15:04:42.875-0500: 8775,415: Total time for which application threads were stopped: 0,0000709 seconds, Stopping threads took: 0,0000082 seconds
{Heap before GC invocations=27 (full 2):
 par new generation   total 109248K, used 97107K [0x00000000e0000000, 0x00000000e8000000, 0x00000000e8000000)
  eden space 87424K, 100% used [0x00000000e0000000, 0x00000000e5560000, 0x00000000e5560000)
  from space 21824K,  44% used [0x00000000e6ab0000, 0x00000000e7424c70, 0x00000000e8000000)
  to   space 21824K,   0% used [0x00000000e5560000, 0x00000000e5560000, 0x00000000e6ab0000)
 concurrent mark-sweep generation total 393216K, used 15328K [0x00000000e8000000, 0x0000000100000000, 0x0000000100000000)
 Metaspace       used 41533K, capacity 42260K, committed 42340K, reserved 1087488K
  class space    used 4203K, capacity 4424K, committed 4504K, reserved 1048576K
2015-12-01T15:04:42.942-0500: 8775,482: [GC (Allocation Failure) 2015-12-01T15:04:42.942-0500: 8775,482: [ParNew
Desired survivor size 20112992 bytes, new threshold 8 (max 8)
- age   1:     592632 bytes,     592632 total
- age   2:     144808 bytes,     737440 total
- age   3:    2520928 bytes,    3258368 total
- age   4:      91472 bytes,    3349840 total
- age   5:     855056 bytes,    4204896 total
- age   6:     705384 bytes,    4910280 total
- age   7:       1112 bytes,    4911392 total
- age   8:     212616 bytes,    5124008 total
: 97107K->6102K(109248K), 0,0049283 secs] 112435K->21919K(502464K), 0,0049965 secs] [Times: user=0,02 sys=0,00, real=0,01 secs] 
Heap after GC invocations=28 (full 2):
 par new generation   total 109248K, used 6102K [0x00000000e0000000, 0x00000000e8000000, 0x00000000e8000000)
  eden space 87424K,   0% used [0x00000000e0000000, 0x00000000e0000000, 0x00000000e5560000)
  from space 21824K,  27% used [0x00000000e5560000, 0x00000000e5b558c0, 0x00000000e6ab0000)
  to   space 21824K,   0% used [0x00000000e6ab0000, 0x00000000e6ab0000, 0x00000000e8000000)
 concurrent mark-sweep generation total 393216K, used 15817K [0x00000000e8000000, 0x0000000100000000, 0x0000000100000000)
 Metaspace       used 41533K, capacity 42260K, committed 42340K, reserved 1087488K
  class space    used 4203K, capacity 4424K, committed 4504K, reserved 1048576K
}
2015-12-01T15:04:42.947-0500: 8775,487: Total time for which application threads were stopped: 0,0052498 seconds, Stopping threads took: 0,0001030 seconds
2015-12-01T15:04:42.953-0500: 8775,493: Total time for which application threads were stopped: 0,0055646 seconds, Stopping threads took: 0,0054553 seconds
2015-12-01T15:04:42.960-0500: 8775,500: Total time for which application threads were stopped: 0,0001695 seconds, Stopping threads took: 0,0000562 seconds
2015-12-01T15:04:42.961-0500: 8775,500: Total time for which application threads were stopped: 0,0000501 seconds, Stopping threads took: 0,0000186 seconds
2015-12-01T15:04:42.961-0500: 8775,501: Total time for which application threads were stopped: 0,0000498 seconds, Stopping threads took: 0,0000209 seconds
2015-12-01T15:04:42.968-0500: 8775,507: Total time for which application threads were stopped: 0,0000997 seconds, Stopping threads took: 0,0000305 seconds
2015-12-01T15:04:42.968-0500: 8775,508: Total time for which application threads were stopped: 0,0000428 seconds, Stopping threads took: 0,0000081 seconds
2015-12-01T15:04:42.970-0500: 8775,510: Total time for which application threads were stopped: 0,0001016 seconds, Stopping threads took: 0,0000322 seconds
2015-12-01T15:04:42.970-0500: 8775,510: Total time for which application threads were stopped: 0,0000608 seconds, Stopping threads took: 0,0000221 seconds
2015-12-01T15:04:42.975-0500: 8775,514: Total time for which application threads were stopped: 0,0001169 seconds, Stopping threads took: 0,0000290 seconds
2015-12-01T15:04:42.975-0500: 8775,515: Total time for which application threads were stopped: 0,0000960 seconds, Stopping threads took: 0,0000449 seconds
2015-12-01T15:04:42.976-0500: 8775,515: Total time for which application threads were stopped: 0,0000610 seconds, Stopping threads took: 0,0000169 seconds
2015-12-01T15:04:42.976-0500: 8775,516: Total time for which application threads were stopped: 0,0004133 seconds, Stopping threads took: 0,0003680 seconds
2015-12-01T15:04:42.976-0500: 8775,516: Total time for which application threads were stopped: 0,0001063 seconds, Stopping threads took: 0,0000681 seconds
2015-12-01T15:04:42.976-0500: 8775,516: Total time for which application threads were stopped: 0,0000478 seconds, Stopping threads took: 0,0000238 seconds
2015-12-01T15:04:42.985-0500: 8775,524: Total time for which application threads were stopped: 0,0000960 seconds, Stopping threads took: 0,0000243 seconds
2015-12-01T15:04:43.985-0500: 8776,525: Total time for which application threads were stopped: 0,0001193 seconds, Stopping threads took: 0,0000293 seconds
2015-12-01T15:04:44.459-0500: 8776,999: Total time for which application threads were stopped: 0,0001057 seconds, Stopping threads took: 0,0000298 seconds
2015-12-01T15:04:44.461-0500: 8777,001: Total time for which application threads were stopped: 0,0000931 seconds, Stopping threads took: 0,0000217 seconds
2015-12-01T15:04:44.461-0500: 8777,001: Total time for which application threads were stopped: 0,0001157 seconds, Stopping threads took: 0,0000570 seconds
2015-12-01T15:04:44.483-0500: 8777,023: Total time for which application threads were stopped: 0,0001538 seconds, Stopping threads took: 0,0000577 seconds
2015-12-01T15:04:44.484-0500: 8777,023: Total time for which application threads were stopped: 0,0000798 seconds, Stopping threads took: 0,0000362 seconds
2015-12-01T15:04:44.484-0500: 8777,024: Total time for which application threads were stopped: 0,0000778 seconds, Stopping threads took: 0,0000224 seconds
2015-12-01T15:04:44.491-0500: 8777,031: Total time for which application threads were stopped: 0,0001842 seconds, Stopping threads took: 0,0000562 seconds
2015-12-01T15:04:44.491-0500: 8777,031: Total time for which application threads were stopped: 0,0000653 seconds, Stopping threads took: 0,0000214 seconds
2015-12-01T15:04:44.492-0500: 8777,032: Total time for which application threads were stopped: 0,0000584 seconds, Stopping threads took: 0,0000135 seconds
2015-12-01T15:04:44.492-0500: 8777,032: Total time for which application threads were stopped: 0,0000421 seconds, Stopping threads took: 0,0000097 seconds
2015-12-01T15:04:48.400-0500: 8780,940: Total time for which application threads were stopped: 0,0003751 seconds, Stopping threads took: 0,0002724 seconds
2015-12-01T15:04:48.449-0500: 8780,989: Total time for which application threads were stopped: 0,0001133 seconds, Stopping threads took: 0,0000202 seconds
2015-12-01T15:04:48.449-0500: 8780,989: Total time for which application threads were stopped: 0,0000686 seconds, Stopping threads took: 0,0000110 seconds
2015-12-01T15:04:48.450-0500: 8780,990: Total time for which application threads were stopped: 0,0000579 seconds, Stopping threads took: 0,0000159 seconds
2015-12-01T15:04:48.450-0500: 8780,990: Total time for which application threads were stopped: 0,0000404 seconds, Stopping threads took: 0,0000050 seconds
2015-12-01T15:04:48.450-0500: 8780,990: Total time for which application threads were stopped: 0,0000840 seconds, Stopping threads took: 0,0000135 seconds
2015-12-01T15:04:48.450-0500: 8780,990: Total time for which application threads were stopped: 0,0000847 seconds, Stopping threads took: 0,0000119 seconds
2015-12-01T15:04:48.450-0500: 8780,990: Total time for which application threads were stopped: 0,0000499 seconds, Stopping threads took: 0,0000116 seconds
2015-12-01T15:04:48.450-0500: 8780,990: Total time for which application threads were stopped: 0,0000551 seconds, Stopping threads took: 0,0000102 seconds
2015-12-01T15:04:49.451-0500: 8781,990: Total time for which application threads were stopped: 0,0000899 seconds, Stopping threads took: 0,0000199 seconds
2015-12-01T15:04:50.167-0500: 8782,706: Total time for which application threads were stopped: 0,0001582 seconds, Stopping threads took: 0,0000604 seconds
2015-12-01T15:04:50.173-0500: 8782,713: Total time for which application threads were stopped: 0,0001131 seconds, Stopping threads took: 0,0000375 seconds
2015-12-01T15:04:50.181-0500: 8782,721: Total time for which application threads were stopped: 0,0000783 seconds, Stopping threads took: 0,0000216 seconds
2015-12-01T15:04:50.181-0500: 8782,721: Total time for which application threads were stopped: 0,0000374 seconds, Stopping threads took: 0,0000084 seconds
2015-12-01T15:04:50.181-0500: 8782,721: Total time for which application threads were stopped: 0,0000278 seconds, Stopping threads took: 0,0000064 seconds
2015-12-01T15:04:50.182-0500: 8782,721: Total time for which application threads were stopped: 0,0000268 seconds, Stopping threads took: 0,0000060 seconds
2015-12-01T15:04:50.182-0500: 8782,721: Total time for which application threads were stopped: 0,0000363 seconds, Stopping threads took: 0,0000085 seconds
2015-12-01T15:04:50.182-0500: 8782,722: Total time for which application threads were stopped: 0,0000278 seconds, Stopping threads took: 0,0000063 seconds
2015-12-01T15:04:50.182-0500: 8782,722: Total time for which application threads were stopped: 0,0000266 seconds, Stopping threads took: 0,0000060 seconds
2015-12-01T15:04:50.182-0500: 8782,722: Total time for which application threads were stopped: 0,0000455 seconds, Stopping threads took: 0,0000152 seconds
2015-12-01T15:04:50.182-0500: 8782,722: Total time for which application threads were stopped: 0,0000251 seconds, Stopping threads took: 0,0000047 seconds
2015-12-01T15:04:50.182-0500: 8782,722: Total time for which application threads were stopped: 0,0000248 seconds, Stopping threads took: 0,0000046 seconds
2015-12-01T15:04:50.190-0500: 8782,729: Total time for which application threads were stopped: 0,0000978 seconds, Stopping threads took: 0,0000231 seconds
2015-12-01T15:04:50.190-0500: 8782,730: Total time for which application threads were stopped: 0,0000474 seconds, Stopping threads took: 0,0000096 seconds
2015-12-01T15:04:50.482-0500: 8783,022: Total time for which application threads were stopped: 0,0001585 seconds, Stopping threads took: 0,0000382 seconds
2015-12-01T15:04:51.483-0500: 8784,023: Total time for which application threads were stopped: 0,0001366 seconds, Stopping threads took: 0,0000243 seconds
2015-12-01T15:04:52.163-0500: 8784,703: Total time for which application threads were stopped: 0,0001000 seconds, Stopping threads took: 0,0000330 seconds
2015-12-01T15:04:52.163-0500: 8784,703: Total time for which application threads were stopped: 0,0000533 seconds, Stopping threads took: 0,0000204 seconds
2015-12-01T15:04:52.762-0500: 8785,302: Total time for which application threads were stopped: 0,0001016 seconds, Stopping threads took: 0,0000199 seconds
2015-12-01T15:04:52.764-0500: 8785,304: Total time for which application threads were stopped: 0,0001115 seconds, Stopping threads took: 0,0000359 seconds
2015-12-01T15:04:52.765-0500: 8785,305: Total time for which application threads were stopped: 0,0000892 seconds, Stopping threads took: 0,0000333 seconds
2015-12-01T15:04:52.765-0500: 8785,305: Total time for which application threads were stopped: 0,0000828 seconds, Stopping threads took: 0,0000388 seconds
2015-12-01T15:04:52.765-0500: 8785,305: Total time for which application threads were stopped: 0,0000666 seconds, Stopping threads took: 0,0000310 seconds
2015-12-01T15:04:52.765-0500: 8785,305: Total time for which application threads were stopped: 0,0000458 seconds, Stopping threads took: 0,0000156 seconds
2015-12-01T15:04:53.765-0500: 8786,305: Total time for which application threads were stopped: 0,0000776 seconds, Stopping threads took: 0,0000207 seconds
2015-12-01T15:05:01.728-0500: 8794,267: Total time for which application threads were stopped: 0,0001184 seconds, Stopping threads took: 0,0000397 seconds
2015-12-01T15:05:02.640-0500: 8795,180: Total time for which application threads were stopped: 0,0000995 seconds, Stopping threads took: 0,0000289 seconds
2015-12-01T15:05:03.208-0500: 8795,748: Total time for which application threads were stopped: 0,0000944 seconds, Stopping threads took: 0,0000270 seconds
2015-12-01T15:05:03.724-0500: 8796,263: Total time for which application threads were stopped: 0,0000852 seconds, Stopping threads took: 0,0000173 seconds
2015-12-01T15:05:03.890-0500: 8796,429: Total time for which application threads were stopped: 0,0001012 seconds, Stopping threads took: 0,0000346 seconds
2015-12-01T15:05:04.058-0500: 8796,598: Total time for which application threads were stopped: 0,0000988 seconds, Stopping threads took: 0,0000319 seconds
2015-12-01T15:05:04.182-0500: 8796,722: Total time for which application threads were stopped: 0,0001060 seconds, Stopping threads took: 0,0000230 seconds
2015-12-01T15:05:04.366-0500: 8796,906: Total time for which application threads were stopped: 0,0001658 seconds, Stopping threads took: 0,0000325 seconds
2015-12-01T15:05:04.728-0500: 8797,268: Total time for which application threads were stopped: 0,0000911 seconds, Stopping threads took: 0,0000217 seconds
2015-12-01T15:05:04.971-0500: 8797,511: Total time for which application threads were stopped: 0,0000855 seconds, Stopping threads took: 0,0000188 seconds
2015-12-01T15:05:05.178-0500: 8797,718: Total time for which application threads were stopped: 0,0001010 seconds, Stopping threads took: 0,0000336 seconds
2015-12-01T15:05:05.341-0500: 8797,881: Total time for which application threads were stopped: 0,0001604 seconds, Stopping threads took: 0,0000847 seconds
2015-12-01T15:05:05.523-0500: 8798,063: Total time for which application threads were stopped: 0,0001036 seconds, Stopping threads took: 0,0000358 seconds
2015-12-01T15:05:06.523-0500: 8799,063: Total time for which application threads were stopped: 0,0000799 seconds, Stopping threads took: 0,0000212 seconds
2015-12-01T15:05:44.491-0500: 8837,031: Total time for which application threads were stopped: 0,0001255 seconds, Stopping threads took: 0,0000422 seconds
2015-12-01T15:05:44.492-0500: 8837,032: Total time for which application threads were stopped: 0,0001569 seconds, Stopping threads took: 0,0000144 seconds
2015-12-01T15:08:05.050-0500: 8977,590: Total time for which application threads were stopped: 0,0001314 seconds, Stopping threads took: 0,0000406 seconds
2015-12-01T15:08:06.050-0500: 8978,590: Total time for which application threads were stopped: 0,0001733 seconds, Stopping threads took: 0,0000412 seconds
2015-12-01T15:08:06.085-0500: 8978,625: Total time for which application threads were stopped: 0,0001802 seconds, Stopping threads took: 0,0000347 seconds
2015-12-01T15:08:06.086-0500: 8978,626: Total time for which application threads were stopped: 0,0002264 seconds, Stopping threads took: 0,0001013 seconds
2015-12-01T15:08:06.087-0500: 8978,627: Total time for which application threads were stopped: 0,0002784 seconds, Stopping threads took: 0,0001729 seconds
2015-12-01T15:08:14.849-0500: 8987,389: Total time for which application threads were stopped: 0,0002979 seconds, Stopping threads took: 0,0001899 seconds
2015-12-01T15:08:15.850-0500: 8988,389: Total time for which application threads were stopped: 0,0000766 seconds, Stopping threads took: 0,0000209 seconds
2015-12-01T15:08:16.636-0500: 8989,176: Total time for which application threads were stopped: 0,0000917 seconds, Stopping threads took: 0,0000286 seconds
2015-12-01T15:08:17.556-0500: 8990,096: Total time for which application threads were stopped: 0,0001451 seconds, Stopping threads took: 0,0000254 seconds
2015-12-01T15:08:18.009-0500: 8990,549: Total time for which application threads were stopped: 0,0000980 seconds, Stopping threads took: 0,0000167 seconds
2015-12-01T15:08:18.428-0500: 8990,968: Total time for which application threads were stopped: 0,0000910 seconds, Stopping threads took: 0,0000280 seconds
2015-12-01T15:08:18.854-0500: 8991,394: Total time for which application threads were stopped: 0,0001458 seconds, Stopping threads took: 0,0000275 seconds
2015-12-01T15:08:19.228-0500: 8991,768: Total time for which application threads were stopped: 0,0001317 seconds, Stopping threads took: 0,0000345 seconds
2015-12-01T15:08:19.707-0500: 8992,246: Total time for which application threads were stopped: 0,0001435 seconds, Stopping threads took: 0,0000342 seconds
2015-12-01T15:10:33.342-0500: 9125,882: Total time for which application threads were stopped: 0,0000942 seconds, Stopping threads took: 0,0000293 seconds
2015-12-01T15:10:33.848-0500: 9126,388: Total time for which application threads were stopped: 0,0000993 seconds, Stopping threads took: 0,0000349 seconds
2015-12-01T15:10:34.240-0500: 9126,780: Total time for which application threads were stopped: 0,0000901 seconds, Stopping threads took: 0,0000266 seconds
2015-12-01T15:10:34.506-0500: 9127,046: Total time for which application threads were stopped: 0,0000913 seconds, Stopping threads took: 0,0000266 seconds
2015-12-01T15:10:34.781-0500: 9127,321: Total time for which application threads were stopped: 0,0000945 seconds, Stopping threads took: 0,0000262 seconds
2015-12-01T15:10:35.028-0500: 9127,568: Total time for which application threads were stopped: 0,0001094 seconds, Stopping threads took: 0,0000325 seconds
2015-12-01T15:10:39.025-0500: 9131,564: Total time for which application threads were stopped: 0,0002958 seconds, Stopping threads took: 0,0000487 seconds
2015-12-01T15:10:39.386-0500: 9131,925: Total time for which application threads were stopped: 0,0000885 seconds, Stopping threads took: 0,0000298 seconds
2015-12-01T15:10:39.678-0500: 9132,218: Total time for which application threads were stopped: 0,0000848 seconds, Stopping threads took: 0,0000207 seconds
2015-12-01T15:13:36.696-0500: 9309,276: Total time for which application threads were stopped: 0,0405672 seconds, Stopping threads took: 0,0000343 seconds
2015-12-01T15:16:51.757-0500: 9504,297: Total time for which application threads were stopped: 0,0002103 seconds, Stopping threads took: 0,0000724 seconds
2015-12-01T15:18:27.766-0500: 9600,306: Total time for which application threads were stopped: 0,0000936 seconds, Stopping threads took: 0,0000366 seconds
2015-12-01T15:18:30.767-0500: 9603,307: Total time for which application threads were stopped: 0,0000763 seconds, Stopping threads took: 0,0000218 seconds
2015-12-01T15:18:57.769-0500: 9630,309: Total time for which application threads were stopped: 0,0000999 seconds, Stopping threads took: 0,0000370 seconds
2015-12-01T15:19:43.773-0500: 9676,313: Total time for which application threads were stopped: 0,0000881 seconds, Stopping threads took: 0,0000313 seconds
2015-12-01T15:20:20.776-0500: 9713,316: Total time for which application threads were stopped: 0,0001142 seconds, Stopping threads took: 0,0000430 seconds
2015-12-01T15:20:22.777-0500: 9715,317: Total time for which application threads were stopped: 0,0000760 seconds, Stopping threads took: 0,0000209 seconds
2015-12-01T15:20:31.777-0500: 9724,317: Total time for which application threads were stopped: 0,0000825 seconds, Stopping threads took: 0,0000309 seconds
2015-12-01T15:22:32.940-0500: 9845,479: Total time for which application threads were stopped: 0,1515166 seconds, Stopping threads took: 0,1514452 seconds
2015-12-01T15:22:35.230-0500: 9847,770: Total time for which application threads were stopped: 0,2904534 seconds, Stopping threads took: 0,2903817 seconds
2015-12-01T15:23:07.233-0500: 9879,773: Total time for which application threads were stopped: 0,0000944 seconds, Stopping threads took: 0,0000283 seconds
2015-12-01T15:23:11.233-0500: 9883,773: Total time for which application threads were stopped: 0,0000945 seconds, Stopping threads took: 0,0000350 seconds
2015-12-01T15:23:45.694-0500: 9918,234: Total time for which application threads were stopped: 0,2215922 seconds, Stopping threads took: 0,0000313 seconds
2015-12-01T15:24:43.699-0500: 9976,239: Total time for which application threads were stopped: 0,0000718 seconds, Stopping threads took: 0,0000237 seconds
2015-12-01T15:24:58.683-0500: 9991,223: Total time for which application threads were stopped: 0,0001168 seconds, Stopping threads took: 0,0000462 seconds
2015-12-01T15:26:01.688-0500: 10054,228: Total time for which application threads were stopped: 0,0000959 seconds, Stopping threads took: 0,0000312 seconds
2015-12-01T15:26:36.721-0500: 10089,261: Total time for which application threads were stopped: 0,0029361 seconds, Stopping threads took: 0,0026459 seconds
2015-12-01T15:26:37.722-0500: 10090,262: Total time for which application threads were stopped: 0,0000803 seconds, Stopping threads took: 0,0000206 seconds
2015-12-01T15:26:38.245-0500: 10090,785: Total time for which application threads were stopped: 0,1178797 seconds, Stopping threads took: 0,1177937 seconds
2015-12-01T15:26:38.264-0500: 10090,803: Total time for which application threads were stopped: 0,0186410 seconds, Stopping threads took: 0,0040892 seconds
2015-12-01T15:26:38.272-0500: 10090,812: Total time for which application threads were stopped: 0,0083171 seconds, Stopping threads took: 0,0082043 seconds
2015-12-01T15:26:38.272-0500: 10090,812: Total time for which application threads were stopped: 0,0000770 seconds, Stopping threads took: 0,0000349 seconds
2015-12-01T15:26:38.834-0500: 10091,374: Total time for which application threads were stopped: 0,0029102 seconds, Stopping threads took: 0,0028327 seconds
2015-12-01T15:26:38.948-0500: 10091,488: Total time for which application threads were stopped: 0,1139534 seconds, Stopping threads took: 0,1138482 seconds
2015-12-01T15:26:38.950-0500: 10091,490: Total time for which application threads were stopped: 0,0000863 seconds, Stopping threads took: 0,0000300 seconds
2015-12-01T15:26:41.218-0500: 10093,758: Total time for which application threads were stopped: 0,2683788 seconds, Stopping threads took: 0,2683077 seconds
2015-12-01T15:26:44.387-0500: 10096,926: Total time for which application threads were stopped: 0,0000810 seconds, Stopping threads took: 0,0000275 seconds
2015-12-01T15:26:46.212-0500: 10098,752: Total time for which application threads were stopped: 0,0001164 seconds, Stopping threads took: 0,0000263 seconds
2015-12-01T15:26:46.212-0500: 10098,752: Total time for which application threads were stopped: 0,0000490 seconds, Stopping threads took: 0,0000078 seconds
2015-12-01T15:26:46.420-0500: 10098,960: Total time for which application threads were stopped: 0,1120665 seconds, Stopping threads took: 0,1119530 seconds
2015-12-01T15:26:46.422-0500: 10098,962: Total time for which application threads were stopped: 0,0018749 seconds, Stopping threads took: 0,0018285 seconds
2015-12-01T15:27:27.429-0500: 10139,969: Total time for which application threads were stopped: 0,0030832 seconds, Stopping threads took: 0,0030256 seconds
2015-12-01T15:27:31.429-0500: 10143,969: Total time for which application threads were stopped: 0,0000810 seconds, Stopping threads took: 0,0000207 seconds
2015-12-01T15:27:45.671-0500: 10158,211: Total time for which application threads were stopped: 0,0446975 seconds, Stopping threads took: 0,0446025 seconds
2015-12-01T15:27:45.671-0500: 10158,211: Total time for which application threads were stopped: 0,0001103 seconds, Stopping threads took: 0,0000596 seconds
2015-12-01T15:27:45.783-0500: 10158,323: Total time for which application threads were stopped: 0,1120010 seconds, Stopping threads took: 0,1118739 seconds
2015-12-01T15:27:45.784-0500: 10158,324: Total time for which application threads were stopped: 0,0003267 seconds, Stopping threads took: 0,0002615 seconds
2015-12-01T15:27:45.786-0500: 10158,326: Total time for which application threads were stopped: 0,0021632 seconds, Stopping threads took: 0,0020591 seconds
2015-12-01T15:27:45.787-0500: 10158,327: Total time for which application threads were stopped: 0,0001359 seconds, Stopping threads took: 0,0000487 seconds
2015-12-01T15:27:45.799-0500: 10158,339: Total time for which application threads were stopped: 0,0104357 seconds, Stopping threads took: 0,0103110 seconds
2015-12-01T15:27:46.469-0500: 10159,009: Total time for which application threads were stopped: 0,0000994 seconds, Stopping threads took: 0,0000330 seconds
2015-12-01T15:27:46.528-0500: 10159,068: Total time for which application threads were stopped: 0,0190181 seconds, Stopping threads took: 0,0188989 seconds
2015-12-01T15:27:46.578-0500: 10159,117: Total time for which application threads were stopped: 0,0491794 seconds, Stopping threads took: 0,0490310 seconds
2015-12-01T15:27:46.683-0500: 10159,223: Total time for which application threads were stopped: 0,1045035 seconds, Stopping threads took: 0,1044173 seconds
2015-12-01T15:27:46.683-0500: 10159,223: Total time for which application threads were stopped: 0,0001263 seconds, Stopping threads took: 0,0000412 seconds
2015-12-01T15:27:46.683-0500: 10159,223: Total time for which application threads were stopped: 0,0000789 seconds, Stopping threads took: 0,0000175 seconds
2015-12-01T15:27:46.758-0500: 10159,298: Total time for which application threads were stopped: 0,0749300 seconds, Stopping threads took: 0,0000243 seconds
2015-12-01T15:27:46.816-0500: 10159,356: Total time for which application threads were stopped: 0,0564964 seconds, Stopping threads took: 0,0563899 seconds
2015-12-01T15:28:06.571-0500: 10179,111: Total time for which application threads were stopped: 0,0001093 seconds, Stopping threads took: 0,0000447 seconds
2015-12-01T15:28:09.631-0500: 10182,171: Total time for which application threads were stopped: 0,0598357 seconds, Stopping threads took: 0,0597578 seconds
2015-12-01T15:28:10.771-0500: 10183,311: Total time for which application threads were stopped: 0,1398593 seconds, Stopping threads took: 0,0563530 seconds
2015-12-01T15:28:33.250-0500: 10205,790: Total time for which application threads were stopped: 0,0001306 seconds, Stopping threads took: 0,0000276 seconds
2015-12-01T15:28:46.795-0500: 10219,335: Total time for which application threads were stopped: 0,0364916 seconds, Stopping threads took: 0,0364078 seconds
{Heap before GC invocations=28 (full 2):
 par new generation   total 109248K, used 93526K [0x00000000e0000000, 0x00000000e8000000, 0x00000000e8000000)
  eden space 87424K, 100% used [0x00000000e0000000, 0x00000000e5560000, 0x00000000e5560000)
  from space 21824K,  27% used [0x00000000e5560000, 0x00000000e5b558c0, 0x00000000e6ab0000)
  to   space 21824K,   0% used [0x00000000e6ab0000, 0x00000000e6ab0000, 0x00000000e8000000)
 concurrent mark-sweep generation total 393216K, used 15817K [0x00000000e8000000, 0x0000000100000000, 0x0000000100000000)
 Metaspace       used 43171K, capacity 43916K, committed 44260K, reserved 1089536K
  class space    used 4301K, capacity 4530K, committed 4632K, reserved 1048576K
2015-12-01T15:28:48.673-0500: 10221,212: [GC (Allocation Failure) 2015-12-01T15:28:48.704-0500: 10221,244: [ParNew
Desired survivor size 20112992 bytes, new threshold 8 (max 8)
- age   1:    3568488 bytes,    3568488 total
- age   2:     551608 bytes,    4120096 total
- age   3:     143632 bytes,    4263728 total
- age   4:    2207464 bytes,    6471192 total
- age   5:      91472 bytes,    6562664 total
- age   6:     813328 bytes,    7375992 total
- age   7:     634488 bytes,    8010480 total
- age   8:       1112 bytes,    8011592 total
: 93526K->10160K(109248K), 4,7117024 secs] 109343K->26188K(502464K), 4,7435487 secs] [Times: user=0,33 sys=0,02, real=4,75 secs] 
Heap after GC invocations=29 (full 2):
 par new generation   total 109248K, used 10160K [0x00000000e0000000, 0x00000000e8000000, 0x00000000e8000000)
  eden space 87424K,   0% used [0x00000000e0000000, 0x00000000e0000000, 0x00000000e5560000)
  from space 21824K,  46% used [0x00000000e6ab0000, 0x00000000e749c0e8, 0x00000000e8000000)
  to   space 21824K,   0% used [0x00000000e5560000, 0x00000000e5560000, 0x00000000e6ab0000)
 concurrent mark-sweep generation total 393216K, used 16028K [0x00000000e8000000, 0x0000000100000000, 0x0000000100000000)
 Metaspace       used 43171K, capacity 43916K, committed 44260K, reserved 1089536K
  class space    used 4301K, capacity 4530K, committed 4632K, reserved 1048576K
}
2015-12-01T15:28:53.416-0500: 10225,956: Total time for which application threads were stopped: 4,7437049 seconds, Stopping threads took: 0,0000202 seconds
2015-12-01T15:28:53.720-0500: 10226,260: Total time for which application threads were stopped: 0,0087534 seconds, Stopping threads took: 0,0086437 seconds
2015-12-01T15:28:53.723-0500: 10226,263: Total time for which application threads were stopped: 0,0026018 seconds, Stopping threads took: 0,0025647 seconds
2015-12-01T15:29:02.307-0500: 10234,846: Total time for which application threads were stopped: 0,0126374 seconds, Stopping threads took: 0,0125496 seconds
{Heap before GC invocations=29 (full 2):
 par new generation   total 109248K, used 97568K [0x00000000e0000000, 0x00000000e8000000, 0x00000000e8000000)
  eden space 87424K,  99% used [0x00000000e0000000, 0x00000000e555c228, 0x00000000e5560000)
  from space 21824K,  46% used [0x00000000e6ab0000, 0x00000000e749c0e8, 0x00000000e8000000)
  to   space 21824K,   0% used [0x00000000e5560000, 0x00000000e5560000, 0x00000000e6ab0000)
 concurrent mark-sweep generation total 393216K, used 16028K [0x00000000e8000000, 0x0000000100000000, 0x0000000100000000)
 Metaspace       used 43174K, capacity 43916K, committed 44260K, reserved 1089536K
  class space    used 4301K, capacity 4530K, committed 4632K, reserved 1048576K
2015-12-01T15:29:05.180-0500: 10237,720: [GC (Allocation Failure) 2015-12-01T15:29:05.180-0500: 10237,720: [ParNew
Desired survivor size 20112992 bytes, new threshold 8 (max 8)
- age   1:     954096 bytes,     954096 total
- age   2:    2142584 bytes,    3096680 total
- age   3:     550120 bytes,    3646800 total
- age   4:     143632 bytes,    3790432 total
- age   5:    1386064 bytes,    5176496 total
- age   6:       5728 bytes,    5182224 total
- age   7:     220352 bytes,    5402576 total
- age   8:     634040 bytes,    6036616 total
: 97568K->9141K(109248K), 0,3544308 secs] 113597K->25170K(502464K), 0,3545009 secs] [Times: user=0,08 sys=0,00, real=0,35 secs] 
Heap after GC invocations=30 (full 2):
 par new generation   total 109248K, used 9141K [0x00000000e0000000, 0x00000000e8000000, 0x00000000e8000000)
  eden space 87424K,   0% used [0x00000000e0000000, 0x00000000e0000000, 0x00000000e5560000)
  from space 21824K,  41% used [0x00000000e5560000, 0x00000000e5e4d598, 0x00000000e6ab0000)
  to   space 21824K,   0% used [0x00000000e6ab0000, 0x00000000e6ab0000, 0x00000000e8000000)
 concurrent mark-sweep generation total 393216K, used 16029K [0x00000000e8000000, 0x0000000100000000, 0x0000000100000000)
 Metaspace       used 43174K, capacity 43916K, committed 44260K, reserved 1089536K
  class space    used 4301K, capacity 4530K, committed 4632K, reserved 1048576K
}
2015-12-01T15:29:05.535-0500: 10238,074: Total time for which application threads were stopped: 0,3546534 seconds, Stopping threads took: 0,0000195 seconds
2015-12-01T15:29:05.535-0500: 10238,075: Total time for which application threads were stopped: 0,0001250 seconds, Stopping threads took: 0,0000300 seconds
2015-12-01T15:29:05.535-0500: 10238,075: Total time for which application threads were stopped: 0,0000736 seconds, Stopping threads took: 0,0000179 seconds
2015-12-01T15:29:05.535-0500: 10238,075: Total time for which application threads were stopped: 0,0000442 seconds, Stopping threads took: 0,0000172 seconds
2015-12-01T15:29:07.722-0500: 10240,262: Total time for which application threads were stopped: 0,1871872 seconds, Stopping threads took: 0,1870971 seconds
{Heap before GC invocations=30 (full 2):
 par new generation   total 109248K, used 96565K [0x00000000e0000000, 0x00000000e8000000, 0x00000000e8000000)
  eden space 87424K, 100% used [0x00000000e0000000, 0x00000000e5560000, 0x00000000e5560000)
  from space 21824K,  41% used [0x00000000e5560000, 0x00000000e5e4d598, 0x00000000e6ab0000)
  to   space 21824K,   0% used [0x00000000e6ab0000, 0x00000000e6ab0000, 0x00000000e8000000)
 concurrent mark-sweep generation total 393216K, used 16029K [0x00000000e8000000, 0x0000000100000000, 0x0000000100000000)
 Metaspace       used 43179K, capacity 43916K, committed 44260K, reserved 1089536K
  class space    used 4302K, capacity 4530K, committed 4632K, reserved 1048576K
2015-12-01T15:29:07.811-0500: 10240,351: [GC (Allocation Failure) 2015-12-01T15:29:07.812-0500: 10240,351: [ParNew
Desired survivor size 20112992 bytes, new threshold 8 (max 8)
- age   1:     594312 bytes,     594312 total
- age   2:     149944 bytes,     744256 total
- age   3:    2131584 bytes,    2875840 total
- age   4:     550120 bytes,    3425960 total
- age   5:     143632 bytes,    3569592 total
- age   6:    1386064 bytes,    4955656 total
- age   7:       5728 bytes,    4961384 total
- age   8:     220352 bytes,    5181736 total
: 96565K->6223K(109248K), 0,0497539 secs] 112594K->22877K(502464K), 0,0498162 secs] [Times: user=0,11 sys=0,00, real=0,05 secs] 
Heap after GC invocations=31 (full 2):
 par new generation   total 109248K, used 6223K [0x00000000e0000000, 0x00000000e8000000, 0x00000000e8000000)
  eden space 87424K,   0% used [0x00000000e0000000, 0x00000000e0000000, 0x00000000e5560000)
  from space 21824K,  28% used [0x00000000e6ab0000, 0x00000000e70c3eb0, 0x00000000e8000000)
  to   space 21824K,   0% used [0x00000000e5560000, 0x00000000e5560000, 0x00000000e6ab0000)
 concurrent mark-sweep generation total 393216K, used 16653K [0x00000000e8000000, 0x0000000100000000, 0x0000000100000000)
 Metaspace       used 43179K, capacity 43916K, committed 44260K, reserved 1089536K
  class space    used 4302K, capacity 4530K, committed 4632K, reserved 1048576K
}
2015-12-01T15:29:07.861-0500: 10240,401: Total time for which application threads were stopped: 0,1306544 seconds, Stopping threads took: 0,0806648 seconds
2015-12-01T15:29:08.299-0500: 10240,839: Total time for which application threads were stopped: 0,0012129 seconds, Stopping threads took: 0,0010851 seconds
2015-12-01T15:29:09.387-0500: 10241,927: Total time for which application threads were stopped: 0,0885033 seconds, Stopping threads took: 0,0884281 seconds
2015-12-01T15:29:10.162-0500: 10242,702: Total time for which application threads were stopped: 0,0074860 seconds, Stopping threads took: 0,0073682 seconds
2015-12-01T15:29:10.318-0500: 10242,858: Total time for which application threads were stopped: 0,0000933 seconds, Stopping threads took: 0,0000276 seconds
2015-12-01T15:29:10.338-0500: 10242,878: Total time for which application threads were stopped: 0,0000922 seconds, Stopping threads took: 0,0000283 seconds
2015-12-01T15:29:11.063-0500: 10243,603: Total time for which application threads were stopped: 0,0000859 seconds, Stopping threads took: 0,0000158 seconds
2015-12-01T15:29:11.063-0500: 10243,603: Total time for which application threads were stopped: 0,0000339 seconds, Stopping threads took: 0,0000078 seconds
2015-12-01T15:29:12.407-0500: 10244,947: Total time for which application threads were stopped: 0,0000819 seconds, Stopping threads took: 0,0000173 seconds
2015-12-01T15:29:13.060-0500: 10245,600: Total time for which application threads were stopped: 0,0001702 seconds, Stopping threads took: 0,0000305 seconds
2015-12-01T15:29:14.143-0500: 10246,683: Total time for which application threads were stopped: 0,0834580 seconds, Stopping threads took: 0,0833747 seconds
2015-12-01T15:29:14.909-0500: 10247,449: Total time for which application threads were stopped: 0,0083075 seconds, Stopping threads took: 0,0082474 seconds
2015-12-01T15:29:14.909-0500: 10247,449: Total time for which application threads were stopped: 0,0000618 seconds, Stopping threads took: 0,0000205 seconds
2015-12-01T15:29:14.926-0500: 10247,466: Total time for which application threads were stopped: 0,0105929 seconds, Stopping threads took: 0,0105475 seconds
2015-12-01T15:29:14.926-0500: 10247,466: Total time for which application threads were stopped: 0,0000480 seconds, Stopping threads took: 0,0000097 seconds
2015-12-01T15:29:14.926-0500: 10247,466: Total time for which application threads were stopped: 0,0000248 seconds, Stopping threads took: 0,0000039 seconds
2015-12-01T15:29:14.926-0500: 10247,466: Total time for which application threads were stopped: 0,0000234 seconds, Stopping threads took: 0,0000036 seconds
2015-12-01T15:29:14.933-0500: 10247,473: Total time for which application threads were stopped: 0,0000931 seconds, Stopping threads took: 0,0000204 seconds
{Heap before GC invocations=31 (full 2):
 par new generation   total 109248K, used 93642K [0x00000000e0000000, 0x00000000e8000000, 0x00000000e8000000)
  eden space 87424K,  99% used [0x00000000e0000000, 0x00000000e555e9c0, 0x00000000e5560000)
  from space 21824K,  28% used [0x00000000e6ab0000, 0x00000000e70c3eb0, 0x00000000e8000000)
  to   space 21824K,   0% used [0x00000000e5560000, 0x00000000e5560000, 0x00000000e6ab0000)
 concurrent mark-sweep generation total 393216K, used 16653K [0x00000000e8000000, 0x0000000100000000, 0x0000000100000000)
 Metaspace       used 43294K, capacity 44056K, committed 44260K, reserved 1089536K
  class space    used 4309K, capacity 4538K, committed 4632K, reserved 1048576K
2015-12-01T15:29:15.264-0500: 10247,804: [GC (Allocation Failure) 2015-12-01T15:29:15.264-0500: 10247,804: [ParNew
Desired survivor size 20112992 bytes, new threshold 8 (max 8)
- age   1:    2218960 bytes,    2218960 total
- age   2:     478424 bytes,    2697384 total
- age   3:     148728 bytes,    2846112 total
- age   4:    1982064 bytes,    4828176 total
- age   5:     550048 bytes,    5378224 total
- age   6:     143632 bytes,    5521856 total
- age   7:    1386024 bytes,    6907880 total
- age   8:       5728 bytes,    6913608 total
: 93642K->9939K(109248K), 0,1455387 secs] 110295K->26811K(502464K), 0,1455917 secs] [Times: user=0,08 sys=0,00, real=0,15 secs] 
Heap after GC invocations=32 (full 2):
 par new generation   total 109248K, used 9939K [0x00000000e0000000, 0x00000000e8000000, 0x00000000e8000000)
  eden space 87424K,   0% used [0x00000000e0000000, 0x00000000e0000000, 0x00000000e5560000)
  from space 21824K,  45% used [0x00000000e5560000, 0x00000000e5f14ea0, 0x00000000e6ab0000)
  to   space 21824K,   0% used [0x00000000e6ab0000, 0x00000000e6ab0000, 0x00000000e8000000)
 concurrent mark-sweep generation total 393216K, used 16871K [0x00000000e8000000, 0x0000000100000000, 0x0000000100000000)
 Metaspace       used 43294K, capacity 44056K, committed 44260K, reserved 1089536K
  class space    used 4309K, capacity 4538K, committed 4632K, reserved 1048576K
}
2015-12-01T15:29:15.410-0500: 10247,950: Total time for which application threads were stopped: 0,1520321 seconds, Stopping threads took: 0,0062419 seconds
2015-12-01T15:29:15.415-0500: 10247,955: Total time for which application threads were stopped: 0,0001762 seconds, Stopping threads took: 0,0000461 seconds
2015-12-01T15:29:15.415-0500: 10247,955: Total time for which application threads were stopped: 0,0000491 seconds, Stopping threads took: 0,0000111 seconds
2015-12-01T15:29:15.415-0500: 10247,955: Total time for which application threads were stopped: 0,0000777 seconds, Stopping threads took: 0,0000218 seconds
{Heap before GC invocations=32 (full 2):
 par new generation   total 109248K, used 97363K [0x00000000e0000000, 0x00000000e8000000, 0x00000000e8000000)
  eden space 87424K, 100% used [0x00000000e0000000, 0x00000000e5560000, 0x00000000e5560000)
  from space 21824K,  45% used [0x00000000e5560000, 0x00000000e5f14ea0, 0x00000000e6ab0000)
  to   space 21824K,   0% used [0x00000000e6ab0000, 0x00000000e6ab0000, 0x00000000e8000000)
 concurrent mark-sweep generation total 393216K, used 16871K [0x00000000e8000000, 0x0000000100000000, 0x0000000100000000)
 Metaspace       used 43294K, capacity 44056K, committed 44260K, reserved 1089536K
  class space    used 4309K, capacity 4538K, committed 4632K, reserved 1048576K
2015-12-01T15:29:15.463-0500: 10248,003: [GC (Allocation Failure) 2015-12-01T15:29:15.463-0500: 10248,003: [ParNew
Desired survivor size 20112992 bytes, new threshold 8 (max 8)
- age   1:     488672 bytes,     488672 total
- age   2:    1831560 bytes,    2320232 total
- age   3:     478104 bytes,    2798336 total
- age   4:     148424 bytes,    2946760 total
- age   5:    1965232 bytes,    4911992 total
- age   6:     615616 bytes,    5527608 total
- age   7:     143632 bytes,    5671240 total
- age   8:    1386024 bytes,    7057264 total
: 97363K->9999K(109248K), 0,0443133 secs] 114235K->26877K(502464K), 0,0443917 secs] [Times: user=0,13 sys=0,00, real=0,05 secs] 
Heap after GC invocations=33 (full 2):
 par new generation   total 109248K, used 9999K [0x00000000e0000000, 0x00000000e8000000, 0x00000000e8000000)
  eden space 87424K,   0% used [0x00000000e0000000, 0x00000000e0000000, 0x00000000e5560000)
  from space 21824K,  45% used [0x00000000e6ab0000, 0x00000000e7473e68, 0x00000000e8000000)
  to   space 21824K,   0% used [0x00000000e5560000, 0x00000000e5560000, 0x00000000e6ab0000)
 concurrent mark-sweep generation total 393216K, used 16877K [0x00000000e8000000, 0x0000000100000000, 0x0000000100000000)
 Metaspace       used 43294K, capacity 44056K, committed 44260K, reserved 1089536K
  class space    used 4309K, capacity 4538K, committed 4632K, reserved 1048576K
}
2015-12-01T15:29:15.507-0500: 10248,047: Total time for which application threads were stopped: 0,0445800 seconds, Stopping threads took: 0,0000388 seconds
2015-12-01T15:29:15.515-0500: 10248,055: Total time for which application threads were stopped: 0,0001500 seconds, Stopping threads took: 0,0000470 seconds
2015-12-01T15:29:15.515-0500: 10248,055: Total time for which application threads were stopped: 0,0000767 seconds, Stopping threads took: 0,0000216 seconds
2015-12-01T15:29:15.582-0500: 10248,122: Total time for which application threads were stopped: 0,0001365 seconds, Stopping threads took: 0,0000506 seconds
2015-12-01T15:29:15.651-0500: 10248,191: Total time for which application threads were stopped: 0,0001729 seconds, Stopping threads took: 0,0000316 seconds
2015-12-01T15:29:15.651-0500: 10248,191: Total time for which application threads were stopped: 0,0000694 seconds, Stopping threads took: 0,0000296 seconds
2015-12-01T15:29:15.651-0500: 10248,191: Total time for which application threads were stopped: 0,0000493 seconds, Stopping threads took: 0,0000240 seconds
2015-12-01T15:29:16.025-0500: 10248,565: Total time for which application threads were stopped: 0,3739459 seconds, Stopping threads took: 0,3738368 seconds
2015-12-01T15:29:16.025-0500: 10248,565: Total time for which application threads were stopped: 0,0000851 seconds, Stopping threads took: 0,0000230 seconds
2015-12-01T15:29:16.025-0500: 10248,565: Total time for which application threads were stopped: 0,0000896 seconds, Stopping threads took: 0,0000312 seconds
2015-12-01T15:29:16.026-0500: 10248,566: Total time for which application threads were stopped: 0,0001149 seconds, Stopping threads took: 0,0000550 seconds
2015-12-01T15:29:16.026-0500: 10248,566: Total time for which application threads were stopped: 0,0000933 seconds, Stopping threads took: 0,0000347 seconds
2015-12-01T15:29:16.026-0500: 10248,566: Total time for which application threads were stopped: 0,0000797 seconds, Stopping threads took: 0,0000288 seconds
2015-12-01T15:29:16.296-0500: 10248,836: Total time for which application threads were stopped: 0,0001084 seconds, Stopping threads took: 0,0000308 seconds
2015-12-01T15:29:16.296-0500: 10248,836: Total time for which application threads were stopped: 0,0000371 seconds, Stopping threads took: 0,0000096 seconds
2015-12-01T15:29:16.299-0500: 10248,839: Total time for which application threads were stopped: 0,0001089 seconds, Stopping threads took: 0,0000403 seconds
2015-12-01T15:29:16.299-0500: 10248,839: Total time for which application threads were stopped: 0,0000552 seconds, Stopping threads took: 0,0000208 seconds
2015-12-01T15:29:16.300-0500: 10248,840: Total time for which application threads were stopped: 0,0001124 seconds, Stopping threads took: 0,0000072 seconds
2015-12-01T15:29:16.392-0500: 10248,932: Total time for which application threads were stopped: 0,0026895 seconds, Stopping threads took: 0,0025987 seconds
2015-12-01T15:29:46.944-0500: 10279,483: Total time for which application threads were stopped: 0,0001512 seconds, Stopping threads took: 0,0000397 seconds
2015-12-01T15:29:47.127-0500: 10279,667: Total time for which application threads were stopped: 0,0000940 seconds, Stopping threads took: 0,0000251 seconds
2015-12-01T15:29:47.128-0500: 10279,668: Total time for which application threads were stopped: 0,0001315 seconds, Stopping threads took: 0,0000084 seconds
2015-12-01T15:29:47.132-0500: 10279,672: Total time for which application threads were stopped: 0,0000864 seconds, Stopping threads took: 0,0000180 seconds
2015-12-01T15:29:47.136-0500: 10279,676: Total time for which application threads were stopped: 0,0001317 seconds, Stopping threads took: 0,0000455 seconds
2015-12-01T15:29:47.137-0500: 10279,676: Total time for which application threads were stopped: 0,0000548 seconds, Stopping threads took: 0,0000104 seconds
2015-12-01T15:29:47.137-0500: 10279,677: Total time for which application threads were stopped: 0,0000730 seconds, Stopping threads took: 0,0000331 seconds
2015-12-01T15:29:47.137-0500: 10279,677: Total time for which application threads were stopped: 0,0000389 seconds, Stopping threads took: 0,0000076 seconds
2015-12-01T15:29:48.202-0500: 10280,742: Total time for which application threads were stopped: 0,0001248 seconds, Stopping threads took: 0,0000272 seconds
2015-12-01T15:29:48.243-0500: 10280,783: Total time for which application threads were stopped: 0,0027598 seconds, Stopping threads took: 0,0026550 seconds
2015-12-01T15:29:48.244-0500: 10280,783: Total time for which application threads were stopped: 0,0000922 seconds, Stopping threads took: 0,0000225 seconds
2015-12-01T15:29:48.244-0500: 10280,783: Total time for which application threads were stopped: 0,0000286 seconds, Stopping threads took: 0,0000076 seconds
2015-12-01T15:29:49.491-0500: 10282,031: Total time for which application threads were stopped: 0,0001384 seconds, Stopping threads took: 0,0000184 seconds
2015-12-01T15:29:49.492-0500: 10282,032: Total time for which application threads were stopped: 0,0001340 seconds, Stopping threads took: 0,0000209 seconds
2015-12-01T15:29:49.493-0500: 10282,033: Total time for which application threads were stopped: 0,0001370 seconds, Stopping threads took: 0,0000355 seconds
2015-12-01T15:29:49.495-0500: 10282,035: Total time for which application threads were stopped: 0,0001291 seconds, Stopping threads took: 0,0000208 seconds
2015-12-01T15:29:50.495-0500: 10283,035: Total time for which application threads were stopped: 0,0001698 seconds, Stopping threads took: 0,0000851 seconds
2015-12-01T15:30:48.243-0500: 10340,783: Total time for which application threads were stopped: 0,0001094 seconds, Stopping threads took: 0,0000386 seconds
2015-12-01T15:30:49.495-0500: 10342,035: Total time for which application threads were stopped: 0,0001224 seconds, Stopping threads took: 0,0000279 seconds
2015-12-01T15:32:28.393-0500: 10440,933: Total time for which application threads were stopped: 0,0000981 seconds, Stopping threads took: 0,0000374 seconds
2015-12-01T15:32:28.394-0500: 10440,933: Total time for which application threads were stopped: 0,0000570 seconds, Stopping threads took: 0,0000201 seconds
2015-12-01T15:32:29.394-0500: 10441,934: Total time for which application threads were stopped: 0,0000967 seconds, Stopping threads took: 0,0000205 seconds
2015-12-01T15:34:43.775-0500: 10576,314: Total time for which application threads were stopped: 0,0001161 seconds, Stopping threads took: 0,0000527 seconds
2015-12-01T15:34:43.775-0500: 10576,315: Total time for which application threads were stopped: 0,0000463 seconds, Stopping threads took: 0,0000100 seconds
2015-12-01T15:34:43.775-0500: 10576,315: Total time for which application threads were stopped: 0,0000554 seconds, Stopping threads took: 0,0000185 seconds
2015-12-01T15:34:52.100-0500: 10584,640: Total time for which application threads were stopped: 0,0001025 seconds, Stopping threads took: 0,0000406 seconds
2015-12-01T15:34:52.282-0500: 10584,822: Total time for which application threads were stopped: 0,0001120 seconds, Stopping threads took: 0,0000327 seconds
2015-12-01T15:35:31.289-0500: 10623,829: Total time for which application threads were stopped: 0,0001055 seconds, Stopping threads took: 0,0000316 seconds
2015-12-01T15:35:32.289-0500: 10624,829: Total time for which application threads were stopped: 0,0000784 seconds, Stopping threads took: 0,0000211 seconds
2015-12-01T15:36:36.595-0500: 10689,135: Total time for which application threads were stopped: 0,0000996 seconds, Stopping threads took: 0,0000387 seconds
2015-12-01T15:38:21.831-0500: 10794,371: Total time for which application threads were stopped: 0,0000994 seconds, Stopping threads took: 0,0000362 seconds
2015-12-01T15:38:21.836-0500: 10794,376: Total time for which application threads were stopped: 0,0001385 seconds, Stopping threads took: 0,0000214 seconds
2015-12-01T15:38:22.718-0500: 10795,258: Total time for which application threads were stopped: 0,0000912 seconds, Stopping threads took: 0,0000261 seconds
2015-12-01T15:38:23.240-0500: 10795,779: Total time for which application threads were stopped: 0,0502930 seconds, Stopping threads took: 0,0501773 seconds
2015-12-01T15:38:23.341-0500: 10795,881: Total time for which application threads were stopped: 0,0001737 seconds, Stopping threads took: 0,0001051 seconds
2015-12-01T16:03:32.972-0500: 12305,512: Total time for which application threads were stopped: 0,0168157 seconds, Stopping threads took: 0,0167053 seconds
2015-12-01T16:03:33.080-0500: 12305,620: Total time for which application threads were stopped: 0,0001056 seconds, Stopping threads took: 0,0000239 seconds
2015-12-01T16:03:33.081-0500: 12305,621: Total time for which application threads were stopped: 0,0001192 seconds, Stopping threads took: 0,0000576 seconds
2015-12-01T16:03:33.081-0500: 12305,621: Total time for which application threads were stopped: 0,0000447 seconds, Stopping threads took: 0,0000087 seconds
2015-12-01T16:03:33.087-0500: 12305,627: Total time for which application threads were stopped: 0,0000919 seconds, Stopping threads took: 0,0000200 seconds
2015-12-01T16:03:33.088-0500: 12305,628: Total time for which application threads were stopped: 0,0000768 seconds, Stopping threads took: 0,0000126 seconds
2015-12-01T16:03:33.088-0500: 12305,628: Total time for which application threads were stopped: 0,0000750 seconds, Stopping threads took: 0,0000150 seconds
2015-12-01T16:03:33.519-0500: 12306,059: Total time for which application threads were stopped: 0,0001523 seconds, Stopping threads took: 0,0000464 seconds
2015-12-01T16:03:33.519-0500: 12306,059: Total time for which application threads were stopped: 0,0000677 seconds, Stopping threads took: 0,0000072 seconds
2015-12-01T16:03:33.628-0500: 12306,168: Total time for which application threads were stopped: 0,0001656 seconds, Stopping threads took: 0,0000454 seconds
2015-12-01T16:03:33.628-0500: 12306,168: Total time for which application threads were stopped: 0,0001109 seconds, Stopping threads took: 0,0000421 seconds
2015-12-01T16:04:23.634-0500: 12356,173: Total time for which application threads were stopped: 0,0000916 seconds, Stopping threads took: 0,0000330 seconds
2015-12-01T16:04:33.520-0500: 12366,060: Total time for which application threads were stopped: 0,0001924 seconds, Stopping threads took: 0,0000423 seconds
2015-12-01T16:04:33.629-0500: 12366,169: Total time for which application threads were stopped: 0,0001902 seconds, Stopping threads took: 0,0000437 seconds
2015-12-01T16:11:11.290-0500: 12763,830: Total time for which application threads were stopped: 0,0001136 seconds, Stopping threads took: 0,0000311 seconds
2015-12-01T16:15:40.022-0500: 13032,562: Total time for which application threads were stopped: 0,0001241 seconds, Stopping threads took: 0,0000347 seconds
2015-12-01T16:15:40.223-0500: 13032,763: Total time for which application threads were stopped: 0,0001879 seconds, Stopping threads took: 0,0000546 seconds
2015-12-01T16:15:40.253-0500: 13032,793: Total time for which application threads were stopped: 0,0000845 seconds, Stopping threads took: 0,0000176 seconds
2015-12-01T16:15:40.253-0500: 13032,793: Total time for which application threads were stopped: 0,0000303 seconds, Stopping threads took: 0,0000056 seconds
2015-12-01T16:15:40.253-0500: 13032,793: Total time for which application threads were stopped: 0,0000348 seconds, Stopping threads took: 0,0000065 seconds
2015-12-01T16:15:40.253-0500: 13032,793: Total time for which application threads were stopped: 0,0446411 seconds, Stopping threads took: 0,0000048 seconds
2015-12-01T16:15:40.298-0500: 13032,838: Total time for which application threads were stopped: 0,0001712 seconds, Stopping threads took: 0,0000853 seconds
2015-12-01T16:15:40.298-0500: 13032,838: Total time for which application threads were stopped: 0,0000404 seconds, Stopping threads took: 0,0000074 seconds
2015-12-01T16:15:41.001-0500: 13033,540: Total time for which application threads were stopped: 0,0001253 seconds, Stopping threads took: 0,0000269 seconds
2015-12-01T16:15:41.001-0500: 13033,541: Total time for which application threads were stopped: 0,0000915 seconds, Stopping threads took: 0,0000246 seconds
2015-12-01T16:15:41.089-0500: 13033,629: Total time for which application threads were stopped: 0,0002191 seconds, Stopping threads took: 0,0000585 seconds
2015-12-01T16:15:41.089-0500: 13033,629: Total time for which application threads were stopped: 0,0000695 seconds, Stopping threads took: 0,0000309 seconds
2015-12-01T16:16:41.089-0500: 13093,629: Total time for which application threads were stopped: 0,0000983 seconds, Stopping threads took: 0,0000326 seconds
2015-12-01T16:29:39.669-0500: 13872,208: Total time for which application threads were stopped: 0,0001145 seconds, Stopping threads took: 0,0000453 seconds
2015-12-01T16:41:32.281-0500: 14584,821: Total time for which application threads were stopped: 0,0000957 seconds, Stopping threads took: 0,0000292 seconds
2015-12-01T16:41:33.000-0500: 14585,540: Total time for which application threads were stopped: 0,0001206 seconds, Stopping threads took: 0,0000199 seconds
2015-12-01T16:41:33.300-0500: 14585,840: Total time for which application threads were stopped: 0,0010483 seconds, Stopping threads took: 0,0009739 seconds
2015-12-01T16:41:33.365-0500: 14585,905: Total time for which application threads were stopped: 0,0000977 seconds, Stopping threads took: 0,0000268 seconds
2015-12-01T16:41:33.579-0500: 14586,119: Total time for which application threads were stopped: 0,0000809 seconds, Stopping threads took: 0,0000160 seconds
2015-12-01T16:41:33.618-0500: 14586,157: Total time for which application threads were stopped: 0,0000919 seconds, Stopping threads took: 0,0000272 seconds
2015-12-01T16:41:33.665-0500: 14586,205: Total time for which application threads were stopped: 0,0001454 seconds, Stopping threads took: 0,0000612 seconds
2015-12-01T16:41:33.714-0500: 14586,254: Total time for which application threads were stopped: 0,0139323 seconds, Stopping threads took: 0,0138351 seconds
2015-12-01T16:41:33.753-0500: 14586,293: Total time for which application threads were stopped: 0,0000909 seconds, Stopping threads took: 0,0000277 seconds
2015-12-01T16:41:34.753-0500: 14587,293: Total time for which application threads were stopped: 0,0000884 seconds, Stopping threads took: 0,0000219 seconds
2015-12-01T16:41:37.790-0500: 14590,330: Total time for which application threads were stopped: 0,0001080 seconds, Stopping threads took: 0,0000217 seconds
2015-12-01T16:46:25.461-0500: 14878,001: Total time for which application threads were stopped: 0,0001363 seconds, Stopping threads took: 0,0000397 seconds
2015-12-01T16:46:26.436-0500: 14878,976: Total time for which application threads were stopped: 0,0001022 seconds, Stopping threads took: 0,0000322 seconds
2015-12-01T16:46:27.194-0500: 14879,734: Total time for which application threads were stopped: 0,0000929 seconds, Stopping threads took: 0,0000282 seconds
2015-12-01T16:46:27.956-0500: 14880,496: Total time for which application threads were stopped: 0,0001355 seconds, Stopping threads took: 0,0000252 seconds
2015-12-01T16:46:36.035-0500: 14888,575: Total time for which application threads were stopped: 0,0001993 seconds, Stopping threads took: 0,0000460 seconds
2015-12-01T16:46:37.036-0500: 14889,576: Total time for which application threads were stopped: 0,0001833 seconds, Stopping threads took: 0,0000454 seconds
2015-12-01T16:46:37.474-0500: 14890,014: Total time for which application threads were stopped: 0,0001010 seconds, Stopping threads took: 0,0000295 seconds
2015-12-01T16:46:37.923-0500: 14890,463: Total time for which application threads were stopped: 0,0000852 seconds, Stopping threads took: 0,0000181 seconds
2015-12-01T16:46:38.275-0500: 14890,815: Total time for which application threads were stopped: 0,0001135 seconds, Stopping threads took: 0,0000277 seconds
2015-12-01T16:46:38.557-0500: 14891,097: Total time for which application threads were stopped: 0,0000852 seconds, Stopping threads took: 0,0000204 seconds
2015-12-01T16:46:38.939-0500: 14891,478: Total time for which application threads were stopped: 0,0001130 seconds, Stopping threads took: 0,0000318 seconds
2015-12-01T16:46:39.215-0500: 14891,755: Total time for which application threads were stopped: 0,0001048 seconds, Stopping threads took: 0,0000230 seconds
2015-12-01T16:46:39.759-0500: 14892,299: Total time for which application threads were stopped: 0,0001217 seconds, Stopping threads took: 0,0000206 seconds
2015-12-01T16:46:47.153-0500: 14899,693: Total time for which application threads were stopped: 0,0001071 seconds, Stopping threads took: 0,0000272 seconds
2015-12-01T16:46:48.100-0500: 14900,640: Total time for which application threads were stopped: 0,0001547 seconds, Stopping threads took: 0,0000293 seconds
2015-12-01T16:46:48.538-0500: 14901,078: Total time for which application threads were stopped: 0,0000961 seconds, Stopping threads took: 0,0000292 seconds
2015-12-01T16:46:48.740-0500: 14901,279: Total time for which application threads were stopped: 0,0000927 seconds, Stopping threads took: 0,0000271 seconds
2015-12-01T16:46:48.914-0500: 14901,454: Total time for which application threads were stopped: 0,0000988 seconds, Stopping threads took: 0,0000330 seconds
2015-12-01T16:46:49.118-0500: 14901,658: Total time for which application threads were stopped: 0,0001006 seconds, Stopping threads took: 0,0000329 seconds
2015-12-01T16:46:59.687-0500: 14912,226: Total time for which application threads were stopped: 0,0000830 seconds, Stopping threads took: 0,0000189 seconds
2015-12-01T16:47:01.502-0500: 14914,042: Total time for which application threads were stopped: 0,0001226 seconds, Stopping threads took: 0,0000356 seconds
2015-12-01T16:48:07.957-0500: 14980,497: Total time for which application threads were stopped: 0,0001045 seconds, Stopping threads took: 0,0000390 seconds
2015-12-01T16:49:07.886-0500: 15040,426: Total time for which application threads were stopped: 0,0001168 seconds, Stopping threads took: 0,0000363 seconds
2015-12-01T16:49:31.126-0500: 15063,666: Total time for which application threads were stopped: 0,0000908 seconds, Stopping threads took: 0,0000247 seconds
2015-12-01T16:49:32.127-0500: 15064,666: Total time for which application threads were stopped: 0,0001911 seconds, Stopping threads took: 0,0000448 seconds
2015-12-01T16:52:09.233-0500: 15221,773: Total time for which application threads were stopped: 0,0001033 seconds, Stopping threads took: 0,0000395 seconds
2015-12-01T16:52:22.165-0500: 15234,705: Total time for which application threads were stopped: 0,0001107 seconds, Stopping threads took: 0,0000247 seconds
2015-12-01T16:52:23.166-0500: 15235,706: Total time for which application threads were stopped: 0,0000810 seconds, Stopping threads took: 0,0000213 seconds
2015-12-01T16:52:27.118-0500: 15239,658: Total time for which application threads were stopped: 0,0001034 seconds, Stopping threads took: 0,0000227 seconds
2015-12-01T16:52:28.118-0500: 15240,658: Total time for which application threads were stopped: 0,0000731 seconds, Stopping threads took: 0,0000189 seconds
2015-12-01T16:53:02.109-0500: 15274,649: Total time for which application threads were stopped: 0,0001033 seconds, Stopping threads took: 0,0000334 seconds
2015-12-01T16:53:03.109-0500: 15275,649: Total time for which application threads were stopped: 0,0001863 seconds, Stopping threads took: 0,0000480 seconds
2015-12-01T16:53:18.925-0500: 15291,465: Total time for which application threads were stopped: 0,0000859 seconds, Stopping threads took: 0,0000169 seconds
2015-12-01T16:53:30.536-0500: 15303,076: Total time for which application threads were stopped: 0,0000972 seconds, Stopping threads took: 0,0000321 seconds
2015-12-01T17:02:08.921-0500: 15821,461: Total time for which application threads were stopped: 0,0001722 seconds, Stopping threads took: 0,0000469 seconds
2015-12-01T17:02:09.921-0500: 15822,461: Total time for which application threads were stopped: 0,0001180 seconds, Stopping threads took: 0,0000295 seconds
2015-12-01T17:02:10.761-0500: 15823,301: Total time for which application threads were stopped: 0,0000984 seconds, Stopping threads took: 0,0000204 seconds
2015-12-01T17:02:34.235-0500: 15846,774: Total time for which application threads were stopped: 0,0001028 seconds, Stopping threads took: 0,0000385 seconds
2015-12-01T17:02:35.659-0500: 15848,199: Total time for which application threads were stopped: 0,0001071 seconds, Stopping threads took: 0,0000320 seconds
2015-12-01T17:02:36.659-0500: 15849,199: Total time for which application threads were stopped: 0,0000957 seconds, Stopping threads took: 0,0000195 seconds
2015-12-01T17:03:38.713-0500: 15911,253: Total time for which application threads were stopped: 0,0001023 seconds, Stopping threads took: 0,0000383 seconds
2015-12-01T17:03:39.713-0500: 15912,253: Total time for which application threads were stopped: 0,0000767 seconds, Stopping threads took: 0,0000208 seconds
2015-12-01T17:06:18.257-0500: 16070,797: Total time for which application threads were stopped: 0,0001173 seconds, Stopping threads took: 0,0000372 seconds
2015-12-01T17:06:18.446-0500: 16070,986: Total time for which application threads were stopped: 0,0000905 seconds, Stopping threads took: 0,0000212 seconds
2015-12-01T17:06:18.447-0500: 16070,986: Total time for which application threads were stopped: 0,0000503 seconds, Stopping threads took: 0,0000077 seconds
2015-12-01T17:06:18.447-0500: 16070,987: Total time for which application threads were stopped: 0,0001219 seconds, Stopping threads took: 0,0000095 seconds
2015-12-01T17:06:18.453-0500: 16070,993: Total time for which application threads were stopped: 0,0001050 seconds, Stopping threads took: 0,0000211 seconds
2015-12-01T17:06:18.453-0500: 16070,993: Total time for which application threads were stopped: 0,0000491 seconds, Stopping threads took: 0,0000139 seconds
2015-12-01T17:06:18.476-0500: 16071,016: Total time for which application threads were stopped: 0,0000866 seconds, Stopping threads took: 0,0000187 seconds
2015-12-01T17:06:18.478-0500: 16071,018: Total time for which application threads were stopped: 0,0001022 seconds, Stopping threads took: 0,0000176 seconds
2015-12-01T17:06:18.478-0500: 16071,018: Total time for which application threads were stopped: 0,0000703 seconds, Stopping threads took: 0,0000258 seconds
2015-12-01T17:06:19.009-0500: 16071,549: Total time for which application threads were stopped: 0,0001330 seconds, Stopping threads took: 0,0000367 seconds
2015-12-01T17:06:19.009-0500: 16071,549: Total time for which application threads were stopped: 0,0000976 seconds, Stopping threads took: 0,0000182 seconds
2015-12-01T17:06:19.037-0500: 16071,577: Total time for which application threads were stopped: 0,0001756 seconds, Stopping threads took: 0,0000193 seconds
2015-12-01T17:06:19.037-0500: 16071,577: Total time for which application threads were stopped: 0,0000985 seconds, Stopping threads took: 0,0000184 seconds
2015-12-01T17:06:19.038-0500: 16071,577: Total time for which application threads were stopped: 0,0001137 seconds, Stopping threads took: 0,0000244 seconds
2015-12-01T17:06:20.865-0500: 16073,405: Total time for which application threads were stopped: 0,0222256 seconds, Stopping threads took: 0,0221254 seconds
2015-12-01T17:06:20.875-0500: 16073,415: Total time for which application threads were stopped: 0,0096280 seconds, Stopping threads took: 0,0094849 seconds
2015-12-01T17:06:20.876-0500: 16073,416: Total time for which application threads were stopped: 0,0001454 seconds, Stopping threads took: 0,0000621 seconds
2015-12-01T17:06:20.925-0500: 16073,465: Total time for which application threads were stopped: 0,0001204 seconds, Stopping threads took: 0,0000472 seconds
2015-12-01T17:17:55.250-0500: 16133,466: Total time for which application threads were stopped: 0,0002346 seconds, Stopping threads took: 0,0000780 seconds
2015-12-01T17:18:49.240-0500: 16186,718: Total time for which application threads were stopped: 0,0001482 seconds, Stopping threads took: 0,0000330 seconds
2015-12-01T17:18:50.273-0500: 16187,751: Total time for which application threads were stopped: 0,0001014 seconds, Stopping threads took: 0,0000363 seconds
2015-12-01T17:18:50.906-0500: 16188,384: Total time for which application threads were stopped: 0,0001057 seconds, Stopping threads took: 0,0000207 seconds
2015-12-01T17:18:51.906-0500: 16189,385: Total time for which application threads were stopped: 0,0000784 seconds, Stopping threads took: 0,0000203 seconds
2015-12-01T17:19:36.352-0500: 16233,830: Total time for which application threads were stopped: 0,0000947 seconds, Stopping threads took: 0,0000277 seconds
2015-12-01T17:21:29.071-0500: 16346,549: Total time for which application threads were stopped: 0,0001110 seconds, Stopping threads took: 0,0000295 seconds
2015-12-01T17:22:29.962-0500: 16407,440: Total time for which application threads were stopped: 0,0001032 seconds, Stopping threads took: 0,0000381 seconds
2015-12-01T17:22:30.962-0500: 16408,441: Total time for which application threads were stopped: 0,0001846 seconds, Stopping threads took: 0,0000428 seconds
2015-12-01T17:27:22.005-0500: 16699,483: Total time for which application threads were stopped: 0,0001026 seconds, Stopping threads took: 0,0000388 seconds
2015-12-01T17:28:47.991-0500: 16785,470: Total time for which application threads were stopped: 0,0001241 seconds, Stopping threads took: 0,0000331 seconds
2015-12-01T17:28:48.992-0500: 16786,470: Total time for which application threads were stopped: 0,0001863 seconds, Stopping threads took: 0,0000465 seconds
2015-12-01T17:28:51.481-0500: 16788,959: Total time for which application threads were stopped: 0,0001170 seconds, Stopping threads took: 0,0000243 seconds
2015-12-01T17:28:52.029-0500: 16789,507: Total time for which application threads were stopped: 0,0001026 seconds, Stopping threads took: 0,0000218 seconds
2015-12-01T17:28:52.326-0500: 16789,804: Total time for which application threads were stopped: 0,0000930 seconds, Stopping threads took: 0,0000290 seconds
2015-12-01T17:29:02.373-0500: 16799,851: Total time for which application threads were stopped: 0,0001170 seconds, Stopping threads took: 0,0000437 seconds
2015-12-01T17:29:34.176-0500: 16831,654: Total time for which application threads were stopped: 0,0001056 seconds, Stopping threads took: 0,0000385 seconds
2015-12-01T17:29:37.672-0500: 16835,151: Total time for which application threads were stopped: 0,0001545 seconds, Stopping threads took: 0,0000253 seconds
2015-12-01T17:29:37.727-0500: 16835,205: Total time for which application threads were stopped: 0,0001017 seconds, Stopping threads took: 0,0000187 seconds
2015-12-01T17:29:38.727-0500: 16836,205: Total time for which application threads were stopped: 0,0000878 seconds, Stopping threads took: 0,0000219 seconds
2015-12-01T17:29:39.457-0500: 16836,935: Total time for which application threads were stopped: 0,0000901 seconds, Stopping threads took: 0,0000272 seconds
2015-12-01T17:29:40.457-0500: 16837,935: Total time for which application threads were stopped: 0,0000770 seconds, Stopping threads took: 0,0000205 seconds
2015-12-01T17:29:41.046-0500: 16838,525: Total time for which application threads were stopped: 0,0000964 seconds, Stopping threads took: 0,0000295 seconds
2015-12-01T17:30:03.625-0500: 16861,104: Total time for which application threads were stopped: 0,0001053 seconds, Stopping threads took: 0,0000382 seconds
2015-12-01T17:30:04.626-0500: 16862,104: Total time for which application threads were stopped: 0,0000778 seconds, Stopping threads took: 0,0000213 seconds
2015-12-01T17:30:06.229-0500: 16863,707: Total time for which application threads were stopped: 0,0001648 seconds, Stopping threads took: 0,0000400 seconds
2015-12-01T17:30:06.296-0500: 16863,774: Total time for which application threads were stopped: 0,0002004 seconds, Stopping threads took: 0,0000255 seconds
2015-12-01T17:30:07.296-0500: 16864,774: Total time for which application threads were stopped: 0,0000887 seconds, Stopping threads took: 0,0000222 seconds
2015-12-01T17:30:09.019-0500: 16866,497: Total time for which application threads were stopped: 0,0001152 seconds, Stopping threads took: 0,0000231 seconds
2015-12-01T17:30:10.019-0500: 16867,497: Total time for which application threads were stopped: 0,0001317 seconds, Stopping threads took: 0,0000196 seconds
2015-12-01T17:30:10.743-0500: 16868,221: Total time for which application threads were stopped: 0,0001048 seconds, Stopping threads took: 0,0000224 seconds
2015-12-01T17:30:11.743-0500: 16869,221: Total time for which application threads were stopped: 0,0000754 seconds, Stopping threads took: 0,0000192 seconds
2015-12-01T17:30:35.500-0500: 16892,978: Total time for which application threads were stopped: 0,0000998 seconds, Stopping threads took: 0,0000320 seconds
2015-12-01T17:30:38.542-0500: 16896,020: Total time for which application threads were stopped: 0,0001057 seconds, Stopping threads took: 0,0000259 seconds
2015-12-01T17:30:38.636-0500: 16896,114: Total time for which application threads were stopped: 0,0002380 seconds, Stopping threads took: 0,0000455 seconds
2015-12-01T17:30:39.636-0500: 16897,114: Total time for which application threads were stopped: 0,0002938 seconds, Stopping threads took: 0,0000581 seconds
2015-12-01T17:30:40.623-0500: 16898,101: Total time for which application threads were stopped: 0,0001024 seconds, Stopping threads took: 0,0000290 seconds
2015-12-01T17:30:41.623-0500: 16899,101: Total time for which application threads were stopped: 0,0000780 seconds, Stopping threads took: 0,0000203 seconds
2015-12-01T17:30:42.662-0500: 16900,140: Total time for which application threads were stopped: 0,0001252 seconds, Stopping threads took: 0,0000468 seconds
2015-12-01T17:30:43.662-0500: 16901,140: Total time for which application threads were stopped: 0,0000757 seconds, Stopping threads took: 0,0000190 seconds
2015-12-01T17:30:44.678-0500: 16902,156: Total time for which application threads were stopped: 0,0001014 seconds, Stopping threads took: 0,0000225 seconds
2015-12-01T17:30:47.300-0500: 16904,778: Total time for which application threads were stopped: 0,0000831 seconds, Stopping threads took: 0,0000181 seconds
2015-12-01T17:33:53.227-0500: 17090,705: Total time for which application threads were stopped: 0,0001237 seconds, Stopping threads took: 0,0000495 seconds
2015-12-01T17:34:16.412-0500: 17113,890: Total time for which application threads were stopped: 0,0000853 seconds, Stopping threads took: 0,0000193 seconds
2015-12-01T17:34:19.583-0500: 17117,061: Total time for which application threads were stopped: 0,0001068 seconds, Stopping threads took: 0,0000213 seconds
2015-12-01T17:34:19.703-0500: 17117,181: Total time for which application threads were stopped: 0,0001086 seconds, Stopping threads took: 0,0000194 seconds
2015-12-01T17:34:21.384-0500: 17118,862: Total time for which application threads were stopped: 0,0001015 seconds, Stopping threads took: 0,0000286 seconds
2015-12-01T17:34:22.917-0500: 17120,395: Total time for which application threads were stopped: 0,0000786 seconds, Stopping threads took: 0,0000161 seconds
2015-12-01T17:37:11.553-0500: 17289,031: Total time for which application threads were stopped: 0,0001533 seconds, Stopping threads took: 0,0000723 seconds
2015-12-01T17:37:13.710-0500: 17291,188: Total time for which application threads were stopped: 0,0001022 seconds, Stopping threads took: 0,0000233 seconds
2015-12-01T17:38:43.275-0500: 17380,753: Total time for which application threads were stopped: 0,0001170 seconds, Stopping threads took: 0,0000513 seconds
2015-12-01T17:42:24.318-0500: 17601,796: Total time for which application threads were stopped: 0,0001230 seconds, Stopping threads took: 0,0000509 seconds
2015-12-01T17:42:27.665-0500: 17605,143: Total time for which application threads were stopped: 0,0001042 seconds, Stopping threads took: 0,0000269 seconds
2015-12-01T17:42:27.723-0500: 17605,201: Total time for which application threads were stopped: 0,0001021 seconds, Stopping threads took: 0,0000221 seconds
2015-12-01T17:42:28.949-0500: 17606,427: Total time for which application threads were stopped: 0,0001726 seconds, Stopping threads took: 0,0000373 seconds
2015-12-01T17:42:30.372-0500: 17607,850: Total time for which application threads were stopped: 0,0000820 seconds, Stopping threads took: 0,0000174 seconds
2015-12-01T17:42:31.372-0500: 17608,850: Total time for which application threads were stopped: 0,0003193 seconds, Stopping threads took: 0,0000803 seconds
2015-12-01T17:42:54.197-0500: 17631,676: Total time for which application threads were stopped: 0,0001045 seconds, Stopping threads took: 0,0000405 seconds
2015-12-01T17:42:55.198-0500: 17632,676: Total time for which application threads were stopped: 0,0000857 seconds, Stopping threads took: 0,0000205 seconds
2015-12-01T17:42:56.253-0500: 17633,731: Total time for which application threads were stopped: 0,0000912 seconds, Stopping threads took: 0,0000216 seconds
2015-12-01T17:42:56.306-0500: 17633,784: Total time for which application threads were stopped: 0,0000962 seconds, Stopping threads took: 0,0000195 seconds
2015-12-01T17:42:57.589-0500: 17635,067: Total time for which application threads were stopped: 0,0001744 seconds, Stopping threads took: 0,0000839 seconds
2015-12-01T17:42:58.743-0500: 17636,221: Total time for which application threads were stopped: 0,0002895 seconds, Stopping threads took: 0,0000599 seconds
2015-12-01T17:42:59.743-0500: 17637,222: Total time for which application threads were stopped: 0,0002198 seconds, Stopping threads took: 0,0000515 seconds
2015-12-01T17:43:02.359-0500: 17639,837: Total time for which application threads were stopped: 0,0000952 seconds, Stopping threads took: 0,0000245 seconds
2015-12-01T17:43:04.423-0500: 17641,901: Total time for which application threads were stopped: 0,0001443 seconds, Stopping threads took: 0,0000315 seconds
2015-12-01T17:43:04.491-0500: 17641,969: Total time for which application threads were stopped: 0,0001037 seconds, Stopping threads took: 0,0000225 seconds
2015-12-01T17:43:05.743-0500: 17643,221: Total time for which application threads were stopped: 0,0001234 seconds, Stopping threads took: 0,0000186 seconds
2015-12-01T17:43:06.858-0500: 17644,336: Total time for which application threads were stopped: 0,0001318 seconds, Stopping threads took: 0,0000283 seconds
2015-12-01T17:44:50.933-0500: 17748,411: Total time for which application threads were stopped: 0,0001258 seconds, Stopping threads took: 0,0000343 seconds
2015-12-01T17:44:51.937-0500: 17749,415: Total time for which application threads were stopped: 0,0002169 seconds, Stopping threads took: 0,0001368 seconds
2015-12-01T17:47:30.319-0500: 17907,797: Total time for which application threads were stopped: 0,0001049 seconds, Stopping threads took: 0,0000347 seconds
2015-12-01T17:47:35.947-0500: 17913,425: Total time for which application threads were stopped: 0,0001182 seconds, Stopping threads took: 0,0000325 seconds
2015-12-01T17:47:35.989-0500: 17913,467: Total time for which application threads were stopped: 0,0001516 seconds, Stopping threads took: 0,0000440 seconds
2015-12-01T17:47:36.989-0500: 17914,467: Total time for which application threads were stopped: 0,0003364 seconds, Stopping threads took: 0,0000977 seconds
2015-12-01T17:47:39.529-0500: 17917,007: Total time for which application threads were stopped: 0,0000968 seconds, Stopping threads took: 0,0000290 seconds
2015-12-01T17:47:40.530-0500: 17918,008: Total time for which application threads were stopped: 0,0000803 seconds, Stopping threads took: 0,0000208 seconds
2015-12-01T17:47:41.519-0500: 17918,997: Total time for which application threads were stopped: 0,0001022 seconds, Stopping threads took: 0,0000221 seconds
2015-12-01T17:47:41.670-0500: 17919,148: Total time for which application threads were stopped: 0,0000911 seconds, Stopping threads took: 0,0000190 seconds
2015-12-01T17:47:48.081-0500: 17925,559: Total time for which application threads were stopped: 0,0001041 seconds, Stopping threads took: 0,0000363 seconds
2015-12-01T17:47:49.081-0500: 17926,559: Total time for which application threads were stopped: 0,0000764 seconds, Stopping threads took: 0,0000206 seconds
2015-12-01T17:47:50.576-0500: 17928,054: Total time for which application threads were stopped: 0,0000996 seconds, Stopping threads took: 0,0000313 seconds
2015-12-01T17:49:05.474-0500: 18002,952: Total time for which application threads were stopped: 0,0001811 seconds, Stopping threads took: 0,0000287 seconds
2015-12-01T17:49:08.621-0500: 18006,099: Total time for which application threads were stopped: 0,0000980 seconds, Stopping threads took: 0,0000317 seconds
2015-12-01T17:49:30.272-0500: 18027,750: Total time for which application threads were stopped: 0,0000953 seconds, Stopping threads took: 0,0000301 seconds
2015-12-01T17:49:31.272-0500: 18028,750: Total time for which application threads were stopped: 0,0000975 seconds, Stopping threads took: 0,0000241 seconds
2015-12-01T17:49:32.931-0500: 18030,409: Total time for which application threads were stopped: 0,0001004 seconds, Stopping threads took: 0,0000332 seconds
2015-12-01T17:52:53.600-0500: 18231,078: Total time for which application threads were stopped: 0,0001150 seconds, Stopping threads took: 0,0000392 seconds
2015-12-01T17:52:54.600-0500: 18232,079: Total time for which application threads were stopped: 0,0000923 seconds, Stopping threads took: 0,0000219 seconds
2015-12-01T17:52:56.198-0500: 18233,676: Total time for which application threads were stopped: 0,0100491 seconds, Stopping threads took: 0,0099602 seconds
2015-12-01T17:52:57.764-0500: 18235,242: Total time for which application threads were stopped: 0,0130175 seconds, Stopping threads took: 0,0129441 seconds
2015-12-01T17:52:58.764-0500: 18236,242: Total time for which application threads were stopped: 0,0000757 seconds, Stopping threads took: 0,0000203 seconds
2015-12-01T17:52:59.789-0500: 18237,267: Total time for which application threads were stopped: 0,0003895 seconds, Stopping threads took: 0,0000779 seconds
2015-12-01T17:54:00.393-0500: 18297,871: Total time for which application threads were stopped: 0,0001031 seconds, Stopping threads took: 0,0000376 seconds
2015-12-01T17:54:01.393-0500: 18298,871: Total time for which application threads were stopped: 0,0000770 seconds, Stopping threads took: 0,0000203 seconds
2015-12-01T17:54:02.502-0500: 18299,980: Total time for which application threads were stopped: 0,0001211 seconds, Stopping threads took: 0,0000246 seconds
2015-12-01T17:54:03.502-0500: 18300,980: Total time for which application threads were stopped: 0,0001106 seconds, Stopping threads took: 0,0000438 seconds
2015-12-01T17:54:35.228-0500: 18332,706: Total time for which application threads were stopped: 0,0000925 seconds, Stopping threads took: 0,0000266 seconds
2015-12-01T17:54:36.228-0500: 18333,706: Total time for which application threads were stopped: 0,0000755 seconds, Stopping threads took: 0,0000194 seconds
2015-12-01T17:54:37.341-0500: 18334,819: Total time for which application threads were stopped: 0,0000885 seconds, Stopping threads took: 0,0000190 seconds
2015-12-01T17:54:52.509-0500: 18349,987: Total time for which application threads were stopped: 0,0001221 seconds, Stopping threads took: 0,0000346 seconds
2015-12-01T17:54:54.541-0500: 18352,019: Total time for which application threads were stopped: 0,0002314 seconds, Stopping threads took: 0,0001339 seconds
2015-12-01T18:04:19.371-0500: 18916,850: Total time for which application threads were stopped: 0,0001089 seconds, Stopping threads took: 0,0000468 seconds
2015-12-01T18:04:20.372-0500: 18917,850: Total time for which application threads were stopped: 0,0000838 seconds, Stopping threads took: 0,0000221 seconds
2015-12-01T18:04:54.222-0500: 18951,700: Total time for which application threads were stopped: 0,0001166 seconds, Stopping threads took: 0,0000350 seconds
2015-12-01T18:04:54.729-0500: 18952,207: Total time for which application threads were stopped: 0,0000946 seconds, Stopping threads took: 0,0000270 seconds
2015-12-01T18:04:54.971-0500: 18952,449: Total time for which application threads were stopped: 0,0001138 seconds, Stopping threads took: 0,0000521 seconds
2015-12-01T18:04:55.135-0500: 18952,613: Total time for which application threads were stopped: 0,0001020 seconds, Stopping threads took: 0,0000351 seconds
2015-12-01T18:04:55.381-0500: 18952,859: Total time for which application threads were stopped: 0,0001529 seconds, Stopping threads took: 0,0000281 seconds
2015-12-01T18:04:55.500-0500: 18952,978: Total time for which application threads were stopped: 0,0000862 seconds, Stopping threads took: 0,0000176 seconds
2015-12-01T18:04:55.661-0500: 18953,139: Total time for which application threads were stopped: 0,0000939 seconds, Stopping threads took: 0,0000315 seconds
2015-12-01T18:04:55.848-0500: 18953,326: Total time for which application threads were stopped: 0,0001528 seconds, Stopping threads took: 0,0000318 seconds
2015-12-01T18:05:38.222-0500: 18995,700: Total time for which application threads were stopped: 0,0001130 seconds, Stopping threads took: 0,0000413 seconds
2015-12-01T18:05:39.222-0500: 18996,700: Total time for which application threads were stopped: 0,0001446 seconds, Stopping threads took: 0,0000322 seconds
2015-12-01T18:05:41.092-0500: 18998,570: Total time for which application threads were stopped: 0,0001015 seconds, Stopping threads took: 0,0000201 seconds
2015-12-01T18:05:42.093-0500: 18999,571: Total time for which application threads were stopped: 0,0002212 seconds, Stopping threads took: 0,0000943 seconds
2015-12-01T18:06:28.831-0500: 19046,309: Total time for which application threads were stopped: 0,0001116 seconds, Stopping threads took: 0,0000360 seconds
2015-12-01T18:06:29.831-0500: 19047,309: Total time for which application threads were stopped: 0,0001884 seconds, Stopping threads took: 0,0000468 seconds
2015-12-01T18:06:30.767-0500: 19048,245: Total time for which application threads were stopped: 0,0000944 seconds, Stopping threads took: 0,0000301 seconds
2015-12-01T18:06:37.922-0500: 19055,400: Total time for which application threads were stopped: 0,0001103 seconds, Stopping threads took: 0,0000489 seconds
2015-12-01T18:06:38.922-0500: 19056,400: Total time for which application threads were stopped: 0,0000774 seconds, Stopping threads took: 0,0000196 seconds
2015-12-01T18:07:20.395-0500: 19097,873: Total time for which application threads were stopped: 0,0001013 seconds, Stopping threads took: 0,0000385 seconds
2015-12-01T18:09:38.092-0500: 19235,570: Total time for which application threads were stopped: 0,0001034 seconds, Stopping threads took: 0,0000400 seconds
2015-12-01T18:09:39.093-0500: 19236,571: Total time for which application threads were stopped: 0,0001904 seconds, Stopping threads took: 0,0000467 seconds
2015-12-01T18:09:39.328-0500: 19236,806: Total time for which application threads were stopped: 0,0001143 seconds, Stopping threads took: 0,0000274 seconds
2015-12-01T18:09:39.718-0500: 19237,196: Total time for which application threads were stopped: 0,0000961 seconds, Stopping threads took: 0,0000277 seconds
2015-12-01T18:09:39.993-0500: 19237,471: Total time for which application threads were stopped: 0,0000910 seconds, Stopping threads took: 0,0000183 seconds
2015-12-01T18:09:40.423-0500: 19237,901: Total time for which application threads were stopped: 0,0000934 seconds, Stopping threads took: 0,0000268 seconds
2015-12-01T18:09:40.660-0500: 19238,138: Total time for which application threads were stopped: 0,0000860 seconds, Stopping threads took: 0,0000197 seconds
2015-12-01T18:09:40.863-0500: 19238,341: Total time for which application threads were stopped: 0,0001044 seconds, Stopping threads took: 0,0000157 seconds
2015-12-01T18:12:42.873-0500: 19420,352: Total time for which application threads were stopped: 0,0001059 seconds, Stopping threads took: 0,0000404 seconds
2015-12-01T18:12:43.874-0500: 19421,352: Total time for which application threads were stopped: 0,0000830 seconds, Stopping threads took: 0,0000206 seconds
2015-12-01T18:12:46.822-0500: 19424,300: Total time for which application threads were stopped: 0,0000917 seconds, Stopping threads took: 0,0000281 seconds
2015-12-01T18:12:47.823-0500: 19425,301: Total time for which application threads were stopped: 0,0000871 seconds, Stopping threads took: 0,0000205 seconds
2015-12-01T18:12:49.320-0500: 19426,798: Total time for which application threads were stopped: 0,0001321 seconds, Stopping threads took: 0,0000256 seconds
2015-12-01T18:12:50.320-0500: 19427,798: Total time for which application threads were stopped: 0,0000806 seconds, Stopping threads took: 0,0000225 seconds
2015-12-01T18:12:56.893-0500: 19434,371: Total time for which application threads were stopped: 0,0001113 seconds, Stopping threads took: 0,0000406 seconds
2015-12-01T18:12:57.893-0500: 19435,371: Total time for which application threads were stopped: 0,0000792 seconds, Stopping threads took: 0,0000214 seconds
2015-12-01T18:13:17.078-0500: 19454,556: Total time for which application threads were stopped: 0,0001253 seconds, Stopping threads took: 0,0000360 seconds
2015-12-01T18:13:18.078-0500: 19455,556: Total time for which application threads were stopped: 0,0000897 seconds, Stopping threads took: 0,0000231 seconds
2015-12-01T18:14:21.367-0500: 19518,845: Total time for which application threads were stopped: 0,0001120 seconds, Stopping threads took: 0,0000436 seconds
2015-12-01T18:14:22.364-0500: 19519,842: Total time for which application threads were stopped: 0,0002379 seconds, Stopping threads took: 0,0000273 seconds
2015-12-01T18:14:22.683-0500: 19520,161: Total time for which application threads were stopped: 0,0001008 seconds, Stopping threads took: 0,0000312 seconds
2015-12-01T18:14:23.683-0500: 19521,161: Total time for which application threads were stopped: 0,0000779 seconds, Stopping threads took: 0,0000211 seconds
2015-12-01T18:15:41.654-0500: 19599,132: Total time for which application threads were stopped: 0,0001050 seconds, Stopping threads took: 0,0000392 seconds
2015-12-01T18:15:42.654-0500: 19600,133: Total time for which application threads were stopped: 0,0000855 seconds, Stopping threads took: 0,0000200 seconds
2015-12-01T18:15:43.957-0500: 19601,435: Total time for which application threads were stopped: 0,0000998 seconds, Stopping threads took: 0,0000192 seconds
2015-12-01T18:15:44.957-0500: 19602,435: Total time for which application threads were stopped: 0,0001242 seconds, Stopping threads took: 0,0000369 seconds
2015-12-01T18:15:56.247-0500: 19613,725: Total time for which application threads were stopped: 0,0001727 seconds, Stopping threads took: 0,0000378 seconds
2015-12-01T18:15:57.247-0500: 19614,725: Total time for which application threads were stopped: 0,0001092 seconds, Stopping threads took: 0,0000275 seconds
2015-12-01T18:15:58.235-0500: 19615,713: Total time for which application threads were stopped: 0,0001185 seconds, Stopping threads took: 0,0000316 seconds
2015-12-01T18:15:59.235-0500: 19616,713: Total time for which application threads were stopped: 0,0000934 seconds, Stopping threads took: 0,0000218 seconds
2015-12-01T18:18:57.928-0500: 19795,406: Total time for which application threads were stopped: 0,0001059 seconds, Stopping threads took: 0,0000424 seconds
2015-12-01T18:18:57.948-0500: 19795,426: Total time for which application threads were stopped: 0,0006054 seconds, Stopping threads took: 0,0000278 seconds
2015-12-01T18:19:00.436-0500: 19797,914: Total time for which application threads were stopped: 0,0000875 seconds, Stopping threads took: 0,0000195 seconds
2015-12-01T18:19:01.437-0500: 19798,915: Total time for which application threads were stopped: 0,0001108 seconds, Stopping threads took: 0,0000280 seconds
2015-12-01T18:20:34.009-0500: 19891,487: Total time for which application threads were stopped: 0,0001049 seconds, Stopping threads took: 0,0000396 seconds
2015-12-01T18:20:35.009-0500: 19892,487: Total time for which application threads were stopped: 0,0000799 seconds, Stopping threads took: 0,0000211 seconds
2015-12-01T18:20:35.741-0500: 19893,219: Total time for which application threads were stopped: 0,0000906 seconds, Stopping threads took: 0,0000246 seconds
2015-12-01T18:20:36.741-0500: 19894,219: Total time for which application threads were stopped: 0,0001877 seconds, Stopping threads took: 0,0000421 seconds
2015-12-01T18:23:27.407-0500: 20064,885: Total time for which application threads were stopped: 0,0001096 seconds, Stopping threads took: 0,0000449 seconds
2015-12-01T18:23:28.407-0500: 20065,885: Total time for which application threads were stopped: 0,0001119 seconds, Stopping threads took: 0,0000280 seconds
2015-12-01T18:23:28.457-0500: 20065,935: Total time for which application threads were stopped: 0,0000921 seconds, Stopping threads took: 0,0000258 seconds
2015-12-01T18:23:28.869-0500: 20066,347: Total time for which application threads were stopped: 0,0001011 seconds, Stopping threads took: 0,0000300 seconds
2015-12-01T18:23:29.085-0500: 20066,563: Total time for which application threads were stopped: 0,0001144 seconds, Stopping threads took: 0,0000349 seconds
2015-12-01T18:23:29.449-0500: 20066,927: Total time for which application threads were stopped: 0,0001029 seconds, Stopping threads took: 0,0000298 seconds
2015-12-01T18:23:29.623-0500: 20067,101: Total time for which application threads were stopped: 0,0001045 seconds, Stopping threads took: 0,0000343 seconds
2015-12-01T18:23:29.805-0500: 20067,283: Total time for which application threads were stopped: 0,0001091 seconds, Stopping threads took: 0,0000358 seconds
{Heap before GC invocations=33 (full 2):
 par new generation   total 109248K, used 97423K [0x00000000e0000000, 0x00000000e8000000, 0x00000000e8000000)
  eden space 87424K, 100% used [0x00000000e0000000, 0x00000000e5560000, 0x00000000e5560000)
  from space 21824K,  45% used [0x00000000e6ab0000, 0x00000000e7473e68, 0x00000000e8000000)
  to   space 21824K,   0% used [0x00000000e5560000, 0x00000000e5560000, 0x00000000e6ab0000)
 concurrent mark-sweep generation total 393216K, used 16877K [0x00000000e8000000, 0x0000000100000000, 0x0000000100000000)
 Metaspace       used 44240K, capacity 44936K, committed 45028K, reserved 1089536K
  class space    used 4370K, capacity 4578K, committed 4632K, reserved 1048576K
2015-12-01T18:23:29.807-0500: 20067,285: [GC (Allocation Failure) 2015-12-01T18:23:29.807-0500: 20067,285: [ParNew
Desired survivor size 20112992 bytes, new threshold 8 (max 8)
- age   1:    2300872 bytes,    2300872 total
- age   2:      78480 bytes,    2379352 total
- age   3:    1033464 bytes,    3412816 total
- age   4:     477568 bytes,    3890384 total
- age   5:     147848 bytes,    4038232 total
- age   6:    1858328 bytes,    5896560 total
- age   7:     582792 bytes,    6479352 total
- age   8:     143632 bytes,    6622984 total
: 97423K->8673K(109248K), 0,0994204 secs] 114301K->26845K(502464K), 0,0995146 secs] [Times: user=0,10 sys=0,01, real=0,10 secs] 
Heap after GC invocations=34 (full 2):
 par new generation   total 109248K, used 8673K [0x00000000e0000000, 0x00000000e8000000, 0x00000000e8000000)
  eden space 87424K,   0% used [0x00000000e0000000, 0x00000000e0000000, 0x00000000e5560000)
  from space 21824K,  39% used [0x00000000e5560000, 0x00000000e5dd86b0, 0x00000000e6ab0000)
  to   space 21824K,   0% used [0x00000000e6ab0000, 0x00000000e6ab0000, 0x00000000e8000000)
 concurrent mark-sweep generation total 393216K, used 18171K [0x00000000e8000000, 0x0000000100000000, 0x0000000100000000)
 Metaspace       used 44240K, capacity 44936K, committed 45028K, reserved 1089536K
  class space    used 4370K, capacity 4578K, committed 4632K, reserved 1048576K
}
2015-12-01T18:23:29.906-0500: 20067,384: Total time for which application threads were stopped: 0,0996832 seconds, Stopping threads took: 0,0000189 seconds
2015-12-01T18:23:29.907-0500: 20067,385: Total time for which application threads were stopped: 0,0006186 seconds, Stopping threads took: 0,0000972 seconds
2015-12-01T18:23:29.909-0500: 20067,387: Total time for which application threads were stopped: 0,0001296 seconds, Stopping threads took: 0,0000759 seconds
2015-12-01T18:23:30.027-0500: 20067,505: Total time for which application threads were stopped: 0,0001032 seconds, Stopping threads took: 0,0000255 seconds
2015-12-01T18:23:30.183-0500: 20067,661: Total time for which application threads were stopped: 0,0000949 seconds, Stopping threads took: 0,0000196 seconds
2015-12-01T18:23:30.335-0500: 20067,813: Total time for which application threads were stopped: 0,0001023 seconds, Stopping threads took: 0,0000351 seconds
2015-12-01T18:23:30.533-0500: 20068,011: Total time for which application threads were stopped: 0,0001050 seconds, Stopping threads took: 0,0000337 seconds
2015-12-01T18:23:30.678-0500: 20068,156: Total time for which application threads were stopped: 0,0001648 seconds, Stopping threads took: 0,0000359 seconds
2015-12-01T18:25:25.129-0500: 20182,607: Total time for which application threads were stopped: 0,0001140 seconds, Stopping threads took: 0,0000404 seconds
2015-12-01T18:25:26.129-0500: 20183,607: Total time for which application threads were stopped: 0,0000905 seconds, Stopping threads took: 0,0000229 seconds
2015-12-01T18:26:08.500-0500: 20225,978: Total time for which application threads were stopped: 0,0001191 seconds, Stopping threads took: 0,0000348 seconds
2015-12-01T18:26:09.500-0500: 20226,978: Total time for which application threads were stopped: 0,0001704 seconds, Stopping threads took: 0,0000451 seconds
2015-12-01T18:32:53.571-0500: 20631,049: Total time for which application threads were stopped: 0,0001131 seconds, Stopping threads took: 0,0000438 seconds
2015-12-01T18:32:54.571-0500: 20632,050: Total time for which application threads were stopped: 0,0000913 seconds, Stopping threads took: 0,0000232 seconds
2015-12-01T18:32:55.215-0500: 20632,693: Total time for which application threads were stopped: 0,0001059 seconds, Stopping threads took: 0,0000226 seconds
2015-12-01T18:32:55.631-0500: 20633,109: Total time for which application threads were stopped: 0,0000990 seconds, Stopping threads took: 0,0000294 seconds
2015-12-01T18:32:55.976-0500: 20633,454: Total time for which application threads were stopped: 0,0001050 seconds, Stopping threads took: 0,0000273 seconds
2015-12-01T18:32:56.282-0500: 20633,761: Total time for which application threads were stopped: 0,0000889 seconds, Stopping threads took: 0,0000202 seconds
2015-12-01T18:32:56.492-0500: 20633,970: Total time for which application threads were stopped: 0,0000950 seconds, Stopping threads took: 0,0000218 seconds
2015-12-01T18:32:56.671-0500: 20634,149: Total time for which application threads were stopped: 0,0001004 seconds, Stopping threads took: 0,0000300 seconds
2015-12-01T18:32:57.046-0500: 20634,525: Total time for which application threads were stopped: 0,0001421 seconds, Stopping threads took: 0,0000418 seconds
2015-12-01T18:32:57.571-0500: 20635,049: Total time for which application threads were stopped: 0,0001059 seconds, Stopping threads took: 0,0000247 seconds
2015-12-01T18:32:58.098-0500: 20635,576: Total time for which application threads were stopped: 0,0001138 seconds, Stopping threads took: 0,0000224 seconds
2015-12-01T18:32:58.246-0500: 20635,724: Total time for which application threads were stopped: 0,0000842 seconds, Stopping threads took: 0,0000189 seconds
2015-12-01T18:32:58.421-0500: 20635,899: Total time for which application threads were stopped: 0,0000841 seconds, Stopping threads took: 0,0000190 seconds
2015-12-01T18:32:58.559-0500: 20636,037: Total time for which application threads were stopped: 0,0000984 seconds, Stopping threads took: 0,0000304 seconds
2015-12-01T18:32:58.807-0500: 20636,285: Total time for which application threads were stopped: 0,0001033 seconds, Stopping threads took: 0,0000308 seconds
2015-12-01T18:32:59.511-0500: 20636,989: Total time for which application threads were stopped: 0,0000966 seconds, Stopping threads took: 0,0000282 seconds
2015-12-01T18:33:00.206-0500: 20637,684: Total time for which application threads were stopped: 0,0001067 seconds, Stopping threads took: 0,0000228 seconds
2015-12-01T18:33:00.872-0500: 20638,350: Total time for which application threads were stopped: 0,0001332 seconds, Stopping threads took: 0,0000331 seconds
2015-12-01T18:33:47.278-0500: 20684,756: Total time for which application threads were stopped: 0,0003822 seconds, Stopping threads took: 0,0001205 seconds
2015-12-01T18:33:48.278-0500: 20685,756: Total time for which application threads were stopped: 0,0001805 seconds, Stopping threads took: 0,0000450 seconds
2015-12-01T18:34:47.230-0500: 20744,708: Total time for which application threads were stopped: 0,0001466 seconds, Stopping threads took: 0,0000506 seconds
2015-12-01T18:34:48.194-0500: 20745,672: Total time for which application threads were stopped: 0,0001159 seconds, Stopping threads took: 0,0000237 seconds
2015-12-01T18:35:43.972-0500: 20801,450: Total time for which application threads were stopped: 0,0001377 seconds, Stopping threads took: 0,0000390 seconds
2015-12-01T18:35:44.972-0500: 20802,450: Total time for which application threads were stopped: 0,0000736 seconds, Stopping threads took: 0,0000192 seconds
2015-12-01T18:35:50.997-0500: 20808,475: Total time for which application threads were stopped: 0,0001001 seconds, Stopping threads took: 0,0000204 seconds
2015-12-01T18:35:51.393-0500: 20808,871: Total time for which application threads were stopped: 0,0001007 seconds, Stopping threads took: 0,0000300 seconds
2015-12-01T18:35:52.355-0500: 20809,833: Total time for which application threads were stopped: 0,0001312 seconds, Stopping threads took: 0,0000281 seconds
2015-12-01T18:35:52.794-0500: 20810,273: Total time for which application threads were stopped: 0,0000967 seconds, Stopping threads took: 0,0000283 seconds
2015-12-01T18:35:52.977-0500: 20810,455: Total time for which application threads were stopped: 0,0001577 seconds, Stopping threads took: 0,0000312 seconds
2015-12-01T18:35:53.123-0500: 20810,601: Total time for which application threads were stopped: 0,0001055 seconds, Stopping threads took: 0,0000281 seconds
2015-12-01T18:35:53.343-0500: 20810,821: Total time for which application threads were stopped: 0,0001021 seconds, Stopping threads took: 0,0000263 seconds
2015-12-01T18:35:53.587-0500: 20811,065: Total time for which application threads were stopped: 0,0000963 seconds, Stopping threads took: 0,0000301 seconds
2015-12-01T18:35:53.769-0500: 20811,247: Total time for which application threads were stopped: 0,0000990 seconds, Stopping threads took: 0,0000286 seconds
2015-12-01T18:40:08.553-0500: 21066,031: Total time for which application threads were stopped: 0,0000995 seconds, Stopping threads took: 0,0000363 seconds
2015-12-01T18:40:08.553-0500: 21066,032: Total time for which application threads were stopped: 0,0000583 seconds, Stopping threads took: 0,0000202 seconds
2015-12-01T18:40:08.563-0500: 21066,041: Total time for which application threads were stopped: 0,0000785 seconds, Stopping threads took: 0,0000191 seconds
2015-12-01T18:40:08.768-0500: 21066,246: Total time for which application threads were stopped: 0,0001076 seconds, Stopping threads took: 0,0000227 seconds
2015-12-01T18:40:08.769-0500: 21066,247: Total time for which application threads were stopped: 0,0001080 seconds, Stopping threads took: 0,0000182 seconds
2015-12-01T18:40:08.800-0500: 21066,278: Total time for which application threads were stopped: 0,0001239 seconds, Stopping threads took: 0,0000203 seconds
2015-12-01T18:40:08.845-0500: 21066,323: Total time for which application threads were stopped: 0,0001123 seconds, Stopping threads took: 0,0000204 seconds
2015-12-01T18:40:08.845-0500: 21066,323: Total time for which application threads were stopped: 0,0000567 seconds, Stopping threads took: 0,0000089 seconds
2015-12-01T18:40:08.845-0500: 21066,323: Total time for which application threads were stopped: 0,0000421 seconds, Stopping threads took: 0,0000067 seconds
2015-12-01T18:40:08.852-0500: 21066,330: Total time for which application threads were stopped: 0,0000965 seconds, Stopping threads took: 0,0000157 seconds
2015-12-01T18:40:08.853-0500: 21066,331: Total time for which application threads were stopped: 0,0000893 seconds, Stopping threads took: 0,0000170 seconds
2015-12-01T18:40:08.853-0500: 21066,331: Total time for which application threads were stopped: 0,0000366 seconds, Stopping threads took: 0,0000089 seconds
2015-12-01T18:40:08.864-0500: 21066,342: Total time for which application threads were stopped: 0,0098443 seconds, Stopping threads took: 0,0097018 seconds
2015-12-01T18:40:09.585-0500: 21067,063: Total time for which application threads were stopped: 0,0001563 seconds, Stopping threads took: 0,0000206 seconds
2015-12-01T18:40:09.600-0500: 21067,078: Total time for which application threads were stopped: 0,0001056 seconds, Stopping threads took: 0,0000296 seconds
{Heap before GC invocations=34 (full 2):
 par new generation   total 109248K, used 96097K [0x00000000e0000000, 0x00000000e8000000, 0x00000000e8000000)
  eden space 87424K, 100% used [0x00000000e0000000, 0x00000000e5560000, 0x00000000e5560000)
  from space 21824K,  39% used [0x00000000e5560000, 0x00000000e5dd86b0, 0x00000000e6ab0000)
  to   space 21824K,   0% used [0x00000000e6ab0000, 0x00000000e6ab0000, 0x00000000e8000000)
 concurrent mark-sweep generation total 393216K, used 18171K [0x00000000e8000000, 0x0000000100000000, 0x0000000100000000)
 Metaspace       used 44405K, capacity 45160K, committed 45284K, reserved 1089536K
  class space    used 4375K, capacity 4610K, committed 4632K, reserved 1048576K
2015-12-01T18:40:14.894-0500: 21072,373: [GC (Allocation Failure) 2015-12-01T18:40:14.895-0500: 21072,373: [ParNew
Desired survivor size 20112992 bytes, new threshold 8 (max 8)
- age   1:    2000992 bytes,    2000992 total
- age   2:    1452624 bytes,    3453616 total
- age   3:      78480 bytes,    3532096 total
- age   4:     858304 bytes,    4390400 total
- age   5:       3072 bytes,    4393472 total
- age   6:       8448 bytes,    4401920 total
- age   7:    1355208 bytes,    5757128 total
- age   8:     549928 bytes,    6307056 total
: 96097K->7381K(109248K), 0,0225978 secs] 114269K->25696K(502464K), 0,0226879 secs] [Times: user=0,06 sys=0,00, real=0,03 secs] 
Heap after GC invocations=35 (full 2):
 par new generation   total 109248K, used 7381K [0x00000000e0000000, 0x00000000e8000000, 0x00000000e8000000)
  eden space 87424K,   0% used [0x00000000e0000000, 0x00000000e0000000, 0x00000000e5560000)
  from space 21824K,  33% used [0x00000000e6ab0000, 0x00000000e71e56c0, 0x00000000e8000000)
  to   space 21824K,   0% used [0x00000000e5560000, 0x00000000e5560000, 0x00000000e6ab0000)
 concurrent mark-sweep generation total 393216K, used 18314K [0x00000000e8000000, 0x0000000100000000, 0x0000000100000000)
 Metaspace       used 44405K, capacity 45160K, committed 45284K, reserved 1089536K
  class space    used 4375K, capacity 4610K, committed 4632K, reserved 1048576K
}
2015-12-01T18:40:14.917-0500: 21072,395: Total time for which application threads were stopped: 0,0228924 seconds, Stopping threads took: 0,0000329 seconds
2015-12-01T18:40:14.918-0500: 21072,396: Total time for which application threads were stopped: 0,0001611 seconds, Stopping threads took: 0,0000507 seconds
2015-12-01T18:40:14.918-0500: 21072,396: Total time for which application threads were stopped: 0,0001232 seconds, Stopping threads took: 0,0000160 seconds
{Heap before GC invocations=35 (full 2):
 par new generation   total 109248K, used 94805K [0x00000000e0000000, 0x00000000e8000000, 0x00000000e8000000)
  eden space 87424K, 100% used [0x00000000e0000000, 0x00000000e5560000, 0x00000000e5560000)
  from space 21824K,  33% used [0x00000000e6ab0000, 0x00000000e71e56c0, 0x00000000e8000000)
  to   space 21824K,   0% used [0x00000000e5560000, 0x00000000e5560000, 0x00000000e6ab0000)
 concurrent mark-sweep generation total 393216K, used 18314K [0x00000000e8000000, 0x0000000100000000, 0x0000000100000000)
 Metaspace       used 44407K, capacity 45160K, committed 45284K, reserved 1089536K
  class space    used 4375K, capacity 4610K, committed 4632K, reserved 1048576K
2015-12-01T18:40:14.956-0500: 21072,434: [GC (Allocation Failure) 2015-12-01T18:40:14.956-0500: 21072,434: [ParNew
Desired survivor size 20112992 bytes, new threshold 8 (max 8)
- age   1:     333024 bytes,     333024 total
- age   2:    1721640 bytes,    2054664 total
- age   3:    1451184 bytes,    3505848 total
- age   4:      78480 bytes,    3584328 total
- age   5:     833392 bytes,    4417720 total
- age   6:       3072 bytes,    4420792 total
- age   7:       8448 bytes,    4429240 total
- age   8:    1355208 bytes,    5784448 total
: 94805K->8159K(109248K), 0,0187725 secs] 113120K->27014K(502464K), 0,0188495 secs] [Times: user=0,05 sys=0,00, real=0,02 secs] 
Heap after GC invocations=36 (full 2):
 par new generation   total 109248K, used 8159K [0x00000000e0000000, 0x00000000e8000000, 0x00000000e8000000)
  eden space 87424K,   0% used [0x00000000e0000000, 0x00000000e0000000, 0x00000000e5560000)
  from space 21824K,  37% used [0x00000000e5560000, 0x00000000e5d57dc0, 0x00000000e6ab0000)
  to   space 21824K,   0% used [0x00000000e6ab0000, 0x00000000e6ab0000, 0x00000000e8000000)
 concurrent mark-sweep generation total 393216K, used 18855K [0x00000000e8000000, 0x0000000100000000, 0x0000000100000000)
 Metaspace       used 44407K, capacity 45160K, committed 45284K, reserved 1089536K
  class space    used 4375K, capacity 4610K, committed 4632K, reserved 1048576K
}
2015-12-01T18:40:14.975-0500: 21072,453: Total time for which application threads were stopped: 0,0190397 seconds, Stopping threads took: 0,0000372 seconds
2015-12-01T18:40:14.975-0500: 21072,453: Total time for which application threads were stopped: 0,0001367 seconds, Stopping threads took: 0,0000329 seconds
2015-12-01T18:40:14.975-0500: 21072,453: Total time for which application threads were stopped: 0,0001241 seconds, Stopping threads took: 0,0000195 seconds
2015-12-01T18:40:15.139-0500: 21072,617: Total time for which application threads were stopped: 0,0001148 seconds, Stopping threads took: 0,0000284 seconds
2015-12-01T18:40:15.225-0500: 21072,703: Total time for which application threads were stopped: 0,0001965 seconds, Stopping threads took: 0,0001082 seconds
2015-12-01T18:40:15.354-0500: 21072,832: Total time for which application threads were stopped: 0,0001732 seconds, Stopping threads took: 0,0000801 seconds
2015-12-01T18:40:15.354-0500: 21072,832: Total time for which application threads were stopped: 0,0000611 seconds, Stopping threads took: 0,0000235 seconds
2015-12-01T18:40:15.361-0500: 21072,839: Total time for which application threads were stopped: 0,0000924 seconds, Stopping threads took: 0,0000219 seconds
2015-12-01T18:40:16.890-0500: 21074,368: Total time for which application threads were stopped: 0,0003786 seconds, Stopping threads took: 0,0000372 seconds
2015-12-01T18:40:16.892-0500: 21074,370: Total time for which application threads were stopped: 0,0002352 seconds, Stopping threads took: 0,0001435 seconds
2015-12-01T18:40:16.892-0500: 21074,370: Total time for which application threads were stopped: 0,0000685 seconds, Stopping threads took: 0,0000142 seconds
2015-12-01T18:40:16.943-0500: 21074,421: Total time for which application threads were stopped: 0,0001192 seconds, Stopping threads took: 0,0000308 seconds
2015-12-01T18:40:16.943-0500: 21074,421: Total time for which application threads were stopped: 0,0000899 seconds, Stopping threads took: 0,0000308 seconds
2015-12-01T18:40:16.983-0500: 21074,461: Total time for which application threads were stopped: 0,0001902 seconds, Stopping threads took: 0,0000927 seconds
2015-12-01T18:40:16.983-0500: 21074,461: Total time for which application threads were stopped: 0,0000983 seconds, Stopping threads took: 0,0000432 seconds
2015-12-01T18:40:17.606-0500: 21075,084: Total time for which application threads were stopped: 0,0001852 seconds, Stopping threads took: 0,0000409 seconds
2015-12-01T18:40:17.639-0500: 21075,117: Total time for which application threads were stopped: 0,0001502 seconds, Stopping threads took: 0,0000293 seconds
2015-12-01T18:40:17.649-0500: 21075,127: Total time for which application threads were stopped: 0,0001388 seconds, Stopping threads took: 0,0000258 seconds
2015-12-01T18:40:17.649-0500: 21075,127: Total time for which application threads were stopped: 0,0000770 seconds, Stopping threads took: 0,0000155 seconds
2015-12-01T18:40:17.649-0500: 21075,127: Total time for which application threads were stopped: 0,0000598 seconds, Stopping threads took: 0,0000092 seconds
2015-12-01T18:40:17.649-0500: 21075,127: Total time for which application threads were stopped: 0,0000948 seconds, Stopping threads took: 0,0000165 seconds
2015-12-01T18:40:17.650-0500: 21075,128: Total time for which application threads were stopped: 0,0002134 seconds, Stopping threads took: 0,0000090 seconds
2015-12-01T18:40:17.650-0500: 21075,128: Total time for which application threads were stopped: 0,0000642 seconds, Stopping threads took: 0,0000083 seconds
2015-12-01T18:40:17.650-0500: 21075,128: Total time for which application threads were stopped: 0,0000676 seconds, Stopping threads took: 0,0000096 seconds
2015-12-01T18:40:17.651-0500: 21075,129: Total time for which application threads were stopped: 0,0000928 seconds, Stopping threads took: 0,0000163 seconds
2015-12-01T18:40:19.662-0500: 21077,140: Total time for which application threads were stopped: 0,0000992 seconds, Stopping threads took: 0,0000200 seconds
2015-12-01T18:40:20.239-0500: 21077,717: Total time for which application threads were stopped: 0,0000969 seconds, Stopping threads took: 0,0000295 seconds
2015-12-01T18:40:20.334-0500: 21077,812: Total time for which application threads were stopped: 0,0000824 seconds, Stopping threads took: 0,0000206 seconds
2015-12-01T18:40:20.334-0500: 21077,812: Total time for which application threads were stopped: 0,0000495 seconds, Stopping threads took: 0,0000203 seconds
2015-12-01T18:40:20.334-0500: 21077,812: Total time for which application threads were stopped: 0,0000575 seconds, Stopping threads took: 0,0000298 seconds
2015-12-01T18:40:20.410-0500: 21077,888: Total time for which application threads were stopped: 0,0000891 seconds, Stopping threads took: 0,0000304 seconds
2015-12-01T18:40:20.410-0500: 21077,888: Total time for which application threads were stopped: 0,0000586 seconds, Stopping threads took: 0,0000303 seconds
2015-12-01T18:40:20.419-0500: 21077,897: Total time for which application threads were stopped: 0,0000498 seconds, Stopping threads took: 0,0000125 seconds
2015-12-01T18:40:20.424-0500: 21077,902: Total time for which application threads were stopped: 0,0000535 seconds, Stopping threads took: 0,0000191 seconds
2015-12-01T18:40:20.424-0500: 21077,902: Total time for which application threads were stopped: 0,0000297 seconds, Stopping threads took: 0,0000070 seconds
2015-12-01T18:40:20.424-0500: 21077,903: Total time for which application threads were stopped: 0,0000480 seconds, Stopping threads took: 0,0000080 seconds
2015-12-01T18:40:20.434-0500: 21077,912: Total time for which application threads were stopped: 0,0001514 seconds, Stopping threads took: 0,0000353 seconds
2015-12-01T18:40:20.453-0500: 21077,931: Total time for which application threads were stopped: 0,0000858 seconds, Stopping threads took: 0,0000167 seconds
2015-12-01T18:40:20.453-0500: 21077,931: Total time for which application threads were stopped: 0,0000544 seconds, Stopping threads took: 0,0000162 seconds
2015-12-01T18:40:20.472-0500: 21077,950: Total time for which application threads were stopped: 0,0000587 seconds, Stopping threads took: 0,0000217 seconds
2015-12-01T18:40:21.472-0500: 21078,950: Total time for which application threads were stopped: 0,0001415 seconds, Stopping threads took: 0,0000308 seconds
2015-12-01T18:40:21.689-0500: 21079,167: Total time for which application threads were stopped: 0,0001487 seconds, Stopping threads took: 0,0000328 seconds
2015-12-01T18:40:22.845-0500: 21080,323: Total time for which application threads were stopped: 0,0000944 seconds, Stopping threads took: 0,0000205 seconds
2015-12-01T18:40:22.856-0500: 21080,334: Total time for which application threads were stopped: 0,0000949 seconds, Stopping threads took: 0,0000296 seconds
2015-12-01T18:40:23.608-0500: 21081,086: Total time for which application threads were stopped: 0,0001582 seconds, Stopping threads took: 0,0000252 seconds
2015-12-01T18:40:23.610-0500: 21081,088: Total time for which application threads were stopped: 0,0000809 seconds, Stopping threads took: 0,0000205 seconds
2015-12-01T18:40:23.610-0500: 21081,088: Total time for which application threads were stopped: 0,0000574 seconds, Stopping threads took: 0,0000298 seconds
2015-12-01T18:40:23.611-0500: 21081,089: Total time for which application threads were stopped: 0,0000717 seconds, Stopping threads took: 0,0000302 seconds
2015-12-01T18:40:23.611-0500: 21081,089: Total time for which application threads were stopped: 0,0000463 seconds, Stopping threads took: 0,0000188 seconds
2015-12-01T18:40:43.613-0500: 21101,091: Total time for which application threads were stopped: 0,0001278 seconds, Stopping threads took: 0,0000445 seconds
2015-12-01T18:41:08.475-0500: 21125,953: Total time for which application threads were stopped: 0,0001315 seconds, Stopping threads took: 0,0000400 seconds
2015-12-01T18:41:09.476-0500: 21126,954: Total time for which application threads were stopped: 0,0001635 seconds, Stopping threads took: 0,0000376 seconds
2015-12-01T18:41:10.075-0500: 21127,553: Total time for which application threads were stopped: 0,0001173 seconds, Stopping threads took: 0,0000212 seconds
2015-12-01T18:41:10.076-0500: 21127,554: Total time for which application threads were stopped: 0,0000695 seconds, Stopping threads took: 0,0000137 seconds
2015-12-01T18:41:10.078-0500: 21127,556: Total time for which application threads were stopped: 0,0000863 seconds, Stopping threads took: 0,0000167 seconds
2015-12-01T18:41:10.078-0500: 21127,556: Total time for which application threads were stopped: 0,0000473 seconds, Stopping threads took: 0,0000093 seconds
2015-12-01T18:41:10.078-0500: 21127,557: Total time for which application threads were stopped: 0,0000604 seconds, Stopping threads took: 0,0000111 seconds
2015-12-01T18:41:16.944-0500: 21134,422: Total time for which application threads were stopped: 0,0000967 seconds, Stopping threads took: 0,0000243 seconds
2015-12-01T18:41:16.983-0500: 21134,461: Total time for which application threads were stopped: 0,0000905 seconds, Stopping threads took: 0,0000219 seconds
2015-12-01T18:41:20.853-0500: 21138,331: Total time for which application threads were stopped: 0,0001093 seconds, Stopping threads took: 0,0000291 seconds
2015-12-01T18:41:21.853-0500: 21139,331: Total time for which application threads were stopped: 0,0001205 seconds, Stopping threads took: 0,0000319 seconds
2015-12-01T18:41:40.400-0500: 21157,878: Total time for which application threads were stopped: 0,0007605 seconds, Stopping threads took: 0,0000257 seconds
2015-12-01T18:41:41.401-0500: 21158,879: Total time for which application threads were stopped: 0,0001399 seconds, Stopping threads took: 0,0000265 seconds
{Heap before GC invocations=36 (full 2):
 par new generation   total 109248K, used 95583K [0x00000000e0000000, 0x00000000e8000000, 0x00000000e8000000)
  eden space 87424K, 100% used [0x00000000e0000000, 0x00000000e5560000, 0x00000000e5560000)
  from space 21824K,  37% used [0x00000000e5560000, 0x00000000e5d57dc0, 0x00000000e6ab0000)
  to   space 21824K,   0% used [0x00000000e6ab0000, 0x00000000e6ab0000, 0x00000000e8000000)
 concurrent mark-sweep generation total 393216K, used 18855K [0x00000000e8000000, 0x0000000100000000, 0x0000000100000000)
 Metaspace       used 46027K, capacity 46876K, committed 46948K, reserved 1091584K
  class space    used 4473K, capacity 4714K, committed 4760K, reserved 1048576K
2015-12-01T18:41:46.560-0500: 21164,038: [GC (Allocation Failure) 2015-12-01T18:41:46.560-0500: 21164,038: [ParNew
Desired survivor size 20112992 bytes, new threshold 8 (max 8)
- age   1:    2850016 bytes,    2850016 total
- age   2:      78824 bytes,    2928840 total
- age   3:     874616 bytes,    3803456 total
- age   4:     992136 bytes,    4795592 total
- age   5:      78480 bytes,    4874072 total
- age   6:     833144 bytes,    5707216 total
- age   7:       3072 bytes,    5710288 total
- age   8:       8448 bytes,    5718736 total
: 95583K->6956K(109248K), 0,0424875 secs] 114438K->27141K(502464K), 0,0425774 secs] [Times: user=0,07 sys=0,01, real=0,04 secs] 
Heap after GC invocations=37 (full 2):
 par new generation   total 109248K, used 6956K [0x00000000e0000000, 0x00000000e8000000, 0x00000000e8000000)
  eden space 87424K,   0% used [0x00000000e0000000, 0x00000000e0000000, 0x00000000e5560000)
  from space 21824K,  31% used [0x00000000e6ab0000, 0x00000000e717b1c0, 0x00000000e8000000)
  to   space 21824K,   0% used [0x00000000e5560000, 0x00000000e5560000, 0x00000000e6ab0000)
 concurrent mark-sweep generation total 393216K, used 20185K [0x00000000e8000000, 0x0000000100000000, 0x0000000100000000)
 Metaspace       used 46027K, capacity 46876K, committed 46948K, reserved 1091584K
  class space    used 4473K, capacity 4714K, committed 4760K, reserved 1048576K
}
2015-12-01T18:41:46.602-0500: 21164,080: Total time for which application threads were stopped: 0,0428252 seconds, Stopping threads took: 0,0000685 seconds
2015-12-01T18:41:46.606-0500: 21164,084: Total time for which application threads were stopped: 0,0011422 seconds, Stopping threads took: 0,0010429 seconds
2015-12-01T18:41:46.700-0500: 21164,178: Total time for which application threads were stopped: 0,0002268 seconds, Stopping threads took: 0,0000224 seconds
2015-12-01T18:41:50.972-0500: 21168,450: Total time for which application threads were stopped: 0,0001189 seconds, Stopping threads took: 0,0000256 seconds
2015-12-01T18:41:50.972-0500: 21168,450: Total time for which application threads were stopped: 0,0000869 seconds, Stopping threads took: 0,0000397 seconds
2015-12-01T18:43:10.980-0500: 21248,458: Total time for which application threads were stopped: 0,0000900 seconds, Stopping threads took: 0,0000319 seconds
2015-12-01T18:44:39.991-0500: 21337,469: Total time for which application threads were stopped: 0,0000754 seconds, Stopping threads took: 0,0000199 seconds
2015-12-01T18:45:16.808-0500: 21374,286: Total time for which application threads were stopped: 0,0001222 seconds, Stopping threads took: 0,0000395 seconds
2015-12-01T18:45:18.822-0500: 21376,300: Total time for which application threads were stopped: 0,0002036 seconds, Stopping threads took: 0,0000447 seconds
2015-12-01T18:45:34.824-0500: 21392,302: Total time for which application threads were stopped: 0,0002030 seconds, Stopping threads took: 0,0000724 seconds
2015-12-01T18:46:17.829-0500: 21435,307: Total time for which application threads were stopped: 0,0003792 seconds, Stopping threads took: 0,0001373 seconds
2015-12-01T18:46:24.721-0500: 21442,199: Total time for which application threads were stopped: 0,0000944 seconds, Stopping threads took: 0,0000211 seconds
2015-12-01T18:46:24.760-0500: 21442,238: Total time for which application threads were stopped: 0,0001079 seconds, Stopping threads took: 0,0000263 seconds
{Heap before GC invocations=37 (full 2):
 par new generation   total 109248K, used 94376K [0x00000000e0000000, 0x00000000e8000000, 0x00000000e8000000)
  eden space 87424K,  99% used [0x00000000e0000000, 0x00000000e555eee0, 0x00000000e5560000)
  from space 21824K,  31% used [0x00000000e6ab0000, 0x00000000e717b1c0, 0x00000000e8000000)
  to   space 21824K,   0% used [0x00000000e5560000, 0x00000000e5560000, 0x00000000e6ab0000)
 concurrent mark-sweep generation total 393216K, used 20185K [0x00000000e8000000, 0x0000000100000000, 0x0000000100000000)
 Metaspace       used 46039K, capacity 46876K, committed 46948K, reserved 1091584K
  class space    used 4474K, capacity 4714K, committed 4760K, reserved 1048576K
2015-12-01T18:46:24.847-0500: 21442,325: [GC (Allocation Failure) 2015-12-01T18:46:24.847-0500: 21442,325: [ParNew
Desired survivor size 20112992 bytes, new threshold 8 (max 8)
- age   1:    2355848 bytes,    2355848 total
- age   2:    1808696 bytes,    4164544 total
- age   3:      78824 bytes,    4243368 total
- age   4:     810944 bytes,    5054312 total
- age   5:     214496 bytes,    5268808 total
- age   6:        880 bytes,    5269688 total
- age   7:     235272 bytes,    5504960 total
- age   8:       3072 bytes,    5508032 total
: 94376K->8851K(109248K), 0,0657953 secs] 114561K->29045K(502464K), 0,0658748 secs] [Times: user=0,08 sys=0,00, real=0,07 secs] 
Heap after GC invocations=38 (full 2):
 par new generation   total 109248K, used 8851K [0x00000000e0000000, 0x00000000e8000000, 0x00000000e8000000)
  eden space 87424K,   0% used [0x00000000e0000000, 0x00000000e0000000, 0x00000000e5560000)
  from space 21824K,  40% used [0x00000000e5560000, 0x00000000e5e04ea8, 0x00000000e6ab0000)
  to   space 21824K,   0% used [0x00000000e6ab0000, 0x00000000e6ab0000, 0x00000000e8000000)
 concurrent mark-sweep generation total 393216K, used 20193K [0x00000000e8000000, 0x0000000100000000, 0x0000000100000000)
 Metaspace       used 46039K, capacity 46876K, committed 46948K, reserved 1091584K
  class space    used 4474K, capacity 4714K, committed 4760K, reserved 1048576K
}
2015-12-01T18:46:24.913-0500: 21442,391: Total time for which application threads were stopped: 0,0929310 seconds, Stopping threads took: 0,0268950 seconds
2015-12-01T18:46:24.932-0500: 21442,410: Total time for which application threads were stopped: 0,0184756 seconds, Stopping threads took: 0,0000299 seconds
2015-12-01T18:46:24.934-0500: 21442,412: Total time for which application threads were stopped: 0,0017713 seconds, Stopping threads took: 0,0000207 seconds
{Heap before GC invocations=38 (full 2):
 par new generation   total 109248K, used 96275K [0x00000000e0000000, 0x00000000e8000000, 0x00000000e8000000)
  eden space 87424K, 100% used [0x00000000e0000000, 0x00000000e5560000, 0x00000000e5560000)
  from space 21824K,  40% used [0x00000000e5560000, 0x00000000e5e04ea8, 0x00000000e6ab0000)
  to   space 21824K,   0% used [0x00000000e6ab0000, 0x00000000e6ab0000, 0x00000000e8000000)
 concurrent mark-sweep generation total 393216K, used 20193K [0x00000000e8000000, 0x0000000100000000, 0x0000000100000000)
 Metaspace       used 46039K, capacity 46876K, committed 46948K, reserved 1091584K
  class space    used 4474K, capacity 4714K, committed 4760K, reserved 1048576K
2015-12-01T18:46:24.978-0500: 21442,456: [GC (Allocation Failure) 2015-12-01T18:46:24.978-0500: 21442,456: [ParNew
Desired survivor size 20112992 bytes, new threshold 8 (max 8)
- age   1:     145728 bytes,     145728 total
- age   2:    1662832 bytes,    1808560 total
- age   3:    1808176 bytes,    3616736 total
- age   4:      78824 bytes,    3695560 total
- age   5:     810944 bytes,    4506504 total
- age   6:     214384 bytes,    4720888 total
- age   7:        880 bytes,    4721768 total
- age   8:     235272 bytes,    4957040 total
: 96275K->5870K(109248K), 0,0060286 secs] 116469K->26067K(502464K), 0,0061242 secs] [Times: user=0,02 sys=0,00, real=0,00 secs] 
Heap after GC invocations=39 (full 2):
 par new generation   total 109248K, used 5870K [0x00000000e0000000, 0x00000000e8000000, 0x00000000e8000000)
  eden space 87424K,   0% used [0x00000000e0000000, 0x00000000e0000000, 0x00000000e5560000)
  from space 21824K,  26% used [0x00000000e6ab0000, 0x00000000e706bb40, 0x00000000e8000000)
  to   space 21824K,   0% used [0x00000000e5560000, 0x00000000e5560000, 0x00000000e6ab0000)
 concurrent mark-sweep generation total 393216K, used 20197K [0x00000000e8000000, 0x0000000100000000, 0x0000000100000000)
 Metaspace       used 46039K, capacity 46876K, committed 46948K, reserved 1091584K
  class space    used 4474K, capacity 4714K, committed 4760K, reserved 1048576K
}
2015-12-01T18:46:24.985-0500: 21442,463: Total time for which application threads were stopped: 0,0063165 seconds, Stopping threads took: 0,0000246 seconds
2015-12-01T18:46:24.985-0500: 21442,463: Total time for which application threads were stopped: 0,0001312 seconds, Stopping threads took: 0,0000321 seconds
{Heap before GC invocations=39 (full 2):
 par new generation   total 109248K, used 93294K [0x00000000e0000000, 0x00000000e8000000, 0x00000000e8000000)
  eden space 87424K, 100% used [0x00000000e0000000, 0x00000000e5560000, 0x00000000e5560000)
  from space 21824K,  26% used [0x00000000e6ab0000, 0x00000000e706bb40, 0x00000000e8000000)
  to   space 21824K,   0% used [0x00000000e5560000, 0x00000000e5560000, 0x00000000e6ab0000)
 concurrent mark-sweep generation total 393216K, used 20197K [0x00000000e8000000, 0x0000000100000000, 0x0000000100000000)
 Metaspace       used 46048K, capacity 46882K, committed 46948K, reserved 1091584K
  class space    used 4475K, capacity 4715K, committed 4760K, reserved 1048576K
2015-12-01T18:46:25.096-0500: 21442,574: [GC (Allocation Failure) 2015-12-01T18:46:25.096-0500: 21442,574: [ParNew
Desired survivor size 20112992 bytes, new threshold 8 (max 8)
- age   1:    1968616 bytes,    1968616 total
- age   2:        880 bytes,    1969496 total
- age   3:     320976 bytes,    2290472 total
- age   4:    1808056 bytes,    4098528 total
- age   5:      78824 bytes,    4177352 total
- age   6:     810944 bytes,    4988296 total
- age   7:     214272 bytes,    5202568 total
- age   8:        880 bytes,    5203448 total
: 93294K->6424K(109248K), 0,0406832 secs] 113491K->26855K(502464K), 0,0407515 secs] [Times: user=0,08 sys=0,00, real=0,05 secs] 
Heap after GC invocations=40 (full 2):
 par new generation   total 109248K, used 6424K [0x00000000e0000000, 0x00000000e8000000, 0x00000000e8000000)
  eden space 87424K,   0% used [0x00000000e0000000, 0x00000000e0000000, 0x00000000e5560000)
  from space 21824K,  29% used [0x00000000e5560000, 0x00000000e5ba61d0, 0x00000000e6ab0000)
  to   space 21824K,   0% used [0x00000000e6ab0000, 0x00000000e6ab0000, 0x00000000e8000000)
 concurrent mark-sweep generation total 393216K, used 20431K [0x00000000e8000000, 0x0000000100000000, 0x0000000100000000)
 Metaspace       used 46048K, capacity 46882K, committed 46948K, reserved 1091584K
  class space    used 4475K, capacity 4715K, committed 4760K, reserved 1048576K
}
2015-12-01T18:46:25.137-0500: 21442,615: Total time for which application threads were stopped: 0,0739648 seconds, Stopping threads took: 0,0330448 seconds
2015-12-01T18:46:25.137-0500: 21442,615: Total time for which application threads were stopped: 0,0001403 seconds, Stopping threads took: 0,0000329 seconds
2015-12-01T18:46:25.137-0500: 21442,615: Total time for which application threads were stopped: 0,0000741 seconds, Stopping threads took: 0,0000252 seconds
{Heap before GC invocations=40 (full 2):
 par new generation   total 109248K, used 93848K [0x00000000e0000000, 0x00000000e8000000, 0x00000000e8000000)
  eden space 87424K, 100% used [0x00000000e0000000, 0x00000000e5560000, 0x00000000e5560000)
  from space 21824K,  29% used [0x00000000e5560000, 0x00000000e5ba61d0, 0x00000000e6ab0000)
  to   space 21824K,   0% used [0x00000000e6ab0000, 0x00000000e6ab0000, 0x00000000e8000000)
 concurrent mark-sweep generation total 393216K, used 20431K [0x00000000e8000000, 0x0000000100000000, 0x0000000100000000)
 Metaspace       used 46048K, capacity 46882K, committed 46948K, reserved 1091584K
  class space    used 4475K, capacity 4715K, committed 4760K, reserved 1048576K
2015-12-01T18:46:25.183-0500: 21442,661: [GC (Allocation Failure) 2015-12-01T18:46:25.183-0500: 21442,661: [ParNew
Desired survivor size 20112992 bytes, new threshold 8 (max 8)
- age   1:      95536 bytes,      95536 total
- age   2:    1586656 bytes,    1682192 total
- age   3:        880 bytes,    1683072 total
- age   4:     320672 bytes,    2003744 total
- age   5:    1808056 bytes,    3811800 total
- age   6:      78824 bytes,    3890624 total
- age   7:     810944 bytes,    4701568 total
- age   8:     214272 bytes,    4915840 total
: 93848K->8543K(109248K), 0,0419941 secs] 114279K->28975K(502464K), 0,0420669 secs] [Times: user=0,12 sys=0,00, real=0,04 secs] 
Heap after GC invocations=41 (full 2):
 par new generation   total 109248K, used 8543K [0x00000000e0000000, 0x00000000e8000000, 0x00000000e8000000)
  eden space 87424K,   0% used [0x00000000e0000000, 0x00000000e0000000, 0x00000000e5560000)
  from space 21824K,  39% used [0x00000000e6ab0000, 0x00000000e7307d20, 0x00000000e8000000)
  to   space 21824K,   0% used [0x00000000e5560000, 0x00000000e5560000, 0x00000000e6ab0000)
 concurrent mark-sweep generation total 393216K, used 20431K [0x00000000e8000000, 0x0000000100000000, 0x0000000100000000)
 Metaspace       used 46048K, capacity 46882K, committed 46948K, reserved 1091584K
  class space    used 4475K, capacity 4715K, committed 4760K, reserved 1048576K
}
2015-12-01T18:46:25.225-0500: 21442,703: Total time for which application threads were stopped: 0,0422494 seconds, Stopping threads took: 0,0000289 seconds
2015-12-01T18:46:25.226-0500: 21442,704: Total time for which application threads were stopped: 0,0001218 seconds, Stopping threads took: 0,0000294 seconds
2015-12-01T18:46:25.226-0500: 21442,704: Total time for which application threads were stopped: 0,0000644 seconds, Stopping threads took: 0,0000154 seconds
2015-12-01T18:46:25.234-0500: 21442,712: Total time for which application threads were stopped: 0,0007107 seconds, Stopping threads took: 0,0006364 seconds
2015-12-01T18:46:26.234-0500: 21443,712: Total time for which application threads were stopped: 0,0000791 seconds, Stopping threads took: 0,0000210 seconds
2015-12-01T18:48:02.005-0500: 21539,483: Total time for which application threads were stopped: 0,0001184 seconds, Stopping threads took: 0,0000276 seconds
2015-12-01T18:48:02.115-0500: 21539,593: Total time for which application threads were stopped: 0,0000988 seconds, Stopping threads took: 0,0000206 seconds
2015-12-01T18:48:02.115-0500: 21539,593: Total time for which application threads were stopped: 0,0000858 seconds, Stopping threads took: 0,0000131 seconds
2015-12-01T18:48:02.116-0500: 21539,594: Total time for which application threads were stopped: 0,0000752 seconds, Stopping threads took: 0,0000105 seconds
2015-12-01T18:48:02.116-0500: 21539,594: Total time for which application threads were stopped: 0,0000738 seconds, Stopping threads took: 0,0000103 seconds
2015-12-01T18:48:02.117-0500: 21539,595: Total time for which application threads were stopped: 0,0000752 seconds, Stopping threads took: 0,0000102 seconds
2015-12-01T18:48:02.117-0500: 21539,595: Total time for which application threads were stopped: 0,0000866 seconds, Stopping threads took: 0,0000127 seconds
2015-12-01T18:48:02.142-0500: 21539,620: Total time for which application threads were stopped: 0,0001207 seconds, Stopping threads took: 0,0000227 seconds
2015-12-01T18:48:02.142-0500: 21539,620: Total time for which application threads were stopped: 0,0000682 seconds, Stopping threads took: 0,0000136 seconds
2015-12-01T18:48:02.617-0500: 21540,095: Total time for which application threads were stopped: 0,0001340 seconds, Stopping threads took: 0,0000295 seconds
2015-12-01T18:48:02.617-0500: 21540,095: Total time for which application threads were stopped: 0,0000914 seconds, Stopping threads took: 0,0000152 seconds
2015-12-01T18:48:02.618-0500: 21540,096: Total time for which application threads were stopped: 0,0001351 seconds, Stopping threads took: 0,0000331 seconds
2015-12-01T18:48:02.618-0500: 21540,096: Total time for which application threads were stopped: 0,0001021 seconds, Stopping threads took: 0,0000190 seconds
{Heap before GC invocations=41 (full 2):
 par new generation   total 109248K, used 95941K [0x00000000e0000000, 0x00000000e8000000, 0x00000000e8000000)
  eden space 87424K,  99% used [0x00000000e0000000, 0x00000000e5559700, 0x00000000e5560000)
  from space 21824K,  39% used [0x00000000e6ab0000, 0x00000000e7307d20, 0x00000000e8000000)
  to   space 21824K,   0% used [0x00000000e5560000, 0x00000000e5560000, 0x00000000e6ab0000)
 concurrent mark-sweep generation total 393216K, used 20431K [0x00000000e8000000, 0x0000000100000000, 0x0000000100000000)
 Metaspace       used 46054K, capacity 46882K, committed 46948K, reserved 1091584K
  class space    used 4475K, capacity 4715K, committed 4760K, reserved 1048576K
2015-12-01T18:48:04.319-0500: 21541,798: [GC (Allocation Failure) 2015-12-01T18:48:04.319-0500: 21541,798: [ParNew
Desired survivor size 20112992 bytes, new threshold 8 (max 8)
- age   1:    2127856 bytes,    2127856 total
- age   2:        880 bytes,    2128736 total
- age   3:     226576 bytes,    2355312 total
- age   4:        880 bytes,    2356192 total
- age   5:     253328 bytes,    2609520 total
- age   6:    1805216 bytes,    4414736 total
- age   7:      78824 bytes,    4493560 total
- age   8:     810944 bytes,    5304504 total
: 95941K->6656K(109248K), 0,0061647 secs] 116372K->27297K(502464K), 0,0062638 secs] [Times: user=0,02 sys=0,00, real=0,00 secs] 
Heap after GC invocations=42 (full 2):
 par new generation   total 109248K, used 6656K [0x00000000e0000000, 0x00000000e8000000, 0x00000000e8000000)
  eden space 87424K,   0% used [0x00000000e0000000, 0x00000000e0000000, 0x00000000e5560000)
  from space 21824K,  30% used [0x00000000e5560000, 0x00000000e5be02e0, 0x00000000e6ab0000)
  to   space 21824K,   0% used [0x00000000e6ab0000, 0x00000000e6ab0000, 0x00000000e8000000)
 concurrent mark-sweep generation total 393216K, used 20641K [0x00000000e8000000, 0x0000000100000000, 0x0000000100000000)
 Metaspace       used 46054K, capacity 46882K, committed 46948K, reserved 1091584K
  class space    used 4475K, capacity 4715K, committed 4760K, reserved 1048576K
}
2015-12-01T18:48:04.326-0500: 21541,804: Total time for which application threads were stopped: 0,0065420 seconds, Stopping threads took: 0,0000295 seconds
2015-12-01T18:48:04.326-0500: 21541,804: Total time for which application threads were stopped: 0,0001346 seconds, Stopping threads took: 0,0000334 seconds
2015-12-01T18:48:04.326-0500: 21541,804: Total time for which application threads were stopped: 0,0000783 seconds, Stopping threads took: 0,0000294 seconds
{Heap before GC invocations=42 (full 2):
 par new generation   total 109248K, used 94080K [0x00000000e0000000, 0x00000000e8000000, 0x00000000e8000000)
  eden space 87424K, 100% used [0x00000000e0000000, 0x00000000e5560000, 0x00000000e5560000)
  from space 21824K,  30% used [0x00000000e5560000, 0x00000000e5be02e0, 0x00000000e6ab0000)
  to   space 21824K,   0% used [0x00000000e6ab0000, 0x00000000e6ab0000, 0x00000000e8000000)
 concurrent mark-sweep generation total 393216K, used 20641K [0x00000000e8000000, 0x0000000100000000, 0x0000000100000000)
 Metaspace       used 46054K, capacity 46882K, committed 46948K, reserved 1091584K
  class space    used 4475K, capacity 4715K, committed 4760K, reserved 1048576K
2015-12-01T18:48:04.380-0500: 21541,858: [GC (Allocation Failure) 2015-12-01T18:48:04.380-0500: 21541,858: [ParNew
Desired survivor size 20112992 bytes, new threshold 8 (max 8)
- age   1:     161184 bytes,     161184 total
- age   2:    1737288 bytes,    1898472 total
- age   3:        880 bytes,    1899352 total
- age   4:     226272 bytes,    2125624 total
- age   5:        880 bytes,    2126504 total
- age   6:     253328 bytes,    2379832 total
- age   7:    1805216 bytes,    4185048 total
- age   8:      78824 bytes,    4263872 total
: 94080K->6735K(109248K), 0,0086682 secs] 114721K->28173K(502464K), 0,0087372 secs] [Times: user=0,02 sys=0,00, real=0,00 secs] 
Heap after GC invocations=43 (full 2):
 par new generation   total 109248K, used 6735K [0x00000000e0000000, 0x00000000e8000000, 0x00000000e8000000)
  eden space 87424K,   0% used [0x00000000e0000000, 0x00000000e0000000, 0x00000000e5560000)
  from space 21824K,  30% used [0x00000000e6ab0000, 0x00000000e7143de0, 0x00000000e8000000)
  to   space 21824K,   0% used [0x00000000e5560000, 0x00000000e5560000, 0x00000000e6ab0000)
 concurrent mark-sweep generation total 393216K, used 21437K [0x00000000e8000000, 0x0000000100000000, 0x0000000100000000)
 Metaspace       used 46054K, capacity 46882K, committed 46948K, reserved 1091584K
  class space    used 4475K, capacity 4715K, committed 4760K, reserved 1048576K
}
2015-12-01T18:48:04.388-0500: 21541,866: Total time for which application threads were stopped: 0,0174323 seconds, Stopping threads took: 0,0085355 seconds
2015-12-01T18:48:04.389-0500: 21541,867: Total time for which application threads were stopped: 0,0001612 seconds, Stopping threads took: 0,0000472 seconds
2015-12-01T18:48:04.389-0500: 21541,867: Total time for which application threads were stopped: 0,0000919 seconds, Stopping threads took: 0,0000210 seconds
2015-12-01T18:48:04.415-0500: 21541,894: Total time for which application threads were stopped: 0,0002182 seconds, Stopping threads took: 0,0000723 seconds
2015-12-01T18:48:04.423-0500: 21541,901: Total time for which application threads were stopped: 0,0001630 seconds, Stopping threads took: 0,0000328 seconds
2015-12-01T18:48:04.423-0500: 21541,901: Total time for which application threads were stopped: 0,0000383 seconds, Stopping threads took: 0,0000091 seconds
2015-12-01T18:48:04.423-0500: 21541,901: Total time for which application threads were stopped: 0,0000395 seconds, Stopping threads took: 0,0000093 seconds
2015-12-01T18:48:04.429-0500: 21541,907: Total time for which application threads were stopped: 0,0000962 seconds, Stopping threads took: 0,0000240 seconds
2015-12-01T18:48:04.429-0500: 21541,907: Total time for which application threads were stopped: 0,0000389 seconds, Stopping threads took: 0,0000087 seconds
2015-12-01T18:48:04.431-0500: 21541,910: Total time for which application threads were stopped: 0,0000992 seconds, Stopping threads took: 0,0000262 seconds
2015-12-01T18:48:04.432-0500: 21541,910: Total time for which application threads were stopped: 0,0000452 seconds, Stopping threads took: 0,0000098 seconds
2015-12-01T18:48:04.436-0500: 21541,914: Total time for which application threads were stopped: 0,0000918 seconds, Stopping threads took: 0,0000235 seconds
2015-12-01T18:48:04.441-0500: 21541,919: Total time for which application threads were stopped: 0,0044119 seconds, Stopping threads took: 0,0043401 seconds
2015-12-01T18:48:04.442-0500: 21541,920: Total time for which application threads were stopped: 0,0002584 seconds, Stopping threads took: 0,0000191 seconds
2015-12-01T18:48:04.442-0500: 21541,920: Total time for which application threads were stopped: 0,0000666 seconds, Stopping threads took: 0,0000195 seconds
2015-12-01T18:48:04.444-0500: 21541,922: Total time for which application threads were stopped: 0,0021038 seconds, Stopping threads took: 0,0020328 seconds
2015-12-01T18:48:04.450-0500: 21541,928: Total time for which application threads were stopped: 0,0001111 seconds, Stopping threads took: 0,0000268 seconds
2015-12-01T18:48:04.452-0500: 21541,930: Total time for which application threads were stopped: 0,0011243 seconds, Stopping threads took: 0,0010239 seconds
2015-12-01T18:48:04.452-0500: 21541,930: Total time for which application threads were stopped: 0,0002293 seconds, Stopping threads took: 0,0001748 seconds
2015-12-01T18:48:04.452-0500: 21541,930: Total time for which application threads were stopped: 0,0000679 seconds, Stopping threads took: 0,0000264 seconds
2015-12-01T18:48:04.452-0500: 21541,930: Total time for which application threads were stopped: 0,0000414 seconds, Stopping threads took: 0,0000073 seconds
2015-12-01T18:48:04.453-0500: 21541,931: Total time for which application threads were stopped: 0,0005719 seconds, Stopping threads took: 0,0004118 seconds
2015-12-01T18:48:05.454-0500: 21542,932: Total time for which application threads were stopped: 0,0003243 seconds, Stopping threads took: 0,0000892 seconds
2015-12-01T18:48:06.878-0500: 21544,357: Total time for which application threads were stopped: 0,0001018 seconds, Stopping threads took: 0,0000193 seconds
2015-12-01T18:48:06.969-0500: 21544,447: Total time for which application threads were stopped: 0,0001964 seconds, Stopping threads took: 0,0000640 seconds
2015-12-01T18:48:06.969-0500: 21544,447: Total time for which application threads were stopped: 0,0001790 seconds, Stopping threads took: 0,0000889 seconds
2015-12-01T18:48:06.970-0500: 21544,448: Total time for which application threads were stopped: 0,0001361 seconds, Stopping threads took: 0,0000311 seconds
2015-12-01T18:48:06.970-0500: 21544,448: Total time for which application threads were stopped: 0,0000816 seconds, Stopping threads took: 0,0000151 seconds
2015-12-01T18:48:07.920-0500: 21545,398: Total time for which application threads were stopped: 0,0001168 seconds, Stopping threads took: 0,0000404 seconds
2015-12-01T18:48:07.941-0500: 21545,419: Total time for which application threads were stopped: 0,0002777 seconds, Stopping threads took: 0,0000440 seconds
2015-12-01T18:48:07.941-0500: 21545,419: Total time for which application threads were stopped: 0,0001459 seconds, Stopping threads took: 0,0000782 seconds
2015-12-01T18:48:07.942-0500: 21545,420: Total time for which application threads were stopped: 0,0000447 seconds, Stopping threads took: 0,0000086 seconds
2015-12-01T18:48:07.942-0500: 21545,420: Total time for which application threads were stopped: 0,0000345 seconds, Stopping threads took: 0,0000054 seconds
2015-12-01T18:48:07.942-0500: 21545,420: Total time for which application threads were stopped: 0,0000321 seconds, Stopping threads took: 0,0000046 seconds
2015-12-01T18:48:07.942-0500: 21545,420: Total time for which application threads were stopped: 0,0000535 seconds, Stopping threads took: 0,0000090 seconds
2015-12-01T18:48:07.942-0500: 21545,420: Total time for which application threads were stopped: 0,0000347 seconds, Stopping threads took: 0,0000051 seconds
2015-12-01T18:48:07.943-0500: 21545,421: Total time for which application threads were stopped: 0,0000412 seconds, Stopping threads took: 0,0000065 seconds
2015-12-01T18:48:07.948-0500: 21545,426: Total time for which application threads were stopped: 0,0001107 seconds, Stopping threads took: 0,0000192 seconds
2015-12-01T18:48:09.981-0500: 21547,459: Total time for which application threads were stopped: 0,0001319 seconds, Stopping threads took: 0,0000329 seconds
2015-12-01T18:48:11.805-0500: 21549,283: Total time for which application threads were stopped: 0,0001057 seconds, Stopping threads took: 0,0000300 seconds
2015-12-01T18:48:11.813-0500: 21549,291: Total time for which application threads were stopped: 0,0003574 seconds, Stopping threads took: 0,0000616 seconds
2015-12-01T18:48:11.813-0500: 21549,291: Total time for which application threads were stopped: 0,0000904 seconds, Stopping threads took: 0,0000194 seconds
2015-12-01T18:48:11.814-0500: 21549,292: Total time for which application threads were stopped: 0,0000454 seconds, Stopping threads took: 0,0000114 seconds
2015-12-01T18:48:11.814-0500: 21549,292: Total time for which application threads were stopped: 0,0000506 seconds, Stopping threads took: 0,0000061 seconds
2015-12-01T18:48:11.814-0500: 21549,293: Total time for which application threads were stopped: 0,0000466 seconds, Stopping threads took: 0,0000051 seconds
2015-12-01T18:48:11.815-0500: 21549,293: Total time for which application threads were stopped: 0,0000424 seconds, Stopping threads took: 0,0000092 seconds
2015-12-01T18:48:11.815-0500: 21549,293: Total time for which application threads were stopped: 0,0000466 seconds, Stopping threads took: 0,0000079 seconds
2015-12-01T18:48:11.815-0500: 21549,293: Total time for which application threads were stopped: 0,0000318 seconds, Stopping threads took: 0,0000084 seconds
2015-12-01T18:48:11.815-0500: 21549,293: Total time for which application threads were stopped: 0,0000937 seconds, Stopping threads took: 0,0000286 seconds
2015-12-01T18:48:11.821-0500: 21549,299: Total time for which application threads were stopped: 0,0000806 seconds, Stopping threads took: 0,0000184 seconds
2015-12-01T18:48:11.821-0500: 21549,299: Total time for which application threads were stopped: 0,0000338 seconds, Stopping threads took: 0,0000073 seconds
2015-12-01T18:48:11.990-0500: 21549,468: Total time for which application threads were stopped: 0,0001457 seconds, Stopping threads took: 0,0000196 seconds
2015-12-01T18:48:12.990-0500: 21550,468: Total time for which application threads were stopped: 0,0001229 seconds, Stopping threads took: 0,0000296 seconds
2015-12-01T18:48:13.762-0500: 21551,240: Total time for which application threads were stopped: 0,0002513 seconds, Stopping threads took: 0,0001329 seconds
2015-12-01T18:48:13.762-0500: 21551,240: Total time for which application threads were stopped: 0,0001247 seconds, Stopping threads took: 0,0000553 seconds
2015-12-01T18:48:14.561-0500: 21552,039: Total time for which application threads were stopped: 0,0001031 seconds, Stopping threads took: 0,0000182 seconds
2015-12-01T18:48:14.562-0500: 21552,040: Total time for which application threads were stopped: 0,0000801 seconds, Stopping threads took: 0,0000239 seconds
2015-12-01T18:48:14.563-0500: 21552,041: Total time for which application threads were stopped: 0,0001197 seconds, Stopping threads took: 0,0000570 seconds
2015-12-01T18:48:14.563-0500: 21552,041: Total time for which application threads were stopped: 0,0000436 seconds, Stopping threads took: 0,0000100 seconds
2015-12-01T18:48:15.563-0500: 21553,041: Total time for which application threads were stopped: 0,0001068 seconds, Stopping threads took: 0,0000259 seconds
2015-12-01T18:48:19.564-0500: 21557,042: Total time for which application threads were stopped: 0,0001087 seconds, Stopping threads took: 0,0000259 seconds
2015-12-01T18:48:35.399-0500: 21572,877: Total time for which application threads were stopped: 0,0001216 seconds, Stopping threads took: 0,0000294 seconds
2015-12-01T18:48:36.399-0500: 21573,878: Total time for which application threads were stopped: 0,0001068 seconds, Stopping threads took: 0,0000188 seconds
2015-12-01T18:48:40.400-0500: 21577,878: Total time for which application threads were stopped: 0,0000987 seconds, Stopping threads took: 0,0000212 seconds
2015-12-01T18:48:51.402-0500: 21588,880: Total time for which application threads were stopped: 0,0001666 seconds, Stopping threads took: 0,0000390 seconds
2015-12-01T18:49:01.662-0500: 21599,140: Total time for which application threads were stopped: 0,0001175 seconds, Stopping threads took: 0,0000321 seconds
2015-12-01T18:49:01.663-0500: 21599,141: Total time for which application threads were stopped: 0,0000778 seconds, Stopping threads took: 0,0000158 seconds
2015-12-01T18:49:06.970-0500: 21604,448: Total time for which application threads were stopped: 0,0002071 seconds, Stopping threads took: 0,0000454 seconds
2015-12-01T18:49:06.971-0500: 21604,449: Total time for which application threads were stopped: 0,0001713 seconds, Stopping threads took: 0,0000380 seconds
2015-12-01T18:50:03.267-0500: 21660,745: Total time for which application threads were stopped: 0,0001105 seconds, Stopping threads took: 0,0000409 seconds
2015-12-01T18:50:04.267-0500: 21661,745: Total time for which application threads were stopped: 0,0000879 seconds, Stopping threads took: 0,0000205 seconds
2015-12-01T18:50:04.269-0500: 21661,747: Total time for which application threads were stopped: 0,0000707 seconds, Stopping threads took: 0,0000240 seconds
2015-12-01T18:50:04.271-0500: 21661,749: Total time for which application threads were stopped: 0,0001192 seconds, Stopping threads took: 0,0000353 seconds
2015-12-01T18:50:04.271-0500: 21661,749: Total time for which application threads were stopped: 0,0000707 seconds, Stopping threads took: 0,0000193 seconds
2015-12-01T18:50:04.735-0500: 21662,213: Total time for which application threads were stopped: 0,0001199 seconds, Stopping threads took: 0,0000197 seconds
2015-12-01T18:50:05.042-0500: 21662,520: Total time for which application threads were stopped: 0,0001067 seconds, Stopping threads took: 0,0000347 seconds
2015-12-01T18:50:05.451-0500: 21662,930: Total time for which application threads were stopped: 0,0001484 seconds, Stopping threads took: 0,0000298 seconds
2015-12-01T18:50:05.643-0500: 21663,121: Total time for which application threads were stopped: 0,0000996 seconds, Stopping threads took: 0,0000313 seconds
2015-12-01T18:50:05.883-0500: 21663,361: Total time for which application threads were stopped: 0,0000975 seconds, Stopping threads took: 0,0000307 seconds
2015-12-01T18:50:06.220-0500: 21663,698: Total time for which application threads were stopped: 0,0000889 seconds, Stopping threads took: 0,0000192 seconds
2015-12-01T18:50:06.499-0500: 21663,977: Total time for which application threads were stopped: 0,0001043 seconds, Stopping threads took: 0,0000216 seconds
2015-12-01T18:50:06.731-0500: 21664,209: Total time for which application threads were stopped: 0,0001768 seconds, Stopping threads took: 0,0000891 seconds
2015-12-01T18:50:07.272-0500: 21664,750: Total time for which application threads were stopped: 0,0002633 seconds, Stopping threads took: 0,0000265 seconds
2015-12-01T18:50:07.307-0500: 21664,785: Total time for which application threads were stopped: 0,0001660 seconds, Stopping threads took: 0,0000248 seconds
2015-12-01T18:50:07.333-0500: 21664,811: Total time for which application threads were stopped: 0,0001358 seconds, Stopping threads took: 0,0000247 seconds
2015-12-01T18:50:07.353-0500: 21664,831: Total time for which application threads were stopped: 0,0001103 seconds, Stopping threads took: 0,0000232 seconds
2015-12-01T18:50:07.375-0500: 21664,853: Total time for which application threads were stopped: 0,0001052 seconds, Stopping threads took: 0,0000195 seconds
2015-12-01T18:50:07.397-0500: 21664,876: Total time for which application threads were stopped: 0,0000969 seconds, Stopping threads took: 0,0000197 seconds
2015-12-01T18:50:07.424-0500: 21664,902: Total time for which application threads were stopped: 0,0000945 seconds, Stopping threads took: 0,0000190 seconds
2015-12-01T18:50:07.452-0500: 21664,930: Total time for which application threads were stopped: 0,0001246 seconds, Stopping threads took: 0,0000284 seconds
2015-12-01T18:50:07.481-0500: 21664,959: Total time for which application threads were stopped: 0,0001089 seconds, Stopping threads took: 0,0000264 seconds
2015-12-01T18:50:07.508-0500: 21664,986: Total time for which application threads were stopped: 0,0001354 seconds, Stopping threads took: 0,0000395 seconds
2015-12-01T18:50:07.541-0500: 21665,019: Total time for which application threads were stopped: 0,0001068 seconds, Stopping threads took: 0,0000216 seconds
2015-12-01T18:50:07.573-0500: 21665,051: Total time for which application threads were stopped: 0,0001285 seconds, Stopping threads took: 0,0000396 seconds
2015-12-01T18:50:07.600-0500: 21665,078: Total time for which application threads were stopped: 0,0001061 seconds, Stopping threads took: 0,0000347 seconds
2015-12-01T18:50:25.709-0500: 21683,187: Total time for which application threads were stopped: 0,0001786 seconds, Stopping threads took: 0,0000343 seconds
2015-12-01T18:50:26.709-0500: 21684,187: Total time for which application threads were stopped: 0,0001969 seconds, Stopping threads took: 0,0000458 seconds
2015-12-01T18:50:31.842-0500: 21689,320: Total time for which application threads were stopped: 0,0002074 seconds, Stopping threads took: 0,0001080 seconds
2015-12-01T18:50:32.842-0500: 21690,320: Total time for which application threads were stopped: 0,0000793 seconds, Stopping threads took: 0,0000190 seconds
2015-12-01T18:50:34.793-0500: 21692,271: Total time for which application threads were stopped: 0,0001077 seconds, Stopping threads took: 0,0000213 seconds
2015-12-01T18:50:35.793-0500: 21693,271: Total time for which application threads were stopped: 0,0001746 seconds, Stopping threads took: 0,0000424 seconds
2015-12-01T18:50:58.143-0500: 21715,622: Total time for which application threads were stopped: 0,0001238 seconds, Stopping threads took: 0,0000393 seconds
2015-12-01T18:50:58.267-0500: 21715,745: Total time for which application threads were stopped: 0,0009144 seconds, Stopping threads took: 0,0000266 seconds
2015-12-01T18:50:58.351-0500: 21715,829: Total time for which application threads were stopped: 0,0001340 seconds, Stopping threads took: 0,0000235 seconds
2015-12-01T18:50:58.421-0500: 21715,899: Total time for which application threads were stopped: 0,0001297 seconds, Stopping threads took: 0,0000322 seconds
2015-12-01T18:50:58.421-0500: 21715,899: Total time for which application threads were stopped: 0,0001605 seconds, Stopping threads took: 0,0000903 seconds
2015-12-01T18:50:58.421-0500: 21715,899: Total time for which application threads were stopped: 0,0000920 seconds, Stopping threads took: 0,0000311 seconds
2015-12-01T18:50:58.422-0500: 21715,900: Total time for which application threads were stopped: 0,0000673 seconds, Stopping threads took: 0,0000191 seconds
2015-12-01T18:50:58.666-0500: 21716,144: Total time for which application threads were stopped: 0,0000964 seconds, Stopping threads took: 0,0000194 seconds
2015-12-01T18:51:00.667-0500: 21718,145: Total time for which application threads were stopped: 0,0001035 seconds, Stopping threads took: 0,0000272 seconds
2015-12-01T18:51:35.439-0500: 21752,917: Total time for which application threads were stopped: 0,0001257 seconds, Stopping threads took: 0,0000365 seconds
2015-12-01T18:51:35.440-0500: 21752,918: Total time for which application threads were stopped: 0,0001313 seconds, Stopping threads took: 0,0000409 seconds
2015-12-01T18:51:35.452-0500: 21752,930: Total time for which application threads were stopped: 0,0001262 seconds, Stopping threads took: 0,0000211 seconds
2015-12-01T18:51:35.453-0500: 21752,931: Total time for which application threads were stopped: 0,0000474 seconds, Stopping threads took: 0,0000078 seconds
2015-12-01T18:51:35.462-0500: 21752,940: Total time for which application threads were stopped: 0,0013779 seconds, Stopping threads took: 0,0012859 seconds
2015-12-01T18:51:35.462-0500: 21752,940: Total time for which application threads were stopped: 0,0000567 seconds, Stopping threads took: 0,0000205 seconds
2015-12-01T18:51:38.462-0500: 21755,940: Total time for which application threads were stopped: 0,0000738 seconds, Stopping threads took: 0,0000185 seconds
2015-12-01T18:51:39.054-0500: 21756,532: Total time for which application threads were stopped: 0,0000960 seconds, Stopping threads took: 0,0000226 seconds
{Heap before GC invocations=43 (full 2):
 par new generation   total 109248K, used 94159K [0x00000000e0000000, 0x00000000e8000000, 0x00000000e8000000)
  eden space 87424K, 100% used [0x00000000e0000000, 0x00000000e5560000, 0x00000000e5560000)
  from space 21824K,  30% used [0x00000000e6ab0000, 0x00000000e7143de0, 0x00000000e8000000)
  to   space 21824K,   0% used [0x00000000e5560000, 0x00000000e5560000, 0x00000000e6ab0000)
 concurrent mark-sweep generation total 393216K, used 21437K [0x00000000e8000000, 0x0000000100000000, 0x0000000100000000)
 Metaspace       used 47757K, capacity 48590K, committed 48868K, reserved 1093632K
  class space    used 4577K, capacity 4819K, committed 4888K, reserved 1048576K
2015-12-01T18:51:39.061-0500: 21756,539: [GC (Allocation Failure) 2015-12-01T18:51:39.061-0500: 21756,539: [ParNew
Desired survivor size 20112992 bytes, new threshold 8 (max 8)
- age   1:    3994528 bytes,    3994528 total
- age   2:      76392 bytes,    4070920 total
- age   3:     898240 bytes,    4969160 total
- age   4:        880 bytes,    4970040 total
- age   5:     226208 bytes,    5196248 total
- age   6:        880 bytes,    5197128 total
- age   7:     252184 bytes,    5449312 total
- age   8:    1565232 bytes,    7014544 total
: 94159K->8654K(109248K), 0,0520361 secs] 115597K->30171K(502464K), 0,0521283 secs] [Times: user=0,11 sys=0,00, real=0,05 secs] 
Heap after GC invocations=44 (full 2):
 par new generation   total 109248K, used 8654K [0x00000000e0000000, 0x00000000e8000000, 0x00000000e8000000)
  eden space 87424K,   0% used [0x00000000e0000000, 0x00000000e0000000, 0x00000000e5560000)
  from space 21824K,  39% used [0x00000000e5560000, 0x00000000e5dd3900, 0x00000000e6ab0000)
  to   space 21824K,   0% used [0x00000000e6ab0000, 0x00000000e6ab0000, 0x00000000e8000000)
 concurrent mark-sweep generation total 393216K, used 21516K [0x00000000e8000000, 0x0000000100000000, 0x0000000100000000)
 Metaspace       used 47757K, capacity 48590K, committed 48868K, reserved 1093632K
  class space    used 4577K, capacity 4819K, committed 4888K, reserved 1048576K
}
2015-12-01T18:51:39.113-0500: 21756,592: Total time for which application threads were stopped: 0,0522891 seconds, Stopping threads took: 0,0000238 seconds
2015-12-01T18:51:39.115-0500: 21756,593: Total time for which application threads were stopped: 0,0001097 seconds, Stopping threads took: 0,0000302 seconds
2015-12-01T18:51:39.115-0500: 21756,593: Total time for which application threads were stopped: 0,0001016 seconds, Stopping threads took: 0,0000336 seconds
2015-12-01T18:51:39.115-0500: 21756,593: Total time for which application threads were stopped: 0,0000595 seconds, Stopping threads took: 0,0000256 seconds
{Heap before GC invocations=44 (full 2):
 par new generation   total 109248K, used 96078K [0x00000000e0000000, 0x00000000e8000000, 0x00000000e8000000)
  eden space 87424K, 100% used [0x00000000e0000000, 0x00000000e5560000, 0x00000000e5560000)
  from space 21824K,  39% used [0x00000000e5560000, 0x00000000e5dd3900, 0x00000000e6ab0000)
  to   space 21824K,   0% used [0x00000000e6ab0000, 0x00000000e6ab0000, 0x00000000e8000000)
 concurrent mark-sweep generation total 393216K, used 21516K [0x00000000e8000000, 0x0000000100000000, 0x0000000100000000)
 Metaspace       used 47780K, capacity 48626K, committed 48868K, reserved 1093632K
  class space    used 4580K, capacity 4825K, committed 4888K, reserved 1048576K
2015-12-01T18:51:39.150-0500: 21756,628: [GC (Allocation Failure) 2015-12-01T18:51:39.150-0500: 21756,628: [ParNew
Desired survivor size 20112992 bytes, new threshold 8 (max 8)
- age   1:     963392 bytes,     963392 total
- age   2:    2643680 bytes,    3607072 total
- age   3:      76392 bytes,    3683464 total
- age   4:     897936 bytes,    4581400 total
- age   5:        880 bytes,    4582280 total
- age   6:     226208 bytes,    4808488 total
- age   7:        880 bytes,    4809368 total
- age   8:     225672 bytes,    5035040 total
: 96078K->7097K(109248K), 0,0088832 secs] 117595K->30131K(502464K), 0,0089763 secs] [Times: user=0,03 sys=0,00, real=0,01 secs] 
Heap after GC invocations=45 (full 2):
 par new generation   total 109248K, used 7097K [0x00000000e0000000, 0x00000000e8000000, 0x00000000e8000000)
  eden space 87424K,   0% used [0x00000000e0000000, 0x00000000e0000000, 0x00000000e5560000)
  from space 21824K,  32% used [0x00000000e6ab0000, 0x00000000e719e7b8, 0x00000000e8000000)
  to   space 21824K,   0% used [0x00000000e5560000, 0x00000000e5560000, 0x00000000e6ab0000)
 concurrent mark-sweep generation total 393216K, used 23033K [0x00000000e8000000, 0x0000000100000000, 0x0000000100000000)
 Metaspace       used 47780K, capacity 48626K, committed 48868K, reserved 1093632K
  class space    used 4580K, capacity 4825K, committed 4888K, reserved 1048576K
}
2015-12-01T18:51:39.159-0500: 21756,637: Total time for which application threads were stopped: 0,0091826 seconds, Stopping threads took: 0,0000286 seconds
2015-12-01T18:51:39.160-0500: 21756,638: Total time for which application threads were stopped: 0,0001303 seconds, Stopping threads took: 0,0000303 seconds
2015-12-01T18:51:39.160-0500: 21756,638: Total time for which application threads were stopped: 0,0000543 seconds, Stopping threads took: 0,0000267 seconds
2015-12-01T18:51:39.160-0500: 21756,638: Total time for which application threads were stopped: 0,0000744 seconds, Stopping threads took: 0,0000184 seconds
{Heap before GC invocations=45 (full 2):
 par new generation   total 109248K, used 94521K [0x00000000e0000000, 0x00000000e8000000, 0x00000000e8000000)
  eden space 87424K, 100% used [0x00000000e0000000, 0x00000000e5560000, 0x00000000e5560000)
  from space 21824K,  32% used [0x00000000e6ab0000, 0x00000000e719e7b8, 0x00000000e8000000)
  to   space 21824K,   0% used [0x00000000e5560000, 0x00000000e5560000, 0x00000000e6ab0000)
 concurrent mark-sweep generation total 393216K, used 23033K [0x00000000e8000000, 0x0000000100000000, 0x0000000100000000)
 Metaspace       used 47904K, capacity 48818K, committed 48868K, reserved 1093632K
  class space    used 4598K, capacity 4857K, committed 4888K, reserved 1048576K
2015-12-01T18:51:39.215-0500: 21756,693: [GC (Allocation Failure) 2015-12-01T18:51:39.215-0500: 21756,693: [ParNew
Desired survivor size 20112992 bytes, new threshold 8 (max 8)
- age   1:     572736 bytes,     572736 total
- age   2:     872824 bytes,    1445560 total
- age   3:    2632904 bytes,    4078464 total
- age   4:      76392 bytes,    4154856 total
- age   5:     897936 bytes,    5052792 total
- age   6:        880 bytes,    5053672 total
- age   7:     226208 bytes,    5279880 total
- age   8:        880 bytes,    5280760 total
: 94521K->6526K(109248K), 0,0080414 secs] 117555K->29783K(502464K), 0,0081235 secs] [Times: user=0,02 sys=0,00, real=0,01 secs] 
Heap after GC invocations=46 (full 2):
 par new generation   total 109248K, used 6526K [0x00000000e0000000, 0x00000000e8000000, 0x00000000e8000000)
  eden space 87424K,   0% used [0x00000000e0000000, 0x00000000e0000000, 0x00000000e5560000)
  from space 21824K,  29% used [0x00000000e5560000, 0x00000000e5bbfb80, 0x00000000e6ab0000)
  to   space 21824K,   0% used [0x00000000e6ab0000, 0x00000000e6ab0000, 0x00000000e8000000)
 concurrent mark-sweep generation total 393216K, used 23256K [0x00000000e8000000, 0x0000000100000000, 0x0000000100000000)
 Metaspace       used 47904K, capacity 48818K, committed 48868K, reserved 1093632K
  class space    used 4598K, capacity 4857K, committed 4888K, reserved 1048576K
}
2015-12-01T18:51:39.223-0500: 21756,702: Total time for which application threads were stopped: 0,0083740 seconds, Stopping threads took: 0,0000261 seconds
2015-12-01T18:51:39.234-0500: 21756,712: Total time for which application threads were stopped: 0,0001408 seconds, Stopping threads took: 0,0000355 seconds
2015-12-01T18:51:39.239-0500: 21756,717: Total time for which application threads were stopped: 0,0001233 seconds, Stopping threads took: 0,0000289 seconds
2015-12-01T18:51:39.239-0500: 21756,717: Total time for which application threads were stopped: 0,0000583 seconds, Stopping threads took: 0,0000163 seconds
2015-12-01T18:51:39.239-0500: 21756,717: Total time for which application threads were stopped: 0,0000626 seconds, Stopping threads took: 0,0000229 seconds
2015-12-01T18:51:39.245-0500: 21756,724: Total time for which application threads were stopped: 0,0001180 seconds, Stopping threads took: 0,0000281 seconds
2015-12-01T18:51:39.246-0500: 21756,724: Total time for which application threads were stopped: 0,0001500 seconds, Stopping threads took: 0,0000235 seconds
2015-12-01T18:51:39.248-0500: 21756,726: Total time for which application threads were stopped: 0,0000471 seconds, Stopping threads took: 0,0000087 seconds
2015-12-01T18:51:39.248-0500: 21756,726: Total time for which application threads were stopped: 0,0000439 seconds, Stopping threads took: 0,0000092 seconds
2015-12-01T18:51:39.251-0500: 21756,729: Total time for which application threads were stopped: 0,0000959 seconds, Stopping threads took: 0,0000203 seconds
2015-12-01T18:51:39.252-0500: 21756,730: Total time for which application threads were stopped: 0,0000906 seconds, Stopping threads took: 0,0000355 seconds
2015-12-01T18:51:39.252-0500: 21756,731: Total time for which application threads were stopped: 0,0000434 seconds, Stopping threads took: 0,0000092 seconds
2015-12-01T18:51:39.253-0500: 21756,731: Total time for which application threads were stopped: 0,0000510 seconds, Stopping threads took: 0,0000092 seconds
2015-12-01T18:51:39.253-0500: 21756,731: Total time for which application threads were stopped: 0,0000383 seconds, Stopping threads took: 0,0000157 seconds
2015-12-01T18:51:39.253-0500: 21756,731: Total time for which application threads were stopped: 0,0000314 seconds, Stopping threads took: 0,0000087 seconds
2015-12-01T18:51:39.253-0500: 21756,731: Total time for which application threads were stopped: 0,0000377 seconds, Stopping threads took: 0,0000067 seconds
2015-12-01T18:51:39.253-0500: 21756,731: Total time for which application threads were stopped: 0,0000415 seconds, Stopping threads took: 0,0000084 seconds
2015-12-01T18:51:39.261-0500: 21756,739: Total time for which application threads were stopped: 0,0001071 seconds, Stopping threads took: 0,0000203 seconds
2015-12-01T18:51:40.849-0500: 21758,327: Total time for which application threads were stopped: 0,0001115 seconds, Stopping threads took: 0,0000227 seconds
2015-12-01T18:51:40.858-0500: 21758,336: Total time for which application threads were stopped: 0,0004789 seconds, Stopping threads took: 0,0000979 seconds
2015-12-01T18:51:40.859-0500: 21758,337: Total time for which application threads were stopped: 0,0002698 seconds, Stopping threads took: 0,0001978 seconds
2015-12-01T18:51:40.859-0500: 21758,337: Total time for which application threads were stopped: 0,0000989 seconds, Stopping threads took: 0,0000237 seconds
2015-12-01T18:51:40.859-0500: 21758,337: Total time for which application threads were stopped: 0,0000520 seconds, Stopping threads took: 0,0000065 seconds
2015-12-01T18:51:41.653-0500: 21759,131: Total time for which application threads were stopped: 0,0001116 seconds, Stopping threads took: 0,0000293 seconds
2015-12-01T18:51:41.700-0500: 21759,178: Total time for which application threads were stopped: 0,0001136 seconds, Stopping threads took: 0,0000217 seconds
2015-12-01T18:51:41.700-0500: 21759,179: Total time for which application threads were stopped: 0,0000687 seconds, Stopping threads took: 0,0000098 seconds
2015-12-01T18:51:41.701-0500: 21759,179: Total time for which application threads were stopped: 0,0000439 seconds, Stopping threads took: 0,0000074 seconds
2015-12-01T18:51:41.701-0500: 21759,179: Total time for which application threads were stopped: 0,0000485 seconds, Stopping threads took: 0,0000118 seconds
2015-12-01T18:51:41.701-0500: 21759,179: Total time for which application threads were stopped: 0,0000401 seconds, Stopping threads took: 0,0000095 seconds
2015-12-01T18:51:41.701-0500: 21759,179: Total time for which application threads were stopped: 0,0000402 seconds, Stopping threads took: 0,0000084 seconds
2015-12-01T18:51:41.701-0500: 21759,179: Total time for which application threads were stopped: 0,0000560 seconds, Stopping threads took: 0,0000231 seconds
2015-12-01T18:51:41.701-0500: 21759,179: Total time for which application threads were stopped: 0,0000348 seconds, Stopping threads took: 0,0000053 seconds
2015-12-01T18:51:43.714-0500: 21761,192: Total time for which application threads were stopped: 0,0001436 seconds, Stopping threads took: 0,0000277 seconds
2015-12-01T18:51:43.867-0500: 21761,345: Total time for which application threads were stopped: 0,0001118 seconds, Stopping threads took: 0,0000284 seconds
2015-12-01T18:51:43.875-0500: 21761,353: Total time for which application threads were stopped: 0,0000958 seconds, Stopping threads took: 0,0000286 seconds
2015-12-01T18:51:43.875-0500: 21761,353: Total time for which application threads were stopped: 0,0000759 seconds, Stopping threads took: 0,0000096 seconds
2015-12-01T18:51:43.876-0500: 21761,354: Total time for which application threads were stopped: 0,0000747 seconds, Stopping threads took: 0,0000279 seconds
2015-12-01T18:51:43.877-0500: 21761,355: Total time for which application threads were stopped: 0,0000497 seconds, Stopping threads took: 0,0000105 seconds
2015-12-01T18:51:43.877-0500: 21761,355: Total time for which application threads were stopped: 0,0000380 seconds, Stopping threads took: 0,0000043 seconds
2015-12-01T18:51:43.877-0500: 21761,355: Total time for which application threads were stopped: 0,0000470 seconds, Stopping threads took: 0,0000112 seconds
2015-12-01T18:51:43.877-0500: 21761,355: Total time for which application threads were stopped: 0,0000392 seconds, Stopping threads took: 0,0000090 seconds
2015-12-01T18:51:43.877-0500: 21761,355: Total time for which application threads were stopped: 0,0000309 seconds, Stopping threads took: 0,0000066 seconds
2015-12-01T18:51:43.877-0500: 21761,355: Total time for which application threads were stopped: 0,0000418 seconds, Stopping threads took: 0,0000091 seconds
2015-12-01T18:51:43.877-0500: 21761,355: Total time for which application threads were stopped: 0,0000429 seconds, Stopping threads took: 0,0000091 seconds
2015-12-01T18:51:43.882-0500: 21761,360: Total time for which application threads were stopped: 0,0001763 seconds, Stopping threads took: 0,0000931 seconds
2015-12-01T18:51:43.936-0500: 21761,414: Total time for which application threads were stopped: 0,0001879 seconds, Stopping threads took: 0,0000288 seconds
2015-12-01T18:51:44.937-0500: 21762,415: Total time for which application threads were stopped: 0,0001188 seconds, Stopping threads took: 0,0000257 seconds
2015-12-01T18:51:45.725-0500: 21763,203: Total time for which application threads were stopped: 0,0001736 seconds, Stopping threads took: 0,0000291 seconds
2015-12-01T18:51:45.996-0500: 21763,474: Total time for which application threads were stopped: 0,0003505 seconds, Stopping threads took: 0,0000559 seconds
2015-12-01T18:51:45.997-0500: 21763,475: Total time for which application threads were stopped: 0,0001699 seconds, Stopping threads took: 0,0000286 seconds
2015-12-01T18:51:46.103-0500: 21763,581: Total time for which application threads were stopped: 0,0002107 seconds, Stopping threads took: 0,0001087 seconds
2015-12-01T18:51:46.669-0500: 21764,147: Total time for which application threads were stopped: 0,0002111 seconds, Stopping threads took: 0,0000203 seconds
2015-12-01T18:51:46.671-0500: 21764,149: Total time for which application threads were stopped: 0,0001418 seconds, Stopping threads took: 0,0000744 seconds
2015-12-01T18:51:46.671-0500: 21764,149: Total time for which application threads were stopped: 0,0001678 seconds, Stopping threads took: 0,0001109 seconds
2015-12-01T18:51:46.671-0500: 21764,149: Total time for which application threads were stopped: 0,0000676 seconds, Stopping threads took: 0,0000211 seconds
2015-12-01T18:51:46.671-0500: 21764,149: Total time for which application threads were stopped: 0,0000631 seconds, Stopping threads took: 0,0000212 seconds
2015-12-01T18:51:46.671-0500: 21764,150: Total time for which application threads were stopped: 0,0000417 seconds, Stopping threads took: 0,0000102 seconds
2015-12-01T18:51:46.672-0500: 21764,150: Total time for which application threads were stopped: 0,0000401 seconds, Stopping threads took: 0,0000101 seconds
2015-12-01T18:51:51.672-0500: 21769,150: Total time for which application threads were stopped: 0,0001749 seconds, Stopping threads took: 0,0000411 seconds
2015-12-01T18:52:02.058-0500: 21779,536: Total time for which application threads were stopped: 0,0001184 seconds, Stopping threads took: 0,0000469 seconds
2015-12-01T18:52:02.059-0500: 21779,537: Total time for which application threads were stopped: 0,0000747 seconds, Stopping threads took: 0,0000180 seconds
2015-12-01T18:52:02.060-0500: 21779,538: Total time for which application threads were stopped: 0,0001038 seconds, Stopping threads took: 0,0000350 seconds
2015-12-01T18:52:02.098-0500: 21779,576: Total time for which application threads were stopped: 0,0007257 seconds, Stopping threads took: 0,0000348 seconds
2015-12-01T18:52:02.100-0500: 21779,578: Total time for which application threads were stopped: 0,0001261 seconds, Stopping threads took: 0,0000597 seconds
2015-12-01T18:52:02.100-0500: 21779,578: Total time for which application threads were stopped: 0,0000598 seconds, Stopping threads took: 0,0000297 seconds
2015-12-01T18:52:02.528-0500: 21780,006: Total time for which application threads were stopped: 0,0001062 seconds, Stopping threads took: 0,0000318 seconds
2015-12-01T18:52:02.530-0500: 21780,008: Total time for which application threads were stopped: 0,0001238 seconds, Stopping threads took: 0,0000426 seconds
2015-12-01T18:52:02.530-0500: 21780,008: Total time for which application threads were stopped: 0,0001468 seconds, Stopping threads took: 0,0000830 seconds
2015-12-01T18:52:03.067-0500: 21780,545: Total time for which application threads were stopped: 0,0001284 seconds, Stopping threads took: 0,0000270 seconds
2015-12-01T18:52:04.068-0500: 21781,546: Total time for which application threads were stopped: 0,0001483 seconds, Stopping threads took: 0,0000352 seconds
2015-12-01T18:52:05.502-0500: 21782,980: Total time for which application threads were stopped: 0,0001061 seconds, Stopping threads took: 0,0000313 seconds
2015-12-01T18:52:05.913-0500: 21783,391: Total time for which application threads were stopped: 0,0001333 seconds, Stopping threads took: 0,0000229 seconds
2015-12-01T18:52:06.144-0500: 21783,622: Total time for which application threads were stopped: 0,0001188 seconds, Stopping threads took: 0,0000325 seconds
2015-12-01T18:52:06.376-0500: 21783,854: Total time for which application threads were stopped: 0,0000961 seconds, Stopping threads took: 0,0000203 seconds
2015-12-01T18:52:06.631-0500: 21784,109: Total time for which application threads were stopped: 0,0001267 seconds, Stopping threads took: 0,0000302 seconds
2015-12-01T18:52:06.844-0500: 21784,322: Total time for which application threads were stopped: 0,0001035 seconds, Stopping threads took: 0,0000304 seconds
2015-12-01T18:52:07.084-0500: 21784,562: Total time for which application threads were stopped: 0,0000995 seconds, Stopping threads took: 0,0000278 seconds
2015-12-01T18:52:07.303-0500: 21784,781: Total time for which application threads were stopped: 0,0001063 seconds, Stopping threads took: 0,0000312 seconds
2015-12-01T18:52:07.576-0500: 21785,054: Total time for which application threads were stopped: 0,0001048 seconds, Stopping threads took: 0,0000312 seconds
2015-12-01T18:52:07.872-0500: 21785,350: Total time for which application threads were stopped: 0,0001074 seconds, Stopping threads took: 0,0000315 seconds
2015-12-01T18:52:08.156-0500: 21785,634: Total time for which application threads were stopped: 0,0001072 seconds, Stopping threads took: 0,0000306 seconds
2015-12-01T18:52:08.392-0500: 21785,870: Total time for which application threads were stopped: 0,0001796 seconds, Stopping threads took: 0,0000332 seconds
2015-12-01T18:52:08.664-0500: 21786,142: Total time for which application threads were stopped: 0,0001097 seconds, Stopping threads took: 0,0000315 seconds
2015-12-01T18:52:08.895-0500: 21786,373: Total time for which application threads were stopped: 0,0001075 seconds, Stopping threads took: 0,0000311 seconds
2015-12-01T18:52:09.551-0500: 21787,029: Total time for which application threads were stopped: 0,0001055 seconds, Stopping threads took: 0,0000318 seconds
2015-12-01T18:52:09.912-0500: 21787,390: Total time for which application threads were stopped: 0,0001075 seconds, Stopping threads took: 0,0000333 seconds
2015-12-01T18:52:10.527-0500: 21788,005: Total time for which application threads were stopped: 0,0001040 seconds, Stopping threads took: 0,0000302 seconds
2015-12-01T18:52:11.528-0500: 21789,006: Total time for which application threads were stopped: 0,0001867 seconds, Stopping threads took: 0,0000432 seconds
2015-12-01T18:52:24.350-0500: 21801,828: Total time for which application threads were stopped: 0,0001301 seconds, Stopping threads took: 0,0000363 seconds
2015-12-01T18:52:25.052-0500: 21802,530: Total time for which application threads were stopped: 0,0001216 seconds, Stopping threads took: 0,0000240 seconds
2015-12-01T18:52:25.466-0500: 21802,944: Total time for which application threads were stopped: 0,0000956 seconds, Stopping threads took: 0,0000198 seconds
2015-12-01T18:52:25.735-0500: 21803,213: Total time for which application threads were stopped: 0,0001062 seconds, Stopping threads took: 0,0000303 seconds
2015-12-01T18:52:25.974-0500: 21803,452: Total time for which application threads were stopped: 0,0001051 seconds, Stopping threads took: 0,0000250 seconds
2015-12-01T18:52:26.182-0500: 21803,660: Total time for which application threads were stopped: 0,0001062 seconds, Stopping threads took: 0,0000306 seconds
2015-12-01T18:52:26.431-0500: 21803,909: Total time for which application threads were stopped: 0,0001093 seconds, Stopping threads took: 0,0000304 seconds
2015-12-01T18:52:26.639-0500: 21804,117: Total time for which application threads were stopped: 0,0001074 seconds, Stopping threads took: 0,0000319 seconds
2015-12-01T18:52:26.920-0500: 21804,398: Total time for which application threads were stopped: 0,0001179 seconds, Stopping threads took: 0,0000221 seconds
2015-12-01T18:52:27.381-0500: 21804,859: Total time for which application threads were stopped: 0,0000927 seconds, Stopping threads took: 0,0000200 seconds
2015-12-01T18:52:27.673-0500: 21805,151: Total time for which application threads were stopped: 0,0001054 seconds, Stopping threads took: 0,0000306 seconds
2015-12-01T18:52:27.986-0500: 21805,464: Total time for which application threads were stopped: 0,0001070 seconds, Stopping threads took: 0,0000311 seconds
2015-12-01T18:52:28.275-0500: 21805,753: Total time for which application threads were stopped: 0,0001044 seconds, Stopping threads took: 0,0000298 seconds
2015-12-01T18:52:28.495-0500: 21805,973: Total time for which application threads were stopped: 0,0001068 seconds, Stopping threads took: 0,0000309 seconds
2015-12-01T18:52:28.735-0500: 21806,213: Total time for which application threads were stopped: 0,0001751 seconds, Stopping threads took: 0,0000205 seconds
2015-12-01T18:52:29.735-0500: 21807,213: Total time for which application threads were stopped: 0,0000951 seconds, Stopping threads took: 0,0000222 seconds
2015-12-01T18:52:32.736-0500: 21810,214: Total time for which application threads were stopped: 0,0001040 seconds, Stopping threads took: 0,0000248 seconds
2015-12-01T18:52:40.859-0500: 21818,337: Total time for which application threads were stopped: 0,0001586 seconds, Stopping threads took: 0,0000196 seconds
2015-12-01T18:55:46.761-0500: 22004,239: Total time for which application threads were stopped: 0,0001492 seconds, Stopping threads took: 0,0000530 seconds
2015-12-01T18:55:50.383-0500: 22007,861: Total time for which application threads were stopped: 0,0001306 seconds, Stopping threads took: 0,0000240 seconds
2015-12-01T18:55:50.383-0500: 22007,861: Total time for which application threads were stopped: 0,0000465 seconds, Stopping threads took: 0,0000072 seconds
2015-12-01T18:55:50.390-0500: 22007,868: Total time for which application threads were stopped: 0,0001353 seconds, Stopping threads took: 0,0000208 seconds
2015-12-01T18:55:50.391-0500: 22007,869: Total time for which application threads were stopped: 0,0000666 seconds, Stopping threads took: 0,0000135 seconds
2015-12-01T18:55:51.617-0500: 22009,095: Total time for which application threads were stopped: 0,0001036 seconds, Stopping threads took: 0,0000206 seconds
2015-12-01T18:55:53.133-0500: 22010,611: Total time for which application threads were stopped: 0,0001532 seconds, Stopping threads took: 0,0000439 seconds
{Heap before GC invocations=46 (full 2):
 par new generation   total 109248K, used 93895K [0x00000000e0000000, 0x00000000e8000000, 0x00000000e8000000)
  eden space 87424K,  99% used [0x00000000e0000000, 0x00000000e5552378, 0x00000000e5560000)
  from space 21824K,  29% used [0x00000000e5560000, 0x00000000e5bbfb80, 0x00000000e6ab0000)
  to   space 21824K,   0% used [0x00000000e6ab0000, 0x00000000e6ab0000, 0x00000000e8000000)
 concurrent mark-sweep generation total 393216K, used 23256K [0x00000000e8000000, 0x0000000100000000, 0x0000000100000000)
 Metaspace       used 49542K, capacity 50494K, committed 50532K, reserved 1095680K
  class space    used 4699K, capacity 4993K, committed 5016K, reserved 1048576K
2015-12-01T18:55:53.138-0500: 22010,616: [GC (Allocation Failure) 2015-12-01T18:55:53.138-0500: 22010,616: [ParNew
Desired survivor size 20112992 bytes, new threshold 8 (max 8)
- age   1:    3669032 bytes,    3669032 total
- age   2:     157552 bytes,    3826584 total
- age   3:     147816 bytes,    3974400 total
- age   4:    2196920 bytes,    6171320 total
- age   5:      76392 bytes,    6247712 total
- age   6:     897904 bytes,    7145616 total
- age   7:        880 bytes,    7146496 total
- age   8:     226208 bytes,    7372704 total
: 93895K->10538K(109248K), 0,0299807 secs] 117152K->33795K(502464K), 0,0300598 secs] [Times: user=0,06 sys=0,02, real=0,02 secs] 
Heap after GC invocations=47 (full 2):
 par new generation   total 109248K, used 10538K [0x00000000e0000000, 0x00000000e8000000, 0x00000000e8000000)
  eden space 87424K,   0% used [0x00000000e0000000, 0x00000000e0000000, 0x00000000e5560000)
  from space 21824K,  48% used [0x00000000e6ab0000, 0x00000000e74fa8a0, 0x00000000e8000000)
  to   space 21824K,   0% used [0x00000000e5560000, 0x00000000e5560000, 0x00000000e6ab0000)
 concurrent mark-sweep generation total 393216K, used 23257K [0x00000000e8000000, 0x0000000100000000, 0x0000000100000000)
 Metaspace       used 49542K, capacity 50494K, committed 50532K, reserved 1095680K
  class space    used 4699K, capacity 4993K, committed 5016K, reserved 1048576K
}
2015-12-01T18:55:53.168-0500: 22010,646: Total time for which application threads were stopped: 0,0302372 seconds, Stopping threads took: 0,0000227 seconds
2015-12-01T18:55:53.168-0500: 22010,646: Total time for which application threads were stopped: 0,0002311 seconds, Stopping threads took: 0,0000179 seconds
2015-12-01T18:55:53.173-0500: 22010,651: Total time for which application threads were stopped: 0,0001094 seconds, Stopping threads took: 0,0000270 seconds
2015-12-01T18:55:53.173-0500: 22010,651: Total time for which application threads were stopped: 0,0000433 seconds, Stopping threads took: 0,0000089 seconds
{Heap before GC invocations=47 (full 2):
 par new generation   total 109248K, used 97951K [0x00000000e0000000, 0x00000000e8000000, 0x00000000e8000000)
  eden space 87424K,  99% used [0x00000000e0000000, 0x00000000e555d648, 0x00000000e5560000)
  from space 21824K,  48% used [0x00000000e6ab0000, 0x00000000e74fa8a0, 0x00000000e8000000)
  to   space 21824K,   0% used [0x00000000e5560000, 0x00000000e5560000, 0x00000000e6ab0000)
 concurrent mark-sweep generation total 393216K, used 23257K [0x00000000e8000000, 0x0000000100000000, 0x0000000100000000)
 Metaspace       used 49545K, capacity 50494K, committed 50532K, reserved 1095680K
  class space    used 4699K, capacity 4993K, committed 5016K, reserved 1048576K
2015-12-01T18:55:53.211-0500: 22010,689: [GC (Allocation Failure) 2015-12-01T18:55:53.211-0500: 22010,689: [ParNew
Desired survivor size 20112992 bytes, new threshold 8 (max 8)
- age   1:    1255432 bytes,    1255432 total
- age   2:    2491720 bytes,    3747152 total
- age   3:     157352 bytes,    3904504 total
- age   4:     147480 bytes,    4051984 total
- age   5:    1368440 bytes,    5420424 total
- age   6:        880 bytes,    5421304 total
- age   7:     282208 bytes,    5703512 total
- age   8:        880 bytes,    5704392 total
: 97951K->7741K(109248K), 0,0070067 secs] 121209K->31223K(502464K), 0,0071029 secs] [Times: user=0,02 sys=0,00, real=0,01 secs] 
Heap after GC invocations=48 (full 2):
 par new generation   total 109248K, used 7741K [0x00000000e0000000, 0x00000000e8000000, 0x00000000e8000000)
  eden space 87424K,   0% used [0x00000000e0000000, 0x00000000e0000000, 0x00000000e5560000)
  from space 21824K,  35% used [0x00000000e5560000, 0x00000000e5cef700, 0x00000000e6ab0000)
  to   space 21824K,   0% used [0x00000000e6ab0000, 0x00000000e6ab0000, 0x00000000e8000000)
 concurrent mark-sweep generation total 393216K, used 23481K [0x00000000e8000000, 0x0000000100000000, 0x0000000100000000)
 Metaspace       used 49545K, capacity 50494K, committed 50532K, reserved 1095680K
  class space    used 4699K, capacity 4993K, committed 5016K, reserved 1048576K
}
2015-12-01T18:55:53.218-0500: 22010,696: Total time for which application threads were stopped: 0,0072884 seconds, Stopping threads took: 0,0000283 seconds
2015-12-01T18:55:53.219-0500: 22010,697: Total time for which application threads were stopped: 0,0001247 seconds, Stopping threads took: 0,0000329 seconds
2015-12-01T18:55:53.219-0500: 22010,697: Total time for which application threads were stopped: 0,0000981 seconds, Stopping threads took: 0,0000372 seconds
{Heap before GC invocations=48 (full 2):
 par new generation   total 109248K, used 95165K [0x00000000e0000000, 0x00000000e8000000, 0x00000000e8000000)
  eden space 87424K, 100% used [0x00000000e0000000, 0x00000000e5560000, 0x00000000e5560000)
  from space 21824K,  35% used [0x00000000e5560000, 0x00000000e5cef700, 0x00000000e6ab0000)
  to   space 21824K,   0% used [0x00000000e6ab0000, 0x00000000e6ab0000, 0x00000000e8000000)
 concurrent mark-sweep generation total 393216K, used 23481K [0x00000000e8000000, 0x0000000100000000, 0x0000000100000000)
 Metaspace       used 49556K, capacity 50506K, committed 50532K, reserved 1095680K
  class space    used 4700K, capacity 4995K, committed 5016K, reserved 1048576K
2015-12-01T18:55:53.270-0500: 22010,748: [GC (Allocation Failure) 2015-12-01T18:55:53.270-0500: 22010,748: [ParNew
Desired survivor size 20112992 bytes, new threshold 8 (max 8)
- age   1:     501704 bytes,     501704 total
- age   2:     969344 bytes,    1471048 total
- age   3:    2473024 bytes,    3944072 total
- age   4:     157352 bytes,    4101424 total
- age   5:     147480 bytes,    4248904 total
- age   6:    1368312 bytes,    5617216 total
- age   7:        880 bytes,    5618096 total
- age   8:     282208 bytes,    5900304 total
: 95165K->6877K(109248K), 0,0066168 secs] 118647K->30360K(502464K), 0,0067149 secs] [Times: user=0,02 sys=0,00, real=0,01 secs] 
Heap after GC invocations=49 (full 2):
 par new generation   total 109248K, used 6877K [0x00000000e0000000, 0x00000000e8000000, 0x00000000e8000000)
  eden space 87424K,   0% used [0x00000000e0000000, 0x00000000e0000000, 0x00000000e5560000)
  from space 21824K,  31% used [0x00000000e6ab0000, 0x00000000e7167678, 0x00000000e8000000)
  to   space 21824K,   0% used [0x00000000e5560000, 0x00000000e5560000, 0x00000000e6ab0000)
 concurrent mark-sweep generation total 393216K, used 23482K [0x00000000e8000000, 0x0000000100000000, 0x0000000100000000)
 Metaspace       used 49556K, capacity 50506K, committed 50532K, reserved 1095680K
  class space    used 4700K, capacity 4995K, committed 5016K, reserved 1048576K
}
2015-12-01T18:55:53.277-0500: 22010,755: Total time for which application threads were stopped: 0,0069783 seconds, Stopping threads took: 0,0001026 seconds
2015-12-01T18:55:53.280-0500: 22010,758: Total time for which application threads were stopped: 0,0037301 seconds, Stopping threads took: 0,0036278 seconds
2015-12-01T18:55:53.291-0500: 22010,769: Total time for which application threads were stopped: 0,0001457 seconds, Stopping threads took: 0,0000429 seconds
2015-12-01T18:55:53.306-0500: 22010,784: Total time for which application threads were stopped: 0,0001333 seconds, Stopping threads took: 0,0000241 seconds
2015-12-01T18:55:53.307-0500: 22010,785: Total time for which application threads were stopped: 0,0000529 seconds, Stopping threads took: 0,0000194 seconds
2015-12-01T18:55:53.307-0500: 22010,785: Total time for which application threads were stopped: 0,0000836 seconds, Stopping threads took: 0,0000486 seconds
2015-12-01T18:55:53.315-0500: 22010,793: Total time for which application threads were stopped: 0,0001171 seconds, Stopping threads took: 0,0000353 seconds
2015-12-01T18:55:53.315-0500: 22010,793: Total time for which application threads were stopped: 0,0000760 seconds, Stopping threads took: 0,0000236 seconds
2015-12-01T18:55:53.317-0500: 22010,795: Total time for which application threads were stopped: 0,0000600 seconds, Stopping threads took: 0,0000156 seconds
2015-12-01T18:55:53.317-0500: 22010,795: Total time for which application threads were stopped: 0,0000508 seconds, Stopping threads took: 0,0000177 seconds
2015-12-01T18:55:53.320-0500: 22010,798: Total time for which application threads were stopped: 0,0001534 seconds, Stopping threads took: 0,0000714 seconds
2015-12-01T18:55:53.320-0500: 22010,798: Total time for which application threads were stopped: 0,0002414 seconds, Stopping threads took: 0,0000212 seconds
2015-12-01T18:55:53.322-0500: 22010,800: Total time for which application threads were stopped: 0,0001190 seconds, Stopping threads took: 0,0000439 seconds
2015-12-01T18:55:53.322-0500: 22010,800: Total time for which application threads were stopped: 0,0000639 seconds, Stopping threads took: 0,0000207 seconds
2015-12-01T18:55:53.325-0500: 22010,803: Total time for which application threads were stopped: 0,0001120 seconds, Stopping threads took: 0,0000338 seconds
2015-12-01T18:55:53.326-0500: 22010,804: Total time for which application threads were stopped: 0,0000622 seconds, Stopping threads took: 0,0000194 seconds
2015-12-01T18:55:53.326-0500: 22010,804: Total time for which application threads were stopped: 0,0000506 seconds, Stopping threads took: 0,0000197 seconds
2015-12-01T18:55:53.336-0500: 22010,814: Total time for which application threads were stopped: 0,0001157 seconds, Stopping threads took: 0,0000306 seconds
2015-12-01T18:55:54.929-0500: 22012,407: Total time for which application threads were stopped: 0,0003150 seconds, Stopping threads took: 0,0000311 seconds
2015-12-01T18:55:54.929-0500: 22012,407: Total time for which application threads were stopped: 0,0003478 seconds, Stopping threads took: 0,0001238 seconds
2015-12-01T18:55:54.930-0500: 22012,409: Total time for which application threads were stopped: 0,0001838 seconds, Stopping threads took: 0,0000913 seconds
2015-12-01T18:55:54.931-0500: 22012,409: Total time for which application threads were stopped: 0,0001623 seconds, Stopping threads took: 0,0000562 seconds
2015-12-01T18:55:54.933-0500: 22012,411: Total time for which application threads were stopped: 0,0001832 seconds, Stopping threads took: 0,0000254 seconds
2015-12-01T18:55:54.937-0500: 22012,415: Total time for which application threads were stopped: 0,0001711 seconds, Stopping threads took: 0,0000289 seconds
2015-12-01T18:55:54.937-0500: 22012,415: Total time for which application threads were stopped: 0,0001612 seconds, Stopping threads took: 0,0000617 seconds
2015-12-01T18:55:54.937-0500: 22012,415: Total time for which application threads were stopped: 0,0001007 seconds, Stopping threads took: 0,0000292 seconds
2015-12-01T18:55:54.941-0500: 22012,419: Total time for which application threads were stopped: 0,0001254 seconds, Stopping threads took: 0,0000241 seconds
2015-12-01T18:55:54.941-0500: 22012,420: Total time for which application threads were stopped: 0,0000535 seconds, Stopping threads took: 0,0000094 seconds
2015-12-01T18:55:58.411-0500: 22015,889: Total time for which application threads were stopped: 0,0001333 seconds, Stopping threads took: 0,0000259 seconds
2015-12-01T18:55:58.446-0500: 22015,924: Total time for which application threads were stopped: 0,0001473 seconds, Stopping threads took: 0,0000337 seconds
2015-12-01T18:55:59.446-0500: 22016,924: Total time for which application threads were stopped: 0,0000917 seconds, Stopping threads took: 0,0000228 seconds
2015-12-01T18:56:00.471-0500: 22017,949: Total time for which application threads were stopped: 0,0001428 seconds, Stopping threads took: 0,0000226 seconds
2015-12-01T18:56:01.892-0500: 22019,370: Total time for which application threads were stopped: 0,0001436 seconds, Stopping threads took: 0,0000304 seconds
2015-12-01T18:56:01.892-0500: 22019,370: Total time for which application threads were stopped: 0,0000658 seconds, Stopping threads took: 0,0000133 seconds
2015-12-01T18:56:01.893-0500: 22019,371: Total time for which application threads were stopped: 0,0001321 seconds, Stopping threads took: 0,0000171 seconds
2015-12-01T18:56:01.893-0500: 22019,371: Total time for which application threads were stopped: 0,0001790 seconds, Stopping threads took: 0,0000088 seconds
2015-12-01T18:56:01.893-0500: 22019,371: Total time for which application threads were stopped: 0,0001129 seconds, Stopping threads took: 0,0000171 seconds
2015-12-01T18:56:01.893-0500: 22019,371: Total time for which application threads were stopped: 0,0000625 seconds, Stopping threads took: 0,0000072 seconds
2015-12-01T18:56:01.894-0500: 22019,372: Total time for which application threads were stopped: 0,0001068 seconds, Stopping threads took: 0,0000186 seconds
2015-12-01T18:56:01.900-0500: 22019,378: Total time for which application threads were stopped: 0,0001133 seconds, Stopping threads took: 0,0000321 seconds
2015-12-01T18:56:01.904-0500: 22019,383: Total time for which application threads were stopped: 0,0001362 seconds, Stopping threads took: 0,0000191 seconds
2015-12-01T18:56:01.914-0500: 22019,392: Total time for which application threads were stopped: 0,0000836 seconds, Stopping threads took: 0,0000215 seconds
2015-12-01T18:56:01.914-0500: 22019,392: Total time for which application threads were stopped: 0,0000309 seconds, Stopping threads took: 0,0000057 seconds
2015-12-01T18:56:01.914-0500: 22019,392: Total time for which application threads were stopped: 0,0000513 seconds, Stopping threads took: 0,0000153 seconds
2015-12-01T18:56:01.914-0500: 22019,392: Total time for which application threads were stopped: 0,0000273 seconds, Stopping threads took: 0,0000049 seconds
2015-12-01T18:56:01.914-0500: 22019,392: Total time for which application threads were stopped: 0,0000284 seconds, Stopping threads took: 0,0000061 seconds
2015-12-01T18:56:01.914-0500: 22019,393: Total time for which application threads were stopped: 0,0000271 seconds, Stopping threads took: 0,0000048 seconds
2015-12-01T18:56:01.915-0500: 22019,393: Total time for which application threads were stopped: 0,0000285 seconds, Stopping threads took: 0,0000060 seconds
2015-12-01T18:56:01.915-0500: 22019,393: Total time for which application threads were stopped: 0,0000372 seconds, Stopping threads took: 0,0000054 seconds
2015-12-01T18:56:01.915-0500: 22019,393: Total time for which application threads were stopped: 0,0001119 seconds, Stopping threads took: 0,0000048 seconds
2015-12-01T18:56:01.915-0500: 22019,393: Total time for which application threads were stopped: 0,0000415 seconds, Stopping threads took: 0,0000049 seconds
2015-12-01T18:56:01.920-0500: 22019,398: Total time for which application threads were stopped: 0,0001068 seconds, Stopping threads took: 0,0000323 seconds
2015-12-01T18:56:01.920-0500: 22019,398: Total time for which application threads were stopped: 0,0000497 seconds, Stopping threads took: 0,0000086 seconds
2015-12-01T18:56:02.482-0500: 22019,960: Total time for which application threads were stopped: 0,0001581 seconds, Stopping threads took: 0,0000290 seconds
2015-12-01T18:56:03.498-0500: 22020,976: Total time for which application threads were stopped: 0,0157049 seconds, Stopping threads took: 0,0155598 seconds
2015-12-01T18:56:03.723-0500: 22021,201: Total time for which application threads were stopped: 0,0001329 seconds, Stopping threads took: 0,0000553 seconds
2015-12-01T18:56:03.723-0500: 22021,201: Total time for which application threads were stopped: 0,0000490 seconds, Stopping threads took: 0,0000124 seconds
2015-12-01T18:56:04.723-0500: 22022,201: Total time for which application threads were stopped: 0,0000901 seconds, Stopping threads took: 0,0000217 seconds
2015-12-01T18:56:27.100-0500: 22044,578: Total time for which application threads were stopped: 0,0001882 seconds, Stopping threads took: 0,0000213 seconds
2015-12-01T18:56:27.110-0500: 22044,588: Total time for which application threads were stopped: 0,0001060 seconds, Stopping threads took: 0,0000220 seconds
2015-12-01T18:56:27.372-0500: 22044,850: Total time for which application threads were stopped: 0,0001884 seconds, Stopping threads took: 0,0000410 seconds
2015-12-01T18:56:27.372-0500: 22044,850: Total time for which application threads were stopped: 0,0001104 seconds, Stopping threads took: 0,0000266 seconds
2015-12-01T18:56:27.374-0500: 22044,852: Total time for which application threads were stopped: 0,0003570 seconds, Stopping threads took: 0,0000412 seconds
2015-12-01T18:56:27.374-0500: 22044,852: Total time for which application threads were stopped: 0,0001782 seconds, Stopping threads took: 0,0000528 seconds
2015-12-01T18:56:28.374-0500: 22045,852: Total time for which application threads were stopped: 0,0001138 seconds, Stopping threads took: 0,0000277 seconds
2015-12-01T18:56:32.196-0500: 22049,674: Total time for which application threads were stopped: 0,0001365 seconds, Stopping threads took: 0,0000244 seconds
2015-12-01T18:56:32.196-0500: 22049,674: Total time for which application threads were stopped: 0,0000680 seconds, Stopping threads took: 0,0000084 seconds
2015-12-01T18:56:32.203-0500: 22049,681: Total time for which application threads were stopped: 0,0001334 seconds, Stopping threads took: 0,0000203 seconds
2015-12-01T18:56:32.203-0500: 22049,681: Total time for which application threads were stopped: 0,0000544 seconds, Stopping threads took: 0,0000093 seconds
2015-12-01T18:56:35.012-0500: 22052,490: Total time for which application threads were stopped: 0,0001759 seconds, Stopping threads took: 0,0000943 seconds
2015-12-01T18:56:35.016-0500: 22052,494: Total time for which application threads were stopped: 0,0000800 seconds, Stopping threads took: 0,0000196 seconds
2015-12-01T18:56:35.018-0500: 22052,496: Total time for which application threads were stopped: 0,0001993 seconds, Stopping threads took: 0,0001135 seconds
2015-12-01T18:56:35.018-0500: 22052,496: Total time for which application threads were stopped: 0,0000730 seconds, Stopping threads took: 0,0000215 seconds
2015-12-01T18:56:35.038-0500: 22052,516: Total time for which application threads were stopped: 0,0187747 seconds, Stopping threads took: 0,0186831 seconds
2015-12-01T18:56:35.476-0500: 22052,954: Total time for which application threads were stopped: 0,0003048 seconds, Stopping threads took: 0,0000505 seconds
2015-12-01T18:56:36.363-0500: 22053,841: Total time for which application threads were stopped: 0,0000809 seconds, Stopping threads took: 0,0000190 seconds
2015-12-01T18:56:36.363-0500: 22053,841: Total time for which application threads were stopped: 0,0000499 seconds, Stopping threads took: 0,0000203 seconds
2015-12-01T18:56:36.580-0500: 22054,058: Total time for which application threads were stopped: 0,0001057 seconds, Stopping threads took: 0,0000274 seconds
2015-12-01T18:56:36.580-0500: 22054,058: Total time for which application threads were stopped: 0,0000677 seconds, Stopping threads took: 0,0000187 seconds
2015-12-01T18:56:36.580-0500: 22054,058: Total time for which application threads were stopped: 0,0000633 seconds, Stopping threads took: 0,0000252 seconds
2015-12-01T18:56:36.584-0500: 22054,062: Total time for which application threads were stopped: 0,0002107 seconds, Stopping threads took: 0,0000552 seconds
2015-12-01T18:56:50.585-0500: 22068,063: Total time for which application threads were stopped: 0,0001279 seconds, Stopping threads took: 0,0000427 seconds
2015-12-01T18:57:27.372-0500: 22104,850: Total time for which application threads were stopped: 0,0000983 seconds, Stopping threads took: 0,0000319 seconds
2015-12-01T18:57:32.204-0500: 22109,682: Total time for which application threads were stopped: 0,0001841 seconds, Stopping threads took: 0,0000460 seconds
2015-12-01T19:07:16.267-0500: 22693,745: Total time for which application threads were stopped: 0,0000934 seconds, Stopping threads took: 0,0000307 seconds
2015-12-01T19:09:14.280-0500: 22811,758: Total time for which application threads were stopped: 0,0002136 seconds, Stopping threads took: 0,0000733 seconds
2015-12-01T19:09:14.811-0500: 22812,289: Total time for which application threads were stopped: 0,0001736 seconds, Stopping threads took: 0,0000406 seconds
{Heap before GC invocations=49 (full 2):
 par new generation   total 109248K, used 94301K [0x00000000e0000000, 0x00000000e8000000, 0x00000000e8000000)
  eden space 87424K, 100% used [0x00000000e0000000, 0x00000000e5560000, 0x00000000e5560000)
  from space 21824K,  31% used [0x00000000e6ab0000, 0x00000000e7167678, 0x00000000e8000000)
  to   space 21824K,   0% used [0x00000000e5560000, 0x00000000e5560000, 0x00000000e6ab0000)
 concurrent mark-sweep generation total 393216K, used 23482K [0x00000000e8000000, 0x0000000100000000, 0x0000000100000000)
 Metaspace       used 51054K, capacity 52034K, committed 52196K, reserved 1095680K
  class space    used 4799K, capacity 5101K, committed 5144K, reserved 1048576K
2015-12-01T19:09:14.866-0500: 22812,344: [GC (Allocation Failure) 2015-12-01T19:09:14.866-0500: 22812,344: [ParNew
Desired survivor size 20112992 bytes, new threshold 8 (max 8)
- age   1:    4337680 bytes,    4337680 total
- age   2:     127200 bytes,    4464880 total
- age   3:     235192 bytes,    4700072 total
- age   4:    2144424 bytes,    6844496 total
- age   5:     157352 bytes,    7001848 total
- age   6:     147480 bytes,    7149328 total
- age   7:    1361328 bytes,    8510656 total
- age   8:        880 bytes,    8511536 total
: 94301K->12714K(109248K), 0,0976114 secs] 117784K->36442K(502464K), 0,0977036 secs] [Times: user=0,10 sys=0,06, real=0,10 secs] 
Heap after GC invocations=50 (full 2):
 par new generation   total 109248K, used 12714K [0x00000000e0000000, 0x00000000e8000000, 0x00000000e8000000)
  eden space 87424K,   0% used [0x00000000e0000000, 0x00000000e0000000, 0x00000000e5560000)
  from space 21824K,  58% used [0x00000000e5560000, 0x00000000e61ca930, 0x00000000e6ab0000)
  to   space 21824K,   0% used [0x00000000e6ab0000, 0x00000000e6ab0000, 0x00000000e8000000)
 concurrent mark-sweep generation total 393216K, used 23727K [0x00000000e8000000, 0x0000000100000000, 0x0000000100000000)
 Metaspace       used 51054K, capacity 52034K, committed 52196K, reserved 1095680K
  class space    used 4799K, capacity 5101K, committed 5144K, reserved 1048576K
}
2015-12-01T19:09:14.964-0500: 22812,442: Total time for which application threads were stopped: 0,0979236 seconds, Stopping threads took: 0,0000255 seconds
2015-12-01T19:09:14.965-0500: 22812,443: Total time for which application threads were stopped: 0,0005915 seconds, Stopping threads took: 0,0004725 seconds
2015-12-01T19:09:14.970-0500: 22812,448: Total time for which application threads were stopped: 0,0003243 seconds, Stopping threads took: 0,0002135 seconds
2015-12-01T19:09:14.971-0500: 22812,449: Total time for which application threads were stopped: 0,0001435 seconds, Stopping threads took: 0,0000323 seconds
{Heap before GC invocations=50 (full 2):
 par new generation   total 109248K, used 100138K [0x00000000e0000000, 0x00000000e8000000, 0x00000000e8000000)
  eden space 87424K, 100% used [0x00000000e0000000, 0x00000000e5560000, 0x00000000e5560000)
  from space 21824K,  58% used [0x00000000e5560000, 0x00000000e61ca930, 0x00000000e6ab0000)
  to   space 21824K,   0% used [0x00000000e6ab0000, 0x00000000e6ab0000, 0x00000000e8000000)
 concurrent mark-sweep generation total 393216K, used 23727K [0x00000000e8000000, 0x0000000100000000, 0x0000000100000000)
 Metaspace       used 51054K, capacity 52034K, committed 52196K, reserved 1095680K
  class space    used 4799K, capacity 5101K, committed 5144K, reserved 1048576K
2015-12-01T19:09:14.998-0500: 22812,477: [GC (Allocation Failure) 2015-12-01T19:09:14.999-0500: 22812,477: [ParNew
Desired survivor size 20112992 bytes, new threshold 8 (max 8)
- age   1:      77992 bytes,      77992 total
- age   2:    3014136 bytes,    3092128 total
- age   3:     126720 bytes,    3218848 total
- age   4:     234856 bytes,    3453704 total
- age   5:    1279752 bytes,    4733456 total
- age   6:      33472 bytes,    4766928 total
- age   7:      11224 bytes,    4778152 total
- age   8:     862304 bytes,    5640456 total
: 100138K->7536K(109248K), 0,0078269 secs] 123866K->31264K(502464K), 0,0079215 secs] [Times: user=0,01 sys=0,00, real=0,00 secs] 
Heap after GC invocations=51 (full 2):
 par new generation   total 109248K, used 7536K [0x00000000e0000000, 0x00000000e8000000, 0x00000000e8000000)
  eden space 87424K,   0% used [0x00000000e0000000, 0x00000000e0000000, 0x00000000e5560000)
  from space 21824K,  34% used [0x00000000e6ab0000, 0x00000000e720c060, 0x00000000e8000000)
  to   space 21824K,   0% used [0x00000000e5560000, 0x00000000e5560000, 0x00000000e6ab0000)
 concurrent mark-sweep generation total 393216K, used 23728K [0x00000000e8000000, 0x0000000100000000, 0x0000000100000000)
 Metaspace       used 51054K, capacity 52034K, committed 52196K, reserved 1095680K
  class space    used 4799K, capacity 5101K, committed 5144K, reserved 1048576K
}
2015-12-01T19:09:15.006-0500: 22812,484: Total time for which application threads were stopped: 0,0081175 seconds, Stopping threads took: 0,0000290 seconds
2015-12-01T19:09:15.007-0500: 22812,485: Total time for which application threads were stopped: 0,0001653 seconds, Stopping threads took: 0,0000396 seconds
2015-12-01T19:09:15.007-0500: 22812,485: Total time for which application threads were stopped: 0,0000974 seconds, Stopping threads took: 0,0000218 seconds
2015-12-01T19:09:15.007-0500: 22812,485: Total time for which application threads were stopped: 0,0000543 seconds, Stopping threads took: 0,0000170 seconds
2015-12-01T19:09:15.056-0500: 22812,534: Total time for which application threads were stopped: 0,0001361 seconds, Stopping threads took: 0,0000387 seconds
2015-12-01T19:09:15.061-0500: 22812,539: Total time for which application threads were stopped: 0,0001376 seconds, Stopping threads took: 0,0000207 seconds
2015-12-01T19:09:15.062-0500: 22812,540: Total time for which application threads were stopped: 0,0000452 seconds, Stopping threads took: 0,0000104 seconds
2015-12-01T19:09:15.071-0500: 22812,549: Total time for which application threads were stopped: 0,0001074 seconds, Stopping threads took: 0,0000235 seconds
2015-12-01T19:09:15.071-0500: 22812,549: Total time for which application threads were stopped: 0,0000360 seconds, Stopping threads took: 0,0000093 seconds
2015-12-01T19:09:15.079-0500: 22812,557: Total time for which application threads were stopped: 0,0053574 seconds, Stopping threads took: 0,0052626 seconds
2015-12-01T19:09:15.080-0500: 22812,558: Total time for which application threads were stopped: 0,0000886 seconds, Stopping threads took: 0,0000264 seconds
2015-12-01T19:09:15.080-0500: 22812,558: Total time for which application threads were stopped: 0,0000715 seconds, Stopping threads took: 0,0000280 seconds
2015-12-01T19:09:15.081-0500: 22812,559: Total time for which application threads were stopped: 0,0000553 seconds, Stopping threads took: 0,0000110 seconds
2015-12-01T19:09:15.081-0500: 22812,559: Total time for which application threads were stopped: 0,0000343 seconds, Stopping threads took: 0,0000084 seconds
2015-12-01T19:09:15.081-0500: 22812,559: Total time for which application threads were stopped: 0,0000451 seconds, Stopping threads took: 0,0000145 seconds
2015-12-01T19:09:15.081-0500: 22812,559: Total time for which application threads were stopped: 0,0000283 seconds, Stopping threads took: 0,0000066 seconds
2015-12-01T19:09:15.086-0500: 22812,565: Total time for which application threads were stopped: 0,0001037 seconds, Stopping threads took: 0,0000274 seconds
2015-12-01T19:09:17.330-0500: 22814,808: Total time for which application threads were stopped: 0,0448850 seconds, Stopping threads took: 0,0447086 seconds
2015-12-01T19:09:17.331-0500: 22814,809: Total time for which application threads were stopped: 0,0000792 seconds, Stopping threads took: 0,0000179 seconds
2015-12-01T19:09:17.372-0500: 22814,850: Total time for which application threads were stopped: 0,0001358 seconds, Stopping threads took: 0,0000325 seconds
2015-12-01T19:09:17.372-0500: 22814,850: Total time for which application threads were stopped: 0,0001511 seconds, Stopping threads took: 0,0000957 seconds
2015-12-01T19:09:17.377-0500: 22814,855: Total time for which application threads were stopped: 0,0001362 seconds, Stopping threads took: 0,0000300 seconds
2015-12-01T19:09:17.384-0500: 22814,862: Total time for which application threads were stopped: 0,0059724 seconds, Stopping threads took: 0,0058697 seconds
2015-12-01T19:09:17.385-0500: 22814,863: Total time for which application threads were stopped: 0,0001987 seconds, Stopping threads took: 0,0000308 seconds
2015-12-01T19:09:17.385-0500: 22814,863: Total time for which application threads were stopped: 0,0001275 seconds, Stopping threads took: 0,0000131 seconds
2015-12-01T19:09:17.385-0500: 22814,863: Total time for which application threads were stopped: 0,0000708 seconds, Stopping threads took: 0,0000080 seconds
2015-12-01T19:09:20.386-0500: 22817,864: Total time for which application threads were stopped: 0,0000883 seconds, Stopping threads took: 0,0000235 seconds
2015-12-01T19:09:23.368-0500: 22820,846: Total time for which application threads were stopped: 0,0001544 seconds, Stopping threads took: 0,0000298 seconds
2015-12-01T19:09:23.399-0500: 22820,877: Total time for which application threads were stopped: 0,0002330 seconds, Stopping threads took: 0,0000574 seconds
2015-12-01T19:09:25.420-0500: 22822,898: Total time for which application threads were stopped: 0,0001301 seconds, Stopping threads took: 0,0000292 seconds
2015-12-01T19:09:26.763-0500: 22824,241: Total time for which application threads were stopped: 0,0001582 seconds, Stopping threads took: 0,0000311 seconds
2015-12-01T19:09:26.763-0500: 22824,241: Total time for which application threads were stopped: 0,0001018 seconds, Stopping threads took: 0,0000173 seconds
2015-12-01T19:09:26.764-0500: 22824,242: Total time for which application threads were stopped: 0,0003464 seconds, Stopping threads took: 0,0000213 seconds
2015-12-01T19:09:26.764-0500: 22824,242: Total time for which application threads were stopped: 0,0001096 seconds, Stopping threads took: 0,0000178 seconds
2015-12-01T19:09:26.764-0500: 22824,242: Total time for which application threads were stopped: 0,0001194 seconds, Stopping threads took: 0,0000214 seconds
2015-12-01T19:09:26.765-0500: 22824,243: Total time for which application threads were stopped: 0,0001049 seconds, Stopping threads took: 0,0000320 seconds
2015-12-01T19:09:26.765-0500: 22824,243: Total time for which application threads were stopped: 0,0000996 seconds, Stopping threads took: 0,0000170 seconds
2015-12-01T19:09:26.774-0500: 22824,252: Total time for which application threads were stopped: 0,0001326 seconds, Stopping threads took: 0,0000256 seconds
2015-12-01T19:09:26.780-0500: 22824,258: Total time for which application threads were stopped: 0,0001230 seconds, Stopping threads took: 0,0000275 seconds
2015-12-01T19:09:26.789-0500: 22824,267: Total time for which application threads were stopped: 0,0001209 seconds, Stopping threads took: 0,0000331 seconds
2015-12-01T19:09:26.789-0500: 22824,267: Total time for which application threads were stopped: 0,0000410 seconds, Stopping threads took: 0,0000152 seconds
2015-12-01T19:09:26.789-0500: 22824,267: Total time for which application threads were stopped: 0,0000417 seconds, Stopping threads took: 0,0000067 seconds
2015-12-01T19:09:26.789-0500: 22824,267: Total time for which application threads were stopped: 0,0000414 seconds, Stopping threads took: 0,0000097 seconds
2015-12-01T19:09:26.789-0500: 22824,267: Total time for which application threads were stopped: 0,0000405 seconds, Stopping threads took: 0,0000089 seconds
2015-12-01T19:09:26.789-0500: 22824,267: Total time for which application threads were stopped: 0,0000402 seconds, Stopping threads took: 0,0000090 seconds
2015-12-01T19:09:26.789-0500: 22824,267: Total time for which application threads were stopped: 0,0000296 seconds, Stopping threads took: 0,0000060 seconds
2015-12-01T19:09:26.789-0500: 22824,267: Total time for which application threads were stopped: 0,0001031 seconds, Stopping threads took: 0,0000050 seconds
2015-12-01T19:09:26.789-0500: 22824,268: Total time for which application threads were stopped: 0,0000418 seconds, Stopping threads took: 0,0000158 seconds
2015-12-01T19:09:26.793-0500: 22824,271: Total time for which application threads were stopped: 0,0000593 seconds, Stopping threads took: 0,0000208 seconds
2015-12-01T19:09:26.797-0500: 22824,275: Total time for which application threads were stopped: 0,0000912 seconds, Stopping threads took: 0,0000206 seconds
2015-12-01T19:09:26.797-0500: 22824,275: Total time for which application threads were stopped: 0,0000418 seconds, Stopping threads took: 0,0000082 seconds
2015-12-01T19:09:27.427-0500: 22824,906: Total time for which application threads were stopped: 0,0001542 seconds, Stopping threads took: 0,0000279 seconds
{Heap before GC invocations=51 (full 2):
 par new generation   total 109248K, used 94960K [0x00000000e0000000, 0x00000000e8000000, 0x00000000e8000000)
  eden space 87424K, 100% used [0x00000000e0000000, 0x00000000e5560000, 0x00000000e5560000)
  from space 21824K,  34% used [0x00000000e6ab0000, 0x00000000e720c060, 0x00000000e8000000)
  to   space 21824K,   0% used [0x00000000e5560000, 0x00000000e5560000, 0x00000000e6ab0000)
 concurrent mark-sweep generation total 393216K, used 23728K [0x00000000e8000000, 0x0000000100000000, 0x0000000100000000)
 Metaspace       used 52556K, capacity 53588K, committed 53860K, reserved 1097728K
  class space    used 4898K, capacity 5238K, committed 5272K, reserved 1048576K
2015-12-01T19:09:28.794-0500: 22826,272: [GC (Allocation Failure) 2015-12-01T19:09:28.794-0500: 22826,272: [ParNew
Desired survivor size 20112992 bytes, new threshold 8 (max 8)
- age   1:    3065608 bytes,    3065608 total
- age   2:      67128 bytes,    3132736 total
- age   3:    2203048 bytes,    5335784 total
- age   4:     126720 bytes,    5462504 total
- age   5:     234856 bytes,    5697360 total
- age   6:    1237096 bytes,    6934456 total
- age   7:      33472 bytes,    6967928 total
- age   8:      11224 bytes,    6979152 total
: 94960K->8708K(109248K), 0,0078516 secs] 118688K->33287K(502464K), 0,0079295 secs] [Times: user=0,02 sys=0,00, real=0,01 secs] 
Heap after GC invocations=52 (full 2):
 par new generation   total 109248K, used 8708K [0x00000000e0000000, 0x00000000e8000000, 0x00000000e8000000)
  eden space 87424K,   0% used [0x00000000e0000000, 0x00000000e0000000, 0x00000000e5560000)
  from space 21824K,  39% used [0x00000000e5560000, 0x00000000e5de12e0, 0x00000000e6ab0000)
  to   space 21824K,   0% used [0x00000000e6ab0000, 0x00000000e6ab0000, 0x00000000e8000000)
 concurrent mark-sweep generation total 393216K, used 24578K [0x00000000e8000000, 0x0000000100000000, 0x0000000100000000)
 Metaspace       used 52556K, capacity 53588K, committed 53860K, reserved 1097728K
  class space    used 4898K, capacity 5238K, committed 5272K, reserved 1048576K
}
2015-12-01T19:09:28.802-0500: 22826,280: Total time for which application threads were stopped: 0,0082017 seconds, Stopping threads took: 0,0001021 seconds
2015-12-01T19:09:28.809-0500: 22826,287: Total time for which application threads were stopped: 0,0001965 seconds, Stopping threads took: 0,0001124 seconds
2015-12-01T19:09:28.815-0500: 22826,293: Total time for which application threads were stopped: 0,0002028 seconds, Stopping threads took: 0,0000363 seconds
2015-12-01T19:09:28.830-0500: 22826,308: Total time for which application threads were stopped: 0,0004751 seconds, Stopping threads took: 0,0000497 seconds
2015-12-01T19:09:29.177-0500: 22826,655: Total time for which application threads were stopped: 0,0001201 seconds, Stopping threads took: 0,0000334 seconds
2015-12-01T19:09:29.309-0500: 22826,787: Total time for which application threads were stopped: 0,0001190 seconds, Stopping threads took: 0,0000220 seconds
2015-12-01T19:09:29.311-0500: 22826,789: Total time for which application threads were stopped: 0,0002628 seconds, Stopping threads took: 0,0000431 seconds
2015-12-01T19:09:29.311-0500: 22826,789: Total time for which application threads were stopped: 0,0000838 seconds, Stopping threads took: 0,0000152 seconds
2015-12-01T19:09:29.311-0500: 22826,789: Total time for which application threads were stopped: 0,0000625 seconds, Stopping threads took: 0,0000209 seconds
2015-12-01T19:09:29.311-0500: 22826,789: Total time for which application threads were stopped: 0,0000508 seconds, Stopping threads took: 0,0000104 seconds
2015-12-01T19:09:29.527-0500: 22827,005: Total time for which application threads were stopped: 0,0001002 seconds, Stopping threads took: 0,0000297 seconds
2015-12-01T19:10:07.531-0500: 22865,009: Total time for which application threads were stopped: 0,0001522 seconds, Stopping threads took: 0,0000512 seconds
2015-12-01T19:10:08.531-0500: 22866,009: Total time for which application threads were stopped: 0,0001649 seconds, Stopping threads took: 0,0000395 seconds
2015-12-01T19:10:17.384-0500: 22874,862: Total time for which application threads were stopped: 0,0002463 seconds, Stopping threads took: 0,0000481 seconds
2015-12-01T19:10:17.386-0500: 22874,864: Total time for which application threads were stopped: 0,0002131 seconds, Stopping threads took: 0,0000471 seconds
2015-12-01T19:11:37.395-0500: 22954,873: Total time for which application threads were stopped: 0,0000967 seconds, Stopping threads took: 0,0000331 seconds
2015-12-01T19:11:52.397-0500: 22969,875: Total time for which application threads were stopped: 0,0001400 seconds, Stopping threads took: 0,0000493 seconds
2015-12-01T19:14:40.762-0500: 23138,240: Total time for which application threads were stopped: 0,0001011 seconds, Stopping threads took: 0,0000218 seconds
2015-12-01T19:14:40.763-0500: 23138,241: Total time for which application threads were stopped: 0,0000505 seconds, Stopping threads took: 0,0000116 seconds
2015-12-01T19:14:40.763-0500: 23138,241: Total time for which application threads were stopped: 0,0000362 seconds, Stopping threads took: 0,0000064 seconds
2015-12-01T19:14:40.763-0500: 23138,241: Total time for which application threads were stopped: 0,0000410 seconds, Stopping threads took: 0,0000082 seconds
2015-12-01T19:14:40.763-0500: 23138,241: Total time for which application threads were stopped: 0,0000473 seconds, Stopping threads took: 0,0000170 seconds
2015-12-01T19:14:41.626-0500: 23139,104: Total time for which application threads were stopped: 0,0001319 seconds, Stopping threads took: 0,0000284 seconds
2015-12-01T19:14:41.627-0500: 23139,105: Total time for which application threads were stopped: 0,0001369 seconds, Stopping threads took: 0,0000664 seconds
2015-12-01T19:14:41.675-0500: 23139,153: Total time for which application threads were stopped: 0,0001601 seconds, Stopping threads took: 0,0000368 seconds
2015-12-01T19:14:41.675-0500: 23139,153: Total time for which application threads were stopped: 0,0000934 seconds, Stopping threads took: 0,0000373 seconds
2015-12-01T19:14:42.281-0500: 23139,760: Total time for which application threads were stopped: 0,0001381 seconds, Stopping threads took: 0,0000206 seconds
2015-12-01T19:14:42.282-0500: 23139,760: Total time for which application threads were stopped: 0,0000452 seconds, Stopping threads took: 0,0000069 seconds
2015-12-01T19:14:42.297-0500: 23139,776: Total time for which application threads were stopped: 0,0001443 seconds, Stopping threads took: 0,0000483 seconds
2015-12-01T19:14:42.298-0500: 23139,776: Total time for which application threads were stopped: 0,0000791 seconds, Stopping threads took: 0,0000080 seconds
2015-12-01T19:14:48.159-0500: 23145,637: Total time for which application threads were stopped: 0,0001318 seconds, Stopping threads took: 0,0000235 seconds
2015-12-01T19:14:48.159-0500: 23145,637: Total time for which application threads were stopped: 0,0000908 seconds, Stopping threads took: 0,0000333 seconds
2015-12-01T19:14:48.163-0500: 23145,641: Total time for which application threads were stopped: 0,0004675 seconds, Stopping threads took: 0,0000910 seconds
2015-12-01T19:14:48.163-0500: 23145,641: Total time for which application threads were stopped: 0,0000581 seconds, Stopping threads took: 0,0000143 seconds
2015-12-01T19:15:48.159-0500: 23205,637: Total time for which application threads were stopped: 0,0001528 seconds, Stopping threads took: 0,0000447 seconds
2015-12-01T19:15:48.164-0500: 23205,642: Total time for which application threads were stopped: 0,0000882 seconds, Stopping threads took: 0,0000184 seconds
2015-12-01T19:16:44.870-0500: 23262,348: Total time for which application threads were stopped: 0,0001183 seconds, Stopping threads took: 0,0000287 seconds
2015-12-01T19:16:44.877-0500: 23262,355: Total time for which application threads were stopped: 0,0001314 seconds, Stopping threads took: 0,0000498 seconds
2015-12-01T19:16:44.877-0500: 23262,355: Total time for which application threads were stopped: 0,0000924 seconds, Stopping threads took: 0,0000134 seconds
2015-12-01T19:16:45.102-0500: 23262,580: Total time for which application threads were stopped: 0,0039125 seconds, Stopping threads took: 0,0037671 seconds
2015-12-01T19:16:45.102-0500: 23262,580: Total time for which application threads were stopped: 0,0001223 seconds, Stopping threads took: 0,0000185 seconds
2015-12-01T19:16:45.110-0500: 23262,588: Total time for which application threads were stopped: 0,0001087 seconds, Stopping threads took: 0,0000321 seconds
2015-12-01T19:16:45.113-0500: 23262,591: Total time for which application threads were stopped: 0,0005801 seconds, Stopping threads took: 0,0002374 seconds
{Heap before GC invocations=52 (full 2):
 par new generation   total 109248K, used 96132K [0x00000000e0000000, 0x00000000e8000000, 0x00000000e8000000)
  eden space 87424K, 100% used [0x00000000e0000000, 0x00000000e5560000, 0x00000000e5560000)
  from space 21824K,  39% used [0x00000000e5560000, 0x00000000e5de12e0, 0x00000000e6ab0000)
  to   space 21824K,   0% used [0x00000000e6ab0000, 0x00000000e6ab0000, 0x00000000e8000000)
 concurrent mark-sweep generation total 393216K, used 24578K [0x00000000e8000000, 0x0000000100000000, 0x0000000100000000)
 Metaspace       used 52678K, capacity 53684K, committed 53860K, reserved 1097728K
  class space    used 4901K, capacity 5270K, committed 5272K, reserved 1048576K
2015-12-01T19:16:47.663-0500: 23265,141: [GC (Allocation Failure) 2015-12-01T19:16:47.663-0500: 23265,141: [ParNew
Desired survivor size 20112992 bytes, new threshold 8 (max 8)
- age   1:    2259296 bytes,    2259296 total
- age   2:    1452120 bytes,    3711416 total
- age   3:      67200 bytes,    3778616 total
- age   4:    1335328 bytes,    5113944 total
- age   5:       4744 bytes,    5118688 total
- age   6:      99704 bytes,    5218392 total
- age   7:     760520 bytes,    5978912 total
- age   8:      33472 bytes,    6012384 total
: 96132K->10215K(109248K), 0,0135033 secs] 120711K->34805K(502464K), 0,0135957 secs] [Times: user=0,04 sys=0,00, real=0,01 secs] 
Heap after GC invocations=53 (full 2):
 par new generation   total 109248K, used 10215K [0x00000000e0000000, 0x00000000e8000000, 0x00000000e8000000)
  eden space 87424K,   0% used [0x00000000e0000000, 0x00000000e0000000, 0x00000000e5560000)
  from space 21824K,  46% used [0x00000000e6ab0000, 0x00000000e74a9e10, 0x00000000e8000000)
  to   space 21824K,   0% used [0x00000000e5560000, 0x00000000e5560000, 0x00000000e6ab0000)
 concurrent mark-sweep generation total 393216K, used 24589K [0x00000000e8000000, 0x0000000100000000, 0x0000000100000000)
 Metaspace       used 52678K, capacity 53684K, committed 53860K, reserved 1097728K
  class space    used 4901K, capacity 5270K, committed 5272K, reserved 1048576K
}
2015-12-01T19:16:47.676-0500: 23265,154: Total time for which application threads were stopped: 0,0137900 seconds, Stopping threads took: 0,0000327 seconds
2015-12-01T19:16:47.677-0500: 23265,155: Total time for which application threads were stopped: 0,0001522 seconds, Stopping threads took: 0,0000370 seconds
2015-12-01T19:16:47.677-0500: 23265,155: Total time for which application threads were stopped: 0,0000865 seconds, Stopping threads took: 0,0000193 seconds
2015-12-01T19:16:47.677-0500: 23265,155: Total time for which application threads were stopped: 0,0000675 seconds, Stopping threads took: 0,0000287 seconds
{Heap before GC invocations=53 (full 2):
 par new generation   total 109248K, used 97639K [0x00000000e0000000, 0x00000000e8000000, 0x00000000e8000000)
  eden space 87424K, 100% used [0x00000000e0000000, 0x00000000e5560000, 0x00000000e5560000)
  from space 21824K,  46% used [0x00000000e6ab0000, 0x00000000e74a9e10, 0x00000000e8000000)
  to   space 21824K,   0% used [0x00000000e5560000, 0x00000000e5560000, 0x00000000e6ab0000)
 concurrent mark-sweep generation total 393216K, used 24589K [0x00000000e8000000, 0x0000000100000000, 0x0000000100000000)
 Metaspace       used 52679K, capacity 53748K, committed 53860K, reserved 1097728K
  class space    used 4901K, capacity 5270K, committed 5272K, reserved 1048576K
2015-12-01T19:16:47.712-0500: 23265,190: [GC (Allocation Failure) 2015-12-01T19:16:47.712-0500: 23265,190: [ParNew
Desired survivor size 20112992 bytes, new threshold 8 (max 8)
- age   1:    1042488 bytes,    1042488 total
- age   2:    1748480 bytes,    2790968 total
- age   3:    1450160 bytes,    4241128 total
- age   4:      67128 bytes,    4308256 total
- age   5:    1335328 bytes,    5643584 total
- age   6:       4744 bytes,    5648328 total
- age   7:      99704 bytes,    5748032 total
- age   8:     760520 bytes,    6508552 total
: 97639K->7317K(109248K), 0,0064394 secs] 122229K->31942K(502464K), 0,0065454 secs] [Times: user=0,03 sys=0,00, real=0,01 secs] 
Heap after GC invocations=54 (full 2):
 par new generation   total 109248K, used 7317K [0x00000000e0000000, 0x00000000e8000000, 0x00000000e8000000)
  eden space 87424K,   0% used [0x00000000e0000000, 0x00000000e0000000, 0x00000000e5560000)
  from space 21824K,  33% used [0x00000000e5560000, 0x00000000e5c857e0, 0x00000000e6ab0000)
  to   space 21824K,   0% used [0x00000000e6ab0000, 0x00000000e6ab0000, 0x00000000e8000000)
 concurrent mark-sweep generation total 393216K, used 24624K [0x00000000e8000000, 0x0000000100000000, 0x0000000100000000)
 Metaspace       used 52679K, capacity 53748K, committed 53860K, reserved 1097728K
  class space    used 4901K, capacity 5270K, committed 5272K, reserved 1048576K
}
2015-12-01T19:16:47.719-0500: 23265,197: Total time for which application threads were stopped: 0,0067228 seconds, Stopping threads took: 0,0000245 seconds
2015-12-01T19:16:47.774-0500: 23265,252: Total time for which application threads were stopped: 0,0001606 seconds, Stopping threads took: 0,0000410 seconds
2015-12-01T19:16:47.787-0500: 23265,265: Total time for which application threads were stopped: 0,0002580 seconds, Stopping threads took: 0,0001189 seconds
2015-12-01T19:16:47.797-0500: 23265,275: Total time for which application threads were stopped: 0,0001818 seconds, Stopping threads took: 0,0000789 seconds
2015-12-01T19:16:47.798-0500: 23265,276: Total time for which application threads were stopped: 0,0001746 seconds, Stopping threads took: 0,0000146 seconds
2015-12-01T19:16:47.799-0500: 23265,277: Total time for which application threads were stopped: 0,0001309 seconds, Stopping threads took: 0,0000721 seconds
2015-12-01T19:16:47.799-0500: 23265,277: Total time for which application threads were stopped: 0,0001014 seconds, Stopping threads took: 0,0000624 seconds
2015-12-01T19:16:47.799-0500: 23265,277: Total time for which application threads were stopped: 0,0000666 seconds, Stopping threads took: 0,0000262 seconds
2015-12-01T19:16:47.808-0500: 23265,286: Total time for which application threads were stopped: 0,0002500 seconds, Stopping threads took: 0,0000255 seconds
2015-12-01T19:16:48.808-0500: 23266,286: Total time for which application threads were stopped: 0,0001062 seconds, Stopping threads took: 0,0000260 seconds
2015-12-01T19:16:49.492-0500: 23266,970: Total time for which application threads were stopped: 0,0001147 seconds, Stopping threads took: 0,0000207 seconds
{Heap before GC invocations=54 (full 2):
 par new generation   total 109248K, used 94741K [0x00000000e0000000, 0x00000000e8000000, 0x00000000e8000000)
  eden space 87424K, 100% used [0x00000000e0000000, 0x00000000e5560000, 0x00000000e5560000)
  from space 21824K,  33% used [0x00000000e5560000, 0x00000000e5c857e0, 0x00000000e6ab0000)
  to   space 21824K,   0% used [0x00000000e6ab0000, 0x00000000e6ab0000, 0x00000000e8000000)
 concurrent mark-sweep generation total 393216K, used 24624K [0x00000000e8000000, 0x0000000100000000, 0x0000000100000000)
 Metaspace       used 53064K, capacity 54326K, committed 54500K, reserved 1097728K
  class space    used 4953K, capacity 5361K, committed 5400K, reserved 1048576K
2015-12-01T19:16:49.492-0500: 23266,970: [GC (Allocation Failure) 2015-12-01T19:16:49.492-0500: 23266,970: [ParNew
Desired survivor size 20112992 bytes, new threshold 8 (max 8)
- age   1:     871088 bytes,     871088 total
- age   2:     146192 bytes,    1017280 total
- age   3:    1715424 bytes,    2732704 total
- age   4:    1444736 bytes,    4177440 total
- age   5:      67128 bytes,    4244568 total
- age   6:    1335304 bytes,    5579872 total
- age   7:       4744 bytes,    5584616 total
- age   8:      99704 bytes,    5684320 total
: 94741K->9622K(109248K), 0,0131230 secs] 119366K->34996K(502464K), 0,0131839 secs] [Times: user=0,03 sys=0,00, real=0,01 secs] 
Heap after GC invocations=55 (full 2):
 par new generation   total 109248K, used 9622K [0x00000000e0000000, 0x00000000e8000000, 0x00000000e8000000)
  eden space 87424K,   0% used [0x00000000e0000000, 0x00000000e0000000, 0x00000000e5560000)
  from space 21824K,  44% used [0x00000000e6ab0000, 0x00000000e7415be8, 0x00000000e8000000)
  to   space 21824K,   0% used [0x00000000e5560000, 0x00000000e5560000, 0x00000000e6ab0000)
 concurrent mark-sweep generation total 393216K, used 25373K [0x00000000e8000000, 0x0000000100000000, 0x0000000100000000)
 Metaspace       used 53064K, capacity 54326K, committed 54500K, reserved 1097728K
  class space    used 4953K, capacity 5361K, committed 5400K, reserved 1048576K
}
2015-12-01T19:16:49.506-0500: 23266,984: Total time for which application threads were stopped: 0,0133294 seconds, Stopping threads took: 0,0000118 seconds
2015-12-01T19:16:49.506-0500: 23266,984: Total time for which application threads were stopped: 0,0000862 seconds, Stopping threads took: 0,0000207 seconds
2015-12-01T19:16:49.517-0500: 23266,995: Total time for which application threads were stopped: 0,0001153 seconds, Stopping threads took: 0,0000205 seconds
2015-12-01T19:16:49.524-0500: 23267,002: Total time for which application threads were stopped: 0,0001678 seconds, Stopping threads took: 0,0000223 seconds
2015-12-01T19:16:49.524-0500: 23267,002: Total time for which application threads were stopped: 0,0000812 seconds, Stopping threads took: 0,0000184 seconds
2015-12-01T19:16:49.526-0500: 23267,004: Total time for which application threads were stopped: 0,0001220 seconds, Stopping threads took: 0,0000214 seconds
2015-12-01T19:16:49.526-0500: 23267,004: Total time for which application threads were stopped: 0,0000298 seconds, Stopping threads took: 0,0000047 seconds
2015-12-01T19:16:50.218-0500: 23267,696: Total time for which application threads were stopped: 0,0001115 seconds, Stopping threads took: 0,0000303 seconds
2015-12-01T19:16:50.240-0500: 23267,718: Total time for which application threads were stopped: 0,0001202 seconds, Stopping threads took: 0,0000223 seconds
2015-12-01T19:16:50.241-0500: 23267,719: Total time for which application threads were stopped: 0,0000764 seconds, Stopping threads took: 0,0000130 seconds
2015-12-01T19:16:50.241-0500: 23267,719: Total time for which application threads were stopped: 0,0000547 seconds, Stopping threads took: 0,0000121 seconds
2015-12-01T19:16:50.241-0500: 23267,719: Total time for which application threads were stopped: 0,0000356 seconds, Stopping threads took: 0,0000060 seconds
2015-12-01T19:16:50.241-0500: 23267,719: Total time for which application threads were stopped: 0,0000329 seconds, Stopping threads took: 0,0000053 seconds
2015-12-01T19:16:50.241-0500: 23267,719: Total time for which application threads were stopped: 0,0000392 seconds, Stopping threads took: 0,0000061 seconds
2015-12-01T19:16:50.241-0500: 23267,719: Total time for which application threads were stopped: 0,0000369 seconds, Stopping threads took: 0,0000066 seconds
2015-12-01T19:16:50.242-0500: 23267,720: Total time for which application threads were stopped: 0,0000438 seconds, Stopping threads took: 0,0000088 seconds
2015-12-01T19:16:52.208-0500: 23269,686: Total time for which application threads were stopped: 0,0001884 seconds, Stopping threads took: 0,0000972 seconds
2015-12-01T19:16:52.213-0500: 23269,691: Total time for which application threads were stopped: 0,0001177 seconds, Stopping threads took: 0,0000329 seconds
2015-12-01T19:16:52.223-0500: 23269,702: Total time for which application threads were stopped: 0,0001223 seconds, Stopping threads took: 0,0000359 seconds
2015-12-01T19:16:52.224-0500: 23269,702: Total time for which application threads were stopped: 0,0001471 seconds, Stopping threads took: 0,0000919 seconds
2015-12-01T19:16:52.224-0500: 23269,702: Total time for which application threads were stopped: 0,0000502 seconds, Stopping threads took: 0,0000207 seconds
2015-12-01T19:16:52.248-0500: 23269,726: Total time for which application threads were stopped: 0,0000902 seconds, Stopping threads took: 0,0000191 seconds
2015-12-01T19:16:52.249-0500: 23269,727: Total time for which application threads were stopped: 0,0000395 seconds, Stopping threads took: 0,0000051 seconds
2015-12-01T19:16:52.249-0500: 23269,727: Total time for which application threads were stopped: 0,0000614 seconds, Stopping threads took: 0,0000299 seconds
2015-12-01T19:16:52.252-0500: 23269,730: Total time for which application threads were stopped: 0,0000706 seconds, Stopping threads took: 0,0000320 seconds
2015-12-01T19:16:52.252-0500: 23269,730: Total time for which application threads were stopped: 0,0000481 seconds, Stopping threads took: 0,0000195 seconds
2015-12-01T19:16:52.261-0500: 23269,739: Total time for which application threads were stopped: 0,0002520 seconds, Stopping threads took: 0,0001045 seconds
2015-12-01T19:16:53.261-0500: 23270,739: Total time for which application threads were stopped: 0,0001049 seconds, Stopping threads took: 0,0000217 seconds
2015-12-01T19:16:54.236-0500: 23271,714: Total time for which application threads were stopped: 0,0000891 seconds, Stopping threads took: 0,0000188 seconds
2015-12-01T19:16:54.374-0500: 23271,852: Total time for which application threads were stopped: 0,0001221 seconds, Stopping threads took: 0,0000345 seconds
2015-12-01T19:16:54.592-0500: 23272,070: Total time for which application threads were stopped: 0,0000865 seconds, Stopping threads took: 0,0000168 seconds
2015-12-01T19:16:56.287-0500: 23273,765: Total time for which application threads were stopped: 0,0002298 seconds, Stopping threads took: 0,0000452 seconds
2015-12-01T19:16:57.288-0500: 23274,766: Total time for which application threads were stopped: 0,0002114 seconds, Stopping threads took: 0,0000478 seconds
2015-12-01T19:17:45.103-0500: 23322,581: Total time for which application threads were stopped: 0,0001093 seconds, Stopping threads took: 0,0000338 seconds
2015-12-01T19:17:49.526-0500: 23327,004: Total time for which application threads were stopped: 0,0000838 seconds, Stopping threads took: 0,0000177 seconds
2015-12-01T19:18:27.914-0500: 23365,392: Total time for which application threads were stopped: 0,0164478 seconds, Stopping threads took: 0,0163411 seconds
{Heap before GC invocations=55 (full 2):
 par new generation   total 109248K, used 97046K [0x00000000e0000000, 0x00000000e8000000, 0x00000000e8000000)
  eden space 87424K, 100% used [0x00000000e0000000, 0x00000000e5560000, 0x00000000e5560000)
  from space 21824K,  44% used [0x00000000e6ab0000, 0x00000000e7415be8, 0x00000000e8000000)
  to   space 21824K,   0% used [0x00000000e5560000, 0x00000000e5560000, 0x00000000e6ab0000)
 concurrent mark-sweep generation total 393216K, used 25373K [0x00000000e8000000, 0x0000000100000000, 0x0000000100000000)
 Metaspace       used 54572K, capacity 55958K, committed 56164K, reserved 1099776K
  class space    used 5043K, capacity 5457K, committed 5528K, reserved 1048576K
2015-12-01T19:18:27.925-0500: 23365,403: [GC (Allocation Failure) 2015-12-01T19:18:27.925-0500: 23365,403: [ParNew
Desired survivor size 20112992 bytes, new threshold 8 (max 8)
- age   1:    3628760 bytes,    3628760 total
- age   2:     750768 bytes,    4379528 total
- age   3:     145848 bytes,    4525376 total
- age   4:     722976 bytes,    5248352 total
- age   5:     645240 bytes,    5893592 total
- age   6:       2296 bytes,    5895888 total
- age   7:     762944 bytes,    6658832 total
- age   8:       4744 bytes,    6663576 total
: 97046K->8287K(109248K), 0,0083927 secs] 122420K->33759K(502464K), 0,0084789 secs] [Times: user=0,02 sys=0,00, real=0,01 secs] 
Heap after GC invocations=56 (full 2):
 par new generation   total 109248K, used 8287K [0x00000000e0000000, 0x00000000e8000000, 0x00000000e8000000)
  eden space 87424K,   0% used [0x00000000e0000000, 0x00000000e0000000, 0x00000000e5560000)
  from space 21824K,  37% used [0x00000000e5560000, 0x00000000e5d77da0, 0x00000000e6ab0000)
  to   space 21824K,   0% used [0x00000000e6ab0000, 0x00000000e6ab0000, 0x00000000e8000000)
 concurrent mark-sweep generation total 393216K, used 25471K [0x00000000e8000000, 0x0000000100000000, 0x0000000100000000)
 Metaspace       used 54572K, capacity 55958K, committed 56164K, reserved 1099776K
  class space    used 5043K, capacity 5457K, committed 5528K, reserved 1048576K
}
2015-12-01T19:18:27.934-0500: 23365,412: Total time for which application threads were stopped: 0,0086929 seconds, Stopping threads took: 0,0000377 seconds
2015-12-01T19:18:27.934-0500: 23365,412: Total time for which application threads were stopped: 0,0001226 seconds, Stopping threads took: 0,0000266 seconds
2015-12-01T19:18:27.934-0500: 23365,413: Total time for which application threads were stopped: 0,0000992 seconds, Stopping threads took: 0,0000625 seconds
2015-12-01T19:18:27.935-0500: 23365,413: Total time for which application threads were stopped: 0,0001238 seconds, Stopping threads took: 0,0000813 seconds
2015-12-01T19:18:27.935-0500: 23365,413: Total time for which application threads were stopped: 0,0000855 seconds, Stopping threads took: 0,0000251 seconds
{Heap before GC invocations=56 (full 2):
 par new generation   total 109248K, used 95706K [0x00000000e0000000, 0x00000000e8000000, 0x00000000e8000000)
  eden space 87424K,  99% used [0x00000000e0000000, 0x00000000e555ec78, 0x00000000e5560000)
  from space 21824K,  37% used [0x00000000e5560000, 0x00000000e5d77da0, 0x00000000e6ab0000)
  to   space 21824K,   0% used [0x00000000e6ab0000, 0x00000000e6ab0000, 0x00000000e8000000)
 concurrent mark-sweep generation total 393216K, used 25471K [0x00000000e8000000, 0x0000000100000000, 0x0000000100000000)
 Metaspace       used 54574K, capacity 55958K, committed 56164K, reserved 1099776K
  class space    used 5043K, capacity 5457K, committed 5528K, reserved 1048576K
2015-12-01T19:18:28.038-0500: 23365,516: [GC (Allocation Failure) 2015-12-01T19:18:28.038-0500: 23365,516: [ParNew
Desired survivor size 20112992 bytes, new threshold 8 (max 8)
- age   1:     936368 bytes,     936368 total
- age   2:    2468032 bytes,    3404400 total
- age   3:     750768 bytes,    4155168 total
- age   4:     145824 bytes,    4300992 total
- age   5:     722456 bytes,    5023448 total
- age   6:     605608 bytes,    5629056 total
- age   7:       2296 bytes,    5631352 total
- age   8:     762944 bytes,    6394296 total
: 95706K->9749K(109248K), 0,0059100 secs] 121178K->35226K(502464K), 0,0059904 secs] [Times: user=0,01 sys=0,00, real=0,00 secs] 
Heap after GC invocations=57 (full 2):
 par new generation   total 109248K, used 9749K [0x00000000e0000000, 0x00000000e8000000, 0x00000000e8000000)
  eden space 87424K,   0% used [0x00000000e0000000, 0x00000000e0000000, 0x00000000e5560000)
  from space 21824K,  44% used [0x00000000e6ab0000, 0x00000000e7435650, 0x00000000e8000000)
  to   space 21824K,   0% used [0x00000000e5560000, 0x00000000e5560000, 0x00000000e6ab0000)
 concurrent mark-sweep generation total 393216K, used 25476K [0x00000000e8000000, 0x0000000100000000, 0x0000000100000000)
 Metaspace       used 54574K, capacity 55958K, committed 56164K, reserved 1099776K
  class space    used 5043K, capacity 5457K, committed 5528K, reserved 1048576K
}
2015-12-01T19:18:28.044-0500: 23365,522: Total time for which application threads were stopped: 0,0063115 seconds, Stopping threads took: 0,0001654 seconds
2015-12-01T19:18:28.051-0500: 23365,529: Total time for which application threads were stopped: 0,0062781 seconds, Stopping threads took: 0,0061762 seconds
2015-12-01T19:18:28.051-0500: 23365,529: Total time for which application threads were stopped: 0,0001392 seconds, Stopping threads took: 0,0000683 seconds
2015-12-01T19:18:28.051-0500: 23365,529: Total time for which application threads were stopped: 0,0000851 seconds, Stopping threads took: 0,0000319 seconds
{Heap before GC invocations=57 (full 2):
 par new generation   total 109248K, used 97173K [0x00000000e0000000, 0x00000000e8000000, 0x00000000e8000000)
  eden space 87424K, 100% used [0x00000000e0000000, 0x00000000e5560000, 0x00000000e5560000)
  from space 21824K,  44% used [0x00000000e6ab0000, 0x00000000e7435650, 0x00000000e8000000)
  to   space 21824K,   0% used [0x00000000e5560000, 0x00000000e5560000, 0x00000000e6ab0000)
 concurrent mark-sweep generation total 393216K, used 25476K [0x00000000e8000000, 0x0000000100000000, 0x0000000100000000)
 Metaspace       used 54575K, capacity 55958K, committed 56164K, reserved 1099776K
  class space    used 5043K, capacity 5457K, committed 5528K, reserved 1048576K
2015-12-01T19:18:28.106-0500: 23365,584: [GC (Allocation Failure) 2015-12-01T19:18:28.106-0500: 23365,584: [ParNew
Desired survivor size 20112992 bytes, new threshold 8 (max 8)
- age   1:     598616 bytes,     598616 total
- age   2:     144496 bytes,     743112 total
- age   3:    2457256 bytes,    3200368 total
- age   4:     750848 bytes,    3951216 total
- age   5:     145824 bytes,    4097040 total
- age   6:     722456 bytes,    4819496 total
- age   7:     605608 bytes,    5425104 total
- age   8:       2296 bytes,    5427400 total
: 97173K->6646K(109248K), 0,0175450 secs] 122650K->32876K(502464K), 0,0176310 secs] [Times: user=0,04 sys=0,01, real=0,02 secs] 
Heap after GC invocations=58 (full 2):
 par new generation   total 109248K, used 6646K [0x00000000e0000000, 0x00000000e8000000, 0x00000000e8000000)
  eden space 87424K,   0% used [0x00000000e0000000, 0x00000000e0000000, 0x00000000e5560000)
  from space 21824K,  30% used [0x00000000e5560000, 0x00000000e5bdd8e0, 0x00000000e6ab0000)
  to   space 21824K,   0% used [0x00000000e6ab0000, 0x00000000e6ab0000, 0x00000000e8000000)
 concurrent mark-sweep generation total 393216K, used 26230K [0x00000000e8000000, 0x0000000100000000, 0x0000000100000000)
 Metaspace       used 54575K, capacity 55958K, committed 56164K, reserved 1099776K
  class space    used 5043K, capacity 5457K, committed 5528K, reserved 1048576K
}
2015-12-01T19:18:28.124-0500: 23365,602: Total time for which application threads were stopped: 0,0178296 seconds, Stopping threads took: 0,0000354 seconds
2015-12-01T19:18:28.126-0500: 23365,604: Total time for which application threads were stopped: 0,0001258 seconds, Stopping threads took: 0,0000204 seconds
2015-12-01T19:18:28.135-0500: 23365,613: Total time for which application threads were stopped: 0,0001534 seconds, Stopping threads took: 0,0000377 seconds
2015-12-01T19:18:28.141-0500: 23365,619: Total time for which application threads were stopped: 0,0000971 seconds, Stopping threads took: 0,0000210 seconds
2015-12-01T19:18:28.141-0500: 23365,619: Total time for which application threads were stopped: 0,0001354 seconds, Stopping threads took: 0,0000961 seconds
2015-12-01T19:18:28.144-0500: 23365,622: Total time for which application threads were stopped: 0,0000968 seconds, Stopping threads took: 0,0000193 seconds
2015-12-01T19:18:28.144-0500: 23365,622: Total time for which application threads were stopped: 0,0000500 seconds, Stopping threads took: 0,0000118 seconds
2015-12-01T19:18:28.149-0500: 23365,627: Total time for which application threads were stopped: 0,0037796 seconds, Stopping threads took: 0,0037123 seconds
2015-12-01T19:18:28.149-0500: 23365,627: Total time for which application threads were stopped: 0,0001232 seconds, Stopping threads took: 0,0000804 seconds
2015-12-01T19:18:28.160-0500: 23365,638: Total time for which application threads were stopped: 0,0001467 seconds, Stopping threads took: 0,0000359 seconds
2015-12-01T19:18:30.201-0500: 23367,679: Total time for which application threads were stopped: 0,0001223 seconds, Stopping threads took: 0,0000247 seconds
2015-12-01T19:18:30.212-0500: 23367,690: Total time for which application threads were stopped: 0,0001741 seconds, Stopping threads took: 0,0000252 seconds
2015-12-01T19:18:30.213-0500: 23367,691: Total time for which application threads were stopped: 0,0001012 seconds, Stopping threads took: 0,0000151 seconds
2015-12-01T19:18:30.214-0500: 23367,692: Total time for which application threads were stopped: 0,0001077 seconds, Stopping threads took: 0,0000190 seconds
2015-12-01T19:18:30.219-0500: 23367,697: Total time for which application threads were stopped: 0,0001342 seconds, Stopping threads took: 0,0000269 seconds
2015-12-01T19:18:30.219-0500: 23367,697: Total time for which application threads were stopped: 0,0000612 seconds, Stopping threads took: 0,0000090 seconds
2015-12-01T19:18:31.144-0500: 23368,623: Total time for which application threads were stopped: 0,0001257 seconds, Stopping threads took: 0,0000261 seconds
2015-12-01T19:18:31.171-0500: 23368,650: Total time for which application threads were stopped: 0,0001134 seconds, Stopping threads took: 0,0000209 seconds
2015-12-01T19:18:31.173-0500: 23368,651: Total time for which application threads were stopped: 0,0003329 seconds, Stopping threads took: 0,0000679 seconds
2015-12-01T19:18:31.173-0500: 23368,652: Total time for which application threads were stopped: 0,0005632 seconds, Stopping threads took: 0,0000175 seconds
2015-12-01T19:18:31.174-0500: 23368,652: Total time for which application threads were stopped: 0,0000636 seconds, Stopping threads took: 0,0000105 seconds
2015-12-01T19:18:31.174-0500: 23368,652: Total time for which application threads were stopped: 0,0000418 seconds, Stopping threads took: 0,0000048 seconds
2015-12-01T19:18:31.174-0500: 23368,652: Total time for which application threads were stopped: 0,0000456 seconds, Stopping threads took: 0,0000077 seconds
2015-12-01T19:18:31.174-0500: 23368,652: Total time for which application threads were stopped: 0,0000419 seconds, Stopping threads took: 0,0000044 seconds
2015-12-01T19:18:31.174-0500: 23368,652: Total time for which application threads were stopped: 0,0000419 seconds, Stopping threads took: 0,0000062 seconds
2015-12-01T19:18:33.197-0500: 23370,675: Total time for which application threads were stopped: 0,0001547 seconds, Stopping threads took: 0,0000228 seconds
2015-12-01T19:18:42.198-0500: 23379,676: Total time for which application threads were stopped: 0,0000869 seconds, Stopping threads took: 0,0000211 seconds
2015-12-01T19:18:49.700-0500: 23387,178: Total time for which application threads were stopped: 0,0001350 seconds, Stopping threads took: 0,0000367 seconds
2015-12-01T19:18:49.725-0500: 23387,203: Total time for which application threads were stopped: 0,0140954 seconds, Stopping threads took: 0,0139880 seconds
2015-12-01T19:18:49.732-0500: 23387,210: Total time for which application threads were stopped: 0,0001538 seconds, Stopping threads took: 0,0000373 seconds
2015-12-01T19:18:49.732-0500: 23387,210: Total time for which application threads were stopped: 0,0000493 seconds, Stopping threads took: 0,0000133 seconds
2015-12-01T19:18:49.732-0500: 23387,210: Total time for which application threads were stopped: 0,0000372 seconds, Stopping threads took: 0,0000116 seconds
2015-12-01T19:18:49.733-0500: 23387,211: Total time for which application threads were stopped: 0,0000737 seconds, Stopping threads took: 0,0000215 seconds
2015-12-01T19:18:49.733-0500: 23387,211: Total time for which application threads were stopped: 0,0000417 seconds, Stopping threads took: 0,0000127 seconds
2015-12-01T19:18:49.733-0500: 23387,211: Total time for which application threads were stopped: 0,0000390 seconds, Stopping threads took: 0,0000120 seconds
2015-12-01T19:18:49.739-0500: 23387,217: Total time for which application threads were stopped: 0,0001583 seconds, Stopping threads took: 0,0000319 seconds
2015-12-01T19:18:50.739-0500: 23388,217: Total time for which application threads were stopped: 0,0001078 seconds, Stopping threads took: 0,0000246 seconds
2015-12-01T19:18:51.372-0500: 23388,850: Total time for which application threads were stopped: 0,0001574 seconds, Stopping threads took: 0,0000256 seconds
2015-12-01T19:18:51.874-0500: 23389,352: Total time for which application threads were stopped: 0,0001268 seconds, Stopping threads took: 0,0000378 seconds
2015-12-01T19:18:52.091-0500: 23389,569: Total time for which application threads were stopped: 0,0001111 seconds, Stopping threads took: 0,0000334 seconds
2015-12-01T19:18:53.091-0500: 23390,569: Total time for which application threads were stopped: 0,0000911 seconds, Stopping threads took: 0,0000222 seconds
2015-12-01T19:19:30.219-0500: 23427,697: Total time for which application threads were stopped: 0,0001397 seconds, Stopping threads took: 0,0000440 seconds
2015-12-01T19:21:45.235-0500: 23562,713: Total time for which application threads were stopped: 0,0001662 seconds, Stopping threads took: 0,0000523 seconds
2015-12-01T19:21:48.235-0500: 23565,713: Total time for which application threads were stopped: 0,0002358 seconds, Stopping threads took: 0,0000740 seconds
{Heap before GC invocations=58 (full 2):
 par new generation   total 109248K, used 94070K [0x00000000e0000000, 0x00000000e8000000, 0x00000000e8000000)
  eden space 87424K, 100% used [0x00000000e0000000, 0x00000000e5560000, 0x00000000e5560000)
  from space 21824K,  30% used [0x00000000e5560000, 0x00000000e5bdd8e0, 0x00000000e6ab0000)
  to   space 21824K,   0% used [0x00000000e6ab0000, 0x00000000e6ab0000, 0x00000000e8000000)
 concurrent mark-sweep generation total 393216K, used 26230K [0x00000000e8000000, 0x0000000100000000, 0x0000000100000000)
 Metaspace       used 56159K, capacity 57544K, committed 57828K, reserved 1101824K
  class space    used 5141K, capacity 5562K, committed 5656K, reserved 1048576K
2015-12-01T19:23:32.421-0500: 23669,900: [GC (Allocation Failure) 2015-12-01T19:23:32.421-0500: 23669,900: [ParNew
Desired survivor size 20112992 bytes, new threshold 8 (max 8)
- age   1:    2808056 bytes,    2808056 total
- age   2:     491672 bytes,    3299728 total
- age   3:     143624 bytes,    3443352 total
- age   4:    1543192 bytes,    4986544 total
- age   5:     740400 bytes,    5726944 total
- age   6:     145824 bytes,    5872768 total
- age   7:     708360 bytes,    6581128 total
- age   8:     605608 bytes,    7186736 total
: 94070K->10605K(109248K), 0,0915752 secs] 120300K->36838K(502464K), 0,0916461 secs] [Times: user=0,21 sys=0,00, real=0,09 secs] 
Heap after GC invocations=59 (full 2):
 par new generation   total 109248K, used 10605K [0x00000000e0000000, 0x00000000e8000000, 0x00000000e8000000)
  eden space 87424K,   0% used [0x00000000e0000000, 0x00000000e0000000, 0x00000000e5560000)
  from space 21824K,  48% used [0x00000000e6ab0000, 0x00000000e750b610, 0x00000000e8000000)
  to   space 21824K,   0% used [0x00000000e5560000, 0x00000000e5560000, 0x00000000e6ab0000)
 concurrent mark-sweep generation total 393216K, used 26233K [0x00000000e8000000, 0x0000000100000000, 0x0000000100000000)
 Metaspace       used 56159K, capacity 57544K, committed 57828K, reserved 1101824K
  class space    used 5141K, capacity 5562K, committed 5656K, reserved 1048576K
}
2015-12-01T19:23:32.513-0500: 23669,991: Total time for which application threads were stopped: 0,0919062 seconds, Stopping threads took: 0,0000330 seconds
2015-12-01T19:23:32.513-0500: 23669,992: Total time for which application threads were stopped: 0,0001229 seconds, Stopping threads took: 0,0000263 seconds
{Heap before GC invocations=59 (full 2):
 par new generation   total 109248K, used 98029K [0x00000000e0000000, 0x00000000e8000000, 0x00000000e8000000)
  eden space 87424K, 100% used [0x00000000e0000000, 0x00000000e5560000, 0x00000000e5560000)
  from space 21824K,  48% used [0x00000000e6ab0000, 0x00000000e750b610, 0x00000000e8000000)
  to   space 21824K,   0% used [0x00000000e5560000, 0x00000000e5560000, 0x00000000e6ab0000)
 concurrent mark-sweep generation total 393216K, used 26233K [0x00000000e8000000, 0x0000000100000000, 0x0000000100000000)
 Metaspace       used 56160K, capacity 57544K, committed 57828K, reserved 1101824K
  class space    used 5141K, capacity 5562K, committed 5656K, reserved 1048576K
2015-12-01T19:23:32.699-0500: 23670,177: [GC (Allocation Failure) 2015-12-01T19:23:32.699-0500: 23670,177: [ParNew
Desired survivor size 20112992 bytes, new threshold 8 (max 8)
- age   1:    1894544 bytes,    1894544 total
- age   2:    1929744 bytes,    3824288 total
- age   3:     491352 bytes,    4315640 total
- age   4:     143200 bytes,    4458840 total
- age   5:    1345752 bytes,    5804592 total
- age   6:     119000 bytes,    5923592 total
- age   7:       3112 bytes,    5926704 total
- age   8:     231704 bytes,    6158408 total
: 98029K->7332K(109248K), 0,0071965 secs] 124262K->34161K(502464K), 0,0072988 secs] [Times: user=0,02 sys=0,00, real=0,00 secs] 
Heap after GC invocations=60 (full 2):
 par new generation   total 109248K, used 7332K [0x00000000e0000000, 0x00000000e8000000, 0x00000000e8000000)
  eden space 87424K,   0% used [0x00000000e0000000, 0x00000000e0000000, 0x00000000e5560000)
  from space 21824K,  33% used [0x00000000e5560000, 0x00000000e5c89160, 0x00000000e6ab0000)
  to   space 21824K,   0% used [0x00000000e6ab0000, 0x00000000e6ab0000, 0x00000000e8000000)
 concurrent mark-sweep generation total 393216K, used 26828K [0x00000000e8000000, 0x0000000100000000, 0x0000000100000000)
 Metaspace       used 56160K, capacity 57544K, committed 57828K, reserved 1101824K
  class space    used 5141K, capacity 5562K, committed 5656K, reserved 1048576K
}
2015-12-01T19:23:32.706-0500: 23670,184: Total time for which application threads were stopped: 0,0075189 seconds, Stopping threads took: 0,0000253 seconds
2015-12-01T19:23:32.707-0500: 23670,185: Total time for which application threads were stopped: 0,0001459 seconds, Stopping threads took: 0,0000433 seconds
2015-12-01T19:23:32.707-0500: 23670,185: Total time for which application threads were stopped: 0,0000752 seconds, Stopping threads took: 0,0000199 seconds
{Heap before GC invocations=60 (full 2):
 par new generation   total 109248K, used 94756K [0x00000000e0000000, 0x00000000e8000000, 0x00000000e8000000)
  eden space 87424K, 100% used [0x00000000e0000000, 0x00000000e5560000, 0x00000000e5560000)
  from space 21824K,  33% used [0x00000000e5560000, 0x00000000e5c89160, 0x00000000e6ab0000)
  to   space 21824K,   0% used [0x00000000e6ab0000, 0x00000000e6ab0000, 0x00000000e8000000)
 concurrent mark-sweep generation total 393216K, used 26828K [0x00000000e8000000, 0x0000000100000000, 0x0000000100000000)
 Metaspace       used 56161K, capacity 57544K, committed 57828K, reserved 1101824K
  class space    used 5141K, capacity 5562K, committed 5656K, reserved 1048576K
2015-12-01T19:23:32.785-0500: 23670,263: [GC (Allocation Failure) 2015-12-01T19:23:32.785-0500: 23670,263: [ParNew
Desired survivor size 20112992 bytes, new threshold 8 (max 8)
- age   1:     132920 bytes,     132920 total
- age   2:    1546936 bytes,    1679856 total
- age   3:    1928112 bytes,    3607968 total
- age   4:     556920 bytes,    4164888 total
- age   5:     143200 bytes,    4308088 total
- age   6:    1345752 bytes,    5653840 total
- age   7:     119000 bytes,    5772840 total
- age   8:       3112 bytes,    5775952 total
: 94756K->9176K(109248K), 0,0195083 secs] 121585K->36234K(502464K), 0,0195817 secs] [Times: user=0,05 sys=0,00, real=0,02 secs] 
Heap after GC invocations=61 (full 2):
 par new generation   total 109248K, used 9176K [0x00000000e0000000, 0x00000000e8000000, 0x00000000e8000000)
  eden space 87424K,   0% used [0x00000000e0000000, 0x00000000e0000000, 0x00000000e5560000)
  from space 21824K,  42% used [0x00000000e6ab0000, 0x00000000e73a62b0, 0x00000000e8000000)
  to   space 21824K,   0% used [0x00000000e5560000, 0x00000000e5560000, 0x00000000e6ab0000)
 concurrent mark-sweep generation total 393216K, used 27058K [0x00000000e8000000, 0x0000000100000000, 0x0000000100000000)
 Metaspace       used 56161K, capacity 57544K, committed 57828K, reserved 1101824K
  class space    used 5141K, capacity 5562K, committed 5656K, reserved 1048576K
}
2015-12-01T19:23:32.804-0500: 23670,282: Total time for which application threads were stopped: 0,0484408 seconds, Stopping threads took: 0,0286758 seconds
2015-12-01T19:23:32.804-0500: 23670,282: Total time for which application threads were stopped: 0,0001368 seconds, Stopping threads took: 0,0000378 seconds
2015-12-01T19:23:32.804-0500: 23670,283: Total time for which application threads were stopped: 0,0000740 seconds, Stopping threads took: 0,0000248 seconds
2015-12-01T19:23:32.900-0500: 23670,378: Total time for which application threads were stopped: 0,0001993 seconds, Stopping threads took: 0,0000448 seconds
2015-12-01T19:23:32.960-0500: 23670,438: Total time for which application threads were stopped: 0,0001467 seconds, Stopping threads took: 0,0000303 seconds
2015-12-01T19:23:32.966-0500: 23670,444: Total time for which application threads were stopped: 0,0001082 seconds, Stopping threads took: 0,0000362 seconds
2015-12-01T19:23:32.966-0500: 23670,444: Total time for which application threads were stopped: 0,0000552 seconds, Stopping threads took: 0,0000118 seconds
2015-12-01T19:23:32.992-0500: 23670,470: Total time for which application threads were stopped: 0,0000926 seconds, Stopping threads took: 0,0000156 seconds
2015-12-01T19:23:32.992-0500: 23670,470: Total time for which application threads were stopped: 0,0000508 seconds, Stopping threads took: 0,0000237 seconds
2015-12-01T19:23:32.992-0500: 23670,470: Total time for which application threads were stopped: 0,0000546 seconds, Stopping threads took: 0,0000081 seconds
2015-12-01T19:23:33.025-0500: 23670,503: Total time for which application threads were stopped: 0,0001116 seconds, Stopping threads took: 0,0000312 seconds
2015-12-01T19:23:34.537-0500: 23672,015: Total time for which application threads were stopped: 0,0002342 seconds, Stopping threads took: 0,0000980 seconds
2015-12-01T19:23:34.568-0500: 23672,046: Total time for which application threads were stopped: 0,0001401 seconds, Stopping threads took: 0,0000247 seconds
2015-12-01T19:23:34.568-0500: 23672,046: Total time for which application threads were stopped: 0,0000932 seconds, Stopping threads took: 0,0000177 seconds
2015-12-01T19:23:34.601-0500: 23672,079: Total time for which application threads were stopped: 0,0001680 seconds, Stopping threads took: 0,0000327 seconds
2015-12-01T19:23:34.601-0500: 23672,079: Total time for which application threads were stopped: 0,0000504 seconds, Stopping threads took: 0,0000108 seconds
2015-12-01T19:23:35.175-0500: 23672,653: Total time for which application threads were stopped: 0,0001245 seconds, Stopping threads took: 0,0000271 seconds
2015-12-01T19:23:35.175-0500: 23672,653: Total time for which application threads were stopped: 0,0000544 seconds, Stopping threads took: 0,0000086 seconds
2015-12-01T19:23:35.211-0500: 23672,689: Total time for which application threads were stopped: 0,0001287 seconds, Stopping threads took: 0,0000206 seconds
2015-12-01T19:23:35.211-0500: 23672,689: Total time for which application threads were stopped: 0,0000605 seconds, Stopping threads took: 0,0000090 seconds
2015-12-01T19:23:35.211-0500: 23672,689: Total time for which application threads were stopped: 0,0000767 seconds, Stopping threads took: 0,0000143 seconds
2015-12-01T19:23:35.211-0500: 23672,689: Total time for which application threads were stopped: 0,0000599 seconds, Stopping threads took: 0,0000067 seconds
2015-12-01T19:23:35.212-0500: 23672,690: Total time for which application threads were stopped: 0,0000683 seconds, Stopping threads took: 0,0000060 seconds
2015-12-01T19:23:35.212-0500: 23672,690: Total time for which application threads were stopped: 0,0000537 seconds, Stopping threads took: 0,0000049 seconds
2015-12-01T19:23:35.212-0500: 23672,690: Total time for which application threads were stopped: 0,0000476 seconds, Stopping threads took: 0,0000059 seconds
2015-12-01T19:23:35.212-0500: 23672,690: Total time for which application threads were stopped: 0,0000542 seconds, Stopping threads took: 0,0000146 seconds
2015-12-01T19:23:35.212-0500: 23672,690: Total time for which application threads were stopped: 0,0000458 seconds, Stopping threads took: 0,0000061 seconds
2015-12-01T19:23:37.221-0500: 23674,699: Total time for which application threads were stopped: 0,0001086 seconds, Stopping threads took: 0,0000235 seconds
2015-12-01T19:23:37.642-0500: 23675,120: Total time for which application threads were stopped: 0,0001173 seconds, Stopping threads took: 0,0000324 seconds
2015-12-01T19:23:37.651-0500: 23675,129: Total time for which application threads were stopped: 0,0000970 seconds, Stopping threads took: 0,0000205 seconds
2015-12-01T19:23:37.651-0500: 23675,129: Total time for which application threads were stopped: 0,0000379 seconds, Stopping threads took: 0,0000099 seconds
2015-12-01T19:23:37.651-0500: 23675,129: Total time for which application threads were stopped: 0,0000404 seconds, Stopping threads took: 0,0000159 seconds
2015-12-01T19:23:37.651-0500: 23675,129: Total time for which application threads were stopped: 0,0000318 seconds, Stopping threads took: 0,0000072 seconds
2015-12-01T19:23:37.651-0500: 23675,129: Total time for which application threads were stopped: 0,0000343 seconds, Stopping threads took: 0,0000073 seconds
2015-12-01T19:23:37.652-0500: 23675,130: Total time for which application threads were stopped: 0,0000550 seconds, Stopping threads took: 0,0000202 seconds
2015-12-01T19:23:37.655-0500: 23675,133: Total time for which application threads were stopped: 0,0001206 seconds, Stopping threads took: 0,0000368 seconds
2015-12-01T19:23:37.655-0500: 23675,133: Total time for which application threads were stopped: 0,0000606 seconds, Stopping threads took: 0,0000224 seconds
2015-12-01T19:23:39.230-0500: 23676,708: Total time for which application threads were stopped: 0,0002108 seconds, Stopping threads took: 0,0000329 seconds
{Heap before GC invocations=61 (full 2):
 par new generation   total 109248K, used 96600K [0x00000000e0000000, 0x00000000e8000000, 0x00000000e8000000)
  eden space 87424K, 100% used [0x00000000e0000000, 0x00000000e5560000, 0x00000000e5560000)
  from space 21824K,  42% used [0x00000000e6ab0000, 0x00000000e73a62b0, 0x00000000e8000000)
  to   space 21824K,   0% used [0x00000000e5560000, 0x00000000e5560000, 0x00000000e6ab0000)
 concurrent mark-sweep generation total 393216K, used 27058K [0x00000000e8000000, 0x0000000100000000, 0x0000000100000000)
 Metaspace       used 57735K, capacity 59124K, committed 59492K, reserved 1103872K
  class space    used 5237K, capacity 5666K, committed 5784K, reserved 1048576K
2015-12-01T19:23:39.683-0500: 23677,161: [GC (Allocation Failure) 2015-12-01T19:23:39.683-0500: 23677,161: [ParNew
Desired survivor size 20112992 bytes, new threshold 8 (max 8)
- age   1:    3565680 bytes,    3565680 total
- age   2:     125160 bytes,    3690840 total
- age   3:     808592 bytes,    4499432 total
- age   4:     997336 bytes,    5496768 total
- age   5:     491352 bytes,    5988120 total
- age   6:     143200 bytes,    6131320 total
- age   7:    1345752 bytes,    7477072 total
- age   8:     118872 bytes,    7595944 total
: 96600K->9467K(109248K), 0,0471933 secs] 123658K->36529K(502464K), 0,0472660 secs] [Times: user=0,16 sys=0,00, real=0,05 secs] 
Heap after GC invocations=62 (full 2):
 par new generation   total 109248K, used 9467K [0x00000000e0000000, 0x00000000e8000000, 0x00000000e8000000)
  eden space 87424K,   0% used [0x00000000e0000000, 0x00000000e0000000, 0x00000000e5560000)
  from space 21824K,  43% used [0x00000000e5560000, 0x00000000e5e9eee0, 0x00000000e6ab0000)
  to   space 21824K,   0% used [0x00000000e6ab0000, 0x00000000e6ab0000, 0x00000000e8000000)
 concurrent mark-sweep generation total 393216K, used 27061K [0x00000000e8000000, 0x0000000100000000, 0x0000000100000000)
 Metaspace       used 57735K, capacity 59124K, committed 59492K, reserved 1103872K
  class space    used 5237K, capacity 5666K, committed 5784K, reserved 1048576K
}
2015-12-01T19:23:39.731-0500: 23677,209: Total time for which application threads were stopped: 0,0474613 seconds, Stopping threads took: 0,0000370 seconds
2015-12-01T19:23:39.731-0500: 23677,209: Total time for which application threads were stopped: 0,0001339 seconds, Stopping threads took: 0,0000449 seconds
2015-12-01T19:23:39.737-0500: 23677,215: Total time for which application threads were stopped: 0,0001327 seconds, Stopping threads took: 0,0000397 seconds
2015-12-01T19:23:39.953-0500: 23677,431: Total time for which application threads were stopped: 0,0000951 seconds, Stopping threads took: 0,0000258 seconds
2015-12-01T19:24:34.602-0500: 23732,080: Total time for which application threads were stopped: 0,0002467 seconds, Stopping threads took: 0,0000727 seconds
2015-12-01T19:25:11.591-0500: 23769,069: Total time for which application threads were stopped: 0,0001210 seconds, Stopping threads took: 0,0000391 seconds
2015-12-01T19:25:12.484-0500: 23769,962: Total time for which application threads were stopped: 0,0001785 seconds, Stopping threads took: 0,0000374 seconds
{Heap before GC invocations=62 (full 2):
 par new generation   total 109248K, used 96891K [0x00000000e0000000, 0x00000000e8000000, 0x00000000e8000000)
  eden space 87424K, 100% used [0x00000000e0000000, 0x00000000e5560000, 0x00000000e5560000)
  from space 21824K,  43% used [0x00000000e5560000, 0x00000000e5e9eee0, 0x00000000e6ab0000)
  to   space 21824K,   0% used [0x00000000e6ab0000, 0x00000000e6ab0000, 0x00000000e8000000)
 concurrent mark-sweep generation total 393216K, used 27061K [0x00000000e8000000, 0x0000000100000000, 0x0000000100000000)
 Metaspace       used 57775K, capacity 59188K, committed 59492K, reserved 1103872K
  class space    used 5237K, capacity 5666K, committed 5784K, reserved 1048576K
2015-12-01T19:25:12.539-0500: 23770,017: [GC (Allocation Failure) 2015-12-01T19:25:12.539-0500: 23770,017: [ParNew
Desired survivor size 20112992 bytes, new threshold 8 (max 8)
- age   1:    2423240 bytes,    2423240 total
- age   2:    2022024 bytes,    4445264 total
- age   3:     125160 bytes,    4570424 total
- age   4:     800536 bytes,    5370960 total
- age   5:     655920 bytes,    6026880 total
- age   6:       4832 bytes,    6031712 total
- age   7:       3792 bytes,    6035504 total
- age   8:     870576 bytes,    6906080 total
: 96891K->9359K(109248K), 0,0194211 secs] 123953K->36541K(502464K), 0,0195101 secs] [Times: user=0,05 sys=0,00, real=0,02 secs] 
Heap after GC invocations=63 (full 2):
 par new generation   total 109248K, used 9359K [0x00000000e0000000, 0x00000000e8000000, 0x00000000e8000000)
  eden space 87424K,   0% used [0x00000000e0000000, 0x00000000e0000000, 0x00000000e5560000)
  from space 21824K,  42% used [0x00000000e6ab0000, 0x00000000e73d3e50, 0x00000000e8000000)
  to   space 21824K,   0% used [0x00000000e5560000, 0x00000000e5560000, 0x00000000e6ab0000)
 concurrent mark-sweep generation total 393216K, used 27182K [0x00000000e8000000, 0x0000000100000000, 0x0000000100000000)
 Metaspace       used 57775K, capacity 59188K, committed 59492K, reserved 1103872K
  class space    used 5237K, capacity 5666K, committed 5784K, reserved 1048576K
}
2015-12-01T19:25:12.558-0500: 23770,036: Total time for which application threads were stopped: 0,0196999 seconds, Stopping threads took: 0,0000245 seconds
2015-12-01T19:25:12.559-0500: 23770,037: Total time for which application threads were stopped: 0,0000959 seconds, Stopping threads took: 0,0000232 seconds
2015-12-01T19:25:12.559-0500: 23770,037: Total time for which application threads were stopped: 0,0001099 seconds, Stopping threads took: 0,0000282 seconds
2015-12-01T19:25:12.559-0500: 23770,037: Total time for which application threads were stopped: 0,0000627 seconds, Stopping threads took: 0,0000081 seconds
{Heap before GC invocations=63 (full 2):
 par new generation   total 109248K, used 96783K [0x00000000e0000000, 0x00000000e8000000, 0x00000000e8000000)
  eden space 87424K, 100% used [0x00000000e0000000, 0x00000000e5560000, 0x00000000e5560000)
  from space 21824K,  42% used [0x00000000e6ab0000, 0x00000000e73d3e50, 0x00000000e8000000)
  to   space 21824K,   0% used [0x00000000e5560000, 0x00000000e5560000, 0x00000000e6ab0000)
 concurrent mark-sweep generation total 393216K, used 27182K [0x00000000e8000000, 0x0000000100000000, 0x0000000100000000)
 Metaspace       used 57775K, capacity 59188K, committed 59492K, reserved 1103872K
  class space    used 5237K, capacity 5666K, committed 5784K, reserved 1048576K
2015-12-01T19:25:12.605-0500: 23770,083: [GC (Allocation Failure) 2015-12-01T19:25:12.605-0500: 23770,083: [ParNew
Desired survivor size 20112992 bytes, new threshold 8 (max 8)
- age   1:     592432 bytes,     592432 total
- age   2:    1862592 bytes,    2455024 total
- age   3:    2020896 bytes,    4475920 total
- age   4:     125160 bytes,    4601080 total
- age   5:     800536 bytes,    5401616 total
- age   6:     655920 bytes,    6057536 total
- age   7:       4832 bytes,    6062368 total
- age   8:       3792 bytes,    6066160 total
: 96783K->8178K(109248K), 0,0065001 secs] 123965K->36216K(502464K), 0,0065692 secs] [Times: user=0,02 sys=0,00, real=0,01 secs] 
Heap after GC invocations=64 (full 2):
 par new generation   total 109248K, used 8178K [0x00000000e0000000, 0x00000000e8000000, 0x00000000e8000000)
  eden space 87424K,   0% used [0x00000000e0000000, 0x00000000e0000000, 0x00000000e5560000)
  from space 21824K,  37% used [0x00000000e5560000, 0x00000000e5d5c800, 0x00000000e6ab0000)
  to   space 21824K,   0% used [0x00000000e6ab0000, 0x00000000e6ab0000, 0x00000000e8000000)
 concurrent mark-sweep generation total 393216K, used 28038K [0x00000000e8000000, 0x0000000100000000, 0x0000000100000000)
 Metaspace       used 57775K, capacity 59188K, committed 59492K, reserved 1103872K
  class space    used 5237K, capacity 5666K, committed 5784K, reserved 1048576K
}
2015-12-01T19:25:12.611-0500: 23770,089: Total time for which application threads were stopped: 0,0067615 seconds, Stopping threads took: 0,0000322 seconds
2015-12-01T19:25:12.611-0500: 23770,090: Total time for which application threads were stopped: 0,0001372 seconds, Stopping threads took: 0,0000293 seconds
2015-12-01T19:25:12.612-0500: 23770,090: Total time for which application threads were stopped: 0,0000776 seconds, Stopping threads took: 0,0000271 seconds
2015-12-01T19:25:12.631-0500: 23770,109: Total time for which application threads were stopped: 0,0001379 seconds, Stopping threads took: 0,0000400 seconds
2015-12-01T19:25:12.636-0500: 23770,114: Total time for which application threads were stopped: 0,0002120 seconds, Stopping threads took: 0,0000447 seconds
2015-12-01T19:25:12.642-0500: 23770,120: Total time for which application threads were stopped: 0,0001204 seconds, Stopping threads took: 0,0000353 seconds
2015-12-01T19:25:12.642-0500: 23770,120: Total time for which application threads were stopped: 0,0000769 seconds, Stopping threads took: 0,0000239 seconds
2015-12-01T19:25:12.644-0500: 23770,122: Total time for which application threads were stopped: 0,0000561 seconds, Stopping threads took: 0,0000111 seconds
2015-12-01T19:25:12.645-0500: 23770,123: Total time for which application threads were stopped: 0,0000790 seconds, Stopping threads took: 0,0000238 seconds
2015-12-01T19:25:12.646-0500: 23770,124: Total time for which application threads were stopped: 0,0001686 seconds, Stopping threads took: 0,0000882 seconds
2015-12-01T19:25:12.646-0500: 23770,124: Total time for which application threads were stopped: 0,0000738 seconds, Stopping threads took: 0,0000367 seconds
2015-12-01T19:25:12.653-0500: 23770,131: Total time for which application threads were stopped: 0,0001197 seconds, Stopping threads took: 0,0000226 seconds
2015-12-01T19:25:14.419-0500: 23771,897: Total time for which application threads were stopped: 0,0001192 seconds, Stopping threads took: 0,0000313 seconds
2015-12-01T19:25:14.423-0500: 23771,901: Total time for which application threads were stopped: 0,0003589 seconds, Stopping threads took: 0,0000284 seconds
2015-12-01T19:25:14.423-0500: 23771,901: Total time for which application threads were stopped: 0,0001591 seconds, Stopping threads took: 0,0000282 seconds
2015-12-01T19:25:14.426-0500: 23771,904: Total time for which application threads were stopped: 0,0000951 seconds, Stopping threads took: 0,0000181 seconds
2015-12-01T19:25:14.426-0500: 23771,904: Total time for which application threads were stopped: 0,0000536 seconds, Stopping threads took: 0,0000154 seconds
2015-12-01T19:25:15.552-0500: 23773,030: Total time for which application threads were stopped: 0,0001052 seconds, Stopping threads took: 0,0000320 seconds
2015-12-01T19:25:15.553-0500: 23773,031: Total time for which application threads were stopped: 0,0001306 seconds, Stopping threads took: 0,0000719 seconds
2015-12-01T19:25:15.593-0500: 23773,071: Total time for which application threads were stopped: 0,0001065 seconds, Stopping threads took: 0,0000222 seconds
2015-12-01T19:25:15.594-0500: 23773,072: Total time for which application threads were stopped: 0,0000717 seconds, Stopping threads took: 0,0000309 seconds
2015-12-01T19:25:15.594-0500: 23773,072: Total time for which application threads were stopped: 0,0000606 seconds, Stopping threads took: 0,0000211 seconds
2015-12-01T19:25:15.594-0500: 23773,072: Total time for which application threads were stopped: 0,0000459 seconds, Stopping threads took: 0,0000073 seconds
2015-12-01T19:25:15.594-0500: 23773,072: Total time for which application threads were stopped: 0,0000612 seconds, Stopping threads took: 0,0000176 seconds
2015-12-01T19:25:15.594-0500: 23773,073: Total time for which application threads were stopped: 0,0000607 seconds, Stopping threads took: 0,0000150 seconds
2015-12-01T19:25:15.595-0500: 23773,073: Total time for which application threads were stopped: 0,0000392 seconds, Stopping threads took: 0,0000082 seconds
2015-12-01T19:25:15.595-0500: 23773,073: Total time for which application threads were stopped: 0,0000382 seconds, Stopping threads took: 0,0000067 seconds
2015-12-01T19:25:17.605-0500: 23775,083: Total time for which application threads were stopped: 0,0001364 seconds, Stopping threads took: 0,0000284 seconds
2015-12-01T19:25:17.759-0500: 23775,237: Total time for which application threads were stopped: 0,0001015 seconds, Stopping threads took: 0,0000307 seconds
2015-12-01T19:25:17.764-0500: 23775,242: Total time for which application threads were stopped: 0,0001321 seconds, Stopping threads took: 0,0000447 seconds
2015-12-01T19:25:17.768-0500: 23775,246: Total time for which application threads were stopped: 0,0003409 seconds, Stopping threads took: 0,0000758 seconds
2015-12-01T19:25:17.768-0500: 23775,246: Total time for which application threads were stopped: 0,0000971 seconds, Stopping threads took: 0,0000205 seconds
2015-12-01T19:25:17.768-0500: 23775,246: Total time for which application threads were stopped: 0,0000564 seconds, Stopping threads took: 0,0000133 seconds
2015-12-01T19:25:17.769-0500: 23775,247: Total time for which application threads were stopped: 0,0000672 seconds, Stopping threads took: 0,0000350 seconds
2015-12-01T19:25:17.769-0500: 23775,247: Total time for which application threads were stopped: 0,0000938 seconds, Stopping threads took: 0,0000543 seconds
2015-12-01T19:25:17.769-0500: 23775,247: Total time for which application threads were stopped: 0,0000934 seconds, Stopping threads took: 0,0000550 seconds
2015-12-01T19:25:17.772-0500: 23775,250: Total time for which application threads were stopped: 0,0001048 seconds, Stopping threads took: 0,0000243 seconds
2015-12-01T19:25:17.773-0500: 23775,251: Total time for which application threads were stopped: 0,0000775 seconds, Stopping threads took: 0,0000161 seconds
2015-12-01T19:25:19.755-0500: 23777,233: Total time for which application threads were stopped: 0,0001347 seconds, Stopping threads took: 0,0000432 seconds
{Heap before GC invocations=64 (full 2):
 par new generation   total 109248K, used 95602K [0x00000000e0000000, 0x00000000e8000000, 0x00000000e8000000)
  eden space 87424K, 100% used [0x00000000e0000000, 0x00000000e5560000, 0x00000000e5560000)
  from space 21824K,  37% used [0x00000000e5560000, 0x00000000e5d5c800, 0x00000000e6ab0000)
  to   space 21824K,   0% used [0x00000000e6ab0000, 0x00000000e6ab0000, 0x00000000e8000000)
 concurrent mark-sweep generation total 393216K, used 28038K [0x00000000e8000000, 0x0000000100000000, 0x0000000100000000)
 Metaspace       used 59343K, capacity 60768K, committed 61028K, reserved 1103872K
  class space    used 5334K, capacity 5770K, committed 5784K, reserved 1048576K
2015-12-01T19:25:19.758-0500: 23777,236: [GC (Allocation Failure) 2015-12-01T19:25:19.758-0500: 23777,236: [ParNew
Desired survivor size 20112992 bytes, new threshold 8 (max 8)
- age   1:    3650552 bytes,    3650552 total
- age   2:      76392 bytes,    3726944 total
- age   3:     827584 bytes,    4554528 total
- age   4:    1431328 bytes,    5985856 total
- age   5:     125160 bytes,    6111016 total
- age   6:     800536 bytes,    6911552 total
- age   7:     655792 bytes,    7567344 total
- age   8:       4832 bytes,    7572176 total
: 95602K->9731K(109248K), 0,0399093 secs] 123640K->37773K(502464K), 0,0399748 secs] [Times: user=0,10 sys=0,00, real=0,04 secs] 
Heap after GC invocations=65 (full 2):
 par new generation   total 109248K, used 9731K [0x00000000e0000000, 0x00000000e8000000, 0x00000000e8000000)
  eden space 87424K,   0% used [0x00000000e0000000, 0x00000000e0000000, 0x00000000e5560000)
  from space 21824K,  44% used [0x00000000e6ab0000, 0x00000000e7430d00, 0x00000000e8000000)
  to   space 21824K,   0% used [0x00000000e5560000, 0x00000000e5560000, 0x00000000e6ab0000)
 concurrent mark-sweep generation total 393216K, used 28042K [0x00000000e8000000, 0x0000000100000000, 0x0000000100000000)
 Metaspace       used 59343K, capacity 60768K, committed 61028K, reserved 1103872K
  class space    used 5334K, capacity 5770K, committed 5784K, reserved 1048576K
}
2015-12-01T19:25:19.798-0500: 23777,276: Total time for which application threads were stopped: 0,0402082 seconds, Stopping threads took: 0,0000918 seconds
2015-12-01T19:25:19.799-0500: 23777,277: Total time for which application threads were stopped: 0,0001158 seconds, Stopping threads took: 0,0000361 seconds
2015-12-01T19:25:19.817-0500: 23777,295: Total time for which application threads were stopped: 0,0001183 seconds, Stopping threads took: 0,0000352 seconds
2015-12-01T19:25:20.035-0500: 23777,513: Total time for which application threads were stopped: 0,0000969 seconds, Stopping threads took: 0,0000289 seconds
2015-12-01T19:25:21.623-0500: 23779,101: Total time for which application threads were stopped: 0,0003160 seconds, Stopping threads took: 0,0000260 seconds
2015-12-01T19:26:07.629-0500: 23825,107: Total time for which application threads were stopped: 0,0000927 seconds, Stopping threads took: 0,0000227 seconds
{Heap before GC invocations=65 (full 2):
 par new generation   total 109248K, used 97155K [0x00000000e0000000, 0x00000000e8000000, 0x00000000e8000000)
  eden space 87424K, 100% used [0x00000000e0000000, 0x00000000e5560000, 0x00000000e5560000)
  from space 21824K,  44% used [0x00000000e6ab0000, 0x00000000e7430d00, 0x00000000e8000000)
  to   space 21824K,   0% used [0x00000000e5560000, 0x00000000e5560000, 0x00000000e6ab0000)
 concurrent mark-sweep generation total 393216K, used 28042K [0x00000000e8000000, 0x0000000100000000, 0x0000000100000000)
 Metaspace       used 59367K, capacity 60768K, committed 61028K, reserved 1103872K
  class space    used 5335K, capacity 5770K, committed 5784K, reserved 1048576K
2015-12-01T19:26:08.924-0500: 23826,402: [GC (Allocation Failure) 2015-12-01T19:26:08.924-0500: 23826,402: [ParNew
Desired survivor size 20112992 bytes, new threshold 8 (max 8)
- age   1:    2719216 bytes,    2719216 total
- age   2:    1550000 bytes,    4269216 total
- age   3:      76392 bytes,    4345608 total
- age   4:     803928 bytes,    5149536 total
- age   5:     669504 bytes,    5819040 total
- age   6:        864 bytes,    5819904 total
- age   7:     191864 bytes,    6011768 total
- age   8:     655152 bytes,    6666920 total
: 97155K->8009K(109248K), 0,0061754 secs] 125197K->36056K(502464K), 0,0062784 secs] [Times: user=0,02 sys=0,00, real=0,01 secs] 
Heap after GC invocations=66 (full 2):
 par new generation   total 109248K, used 8009K [0x00000000e0000000, 0x00000000e8000000, 0x00000000e8000000)
  eden space 87424K,   0% used [0x00000000e0000000, 0x00000000e0000000, 0x00000000e5560000)
  from space 21824K,  36% used [0x00000000e5560000, 0x00000000e5d32770, 0x00000000e6ab0000)
  to   space 21824K,   0% used [0x00000000e6ab0000, 0x00000000e6ab0000, 0x00000000e8000000)
 concurrent mark-sweep generation total 393216K, used 28047K [0x00000000e8000000, 0x0000000100000000, 0x0000000100000000)
 Metaspace       used 59367K, capacity 60768K, committed 61028K, reserved 1103872K
  class space    used 5335K, capacity 5770K, committed 5784K, reserved 1048576K
}
2015-12-01T19:26:08.930-0500: 23826,408: Total time for which application threads were stopped: 0,0064772 seconds, Stopping threads took: 0,0000284 seconds
2015-12-01T19:26:08.930-0500: 23826,408: Total time for which application threads were stopped: 0,0001033 seconds, Stopping threads took: 0,0000288 seconds
2015-12-01T19:26:08.930-0500: 23826,408: Total time for which application threads were stopped: 0,0001079 seconds, Stopping threads took: 0,0000274 seconds
2015-12-01T19:26:08.931-0500: 23826,409: Total time for which application threads were stopped: 0,0000909 seconds, Stopping threads took: 0,0000199 seconds
{Heap before GC invocations=66 (full 2):
 par new generation   total 109248K, used 95433K [0x00000000e0000000, 0x00000000e8000000, 0x00000000e8000000)
  eden space 87424K, 100% used [0x00000000e0000000, 0x00000000e5560000, 0x00000000e5560000)
  from space 21824K,  36% used [0x00000000e5560000, 0x00000000e5d32770, 0x00000000e6ab0000)
  to   space 21824K,   0% used [0x00000000e6ab0000, 0x00000000e6ab0000, 0x00000000e8000000)
 concurrent mark-sweep generation total 393216K, used 28047K [0x00000000e8000000, 0x0000000100000000, 0x0000000100000000)
 Metaspace       used 59367K, capacity 60768K, committed 61028K, reserved 1103872K
  class space    used 5335K, capacity 5770K, committed 5784K, reserved 1048576K
2015-12-01T19:26:08.972-0500: 23826,450: [GC (Allocation Failure) 2015-12-01T19:26:08.972-0500: 23826,450: [ParNew
Desired survivor size 20112992 bytes, new threshold 8 (max 8)
- age   1:      88744 bytes,      88744 total
- age   2:    2399096 bytes,    2487840 total
- age   3:    1548872 bytes,    4036712 total
- age   4:      76392 bytes,    4113104 total
- age   5:     803928 bytes,    4917032 total
- age   6:     669504 bytes,    5586536 total
- age   7:        864 bytes,    5587400 total
- age   8:     191864 bytes,    5779264 total
: 95433K->10102K(109248K), 0,0110025 secs] 123480K->38794K(502464K), 0,0110884 secs] [Times: user=0,03 sys=0,00, real=0,01 secs] 
Heap after GC invocations=67 (full 2):
 par new generation   total 109248K, used 10102K [0x00000000e0000000, 0x00000000e8000000, 0x00000000e8000000)
  eden space 87424K,   0% used [0x00000000e0000000, 0x00000000e0000000, 0x00000000e5560000)
  from space 21824K,  46% used [0x00000000e6ab0000, 0x00000000e748db00, 0x00000000e8000000)
  to   space 21824K,   0% used [0x00000000e5560000, 0x00000000e5560000, 0x00000000e6ab0000)
 concurrent mark-sweep generation total 393216K, used 28691K [0x00000000e8000000, 0x0000000100000000, 0x0000000100000000)
 Metaspace       used 59367K, capacity 60768K, committed 61028K, reserved 1103872K
  class space    used 5335K, capacity 5770K, committed 5784K, reserved 1048576K
}
2015-12-01T19:26:08.983-0500: 23826,461: Total time for which application threads were stopped: 0,0112857 seconds, Stopping threads took: 0,0000282 seconds
2015-12-01T19:26:08.983-0500: 23826,461: Total time for which application threads were stopped: 0,0001446 seconds, Stopping threads took: 0,0000335 seconds
2015-12-01T19:26:09.011-0500: 23826,489: Total time for which application threads were stopped: 0,0023406 seconds, Stopping threads took: 0,0017617 seconds
2015-12-01T19:26:09.019-0500: 23826,497: Total time for which application threads were stopped: 0,0001474 seconds, Stopping threads took: 0,0000457 seconds
2015-12-01T19:26:09.025-0500: 23826,503: Total time for which application threads were stopped: 0,0001174 seconds, Stopping threads took: 0,0000329 seconds
2015-12-01T19:26:09.025-0500: 23826,503: Total time for which application threads were stopped: 0,0001468 seconds, Stopping threads took: 0,0000874 seconds
2015-12-01T19:26:09.029-0500: 23826,507: Total time for which application threads were stopped: 0,0001479 seconds, Stopping threads took: 0,0000736 seconds
2015-12-01T19:26:09.029-0500: 23826,507: Total time for which application threads were stopped: 0,0000711 seconds, Stopping threads took: 0,0000294 seconds
2015-12-01T19:26:09.029-0500: 23826,507: Total time for which application threads were stopped: 0,0000523 seconds, Stopping threads took: 0,0000159 seconds
2015-12-01T19:26:09.036-0500: 23826,514: Total time for which application threads were stopped: 0,0001445 seconds, Stopping threads took: 0,0000308 seconds
2015-12-01T19:26:10.698-0500: 23828,176: Total time for which application threads were stopped: 0,0001714 seconds, Stopping threads took: 0,0000330 seconds
2015-12-01T19:26:10.700-0500: 23828,178: Total time for which application threads were stopped: 0,0001379 seconds, Stopping threads took: 0,0000230 seconds
2015-12-01T19:26:10.700-0500: 23828,178: Total time for which application threads were stopped: 0,0001127 seconds, Stopping threads took: 0,0000693 seconds
2015-12-01T19:26:10.706-0500: 23828,184: Total time for which application threads were stopped: 0,0014695 seconds, Stopping threads took: 0,0013559 seconds
2015-12-01T19:26:10.706-0500: 23828,184: Total time for which application threads were stopped: 0,0003982 seconds, Stopping threads took: 0,0003333 seconds
2015-12-01T19:26:10.731-0500: 23828,209: Total time for which application threads were stopped: 0,0001090 seconds, Stopping threads took: 0,0000231 seconds
2015-12-01T19:26:11.618-0500: 23829,096: Total time for which application threads were stopped: 0,0002614 seconds, Stopping threads took: 0,0000339 seconds
2015-12-01T19:26:11.639-0500: 23829,117: Total time for which application threads were stopped: 0,0001287 seconds, Stopping threads took: 0,0000236 seconds
2015-12-01T19:26:11.641-0500: 23829,119: Total time for which application threads were stopped: 0,0001422 seconds, Stopping threads took: 0,0000345 seconds
2015-12-01T19:26:11.641-0500: 23829,119: Total time for which application threads were stopped: 0,0000989 seconds, Stopping threads took: 0,0000165 seconds
2015-12-01T19:26:11.641-0500: 23829,119: Total time for which application threads were stopped: 0,0000921 seconds, Stopping threads took: 0,0000139 seconds
2015-12-01T19:26:11.641-0500: 23829,120: Total time for which application threads were stopped: 0,0007898 seconds, Stopping threads took: 0,0000072 seconds
2015-12-01T19:26:11.642-0500: 23829,121: Total time for which application threads were stopped: 0,0002716 seconds, Stopping threads took: 0,0000529 seconds
2015-12-01T19:26:11.643-0500: 23829,121: Total time for which application threads were stopped: 0,0002184 seconds, Stopping threads took: 0,0000276 seconds
2015-12-01T19:26:11.644-0500: 23829,122: Total time for which application threads were stopped: 0,0001286 seconds, Stopping threads took: 0,0000227 seconds
2015-12-01T19:26:13.655-0500: 23831,133: Total time for which application threads were stopped: 0,0001357 seconds, Stopping threads took: 0,0000260 seconds
2015-12-01T19:26:13.670-0500: 23831,148: Total time for which application threads were stopped: 0,0001416 seconds, Stopping threads took: 0,0000246 seconds
2015-12-01T19:26:13.682-0500: 23831,160: Total time for which application threads were stopped: 0,0001397 seconds, Stopping threads took: 0,0000315 seconds
2015-12-01T19:26:13.695-0500: 23831,174: Total time for which application threads were stopped: 0,0001067 seconds, Stopping threads took: 0,0000280 seconds
2015-12-01T19:26:13.696-0500: 23831,174: Total time for which application threads were stopped: 0,0000411 seconds, Stopping threads took: 0,0000055 seconds
2015-12-01T19:26:13.696-0500: 23831,174: Total time for which application threads were stopped: 0,0000366 seconds, Stopping threads took: 0,0000039 seconds
2015-12-01T19:26:13.696-0500: 23831,174: Total time for which application threads were stopped: 0,0000639 seconds, Stopping threads took: 0,0000244 seconds
2015-12-01T19:26:13.696-0500: 23831,174: Total time for which application threads were stopped: 0,0000497 seconds, Stopping threads took: 0,0000239 seconds
2015-12-01T19:26:13.696-0500: 23831,174: Total time for which application threads were stopped: 0,0000403 seconds, Stopping threads took: 0,0000064 seconds
2015-12-01T19:26:13.700-0500: 23831,178: Total time for which application threads were stopped: 0,0001128 seconds, Stopping threads took: 0,0000230 seconds
2015-12-01T19:26:13.700-0500: 23831,178: Total time for which application threads were stopped: 0,0000569 seconds, Stopping threads took: 0,0000092 seconds
2015-12-01T19:26:14.700-0500: 23832,178: Total time for which application threads were stopped: 0,0000952 seconds, Stopping threads took: 0,0000222 seconds
2015-12-01T19:26:15.644-0500: 23833,122: Total time for which application threads were stopped: 0,0001133 seconds, Stopping threads took: 0,0000299 seconds
2015-12-01T19:26:15.644-0500: 23833,122: Total time for which application threads were stopped: 0,0000600 seconds, Stopping threads took: 0,0000205 seconds
2015-12-01T19:26:15.664-0500: 23833,142: Total time for which application threads were stopped: 0,0002521 seconds, Stopping threads took: 0,0001162 seconds
2015-12-01T19:26:16.225-0500: 23833,703: Total time for which application threads were stopped: 0,0002546 seconds, Stopping threads took: 0,0000442 seconds
2015-12-01T19:26:16.231-0500: 23833,709: Total time for which application threads were stopped: 0,0002451 seconds, Stopping threads took: 0,0000598 seconds
2015-12-01T19:26:16.232-0500: 23833,710: Total time for which application threads were stopped: 0,0002309 seconds, Stopping threads took: 0,0001007 seconds
2015-12-01T19:26:16.232-0500: 23833,710: Total time for which application threads were stopped: 0,0002156 seconds, Stopping threads took: 0,0000982 seconds
2015-12-01T19:26:16.234-0500: 23833,712: Total time for which application threads were stopped: 0,0004633 seconds, Stopping threads took: 0,0000484 seconds
2015-12-01T19:26:33.016-0500: 23850,494: Total time for which application threads were stopped: 0,0001605 seconds, Stopping threads took: 0,0000390 seconds
2015-12-01T19:26:34.016-0500: 23851,494: Total time for which application threads were stopped: 0,0001070 seconds, Stopping threads took: 0,0000248 seconds
2015-12-01T19:26:40.950-0500: 23858,428: Total time for which application threads were stopped: 0,0001405 seconds, Stopping threads took: 0,0000329 seconds
2015-12-01T19:26:40.951-0500: 23858,430: Total time for which application threads were stopped: 0,0001309 seconds, Stopping threads took: 0,0000493 seconds
2015-12-01T19:26:41.952-0500: 23859,430: Total time for which application threads were stopped: 0,0001405 seconds, Stopping threads took: 0,0000338 seconds
2015-12-01T19:26:53.364-0500: 23870,842: Total time for which application threads were stopped: 0,0001095 seconds, Stopping threads took: 0,0000190 seconds
2015-12-01T19:26:53.364-0500: 23870,842: Total time for which application threads were stopped: 0,0001515 seconds, Stopping threads took: 0,0000077 seconds
2015-12-01T19:26:54.461-0500: 23871,939: Total time for which application threads were stopped: 0,0001419 seconds, Stopping threads took: 0,0000422 seconds
2015-12-01T19:27:10.706-0500: 23888,184: Total time for which application threads were stopped: 0,0001293 seconds, Stopping threads took: 0,0000408 seconds
2015-12-01T19:28:22.699-0500: 23960,177: Total time for which application threads were stopped: 0,0002248 seconds, Stopping threads took: 0,0000379 seconds
2015-12-01T19:28:22.709-0500: 23960,187: Total time for which application threads were stopped: 0,0001093 seconds, Stopping threads took: 0,0000244 seconds
2015-12-01T19:28:23.709-0500: 23961,187: Total time for which application threads were stopped: 0,0000871 seconds, Stopping threads took: 0,0000206 seconds
2015-12-01T19:28:33.710-0500: 23971,188: Total time for which application threads were stopped: 0,0001775 seconds, Stopping threads took: 0,0000408 seconds
2015-12-01T19:28:36.711-0500: 23974,189: Total time for which application threads were stopped: 0,0001285 seconds, Stopping threads took: 0,0000279 seconds
2015-12-01T19:28:52.713-0500: 23990,191: Total time for which application threads were stopped: 0,0000977 seconds, Stopping threads took: 0,0000243 seconds
2015-12-01T19:28:54.713-0500: 23992,191: Total time for which application threads were stopped: 0,0000881 seconds, Stopping threads took: 0,0000200 seconds
2015-12-01T19:29:01.714-0500: 23999,192: Total time for which application threads were stopped: 0,0002197 seconds, Stopping threads took: 0,0000519 seconds
2015-12-01T19:29:11.715-0500: 24009,193: Total time for which application threads were stopped: 0,0001039 seconds, Stopping threads took: 0,0000355 seconds
2015-12-01T19:30:36.724-0500: 24094,203: Total time for which application threads were stopped: 0,0002661 seconds, Stopping threads took: 0,0000730 seconds
2015-12-01T19:30:37.725-0500: 24095,203: Total time for which application threads were stopped: 0,0001010 seconds, Stopping threads took: 0,0000239 seconds
{Heap before GC invocations=67 (full 2):
 par new generation   total 109248K, used 97526K [0x00000000e0000000, 0x00000000e8000000, 0x00000000e8000000)
  eden space 87424K, 100% used [0x00000000e0000000, 0x00000000e5560000, 0x00000000e5560000)
  from space 21824K,  46% used [0x00000000e6ab0000, 0x00000000e748db00, 0x00000000e8000000)
  to   space 21824K,   0% used [0x00000000e5560000, 0x00000000e5560000, 0x00000000e6ab0000)
 concurrent mark-sweep generation total 393216K, used 28691K [0x00000000e8000000, 0x0000000100000000, 0x0000000100000000)
 Metaspace       used 61046K, capacity 62476K, committed 62692K, reserved 1105920K
  class space    used 5439K, capacity 5874K, committed 5912K, reserved 1048576K
2015-12-01T19:30:39.020-0500: 24096,498: [GC (Allocation Failure) 2015-12-01T19:30:39.020-0500: 24096,498: [ParNew
Desired survivor size 20112992 bytes, new threshold 8 (max 8)
- age   1:    2919008 bytes,    2919008 total
- age   2:      86296 bytes,    3005304 total
- age   3:    1662592 bytes,    4667896 total
- age   4:    1472920 bytes,    6140816 total
- age   5:      76392 bytes,    6217208 total
- age   6:     803872 bytes,    7021080 total
- age   7:     603080 bytes,    7624160 total
- age   8:        864 bytes,    7625024 total
: 97526K->8562K(109248K), 0,0075822 secs] 126218K->37444K(502464K), 0,0076715 secs] [Times: user=0,03 sys=0,00, real=0,00 secs] 
Heap after GC invocations=68 (full 2):
 par new generation   total 109248K, used 8562K [0x00000000e0000000, 0x00000000e8000000, 0x00000000e8000000)
  eden space 87424K,   0% used [0x00000000e0000000, 0x00000000e0000000, 0x00000000e5560000)
  from space 21824K,  39% used [0x00000000e5560000, 0x00000000e5dbca40, 0x00000000e6ab0000)
  to   space 21824K,   0% used [0x00000000e6ab0000, 0x00000000e6ab0000, 0x00000000e8000000)
 concurrent mark-sweep generation total 393216K, used 28881K [0x00000000e8000000, 0x0000000100000000, 0x0000000100000000)
 Metaspace       used 61046K, capacity 62476K, committed 62692K, reserved 1105920K
  class space    used 5439K, capacity 5874K, committed 5912K, reserved 1048576K
}
2015-12-01T19:30:39.027-0500: 24096,505: Total time for which application threads were stopped: 0,0078464 seconds, Stopping threads took: 0,0000235 seconds
2015-12-01T19:30:39.029-0500: 24096,507: Total time for which application threads were stopped: 0,0002121 seconds, Stopping threads took: 0,0000212 seconds
2015-12-01T19:30:40.029-0500: 24097,507: Total time for which application threads were stopped: 0,0000935 seconds, Stopping threads took: 0,0000235 seconds
2015-12-01T19:30:54.030-0500: 24111,509: Total time for which application threads were stopped: 0,0001025 seconds, Stopping threads took: 0,0000245 seconds
2015-12-01T19:31:29.035-0500: 24146,513: Total time for which application threads were stopped: 0,0001150 seconds, Stopping threads took: 0,0000356 seconds
2015-12-01T19:31:32.035-0500: 24149,513: Total time for which application threads were stopped: 0,0000921 seconds, Stopping threads took: 0,0000233 seconds
2015-12-01T19:32:36.042-0500: 24213,520: Total time for which application threads were stopped: 0,0001070 seconds, Stopping threads took: 0,0000362 seconds
2015-12-01T19:32:40.042-0500: 24217,520: Total time for which application threads were stopped: 0,0000919 seconds, Stopping threads took: 0,0000225 seconds
2015-12-01T19:32:41.043-0500: 24218,521: Total time for which application threads were stopped: 0,0000922 seconds, Stopping threads took: 0,0000222 seconds
2015-12-01T19:32:42.043-0500: 24219,521: Total time for which application threads were stopped: 0,0000950 seconds, Stopping threads took: 0,0000236 seconds
2015-12-01T19:34:20.053-0500: 24317,531: Total time for which application threads were stopped: 0,0002050 seconds, Stopping threads took: 0,0000685 seconds
2015-12-01T19:34:24.053-0500: 24321,531: Total time for which application threads were stopped: 0,0000906 seconds, Stopping threads took: 0,0000230 seconds
2015-12-01T19:34:53.056-0500: 24350,534: Total time for which application threads were stopped: 0,0001001 seconds, Stopping threads took: 0,0000312 seconds
2015-12-01T19:34:54.056-0500: 24351,534: Total time for which application threads were stopped: 0,0001133 seconds, Stopping threads took: 0,0000245 seconds
2015-12-01T19:36:31.066-0500: 24448,545: Total time for which application threads were stopped: 0,0001132 seconds, Stopping threads took: 0,0000365 seconds
2015-12-01T19:36:44.333-0500: 24461,811: Total time for which application threads were stopped: 0,0001416 seconds, Stopping threads took: 0,0000330 seconds
2015-12-01T19:36:51.194-0500: 24468,672: Total time for which application threads were stopped: 0,0002276 seconds, Stopping threads took: 0,0000552 seconds
2015-12-01T19:36:52.195-0500: 24469,673: Total time for which application threads were stopped: 0,0001016 seconds, Stopping threads took: 0,0000316 seconds
2015-12-01T19:37:12.197-0500: 24489,675: Total time for which application threads were stopped: 0,0001220 seconds, Stopping threads took: 0,0000333 seconds
2015-12-01T19:40:40.220-0500: 24697,698: Total time for which application threads were stopped: 0,0000918 seconds, Stopping threads took: 0,0000230 seconds
2015-12-01T19:40:46.221-0500: 24703,699: Total time for which application threads were stopped: 0,0000938 seconds, Stopping threads took: 0,0000231 seconds
2015-12-01T19:40:47.221-0500: 24704,700: Total time for which application threads were stopped: 0,0000996 seconds, Stopping threads took: 0,0000252 seconds
2015-12-01T19:46:10.586-0500: 25028,064: Total time for which application threads were stopped: 0,0001363 seconds, Stopping threads took: 0,0000324 seconds
2015-12-01T19:46:11.738-0500: 25029,216: Total time for which application threads were stopped: 0,0001986 seconds, Stopping threads took: 0,0001056 seconds
{Heap before GC invocations=68 (full 2):
 par new generation   total 109248K, used 95986K [0x00000000e0000000, 0x00000000e8000000, 0x00000000e8000000)
  eden space 87424K, 100% used [0x00000000e0000000, 0x00000000e5560000, 0x00000000e5560000)
  from space 21824K,  39% used [0x00000000e5560000, 0x00000000e5dbca40, 0x00000000e6ab0000)
  to   space 21824K,   0% used [0x00000000e6ab0000, 0x00000000e6ab0000, 0x00000000e8000000)
 concurrent mark-sweep generation total 393216K, used 28881K [0x00000000e8000000, 0x0000000100000000, 0x0000000100000000)
 Metaspace       used 61090K, capacity 62546K, committed 62692K, reserved 1105920K
  class space    used 5439K, capacity 5875K, committed 5912K, reserved 1048576K
2015-12-01T19:46:11.755-0500: 25029,233: [GC (Allocation Failure) 2015-12-01T19:46:11.755-0500: 25029,233: [ParNew
Desired survivor size 20112992 bytes, new threshold 8 (max 8)
- age   1:    1258032 bytes,    1258032 total
- age   2:    1837336 bytes,    3095368 total
- age   3:      86280 bytes,    3181648 total
- age   4:    1651536 bytes,    4833184 total
- age   5:    1467384 bytes,    6300568 total
- age   6:      76392 bytes,    6376960 total
- age   7:     803872 bytes,    7180832 total
- age   8:     603080 bytes,    7783912 total
: 95986K->12596K(109248K), 0,0421507 secs] 124868K->41479K(502464K), 0,0422344 secs] [Times: user=0,08 sys=0,00, real=0,05 secs] 
Heap after GC invocations=69 (full 2):
 par new generation   total 109248K, used 12596K [0x00000000e0000000, 0x00000000e8000000, 0x00000000e8000000)
  eden space 87424K,   0% used [0x00000000e0000000, 0x00000000e0000000, 0x00000000e5560000)
  from space 21824K,  57% used [0x00000000e6ab0000, 0x00000000e76fd280, 0x00000000e8000000)
  to   space 21824K,   0% used [0x00000000e5560000, 0x00000000e5560000, 0x00000000e6ab0000)
 concurrent mark-sweep generation total 393216K, used 28882K [0x00000000e8000000, 0x0000000100000000, 0x0000000100000000)
 Metaspace       used 61090K, capacity 62546K, committed 62692K, reserved 1105920K
  class space    used 5439K, capacity 5875K, committed 5912K, reserved 1048576K
}
2015-12-01T19:46:11.797-0500: 25029,275: Total time for which application threads were stopped: 0,0424278 seconds, Stopping threads took: 0,0000308 seconds
2015-12-01T19:46:11.798-0500: 25029,276: Total time for which application threads were stopped: 0,0001386 seconds, Stopping threads took: 0,0000334 seconds
2015-12-01T19:46:11.798-0500: 25029,276: Total time for which application threads were stopped: 0,0000980 seconds, Stopping threads took: 0,0000262 seconds
{Heap before GC invocations=69 (full 2):
 par new generation   total 109248K, used 100020K [0x00000000e0000000, 0x00000000e8000000, 0x00000000e8000000)
  eden space 87424K, 100% used [0x00000000e0000000, 0x00000000e5560000, 0x00000000e5560000)
  from space 21824K,  57% used [0x00000000e6ab0000, 0x00000000e76fd280, 0x00000000e8000000)
  to   space 21824K,   0% used [0x00000000e5560000, 0x00000000e5560000, 0x00000000e6ab0000)
 concurrent mark-sweep generation total 393216K, used 28882K [0x00000000e8000000, 0x0000000100000000, 0x0000000100000000)
 Metaspace       used 61090K, capacity 62546K, committed 62692K, reserved 1105920K
  class space    used 5439K, capacity 5875K, committed 5912K, reserved 1048576K
2015-12-01T19:46:11.832-0500: 25029,310: [GC (Allocation Failure) 2015-12-01T19:46:11.832-0500: 25029,310: [ParNew
Desired survivor size 20112992 bytes, new threshold 8 (max 8)
- age   1:    1024384 bytes,    1024384 total
- age   2:    1011856 bytes,    2036240 total
- age   3:    1797024 bytes,    3833264 total
- age   4:      86280 bytes,    3919544 total
- age   5:    1645432 bytes,    5564976 total
- age   6:    1460152 bytes,    7025128 total
- age   7:      76392 bytes,    7101520 total
- age   8:     803872 bytes,    7905392 total
: 100020K->9534K(109248K), 0,0183792 secs] 128903K->39010K(502464K), 0,0184708 secs] [Times: user=0,04 sys=0,00, real=0,02 secs] 
Heap after GC invocations=70 (full 2):
 par new generation   total 109248K, used 9534K [0x00000000e0000000, 0x00000000e8000000, 0x00000000e8000000)
  eden space 87424K,   0% used [0x00000000e0000000, 0x00000000e0000000, 0x00000000e5560000)
  from space 21824K,  43% used [0x00000000e5560000, 0x00000000e5eaf850, 0x00000000e6ab0000)
  to   space 21824K,   0% used [0x00000000e6ab0000, 0x00000000e6ab0000, 0x00000000e8000000)
 concurrent mark-sweep generation total 393216K, used 29476K [0x00000000e8000000, 0x0000000100000000, 0x0000000100000000)
 Metaspace       used 61090K, capacity 62546K, committed 62692K, reserved 1105920K
  class space    used 5439K, capacity 5875K, committed 5912K, reserved 1048576K
}
2015-12-01T19:46:11.850-0500: 25029,328: Total time for which application threads were stopped: 0,0186681 seconds, Stopping threads took: 0,0000298 seconds
2015-12-01T19:46:11.905-0500: 25029,383: Total time for which application threads were stopped: 0,0001409 seconds, Stopping threads took: 0,0000322 seconds
2015-12-01T19:46:11.911-0500: 25029,390: Total time for which application threads were stopped: 0,0001332 seconds, Stopping threads took: 0,0000283 seconds
2015-12-01T19:46:11.912-0500: 25029,390: Total time for which application threads were stopped: 0,0000489 seconds, Stopping threads took: 0,0000122 seconds
2015-12-01T19:46:11.912-0500: 25029,390: Total time for which application threads were stopped: 0,0000401 seconds, Stopping threads took: 0,0000098 seconds
2015-12-01T19:46:11.912-0500: 25029,390: Total time for which application threads were stopped: 0,0001974 seconds, Stopping threads took: 0,0000116 seconds
2015-12-01T19:46:11.918-0500: 25029,396: Total time for which application threads were stopped: 0,0001225 seconds, Stopping threads took: 0,0000394 seconds
2015-12-01T19:46:11.918-0500: 25029,396: Total time for which application threads were stopped: 0,0000570 seconds, Stopping threads took: 0,0000206 seconds
2015-12-01T19:46:11.920-0500: 25029,398: Total time for which application threads were stopped: 0,0001115 seconds, Stopping threads took: 0,0000250 seconds
2015-12-01T19:46:11.921-0500: 25029,399: Total time for which application threads were stopped: 0,0000620 seconds, Stopping threads took: 0,0000087 seconds
2015-12-01T19:46:11.923-0500: 25029,401: Total time for which application threads were stopped: 0,0001351 seconds, Stopping threads took: 0,0000392 seconds
2015-12-01T19:46:11.924-0500: 25029,402: Total time for which application threads were stopped: 0,0000892 seconds, Stopping threads took: 0,0000423 seconds
2015-12-01T19:46:11.928-0500: 25029,406: Total time for which application threads were stopped: 0,0034265 seconds, Stopping threads took: 0,0033639 seconds
2015-12-01T19:46:11.928-0500: 25029,406: Total time for which application threads were stopped: 0,0001660 seconds, Stopping threads took: 0,0000367 seconds
2015-12-01T19:46:11.928-0500: 25029,407: Total time for which application threads were stopped: 0,0000991 seconds, Stopping threads took: 0,0000351 seconds
2015-12-01T19:46:11.930-0500: 25029,408: Total time for which application threads were stopped: 0,0000801 seconds, Stopping threads took: 0,0000175 seconds
2015-12-01T19:46:11.930-0500: 25029,408: Total time for which application threads were stopped: 0,0000703 seconds, Stopping threads took: 0,0000159 seconds
2015-12-01T19:46:11.933-0500: 25029,411: Total time for which application threads were stopped: 0,0001141 seconds, Stopping threads took: 0,0000260 seconds
2015-12-01T19:46:11.937-0500: 25029,415: Total time for which application threads were stopped: 0,0001290 seconds, Stopping threads took: 0,0000274 seconds
2015-12-01T19:46:13.520-0500: 25030,998: Total time for which application threads were stopped: 0,0001376 seconds, Stopping threads took: 0,0000265 seconds
2015-12-01T19:46:13.531-0500: 25031,009: Total time for which application threads were stopped: 0,0001715 seconds, Stopping threads took: 0,0000287 seconds
2015-12-01T19:46:13.531-0500: 25031,009: Total time for which application threads were stopped: 0,0000549 seconds, Stopping threads took: 0,0000105 seconds
2015-12-01T19:46:13.536-0500: 25031,014: Total time for which application threads were stopped: 0,0002786 seconds, Stopping threads took: 0,0000356 seconds
2015-12-01T19:46:13.536-0500: 25031,014: Total time for which application threads were stopped: 0,0001294 seconds, Stopping threads took: 0,0000085 seconds
2015-12-01T19:46:13.536-0500: 25031,014: Total time for which application threads were stopped: 0,0000775 seconds, Stopping threads took: 0,0000062 seconds
2015-12-01T19:46:14.082-0500: 25031,560: Total time for which application threads were stopped: 0,0001405 seconds, Stopping threads took: 0,0000294 seconds
2015-12-01T19:46:14.083-0500: 25031,561: Total time for which application threads were stopped: 0,0000761 seconds, Stopping threads took: 0,0000095 seconds
2015-12-01T19:46:14.126-0500: 25031,604: Total time for which application threads were stopped: 0,0001184 seconds, Stopping threads took: 0,0000293 seconds
2015-12-01T19:46:14.127-0500: 25031,605: Total time for which application threads were stopped: 0,0001012 seconds, Stopping threads took: 0,0000473 seconds
2015-12-01T19:46:14.127-0500: 25031,605: Total time for which application threads were stopped: 0,0000652 seconds, Stopping threads took: 0,0000189 seconds
2015-12-01T19:46:14.127-0500: 25031,605: Total time for which application threads were stopped: 0,0000660 seconds, Stopping threads took: 0,0000150 seconds
2015-12-01T19:46:14.127-0500: 25031,605: Total time for which application threads were stopped: 0,0000432 seconds, Stopping threads took: 0,0000077 seconds
2015-12-01T19:46:14.127-0500: 25031,605: Total time for which application threads were stopped: 0,0000397 seconds, Stopping threads took: 0,0000069 seconds
2015-12-01T19:46:14.127-0500: 25031,605: Total time for which application threads were stopped: 0,0000441 seconds, Stopping threads took: 0,0000088 seconds
2015-12-01T19:46:14.127-0500: 25031,605: Total time for which application threads were stopped: 0,0000500 seconds, Stopping threads took: 0,0000146 seconds
2015-12-01T19:46:14.128-0500: 25031,606: Total time for which application threads were stopped: 0,0000665 seconds, Stopping threads took: 0,0000209 seconds
2015-12-01T19:46:16.142-0500: 25033,620: Total time for which application threads were stopped: 0,0001343 seconds, Stopping threads took: 0,0000317 seconds
{Heap before GC invocations=70 (full 2):
 par new generation   total 109248K, used 96958K [0x00000000e0000000, 0x00000000e8000000, 0x00000000e8000000)
  eden space 87424K, 100% used [0x00000000e0000000, 0x00000000e5560000, 0x00000000e5560000)
  from space 21824K,  43% used [0x00000000e5560000, 0x00000000e5eaf850, 0x00000000e6ab0000)
  to   space 21824K,   0% used [0x00000000e6ab0000, 0x00000000e6ab0000, 0x00000000e8000000)
 concurrent mark-sweep generation total 393216K, used 29476K [0x00000000e8000000, 0x0000000100000000, 0x0000000100000000)
 Metaspace       used 61208K, capacity 62718K, committed 63076K, reserved 1105920K
  class space    used 5449K, capacity 5915K, committed 6040K, reserved 1048576K
2015-12-01T19:46:16.482-0500: 25033,960: [GC (Allocation Failure) 2015-12-01T19:46:16.482-0500: 25033,960: [ParNew
Desired survivor size 20112992 bytes, new threshold 8 (max 8)
- age   1:    1013736 bytes,    1013736 total
- age   2:     148192 bytes,    1161928 total
- age   3:     822832 bytes,    1984760 total
- age   4:    1542008 bytes,    3526768 total
- age   5:      86280 bytes,    3613048 total
- age   6:    1645304 bytes,    5258352 total
- age   7:    1442416 bytes,    6700768 total
- age   8:      76392 bytes,    6777160 total
: 96958K->9985K(109248K), 0,0316672 secs] 126434K->40251K(502464K), 0,0317569 secs] [Times: user=0,09 sys=0,00, real=0,03 secs] 
Heap after GC invocations=71 (full 2):
 par new generation   total 109248K, used 9985K [0x00000000e0000000, 0x00000000e8000000, 0x00000000e8000000)
  eden space 87424K,   0% used [0x00000000e0000000, 0x00000000e0000000, 0x00000000e5560000)
  from space 21824K,  45% used [0x00000000e6ab0000, 0x00000000e7470510, 0x00000000e8000000)
  to   space 21824K,   0% used [0x00000000e5560000, 0x00000000e5560000, 0x00000000e6ab0000)
 concurrent mark-sweep generation total 393216K, used 30265K [0x00000000e8000000, 0x0000000100000000, 0x0000000100000000)
 Metaspace       used 61208K, capacity 62718K, committed 63076K, reserved 1105920K
  class space    used 5449K, capacity 5915K, committed 6040K, reserved 1048576K
}
2015-12-01T19:46:16.514-0500: 25033,992: Total time for which application threads were stopped: 0,0319669 seconds, Stopping threads took: 0,0000468 seconds
2015-12-01T19:46:16.514-0500: 25033,992: Total time for which application threads were stopped: 0,0001456 seconds, Stopping threads took: 0,0000618 seconds
2015-12-01T19:46:16.525-0500: 25034,003: Total time for which application threads were stopped: 0,0001401 seconds, Stopping threads took: 0,0000313 seconds
2015-12-01T19:46:16.534-0500: 25034,012: Total time for which application threads were stopped: 0,0002314 seconds, Stopping threads took: 0,0000400 seconds
2015-12-01T19:46:16.534-0500: 25034,012: Total time for which application threads were stopped: 0,0000427 seconds, Stopping threads took: 0,0000056 seconds
2015-12-01T19:46:16.534-0500: 25034,012: Total time for which application threads were stopped: 0,0000906 seconds, Stopping threads took: 0,0000045 seconds
2015-12-01T19:46:16.535-0500: 25034,013: Total time for which application threads were stopped: 0,0001843 seconds, Stopping threads took: 0,0000255 seconds
2015-12-01T19:46:16.535-0500: 25034,013: Total time for which application threads were stopped: 0,0001023 seconds, Stopping threads took: 0,0000088 seconds
2015-12-01T19:46:16.535-0500: 25034,013: Total time for which application threads were stopped: 0,0001045 seconds, Stopping threads took: 0,0000090 seconds
2015-12-01T19:46:16.535-0500: 25034,013: Total time for which application threads were stopped: 0,0000616 seconds, Stopping threads took: 0,0000222 seconds
2015-12-01T19:46:16.536-0500: 25034,014: Total time for which application threads were stopped: 0,0001008 seconds, Stopping threads took: 0,0000196 seconds
2015-12-01T19:46:16.537-0500: 25034,015: Total time for which application threads were stopped: 0,0000717 seconds, Stopping threads took: 0,0000362 seconds
2015-12-01T19:46:16.537-0500: 25034,015: Total time for which application threads were stopped: 0,0000347 seconds, Stopping threads took: 0,0000074 seconds
2015-12-01T19:46:16.546-0500: 25034,024: Total time for which application threads were stopped: 0,0001175 seconds, Stopping threads took: 0,0000283 seconds
2015-12-01T19:46:16.547-0500: 25034,025: Total time for which application threads were stopped: 0,0000520 seconds, Stopping threads took: 0,0000096 seconds
2015-12-01T19:46:18.154-0500: 25035,632: Total time for which application threads were stopped: 0,0002481 seconds, Stopping threads took: 0,0000455 seconds
2015-12-01T19:46:18.410-0500: 25035,888: Total time for which application threads were stopped: 0,0001010 seconds, Stopping threads took: 0,0000284 seconds
2015-12-01T19:46:18.410-0500: 25035,888: Total time for which application threads were stopped: 0,0001338 seconds, Stopping threads took: 0,0000165 seconds
{Heap before GC invocations=71 (full 2):
 par new generation   total 109248K, used 97409K [0x00000000e0000000, 0x00000000e8000000, 0x00000000e8000000)
  eden space 87424K, 100% used [0x00000000e0000000, 0x00000000e5560000, 0x00000000e5560000)
  from space 21824K,  45% used [0x00000000e6ab0000, 0x00000000e7470510, 0x00000000e8000000)
  to   space 21824K,   0% used [0x00000000e5560000, 0x00000000e5560000, 0x00000000e6ab0000)
 concurrent mark-sweep generation total 393216K, used 30265K [0x00000000e8000000, 0x0000000100000000, 0x0000000100000000)
 Metaspace       used 62549K, capacity 63998K, committed 64100K, reserved 1107968K
  class space    used 5537K, capacity 5979K, committed 6040K, reserved 1048576K
2015-12-01T19:46:47.555-0500: 25065,033: [GC (Allocation Failure) 2015-12-01T19:46:47.555-0500: 25065,033: [ParNew
Desired survivor size 20112992 bytes, new threshold 8 (max 8)
- age   1:    3394344 bytes,    3394344 total
- age   2:     806544 bytes,    4200888 total
- age   3:     147824 bytes,    4348712 total
- age   4:     719704 bytes,    5068416 total
- age   5:     657552 bytes,    5725968 total
- age   6:        880 bytes,    5726848 total
- age   7:    1025224 bytes,    6752072 total
- age   8:    1442416 bytes,    8194488 total
: 97409K->10734K(109248K), 0,0412651 secs] 127675K->41076K(502464K), 0,0413273 secs] [Times: user=0,07 sys=0,00, real=0,05 secs] 
Heap after GC invocations=72 (full 2):
 par new generation   total 109248K, used 10734K [0x00000000e0000000, 0x00000000e8000000, 0x00000000e8000000)
  eden space 87424K,   0% used [0x00000000e0000000, 0x00000000e0000000, 0x00000000e5560000)
  from space 21824K,  49% used [0x00000000e5560000, 0x00000000e5fdb828, 0x00000000e6ab0000)
  to   space 21824K,   0% used [0x00000000e6ab0000, 0x00000000e6ab0000, 0x00000000e8000000)
 concurrent mark-sweep generation total 393216K, used 30342K [0x00000000e8000000, 0x0000000100000000, 0x0000000100000000)
 Metaspace       used 62549K, capacity 63998K, committed 64100K, reserved 1107968K
  class space    used 5537K, capacity 5979K, committed 6040K, reserved 1048576K
}
2015-12-01T19:46:47.597-0500: 25065,075: Total time for which application threads were stopped: 0,0416443 seconds, Stopping threads took: 0,0000956 seconds
2015-12-01T19:46:47.597-0500: 25065,075: Total time for which application threads were stopped: 0,0001357 seconds, Stopping threads took: 0,0000306 seconds
2015-12-01T19:46:47.597-0500: 25065,075: Total time for which application threads were stopped: 0,0000684 seconds, Stopping threads took: 0,0000195 seconds
2015-12-01T19:46:47.597-0500: 25065,075: Total time for which application threads were stopped: 0,0000441 seconds, Stopping threads took: 0,0000149 seconds
2015-12-01T19:46:47.597-0500: 25065,075: Total time for which application threads were stopped: 0,0000724 seconds, Stopping threads took: 0,0000235 seconds
{Heap before GC invocations=72 (full 2):
 par new generation   total 109248K, used 98158K [0x00000000e0000000, 0x00000000e8000000, 0x00000000e8000000)
  eden space 87424K, 100% used [0x00000000e0000000, 0x00000000e5560000, 0x00000000e5560000)
  from space 21824K,  49% used [0x00000000e5560000, 0x00000000e5fdb828, 0x00000000e6ab0000)
  to   space 21824K,   0% used [0x00000000e6ab0000, 0x00000000e6ab0000, 0x00000000e8000000)
 concurrent mark-sweep generation total 393216K, used 30342K [0x00000000e8000000, 0x0000000100000000, 0x0000000100000000)
 Metaspace       used 62549K, capacity 63998K, committed 64100K, reserved 1107968K
  class space    used 5537K, capacity 5979K, committed 6040K, reserved 1048576K
2015-12-01T19:46:47.639-0500: 25065,117: [GC (Allocation Failure) 2015-12-01T19:46:47.639-0500: 25065,117: [ParNew
Desired survivor size 20112992 bytes, new threshold 8 (max 8)
- age   1:     631608 bytes,     631608 total
- age   2:    2287264 bytes,    2918872 total
- age   3:     806232 bytes,    3725104 total
- age   4:     147824 bytes,    3872928 total
- age   5:     719184 bytes,    4592112 total
- age   6:     657552 bytes,    5249664 total
- age   7:        880 bytes,    5250544 total
- age   8:    1025224 bytes,    6275768 total
: 98158K->8609K(109248K), 0,0081367 secs] 128500K->40372K(502464K), 0,0082438 secs] [Times: user=0,03 sys=0,00, real=0,00 secs] 
Heap after GC invocations=73 (full 2):
 par new generation   total 109248K, used 8609K [0x00000000e0000000, 0x00000000e8000000, 0x00000000e8000000)
  eden space 87424K,   0% used [0x00000000e0000000, 0x00000000e0000000, 0x00000000e5560000)
  from space 21824K,  39% used [0x00000000e6ab0000, 0x00000000e7318758, 0x00000000e8000000)
  to   space 21824K,   0% used [0x00000000e5560000, 0x00000000e5560000, 0x00000000e6ab0000)
 concurrent mark-sweep generation total 393216K, used 31762K [0x00000000e8000000, 0x0000000100000000, 0x0000000100000000)
 Metaspace       used 62549K, capacity 63998K, committed 64100K, reserved 1107968K
  class space    used 5537K, capacity 5979K, committed 6040K, reserved 1048576K
}
2015-12-01T19:46:47.647-0500: 25065,125: Total time for which application threads were stopped: 0,0084532 seconds, Stopping threads took: 0,0000353 seconds
2015-12-01T19:46:47.648-0500: 25065,126: Total time for which application threads were stopped: 0,0002445 seconds, Stopping threads took: 0,0000366 seconds
2015-12-01T19:46:47.675-0500: 25065,153: Total time for which application threads were stopped: 0,0001821 seconds, Stopping threads took: 0,0000605 seconds
2015-12-01T19:46:47.693-0500: 25065,171: Total time for which application threads were stopped: 0,0106595 seconds, Stopping threads took: 0,0105135 seconds
2015-12-01T19:46:47.694-0500: 25065,172: Total time for which application threads were stopped: 0,0001463 seconds, Stopping threads took: 0,0000501 seconds
2015-12-01T19:46:47.702-0500: 25065,180: Total time for which application threads were stopped: 0,0001433 seconds, Stopping threads took: 0,0000373 seconds
2015-12-01T19:46:47.702-0500: 25065,181: Total time for which application threads were stopped: 0,0001938 seconds, Stopping threads took: 0,0001051 seconds
2015-12-01T19:46:47.705-0500: 25065,183: Total time for which application threads were stopped: 0,0001177 seconds, Stopping threads took: 0,0000329 seconds
2015-12-01T19:46:47.706-0500: 25065,184: Total time for which application threads were stopped: 0,0000702 seconds, Stopping threads took: 0,0000145 seconds
2015-12-01T19:46:47.709-0500: 25065,187: Total time for which application threads were stopped: 0,0001958 seconds, Stopping threads took: 0,0000671 seconds
2015-12-01T19:46:47.709-0500: 25065,187: Total time for which application threads were stopped: 0,0001585 seconds, Stopping threads took: 0,0000681 seconds
2015-12-01T19:46:47.709-0500: 25065,187: Total time for which application threads were stopped: 0,0000786 seconds, Stopping threads took: 0,0000136 seconds
2015-12-01T19:46:47.709-0500: 25065,187: Total time for which application threads were stopped: 0,0000822 seconds, Stopping threads took: 0,0000259 seconds
2015-12-01T19:46:47.709-0500: 25065,187: Total time for which application threads were stopped: 0,0000612 seconds, Stopping threads took: 0,0000261 seconds
2015-12-01T19:46:47.710-0500: 25065,188: Total time for which application threads were stopped: 0,0000734 seconds, Stopping threads took: 0,0000269 seconds
2015-12-01T19:46:47.719-0500: 25065,197: Total time for which application threads were stopped: 0,0001327 seconds, Stopping threads took: 0,0000310 seconds
2015-12-01T19:46:48.842-0500: 25066,320: Total time for which application threads were stopped: 0,0004266 seconds, Stopping threads took: 0,0000582 seconds
2015-12-01T19:46:48.853-0500: 25066,331: Total time for which application threads were stopped: 0,0001296 seconds, Stopping threads took: 0,0000315 seconds
2015-12-01T19:46:48.858-0500: 25066,336: Total time for which application threads were stopped: 0,0001617 seconds, Stopping threads took: 0,0000534 seconds
2015-12-01T19:46:48.858-0500: 25066,336: Total time for which application threads were stopped: 0,0000671 seconds, Stopping threads took: 0,0000172 seconds
2015-12-01T19:46:48.859-0500: 25066,337: Total time for which application threads were stopped: 0,0000862 seconds, Stopping threads took: 0,0000107 seconds
2015-12-01T19:46:48.859-0500: 25066,337: Total time for which application threads were stopped: 0,0000488 seconds, Stopping threads took: 0,0000109 seconds
2015-12-01T19:46:49.684-0500: 25067,162: Total time for which application threads were stopped: 0,0001154 seconds, Stopping threads took: 0,0000215 seconds
2015-12-01T19:46:49.713-0500: 25067,191: Total time for which application threads were stopped: 0,0001655 seconds, Stopping threads took: 0,0000415 seconds
2015-12-01T19:46:49.714-0500: 25067,192: Total time for which application threads were stopped: 0,0000935 seconds, Stopping threads took: 0,0000127 seconds
2015-12-01T19:46:49.716-0500: 25067,194: Total time for which application threads were stopped: 0,0002670 seconds, Stopping threads took: 0,0000171 seconds
2015-12-01T19:46:49.716-0500: 25067,194: Total time for which application threads were stopped: 0,0001951 seconds, Stopping threads took: 0,0000371 seconds
2015-12-01T19:46:49.717-0500: 25067,195: Total time for which application threads were stopped: 0,0000802 seconds, Stopping threads took: 0,0000110 seconds
2015-12-01T19:46:49.717-0500: 25067,195: Total time for which application threads were stopped: 0,0000961 seconds, Stopping threads took: 0,0000350 seconds
2015-12-01T19:46:49.717-0500: 25067,195: Total time for which application threads were stopped: 0,0001247 seconds, Stopping threads took: 0,0000569 seconds
2015-12-01T19:46:49.717-0500: 25067,195: Total time for which application threads were stopped: 0,0000635 seconds, Stopping threads took: 0,0000081 seconds
2015-12-01T19:46:49.718-0500: 25067,196: Total time for which application threads were stopped: 0,0000665 seconds, Stopping threads took: 0,0000113 seconds
2015-12-01T19:46:51.647-0500: 25069,125: [GC (CMS Initial Mark) [1 CMS-initial-mark: 31762K(393216K)] 74694K(502464K), 0,0425789 secs] [Times: user=0,03 sys=0,00, real=0,05 secs] 
2015-12-01T19:46:51.689-0500: 25069,167: Total time for which application threads were stopped: 0,0427213 seconds, Stopping threads took: 0,0000232 seconds
2015-12-01T19:46:51.689-0500: 25069,167: [CMS-concurrent-mark-start]
2015-12-01T19:46:51.726-0500: 25069,204: Total time for which application threads were stopped: 0,0001456 seconds, Stopping threads took: 0,0000319 seconds
2015-12-01T19:46:51.730-0500: 25069,208: [CMS-concurrent-mark: 0,040/0,041 secs] [Times: user=0,06 sys=0,00, real=0,04 secs] 
2015-12-01T19:46:51.730-0500: 25069,208: [CMS-concurrent-preclean-start]
2015-12-01T19:46:51.735-0500: 25069,213: [CMS-concurrent-preclean: 0,005/0,005 secs] [Times: user=0,00 sys=0,00, real=0,00 secs] 
2015-12-01T19:46:51.735-0500: 25069,213: [CMS-concurrent-abortable-preclean-start]
2015-12-01T19:46:51.802-0500: 25069,280: Total time for which application threads were stopped: 0,0001327 seconds, Stopping threads took: 0,0000244 seconds
2015-12-01T19:46:51.816-0500: 25069,294: Total time for which application threads were stopped: 0,0001171 seconds, Stopping threads took: 0,0000268 seconds
2015-12-01T19:46:51.824-0500: 25069,302: Total time for which application threads were stopped: 0,0001492 seconds, Stopping threads took: 0,0000243 seconds
2015-12-01T19:46:51.824-0500: 25069,302: Total time for which application threads were stopped: 0,0000441 seconds, Stopping threads took: 0,0000071 seconds
2015-12-01T19:46:51.824-0500: 25069,302: Total time for which application threads were stopped: 0,0000449 seconds, Stopping threads took: 0,0000051 seconds
2015-12-01T19:46:51.825-0500: 25069,303: Total time for which application threads were stopped: 0,0000467 seconds, Stopping threads took: 0,0000064 seconds
2015-12-01T19:46:51.825-0500: 25069,303: Total time for which application threads were stopped: 0,0000392 seconds, Stopping threads took: 0,0000043 seconds
2015-12-01T19:46:51.825-0500: 25069,303: Total time for which application threads were stopped: 0,0000407 seconds, Stopping threads took: 0,0000045 seconds
2015-12-01T19:46:51.825-0500: 25069,303: Total time for which application threads were stopped: 0,0000398 seconds, Stopping threads took: 0,0000046 seconds
2015-12-01T19:46:51.825-0500: 25069,303: Total time for which application threads were stopped: 0,0000324 seconds, Stopping threads took: 0,0000072 seconds
2015-12-01T19:46:51.825-0500: 25069,303: Total time for which application threads were stopped: 0,0000329 seconds, Stopping threads took: 0,0000063 seconds
2015-12-01T19:46:51.825-0500: 25069,303: Total time for which application threads were stopped: 0,0000399 seconds, Stopping threads took: 0,0000067 seconds
2015-12-01T19:46:51.832-0500: 25069,310: Total time for which application threads were stopped: 0,0001181 seconds, Stopping threads took: 0,0000353 seconds
2015-12-01T19:46:51.832-0500: 25069,310: Total time for which application threads were stopped: 0,0000554 seconds, Stopping threads took: 0,0000107 seconds
2015-12-01T19:46:51.843-0500: 25069,321: Total time for which application threads were stopped: 0,0001153 seconds, Stopping threads took: 0,0000248 seconds
2015-12-01T19:46:51.850-0500: 25069,328: Total time for which application threads were stopped: 0,0001446 seconds, Stopping threads took: 0,0000336 seconds
2015-12-01T19:46:51.873-0500: 25069,351: Total time for which application threads were stopped: 0,0001091 seconds, Stopping threads took: 0,0000308 seconds
2015-12-01T19:46:52.873-0500: 25070,351: Total time for which application threads were stopped: 0,0001178 seconds, Stopping threads took: 0,0000238 seconds
2015-12-01T19:46:53.061-0500: 25070,539: Total time for which application threads were stopped: 0,0001216 seconds, Stopping threads took: 0,0000341 seconds
2015-12-01T19:46:53.778-0500: 25071,256: Total time for which application threads were stopped: 0,0109699 seconds, Stopping threads took: 0,0107132 seconds
{Heap before GC invocations=73 (full 3):
 par new generation   total 109248K, used 96033K [0x00000000e0000000, 0x00000000e8000000, 0x00000000e8000000)
  eden space 87424K, 100% used [0x00000000e0000000, 0x00000000e5560000, 0x00000000e5560000)
  from space 21824K,  39% used [0x00000000e6ab0000, 0x00000000e7318758, 0x00000000e8000000)
  to   space 21824K,   0% used [0x00000000e5560000, 0x00000000e5560000, 0x00000000e6ab0000)
 concurrent mark-sweep generation total 393216K, used 31762K [0x00000000e8000000, 0x0000000100000000, 0x0000000100000000)
 Metaspace       used 64116K, capacity 65578K, committed 65752K, reserved 1110016K
  class space    used 5633K, capacity 6083K, committed 6116K, reserved 1048576K
2015-12-01T19:46:53.840-0500: 25071,319: [GC (Allocation Failure) 2015-12-01T19:46:53.841-0500: 25071,319: [ParNew
Desired survivor size 20112992 bytes, new threshold 8 (max 8)
- age   1:    3559600 bytes,    3559600 total
- age   2:      83912 bytes,    3643512 total
- age   3:    1507504 bytes,    5151016 total
- age   4:     748696 bytes,    5899712 total
- age   5:     147824 bytes,    6047536 total
- age   6:     719120 bytes,    6766656 total
- age   7:     651952 bytes,    7418608 total
- age   8:        880 bytes,    7419488 total
: 96033K->8950K(109248K), 0,0156164 secs] 127796K->40928K(502464K), 0,0156978 secs] [Times: user=0,05 sys=0,00, real=0,01 secs] 
Heap after GC invocations=74 (full 3):
 par new generation   total 109248K, used 8950K [0x00000000e0000000, 0x00000000e8000000, 0x00000000e8000000)
  eden space 87424K,   0% used [0x00000000e0000000, 0x00000000e0000000, 0x00000000e5560000)
  from space 21824K,  41% used [0x00000000e5560000, 0x00000000e5e1dbf8, 0x00000000e6ab0000)
  to   space 21824K,   0% used [0x00000000e6ab0000, 0x00000000e6ab0000, 0x00000000e8000000)
 concurrent mark-sweep generation total 393216K, used 31977K [0x00000000e8000000, 0x0000000100000000, 0x0000000100000000)
 Metaspace       used 64116K, capacity 65578K, committed 65752K, reserved 1110016K
  class space    used 5633K, capacity 6083K, committed 6116K, reserved 1048576K
}
2015-12-01T19:46:53.856-0500: 25071,334: Total time for which application threads were stopped: 0,0159355 seconds, Stopping threads took: 0,0000268 seconds
2015-12-01T19:46:53.857-0500: 25071,335: Total time for which application threads were stopped: 0,0001135 seconds, Stopping threads took: 0,0000357 seconds
2015-12-01T19:46:53.883-0500: 25071,361: Total time for which application threads were stopped: 0,0001342 seconds, Stopping threads took: 0,0000312 seconds
2015-12-01T19:46:53.883-0500: 25071,361: Total time for which application threads were stopped: 0,0000876 seconds, Stopping threads took: 0,0000170 seconds
2015-12-01T19:46:53.971-0500: 25071,449: Total time for which application threads were stopped: 0,0001097 seconds, Stopping threads took: 0,0000300 seconds
2015-12-01T19:46:53.972-0500: 25071,450: Total time for which application threads were stopped: 0,0000565 seconds, Stopping threads took: 0,0000241 seconds
2015-12-01T19:46:53.972-0500: 25071,450: Total time for which application threads were stopped: 0,0000507 seconds, Stopping threads took: 0,0000100 seconds
2015-12-01T19:46:53.972-0500: 25071,450: Total time for which application threads were stopped: 0,0000464 seconds, Stopping threads took: 0,0000100 seconds
2015-12-01T19:46:53.972-0500: 25071,450: Total time for which application threads were stopped: 0,0000362 seconds, Stopping threads took: 0,0000074 seconds
2015-12-01T19:46:53.972-0500: 25071,450: Total time for which application threads were stopped: 0,0000347 seconds, Stopping threads took: 0,0000069 seconds
 CMS: abort preclean due to time 2015-12-01T19:46:57.858-0500: 25075,336: [CMS-concurrent-abortable-preclean: 1,739/6,122 secs] [Times: user=2,37 sys=0,00, real=6,13 secs] 
2015-12-01T19:46:57.873-0500: 25075,351: [GC (CMS Final Remark) [YG occupancy: 30289 K (109248 K)]{Heap before GC invocations=74 (full 3):
 par new generation   total 109248K, used 30289K [0x00000000e0000000, 0x00000000e8000000, 0x00000000e8000000)
  eden space 87424K,  24% used [0x00000000e0000000, 0x00000000e14d69a0, 0x00000000e5560000)
  from space 21824K,  41% used [0x00000000e5560000, 0x00000000e5e1dbf8, 0x00000000e6ab0000)
  to   space 21824K,   0% used [0x00000000e6ab0000, 0x00000000e6ab0000, 0x00000000e8000000)
 concurrent mark-sweep generation total 393216K, used 31977K [0x00000000e8000000, 0x0000000100000000, 0x0000000100000000)
 Metaspace       used 64138K, capacity 65578K, committed 65752K, reserved 1110016K
  class space    used 5634K, capacity 6083K, committed 6116K, reserved 1048576K
2015-12-01T19:46:57.873-0500: 25075,351: [GC (CMS Final Remark) 2015-12-01T19:46:57.873-0500: 25075,351: [ParNew
Desired survivor size 20112992 bytes, new threshold 8 (max 8)
- age   1:     911584 bytes,     911584 total
- age   2:    1356880 bytes,    2268464 total
- age   3:      83912 bytes,    2352376 total
- age   4:    1316328 bytes,    3668704 total
- age   5:      99912 bytes,    3768616 total
- age   6:       2944 bytes,    3771560 total
- age   7:     241976 bytes,    4013536 total
- age   8:     651384 bytes,    4664920 total
: 30289K->7809K(109248K), 0,0246150 secs] 62267K->39788K(502464K), 0,0246685 secs] [Times: user=0,04 sys=0,00, real=0,03 secs] 
Heap after GC invocations=75 (full 3):
 par new generation   total 109248K, used 7809K [0x00000000e0000000, 0x00000000e8000000, 0x00000000e8000000)
  eden space 87424K,   0% used [0x00000000e0000000, 0x00000000e0000000, 0x00000000e5560000)
  from space 21824K,  35% used [0x00000000e6ab0000, 0x00000000e72507d8, 0x00000000e8000000)
  to   space 21824K,   0% used [0x00000000e5560000, 0x00000000e5560000, 0x00000000e6ab0000)
 concurrent mark-sweep generation total 393216K, used 31978K [0x00000000e8000000, 0x0000000100000000, 0x0000000100000000)
 Metaspace       used 64138K, capacity 65578K, committed 65752K, reserved 1110016K
  class space    used 5634K, capacity 6083K, committed 6116K, reserved 1048576K
}
2015-12-01T19:46:57.898-0500: 25075,376: [Rescan (parallel) , 0,0018954 secs]2015-12-01T19:46:57.900-0500: 25075,378: [weak refs processing, 0,0010942 secs]2015-12-01T19:46:57.901-0500: 25075,379: [class unloading, 2,8074613 secs]2015-12-01T19:47:00.708-0500: 25078,187: [scrub symbol table, 0,0539532 secs]2015-12-01T19:47:00.762-0500: 25078,241: [scrub string table, 0,0005994 secs][1 CMS-remark: 31978K(393216K)] 39788K(502464K), 2,8922556 secs] [Times: user=0,09 sys=0,05, real=2,89 secs] 
2015-12-01T19:47:00.766-0500: 25078,244: Total time for which application threads were stopped: 2,8924208 seconds, Stopping threads took: 0,0000264 seconds
2015-12-01T19:47:00.766-0500: 25078,244: [CMS-concurrent-sweep-start]
2015-12-01T19:47:00.776-0500: 25078,254: [CMS-concurrent-sweep: 0,010/0,010 secs] [Times: user=0,01 sys=0,00, real=0,01 secs] 
2015-12-01T19:47:00.776-0500: 25078,254: [CMS-concurrent-reset-start]
2015-12-01T19:47:00.815-0500: 25078,293: Total time for which application threads were stopped: 0,0005809 seconds, Stopping threads took: 0,0000441 seconds
2015-12-01T19:47:00.845-0500: 25078,323: Total time for which application threads were stopped: 0,0001173 seconds, Stopping threads took: 0,0000389 seconds
2015-12-01T19:47:00.882-0500: 25078,361: Total time for which application threads were stopped: 0,0001202 seconds, Stopping threads took: 0,0000438 seconds
2015-12-01T19:47:00.914-0500: 25078,392: Total time for which application threads were stopped: 0,0000550 seconds, Stopping threads took: 0,0000091 seconds
2015-12-01T19:47:00.992-0500: 25078,470: Total time for which application threads were stopped: 0,0001010 seconds, Stopping threads took: 0,0000372 seconds
2015-12-01T19:47:00.992-0500: 25078,470: [CMS-concurrent-reset: 0,216/0,217 secs] [Times: user=0,00 sys=0,00, real=0,22 secs] 
2015-12-01T19:47:00.993-0500: 25078,471: Total time for which application threads were stopped: 0,0001152 seconds, Stopping threads took: 0,0000756 seconds
2015-12-01T19:47:00.993-0500: 25078,471: Total time for which application threads were stopped: 0,0000402 seconds, Stopping threads took: 0,0000067 seconds
2015-12-01T19:47:00.993-0500: 25078,471: Total time for which application threads were stopped: 0,0000384 seconds, Stopping threads took: 0,0000050 seconds
2015-12-01T19:47:00.993-0500: 25078,471: Total time for which application threads were stopped: 0,0000371 seconds, Stopping threads took: 0,0000049 seconds
2015-12-01T19:47:00.993-0500: 25078,471: Total time for which application threads were stopped: 0,0000294 seconds, Stopping threads took: 0,0000052 seconds
2015-12-01T19:47:00.993-0500: 25078,471: Total time for which application threads were stopped: 0,0000283 seconds, Stopping threads took: 0,0000051 seconds
2015-12-01T19:47:00.993-0500: 25078,471: Total time for which application threads were stopped: 0,0000292 seconds, Stopping threads took: 0,0000052 seconds
2015-12-01T19:47:00.993-0500: 25078,471: Total time for which application threads were stopped: 0,0000528 seconds, Stopping threads took: 0,0000179 seconds
2015-12-01T19:47:00.993-0500: 25078,471: Total time for which application threads were stopped: 0,0000391 seconds, Stopping threads took: 0,0000050 seconds
2015-12-01T19:47:00.993-0500: 25078,471: Total time for which application threads were stopped: 0,0000379 seconds, Stopping threads took: 0,0000050 seconds
2015-12-01T19:47:00.993-0500: 25078,471: Total time for which application threads were stopped: 0,0000384 seconds, Stopping threads took: 0,0000051 seconds
2015-12-01T19:47:00.993-0500: 25078,471: Total time for which application threads were stopped: 0,0000376 seconds, Stopping threads took: 0,0000050 seconds
2015-12-01T19:47:00.993-0500: 25078,471: Total time for which application threads were stopped: 0,0000384 seconds, Stopping threads took: 0,0000050 seconds
2015-12-01T19:47:00.993-0500: 25078,471: Total time for which application threads were stopped: 0,0000294 seconds, Stopping threads took: 0,0000056 seconds
2015-12-01T19:47:00.993-0500: 25078,471: Total time for which application threads were stopped: 0,0000298 seconds, Stopping threads took: 0,0000053 seconds
2015-12-01T19:47:00.993-0500: 25078,472: Total time for which application threads were stopped: 0,0000315 seconds, Stopping threads took: 0,0000052 seconds
2015-12-01T19:47:00.994-0500: 25078,472: Total time for which application threads were stopped: 0,0000298 seconds, Stopping threads took: 0,0000051 seconds
2015-12-01T19:47:00.994-0500: 25078,472: Total time for which application threads were stopped: 0,0000291 seconds, Stopping threads took: 0,0000052 seconds
2015-12-01T19:47:00.994-0500: 25078,472: Total time for which application threads were stopped: 0,0000299 seconds, Stopping threads took: 0,0000052 seconds
2015-12-01T19:47:00.994-0500: 25078,472: Total time for which application threads were stopped: 0,0000293 seconds, Stopping threads took: 0,0000053 seconds
2015-12-01T19:47:00.994-0500: 25078,472: Total time for which application threads were stopped: 0,0000297 seconds, Stopping threads took: 0,0000052 seconds
2015-12-01T19:47:00.994-0500: 25078,472: Total time for which application threads were stopped: 0,0001148 seconds, Stopping threads took: 0,0000052 seconds
2015-12-01T19:47:00.994-0500: 25078,472: Total time for which application threads were stopped: 0,0000305 seconds, Stopping threads took: 0,0000054 seconds
2015-12-01T19:47:00.994-0500: 25078,472: Total time for which application threads were stopped: 0,0000297 seconds, Stopping threads took: 0,0000053 seconds
2015-12-01T19:47:00.994-0500: 25078,472: Total time for which application threads were stopped: 0,0000297 seconds, Stopping threads took: 0,0000053 seconds
2015-12-01T19:47:00.994-0500: 25078,472: Total time for which application threads were stopped: 0,0000298 seconds, Stopping threads took: 0,0000053 seconds
2015-12-01T19:47:00.994-0500: 25078,472: Total time for which application threads were stopped: 0,0000958 seconds, Stopping threads took: 0,0000053 seconds
2015-12-01T19:47:00.994-0500: 25078,472: Total time for which application threads were stopped: 0,0000621 seconds, Stopping threads took: 0,0000199 seconds
2015-12-01T19:47:00.994-0500: 25078,472: Total time for which application threads were stopped: 0,0000476 seconds, Stopping threads took: 0,0000199 seconds
2015-12-01T19:47:00.994-0500: 25078,472: Total time for which application threads were stopped: 0,0000619 seconds, Stopping threads took: 0,0000356 seconds
2015-12-01T19:47:00.994-0500: 25078,473: Total time for which application threads were stopped: 0,0000332 seconds, Stopping threads took: 0,0000071 seconds
2015-12-01T19:47:00.995-0500: 25078,473: Total time for which application threads were stopped: 0,0000330 seconds, Stopping threads took: 0,0000073 seconds
2015-12-01T19:47:00.995-0500: 25078,473: Total time for which application threads were stopped: 0,0000405 seconds, Stopping threads took: 0,0000145 seconds
2015-12-01T19:47:00.995-0500: 25078,473: Total time for which application threads were stopped: 0,0000388 seconds, Stopping threads took: 0,0000131 seconds
2015-12-01T19:47:00.995-0500: 25078,473: Total time for which application threads were stopped: 0,0000305 seconds, Stopping threads took: 0,0000064 seconds
2015-12-01T19:47:00.995-0500: 25078,473: Total time for which application threads were stopped: 0,0000435 seconds, Stopping threads took: 0,0000124 seconds
2015-12-01T19:47:00.995-0500: 25078,473: Total time for which application threads were stopped: 0,0000399 seconds, Stopping threads took: 0,0000117 seconds
2015-12-01T19:47:00.995-0500: 25078,473: Total time for which application threads were stopped: 0,0000390 seconds, Stopping threads took: 0,0000133 seconds
2015-12-01T19:47:00.995-0500: 25078,473: Total time for which application threads were stopped: 0,0000297 seconds, Stopping threads took: 0,0000056 seconds
2015-12-01T19:47:00.995-0500: 25078,473: Total time for which application threads were stopped: 0,0000379 seconds, Stopping threads took: 0,0000123 seconds
2015-12-01T19:47:00.995-0500: 25078,473: Total time for which application threads were stopped: 0,0000317 seconds, Stopping threads took: 0,0000074 seconds
2015-12-01T19:47:00.995-0500: 25078,473: Total time for which application threads were stopped: 0,0000385 seconds, Stopping threads took: 0,0000130 seconds
2015-12-01T19:47:00.995-0500: 25078,473: Total time for which application threads were stopped: 0,0000322 seconds, Stopping threads took: 0,0000069 seconds
2015-12-01T19:47:00.995-0500: 25078,473: Total time for which application threads were stopped: 0,0000396 seconds, Stopping threads took: 0,0000140 seconds
2015-12-01T19:47:00.995-0500: 25078,473: Total time for which application threads were stopped: 0,0000303 seconds, Stopping threads took: 0,0000062 seconds
2015-12-01T19:47:00.995-0500: 25078,473: Total time for which application threads were stopped: 0,0000294 seconds, Stopping threads took: 0,0000054 seconds
2015-12-01T19:47:00.995-0500: 25078,473: Total time for which application threads were stopped: 0,0000927 seconds, Stopping threads took: 0,0000064 seconds
2015-12-01T19:47:04.996-0500: 25082,474: Total time for which application threads were stopped: 0,0000983 seconds, Stopping threads took: 0,0000216 seconds
2015-12-01T19:47:48.860-0500: 25126,338: Total time for which application threads were stopped: 0,0002572 seconds, Stopping threads took: 0,0000770 seconds
2015-12-01T19:48:04.862-0500: 25142,340: Total time for which application threads were stopped: 0,0000971 seconds, Stopping threads took: 0,0000315 seconds
2015-12-01T19:48:37.788-0500: 25175,266: Total time for which application threads were stopped: 0,0001735 seconds, Stopping threads took: 0,0000251 seconds
{Heap before GC invocations=75 (full 3):
 par new generation   total 109248K, used 95233K [0x00000000e0000000, 0x00000000e8000000, 0x00000000e8000000)
  eden space 87424K, 100% used [0x00000000e0000000, 0x00000000e5560000, 0x00000000e5560000)
  from space 21824K,  35% used [0x00000000e6ab0000, 0x00000000e72507d8, 0x00000000e8000000)
  to   space 21824K,   0% used [0x00000000e5560000, 0x00000000e5560000, 0x00000000e6ab0000)
 concurrent mark-sweep generation total 393216K, used 27670K [0x00000000e8000000, 0x0000000100000000, 0x0000000100000000)
 Metaspace       used 63712K, capacity 65030K, committed 65752K, reserved 1110016K
  class space    used 5592K, capacity 5995K, committed 6116K, reserved 1048576K
2015-12-01T19:48:37.857-0500: 25175,335: [GC (Allocation Failure) 2015-12-01T19:48:37.857-0500: 25175,335: [ParNew
Desired survivor size 20112992 bytes, new threshold 8 (max 8)
- age   1:    1935872 bytes,    1935872 total
- age   2:     907576 bytes,    2843448 total
- age   3:    1352688 bytes,    4196136 total
- age   4:      83912 bytes,    4280048 total
- age   5:    1305424 bytes,    5585472 total
- age   6:      69904 bytes,    5655376 total
- age   7:       2944 bytes,    5658320 total
- age   8:     227384 bytes,    5885704 total
: 95233K->7427K(109248K), 0,0061173 secs] 122904K->35737K(502464K), 0,0061830 secs] [Times: user=0,02 sys=0,00, real=0,00 secs] 
Heap after GC invocations=76 (full 3):
 par new generation   total 109248K, used 7427K [0x00000000e0000000, 0x00000000e8000000, 0x00000000e8000000)
  eden space 87424K,   0% used [0x00000000e0000000, 0x00000000e0000000, 0x00000000e5560000)
  from space 21824K,  34% used [0x00000000e5560000, 0x00000000e5ca0da0, 0x00000000e6ab0000)
  to   space 21824K,   0% used [0x00000000e6ab0000, 0x00000000e6ab0000, 0x00000000e8000000)
 concurrent mark-sweep generation total 393216K, used 28310K [0x00000000e8000000, 0x0000000100000000, 0x0000000100000000)
 Metaspace       used 63712K, capacity 65030K, committed 65752K, reserved 1110016K
  class space    used 5592K, capacity 5995K, committed 6116K, reserved 1048576K
}
2015-12-01T19:48:37.863-0500: 25175,341: Total time for which application threads were stopped: 0,0064853 seconds, Stopping threads took: 0,0000362 seconds
{Heap before GC invocations=76 (full 3):
 par new generation   total 109248K, used 94851K [0x00000000e0000000, 0x00000000e8000000, 0x00000000e8000000)
  eden space 87424K, 100% used [0x00000000e0000000, 0x00000000e5560000, 0x00000000e5560000)
  from space 21824K,  34% used [0x00000000e5560000, 0x00000000e5ca0da0, 0x00000000e6ab0000)
  to   space 21824K,   0% used [0x00000000e6ab0000, 0x00000000e6ab0000, 0x00000000e8000000)
 concurrent mark-sweep generation total 393216K, used 28310K [0x00000000e8000000, 0x0000000100000000, 0x0000000100000000)
 Metaspace       used 63712K, capacity 65030K, committed 65752K, reserved 1110016K
  class space    used 5592K, capacity 5995K, committed 6116K, reserved 1048576K
2015-12-01T19:48:37.910-0500: 25175,388: [GC (Allocation Failure) 2015-12-01T19:48:37.910-0500: 25175,388: [ParNew
Desired survivor size 20112992 bytes, new threshold 8 (max 8)
- age   1:      77864 bytes,      77864 total
- age   2:    1570144 bytes,    1648008 total
- age   3:     907576 bytes,    2555584 total
- age   4:    1352688 bytes,    3908272 total
- age   5:      83912 bytes,    3992184 total
- age   6:    1305424 bytes,    5297608 total
- age   7:      69904 bytes,    5367512 total
- age   8:       2944 bytes,    5370456 total
: 94851K->5661K(109248K), 0,0061848 secs] 123161K->34196K(502464K), 0,0062735 secs] [Times: user=0,02 sys=0,00, real=0,01 secs] 
Heap after GC invocations=77 (full 3):
 par new generation   total 109248K, used 5661K [0x00000000e0000000, 0x00000000e8000000, 0x00000000e8000000)
  eden space 87424K,   0% used [0x00000000e0000000, 0x00000000e0000000, 0x00000000e5560000)
  from space 21824K,  25% used [0x00000000e6ab0000, 0x00000000e7037500, 0x00000000e8000000)
  to   space 21824K,   0% used [0x00000000e5560000, 0x00000000e5560000, 0x00000000e6ab0000)
 concurrent mark-sweep generation total 393216K, used 28535K [0x00000000e8000000, 0x0000000100000000, 0x0000000100000000)
 Metaspace       used 63712K, capacity 65030K, committed 65752K, reserved 1110016K
  class space    used 5592K, capacity 5995K, committed 6116K, reserved 1048576K
}
2015-12-01T19:48:37.917-0500: 25175,395: Total time for which application threads were stopped: 0,0064646 seconds, Stopping threads took: 0,0000276 seconds
2015-12-01T19:48:37.943-0500: 25175,421: Total time for which application threads were stopped: 0,0003663 seconds, Stopping threads took: 0,0001400 seconds
2015-12-01T19:48:37.950-0500: 25175,428: Total time for which application threads were stopped: 0,0013159 seconds, Stopping threads took: 0,0011904 seconds
2015-12-01T19:48:37.957-0500: 25175,435: Total time for which application threads were stopped: 0,0001278 seconds, Stopping threads took: 0,0000215 seconds
2015-12-01T19:48:37.957-0500: 25175,435: Total time for which application threads were stopped: 0,0000516 seconds, Stopping threads took: 0,0000072 seconds
2015-12-01T19:48:37.959-0500: 25175,437: Total time for which application threads were stopped: 0,0000880 seconds, Stopping threads took: 0,0000363 seconds
2015-12-01T19:48:37.959-0500: 25175,437: Total time for which application threads were stopped: 0,0001792 seconds, Stopping threads took: 0,0001334 seconds
2015-12-01T19:48:37.959-0500: 25175,437: Total time for which application threads were stopped: 0,0000587 seconds, Stopping threads took: 0,0000210 seconds
2015-12-01T19:48:37.965-0500: 25175,443: Total time for which application threads were stopped: 0,0001225 seconds, Stopping threads took: 0,0000229 seconds
2015-12-01T19:48:39.541-0500: 25177,019: Total time for which application threads were stopped: 0,0001309 seconds, Stopping threads took: 0,0000235 seconds
2015-12-01T19:48:39.566-0500: 25177,044: Total time for which application threads were stopped: 0,0001515 seconds, Stopping threads took: 0,0000268 seconds
2015-12-01T19:48:39.566-0500: 25177,044: Total time for which application threads were stopped: 0,0001242 seconds, Stopping threads took: 0,0000616 seconds
2015-12-01T19:48:39.569-0500: 25177,047: Total time for which application threads were stopped: 0,0001093 seconds, Stopping threads took: 0,0000250 seconds
2015-12-01T19:48:39.569-0500: 25177,047: Total time for which application threads were stopped: 0,0000422 seconds, Stopping threads took: 0,0000110 seconds
2015-12-01T19:48:41.677-0500: 25179,156: Total time for which application threads were stopped: 0,0002078 seconds, Stopping threads took: 0,0000861 seconds
2015-12-01T19:48:41.716-0500: 25179,194: Total time for which application threads were stopped: 0,0001253 seconds, Stopping threads took: 0,0000285 seconds
2015-12-01T19:48:41.716-0500: 25179,194: Total time for which application threads were stopped: 0,0000643 seconds, Stopping threads took: 0,0000105 seconds
2015-12-01T19:48:41.716-0500: 25179,194: Total time for which application threads were stopped: 0,0000798 seconds, Stopping threads took: 0,0000155 seconds
2015-12-01T19:48:41.716-0500: 25179,194: Total time for which application threads were stopped: 0,0000691 seconds, Stopping threads took: 0,0000118 seconds
2015-12-01T19:48:41.717-0500: 25179,195: Total time for which application threads were stopped: 0,0000818 seconds, Stopping threads took: 0,0000130 seconds
2015-12-01T19:48:41.717-0500: 25179,195: Total time for which application threads were stopped: 0,0000534 seconds, Stopping threads took: 0,0000068 seconds
2015-12-01T19:48:41.718-0500: 25179,196: Total time for which application threads were stopped: 0,0001376 seconds, Stopping threads took: 0,0000203 seconds
2015-12-01T19:48:43.740-0500: 25181,218: Total time for which application threads were stopped: 0,0004908 seconds, Stopping threads took: 0,0000515 seconds
2015-12-01T19:48:43.821-0500: 25181,299: Total time for which application threads were stopped: 0,0001525 seconds, Stopping threads took: 0,0000509 seconds
2015-12-01T19:48:43.827-0500: 25181,305: Total time for which application threads were stopped: 0,0002596 seconds, Stopping threads took: 0,0000294 seconds
2015-12-01T19:48:43.835-0500: 25181,313: Total time for which application threads were stopped: 0,0000944 seconds, Stopping threads took: 0,0000181 seconds
2015-12-01T19:48:43.835-0500: 25181,313: Total time for which application threads were stopped: 0,0001479 seconds, Stopping threads took: 0,0000185 seconds
2015-12-01T19:48:43.836-0500: 25181,314: Total time for which application threads were stopped: 0,0000552 seconds, Stopping threads took: 0,0000161 seconds
2015-12-01T19:48:43.836-0500: 25181,314: Total time for which application threads were stopped: 0,0000575 seconds, Stopping threads took: 0,0000154 seconds
2015-12-01T19:48:43.836-0500: 25181,314: Total time for which application threads were stopped: 0,0000549 seconds, Stopping threads took: 0,0000049 seconds
2015-12-01T19:48:43.836-0500: 25181,314: Total time for which application threads were stopped: 0,0000269 seconds, Stopping threads took: 0,0000035 seconds
2015-12-01T19:48:43.863-0500: 25181,341: Total time for which application threads were stopped: 0,0001075 seconds, Stopping threads took: 0,0000237 seconds
2015-12-01T19:48:43.864-0500: 25181,342: Total time for which application threads were stopped: 0,0001506 seconds, Stopping threads took: 0,0000176 seconds
2015-12-01T19:48:44.864-0500: 25182,342: Total time for which application threads were stopped: 0,0001559 seconds, Stopping threads took: 0,0000311 seconds
2015-12-01T19:48:45.759-0500: 25183,237: Total time for which application threads were stopped: 0,0002539 seconds, Stopping threads took: 0,0000392 seconds
{Heap before GC invocations=77 (full 3):
 par new generation   total 109248K, used 93085K [0x00000000e0000000, 0x00000000e8000000, 0x00000000e8000000)
  eden space 87424K, 100% used [0x00000000e0000000, 0x00000000e5560000, 0x00000000e5560000)
  from space 21824K,  25% used [0x00000000e6ab0000, 0x00000000e7037500, 0x00000000e8000000)
  to   space 21824K,   0% used [0x00000000e5560000, 0x00000000e5560000, 0x00000000e6ab0000)
 concurrent mark-sweep generation total 393216K, used 28535K [0x00000000e8000000, 0x0000000100000000, 0x0000000100000000)
 Metaspace       used 65297K, capacity 66610K, committed 66776K, reserved 1110016K
  class space    used 5689K, capacity 6099K, committed 6116K, reserved 1048576K
2015-12-01T19:48:45.968-0500: 25183,446: [GC (Allocation Failure) 2015-12-01T19:48:45.968-0500: 25183,446: [ParNew
Desired survivor size 20112992 bytes, new threshold 8 (max 8)
- age   1:    3601824 bytes,    3601824 total
- age   2:      76232 bytes,    3678056 total
- age   3:     834288 bytes,    4512344 total
- age   4:       4288 bytes,    4516632 total
- age   5:    1345424 bytes,    5862056 total
- age   6:      83912 bytes,    5945968 total
- age   7:    1305288 bytes,    7251256 total
- age   8:      55376 bytes,    7306632 total
: 93085K->10442K(109248K), 0,0279815 secs] 121620K->38981K(502464K), 0,0280508 secs] [Times: user=0,08 sys=0,01, real=0,03 secs] 
Heap after GC invocations=78 (full 3):
 par new generation   total 109248K, used 10442K [0x00000000e0000000, 0x00000000e8000000, 0x00000000e8000000)
  eden space 87424K,   0% used [0x00000000e0000000, 0x00000000e0000000, 0x00000000e5560000)
  from space 21824K,  47% used [0x00000000e5560000, 0x00000000e5f92a20, 0x00000000e6ab0000)
  to   space 21824K,   0% used [0x00000000e6ab0000, 0x00000000e6ab0000, 0x00000000e8000000)
 concurrent mark-sweep generation total 393216K, used 28538K [0x00000000e8000000, 0x0000000100000000, 0x0000000100000000)
 Metaspace       used 65297K, capacity 66610K, committed 66776K, reserved 1110016K
  class space    used 5689K, capacity 6099K, committed 6116K, reserved 1048576K
}
2015-12-01T19:48:45.996-0500: 25183,474: Total time for which application threads were stopped: 0,0282810 seconds, Stopping threads took: 0,0000411 seconds
2015-12-01T19:48:46.003-0500: 25183,481: Total time for which application threads were stopped: 0,0001511 seconds, Stopping threads took: 0,0000641 seconds
2015-12-01T19:48:46.011-0500: 25183,489: Total time for which application threads were stopped: 0,0001570 seconds, Stopping threads took: 0,0000624 seconds
2015-12-01T19:48:46.227-0500: 25183,705: Total time for which application threads were stopped: 0,0001021 seconds, Stopping threads took: 0,0000194 seconds
2015-12-01T19:48:46.228-0500: 25183,706: Total time for which application threads were stopped: 0,0000551 seconds, Stopping threads took: 0,0000209 seconds
2015-12-01T19:49:14.231-0500: 25211,709: Total time for which application threads were stopped: 0,0002305 seconds, Stopping threads took: 0,0000745 seconds
2015-12-01T19:49:39.566-0500: 25237,044: Total time for which application threads were stopped: 0,0002823 seconds, Stopping threads took: 0,0000826 seconds
2015-12-01T19:49:39.570-0500: 25237,048: Total time for which application threads were stopped: 0,0002120 seconds, Stopping threads took: 0,0000454 seconds
{Heap before GC invocations=78 (full 3):
 par new generation   total 109248K, used 97856K [0x00000000e0000000, 0x00000000e8000000, 0x00000000e8000000)
  eden space 87424K,  99% used [0x00000000e0000000, 0x00000000e555d718, 0x00000000e5560000)
  from space 21824K,  47% used [0x00000000e5560000, 0x00000000e5f92a20, 0x00000000e6ab0000)
  to   space 21824K,   0% used [0x00000000e6ab0000, 0x00000000e6ab0000, 0x00000000e8000000)
 concurrent mark-sweep generation total 393216K, used 28538K [0x00000000e8000000, 0x0000000100000000, 0x0000000100000000)
 Metaspace       used 65320K, capacity 66674K, committed 66776K, reserved 1110016K
  class space    used 5689K, capacity 6099K, committed 6116K, reserved 1048576K
2015-12-01T19:50:03.363-0500: 25260,841: [GC (Allocation Failure) 2015-12-01T19:50:03.363-0500: 25260,841: [ParNew
Desired survivor size 20112992 bytes, new threshold 8 (max 8)
- age   1:    2471096 bytes,    2471096 total
- age   2:    1734240 bytes,    4205336 total
- age   3:      76232 bytes,    4281568 total
- age   4:     818968 bytes,    5100536 total
- age   5:       1568 bytes,    5102104 total
- age   6:     580336 bytes,    5682440 total
- age   7:        880 bytes,    5683320 total
- age   8:     716712 bytes,    6400032 total
: 97856K->8631K(109248K), 0,0155568 secs] 126394K->37224K(502464K), 0,0156346 secs] [Times: user=0,04 sys=0,00, real=0,02 secs] 
Heap after GC invocations=79 (full 3):
 par new generation   total 109248K, used 8631K [0x00000000e0000000, 0x00000000e8000000, 0x00000000e8000000)
  eden space 87424K,   0% used [0x00000000e0000000, 0x00000000e0000000, 0x00000000e5560000)
  from space 21824K,  39% used [0x00000000e6ab0000, 0x00000000e731dc90, 0x00000000e8000000)
  to   space 21824K,   0% used [0x00000000e5560000, 0x00000000e5560000, 0x00000000e6ab0000)
 concurrent mark-sweep generation total 393216K, used 28593K [0x00000000e8000000, 0x0000000100000000, 0x0000000100000000)
 Metaspace       used 65320K, capacity 66674K, committed 66776K, reserved 1110016K
  class space    used 5689K, capacity 6099K, committed 6116K, reserved 1048576K
}
2015-12-01T19:50:03.378-0500: 25260,856: Total time for which application threads were stopped: 0,0158260 seconds, Stopping threads took: 0,0000262 seconds
{Heap before GC invocations=79 (full 3):
 par new generation   total 109248K, used 96055K [0x00000000e0000000, 0x00000000e8000000, 0x00000000e8000000)
  eden space 87424K, 100% used [0x00000000e0000000, 0x00000000e5560000, 0x00000000e5560000)
  from space 21824K,  39% used [0x00000000e6ab0000, 0x00000000e731dc90, 0x00000000e8000000)
  to   space 21824K,   0% used [0x00000000e5560000, 0x00000000e5560000, 0x00000000e6ab0000)
 concurrent mark-sweep generation total 393216K, used 28593K [0x00000000e8000000, 0x0000000100000000, 0x0000000100000000)
 Metaspace       used 65321K, capacity 66674K, committed 66776K, reserved 1110016K
  class space    used 5689K, capacity 6099K, committed 6116K, reserved 1048576K
2015-12-01T19:50:03.423-0500: 25260,901: [GC (Allocation Failure) 2015-12-01T19:50:03.423-0500: 25260,901: [ParNew
Desired survivor size 20112992 bytes, new threshold 8 (max 8)
- age   1:      91712 bytes,      91712 total
- age   2:    2171120 bytes,    2262832 total
- age   3:    1733112 bytes,    3995944 total
- age   4:      76232 bytes,    4072176 total
- age   5:     818968 bytes,    4891144 total
- age   6:       1568 bytes,    4892712 total
- age   7:     580336 bytes,    5473048 total
- age   8:        880 bytes,    5473928 total
: 96055K->7431K(109248K), 0,0140820 secs] 124648K->36731K(502464K), 0,0141728 secs] [Times: user=0,02 sys=0,00, real=0,02 secs] 
Heap after GC invocations=80 (full 3):
 par new generation   total 109248K, used 7431K [0x00000000e0000000, 0x00000000e8000000, 0x00000000e8000000)
  eden space 87424K,   0% used [0x00000000e0000000, 0x00000000e0000000, 0x00000000e5560000)
  from space 21824K,  34% used [0x00000000e5560000, 0x00000000e5ca1c78, 0x00000000e6ab0000)
  to   space 21824K,   0% used [0x00000000e6ab0000, 0x00000000e6ab0000, 0x00000000e8000000)
 concurrent mark-sweep generation total 393216K, used 29300K [0x00000000e8000000, 0x0000000100000000, 0x0000000100000000)
 Metaspace       used 65321K, capacity 66674K, committed 66776K, reserved 1110016K
  class space    used 5689K, capacity 6099K, committed 6116K, reserved 1048576K
}
2015-12-01T19:50:03.437-0500: 25260,915: Total time for which application threads were stopped: 0,0144436 seconds, Stopping threads took: 0,0000512 seconds
2015-12-01T19:50:03.479-0500: 25260,957: Total time for which application threads were stopped: 0,0001479 seconds, Stopping threads took: 0,0000303 seconds
2015-12-01T19:50:03.494-0500: 25260,972: Total time for which application threads were stopped: 0,0001698 seconds, Stopping threads took: 0,0000543 seconds
2015-12-01T19:50:03.499-0500: 25260,977: Total time for which application threads were stopped: 0,0001090 seconds, Stopping threads took: 0,0000230 seconds
2015-12-01T19:50:03.500-0500: 25260,978: Total time for which application threads were stopped: 0,0000780 seconds, Stopping threads took: 0,0000325 seconds
2015-12-01T19:50:03.504-0500: 25260,982: Total time for which application threads were stopped: 0,0002615 seconds, Stopping threads took: 0,0000350 seconds
2015-12-01T19:50:03.504-0500: 25260,982: Total time for which application threads were stopped: 0,0000776 seconds, Stopping threads took: 0,0000266 seconds
2015-12-01T19:50:03.505-0500: 25260,983: Total time for which application threads were stopped: 0,0000936 seconds, Stopping threads took: 0,0000326 seconds
2015-12-01T19:50:03.506-0500: 25260,984: Total time for which application threads were stopped: 0,0001923 seconds, Stopping threads took: 0,0000330 seconds
2015-12-01T19:50:03.506-0500: 25260,984: Total time for which application threads were stopped: 0,0000682 seconds, Stopping threads took: 0,0000344 seconds
2015-12-01T19:50:03.513-0500: 25260,991: Total time for which application threads were stopped: 0,0001107 seconds, Stopping threads took: 0,0000253 seconds
2015-12-01T19:50:04.876-0500: 25262,354: Total time for which application threads were stopped: 0,0001630 seconds, Stopping threads took: 0,0000592 seconds
2015-12-01T19:50:04.907-0500: 25262,385: Total time for which application threads were stopped: 0,0002074 seconds, Stopping threads took: 0,0000403 seconds
2015-12-01T19:50:04.907-0500: 25262,385: Total time for which application threads were stopped: 0,0000877 seconds, Stopping threads took: 0,0000199 seconds
2015-12-01T19:50:04.939-0500: 25262,417: Total time for which application threads were stopped: 0,0001677 seconds, Stopping threads took: 0,0000329 seconds
2015-12-01T19:50:04.939-0500: 25262,417: Total time for which application threads were stopped: 0,0000666 seconds, Stopping threads took: 0,0000138 seconds
2015-12-01T19:50:05.754-0500: 25263,232: Total time for which application threads were stopped: 0,0001656 seconds, Stopping threads took: 0,0000335 seconds
2015-12-01T19:50:05.754-0500: 25263,232: Total time for which application threads were stopped: 0,0001043 seconds, Stopping threads took: 0,0000160 seconds
2015-12-01T19:50:05.794-0500: 25263,272: Total time for which application threads were stopped: 0,0001302 seconds, Stopping threads took: 0,0000397 seconds
2015-12-01T19:50:05.794-0500: 25263,272: Total time for which application threads were stopped: 0,0000572 seconds, Stopping threads took: 0,0000185 seconds
2015-12-01T19:50:05.795-0500: 25263,273: Total time for which application threads were stopped: 0,0000623 seconds, Stopping threads took: 0,0000186 seconds
2015-12-01T19:50:05.795-0500: 25263,273: Total time for which application threads were stopped: 0,0000448 seconds, Stopping threads took: 0,0000077 seconds
2015-12-01T19:50:05.795-0500: 25263,273: Total time for which application threads were stopped: 0,0000394 seconds, Stopping threads took: 0,0000062 seconds
2015-12-01T19:50:05.795-0500: 25263,273: Total time for which application threads were stopped: 0,0000366 seconds, Stopping threads took: 0,0000053 seconds
2015-12-01T19:50:05.795-0500: 25263,273: Total time for which application threads were stopped: 0,0000487 seconds, Stopping threads took: 0,0000082 seconds
2015-12-01T19:50:07.766-0500: 25265,244: Total time for which application threads were stopped: 0,0001491 seconds, Stopping threads took: 0,0000414 seconds
2015-12-01T19:50:07.773-0500: 25265,251: Total time for which application threads were stopped: 0,0001178 seconds, Stopping threads took: 0,0000248 seconds
2015-12-01T19:50:07.781-0500: 25265,259: Total time for which application threads were stopped: 0,0001076 seconds, Stopping threads took: 0,0000344 seconds
2015-12-01T19:50:07.781-0500: 25265,259: Total time for which application threads were stopped: 0,0001144 seconds, Stopping threads took: 0,0000626 seconds
2015-12-01T19:50:07.781-0500: 25265,259: Total time for which application threads were stopped: 0,0000642 seconds, Stopping threads took: 0,0000244 seconds
2015-12-01T19:50:07.782-0500: 25265,260: Total time for which application threads were stopped: 0,0001435 seconds, Stopping threads took: 0,0000961 seconds
2015-12-01T19:50:07.782-0500: 25265,260: Total time for which application threads were stopped: 0,0000566 seconds, Stopping threads took: 0,0000253 seconds
2015-12-01T19:50:07.782-0500: 25265,260: Total time for which application threads were stopped: 0,0000645 seconds, Stopping threads took: 0,0000270 seconds
2015-12-01T19:50:07.788-0500: 25265,266: Total time for which application threads were stopped: 0,0001054 seconds, Stopping threads took: 0,0000235 seconds
2015-12-01T19:50:07.788-0500: 25265,266: Total time for which application threads were stopped: 0,0000465 seconds, Stopping threads took: 0,0000071 seconds
2015-12-01T19:50:07.810-0500: 25265,288: Total time for which application threads were stopped: 0,0002256 seconds, Stopping threads took: 0,0000314 seconds
2015-12-01T19:50:07.816-0500: 25265,294: Total time for which application threads were stopped: 0,0001498 seconds, Stopping threads took: 0,0000249 seconds
2015-12-01T19:50:07.842-0500: 25265,320: Total time for which application threads were stopped: 0,0002453 seconds, Stopping threads took: 0,0000334 seconds
{Heap before GC invocations=80 (full 3):
 par new generation   total 109248K, used 94855K [0x00000000e0000000, 0x00000000e8000000, 0x00000000e8000000)
  eden space 87424K, 100% used [0x00000000e0000000, 0x00000000e5560000, 0x00000000e5560000)
  from space 21824K,  34% used [0x00000000e5560000, 0x00000000e5ca1c78, 0x00000000e6ab0000)
  to   space 21824K,   0% used [0x00000000e6ab0000, 0x00000000e6ab0000, 0x00000000e8000000)
 concurrent mark-sweep generation total 393216K, used 29300K [0x00000000e8000000, 0x0000000100000000, 0x0000000100000000)
 Metaspace       used 66888K, capacity 68254K, committed 68364K, reserved 1112064K
  class space    used 5785K, capacity 6203K, committed 6244K, reserved 1048576K
2015-12-01T19:50:10.104-0500: 25267,582: [GC (Allocation Failure) 2015-12-01T19:50:10.104-0500: 25267,582: [ParNew
Desired survivor size 20112992 bytes, new threshold 8 (max 8)
- age   1:    3610928 bytes,    3610928 total
- age   2:      81496 bytes,    3692424 total
- age   3:     820824 bytes,    4513248 total
- age   4:    1433840 bytes,    5947088 total
- age   5:      76232 bytes,    6023320 total
- age   6:     818968 bytes,    6842288 total
- age   7:       1568 bytes,    6843856 total
- age   8:     580200 bytes,    7424056 total
: 94855K->8490K(109248K), 0,0541422 secs] 124155K->37792K(502464K), 0,0542470 secs] [Times: user=0,11 sys=0,00, real=0,06 secs] 
Heap after GC invocations=81 (full 3):
 par new generation   total 109248K, used 8490K [0x00000000e0000000, 0x00000000e8000000, 0x00000000e8000000)
  eden space 87424K,   0% used [0x00000000e0000000, 0x00000000e0000000, 0x00000000e5560000)
  from space 21824K,  38% used [0x00000000e6ab0000, 0x00000000e72fabc0, 0x00000000e8000000)
  to   space 21824K,   0% used [0x00000000e5560000, 0x00000000e5560000, 0x00000000e6ab0000)
 concurrent mark-sweep generation total 393216K, used 29301K [0x00000000e8000000, 0x0000000100000000, 0x0000000100000000)
 Metaspace       used 66888K, capacity 68254K, committed 68364K, reserved 1112064K
  class space    used 5785K, capacity 6203K, committed 6244K, reserved 1048576K
}
2015-12-01T19:50:10.158-0500: 25267,636: Total time for which application threads were stopped: 0,0544308 seconds, Stopping threads took: 0,0000238 seconds
2015-12-01T19:50:10.159-0500: 25267,637: Total time for which application threads were stopped: 0,0001225 seconds, Stopping threads took: 0,0000381 seconds
2015-12-01T19:50:10.159-0500: 25267,637: Total time for which application threads were stopped: 0,0000768 seconds, Stopping threads took: 0,0000257 seconds
2015-12-01T19:50:10.181-0500: 25267,659: Total time for which application threads were stopped: 0,0002127 seconds, Stopping threads took: 0,0000342 seconds
2015-12-01T19:50:10.399-0500: 25267,877: Total time for which application threads were stopped: 0,0001020 seconds, Stopping threads took: 0,0000308 seconds
2015-12-01T19:50:11.856-0500: 25269,334: Total time for which application threads were stopped: 0,0001517 seconds, Stopping threads took: 0,0000309 seconds
2015-12-01T19:50:38.764-0500: 25296,242: Total time for which application threads were stopped: 0,0001309 seconds, Stopping threads took: 0,0000237 seconds
{Heap before GC invocations=81 (full 3):
 par new generation   total 109248K, used 95888K [0x00000000e0000000, 0x00000000e8000000, 0x00000000e8000000)
  eden space 87424K,  99% used [0x00000000e0000000, 0x00000000e55595f0, 0x00000000e5560000)
  from space 21824K,  38% used [0x00000000e6ab0000, 0x00000000e72fabc0, 0x00000000e8000000)
  to   space 21824K,   0% used [0x00000000e5560000, 0x00000000e5560000, 0x00000000e6ab0000)
 concurrent mark-sweep generation total 393216K, used 29301K [0x00000000e8000000, 0x0000000100000000, 0x0000000100000000)
 Metaspace       used 66914K, capacity 68318K, committed 68620K, reserved 1112064K
  class space    used 5786K, capacity 6203K, committed 6244K, reserved 1048576K
2015-12-01T19:50:38.806-0500: 25296,284: [GC (Allocation Failure) 2015-12-01T19:50:38.806-0500: 25296,284: [ParNew
Desired survivor size 20112992 bytes, new threshold 8 (max 8)
- age   1:    3144832 bytes,    3144832 total
- age   2:    1479224 bytes,    4624056 total
- age   3:      81496 bytes,    4705552 total
- age   4:     809280 bytes,    5514832 total
- age   5:     685912 bytes,    6200744 total
- age   6:        680 bytes,    6201424 total
- age   7:     212736 bytes,    6414160 total
- age   8:       1568 bytes,    6415728 total
: 95888K->9217K(109248K), 0,0052734 secs] 125190K->39090K(502464K), 0,0053603 secs] [Times: user=0,01 sys=0,00, real=0,01 secs] 
Heap after GC invocations=82 (full 3):
 par new generation   total 109248K, used 9217K [0x00000000e0000000, 0x00000000e8000000, 0x00000000e8000000)
  eden space 87424K,   0% used [0x00000000e0000000, 0x00000000e0000000, 0x00000000e5560000)
  from space 21824K,  42% used [0x00000000e5560000, 0x00000000e5e606c0, 0x00000000e6ab0000)
  to   space 21824K,   0% used [0x00000000e6ab0000, 0x00000000e6ab0000, 0x00000000e8000000)
 concurrent mark-sweep generation total 393216K, used 29872K [0x00000000e8000000, 0x0000000100000000, 0x0000000100000000)
 Metaspace       used 66914K, capacity 68318K, committed 68620K, reserved 1112064K
  class space    used 5786K, capacity 6203K, committed 6244K, reserved 1048576K
}
2015-12-01T19:50:38.811-0500: 25296,289: Total time for which application threads were stopped: 0,0055543 seconds, Stopping threads took: 0,0000232 seconds
{Heap before GC invocations=82 (full 3):
 par new generation   total 109248K, used 96641K [0x00000000e0000000, 0x00000000e8000000, 0x00000000e8000000)
  eden space 87424K, 100% used [0x00000000e0000000, 0x00000000e5560000, 0x00000000e5560000)
  from space 21824K,  42% used [0x00000000e5560000, 0x00000000e5e606c0, 0x00000000e6ab0000)
  to   space 21824K,   0% used [0x00000000e6ab0000, 0x00000000e6ab0000, 0x00000000e8000000)
 concurrent mark-sweep generation total 393216K, used 29872K [0x00000000e8000000, 0x0000000100000000, 0x0000000100000000)
 Metaspace       used 66914K, capacity 68318K, committed 68620K, reserved 1112064K
  class space    used 5786K, capacity 6203K, committed 6244K, reserved 1048576K
2015-12-01T19:50:38.854-0500: 25296,332: [GC (Allocation Failure) 2015-12-01T19:50:38.854-0500: 25296,332: [ParNew
Desired survivor size 20112992 bytes, new threshold 8 (max 8)
- age   1:     255168 bytes,     255168 total
- age   2:    2464872 bytes,    2720040 total
- age   3:    1478096 bytes,    4198136 total
- age   4:      81496 bytes,    4279632 total
- age   5:     809256 bytes,    5088888 total
- age   6:     685912 bytes,    5774800 total
- age   7:        680 bytes,    5775480 total
- age   8:     212736 bytes,    5988216 total
: 96641K->7771K(109248K), 0,0069968 secs] 126514K->37645K(502464K), 0,0070762 secs] [Times: user=0,02 sys=0,00, real=0,01 secs] 
Heap after GC invocations=83 (full 3):
 par new generation   total 109248K, used 7771K [0x00000000e0000000, 0x00000000e8000000, 0x00000000e8000000)
  eden space 87424K,   0% used [0x00000000e0000000, 0x00000000e0000000, 0x00000000e5560000)
  from space 21824K,  35% used [0x00000000e6ab0000, 0x00000000e7246e00, 0x00000000e8000000)
  to   space 21824K,   0% used [0x00000000e5560000, 0x00000000e5560000, 0x00000000e6ab0000)
 concurrent mark-sweep generation total 393216K, used 29873K [0x00000000e8000000, 0x0000000100000000, 0x0000000100000000)
 Metaspace       used 66914K, capacity 68318K, committed 68620K, reserved 1112064K
  class space    used 5786K, capacity 6203K, committed 6244K, reserved 1048576K
}
2015-12-01T19:50:38.861-0500: 25296,339: Total time for which application threads were stopped: 0,0072808 seconds, Stopping threads took: 0,0000392 seconds
2015-12-01T19:50:38.889-0500: 25296,367: Total time for which application threads were stopped: 0,0001413 seconds, Stopping threads took: 0,0000344 seconds
2015-12-01T19:50:38.894-0500: 25296,372: Total time for which application threads were stopped: 0,0001401 seconds, Stopping threads took: 0,0000398 seconds
2015-12-01T19:50:38.900-0500: 25296,378: Total time for which application threads were stopped: 0,0001014 seconds, Stopping threads took: 0,0000205 seconds
2015-12-01T19:50:38.900-0500: 25296,378: Total time for which application threads were stopped: 0,0000536 seconds, Stopping threads took: 0,0000080 seconds
2015-12-01T19:50:38.903-0500: 25296,381: Total time for which application threads were stopped: 0,0000855 seconds, Stopping threads took: 0,0000183 seconds
2015-12-01T19:50:38.903-0500: 25296,381: Total time for which application threads were stopped: 0,0000357 seconds, Stopping threads took: 0,0000065 seconds
2015-12-01T19:50:38.904-0500: 25296,382: Total time for which application threads were stopped: 0,0000562 seconds, Stopping threads took: 0,0000175 seconds
2015-12-01T19:50:38.904-0500: 25296,382: Total time for which application threads were stopped: 0,0001340 seconds, Stopping threads took: 0,0000882 seconds
2015-12-01T19:50:38.905-0500: 25296,383: Total time for which application threads were stopped: 0,0001587 seconds, Stopping threads took: 0,0000994 seconds
2015-12-01T19:50:38.911-0500: 25296,389: Total time for which application threads were stopped: 0,0001518 seconds, Stopping threads took: 0,0000450 seconds
2015-12-01T19:50:40.831-0500: 25298,309: Total time for which application threads were stopped: 0,0001529 seconds, Stopping threads took: 0,0000297 seconds
2015-12-01T19:50:40.855-0500: 25298,333: Total time for which application threads were stopped: 0,0001466 seconds, Stopping threads took: 0,0000229 seconds
2015-12-01T19:50:40.856-0500: 25298,334: Total time for which application threads were stopped: 0,0001207 seconds, Stopping threads took: 0,0000252 seconds
2015-12-01T19:50:40.857-0500: 25298,335: Total time for which application threads were stopped: 0,0001433 seconds, Stopping threads took: 0,0000238 seconds
2015-12-01T19:50:40.857-0500: 25298,335: Total time for which application threads were stopped: 0,0000761 seconds, Stopping threads took: 0,0000183 seconds
2015-12-01T19:50:42.057-0500: 25299,535: Total time for which application threads were stopped: 0,0001188 seconds, Stopping threads took: 0,0000230 seconds
2015-12-01T19:50:42.113-0500: 25299,591: Total time for which application threads were stopped: 0,0002276 seconds, Stopping threads took: 0,0001169 seconds
2015-12-01T19:50:42.114-0500: 25299,592: Total time for which application threads were stopped: 0,0000741 seconds, Stopping threads took: 0,0000203 seconds
2015-12-01T19:50:42.114-0500: 25299,592: Total time for which application threads were stopped: 0,0000515 seconds, Stopping threads took: 0,0000064 seconds
2015-12-01T19:50:42.114-0500: 25299,592: Total time for which application threads were stopped: 0,0000504 seconds, Stopping threads took: 0,0000077 seconds
2015-12-01T19:50:42.114-0500: 25299,592: Total time for which application threads were stopped: 0,0000481 seconds, Stopping threads took: 0,0000069 seconds
2015-12-01T19:50:42.114-0500: 25299,593: Total time for which application threads were stopped: 0,0000619 seconds, Stopping threads took: 0,0000101 seconds
2015-12-01T19:50:44.131-0500: 25301,610: Total time for which application threads were stopped: 0,0002563 seconds, Stopping threads took: 0,0000491 seconds
2015-12-01T19:50:44.453-0500: 25301,931: Total time for which application threads were stopped: 0,0001416 seconds, Stopping threads took: 0,0000316 seconds
2015-12-01T19:50:44.461-0500: 25301,939: Total time for which application threads were stopped: 0,0001506 seconds, Stopping threads took: 0,0000410 seconds
2015-12-01T19:50:44.461-0500: 25301,939: Total time for which application threads were stopped: 0,0000568 seconds, Stopping threads took: 0,0000109 seconds
2015-12-01T19:50:44.461-0500: 25301,939: Total time for which application threads were stopped: 0,0000550 seconds, Stopping threads took: 0,0000131 seconds
2015-12-01T19:50:44.461-0500: 25301,939: Total time for which application threads were stopped: 0,0000494 seconds, Stopping threads took: 0,0000114 seconds
2015-12-01T19:50:44.461-0500: 25301,939: Total time for which application threads were stopped: 0,0000511 seconds, Stopping threads took: 0,0000054 seconds
2015-12-01T19:50:44.462-0500: 25301,940: Total time for which application threads were stopped: 0,0000371 seconds, Stopping threads took: 0,0000057 seconds
2015-12-01T19:50:44.467-0500: 25301,945: Total time for which application threads were stopped: 0,0001450 seconds, Stopping threads took: 0,0000611 seconds
2015-12-01T19:50:44.467-0500: 25301,945: Total time for which application threads were stopped: 0,0000985 seconds, Stopping threads took: 0,0000562 seconds
2015-12-01T19:50:45.467-0500: 25302,945: Total time for which application threads were stopped: 0,0001239 seconds, Stopping threads took: 0,0000248 seconds
{Heap before GC invocations=83 (full 3):
 par new generation   total 109248K, used 95195K [0x00000000e0000000, 0x00000000e8000000, 0x00000000e8000000)
  eden space 87424K, 100% used [0x00000000e0000000, 0x00000000e5560000, 0x00000000e5560000)
  from space 21824K,  35% used [0x00000000e6ab0000, 0x00000000e7246e00, 0x00000000e8000000)
  to   space 21824K,   0% used [0x00000000e5560000, 0x00000000e5560000, 0x00000000e6ab0000)
 concurrent mark-sweep generation total 393216K, used 29873K [0x00000000e8000000, 0x0000000100000000, 0x0000000100000000)
 Metaspace       used 68483K, capacity 69968K, committed 70284K, reserved 1114112K
  class space    used 5883K, capacity 6308K, committed 6372K, reserved 1048576K
2015-12-01T19:50:46.467-0500: 25303,945: [GC (Allocation Failure) 2015-12-01T19:50:46.467-0500: 25303,945: [ParNew
Desired survivor size 20112992 bytes, new threshold 8 (max 8)
- age   1:    3548360 bytes,    3548360 total
- age   2:      88064 bytes,    3636424 total
- age   3:     832256 bytes,    4468680 total
- age   4:    1466272 bytes,    5934952 total
- age   5:      81496 bytes,    6016448 total
- age   6:     809216 bytes,    6825664 total
- age   7:     685592 bytes,    7511256 total
- age   8:        680 bytes,    7511936 total
: 95195K->9493K(109248K), 0,0231975 secs] 125069K->39577K(502464K), 0,0232725 secs] [Times: user=0,07 sys=0,00, real=0,03 secs] 
Heap after GC invocations=84 (full 3):
 par new generation   total 109248K, used 9493K [0x00000000e0000000, 0x00000000e8000000, 0x00000000e8000000)
  eden space 87424K,   0% used [0x00000000e0000000, 0x00000000e0000000, 0x00000000e5560000)
  from space 21824K,  43% used [0x00000000e5560000, 0x00000000e5ea5480, 0x00000000e6ab0000)
  to   space 21824K,   0% used [0x00000000e6ab0000, 0x00000000e6ab0000, 0x00000000e8000000)
 concurrent mark-sweep generation total 393216K, used 30084K [0x00000000e8000000, 0x0000000100000000, 0x0000000100000000)
 Metaspace       used 68483K, capacity 69968K, committed 70284K, reserved 1114112K
  class space    used 5883K, capacity 6308K, committed 6372K, reserved 1048576K
}
2015-12-01T19:50:46.490-0500: 25303,968: Total time for which application threads were stopped: 0,0234652 seconds, Stopping threads took: 0,0000233 seconds
2015-12-01T19:50:46.490-0500: 25303,968: Total time for which application threads were stopped: 0,0001249 seconds, Stopping threads took: 0,0000418 seconds
2015-12-01T19:50:46.520-0500: 25303,998: Total time for which application threads were stopped: 0,0002038 seconds, Stopping threads took: 0,0000975 seconds
2015-12-01T19:50:46.690-0500: 25304,168: Total time for which application threads were stopped: 0,0001290 seconds, Stopping threads took: 0,0000296 seconds
2015-12-01T19:50:46.736-0500: 25304,214: Total time for which application threads were stopped: 0,0001070 seconds, Stopping threads took: 0,0000307 seconds
2015-12-01T19:51:40.857-0500: 25358,335: Total time for which application threads were stopped: 0,0001781 seconds, Stopping threads took: 0,0000526 seconds
2015-12-01T19:52:52.204-0500: 25429,682: Total time for which application threads were stopped: 0,0001299 seconds, Stopping threads took: 0,0000245 seconds
{Heap before GC invocations=84 (full 3):
 par new generation   total 109248K, used 96917K [0x00000000e0000000, 0x00000000e8000000, 0x00000000e8000000)
  eden space 87424K, 100% used [0x00000000e0000000, 0x00000000e5560000, 0x00000000e5560000)
  from space 21824K,  43% used [0x00000000e5560000, 0x00000000e5ea5480, 0x00000000e6ab0000)
  to   space 21824K,   0% used [0x00000000e6ab0000, 0x00000000e6ab0000, 0x00000000e8000000)
 concurrent mark-sweep generation total 393216K, used 30084K [0x00000000e8000000, 0x0000000100000000, 0x0000000100000000)
 Metaspace       used 68509K, capacity 70032K, committed 70284K, reserved 1114112K
  class space    used 5883K, capacity 6308K, committed 6372K, reserved 1048576K
2015-12-01T19:52:52.273-0500: 25429,751: [GC (Allocation Failure) 2015-12-01T19:52:52.273-0500: 25429,751: [ParNew
Desired survivor size 20112992 bytes, new threshold 8 (max 8)
- age   1:    2755088 bytes,    2755088 total
- age   2:    1420584 bytes,    4175672 total
- age   3:      88064 bytes,    4263736 total
- age   4:     818640 bytes,    5082376 total
- age   5:     696376 bytes,    5778752 total
- age   6:        880 bytes,    5779632 total
- age   7:     214424 bytes,    5994056 total
- age   8:     670728 bytes,    6664784 total
: 96917K->9439K(109248K), 0,0652792 secs] 127001K->39524K(502464K), 0,0653830 secs] [Times: user=0,19 sys=0,00, real=0,07 secs] 
Heap after GC invocations=85 (full 3):
 par new generation   total 109248K, used 9439K [0x00000000e0000000, 0x00000000e8000000, 0x00000000e8000000)
  eden space 87424K,   0% used [0x00000000e0000000, 0x00000000e0000000, 0x00000000e5560000)
  from space 21824K,  43% used [0x00000000e6ab0000, 0x00000000e73e7e30, 0x00000000e8000000)
  to   space 21824K,   0% used [0x00000000e5560000, 0x00000000e5560000, 0x00000000e6ab0000)
 concurrent mark-sweep generation total 393216K, used 30085K [0x00000000e8000000, 0x0000000100000000, 0x0000000100000000)
 Metaspace       used 68509K, capacity 70032K, committed 70284K, reserved 1114112K
  class space    used 5883K, capacity 6308K, committed 6372K, reserved 1048576K
}
2015-12-01T19:52:52.338-0500: 25429,816: Total time for which application threads were stopped: 0,1012577 seconds, Stopping threads took: 0,0356706 seconds
{Heap before GC invocations=85 (full 3):
 par new generation   total 109248K, used 96863K [0x00000000e0000000, 0x00000000e8000000, 0x00000000e8000000)
  eden space 87424K, 100% used [0x00000000e0000000, 0x00000000e5560000, 0x00000000e5560000)
  from space 21824K,  43% used [0x00000000e6ab0000, 0x00000000e73e7e30, 0x00000000e8000000)
  to   space 21824K,   0% used [0x00000000e5560000, 0x00000000e5560000, 0x00000000e6ab0000)
 concurrent mark-sweep generation total 393216K, used 30085K [0x00000000e8000000, 0x0000000100000000, 0x0000000100000000)
 Metaspace       used 68514K, capacity 70032K, committed 70284K, reserved 1114112K
  class space    used 5883K, capacity 6308K, committed 6372K, reserved 1048576K
2015-12-01T19:52:52.378-0500: 25429,856: [GC (Allocation Failure) 2015-12-01T19:52:52.378-0500: 25429,856: [ParNew
Desired survivor size 20112992 bytes, new threshold 8 (max 8)
- age   1:      86472 bytes,      86472 total
- age   2:    2439928 bytes,    2526400 total
- age   3:    1419456 bytes,    3945856 total
- age   4:      88064 bytes,    4033920 total
- age   5:     818640 bytes,    4852560 total
- age   6:     696376 bytes,    5548936 total
- age   7:        880 bytes,    5549816 total
- age   8:     214424 bytes,    5764240 total
: 96863K->8027K(109248K), 0,0052640 secs] 126948K->38772K(502464K), 0,0053446 secs] [Times: user=0,02 sys=0,00, real=0,00 secs] 
Heap after GC invocations=86 (full 3):
 par new generation   total 109248K, used 8027K [0x00000000e0000000, 0x00000000e8000000, 0x00000000e8000000)
  eden space 87424K,   0% used [0x00000000e0000000, 0x00000000e0000000, 0x00000000e5560000)
  from space 21824K,  36% used [0x00000000e5560000, 0x00000000e5d36fc0, 0x00000000e6ab0000)
  to   space 21824K,   0% used [0x00000000e6ab0000, 0x00000000e6ab0000, 0x00000000e8000000)
 concurrent mark-sweep generation total 393216K, used 30744K [0x00000000e8000000, 0x0000000100000000, 0x0000000100000000)
 Metaspace       used 68514K, capacity 70032K, committed 70284K, reserved 1114112K
  class space    used 5883K, capacity 6308K, committed 6372K, reserved 1048576K
}
2015-12-01T19:52:52.383-0500: 25429,861: Total time for which application threads were stopped: 0,0056098 seconds, Stopping threads took: 0,0000324 seconds
2015-12-01T19:52:52.415-0500: 25429,893: Total time for which application threads were stopped: 0,0001514 seconds, Stopping threads took: 0,0000408 seconds
2015-12-01T19:52:52.421-0500: 25429,899: Total time for which application threads were stopped: 0,0001541 seconds, Stopping threads took: 0,0000347 seconds
2015-12-01T19:52:52.427-0500: 25429,905: Total time for which application threads were stopped: 0,0001224 seconds, Stopping threads took: 0,0000423 seconds
2015-12-01T19:52:52.427-0500: 25429,905: Total time for which application threads were stopped: 0,0000702 seconds, Stopping threads took: 0,0000215 seconds
2015-12-01T19:52:52.430-0500: 25429,908: Total time for which application threads were stopped: 0,0001622 seconds, Stopping threads took: 0,0001028 seconds
2015-12-01T19:52:52.430-0500: 25429,908: Total time for which application threads were stopped: 0,0000682 seconds, Stopping threads took: 0,0000318 seconds
2015-12-01T19:52:52.431-0500: 25429,909: Total time for which application threads were stopped: 0,0001155 seconds, Stopping threads took: 0,0000550 seconds
2015-12-01T19:52:52.431-0500: 25429,909: Total time for which application threads were stopped: 0,0000750 seconds, Stopping threads took: 0,0000438 seconds
2015-12-01T19:52:52.432-0500: 25429,910: Total time for which application threads were stopped: 0,0001528 seconds, Stopping threads took: 0,0000254 seconds
2015-12-01T19:52:52.439-0500: 25429,917: Total time for which application threads were stopped: 0,0010209 seconds, Stopping threads took: 0,0009251 seconds
2015-12-01T19:52:53.784-0500: 25431,262: Total time for which application threads were stopped: 0,0001153 seconds, Stopping threads took: 0,0000234 seconds
2015-12-01T19:52:53.815-0500: 25431,293: Total time for which application threads were stopped: 0,0001542 seconds, Stopping threads took: 0,0000493 seconds
2015-12-01T19:52:53.820-0500: 25431,298: Total time for which application threads were stopped: 0,0001680 seconds, Stopping threads took: 0,0000330 seconds
2015-12-01T19:52:53.821-0500: 25431,299: Total time for which application threads were stopped: 0,0003041 seconds, Stopping threads took: 0,0001160 seconds
2015-12-01T19:52:53.822-0500: 25431,300: Total time for which application threads were stopped: 0,0001756 seconds, Stopping threads took: 0,0000345 seconds
2015-12-01T19:52:53.822-0500: 25431,300: Total time for which application threads were stopped: 0,0000680 seconds, Stopping threads took: 0,0000095 seconds
2015-12-01T19:52:54.648-0500: 25432,126: Total time for which application threads were stopped: 0,0001812 seconds, Stopping threads took: 0,0000423 seconds
2015-12-01T19:52:54.676-0500: 25432,154: Total time for which application threads were stopped: 0,0001497 seconds, Stopping threads took: 0,0000281 seconds
2015-12-01T19:52:54.677-0500: 25432,155: Total time for which application threads were stopped: 0,0003068 seconds, Stopping threads took: 0,0000448 seconds
2015-12-01T19:52:54.678-0500: 25432,156: Total time for which application threads were stopped: 0,0001131 seconds, Stopping threads took: 0,0000171 seconds
2015-12-01T19:52:54.678-0500: 25432,156: Total time for which application threads were stopped: 0,0000616 seconds, Stopping threads took: 0,0000079 seconds
2015-12-01T19:52:54.678-0500: 25432,156: Total time for which application threads were stopped: 0,0000547 seconds, Stopping threads took: 0,0000072 seconds
2015-12-01T19:52:54.679-0500: 25432,157: Total time for which application threads were stopped: 0,0002599 seconds, Stopping threads took: 0,0001835 seconds
2015-12-01T19:52:56.703-0500: 25434,181: Total time for which application threads were stopped: 0,0001219 seconds, Stopping threads took: 0,0000251 seconds
2015-12-01T19:52:57.144-0500: 25434,622: Total time for which application threads were stopped: 0,0001521 seconds, Stopping threads took: 0,0000522 seconds
2015-12-01T19:52:57.152-0500: 25434,630: Total time for which application threads were stopped: 0,0003084 seconds, Stopping threads took: 0,0000925 seconds
2015-12-01T19:52:57.153-0500: 25434,631: Total time for which application threads were stopped: 0,0002498 seconds, Stopping threads took: 0,0000166 seconds
2015-12-01T19:52:57.156-0500: 25434,634: Total time for which application threads were stopped: 0,0004562 seconds, Stopping threads took: 0,0000583 seconds
2015-12-01T19:52:57.156-0500: 25434,634: Total time for which application threads were stopped: 0,0000511 seconds, Stopping threads took: 0,0000093 seconds
2015-12-01T19:52:57.157-0500: 25434,635: Total time for which application threads were stopped: 0,0000371 seconds, Stopping threads took: 0,0000081 seconds
2015-12-01T19:52:57.157-0500: 25434,635: Total time for which application threads were stopped: 0,0000346 seconds, Stopping threads took: 0,0000069 seconds
2015-12-01T19:52:57.160-0500: 25434,638: Total time for which application threads were stopped: 0,0000479 seconds, Stopping threads took: 0,0000083 seconds
2015-12-01T19:52:57.160-0500: 25434,638: Total time for which application threads were stopped: 0,0000393 seconds, Stopping threads took: 0,0000072 seconds
2015-12-01T19:52:58.160-0500: 25435,639: Total time for which application threads were stopped: 0,0005133 seconds, Stopping threads took: 0,0001141 seconds
2015-12-01T19:52:58.712-0500: 25436,190: Total time for which application threads were stopped: 0,0001622 seconds, Stopping threads took: 0,0000286 seconds
2015-12-01T19:52:58.835-0500: 25436,313: Total time for which application threads were stopped: 0,0001079 seconds, Stopping threads took: 0,0000297 seconds
2015-12-01T19:52:58.835-0500: 25436,313: Total time for which application threads were stopped: 0,0000562 seconds, Stopping threads took: 0,0000209 seconds
2015-12-01T19:52:58.836-0500: 25436,314: Total time for which application threads were stopped: 0,0001153 seconds, Stopping threads took: 0,0000529 seconds
2015-12-01T19:53:53.822-0500: 25491,300: Total time for which application threads were stopped: 0,0002506 seconds, Stopping threads took: 0,0000728 seconds
2015-12-01T19:53:53.823-0500: 25491,301: Total time for which application threads were stopped: 0,0001427 seconds, Stopping threads took: 0,0000293 seconds
2015-12-01T19:56:47.842-0500: 25665,320: Total time for which application threads were stopped: 0,0001957 seconds, Stopping threads took: 0,0000618 seconds
2015-12-01T19:58:22.826-0500: 25760,304: Total time for which application threads were stopped: 0,0001515 seconds, Stopping threads took: 0,0000376 seconds
2015-12-01T19:58:22.836-0500: 25760,314: Total time for which application threads were stopped: 0,0001592 seconds, Stopping threads took: 0,0000273 seconds
2015-12-01T19:58:22.848-0500: 25760,326: Total time for which application threads were stopped: 0,0001403 seconds, Stopping threads took: 0,0000325 seconds
2015-12-01T19:58:22.851-0500: 25760,329: Total time for which application threads were stopped: 0,0001400 seconds, Stopping threads took: 0,0000287 seconds
2015-12-01T19:58:23.182-0500: 25760,660: Total time for which application threads were stopped: 0,0001888 seconds, Stopping threads took: 0,0000353 seconds
2015-12-01T19:58:23.183-0500: 25760,661: Total time for which application threads were stopped: 0,0001248 seconds, Stopping threads took: 0,0000168 seconds
2015-12-01T19:58:23.199-0500: 25760,677: Total time for which application threads were stopped: 0,0001129 seconds, Stopping threads took: 0,0000308 seconds
2015-12-01T19:58:23.199-0500: 25760,677: Total time for which application threads were stopped: 0,0000534 seconds, Stopping threads took: 0,0000108 seconds
2015-12-01T19:58:24.073-0500: 25761,551: Total time for which application threads were stopped: 0,0001830 seconds, Stopping threads took: 0,0000317 seconds
2015-12-01T19:58:24.074-0500: 25761,552: Total time for which application threads were stopped: 0,0000675 seconds, Stopping threads took: 0,0000190 seconds
2015-12-01T19:58:24.074-0500: 25761,552: Total time for which application threads were stopped: 0,0001106 seconds, Stopping threads took: 0,0000286 seconds
2015-12-01T19:58:24.074-0500: 25761,553: Total time for which application threads were stopped: 0,0000407 seconds, Stopping threads took: 0,0000099 seconds
2015-12-01T19:58:47.077-0500: 25784,555: Total time for which application threads were stopped: 0,0001230 seconds, Stopping threads took: 0,0000246 seconds
2015-12-01T19:59:24.075-0500: 25821,553: Total time for which application threads were stopped: 0,0001119 seconds, Stopping threads took: 0,0000355 seconds
2015-12-01T19:59:25.075-0500: 25822,553: Total time for which application threads were stopped: 0,0001479 seconds, Stopping threads took: 0,0000290 seconds
2015-12-01T19:59:26.091-0500: 25823,569: Total time for which application threads were stopped: 0,0002055 seconds, Stopping threads took: 0,0000458 seconds
{Heap before GC invocations=86 (full 3):
 par new generation   total 109248K, used 95438K [0x00000000e0000000, 0x00000000e8000000, 0x00000000e8000000)
  eden space 87424K,  99% used [0x00000000e0000000, 0x00000000e555c840, 0x00000000e5560000)
  from space 21824K,  36% used [0x00000000e5560000, 0x00000000e5d36fc0, 0x00000000e6ab0000)
  to   space 21824K,   0% used [0x00000000e6ab0000, 0x00000000e6ab0000, 0x00000000e8000000)
 concurrent mark-sweep generation total 393216K, used 30744K [0x00000000e8000000, 0x0000000100000000, 0x0000000100000000)
 Metaspace       used 69982K, capacity 71554K, committed 71948K, reserved 1114112K
  class space    used 5982K, capacity 6413K, committed 6500K, reserved 1048576K
2015-12-01T19:59:26.121-0500: 25823,599: [GC (Allocation Failure) 2015-12-01T19:59:26.121-0500: 25823,599: [ParNew
Desired survivor size 20112992 bytes, new threshold 8 (max 8)
- age   1:    3563312 bytes,    3563312 total
- age   2:      84328 bytes,    3647640 total
- age   3:    1622576 bytes,    5270216 total
- age   4:    1406120 bytes,    6676336 total
- age   5:      88064 bytes,    6764400 total
- age   6:     818640 bytes,    7583040 total
- age   7:     667568 bytes,    8250608 total
- age   8:        880 bytes,    8251488 total
: 95438K->9343K(109248K), 0,0361725 secs] 126182K->40300K(502464K), 0,0362829 secs] [Times: user=0,06 sys=0,00, real=0,04 secs] 
Heap after GC invocations=87 (full 3):
 par new generation   total 109248K, used 9343K [0x00000000e0000000, 0x00000000e8000000, 0x00000000e8000000)
  eden space 87424K,   0% used [0x00000000e0000000, 0x00000000e0000000, 0x00000000e5560000)
  from space 21824K,  42% used [0x00000000e6ab0000, 0x00000000e73cfc80, 0x00000000e8000000)
  to   space 21824K,   0% used [0x00000000e5560000, 0x00000000e5560000, 0x00000000e6ab0000)
 concurrent mark-sweep generation total 393216K, used 30957K [0x00000000e8000000, 0x0000000100000000, 0x0000000100000000)
 Metaspace       used 69982K, capacity 71554K, committed 71948K, reserved 1114112K
  class space    used 5982K, capacity 6413K, committed 6500K, reserved 1048576K
}
2015-12-01T19:59:26.157-0500: 25823,636: Total time for which application threads were stopped: 0,0365236 seconds, Stopping threads took: 0,0000335 seconds
2015-12-01T19:59:26.161-0500: 25823,639: Total time for which application threads were stopped: 0,0001998 seconds, Stopping threads took: 0,0000684 seconds
2015-12-01T19:59:26.161-0500: 25823,639: Total time for which application threads were stopped: 0,0000884 seconds, Stopping threads took: 0,0000283 seconds
{Heap before GC invocations=87 (full 3):
 par new generation   total 109248K, used 96752K [0x00000000e0000000, 0x00000000e8000000, 0x00000000e8000000)
  eden space 87424K,  99% used [0x00000000e0000000, 0x00000000e555c510, 0x00000000e5560000)
  from space 21824K,  42% used [0x00000000e6ab0000, 0x00000000e73cfc80, 0x00000000e8000000)
  to   space 21824K,   0% used [0x00000000e5560000, 0x00000000e5560000, 0x00000000e6ab0000)
 concurrent mark-sweep generation total 393216K, used 30957K [0x00000000e8000000, 0x0000000100000000, 0x0000000100000000)
 Metaspace       used 69987K, capacity 71554K, committed 71948K, reserved 1114112K
  class space    used 5982K, capacity 6413K, committed 6500K, reserved 1048576K
2015-12-01T19:59:26.205-0500: 25823,683: [GC (Allocation Failure) 2015-12-01T19:59:26.205-0500: 25823,683: [ParNew
Desired survivor size 20112992 bytes, new threshold 8 (max 8)
- age   1:    1144160 bytes,    1144160 total
- age   2:    2251368 bytes,    3395528 total
- age   3:      84328 bytes,    3479856 total
- age   4:    1617224 bytes,    5097080 total
- age   5:     638568 bytes,    5735648 total
- age   6:        880 bytes,    5736528 total
- age   7:     211568 bytes,    5948096 total
- age   8:     645800 bytes,    6593896 total
: 96752K->11938K(109248K), 0,0175158 secs] 127709K->42896K(502464K), 0,0176052 secs] [Times: user=0,05 sys=0,00, real=0,02 secs] 
Heap after GC invocations=88 (full 3):
 par new generation   total 109248K, used 11938K [0x00000000e0000000, 0x00000000e8000000, 0x00000000e8000000)
  eden space 87424K,   0% used [0x00000000e0000000, 0x00000000e0000000, 0x00000000e5560000)
  from space 21824K,  54% used [0x00000000e5560000, 0x00000000e6108ae0, 0x00000000e6ab0000)
  to   space 21824K,   0% used [0x00000000e6ab0000, 0x00000000e6ab0000, 0x00000000e8000000)
 concurrent mark-sweep generation total 393216K, used 30957K [0x00000000e8000000, 0x0000000100000000, 0x0000000100000000)
 Metaspace       used 69987K, capacity 71554K, committed 71948K, reserved 1114112K
  class space    used 5982K, capacity 6413K, committed 6500K, reserved 1048576K
}
2015-12-01T19:59:26.223-0500: 25823,701: Total time for which application threads were stopped: 0,0178412 seconds, Stopping threads took: 0,0000326 seconds
2015-12-01T19:59:26.281-0500: 25823,759: Total time for which application threads were stopped: 0,0001847 seconds, Stopping threads took: 0,0000447 seconds
2015-12-01T19:59:26.287-0500: 25823,765: Total time for which application threads were stopped: 0,0001894 seconds, Stopping threads took: 0,0000568 seconds
2015-12-01T19:59:26.288-0500: 25823,766: Total time for which application threads were stopped: 0,0000824 seconds, Stopping threads took: 0,0000173 seconds
2015-12-01T19:59:26.294-0500: 25823,773: Total time for which application threads were stopped: 0,0002695 seconds, Stopping threads took: 0,0000283 seconds
2015-12-01T19:59:26.295-0500: 25823,773: Total time for which application threads were stopped: 0,0001420 seconds, Stopping threads took: 0,0000723 seconds
2015-12-01T19:59:26.297-0500: 25823,775: Total time for which application threads were stopped: 0,0000689 seconds, Stopping threads took: 0,0000141 seconds
2015-12-01T19:59:26.297-0500: 25823,775: Total time for which application threads were stopped: 0,0000475 seconds, Stopping threads took: 0,0000062 seconds
2015-12-01T19:59:26.298-0500: 25823,776: Total time for which application threads were stopped: 0,0000631 seconds, Stopping threads took: 0,0000141 seconds
2015-12-01T19:59:26.299-0500: 25823,777: Total time for which application threads were stopped: 0,0001108 seconds, Stopping threads took: 0,0000671 seconds
2015-12-01T19:59:26.299-0500: 25823,777: Total time for which application threads were stopped: 0,0000443 seconds, Stopping threads took: 0,0000094 seconds
2015-12-01T19:59:26.324-0500: 25823,802: Total time for which application threads were stopped: 0,0001300 seconds, Stopping threads took: 0,0000380 seconds
2015-12-01T19:59:28.230-0500: 25825,708: Total time for which application threads were stopped: 0,0001284 seconds, Stopping threads took: 0,0000226 seconds
{Heap before GC invocations=88 (full 3):
 par new generation   total 109248K, used 99362K [0x00000000e0000000, 0x00000000e8000000, 0x00000000e8000000)
  eden space 87424K, 100% used [0x00000000e0000000, 0x00000000e5560000, 0x00000000e5560000)
  from space 21824K,  54% used [0x00000000e5560000, 0x00000000e6108ae0, 0x00000000e6ab0000)
  to   space 21824K,   0% used [0x00000000e6ab0000, 0x00000000e6ab0000, 0x00000000e8000000)
 concurrent mark-sweep generation total 393216K, used 30957K [0x00000000e8000000, 0x0000000100000000, 0x0000000100000000)
 Metaspace       used 70057K, capacity 71630K, committed 71948K, reserved 1114112K
  class space    used 5989K, capacity 6421K, committed 6500K, reserved 1048576K
2015-12-01T19:59:28.234-0500: 25825,712: [GC (Allocation Failure) 2015-12-01T19:59:28.234-0500: 25825,712: [ParNew
Desired survivor size 20112992 bytes, new threshold 8 (max 8)
- age   1:     799632 bytes,     799632 total
- age   2:     147024 bytes,     946656 total
- age   3:    2175424 bytes,    3122080 total
- age   4:      84328 bytes,    3206408 total
- age   5:    1581816 bytes,    4788224 total
- age   6:     638440 bytes,    5426664 total
- age   7:        880 bytes,    5427544 total
- age   8:     211440 bytes,    5638984 total
: 99362K->5825K(109248K), 0,0118144 secs] 130320K->37418K(502464K), 0,0119909 secs] [Times: user=0,02 sys=0,00, real=0,01 secs] 
Heap after GC invocations=89 (full 3):
 par new generation   total 109248K, used 5825K [0x00000000e0000000, 0x00000000e8000000, 0x00000000e8000000)
  eden space 87424K,   0% used [0x00000000e0000000, 0x00000000e0000000, 0x00000000e5560000)
  from space 21824K,  26% used [0x00000000e6ab0000, 0x00000000e7060740, 0x00000000e8000000)
  to   space 21824K,   0% used [0x00000000e5560000, 0x00000000e5560000, 0x00000000e6ab0000)
 concurrent mark-sweep generation total 393216K, used 31593K [0x00000000e8000000, 0x0000000100000000, 0x0000000100000000)
 Metaspace       used 70057K, capacity 71630K, committed 71948K, reserved 1114112K
  class space    used 5989K, capacity 6421K, committed 6500K, reserved 1048576K
}
2015-12-01T19:59:28.246-0500: 25825,724: Total time for which application threads were stopped: 0,0122861 seconds, Stopping threads took: 0,0000242 seconds
2015-12-01T19:59:28.247-0500: 25825,725: Total time for which application threads were stopped: 0,0001475 seconds, Stopping threads took: 0,0000630 seconds
2015-12-01T19:59:28.256-0500: 25825,734: Total time for which application threads were stopped: 0,0001113 seconds, Stopping threads took: 0,0000238 seconds
2015-12-01T19:59:28.265-0500: 25825,743: Total time for which application threads were stopped: 0,0001262 seconds, Stopping threads took: 0,0000234 seconds
2015-12-01T19:59:28.266-0500: 25825,744: Total time for which application threads were stopped: 0,0000843 seconds, Stopping threads took: 0,0000155 seconds
2015-12-01T19:59:28.266-0500: 25825,744: Total time for which application threads were stopped: 0,0000604 seconds, Stopping threads took: 0,0000136 seconds
2015-12-01T19:59:29.495-0500: 25826,973: Total time for which application threads were stopped: 0,0001291 seconds, Stopping threads took: 0,0000258 seconds
2015-12-01T19:59:29.525-0500: 25827,003: Total time for which application threads were stopped: 0,0001100 seconds, Stopping threads took: 0,0000230 seconds
2015-12-01T19:59:29.525-0500: 25827,003: Total time for which application threads were stopped: 0,0000535 seconds, Stopping threads took: 0,0000082 seconds
2015-12-01T19:59:29.526-0500: 25827,004: Total time for which application threads were stopped: 0,0000597 seconds, Stopping threads took: 0,0000099 seconds
2015-12-01T19:59:29.526-0500: 25827,004: Total time for which application threads were stopped: 0,0000447 seconds, Stopping threads took: 0,0000064 seconds
2015-12-01T19:59:29.526-0500: 25827,004: Total time for which application threads were stopped: 0,0000382 seconds, Stopping threads took: 0,0000043 seconds
2015-12-01T19:59:29.526-0500: 25827,004: Total time for which application threads were stopped: 0,0000367 seconds, Stopping threads took: 0,0000041 seconds
2015-12-01T19:59:29.526-0500: 25827,004: Total time for which application threads were stopped: 0,0000550 seconds, Stopping threads took: 0,0000070 seconds
2015-12-01T19:59:31.552-0500: 25829,030: Total time for which application threads were stopped: 0,0001880 seconds, Stopping threads took: 0,0000363 seconds
2015-12-01T19:59:32.299-0500: 25829,777: Total time for which application threads were stopped: 0,0001552 seconds, Stopping threads took: 0,0000336 seconds
2015-12-01T19:59:32.309-0500: 25829,788: Total time for which application threads were stopped: 0,0003973 seconds, Stopping threads took: 0,0000355 seconds
2015-12-01T19:59:32.310-0500: 25829,788: Total time for which application threads were stopped: 0,0001667 seconds, Stopping threads took: 0,0000283 seconds
2015-12-01T19:59:32.310-0500: 25829,788: Total time for which application threads were stopped: 0,0000684 seconds, Stopping threads took: 0,0000164 seconds
2015-12-01T19:59:32.310-0500: 25829,788: Total time for which application threads were stopped: 0,0001143 seconds, Stopping threads took: 0,0000534 seconds
2015-12-01T19:59:32.311-0500: 25829,789: Total time for which application threads were stopped: 0,0000536 seconds, Stopping threads took: 0,0000113 seconds
2015-12-01T19:59:32.311-0500: 25829,789: Total time for which application threads were stopped: 0,0000409 seconds, Stopping threads took: 0,0000075 seconds
2015-12-01T19:59:32.311-0500: 25829,789: Total time for which application threads were stopped: 0,0000407 seconds, Stopping threads took: 0,0000072 seconds
2015-12-01T19:59:32.315-0500: 25829,793: Total time for which application threads were stopped: 0,0002053 seconds, Stopping threads took: 0,0000179 seconds
2015-12-01T19:59:32.315-0500: 25829,793: Total time for which application threads were stopped: 0,0000450 seconds, Stopping threads took: 0,0000074 seconds
2015-12-01T19:59:33.561-0500: 25831,039: Total time for which application threads were stopped: 0,0001811 seconds, Stopping threads took: 0,0000445 seconds
2015-12-01T19:59:34.981-0500: 25832,459: Total time for which application threads were stopped: 0,0002321 seconds, Stopping threads took: 0,0000406 seconds
2015-12-01T19:59:34.982-0500: 25832,460: Total time for which application threads were stopped: 0,0001908 seconds, Stopping threads took: 0,0000289 seconds
2015-12-01T19:59:35.029-0500: 25832,507: Total time for which application threads were stopped: 0,0001838 seconds, Stopping threads took: 0,0000372 seconds
2015-12-01T19:59:35.838-0500: 25833,316: Total time for which application threads were stopped: 0,0001676 seconds, Stopping threads took: 0,0000545 seconds
2015-12-01T19:59:35.839-0500: 25833,317: Total time for which application threads were stopped: 0,0001107 seconds, Stopping threads took: 0,0000214 seconds
2015-12-01T19:59:35.839-0500: 25833,318: Total time for which application threads were stopped: 0,0000612 seconds, Stopping threads took: 0,0000212 seconds
2015-12-01T19:59:35.840-0500: 25833,318: Total time for which application threads were stopped: 0,0000668 seconds, Stopping threads took: 0,0000250 seconds
2015-12-01T19:59:35.840-0500: 25833,318: Total time for which application threads were stopped: 0,0000716 seconds, Stopping threads took: 0,0000255 seconds
2015-12-01T19:59:41.841-0500: 25839,319: Total time for which application threads were stopped: 0,0001903 seconds, Stopping threads took: 0,0000408 seconds
2015-12-01T19:59:46.842-0500: 25844,320: Total time for which application threads were stopped: 0,0001736 seconds, Stopping threads took: 0,0000542 seconds
2015-12-01T19:59:48.842-0500: 25846,320: Total time for which application threads were stopped: 0,0001184 seconds, Stopping threads took: 0,0000223 seconds
2015-12-01T19:59:55.767-0500: 25853,245: Total time for which application threads were stopped: 0,0001233 seconds, Stopping threads took: 0,0000252 seconds
2015-12-01T19:59:55.769-0500: 25853,247: Total time for which application threads were stopped: 0,0002493 seconds, Stopping threads took: 0,0000252 seconds
2015-12-01T19:59:59.770-0500: 25857,248: Total time for which application threads were stopped: 0,0001137 seconds, Stopping threads took: 0,0000253 seconds
2015-12-01T20:00:02.755-0500: 25860,233: Total time for which application threads were stopped: 0,0001295 seconds, Stopping threads took: 0,0000378 seconds
2015-12-01T20:00:28.266-0500: 25885,744: Total time for which application threads were stopped: 0,0001878 seconds, Stopping threads took: 0,0000552 seconds
2015-12-01T20:00:28.266-0500: 25885,744: Total time for which application threads were stopped: 0,0000640 seconds, Stopping threads took: 0,0000060 seconds
2015-12-01T20:00:39.268-0500: 25896,746: Total time for which application threads were stopped: 0,0001742 seconds, Stopping threads took: 0,0000552 seconds
2015-12-01T20:01:26.272-0500: 25943,750: Total time for which application threads were stopped: 0,0001829 seconds, Stopping threads took: 0,0000553 seconds
2015-12-01T20:03:23.285-0500: 26060,763: Total time for which application threads were stopped: 0,0001240 seconds, Stopping threads took: 0,0000409 seconds
2015-12-01T20:04:53.294-0500: 26150,772: Total time for which application threads were stopped: 0,0001070 seconds, Stopping threads took: 0,0000343 seconds
2015-12-01T20:07:26.309-0500: 26303,787: Total time for which application threads were stopped: 0,0001400 seconds, Stopping threads took: 0,0000372 seconds
2015-12-01T20:07:28.310-0500: 26305,788: Total time for which application threads were stopped: 0,0001052 seconds, Stopping threads took: 0,0000219 seconds
2015-12-01T20:07:57.313-0500: 26334,791: Total time for which application threads were stopped: 0,0001689 seconds, Stopping threads took: 0,0000478 seconds
2015-12-01T20:07:58.313-0500: 26335,791: Total time for which application threads were stopped: 0,0001144 seconds, Stopping threads took: 0,0000256 seconds
2015-12-01T20:08:46.055-0500: 26383,533: Total time for which application threads were stopped: 0,0005965 seconds, Stopping threads took: 0,0001472 seconds
2015-12-01T20:08:47.299-0500: 26384,777: Total time for which application threads were stopped: 0,0001183 seconds, Stopping threads took: 0,0000304 seconds
{Heap before GC invocations=89 (full 3):
 par new generation   total 109248K, used 93249K [0x00000000e0000000, 0x00000000e8000000, 0x00000000e8000000)
  eden space 87424K, 100% used [0x00000000e0000000, 0x00000000e5560000, 0x00000000e5560000)
  from space 21824K,  26% used [0x00000000e6ab0000, 0x00000000e7060740, 0x00000000e8000000)
  to   space 21824K,   0% used [0x00000000e5560000, 0x00000000e5560000, 0x00000000e6ab0000)
 concurrent mark-sweep generation total 393216K, used 31593K [0x00000000e8000000, 0x0000000100000000, 0x0000000100000000)
 Metaspace       used 71590K, capacity 73198K, committed 73612K, reserved 1116160K
  class space    used 6079K, capacity 6517K, committed 6628K, reserved 1048576K
2015-12-01T20:08:47.323-0500: 26384,801: [GC (Allocation Failure) 2015-12-01T20:08:47.323-0500: 26384,801: [ParNew
Desired survivor size 20112992 bytes, new threshold 8 (max 8)
- age   1:    3396416 bytes,    3396416 total
- age   2:     663776 bytes,    4060192 total
- age   3:     146680 bytes,    4206872 total
- age   4:    1341728 bytes,    5548600 total
- age   5:       1448 bytes,    5550048 total
- age   6:     230520 bytes,    5780568 total
- age   7:     637928 bytes,    6418496 total
- age   8:        880 bytes,    6419376 total
: 93249K->8502K(109248K), 0,0072265 secs] 124842K->40304K(502464K), 0,0073141 secs] [Times: user=0,02 sys=0,00, real=0,01 secs] 
Heap after GC invocations=90 (full 3):
 par new generation   total 109248K, used 8502K [0x00000000e0000000, 0x00000000e8000000, 0x00000000e8000000)
  eden space 87424K,   0% used [0x00000000e0000000, 0x00000000e0000000, 0x00000000e5560000)
  from space 21824K,  38% used [0x00000000e5560000, 0x00000000e5dad8a0, 0x00000000e6ab0000)
  to   space 21824K,   0% used [0x00000000e6ab0000, 0x00000000e6ab0000, 0x00000000e8000000)
 concurrent mark-sweep generation total 393216K, used 31802K [0x00000000e8000000, 0x0000000100000000, 0x0000000100000000)
 Metaspace       used 71590K, capacity 73198K, committed 73612K, reserved 1116160K
  class space    used 6079K, capacity 6517K, committed 6628K, reserved 1048576K
}
2015-12-01T20:08:47.330-0500: 26384,808: Total time for which application threads were stopped: 0,0075474 seconds, Stopping threads took: 0,0000360 seconds
2015-12-01T20:08:47.331-0500: 26384,809: Total time for which application threads were stopped: 0,0002564 seconds, Stopping threads took: 0,0000327 seconds
{Heap before GC invocations=90 (full 3):
 par new generation   total 109248K, used 95926K [0x00000000e0000000, 0x00000000e8000000, 0x00000000e8000000)
  eden space 87424K, 100% used [0x00000000e0000000, 0x00000000e5560000, 0x00000000e5560000)
  from space 21824K,  38% used [0x00000000e5560000, 0x00000000e5dad8a0, 0x00000000e6ab0000)
  to   space 21824K,   0% used [0x00000000e6ab0000, 0x00000000e6ab0000, 0x00000000e8000000)
 concurrent mark-sweep generation total 393216K, used 31802K [0x00000000e8000000, 0x0000000100000000, 0x0000000100000000)
 Metaspace       used 71592K, capacity 73198K, committed 73612K, reserved 1116160K
  class space    used 6079K, capacity 6517K, committed 6628K, reserved 1048576K
2015-12-01T20:08:47.365-0500: 26384,843: [GC (Allocation Failure) 2015-12-01T20:08:47.365-0500: 26384,844: [ParNew
Desired survivor size 20112992 bytes, new threshold 8 (max 8)
- age   1:    1042856 bytes,    1042856 total
- age   2:    2210416 bytes,    3253272 total
- age   3:     726992 bytes,    3980264 total
- age   4:     146624 bytes,    4126888 total
- age   5:    1307984 bytes,    5434872 total
- age   6:       1448 bytes,    5436320 total
- age   7:     230520 bytes,    5666840 total
- age   8:     637928 bytes,    6304768 total
: 95926K->8913K(109248K), 0,0162078 secs] 127728K->40717K(502464K), 0,0162958 secs] [Times: user=0,05 sys=0,00, real=0,02 secs] 
Heap after GC invocations=91 (full 3):
 par new generation   total 109248K, used 8913K [0x00000000e0000000, 0x00000000e8000000, 0x00000000e8000000)
  eden space 87424K,   0% used [0x00000000e0000000, 0x00000000e0000000, 0x00000000e5560000)
  from space 21824K,  40% used [0x00000000e6ab0000, 0x00000000e7364660, 0x00000000e8000000)
  to   space 21824K,   0% used [0x00000000e5560000, 0x00000000e5560000, 0x00000000e6ab0000)
 concurrent mark-sweep generation total 393216K, used 31803K [0x00000000e8000000, 0x0000000100000000, 0x0000000100000000)
 Metaspace       used 71592K, capacity 73198K, committed 73612K, reserved 1116160K
  class space    used 6079K, capacity 6517K, committed 6628K, reserved 1048576K
}
2015-12-01T20:08:47.382-0500: 26384,860: Total time for which application threads were stopped: 0,0164983 seconds, Stopping threads took: 0,0000302 seconds
2015-12-01T20:08:47.470-0500: 26384,948: Total time for which application threads were stopped: 0,0004409 seconds, Stopping threads took: 0,0000652 seconds
{Heap before GC invocations=91 (full 3):
 par new generation   total 109248K, used 96337K [0x00000000e0000000, 0x00000000e8000000, 0x00000000e8000000)
  eden space 87424K, 100% used [0x00000000e0000000, 0x00000000e5560000, 0x00000000e5560000)
  from space 21824K,  40% used [0x00000000e6ab0000, 0x00000000e7364660, 0x00000000e8000000)
  to   space 21824K,   0% used [0x00000000e5560000, 0x00000000e5560000, 0x00000000e6ab0000)
 concurrent mark-sweep generation total 393216K, used 31803K [0x00000000e8000000, 0x0000000100000000, 0x0000000100000000)
 Metaspace       used 71620K, capacity 73268K, committed 73612K, reserved 1116160K
  class space    used 6081K, capacity 6519K, committed 6628K, reserved 1048576K
2015-12-01T20:08:47.489-0500: 26384,967: [GC (Allocation Failure) 2015-12-01T20:08:47.489-0500: 26384,967: [ParNew
Desired survivor size 20112992 bytes, new threshold 8 (max 8)
- age   1:     695872 bytes,     695872 total
- age   2:     146072 bytes,     841944 total
- age   3:    2208232 bytes,    3050176 total
- age   4:     660456 bytes,    3710632 total
- age   5:     146624 bytes,    3857256 total
- age   6:    1307984 bytes,    5165240 total
- age   7:       1448 bytes,    5166688 total
- age   8:     230520 bytes,    5397208 total
: 96337K->7940K(109248K), 0,0163548 secs] 128141K->40371K(502464K), 0,0164292 secs] [Times: user=0,04 sys=0,00, real=0,01 secs] 
Heap after GC invocations=92 (full 3):
 par new generation   total 109248K, used 7940K [0x00000000e0000000, 0x00000000e8000000, 0x00000000e8000000)
  eden space 87424K,   0% used [0x00000000e0000000, 0x00000000e0000000, 0x00000000e5560000)
  from space 21824K,  36% used [0x00000000e5560000, 0x00000000e5d211e0, 0x00000000e6ab0000)
  to   space 21824K,   0% used [0x00000000e6ab0000, 0x00000000e6ab0000, 0x00000000e8000000)
 concurrent mark-sweep generation total 393216K, used 32430K [0x00000000e8000000, 0x0000000100000000, 0x0000000100000000)
 Metaspace       used 71620K, capacity 73268K, committed 73612K, reserved 1116160K
  class space    used 6081K, capacity 6519K, committed 6628K, reserved 1048576K
}
2015-12-01T20:08:47.506-0500: 26384,984: Total time for which application threads were stopped: 0,0166276 seconds, Stopping threads took: 0,0000338 seconds
2015-12-01T20:08:47.506-0500: 26384,984: Total time for which application threads were stopped: 0,0001556 seconds, Stopping threads took: 0,0000565 seconds
2015-12-01T20:08:47.506-0500: 26384,984: Total time for which application threads were stopped: 0,0000568 seconds, Stopping threads took: 0,0000136 seconds
2015-12-01T20:08:47.506-0500: 26384,984: Total time for which application threads were stopped: 0,0000469 seconds, Stopping threads took: 0,0000180 seconds
2015-12-01T20:08:47.506-0500: 26384,984: Total time for which application threads were stopped: 0,0000354 seconds, Stopping threads took: 0,0000071 seconds
2015-12-01T20:08:47.515-0500: 26384,993: Total time for which application threads were stopped: 0,0001097 seconds, Stopping threads took: 0,0000329 seconds
2015-12-01T20:08:47.515-0500: 26384,993: Total time for which application threads were stopped: 0,0000631 seconds, Stopping threads took: 0,0000211 seconds
2015-12-01T20:08:47.517-0500: 26384,995: Total time for which application threads were stopped: 0,0001065 seconds, Stopping threads took: 0,0000365 seconds
2015-12-01T20:08:47.518-0500: 26384,996: Total time for which application threads were stopped: 0,0000842 seconds, Stopping threads took: 0,0000238 seconds
2015-12-01T20:08:47.518-0500: 26384,996: Total time for which application threads were stopped: 0,0000746 seconds, Stopping threads took: 0,0000241 seconds
2015-12-01T20:08:47.518-0500: 26384,996: Total time for which application threads were stopped: 0,0000853 seconds, Stopping threads took: 0,0000257 seconds
2015-12-01T20:08:47.518-0500: 26384,996: Total time for which application threads were stopped: 0,0001298 seconds, Stopping threads took: 0,0000141 seconds
2015-12-01T20:08:47.525-0500: 26385,003: Total time for which application threads were stopped: 0,0001293 seconds, Stopping threads took: 0,0000283 seconds
2015-12-01T20:08:48.947-0500: 26386,425: Total time for which application threads were stopped: 0,0001266 seconds, Stopping threads took: 0,0000269 seconds
2015-12-01T20:08:48.958-0500: 26386,436: Total time for which application threads were stopped: 0,0001400 seconds, Stopping threads took: 0,0000276 seconds
2015-12-01T20:08:49.029-0500: 26386,507: Total time for which application threads were stopped: 0,0002335 seconds, Stopping threads took: 0,0000318 seconds
2015-12-01T20:08:49.029-0500: 26386,507: Total time for which application threads were stopped: 0,0000540 seconds, Stopping threads took: 0,0000098 seconds
2015-12-01T20:08:49.069-0500: 26386,547: Total time for which application threads were stopped: 0,0001272 seconds, Stopping threads took: 0,0000372 seconds
2015-12-01T20:08:49.069-0500: 26386,548: Total time for which application threads were stopped: 0,0001075 seconds, Stopping threads took: 0,0000534 seconds
2015-12-01T20:08:53.216-0500: 26390,694: Total time for which application threads were stopped: 0,0002111 seconds, Stopping threads took: 0,0000478 seconds
2015-12-01T20:08:53.244-0500: 26390,722: Total time for which application threads were stopped: 0,0001232 seconds, Stopping threads took: 0,0000225 seconds
2015-12-01T20:08:53.244-0500: 26390,722: Total time for which application threads were stopped: 0,0000547 seconds, Stopping threads took: 0,0000070 seconds
2015-12-01T20:08:53.244-0500: 26390,722: Total time for which application threads were stopped: 0,0000447 seconds, Stopping threads took: 0,0000068 seconds
2015-12-01T20:08:53.244-0500: 26390,722: Total time for which application threads were stopped: 0,0000379 seconds, Stopping threads took: 0,0000051 seconds
2015-12-01T20:08:53.244-0500: 26390,722: Total time for which application threads were stopped: 0,0000393 seconds, Stopping threads took: 0,0000054 seconds
2015-12-01T20:08:53.245-0500: 26390,723: Total time for which application threads were stopped: 0,0001032 seconds, Stopping threads took: 0,0000272 seconds
2015-12-01T20:08:53.246-0500: 26390,724: Total time for which application threads were stopped: 0,0001491 seconds, Stopping threads took: 0,0000196 seconds
2015-12-01T20:08:55.258-0500: 26392,736: Total time for which application threads were stopped: 0,0001715 seconds, Stopping threads took: 0,0000374 seconds
2015-12-01T20:08:55.738-0500: 26393,216: Total time for which application threads were stopped: 0,0001327 seconds, Stopping threads took: 0,0000238 seconds
2015-12-01T20:08:55.754-0500: 26393,232: Total time for which application threads were stopped: 0,0001610 seconds, Stopping threads took: 0,0000277 seconds
2015-12-01T20:08:55.754-0500: 26393,232: Total time for which application threads were stopped: 0,0000721 seconds, Stopping threads took: 0,0000187 seconds
2015-12-01T20:08:55.754-0500: 26393,232: Total time for which application threads were stopped: 0,0000688 seconds, Stopping threads took: 0,0000188 seconds
2015-12-01T20:08:55.755-0500: 26393,233: Total time for which application threads were stopped: 0,0000774 seconds, Stopping threads took: 0,0000210 seconds
2015-12-01T20:08:55.756-0500: 26393,234: Total time for which application threads were stopped: 0,0001027 seconds, Stopping threads took: 0,0000262 seconds
2015-12-01T20:08:55.757-0500: 26393,235: Total time for which application threads were stopped: 0,0001384 seconds, Stopping threads took: 0,0000308 seconds
2015-12-01T20:08:55.757-0500: 26393,235: Total time for which application threads were stopped: 0,0000768 seconds, Stopping threads took: 0,0000214 seconds
2015-12-01T20:08:55.757-0500: 26393,236: Total time for which application threads were stopped: 0,0000615 seconds, Stopping threads took: 0,0000154 seconds
2015-12-01T20:08:55.758-0500: 26393,236: Total time for which application threads were stopped: 0,0000594 seconds, Stopping threads took: 0,0000107 seconds
2015-12-01T20:08:55.776-0500: 26393,254: Total time for which application threads were stopped: 0,0001201 seconds, Stopping threads took: 0,0000319 seconds
2015-12-01T20:08:55.776-0500: 26393,254: Total time for which application threads were stopped: 0,0000629 seconds, Stopping threads took: 0,0000142 seconds
2015-12-01T20:08:56.776-0500: 26394,254: Total time for which application threads were stopped: 0,0001157 seconds, Stopping threads took: 0,0000245 seconds
2015-12-01T20:08:57.271-0500: 26394,749: Total time for which application threads were stopped: 0,0002155 seconds, Stopping threads took: 0,0000364 seconds
2015-12-01T20:08:58.258-0500: 26395,736: Total time for which application threads were stopped: 0,0001358 seconds, Stopping threads took: 0,0000297 seconds
2015-12-01T20:08:58.258-0500: 26395,736: Total time for which application threads were stopped: 0,0000781 seconds, Stopping threads took: 0,0000164 seconds
2015-12-01T20:08:58.864-0500: 26396,342: Total time for which application threads were stopped: 0,0001256 seconds, Stopping threads took: 0,0000414 seconds
2015-12-01T20:08:58.865-0500: 26396,343: Total time for which application threads were stopped: 0,0001105 seconds, Stopping threads took: 0,0000394 seconds
2015-12-01T20:08:58.865-0500: 26396,343: Total time for which application threads were stopped: 0,0000706 seconds, Stopping threads took: 0,0000204 seconds
2015-12-01T20:08:58.866-0500: 26396,344: Total time for which application threads were stopped: 0,0000643 seconds, Stopping threads took: 0,0000211 seconds
2015-12-01T20:08:59.866-0500: 26397,344: Total time for which application threads were stopped: 0,0001484 seconds, Stopping threads took: 0,0000331 seconds
2015-12-01T20:09:03.866-0500: 26401,344: Total time for which application threads were stopped: 0,0001555 seconds, Stopping threads took: 0,0000491 seconds
2015-12-01T20:09:04.139-0500: 26401,617: Total time for which application threads were stopped: 0,0001360 seconds, Stopping threads took: 0,0000348 seconds
2015-12-01T20:09:04.140-0500: 26401,618: Total time for which application threads were stopped: 0,0000911 seconds, Stopping threads took: 0,0000231 seconds
2015-12-01T20:09:05.140-0500: 26402,618: Total time for which application threads were stopped: 0,0002664 seconds, Stopping threads took: 0,0000795 seconds
2015-12-01T20:09:35.143-0500: 26432,621: Total time for which application threads were stopped: 0,0001205 seconds, Stopping threads took: 0,0000443 seconds
2015-12-01T20:09:36.144-0500: 26433,622: Total time for which application threads were stopped: 0,0001441 seconds, Stopping threads took: 0,0000523 seconds
2015-12-01T20:09:49.070-0500: 26446,548: Total time for which application threads were stopped: 0,0001023 seconds, Stopping threads took: 0,0000208 seconds
2015-12-01T20:10:19.073-0500: 26476,551: Total time for which application threads were stopped: 0,0001139 seconds, Stopping threads took: 0,0000353 seconds
2015-12-01T20:10:20.974-0500: 26478,452: Total time for which application threads were stopped: 0,0001506 seconds, Stopping threads took: 0,0000280 seconds
2015-12-01T20:10:21.975-0500: 26479,453: Total time for which application threads were stopped: 0,0002150 seconds, Stopping threads took: 0,0000486 seconds
2015-12-01T20:10:40.977-0500: 26498,455: Total time for which application threads were stopped: 0,0002628 seconds, Stopping threads took: 0,0000819 seconds
2015-12-01T20:11:11.980-0500: 26529,458: Total time for which application threads were stopped: 0,0001160 seconds, Stopping threads took: 0,0000244 seconds
2015-12-01T20:11:16.980-0500: 26534,458: Total time for which application threads were stopped: 0,0001008 seconds, Stopping threads took: 0,0000235 seconds
2015-12-01T20:11:18.981-0500: 26536,459: Total time for which application threads were stopped: 0,0001345 seconds, Stopping threads took: 0,0000374 seconds
2015-12-01T20:11:19.981-0500: 26537,459: Total time for which application threads were stopped: 0,0001106 seconds, Stopping threads took: 0,0000233 seconds
2015-12-01T20:12:47.885-0500: 26625,363: Total time for which application threads were stopped: 0,0972682 seconds, Stopping threads took: 0,0971712 seconds
2015-12-01T20:12:47.885-0500: 26625,363: Total time for which application threads were stopped: 0,0001713 seconds, Stopping threads took: 0,0001312 seconds
2015-12-01T20:12:47.886-0500: 26625,364: Total time for which application threads were stopped: 0,0000781 seconds, Stopping threads took: 0,0000372 seconds
2015-12-01T20:12:47.895-0500: 26625,373: Total time for which application threads were stopped: 0,0000695 seconds, Stopping threads took: 0,0000320 seconds
2015-12-01T20:12:47.895-0500: 26625,373: Total time for which application threads were stopped: 0,0000621 seconds, Stopping threads took: 0,0000185 seconds
2015-12-01T20:12:47.993-0500: 26625,471: Total time for which application threads were stopped: 0,0000993 seconds, Stopping threads took: 0,0000294 seconds
2015-12-01T20:12:47.994-0500: 26625,472: Total time for which application threads were stopped: 0,0000877 seconds, Stopping threads took: 0,0000432 seconds
2015-12-01T20:12:47.994-0500: 26625,472: Total time for which application threads were stopped: 0,0000624 seconds, Stopping threads took: 0,0000292 seconds
2015-12-01T20:12:47.994-0500: 26625,472: Total time for which application threads were stopped: 0,0000388 seconds, Stopping threads took: 0,0000079 seconds
2015-12-01T20:12:47.994-0500: 26625,472: Total time for which application threads were stopped: 0,0000447 seconds, Stopping threads took: 0,0000169 seconds
2015-12-01T20:12:47.994-0500: 26625,472: Total time for which application threads were stopped: 0,0000574 seconds, Stopping threads took: 0,0000161 seconds
2015-12-01T20:12:47.994-0500: 26625,472: Total time for which application threads were stopped: 0,0000295 seconds, Stopping threads took: 0,0000054 seconds
2015-12-01T20:12:47.994-0500: 26625,472: Total time for which application threads were stopped: 0,0000280 seconds, Stopping threads took: 0,0000047 seconds
2015-12-01T20:12:47.995-0500: 26625,473: Total time for which application threads were stopped: 0,0000351 seconds, Stopping threads took: 0,0000051 seconds
2015-12-01T20:12:47.995-0500: 26625,473: Total time for which application threads were stopped: 0,0001086 seconds, Stopping threads took: 0,0000613 seconds
2015-12-01T20:12:47.995-0500: 26625,473: Total time for which application threads were stopped: 0,0000641 seconds, Stopping threads took: 0,0000361 seconds
2015-12-01T20:12:47.995-0500: 26625,473: Total time for which application threads were stopped: 0,0000427 seconds, Stopping threads took: 0,0000070 seconds
2015-12-01T20:12:47.995-0500: 26625,473: Total time for which application threads were stopped: 0,0000493 seconds, Stopping threads took: 0,0000233 seconds
2015-12-01T20:12:47.995-0500: 26625,473: Total time for which application threads were stopped: 0,0000427 seconds, Stopping threads took: 0,0000085 seconds
Heap
 par new generation   total 109248K, used 73939K [0x00000000e0000000, 0x00000000e8000000, 0x00000000e8000000)
  eden space 87424K,  75% used [0x00000000e0000000, 0x00000000e4073a80, 0x00000000e5560000)
  from space 21824K,  36% used [0x00000000e5560000, 0x00000000e5d211e0, 0x00000000e6ab0000)
  to   space 21824K,   0% used [0x00000000e6ab0000, 0x00000000e6ab0000, 0x00000000e8000000)
 concurrent mark-sweep generation total 393216K, used 32430K [0x00000000e8000000, 0x0000000100000000, 0x0000000100000000)
 Metaspace       used 73244K, capacity 74778K, committed 74892K, reserved 1118208K
  class space    used 6182K, capacity 6621K, committed 6628K, reserved 1048576K
