Java HotSpot(TM) 64-Bit Server VM (25.66-b17) for linux-amd64 JRE (1.8.0_66-b17), built on Oct  6 2015 17:28:34 by "java_re" with gcc 4.3.0 20080428 (Red Hat 4.3.0-8)
Memory: 4k page, physical 8074228k(580520k free), swap 8285180k(6566180k free)
CommandLine flags: -XX:CMSInitiatingOccupancyFraction=50 -XX:CMSMaxAbortablePrecleanTime=6000 -XX:+CMSParallelRemarkEnabled -XX:+CMSScavengeBeforeRemark -XX:ConcGCThreads=4 -XX:InitialHeapSize=536870912 -XX:MaxHeapSize=536870912 -XX:MaxTenuringThreshold=8 -XX:NewRatio=3 -XX:OldPLABSize=16 -XX:ParallelGCThreads=4 -XX:+ParallelRefProcEnabled -XX:PretenureSizeThreshold=67108864 -XX:+PrintGC -XX:+PrintGCApplicationStoppedTime -XX:+PrintGCDateStamps -XX:+PrintGCDetails -XX:+PrintGCTimeStamps -XX:+PrintHeapAtGC -XX:+PrintTenuringDistribution -XX:SurvivorRatio=4 -XX:TargetSurvivorRatio=90 -XX:ThreadStackSize=256 -XX:+UseCMSInitiatingOccupancyOnly -XX:+UseCompressedClassPointers -XX:+UseCompressedOops -XX:+UseConcMarkSweepGC -XX:+UseParNewGC 
2015-12-03T17:15:31.735-0500: 0,522: Total time for which application threads were stopped: 0,0000707 seconds, Stopping threads took: 0,0000235 seconds
2015-12-03T17:15:32.541-0500: 1,328: Total time for which application threads were stopped: 0,0001204 seconds, Stopping threads took: 0,0000142 seconds
2015-12-03T17:15:32.817-0500: 1,604: Total time for which application threads were stopped: 0,0001071 seconds, Stopping threads took: 0,0000245 seconds
2015-12-03T17:15:32.944-0500: 1,731: Total time for which application threads were stopped: 0,0001188 seconds, Stopping threads took: 0,0000241 seconds
2015-12-03T17:15:33.013-0500: 1,800: Total time for which application threads were stopped: 0,0001366 seconds, Stopping threads took: 0,0000230 seconds
2015-12-03T17:15:33.044-0500: 1,831: Total time for which application threads were stopped: 0,0001391 seconds, Stopping threads took: 0,0000258 seconds
2015-12-03T17:15:33.090-0500: 1,877: Total time for which application threads were stopped: 0,0001271 seconds, Stopping threads took: 0,0000263 seconds
{Heap before GC invocations=0 (full 0):
 par new generation   total 109248K, used 87424K [0x00000000e0000000, 0x00000000e8000000, 0x00000000e8000000)
  eden space 87424K, 100% used [0x00000000e0000000, 0x00000000e5560000, 0x00000000e5560000)
  from space 21824K,   0% used [0x00000000e5560000, 0x00000000e5560000, 0x00000000e6ab0000)
  to   space 21824K,   0% used [0x00000000e6ab0000, 0x00000000e6ab0000, 0x00000000e8000000)
 concurrent mark-sweep generation total 393216K, used 0K [0x00000000e8000000, 0x0000000100000000, 0x0000000100000000)
 Metaspace       used 10062K, capacity 10248K, committed 10496K, reserved 1058816K
  class space    used 1149K, capacity 1180K, committed 1280K, reserved 1048576K
2015-12-03T17:15:33.742-0500: 2,529: [GC (Allocation Failure) 2015-12-03T17:15:33.742-0500: 2,529: [ParNew
Desired survivor size 20112992 bytes, new threshold 8 (max 8)
- age   1:    5681992 bytes,    5681992 total
: 87424K->5623K(109248K), 0,0153572 secs] 87424K->5623K(502464K), 0,0154255 secs] [Times: user=0,03 sys=0,02, real=0,02 secs] 
Heap after GC invocations=1 (full 0):
 par new generation   total 109248K, used 5623K [0x00000000e0000000, 0x00000000e8000000, 0x00000000e8000000)
  eden space 87424K,   0% used [0x00000000e0000000, 0x00000000e0000000, 0x00000000e5560000)
  from space 21824K,  25% used [0x00000000e6ab0000, 0x00000000e702de88, 0x00000000e8000000)
  to   space 21824K,   0% used [0x00000000e5560000, 0x00000000e5560000, 0x00000000e6ab0000)
 concurrent mark-sweep generation total 393216K, used 0K [0x00000000e8000000, 0x0000000100000000, 0x0000000100000000)
 Metaspace       used 10062K, capacity 10248K, committed 10496K, reserved 1058816K
  class space    used 1149K, capacity 1180K, committed 1280K, reserved 1048576K
}
2015-12-03T17:15:33.758-0500: 2,545: Total time for which application threads were stopped: 0,0155789 seconds, Stopping threads took: 0,0000252 seconds
2015-12-03T17:15:33.892-0500: 2,679: Total time for which application threads were stopped: 0,0001737 seconds, Stopping threads took: 0,0000271 seconds
2015-12-03T17:15:34.893-0500: 3,679: Total time for which application threads were stopped: 0,0000884 seconds, Stopping threads took: 0,0000162 seconds
2015-12-03T17:15:35.246-0500: 4,033: Total time for which application threads were stopped: 0,0001766 seconds, Stopping threads took: 0,0000261 seconds
2015-12-03T17:15:35.247-0500: 4,034: Total time for which application threads were stopped: 0,0000720 seconds, Stopping threads took: 0,0000102 seconds
2015-12-03T17:15:35.264-0500: 4,051: Total time for which application threads were stopped: 0,0001738 seconds, Stopping threads took: 0,0000284 seconds
2015-12-03T17:15:35.280-0500: 4,067: Total time for which application threads were stopped: 0,0001710 seconds, Stopping threads took: 0,0000262 seconds
2015-12-03T17:15:35.636-0500: 4,423: Total time for which application threads were stopped: 0,0002119 seconds, Stopping threads took: 0,0000183 seconds
2015-12-03T17:15:36.096-0500: 4,883: Total time for which application threads were stopped: 0,0002507 seconds, Stopping threads took: 0,0001770 seconds
2015-12-03T17:15:36.096-0500: 4,883: Total time for which application threads were stopped: 0,0000895 seconds, Stopping threads took: 0,0000435 seconds
2015-12-03T17:15:36.171-0500: 4,958: Total time for which application threads were stopped: 0,0002046 seconds, Stopping threads took: 0,0000265 seconds
2015-12-03T17:15:36.212-0500: 4,999: Total time for which application threads were stopped: 0,0001379 seconds, Stopping threads took: 0,0000475 seconds
2015-12-03T17:15:36.221-0500: 5,008: Total time for which application threads were stopped: 0,0001697 seconds, Stopping threads took: 0,0001152 seconds
2015-12-03T17:15:36.221-0500: 5,008: Total time for which application threads were stopped: 0,0000485 seconds, Stopping threads took: 0,0000246 seconds
2015-12-03T17:15:36.235-0500: 5,022: Total time for which application threads were stopped: 0,0000594 seconds, Stopping threads took: 0,0000190 seconds
2015-12-03T17:15:36.553-0500: 5,340: Total time for which application threads were stopped: 0,0001045 seconds, Stopping threads took: 0,0000309 seconds
{Heap before GC invocations=1 (full 0):
 par new generation   total 109248K, used 93047K [0x00000000e0000000, 0x00000000e8000000, 0x00000000e8000000)
  eden space 87424K, 100% used [0x00000000e0000000, 0x00000000e5560000, 0x00000000e5560000)
  from space 21824K,  25% used [0x00000000e6ab0000, 0x00000000e702de88, 0x00000000e8000000)
  to   space 21824K,   0% used [0x00000000e5560000, 0x00000000e5560000, 0x00000000e6ab0000)
 concurrent mark-sweep generation total 393216K, used 0K [0x00000000e8000000, 0x0000000100000000, 0x0000000100000000)
 Metaspace       used 19449K, capacity 19800K, committed 19840K, reserved 1067008K
  class space    used 2289K, capacity 2422K, committed 2432K, reserved 1048576K
2015-12-03T17:15:37.193-0500: 5,980: [GC (Allocation Failure) 2015-12-03T17:15:37.193-0500: 5,980: [ParNew
Desired survivor size 20112992 bytes, new threshold 8 (max 8)
- age   1:    8924624 bytes,    8924624 total
- age   2:    2510384 bytes,   11435008 total
: 93047K->13909K(109248K), 0,0187727 secs] 93047K->13909K(502464K), 0,0188339 secs] [Times: user=0,05 sys=0,02, real=0,02 secs] 
Heap after GC invocations=2 (full 0):
 par new generation   total 109248K, used 13909K [0x00000000e0000000, 0x00000000e8000000, 0x00000000e8000000)
  eden space 87424K,   0% used [0x00000000e0000000, 0x00000000e0000000, 0x00000000e5560000)
  from space 21824K,  63% used [0x00000000e5560000, 0x00000000e62f5648, 0x00000000e6ab0000)
  to   space 21824K,   0% used [0x00000000e6ab0000, 0x00000000e6ab0000, 0x00000000e8000000)
 concurrent mark-sweep generation total 393216K, used 0K [0x00000000e8000000, 0x0000000100000000, 0x0000000100000000)
 Metaspace       used 19449K, capacity 19800K, committed 19840K, reserved 1067008K
  class space    used 2289K, capacity 2422K, committed 2432K, reserved 1048576K
}
2015-12-03T17:15:37.211-0500: 5,998: Total time for which application threads were stopped: 0,0190308 seconds, Stopping threads took: 0,0000618 seconds
2015-12-03T17:15:37.212-0500: 5,999: Total time for which application threads were stopped: 0,0000836 seconds, Stopping threads took: 0,0000351 seconds
2015-12-03T17:15:37.215-0500: 6,001: Total time for which application threads were stopped: 0,0002340 seconds, Stopping threads took: 0,0001722 seconds
2015-12-03T17:15:37.215-0500: 6,002: Total time for which application threads were stopped: 0,0000605 seconds, Stopping threads took: 0,0000356 seconds
2015-12-03T17:15:37.215-0500: 6,002: Total time for which application threads were stopped: 0,0000479 seconds, Stopping threads took: 0,0000171 seconds
2015-12-03T17:15:37.215-0500: 6,002: Total time for which application threads were stopped: 0,0000697 seconds, Stopping threads took: 0,0000364 seconds
2015-12-03T17:15:37.215-0500: 6,002: Total time for which application threads were stopped: 0,0000530 seconds, Stopping threads took: 0,0000213 seconds
2015-12-03T17:15:37.270-0500: 6,057: Total time for which application threads were stopped: 0,0002862 seconds, Stopping threads took: 0,0000320 seconds
2015-12-03T17:15:37.288-0500: 6,075: Total time for which application threads were stopped: 0,0003644 seconds, Stopping threads took: 0,0000380 seconds
2015-12-03T17:15:37.308-0500: 6,095: Total time for which application threads were stopped: 0,0002980 seconds, Stopping threads took: 0,0000328 seconds
2015-12-03T17:15:37.535-0500: 6,321: Total time for which application threads were stopped: 0,0001696 seconds, Stopping threads took: 0,0000590 seconds
{Heap before GC invocations=2 (full 0):
 par new generation   total 109248K, used 101333K [0x00000000e0000000, 0x00000000e8000000, 0x00000000e8000000)
  eden space 87424K, 100% used [0x00000000e0000000, 0x00000000e5560000, 0x00000000e5560000)
  from space 21824K,  63% used [0x00000000e5560000, 0x00000000e62f5648, 0x00000000e6ab0000)
  to   space 21824K,   0% used [0x00000000e6ab0000, 0x00000000e6ab0000, 0x00000000e8000000)
 concurrent mark-sweep generation total 393216K, used 0K [0x00000000e8000000, 0x0000000100000000, 0x0000000100000000)
 Metaspace       used 20792K, capacity 21086K, committed 21248K, reserved 1069056K
  class space    used 2439K, capacity 2551K, committed 2560K, reserved 1048576K
2015-12-03T17:15:37.585-0500: 6,372: [GC (Allocation Failure) 2015-12-03T17:15:37.585-0500: 6,372: [ParNew
Desired survivor size 20112992 bytes, new threshold 8 (max 8)
- age   1:    2151304 bytes,    2151304 total
- age   2:    3625896 bytes,    5777200 total
- age   3:    2481432 bytes,    8258632 total
: 101333K->13953K(109248K), 0,0123416 secs] 101333K->13953K(502464K), 0,0124099 secs] [Times: user=0,03 sys=0,00, real=0,02 secs] 
Heap after GC invocations=3 (full 0):
 par new generation   total 109248K, used 13953K [0x00000000e0000000, 0x00000000e8000000, 0x00000000e8000000)
  eden space 87424K,   0% used [0x00000000e0000000, 0x00000000e0000000, 0x00000000e5560000)
  from space 21824K,  63% used [0x00000000e6ab0000, 0x00000000e7850790, 0x00000000e8000000)
  to   space 21824K,   0% used [0x00000000e5560000, 0x00000000e5560000, 0x00000000e6ab0000)
 concurrent mark-sweep generation total 393216K, used 0K [0x00000000e8000000, 0x0000000100000000, 0x0000000100000000)
 Metaspace       used 20792K, capacity 21086K, committed 21248K, reserved 1069056K
  class space    used 2439K, capacity 2551K, committed 2560K, reserved 1048576K
}
2015-12-03T17:15:37.598-0500: 6,384: Total time for which application threads were stopped: 0,0125514 seconds, Stopping threads took: 0,0000242 seconds
2015-12-03T17:15:37.601-0500: 6,388: Total time for which application threads were stopped: 0,0032862 seconds, Stopping threads took: 0,0032344 seconds
2015-12-03T17:15:37.601-0500: 6,388: Total time for which application threads were stopped: 0,0000664 seconds, Stopping threads took: 0,0000323 seconds
2015-12-03T17:15:37.605-0500: 6,392: Total time for which application threads were stopped: 0,0000930 seconds, Stopping threads took: 0,0000382 seconds
2015-12-03T17:15:37.641-0500: 6,428: Total time for which application threads were stopped: 0,0000881 seconds, Stopping threads took: 0,0000287 seconds
2015-12-03T17:15:37.695-0500: 6,481: Total time for which application threads were stopped: 0,0000588 seconds, Stopping threads took: 0,0000152 seconds
2015-12-03T17:15:37.695-0500: 6,482: Total time for which application threads were stopped: 0,0000616 seconds, Stopping threads took: 0,0000306 seconds
2015-12-03T17:15:37.695-0500: 6,482: Total time for which application threads were stopped: 0,0000277 seconds, Stopping threads took: 0,0000068 seconds
2015-12-03T17:15:37.695-0500: 6,482: Total time for which application threads were stopped: 0,0000503 seconds, Stopping threads took: 0,0000296 seconds
2015-12-03T17:15:37.695-0500: 6,482: Total time for which application threads were stopped: 0,0001483 seconds, Stopping threads took: 0,0001026 seconds
2015-12-03T17:15:37.695-0500: 6,482: Total time for which application threads were stopped: 0,0000278 seconds, Stopping threads took: 0,0000073 seconds
2015-12-03T17:15:37.695-0500: 6,482: Total time for which application threads were stopped: 0,0000216 seconds, Stopping threads took: 0,0000064 seconds
2015-12-03T17:15:37.695-0500: 6,482: Total time for which application threads were stopped: 0,0000365 seconds, Stopping threads took: 0,0000032 seconds
2015-12-03T17:15:37.696-0500: 6,483: Total time for which application threads were stopped: 0,0000517 seconds, Stopping threads took: 0,0000375 seconds
2015-12-03T17:15:37.696-0500: 6,483: Total time for which application threads were stopped: 0,0000525 seconds, Stopping threads took: 0,0000282 seconds
2015-12-03T17:15:37.696-0500: 6,483: Total time for which application threads were stopped: 0,0000571 seconds, Stopping threads took: 0,0000414 seconds
2015-12-03T17:15:37.696-0500: 6,483: Total time for which application threads were stopped: 0,0000365 seconds, Stopping threads took: 0,0000202 seconds
2015-12-03T17:15:37.696-0500: 6,483: Total time for which application threads were stopped: 0,0000365 seconds, Stopping threads took: 0,0000208 seconds
2015-12-03T17:15:37.696-0500: 6,483: Total time for which application threads were stopped: 0,0000508 seconds, Stopping threads took: 0,0000346 seconds
2015-12-03T17:15:37.696-0500: 6,483: Total time for which application threads were stopped: 0,0000335 seconds, Stopping threads took: 0,0000170 seconds
2015-12-03T17:15:37.696-0500: 6,483: Total time for which application threads were stopped: 0,0000275 seconds, Stopping threads took: 0,0000125 seconds
2015-12-03T17:15:37.696-0500: 6,483: Total time for which application threads were stopped: 0,0000286 seconds, Stopping threads took: 0,0000125 seconds
2015-12-03T17:15:37.696-0500: 6,483: Total time for which application threads were stopped: 0,0000283 seconds, Stopping threads took: 0,0000126 seconds
2015-12-03T17:15:37.696-0500: 6,483: Total time for which application threads were stopped: 0,0000308 seconds, Stopping threads took: 0,0000141 seconds
2015-12-03T17:15:37.696-0500: 6,483: Total time for which application threads were stopped: 0,0000838 seconds, Stopping threads took: 0,0000052 seconds
2015-12-03T17:15:37.697-0500: 6,484: Total time for which application threads were stopped: 0,0000377 seconds, Stopping threads took: 0,0000177 seconds
2015-12-03T17:15:37.697-0500: 6,484: Total time for which application threads were stopped: 0,0000396 seconds, Stopping threads took: 0,0000214 seconds
2015-12-03T17:15:37.698-0500: 6,485: Total time for which application threads were stopped: 0,0000441 seconds, Stopping threads took: 0,0000098 seconds
2015-12-03T17:15:37.698-0500: 6,485: Total time for which application threads were stopped: 0,0000522 seconds, Stopping threads took: 0,0000193 seconds
2015-12-03T17:15:37.699-0500: 6,485: Total time for which application threads were stopped: 0,0000390 seconds, Stopping threads took: 0,0000174 seconds
2015-12-03T17:15:37.701-0500: 6,488: Total time for which application threads were stopped: 0,0000374 seconds, Stopping threads took: 0,0000076 seconds
2015-12-03T17:15:37.756-0500: 6,543: Total time for which application threads were stopped: 0,0002617 seconds, Stopping threads took: 0,0000137 seconds
2015-12-03T17:15:37.761-0500: 6,548: Total time for which application threads were stopped: 0,0000550 seconds, Stopping threads took: 0,0000116 seconds
2015-12-03T17:15:37.764-0500: 6,551: Total time for which application threads were stopped: 0,0001363 seconds, Stopping threads took: 0,0000911 seconds
2015-12-03T17:15:37.765-0500: 6,552: Total time for which application threads were stopped: 0,0004694 seconds, Stopping threads took: 0,0004172 seconds
2015-12-03T17:15:37.765-0500: 6,552: Total time for which application threads were stopped: 0,0001515 seconds, Stopping threads took: 0,0001101 seconds
2015-12-03T17:15:37.765-0500: 6,552: Total time for which application threads were stopped: 0,0000642 seconds, Stopping threads took: 0,0000378 seconds
2015-12-03T17:15:37.765-0500: 6,552: Total time for which application threads were stopped: 0,0000577 seconds, Stopping threads took: 0,0000235 seconds
2015-12-03T17:15:37.765-0500: 6,552: Total time for which application threads were stopped: 0,0000358 seconds, Stopping threads took: 0,0000152 seconds
2015-12-03T17:15:37.765-0500: 6,552: Total time for which application threads were stopped: 0,0001061 seconds, Stopping threads took: 0,0000160 seconds
2015-12-03T17:15:37.768-0500: 6,555: Total time for which application threads were stopped: 0,0000771 seconds, Stopping threads took: 0,0000147 seconds
2015-12-03T17:15:37.784-0500: 6,571: Total time for which application threads were stopped: 0,0000865 seconds, Stopping threads took: 0,0000249 seconds
2015-12-03T17:15:37.821-0500: 6,608: Total time for which application threads were stopped: 0,0001730 seconds, Stopping threads took: 0,0000698 seconds
2015-12-03T17:15:37.939-0500: 6,725: Total time for which application threads were stopped: 0,0001062 seconds, Stopping threads took: 0,0000271 seconds
2015-12-03T17:15:37.939-0500: 6,726: Total time for which application threads were stopped: 0,0000660 seconds, Stopping threads took: 0,0000149 seconds
{Heap before GC invocations=3 (full 0):
 par new generation   total 109248K, used 101377K [0x00000000e0000000, 0x00000000e8000000, 0x00000000e8000000)
  eden space 87424K, 100% used [0x00000000e0000000, 0x00000000e5560000, 0x00000000e5560000)
  from space 21824K,  63% used [0x00000000e6ab0000, 0x00000000e7850790, 0x00000000e8000000)
  to   space 21824K,   0% used [0x00000000e5560000, 0x00000000e5560000, 0x00000000e6ab0000)
 concurrent mark-sweep generation total 393216K, used 0K [0x00000000e8000000, 0x0000000100000000, 0x0000000100000000)
 Metaspace       used 22509K, capacity 22848K, committed 22880K, reserved 1069056K
  class space    used 2678K, capacity 2816K, committed 2836K, reserved 1048576K
2015-12-03T17:15:37.970-0500: 6,757: [GC (Allocation Failure) 2015-12-03T17:15:37.970-0500: 6,757: [ParNew
Desired survivor size 20112992 bytes, new threshold 8 (max 8)
- age   1:    2023000 bytes,    2023000 total
- age   2:    1000456 bytes,    3023456 total
- age   3:    3610592 bytes,    6634048 total
- age   4:    2480800 bytes,    9114848 total
: 101377K->10854K(109248K), 0,0074940 secs] 101377K->10854K(502464K), 0,0075432 secs] [Times: user=0,02 sys=0,00, real=0,01 secs] 
Heap after GC invocations=4 (full 0):
 par new generation   total 109248K, used 10854K [0x00000000e0000000, 0x00000000e8000000, 0x00000000e8000000)
  eden space 87424K,   0% used [0x00000000e0000000, 0x00000000e0000000, 0x00000000e5560000)
  from space 21824K,  49% used [0x00000000e5560000, 0x00000000e5ff9ac0, 0x00000000e6ab0000)
  to   space 21824K,   0% used [0x00000000e6ab0000, 0x00000000e6ab0000, 0x00000000e8000000)
 concurrent mark-sweep generation total 393216K, used 0K [0x00000000e8000000, 0x0000000100000000, 0x0000000100000000)
 Metaspace       used 22509K, capacity 22848K, committed 22880K, reserved 1069056K
  class space    used 2678K, capacity 2816K, committed 2836K, reserved 1048576K
}
2015-12-03T17:15:37.978-0500: 6,765: Total time for which application threads were stopped: 0,0077254 seconds, Stopping threads took: 0,0000248 seconds
2015-12-03T17:15:37.978-0500: 6,765: [GC (CMS Initial Mark) [1 CMS-initial-mark: 0K(393216K)] 10870K(502464K), 0,0022382 secs] [Times: user=0,01 sys=0,00, real=0,00 secs] 
2015-12-03T17:15:37.981-0500: 6,768: Total time for which application threads were stopped: 0,0024279 seconds, Stopping threads took: 0,0001063 seconds
2015-12-03T17:15:37.981-0500: 6,768: [CMS-concurrent-mark-start]
2015-12-03T17:15:37.986-0500: 6,773: Total time for which application threads were stopped: 0,0000802 seconds, Stopping threads took: 0,0000192 seconds
2015-12-03T17:15:37.991-0500: 6,778: [CMS-concurrent-mark: 0,009/0,010 secs] [Times: user=0,02 sys=0,01, real=0,01 secs] 
2015-12-03T17:15:37.991-0500: 6,778: [CMS-concurrent-preclean-start]
2015-12-03T17:15:37.992-0500: 6,779: [CMS-concurrent-preclean: 0,001/0,001 secs] [Times: user=0,01 sys=0,00, real=0,00 secs] 
2015-12-03T17:15:37.992-0500: 6,779: [CMS-concurrent-abortable-preclean-start]
2015-12-03T17:15:38.007-0500: 6,794: Total time for which application threads were stopped: 0,0000932 seconds, Stopping threads took: 0,0000231 seconds
2015-12-03T17:15:38.014-0500: 6,801: Total time for which application threads were stopped: 0,0001005 seconds, Stopping threads took: 0,0000412 seconds
2015-12-03T17:15:38.016-0500: 6,803: Total time for which application threads were stopped: 0,0000502 seconds, Stopping threads took: 0,0000120 seconds
2015-12-03T17:15:38.026-0500: 6,812: Total time for which application threads were stopped: 0,0000585 seconds, Stopping threads took: 0,0000129 seconds
2015-12-03T17:15:38.028-0500: 6,815: Total time for which application threads were stopped: 0,0000964 seconds, Stopping threads took: 0,0000235 seconds
2015-12-03T17:15:38.028-0500: 6,815: Total time for which application threads were stopped: 0,0000464 seconds, Stopping threads took: 0,0000095 seconds
2015-12-03T17:15:38.099-0500: 6,886: Total time for which application threads were stopped: 0,0010283 seconds, Stopping threads took: 0,0009563 seconds
2015-12-03T17:15:38.100-0500: 6,887: Total time for which application threads were stopped: 0,0000408 seconds, Stopping threads took: 0,0000131 seconds
2015-12-03T17:15:38.100-0500: 6,887: Total time for which application threads were stopped: 0,0000400 seconds, Stopping threads took: 0,0000118 seconds
2015-12-03T17:15:38.101-0500: 6,888: Total time for which application threads were stopped: 0,0003882 seconds, Stopping threads took: 0,0003387 seconds
2015-12-03T17:15:38.101-0500: 6,888: Total time for which application threads were stopped: 0,0000508 seconds, Stopping threads took: 0,0000221 seconds
2015-12-03T17:15:38.103-0500: 6,890: Total time for which application threads were stopped: 0,0000916 seconds, Stopping threads took: 0,0000436 seconds
2015-12-03T17:15:38.104-0500: 6,891: Total time for which application threads were stopped: 0,0000424 seconds, Stopping threads took: 0,0000103 seconds
2015-12-03T17:15:38.104-0500: 6,891: Total time for which application threads were stopped: 0,0000295 seconds, Stopping threads took: 0,0000081 seconds
2015-12-03T17:15:38.104-0500: 6,891: Total time for which application threads were stopped: 0,0000573 seconds, Stopping threads took: 0,0000299 seconds
2015-12-03T17:15:38.104-0500: 6,891: Total time for which application threads were stopped: 0,0000265 seconds, Stopping threads took: 0,0000079 seconds
2015-12-03T17:15:38.105-0500: 6,891: Total time for which application threads were stopped: 0,0000437 seconds, Stopping threads took: 0,0000182 seconds
2015-12-03T17:15:38.106-0500: 6,893: Total time for which application threads were stopped: 0,0000798 seconds, Stopping threads took: 0,0000365 seconds
2015-12-03T17:15:38.106-0500: 6,893: Total time for which application threads were stopped: 0,0000438 seconds, Stopping threads took: 0,0000138 seconds
2015-12-03T17:15:38.107-0500: 6,894: Total time for which application threads were stopped: 0,0000531 seconds, Stopping threads took: 0,0000143 seconds
2015-12-03T17:15:38.108-0500: 6,895: Total time for which application threads were stopped: 0,0000459 seconds, Stopping threads took: 0,0000119 seconds
2015-12-03T17:15:38.108-0500: 6,895: Total time for which application threads were stopped: 0,0000328 seconds, Stopping threads took: 0,0000095 seconds
2015-12-03T17:15:38.129-0500: 6,916: Total time for which application threads were stopped: 0,0001002 seconds, Stopping threads took: 0,0000216 seconds
2015-12-03T17:15:38.156-0500: 6,943: Total time for which application threads were stopped: 0,0000952 seconds, Stopping threads took: 0,0000304 seconds
2015-12-03T17:15:38.161-0500: 6,948: Total time for which application threads were stopped: 0,0001038 seconds, Stopping threads took: 0,0000412 seconds
2015-12-03T17:15:38.162-0500: 6,949: Total time for which application threads were stopped: 0,0000612 seconds, Stopping threads took: 0,0000232 seconds
2015-12-03T17:15:38.165-0500: 6,952: Total time for which application threads were stopped: 0,0000589 seconds, Stopping threads took: 0,0000184 seconds
2015-12-03T17:15:38.166-0500: 6,953: Total time for which application threads were stopped: 0,0000679 seconds, Stopping threads took: 0,0000256 seconds
2015-12-03T17:15:38.385-0500: 7,171: Total time for which application threads were stopped: 0,0000992 seconds, Stopping threads took: 0,0000359 seconds
2015-12-03T17:15:38.393-0500: 7,180: Total time for which application threads were stopped: 0,0000750 seconds, Stopping threads took: 0,0000225 seconds
2015-12-03T17:15:38.393-0500: 7,180: Total time for which application threads were stopped: 0,0000302 seconds, Stopping threads took: 0,0000093 seconds
2015-12-03T17:15:38.478-0500: 7,265: Total time for which application threads were stopped: 0,0001504 seconds, Stopping threads took: 0,0000297 seconds
2015-12-03T17:15:38.516-0500: 7,303: Total time for which application threads were stopped: 0,0000905 seconds, Stopping threads took: 0,0000390 seconds
2015-12-03T17:15:38.517-0500: 7,304: Total time for which application threads were stopped: 0,0000576 seconds, Stopping threads took: 0,0000138 seconds
2015-12-03T17:15:38.666-0500: 7,453: Total time for which application threads were stopped: 0,0040625 seconds, Stopping threads took: 0,0039956 seconds
2015-12-03T17:15:38.877-0500: 7,664: Total time for which application threads were stopped: 0,0001034 seconds, Stopping threads took: 0,0000194 seconds
2015-12-03T17:15:39.035-0500: 7,822: Total time for which application threads were stopped: 0,0000934 seconds, Stopping threads took: 0,0000269 seconds
2015-12-03T17:15:39.216-0500: 8,003: Total time for which application threads were stopped: 0,0001049 seconds, Stopping threads took: 0,0000259 seconds
2015-12-03T17:15:39.285-0500: 8,072: Total time for which application threads were stopped: 0,0001158 seconds, Stopping threads took: 0,0000458 seconds
2015-12-03T17:15:39.381-0500: 8,168: Total time for which application threads were stopped: 0,0000832 seconds, Stopping threads took: 0,0000317 seconds
2015-12-03T17:15:39.384-0500: 8,171: Total time for which application threads were stopped: 0,0003456 seconds, Stopping threads took: 0,0000325 seconds
2015-12-03T17:15:39.384-0500: 8,171: Total time for which application threads were stopped: 0,0000988 seconds, Stopping threads took: 0,0000751 seconds
2015-12-03T17:15:39.385-0500: 8,172: Total time for which application threads were stopped: 0,0000588 seconds, Stopping threads took: 0,0000104 seconds
2015-12-03T17:15:39.385-0500: 8,172: Total time for which application threads were stopped: 0,0000434 seconds, Stopping threads took: 0,0000083 seconds
2015-12-03T17:15:39.385-0500: 8,172: Total time for which application threads were stopped: 0,0000572 seconds, Stopping threads took: 0,0000232 seconds
2015-12-03T17:15:39.386-0500: 8,172: Total time for which application threads were stopped: 0,0000505 seconds, Stopping threads took: 0,0000037 seconds
2015-12-03T17:15:39.386-0500: 8,173: Total time for which application threads were stopped: 0,0000368 seconds, Stopping threads took: 0,0000053 seconds
2015-12-03T17:15:39.459-0500: 8,246: Total time for which application threads were stopped: 0,0001055 seconds, Stopping threads took: 0,0000245 seconds
2015-12-03T17:15:39.459-0500: 8,246: Total time for which application threads were stopped: 0,0000546 seconds, Stopping threads took: 0,0000163 seconds
2015-12-03T17:15:39.460-0500: 8,247: Total time for which application threads were stopped: 0,0000930 seconds, Stopping threads took: 0,0000276 seconds
2015-12-03T17:15:39.460-0500: 8,247: Total time for which application threads were stopped: 0,0000734 seconds, Stopping threads took: 0,0000222 seconds
2015-12-03T17:15:39.460-0500: 8,247: Total time for which application threads were stopped: 0,0000448 seconds, Stopping threads took: 0,0000096 seconds
2015-12-03T17:15:39.485-0500: 8,272: Total time for which application threads were stopped: 0,0000894 seconds, Stopping threads took: 0,0000262 seconds
2015-12-03T17:15:39.527-0500: 8,314: Total time for which application threads were stopped: 0,0001256 seconds, Stopping threads took: 0,0000270 seconds
2015-12-03T17:15:39.623-0500: 8,409: Total time for which application threads were stopped: 0,0003128 seconds, Stopping threads took: 0,0000227 seconds
2015-12-03T17:15:39.709-0500: 8,496: Total time for which application threads were stopped: 0,0001044 seconds, Stopping threads took: 0,0000394 seconds
2015-12-03T17:15:39.712-0500: 8,499: Total time for which application threads were stopped: 0,0004481 seconds, Stopping threads took: 0,0000200 seconds
2015-12-03T17:15:39.875-0500: 8,662: Total time for which application threads were stopped: 0,0000596 seconds, Stopping threads took: 0,0000136 seconds
2015-12-03T17:15:39.946-0500: 8,733: Total time for which application threads were stopped: 0,0000847 seconds, Stopping threads took: 0,0000195 seconds
2015-12-03T17:15:39.976-0500: 8,763: Total time for which application threads were stopped: 0,0000689 seconds, Stopping threads took: 0,0000147 seconds
2015-12-03T17:15:40.010-0500: 8,797: Total time for which application threads were stopped: 0,0000735 seconds, Stopping threads took: 0,0000263 seconds
2015-12-03T17:15:40.010-0500: 8,797: [CMS-concurrent-abortable-preclean: 0,855/2,018 secs] [Times: user=1,55 sys=0,03, real=2,02 secs] 
2015-12-03T17:15:40.010-0500: 8,797: [GC (CMS Final Remark) [YG occupancy: 56484 K (109248 K)]{Heap before GC invocations=4 (full 1):
 par new generation   total 109248K, used 56484K [0x00000000e0000000, 0x00000000e8000000, 0x00000000e8000000)
  eden space 87424K,  52% used [0x00000000e0000000, 0x00000000e2c8f620, 0x00000000e5560000)
  from space 21824K,  49% used [0x00000000e5560000, 0x00000000e5ff9ac0, 0x00000000e6ab0000)
  to   space 21824K,   0% used [0x00000000e6ab0000, 0x00000000e6ab0000, 0x00000000e8000000)
 concurrent mark-sweep generation total 393216K, used 0K [0x00000000e8000000, 0x0000000100000000, 0x0000000100000000)
 Metaspace       used 25179K, capacity 25578K, committed 25720K, reserved 1071104K
  class space    used 3020K, capacity 3147K, committed 3192K, reserved 1048576K
2015-12-03T17:15:40.010-0500: 8,797: [GC (CMS Final Remark) 2015-12-03T17:15:40.010-0500: 8,797: [ParNew
Desired survivor size 20112992 bytes, new threshold 8 (max 8)
- age   1:    3228704 bytes,    3228704 total
- age   2:     561864 bytes,    3790568 total
- age   3:     273584 bytes,    4064152 total
- age   4:    3603816 bytes,    7667968 total
- age   5:    2474560 bytes,   10142528 total
: 56484K->11641K(109248K), 0,0074026 secs] 56484K->11641K(502464K), 0,0074437 secs] [Times: user=0,03 sys=0,00, real=0,01 secs] 
Heap after GC invocations=5 (full 1):
 par new generation   total 109248K, used 11641K [0x00000000e0000000, 0x00000000e8000000, 0x00000000e8000000)
  eden space 87424K,   0% used [0x00000000e0000000, 0x00000000e0000000, 0x00000000e5560000)
  from space 21824K,  53% used [0x00000000e6ab0000, 0x00000000e760e7b0, 0x00000000e8000000)
  to   space 21824K,   0% used [0x00000000e5560000, 0x00000000e5560000, 0x00000000e6ab0000)
 concurrent mark-sweep generation total 393216K, used 0K [0x00000000e8000000, 0x0000000100000000, 0x0000000100000000)
 Metaspace       used 25179K, capacity 25578K, committed 25720K, reserved 1071104K
  class space    used 3020K, capacity 3147K, committed 3192K, reserved 1048576K
}
2015-12-03T17:15:40.018-0500: 8,805: [Rescan (parallel) , 0,0018822 secs]2015-12-03T17:15:40.020-0500: 8,807: [weak refs processing, 0,0006075 secs]2015-12-03T17:15:40.020-0500: 8,807: [class unloading, 0,0030522 secs]2015-12-03T17:15:40.023-0500: 8,810: [scrub symbol table, 0,0018123 secs]2015-12-03T17:15:40.025-0500: 8,812: [scrub string table, 0,0003739 secs][1 CMS-remark: 0K(393216K)] 11641K(502464K), 0,0161027 secs] [Times: user=0,04 sys=0,01, real=0,02 secs] 
2015-12-03T17:15:40.026-0500: 8,813: Total time for which application threads were stopped: 0,0161794 seconds, Stopping threads took: 0,0000320 seconds
2015-12-03T17:15:40.027-0500: 8,814: [CMS-concurrent-sweep-start]
2015-12-03T17:15:40.027-0500: 8,814: [CMS-concurrent-sweep: 0,000/0,000 secs] [Times: user=0,00 sys=0,00, real=0,00 secs] 
2015-12-03T17:15:40.027-0500: 8,814: Total time for which application threads were stopped: 0,0001031 seconds, Stopping threads took: 0,0000700 seconds
2015-12-03T17:15:40.027-0500: 8,814: [CMS-concurrent-reset-start]
2015-12-03T17:15:40.027-0500: 8,814: Total time for which application threads were stopped: 0,0001239 seconds, Stopping threads took: 0,0000301 seconds
2015-12-03T17:15:40.031-0500: 8,818: [CMS-concurrent-reset: 0,004/0,004 secs] [Times: user=0,01 sys=0,00, real=0,00 secs] 
2015-12-03T17:15:40.207-0500: 8,994: Total time for which application threads were stopped: 0,0000951 seconds, Stopping threads took: 0,0000313 seconds
2015-12-03T17:15:40.247-0500: 9,034: Total time for which application threads were stopped: 0,0002624 seconds, Stopping threads took: 0,0001828 seconds
2015-12-03T17:15:40.515-0500: 9,302: Total time for which application threads were stopped: 0,0004748 seconds, Stopping threads took: 0,0000407 seconds
2015-12-03T17:15:40.712-0500: 9,499: Total time for which application threads were stopped: 0,0001655 seconds, Stopping threads took: 0,0000653 seconds
2015-12-03T17:15:40.748-0500: 9,535: Total time for which application threads were stopped: 0,0001986 seconds, Stopping threads took: 0,0000332 seconds
2015-12-03T17:15:40.752-0500: 9,539: Total time for which application threads were stopped: 0,0001060 seconds, Stopping threads took: 0,0000507 seconds
2015-12-03T17:15:40.753-0500: 9,540: Total time for which application threads were stopped: 0,0000478 seconds, Stopping threads took: 0,0000139 seconds
2015-12-03T17:15:41.753-0500: 10,540: Total time for which application threads were stopped: 0,0000695 seconds, Stopping threads took: 0,0000218 seconds
2015-12-03T17:15:42.504-0500: 11,291: Total time for which application threads were stopped: 0,0000870 seconds, Stopping threads took: 0,0000244 seconds
2015-12-03T17:15:42.505-0500: 11,292: Total time for which application threads were stopped: 0,0000810 seconds, Stopping threads took: 0,0000183 seconds
2015-12-03T17:15:42.506-0500: 11,293: Total time for which application threads were stopped: 0,0001440 seconds, Stopping threads took: 0,0000960 seconds
2015-12-03T17:15:42.507-0500: 11,294: Total time for which application threads were stopped: 0,0000688 seconds, Stopping threads took: 0,0000309 seconds
2015-12-03T17:15:42.554-0500: 11,341: Total time for which application threads were stopped: 0,0000999 seconds, Stopping threads took: 0,0000263 seconds
2015-12-03T17:15:42.563-0500: 11,350: Total time for which application threads were stopped: 0,0066068 seconds, Stopping threads took: 0,0065102 seconds
2015-12-03T17:15:42.563-0500: 11,350: Total time for which application threads were stopped: 0,0000842 seconds, Stopping threads took: 0,0000311 seconds
2015-12-03T17:15:42.567-0500: 11,354: Total time for which application threads were stopped: 0,0009225 seconds, Stopping threads took: 0,0006283 seconds
2015-12-03T17:15:42.567-0500: 11,354: Total time for which application threads were stopped: 0,0001248 seconds, Stopping threads took: 0,0000266 seconds
2015-12-03T17:15:43.567-0500: 12,354: Total time for which application threads were stopped: 0,0000704 seconds, Stopping threads took: 0,0000204 seconds
2015-12-03T17:15:58.569-0500: 27,356: Total time for which application threads were stopped: 0,0000890 seconds, Stopping threads took: 0,0000227 seconds
2015-12-03T17:15:59.569-0500: 28,356: Total time for which application threads were stopped: 0,0000732 seconds, Stopping threads took: 0,0000215 seconds
2015-12-03T17:16:33.497-0500: 62,284: Total time for which application threads were stopped: 0,0002930 seconds, Stopping threads took: 0,0001604 seconds
2015-12-03T17:16:42.567-0500: 71,354: Total time for which application threads were stopped: 0,0001094 seconds, Stopping threads took: 0,0000310 seconds
2015-12-03T17:16:46.008-0500: 74,794: Total time for which application threads were stopped: 0,0005202 seconds, Stopping threads took: 0,0000821 seconds
2015-12-03T17:16:46.008-0500: 74,795: Total time for which application threads were stopped: 0,0000228 seconds, Stopping threads took: 0,0000054 seconds
2015-12-03T17:16:46.076-0500: 74,863: Total time for which application threads were stopped: 0,0003890 seconds, Stopping threads took: 0,0001523 seconds
2015-12-03T17:16:46.077-0500: 74,864: Total time for which application threads were stopped: 0,0000884 seconds, Stopping threads took: 0,0000509 seconds
2015-12-03T17:16:46.077-0500: 74,864: Total time for which application threads were stopped: 0,0000633 seconds, Stopping threads took: 0,0000331 seconds
2015-12-03T17:16:46.077-0500: 74,864: Total time for which application threads were stopped: 0,0000310 seconds, Stopping threads took: 0,0000058 seconds
2015-12-03T17:16:46.078-0500: 74,865: Total time for which application threads were stopped: 0,0000386 seconds, Stopping threads took: 0,0000092 seconds
2015-12-03T17:16:46.078-0500: 74,865: Total time for which application threads were stopped: 0,0000322 seconds, Stopping threads took: 0,0000041 seconds
2015-12-03T17:16:46.079-0500: 74,866: Total time for which application threads were stopped: 0,0000420 seconds, Stopping threads took: 0,0000102 seconds
2015-12-03T17:16:46.079-0500: 74,866: Total time for which application threads were stopped: 0,0000397 seconds, Stopping threads took: 0,0000115 seconds
2015-12-03T17:16:46.079-0500: 74,866: Total time for which application threads were stopped: 0,0000237 seconds, Stopping threads took: 0,0000061 seconds
2015-12-03T17:16:46.079-0500: 74,866: Total time for which application threads were stopped: 0,0000214 seconds, Stopping threads took: 0,0000053 seconds
2015-12-03T17:16:46.079-0500: 74,866: Total time for which application threads were stopped: 0,0000204 seconds, Stopping threads took: 0,0000049 seconds
2015-12-03T17:16:46.079-0500: 74,866: Total time for which application threads were stopped: 0,0000202 seconds, Stopping threads took: 0,0000048 seconds
2015-12-03T17:16:46.079-0500: 74,866: Total time for which application threads were stopped: 0,0000317 seconds, Stopping threads took: 0,0000077 seconds
2015-12-03T17:16:46.079-0500: 74,866: Total time for which application threads were stopped: 0,0000345 seconds, Stopping threads took: 0,0000107 seconds
2015-12-03T17:16:46.079-0500: 74,866: Total time for which application threads were stopped: 0,0000269 seconds, Stopping threads took: 0,0000076 seconds
2015-12-03T17:16:46.079-0500: 74,866: Total time for which application threads were stopped: 0,0000224 seconds, Stopping threads took: 0,0000061 seconds
2015-12-03T17:16:46.079-0500: 74,866: Total time for which application threads were stopped: 0,0000209 seconds, Stopping threads took: 0,0000051 seconds
2015-12-03T17:16:46.079-0500: 74,866: Total time for which application threads were stopped: 0,0000203 seconds, Stopping threads took: 0,0000048 seconds
2015-12-03T17:16:46.079-0500: 74,866: Total time for which application threads were stopped: 0,0000202 seconds, Stopping threads took: 0,0000049 seconds
2015-12-03T17:16:46.079-0500: 74,866: Total time for which application threads were stopped: 0,0000202 seconds, Stopping threads took: 0,0000049 seconds
2015-12-03T17:16:46.079-0500: 74,866: Total time for which application threads were stopped: 0,0000188 seconds, Stopping threads took: 0,0000034 seconds
2015-12-03T17:16:46.079-0500: 74,866: Total time for which application threads were stopped: 0,0000201 seconds, Stopping threads took: 0,0000048 seconds
2015-12-03T17:16:46.079-0500: 74,866: Total time for which application threads were stopped: 0,0000201 seconds, Stopping threads took: 0,0000048 seconds
2015-12-03T17:16:46.080-0500: 74,866: Total time for which application threads were stopped: 0,0000894 seconds, Stopping threads took: 0,0000048 seconds
2015-12-03T17:16:46.080-0500: 74,867: Total time for which application threads were stopped: 0,0000230 seconds, Stopping threads took: 0,0000053 seconds
2015-12-03T17:16:46.080-0500: 74,867: Total time for which application threads were stopped: 0,0000205 seconds, Stopping threads took: 0,0000047 seconds
2015-12-03T17:16:46.080-0500: 74,867: Total time for which application threads were stopped: 0,0000206 seconds, Stopping threads took: 0,0000049 seconds
2015-12-03T17:16:46.080-0500: 74,867: Total time for which application threads were stopped: 0,0000220 seconds, Stopping threads took: 0,0000048 seconds
2015-12-03T17:16:46.080-0500: 74,867: Total time for which application threads were stopped: 0,0000222 seconds, Stopping threads took: 0,0000050 seconds
2015-12-03T17:16:46.080-0500: 74,867: Total time for which application threads were stopped: 0,0000244 seconds, Stopping threads took: 0,0000051 seconds
2015-12-03T17:16:46.082-0500: 74,869: Total time for which application threads were stopped: 0,0000742 seconds, Stopping threads took: 0,0000212 seconds
2015-12-03T17:16:47.082-0500: 75,869: Total time for which application threads were stopped: 0,0000686 seconds, Stopping threads took: 0,0000208 seconds
2015-12-03T17:16:48.101-0500: 76,887: Total time for which application threads were stopped: 0,0000806 seconds, Stopping threads took: 0,0000224 seconds
2015-12-03T17:16:48.101-0500: 76,888: Total time for which application threads were stopped: 0,0000742 seconds, Stopping threads took: 0,0000340 seconds
2015-12-03T17:16:55.102-0500: 83,889: Total time for which application threads were stopped: 0,0001114 seconds, Stopping threads took: 0,0000275 seconds
2015-12-03T17:16:57.102-0500: 85,889: Total time for which application threads were stopped: 0,0001791 seconds, Stopping threads took: 0,0000456 seconds
2015-12-03T17:16:59.103-0500: 87,890: Total time for which application threads were stopped: 0,0000697 seconds, Stopping threads took: 0,0000204 seconds
2015-12-03T17:17:11.104-0500: 99,891: Total time for which application threads were stopped: 0,0000868 seconds, Stopping threads took: 0,0000245 seconds
2015-12-03T17:17:15.105-0500: 103,892: Total time for which application threads were stopped: 0,0001783 seconds, Stopping threads took: 0,0000629 seconds
2015-12-03T17:17:31.107-0500: 119,894: Total time for which application threads were stopped: 0,0000696 seconds, Stopping threads took: 0,0000208 seconds
2015-12-03T17:17:32.107-0500: 120,894: Total time for which application threads were stopped: 0,0001571 seconds, Stopping threads took: 0,0000415 seconds
2015-12-03T17:17:35.107-0500: 123,894: Total time for which application threads were stopped: 0,0000797 seconds, Stopping threads took: 0,0000327 seconds
2015-12-03T17:17:41.108-0500: 129,895: Total time for which application threads were stopped: 0,0000770 seconds, Stopping threads took: 0,0000217 seconds
2015-12-03T17:17:51.110-0500: 139,897: Total time for which application threads were stopped: 0,0001493 seconds, Stopping threads took: 0,0000398 seconds
2015-12-03T17:17:57.111-0500: 145,898: Total time for which application threads were stopped: 0,0001338 seconds, Stopping threads took: 0,0000365 seconds
2015-12-03T17:17:59.111-0500: 147,898: Total time for which application threads were stopped: 0,0000706 seconds, Stopping threads took: 0,0000202 seconds
2015-12-03T17:18:05.112-0500: 153,899: Total time for which application threads were stopped: 0,0000798 seconds, Stopping threads took: 0,0000254 seconds
2015-12-03T17:18:15.113-0500: 163,900: Total time for which application threads were stopped: 0,0000700 seconds, Stopping threads took: 0,0000206 seconds
2015-12-03T17:18:17.113-0500: 165,900: Total time for which application threads were stopped: 0,0000749 seconds, Stopping threads took: 0,0000232 seconds
2015-12-03T17:18:35.116-0500: 183,903: Total time for which application threads were stopped: 0,0001423 seconds, Stopping threads took: 0,0000391 seconds
2015-12-03T17:18:43.117-0500: 191,904: Total time for which application threads were stopped: 0,0001046 seconds, Stopping threads took: 0,0000371 seconds
2015-12-03T17:18:47.117-0500: 195,904: Total time for which application threads were stopped: 0,0001109 seconds, Stopping threads took: 0,0000314 seconds
2015-12-03T17:18:51.118-0500: 199,905: Total time for which application threads were stopped: 0,0000764 seconds, Stopping threads took: 0,0000287 seconds
2015-12-03T17:19:03.121-0500: 211,908: Total time for which application threads were stopped: 0,0000870 seconds, Stopping threads took: 0,0000236 seconds
2015-12-03T17:19:26.130-0500: 234,917: Total time for which application threads were stopped: 0,0001229 seconds, Stopping threads took: 0,0000456 seconds
2015-12-03T17:19:30.130-0500: 238,917: Total time for which application threads were stopped: 0,0000728 seconds, Stopping threads took: 0,0000205 seconds
2015-12-03T17:19:32.130-0500: 240,917: Total time for which application threads were stopped: 0,0000856 seconds, Stopping threads took: 0,0000184 seconds
2015-12-03T17:19:57.134-0500: 265,921: Total time for which application threads were stopped: 0,0001274 seconds, Stopping threads took: 0,0000482 seconds
2015-12-03T17:20:02.134-0500: 270,921: Total time for which application threads were stopped: 0,0002670 seconds, Stopping threads took: 0,0001415 seconds
2015-12-03T17:20:08.135-0500: 276,922: Total time for which application threads were stopped: 0,0001908 seconds, Stopping threads took: 0,0000652 seconds
2015-12-03T17:20:14.136-0500: 282,923: Total time for which application threads were stopped: 0,0000871 seconds, Stopping threads took: 0,0000245 seconds
2015-12-03T17:20:44.138-0500: 312,925: Total time for which application threads were stopped: 0,0001664 seconds, Stopping threads took: 0,0000597 seconds
2015-12-03T17:20:50.139-0500: 318,926: Total time for which application threads were stopped: 0,0001281 seconds, Stopping threads took: 0,0000335 seconds
2015-12-03T17:20:59.142-0500: 327,929: Total time for which application threads were stopped: 0,0001692 seconds, Stopping threads took: 0,0000634 seconds
2015-12-03T17:21:26.145-0500: 354,932: Total time for which application threads were stopped: 0,0001940 seconds, Stopping threads took: 0,0000583 seconds
2015-12-03T17:21:41.146-0500: 369,933: Total time for which application threads were stopped: 0,0000752 seconds, Stopping threads took: 0,0000215 seconds
2015-12-03T17:21:59.148-0500: 387,935: Total time for which application threads were stopped: 0,0000841 seconds, Stopping threads took: 0,0000350 seconds
2015-12-03T17:22:11.149-0500: 399,936: Total time for which application threads were stopped: 0,0001095 seconds, Stopping threads took: 0,0000317 seconds
2015-12-03T17:23:02.155-0500: 450,942: Total time for which application threads were stopped: 0,0001620 seconds, Stopping threads took: 0,0000561 seconds
2015-12-03T17:23:05.155-0500: 453,942: Total time for which application threads were stopped: 0,0000824 seconds, Stopping threads took: 0,0000229 seconds
2015-12-03T17:23:11.156-0500: 459,943: Total time for which application threads were stopped: 0,0001280 seconds, Stopping threads took: 0,0000347 seconds
2015-12-03T17:23:17.157-0500: 465,944: Total time for which application threads were stopped: 0,0001339 seconds, Stopping threads took: 0,0000342 seconds
2015-12-03T17:23:35.159-0500: 483,946: Total time for which application threads were stopped: 0,0000793 seconds, Stopping threads took: 0,0000223 seconds
2015-12-03T17:23:53.161-0500: 501,948: Total time for which application threads were stopped: 0,0001122 seconds, Stopping threads took: 0,0000424 seconds
2015-12-03T17:23:57.161-0500: 505,948: Total time for which application threads were stopped: 0,0001816 seconds, Stopping threads took: 0,0000455 seconds
2015-12-03T17:23:59.162-0500: 507,948: Total time for which application threads were stopped: 0,0001379 seconds, Stopping threads took: 0,0000348 seconds
2015-12-03T17:24:02.162-0500: 510,949: Total time for which application threads were stopped: 0,0000796 seconds, Stopping threads took: 0,0000183 seconds
2015-12-03T17:24:05.162-0500: 513,949: Total time for which application threads were stopped: 0,0000880 seconds, Stopping threads took: 0,0000255 seconds
2015-12-03T17:24:11.163-0500: 519,950: Total time for which application threads were stopped: 0,0000889 seconds, Stopping threads took: 0,0000345 seconds
2015-12-03T17:24:29.165-0500: 537,952: Total time for which application threads were stopped: 0,0001176 seconds, Stopping threads took: 0,0000295 seconds
2015-12-03T17:24:32.166-0500: 540,952: Total time for which application threads were stopped: 0,0001347 seconds, Stopping threads took: 0,0000350 seconds
2015-12-03T17:24:56.168-0500: 564,955: Total time for which application threads were stopped: 0,0001029 seconds, Stopping threads took: 0,0000364 seconds
2015-12-03T17:25:08.170-0500: 576,957: Total time for which application threads were stopped: 0,0000983 seconds, Stopping threads took: 0,0000373 seconds
2015-12-03T17:25:53.175-0500: 621,962: Total time for which application threads were stopped: 0,0001338 seconds, Stopping threads took: 0,0000502 seconds
2015-12-03T17:26:26.178-0500: 654,965: Total time for which application threads were stopped: 0,0001579 seconds, Stopping threads took: 0,0000559 seconds
2015-12-03T17:26:32.179-0500: 660,966: Total time for which application threads were stopped: 0,0000744 seconds, Stopping threads took: 0,0000197 seconds
2015-12-03T17:26:38.180-0500: 666,967: Total time for which application threads were stopped: 0,0000891 seconds, Stopping threads took: 0,0000341 seconds
2015-12-03T17:26:47.181-0500: 675,968: Total time for which application threads were stopped: 0,0000838 seconds, Stopping threads took: 0,0000330 seconds
2015-12-03T17:27:06.183-0500: 694,970: Total time for which application threads were stopped: 0,0000854 seconds, Stopping threads took: 0,0000246 seconds
2015-12-03T17:27:20.185-0500: 708,972: Total time for which application threads were stopped: 0,0001603 seconds, Stopping threads took: 0,0000528 seconds
2015-12-03T17:27:24.185-0500: 712,972: Total time for which application threads were stopped: 0,0001255 seconds, Stopping threads took: 0,0000339 seconds
2015-12-03T17:27:34.187-0500: 722,973: Total time for which application threads were stopped: 0,0001084 seconds, Stopping threads took: 0,0000306 seconds
2015-12-03T17:27:42.187-0500: 730,974: Total time for which application threads were stopped: 0,0001041 seconds, Stopping threads took: 0,0000281 seconds
2015-12-03T17:27:52.188-0500: 740,975: Total time for which application threads were stopped: 0,0000872 seconds, Stopping threads took: 0,0000346 seconds
2015-12-03T17:27:56.189-0500: 744,976: Total time for which application threads were stopped: 0,0000667 seconds, Stopping threads took: 0,0000197 seconds
2015-12-03T17:27:58.189-0500: 746,976: Total time for which application threads were stopped: 0,0001124 seconds, Stopping threads took: 0,0000420 seconds
2015-12-03T17:28:18.192-0500: 766,979: Total time for which application threads were stopped: 0,0000785 seconds, Stopping threads took: 0,0000228 seconds
2015-12-03T17:28:34.194-0500: 782,981: Total time for which application threads were stopped: 0,0000855 seconds, Stopping threads took: 0,0000352 seconds
2015-12-03T17:28:55.196-0500: 803,983: Total time for which application threads were stopped: 0,0001720 seconds, Stopping threads took: 0,0000460 seconds
2015-12-03T17:29:07.198-0500: 815,985: Total time for which application threads were stopped: 0,0000871 seconds, Stopping threads took: 0,0000340 seconds
2015-12-03T17:29:09.198-0500: 817,985: Total time for which application threads were stopped: 0,0001378 seconds, Stopping threads took: 0,0000363 seconds
2015-12-03T17:29:11.198-0500: 819,985: Total time for which application threads were stopped: 0,0000839 seconds, Stopping threads took: 0,0000218 seconds
2015-12-03T17:29:13.199-0500: 821,986: Total time for which application threads were stopped: 0,0001397 seconds, Stopping threads took: 0,0000365 seconds
2015-12-03T17:29:19.200-0500: 827,986: Total time for which application threads were stopped: 0,0001259 seconds, Stopping threads took: 0,0000341 seconds
2015-12-03T17:29:35.201-0500: 843,988: Total time for which application threads were stopped: 0,0000885 seconds, Stopping threads took: 0,0000333 seconds
2015-12-03T17:29:41.202-0500: 849,989: Total time for which application threads were stopped: 0,0001564 seconds, Stopping threads took: 0,0000338 seconds
2015-12-03T17:30:10.205-0500: 878,992: Total time for which application threads were stopped: 0,0001153 seconds, Stopping threads took: 0,0000444 seconds
2015-12-03T17:30:11.099-0500: 879,885: Total time for which application threads were stopped: 0,0001152 seconds, Stopping threads took: 0,0000319 seconds
{Heap before GC invocations=5 (full 1):
 par new generation   total 109248K, used 99065K [0x00000000e0000000, 0x00000000e8000000, 0x00000000e8000000)
  eden space 87424K, 100% used [0x00000000e0000000, 0x00000000e5560000, 0x00000000e5560000)
  from space 21824K,  53% used [0x00000000e6ab0000, 0x00000000e760e7b0, 0x00000000e8000000)
  to   space 21824K,   0% used [0x00000000e5560000, 0x00000000e5560000, 0x00000000e6ab0000)
 concurrent mark-sweep generation total 393216K, used 0K [0x00000000e8000000, 0x0000000100000000, 0x0000000100000000)
 Metaspace       used 29568K, capacity 29986K, committed 30200K, reserved 1075200K
  class space    used 3421K, capacity 3573K, committed 3576K, reserved 1048576K
2015-12-03T17:30:11.178-0500: 879,965: [GC (Allocation Failure) 2015-12-03T17:30:11.178-0500: 879,965: [ParNew
Desired survivor size 20112992 bytes, new threshold 8 (max 8)
- age   1:    7048136 bytes,    7048136 total
- age   2:    1223520 bytes,    8271656 total
- age   3:     527336 bytes,    8798992 total
- age   4:     263112 bytes,    9062104 total
- age   5:    3553024 bytes,   12615128 total
- age   6:    2465792 bytes,   15080920 total
: 99065K->21079K(109248K), 0,0164910 secs] 99065K->21079K(502464K), 0,0165394 secs] [Times: user=0,05 sys=0,01, real=0,02 secs] 
Heap after GC invocations=6 (full 1):
 par new generation   total 109248K, used 21079K [0x00000000e0000000, 0x00000000e8000000, 0x00000000e8000000)
  eden space 87424K,   0% used [0x00000000e0000000, 0x00000000e0000000, 0x00000000e5560000)
  from space 21824K,  96% used [0x00000000e5560000, 0x00000000e69f5da0, 0x00000000e6ab0000)
  to   space 21824K,   0% used [0x00000000e6ab0000, 0x00000000e6ab0000, 0x00000000e8000000)
 concurrent mark-sweep generation total 393216K, used 0K [0x00000000e8000000, 0x0000000100000000, 0x0000000100000000)
 Metaspace       used 29568K, capacity 29986K, committed 30200K, reserved 1075200K
  class space    used 3421K, capacity 3573K, committed 3576K, reserved 1048576K
}
2015-12-03T17:30:11.195-0500: 879,982: Total time for which application threads were stopped: 0,0167317 seconds, Stopping threads took: 0,0000236 seconds
2015-12-03T17:30:11.202-0500: 879,989: Total time for which application threads were stopped: 0,0001018 seconds, Stopping threads took: 0,0000384 seconds
2015-12-03T17:30:11.202-0500: 879,989: Total time for which application threads were stopped: 0,0000628 seconds, Stopping threads took: 0,0000104 seconds
2015-12-03T17:30:11.202-0500: 879,989: Total time for which application threads were stopped: 0,0000496 seconds, Stopping threads took: 0,0000085 seconds
{Heap before GC invocations=6 (full 1):
 par new generation   total 109248K, used 108503K [0x00000000e0000000, 0x00000000e8000000, 0x00000000e8000000)
  eden space 87424K, 100% used [0x00000000e0000000, 0x00000000e5560000, 0x00000000e5560000)
  from space 21824K,  96% used [0x00000000e5560000, 0x00000000e69f5da0, 0x00000000e6ab0000)
  to   space 21824K,   0% used [0x00000000e6ab0000, 0x00000000e6ab0000, 0x00000000e8000000)
 concurrent mark-sweep generation total 393216K, used 0K [0x00000000e8000000, 0x0000000100000000, 0x0000000100000000)
 Metaspace       used 29609K, capacity 30114K, committed 30456K, reserved 1077248K
  class space    used 3421K, capacity 3573K, committed 3576K, reserved 1048576K
2015-12-03T17:30:11.338-0500: 880,125: [GC (Allocation Failure) 2015-12-03T17:30:11.338-0500: 880,125: [ParNew
Desired survivor size 20112992 bytes, new threshold 8 (max 8)
- age   1:    1096440 bytes,    1096440 total
- age   2:    3478448 bytes,    4574888 total
- age   3:    1186040 bytes,    5760928 total
- age   4:     506280 bytes,    6267208 total
- age   5:     253504 bytes,    6520712 total
- age   6:    3430328 bytes,    9951040 total
- age   7:    2164056 bytes,   12115096 total
: 108503K->13763K(109248K), 0,0098027 secs] 108503K->13763K(502464K), 0,0098927 secs] [Times: user=0,04 sys=0,00, real=0,01 secs] 
Heap after GC invocations=7 (full 1):
 par new generation   total 109248K, used 13763K [0x00000000e0000000, 0x00000000e8000000, 0x00000000e8000000)
  eden space 87424K,   0% used [0x00000000e0000000, 0x00000000e0000000, 0x00000000e5560000)
  from space 21824K,  63% used [0x00000000e6ab0000, 0x00000000e7820e90, 0x00000000e8000000)
  to   space 21824K,   0% used [0x00000000e5560000, 0x00000000e5560000, 0x00000000e6ab0000)
 concurrent mark-sweep generation total 393216K, used 0K [0x00000000e8000000, 0x0000000100000000, 0x0000000100000000)
 Metaspace       used 29609K, capacity 30114K, committed 30456K, reserved 1077248K
  class space    used 3421K, capacity 3573K, committed 3576K, reserved 1048576K
}
2015-12-03T17:30:11.348-0500: 880,135: Total time for which application threads were stopped: 0,0101513 seconds, Stopping threads took: 0,0000640 seconds
2015-12-03T17:30:11.348-0500: 880,135: Total time for which application threads were stopped: 0,0001026 seconds, Stopping threads took: 0,0000259 seconds
2015-12-03T17:30:11.348-0500: 880,135: Total time for which application threads were stopped: 0,0001275 seconds, Stopping threads took: 0,0000913 seconds
2015-12-03T17:30:11.425-0500: 880,212: Total time for which application threads were stopped: 0,0001468 seconds, Stopping threads took: 0,0000683 seconds
2015-12-03T17:30:11.436-0500: 880,223: Total time for which application threads were stopped: 0,0001039 seconds, Stopping threads took: 0,0000323 seconds
2015-12-03T17:30:11.437-0500: 880,224: Total time for which application threads were stopped: 0,0000590 seconds, Stopping threads took: 0,0000164 seconds
2015-12-03T17:30:11.437-0500: 880,224: Total time for which application threads were stopped: 0,0000359 seconds, Stopping threads took: 0,0000102 seconds
2015-12-03T17:30:11.437-0500: 880,224: Total time for which application threads were stopped: 0,0000358 seconds, Stopping threads took: 0,0000105 seconds
2015-12-03T17:30:11.439-0500: 880,226: Total time for which application threads were stopped: 0,0002221 seconds, Stopping threads took: 0,0001586 seconds
2015-12-03T17:30:11.443-0500: 880,230: Total time for which application threads were stopped: 0,0000982 seconds, Stopping threads took: 0,0000255 seconds
2015-12-03T17:30:11.443-0500: 880,230: Total time for which application threads were stopped: 0,0000510 seconds, Stopping threads took: 0,0000223 seconds
2015-12-03T17:30:11.445-0500: 880,232: Total time for which application threads were stopped: 0,0001264 seconds, Stopping threads took: 0,0000672 seconds
2015-12-03T17:30:11.445-0500: 880,232: Total time for which application threads were stopped: 0,0000987 seconds, Stopping threads took: 0,0000531 seconds
2015-12-03T17:30:11.445-0500: 880,232: Total time for which application threads were stopped: 0,0000671 seconds, Stopping threads took: 0,0000232 seconds
2015-12-03T17:30:11.447-0500: 880,234: Total time for which application threads were stopped: 0,0000918 seconds, Stopping threads took: 0,0000366 seconds
2015-12-03T17:30:11.451-0500: 880,237: Total time for which application threads were stopped: 0,0000799 seconds, Stopping threads took: 0,0000233 seconds
2015-12-03T17:30:11.454-0500: 880,241: Total time for which application threads were stopped: 0,0024205 seconds, Stopping threads took: 0,0023418 seconds
2015-12-03T17:30:11.455-0500: 880,242: Total time for which application threads were stopped: 0,0000749 seconds, Stopping threads took: 0,0000323 seconds
2015-12-03T17:30:11.455-0500: 880,242: Total time for which application threads were stopped: 0,0000487 seconds, Stopping threads took: 0,0000205 seconds
2015-12-03T17:30:11.455-0500: 880,242: Total time for which application threads were stopped: 0,0000351 seconds, Stopping threads took: 0,0000147 seconds
2015-12-03T17:30:11.455-0500: 880,242: Total time for which application threads were stopped: 0,0000431 seconds, Stopping threads took: 0,0000138 seconds
2015-12-03T17:30:11.455-0500: 880,242: Total time for which application threads were stopped: 0,0000266 seconds, Stopping threads took: 0,0000073 seconds
2015-12-03T17:30:11.455-0500: 880,242: Total time for which application threads were stopped: 0,0000521 seconds, Stopping threads took: 0,0000157 seconds
2015-12-03T17:30:11.455-0500: 880,242: Total time for which application threads were stopped: 0,0000408 seconds, Stopping threads took: 0,0000208 seconds
2015-12-03T17:30:11.455-0500: 880,242: Total time for which application threads were stopped: 0,0000290 seconds, Stopping threads took: 0,0000083 seconds
2015-12-03T17:30:11.456-0500: 880,243: Total time for which application threads were stopped: 0,0000527 seconds, Stopping threads took: 0,0000239 seconds
2015-12-03T17:30:11.456-0500: 880,243: Total time for which application threads were stopped: 0,0000432 seconds, Stopping threads took: 0,0000126 seconds
2015-12-03T17:30:11.456-0500: 880,243: Total time for which application threads were stopped: 0,0000292 seconds, Stopping threads took: 0,0000081 seconds
2015-12-03T17:30:11.457-0500: 880,244: Total time for which application threads were stopped: 0,0000275 seconds, Stopping threads took: 0,0000077 seconds
2015-12-03T17:30:11.457-0500: 880,244: Total time for which application threads were stopped: 0,0000403 seconds, Stopping threads took: 0,0000123 seconds
2015-12-03T17:30:11.458-0500: 880,245: Total time for which application threads were stopped: 0,0000862 seconds, Stopping threads took: 0,0000269 seconds
2015-12-03T17:30:11.471-0500: 880,258: Total time for which application threads were stopped: 0,0000985 seconds, Stopping threads took: 0,0000231 seconds
2015-12-03T17:30:11.485-0500: 880,272: Total time for which application threads were stopped: 0,0000968 seconds, Stopping threads took: 0,0000413 seconds
2015-12-03T17:30:11.486-0500: 880,272: Total time for which application threads were stopped: 0,0000397 seconds, Stopping threads took: 0,0000182 seconds
2015-12-03T17:30:11.486-0500: 880,273: Total time for which application threads were stopped: 0,0000367 seconds, Stopping threads took: 0,0000176 seconds
2015-12-03T17:30:11.486-0500: 880,273: Total time for which application threads were stopped: 0,0000372 seconds, Stopping threads took: 0,0000102 seconds
2015-12-03T17:30:11.487-0500: 880,274: Total time for which application threads were stopped: 0,0001466 seconds, Stopping threads took: 0,0000158 seconds
2015-12-03T17:30:11.489-0500: 880,276: Total time for which application threads were stopped: 0,0000757 seconds, Stopping threads took: 0,0000188 seconds
2015-12-03T17:30:11.490-0500: 880,276: Total time for which application threads were stopped: 0,0001180 seconds, Stopping threads took: 0,0000936 seconds
2015-12-03T17:30:11.490-0500: 880,277: Total time for which application threads were stopped: 0,0000648 seconds, Stopping threads took: 0,0000248 seconds
2015-12-03T17:30:11.490-0500: 880,277: Total time for which application threads were stopped: 0,0000989 seconds, Stopping threads took: 0,0000709 seconds
2015-12-03T17:30:11.490-0500: 880,277: Total time for which application threads were stopped: 0,0000319 seconds, Stopping threads took: 0,0000127 seconds
2015-12-03T17:30:11.490-0500: 880,277: Total time for which application threads were stopped: 0,0000407 seconds, Stopping threads took: 0,0000137 seconds
2015-12-03T17:30:11.490-0500: 880,277: Total time for which application threads were stopped: 0,0000406 seconds, Stopping threads took: 0,0000133 seconds
2015-12-03T17:30:11.490-0500: 880,277: Total time for which application threads were stopped: 0,0000357 seconds, Stopping threads took: 0,0000175 seconds
2015-12-03T17:30:11.490-0500: 880,277: Total time for which application threads were stopped: 0,0000295 seconds, Stopping threads took: 0,0000115 seconds
2015-12-03T17:30:11.490-0500: 880,277: Total time for which application threads were stopped: 0,0000294 seconds, Stopping threads took: 0,0000115 seconds
2015-12-03T17:30:11.490-0500: 880,277: Total time for which application threads were stopped: 0,0000298 seconds, Stopping threads took: 0,0000117 seconds
2015-12-03T17:30:11.490-0500: 880,277: Total time for which application threads were stopped: 0,0000296 seconds, Stopping threads took: 0,0000117 seconds
2015-12-03T17:30:11.490-0500: 880,277: Total time for which application threads were stopped: 0,0000387 seconds, Stopping threads took: 0,0000196 seconds
2015-12-03T17:30:11.491-0500: 880,277: Total time for which application threads were stopped: 0,0000309 seconds, Stopping threads took: 0,0000128 seconds
2015-12-03T17:30:11.491-0500: 880,277: Total time for which application threads were stopped: 0,0000217 seconds, Stopping threads took: 0,0000051 seconds
2015-12-03T17:30:11.491-0500: 880,278: Total time for which application threads were stopped: 0,0000377 seconds, Stopping threads took: 0,0000194 seconds
2015-12-03T17:30:11.491-0500: 880,278: Total time for which application threads were stopped: 0,0000243 seconds, Stopping threads took: 0,0000066 seconds
2015-12-03T17:30:11.491-0500: 880,278: Total time for which application threads were stopped: 0,0000239 seconds, Stopping threads took: 0,0000065 seconds
2015-12-03T17:30:11.491-0500: 880,278: Total time for which application threads were stopped: 0,0000242 seconds, Stopping threads took: 0,0000065 seconds
2015-12-03T17:30:11.491-0500: 880,278: Total time for which application threads were stopped: 0,0000864 seconds, Stopping threads took: 0,0000123 seconds
2015-12-03T17:30:11.657-0500: 880,444: Total time for which application threads were stopped: 0,0000844 seconds, Stopping threads took: 0,0000261 seconds
2015-12-03T17:30:11.657-0500: 880,444: Total time for which application threads were stopped: 0,0000544 seconds, Stopping threads took: 0,0000305 seconds
2015-12-03T17:30:11.658-0500: 880,445: Total time for which application threads were stopped: 0,0000336 seconds, Stopping threads took: 0,0000101 seconds
2015-12-03T17:30:11.658-0500: 880,445: Total time for which application threads were stopped: 0,0000392 seconds, Stopping threads took: 0,0000161 seconds
2015-12-03T17:30:11.660-0500: 880,447: Total time for which application threads were stopped: 0,0001184 seconds, Stopping threads took: 0,0000711 seconds
2015-12-03T17:30:11.698-0500: 880,485: Total time for which application threads were stopped: 0,0002132 seconds, Stopping threads took: 0,0001327 seconds
2015-12-03T17:30:11.720-0500: 880,507: Total time for which application threads were stopped: 0,0002650 seconds, Stopping threads took: 0,0000640 seconds
2015-12-03T17:30:11.720-0500: 880,507: Total time for which application threads were stopped: 0,0002003 seconds, Stopping threads took: 0,0000543 seconds
2015-12-03T17:30:11.721-0500: 880,508: Total time for which application threads were stopped: 0,0001213 seconds, Stopping threads took: 0,0000408 seconds
2015-12-03T17:30:11.721-0500: 880,508: Total time for which application threads were stopped: 0,0000946 seconds, Stopping threads took: 0,0000341 seconds
2015-12-03T17:30:11.721-0500: 880,508: Total time for which application threads were stopped: 0,0001088 seconds, Stopping threads took: 0,0000575 seconds
2015-12-03T17:30:11.721-0500: 880,508: Total time for which application threads were stopped: 0,0000720 seconds, Stopping threads took: 0,0000357 seconds
2015-12-03T17:30:11.722-0500: 880,508: Total time for which application threads were stopped: 0,0000852 seconds, Stopping threads took: 0,0000452 seconds
2015-12-03T17:30:11.749-0500: 880,536: Total time for which application threads were stopped: 0,0000768 seconds, Stopping threads took: 0,0000202 seconds
2015-12-03T17:30:12.750-0500: 881,537: Total time for which application threads were stopped: 0,0000847 seconds, Stopping threads took: 0,0000219 seconds
2015-12-03T17:30:14.140-0500: 882,927: Total time for which application threads were stopped: 0,0001087 seconds, Stopping threads took: 0,0000258 seconds
2015-12-03T17:30:14.141-0500: 882,928: Total time for which application threads were stopped: 0,0001129 seconds, Stopping threads took: 0,0000578 seconds
2015-12-03T17:30:14.142-0500: 882,929: Total time for which application threads were stopped: 0,0000876 seconds, Stopping threads took: 0,0000187 seconds
2015-12-03T17:30:14.148-0500: 882,935: Total time for which application threads were stopped: 0,0001231 seconds, Stopping threads took: 0,0000223 seconds
{Heap before GC invocations=7 (full 1):
 par new generation   total 109248K, used 101187K [0x00000000e0000000, 0x00000000e8000000, 0x00000000e8000000)
  eden space 87424K, 100% used [0x00000000e0000000, 0x00000000e5560000, 0x00000000e5560000)
  from space 21824K,  63% used [0x00000000e6ab0000, 0x00000000e7820e90, 0x00000000e8000000)
  to   space 21824K,   0% used [0x00000000e5560000, 0x00000000e5560000, 0x00000000e6ab0000)
 concurrent mark-sweep generation total 393216K, used 0K [0x00000000e8000000, 0x0000000100000000, 0x0000000100000000)
 Metaspace       used 29844K, capacity 30330K, committed 30584K, reserved 1077248K
  class space    used 3438K, capacity 3583K, committed 3704K, reserved 1048576K
2015-12-03T17:30:14.149-0500: 882,936: [GC (Allocation Failure) 2015-12-03T17:30:14.149-0500: 882,936: [ParNew
Desired survivor size 20112992 bytes, new threshold 8 (max 8)
- age   1:    2581672 bytes,    2581672 total
- age   2:     132344 bytes,    2714016 total
- age   3:    1749320 bytes,    4463336 total
- age   4:    1128424 bytes,    5591760 total
- age   5:     504064 bytes,    6095824 total
- age   6:     253224 bytes,    6349048 total
- age   7:    3425848 bytes,    9774896 total
- age   8:    2152848 bytes,   11927744 total
: 101187K->18969K(109248K), 0,0198332 secs] 101187K->18969K(502464K), 0,0198852 secs] [Times: user=0,04 sys=0,00, real=0,02 secs] 
Heap after GC invocations=8 (full 1):
 par new generation   total 109248K, used 18969K [0x00000000e0000000, 0x00000000e8000000, 0x00000000e8000000)
  eden space 87424K,   0% used [0x00000000e0000000, 0x00000000e0000000, 0x00000000e5560000)
  from space 21824K,  86% used [0x00000000e5560000, 0x00000000e67e6560, 0x00000000e6ab0000)
  to   space 21824K,   0% used [0x00000000e6ab0000, 0x00000000e6ab0000, 0x00000000e8000000)
 concurrent mark-sweep generation total 393216K, used 0K [0x00000000e8000000, 0x0000000100000000, 0x0000000100000000)
 Metaspace       used 29844K, capacity 30330K, committed 30584K, reserved 1077248K
  class space    used 3438K, capacity 3583K, committed 3704K, reserved 1048576K
}
2015-12-03T17:30:14.169-0500: 882,956: Total time for which application threads were stopped: 0,0200420 seconds, Stopping threads took: 0,0000279 seconds
2015-12-03T17:30:14.170-0500: 882,957: Total time for which application threads were stopped: 0,0001300 seconds, Stopping threads took: 0,0000464 seconds
2015-12-03T17:30:14.173-0500: 882,960: Total time for which application threads were stopped: 0,0001553 seconds, Stopping threads took: 0,0000346 seconds
2015-12-03T17:30:14.174-0500: 882,961: Total time for which application threads were stopped: 0,0000973 seconds, Stopping threads took: 0,0000194 seconds
2015-12-03T17:30:14.192-0500: 882,979: Total time for which application threads were stopped: 0,0001145 seconds, Stopping threads took: 0,0000408 seconds
2015-12-03T17:30:14.193-0500: 882,980: Total time for which application threads were stopped: 0,0000627 seconds, Stopping threads took: 0,0000204 seconds
2015-12-03T17:30:15.193-0500: 883,980: Total time for which application threads were stopped: 0,0000786 seconds, Stopping threads took: 0,0000220 seconds
2015-12-03T17:30:15.227-0500: 884,014: Total time for which application threads were stopped: 0,0000828 seconds, Stopping threads took: 0,0000191 seconds
2015-12-03T17:30:16.160-0500: 884,947: Total time for which application threads were stopped: 0,0001167 seconds, Stopping threads took: 0,0000360 seconds
2015-12-03T17:30:16.191-0500: 884,978: Total time for which application threads were stopped: 0,0001174 seconds, Stopping threads took: 0,0000231 seconds
2015-12-03T17:30:16.205-0500: 884,991: Total time for which application threads were stopped: 0,0001457 seconds, Stopping threads took: 0,0000402 seconds
2015-12-03T17:30:18.214-0500: 887,001: Total time for which application threads were stopped: 0,0001550 seconds, Stopping threads took: 0,0000777 seconds
2015-12-03T17:30:18.256-0500: 887,043: Total time for which application threads were stopped: 0,0000929 seconds, Stopping threads took: 0,0000266 seconds
2015-12-03T17:30:18.257-0500: 887,044: Total time for which application threads were stopped: 0,0000613 seconds, Stopping threads took: 0,0000308 seconds
2015-12-03T17:30:18.257-0500: 887,044: Total time for which application threads were stopped: 0,0000396 seconds, Stopping threads took: 0,0000096 seconds
2015-12-03T17:30:18.257-0500: 887,044: Total time for which application threads were stopped: 0,0000375 seconds, Stopping threads took: 0,0000055 seconds
2015-12-03T17:30:18.257-0500: 887,044: Total time for which application threads were stopped: 0,0000490 seconds, Stopping threads took: 0,0000084 seconds
2015-12-03T17:30:18.257-0500: 887,044: Total time for which application threads were stopped: 0,0000380 seconds, Stopping threads took: 0,0000072 seconds
2015-12-03T17:30:18.257-0500: 887,044: Total time for which application threads were stopped: 0,0000380 seconds, Stopping threads took: 0,0000059 seconds
2015-12-03T17:30:18.257-0500: 887,044: Total time for which application threads were stopped: 0,0000356 seconds, Stopping threads took: 0,0000048 seconds
2015-12-03T17:30:18.257-0500: 887,044: Total time for which application threads were stopped: 0,0000353 seconds, Stopping threads took: 0,0000047 seconds
2015-12-03T17:30:18.257-0500: 887,044: Total time for which application threads were stopped: 0,0000352 seconds, Stopping threads took: 0,0000047 seconds
2015-12-03T17:30:18.257-0500: 887,044: Total time for which application threads were stopped: 0,0000642 seconds, Stopping threads took: 0,0000046 seconds
2015-12-03T17:30:18.257-0500: 887,044: Total time for which application threads were stopped: 0,0000278 seconds, Stopping threads took: 0,0000060 seconds
2015-12-03T17:30:18.258-0500: 887,044: Total time for which application threads were stopped: 0,0000257 seconds, Stopping threads took: 0,0000048 seconds
2015-12-03T17:30:18.258-0500: 887,044: Total time for which application threads were stopped: 0,0000254 seconds, Stopping threads took: 0,0000048 seconds
2015-12-03T17:30:18.258-0500: 887,045: Total time for which application threads were stopped: 0,0000254 seconds, Stopping threads took: 0,0000047 seconds
2015-12-03T17:30:18.258-0500: 887,045: Total time for which application threads were stopped: 0,0000253 seconds, Stopping threads took: 0,0000047 seconds
2015-12-03T17:30:18.258-0500: 887,045: Total time for which application threads were stopped: 0,0000254 seconds, Stopping threads took: 0,0000047 seconds
2015-12-03T17:30:18.258-0500: 887,045: Total time for which application threads were stopped: 0,0000254 seconds, Stopping threads took: 0,0000047 seconds
2015-12-03T17:30:18.258-0500: 887,045: Total time for which application threads were stopped: 0,0000253 seconds, Stopping threads took: 0,0000048 seconds
2015-12-03T17:30:18.258-0500: 887,045: Total time for which application threads were stopped: 0,0000256 seconds, Stopping threads took: 0,0000048 seconds
2015-12-03T17:30:18.258-0500: 887,045: Total time for which application threads were stopped: 0,0000883 seconds, Stopping threads took: 0,0000049 seconds
2015-12-03T17:30:18.258-0500: 887,045: Total time for which application threads were stopped: 0,0000306 seconds, Stopping threads took: 0,0000054 seconds
2015-12-03T17:30:18.258-0500: 887,045: Total time for which application threads were stopped: 0,0000276 seconds, Stopping threads took: 0,0000050 seconds
2015-12-03T17:30:18.258-0500: 887,045: Total time for which application threads were stopped: 0,0000272 seconds, Stopping threads took: 0,0000049 seconds
2015-12-03T17:30:18.258-0500: 887,045: Total time for which application threads were stopped: 0,0000280 seconds, Stopping threads took: 0,0000052 seconds
2015-12-03T17:30:18.258-0500: 887,045: Total time for which application threads were stopped: 0,0000276 seconds, Stopping threads took: 0,0000049 seconds
2015-12-03T17:30:18.258-0500: 887,045: Total time for which application threads were stopped: 0,0000282 seconds, Stopping threads took: 0,0000051 seconds
2015-12-03T17:30:18.263-0500: 887,050: Total time for which application threads were stopped: 0,0000541 seconds, Stopping threads took: 0,0000133 seconds
2015-12-03T17:30:18.289-0500: 887,076: Total time for which application threads were stopped: 0,0001800 seconds, Stopping threads took: 0,0000973 seconds
2015-12-03T17:30:18.290-0500: 887,077: Total time for which application threads were stopped: 0,0001160 seconds, Stopping threads took: 0,0000661 seconds
2015-12-03T17:30:18.290-0500: 887,077: Total time for which application threads were stopped: 0,0005844 seconds, Stopping threads took: 0,0005237 seconds
2015-12-03T17:30:18.295-0500: 887,082: Total time for which application threads were stopped: 0,0042364 seconds, Stopping threads took: 0,0041551 seconds
2015-12-03T17:30:18.295-0500: 887,082: Total time for which application threads were stopped: 0,0000583 seconds, Stopping threads took: 0,0000201 seconds
2015-12-03T17:30:18.295-0500: 887,082: Total time for which application threads were stopped: 0,0000394 seconds, Stopping threads took: 0,0000104 seconds
2015-12-03T17:30:18.295-0500: 887,082: Total time for which application threads were stopped: 0,0000515 seconds, Stopping threads took: 0,0000179 seconds
2015-12-03T17:30:18.296-0500: 887,083: Total time for which application threads were stopped: 0,0000518 seconds, Stopping threads took: 0,0000127 seconds
2015-12-03T17:30:18.296-0500: 887,083: Total time for which application threads were stopped: 0,0000322 seconds, Stopping threads took: 0,0000089 seconds
2015-12-03T17:30:18.296-0500: 887,083: Total time for which application threads were stopped: 0,0000422 seconds, Stopping threads took: 0,0000058 seconds
2015-12-03T17:30:18.296-0500: 887,083: Total time for which application threads were stopped: 0,0000253 seconds, Stopping threads took: 0,0000052 seconds
2015-12-03T17:30:18.296-0500: 887,083: Total time for which application threads were stopped: 0,0000242 seconds, Stopping threads took: 0,0000049 seconds
2015-12-03T17:30:18.297-0500: 887,083: Total time for which application threads were stopped: 0,0000242 seconds, Stopping threads took: 0,0000049 seconds
2015-12-03T17:30:18.297-0500: 887,083: Total time for which application threads were stopped: 0,0000266 seconds, Stopping threads took: 0,0000048 seconds
2015-12-03T17:30:18.297-0500: 887,084: Total time for which application threads were stopped: 0,0000244 seconds, Stopping threads took: 0,0000048 seconds
2015-12-03T17:30:18.297-0500: 887,084: Total time for which application threads were stopped: 0,0000244 seconds, Stopping threads took: 0,0000050 seconds
2015-12-03T17:30:18.297-0500: 887,084: Total time for which application threads were stopped: 0,0000241 seconds, Stopping threads took: 0,0000048 seconds
2015-12-03T17:30:18.297-0500: 887,084: Total time for which application threads were stopped: 0,0000241 seconds, Stopping threads took: 0,0000048 seconds
2015-12-03T17:30:18.297-0500: 887,084: Total time for which application threads were stopped: 0,0000242 seconds, Stopping threads took: 0,0000048 seconds
2015-12-03T17:30:18.297-0500: 887,084: Total time for which application threads were stopped: 0,0000244 seconds, Stopping threads took: 0,0000050 seconds
2015-12-03T17:30:18.298-0500: 887,085: Total time for which application threads were stopped: 0,0007454 seconds, Stopping threads took: 0,0000086 seconds
2015-12-03T17:30:18.304-0500: 887,091: Total time for which application threads were stopped: 0,0001260 seconds, Stopping threads took: 0,0000355 seconds
2015-12-03T17:30:18.379-0500: 887,166: Total time for which application threads were stopped: 0,0001006 seconds, Stopping threads took: 0,0000211 seconds
2015-12-03T17:30:18.381-0500: 887,168: Total time for which application threads were stopped: 0,0000453 seconds, Stopping threads took: 0,0000188 seconds
2015-12-03T17:30:18.381-0500: 887,168: Total time for which application threads were stopped: 0,0000448 seconds, Stopping threads took: 0,0000184 seconds
2015-12-03T17:30:18.381-0500: 887,168: Total time for which application threads were stopped: 0,0000464 seconds, Stopping threads took: 0,0000210 seconds
2015-12-03T17:30:18.391-0500: 887,178: Total time for which application threads were stopped: 0,0000619 seconds, Stopping threads took: 0,0000238 seconds
2015-12-03T17:30:18.391-0500: 887,178: Total time for which application threads were stopped: 0,0000467 seconds, Stopping threads took: 0,0000189 seconds
2015-12-03T17:30:18.406-0500: 887,192: Total time for which application threads were stopped: 0,0000629 seconds, Stopping threads took: 0,0000230 seconds
2015-12-03T17:30:18.406-0500: 887,193: Total time for which application threads were stopped: 0,0000462 seconds, Stopping threads took: 0,0000202 seconds
2015-12-03T17:30:18.407-0500: 887,194: Total time for which application threads were stopped: 0,0000494 seconds, Stopping threads took: 0,0000162 seconds
2015-12-03T17:30:18.411-0500: 887,197: Total time for which application threads were stopped: 0,0001889 seconds, Stopping threads took: 0,0001280 seconds
2015-12-03T17:30:18.420-0500: 887,207: Total time for which application threads were stopped: 0,0000688 seconds, Stopping threads took: 0,0000143 seconds
2015-12-03T17:30:18.458-0500: 887,245: Total time for which application threads were stopped: 0,0000997 seconds, Stopping threads took: 0,0000300 seconds
2015-12-03T17:30:18.474-0500: 887,261: Total time for which application threads were stopped: 0,0000485 seconds, Stopping threads took: 0,0000094 seconds
2015-12-03T17:30:18.498-0500: 887,285: Total time for which application threads were stopped: 0,0004076 seconds, Stopping threads took: 0,0000251 seconds
2015-12-03T17:30:18.783-0500: 887,570: Total time for which application threads were stopped: 0,0008609 seconds, Stopping threads took: 0,0000377 seconds
2015-12-03T17:30:18.785-0500: 887,572: Total time for which application threads were stopped: 0,0004557 seconds, Stopping threads took: 0,0000297 seconds
2015-12-03T17:30:19.785-0500: 888,572: Total time for which application threads were stopped: 0,0002258 seconds, Stopping threads took: 0,0000479 seconds
2015-12-03T17:30:20.224-0500: 889,011: Total time for which application threads were stopped: 0,0001113 seconds, Stopping threads took: 0,0000369 seconds
2015-12-03T17:30:20.649-0500: 889,435: Total time for which application threads were stopped: 0,0004262 seconds, Stopping threads took: 0,0000170 seconds
2015-12-03T17:30:20.651-0500: 889,438: Total time for which application threads were stopped: 0,0003739 seconds, Stopping threads took: 0,0000266 seconds
2015-12-03T17:30:20.655-0500: 889,442: Total time for which application threads were stopped: 0,0000809 seconds, Stopping threads took: 0,0000283 seconds
2015-12-03T17:30:20.738-0500: 889,525: Total time for which application threads were stopped: 0,0000943 seconds, Stopping threads took: 0,0000389 seconds
2015-12-03T17:30:20.747-0500: 889,534: Total time for which application threads were stopped: 0,0001184 seconds, Stopping threads took: 0,0000310 seconds
2015-12-03T17:30:20.764-0500: 889,551: Total time for which application threads were stopped: 0,0004112 seconds, Stopping threads took: 0,0000285 seconds
2015-12-03T17:30:20.776-0500: 889,563: Total time for which application threads were stopped: 0,0000894 seconds, Stopping threads took: 0,0000298 seconds
2015-12-03T17:30:20.779-0500: 889,566: Total time for which application threads were stopped: 0,0000861 seconds, Stopping threads took: 0,0000242 seconds
2015-12-03T17:30:20.782-0500: 889,569: Total time for which application threads were stopped: 0,0000657 seconds, Stopping threads took: 0,0000236 seconds
2015-12-03T17:30:20.785-0500: 889,572: Total time for which application threads were stopped: 0,0000801 seconds, Stopping threads took: 0,0000311 seconds
2015-12-03T17:30:20.790-0500: 889,577: Total time for which application threads were stopped: 0,0001665 seconds, Stopping threads took: 0,0001027 seconds
2015-12-03T17:30:20.793-0500: 889,580: Total time for which application threads were stopped: 0,0001594 seconds, Stopping threads took: 0,0000920 seconds
2015-12-03T17:30:20.795-0500: 889,582: Total time for which application threads were stopped: 0,0000668 seconds, Stopping threads took: 0,0000174 seconds
2015-12-03T17:30:20.797-0500: 889,584: Total time for which application threads were stopped: 0,0000821 seconds, Stopping threads took: 0,0000223 seconds
2015-12-03T17:30:20.799-0500: 889,586: Total time for which application threads were stopped: 0,0000644 seconds, Stopping threads took: 0,0000180 seconds
2015-12-03T17:30:20.801-0500: 889,588: Total time for which application threads were stopped: 0,0001092 seconds, Stopping threads took: 0,0000415 seconds
2015-12-03T17:30:20.803-0500: 889,590: Total time for which application threads were stopped: 0,0001053 seconds, Stopping threads took: 0,0000331 seconds
2015-12-03T17:30:20.805-0500: 889,592: Total time for which application threads were stopped: 0,0001098 seconds, Stopping threads took: 0,0000240 seconds
2015-12-03T17:30:20.807-0500: 889,594: Total time for which application threads were stopped: 0,0000807 seconds, Stopping threads took: 0,0000229 seconds
2015-12-03T17:30:20.809-0500: 889,596: Total time for which application threads were stopped: 0,0000572 seconds, Stopping threads took: 0,0000158 seconds
2015-12-03T17:30:20.811-0500: 889,598: Total time for which application threads were stopped: 0,0000694 seconds, Stopping threads took: 0,0000195 seconds
2015-12-03T17:30:20.813-0500: 889,600: Total time for which application threads were stopped: 0,0000823 seconds, Stopping threads took: 0,0000241 seconds
2015-12-03T17:30:20.815-0500: 889,601: Total time for which application threads were stopped: 0,0000756 seconds, Stopping threads took: 0,0000202 seconds
2015-12-03T17:30:20.817-0500: 889,604: Total time for which application threads were stopped: 0,0000950 seconds, Stopping threads took: 0,0000247 seconds
2015-12-03T17:30:20.822-0500: 889,609: Total time for which application threads were stopped: 0,0001688 seconds, Stopping threads took: 0,0000302 seconds
2015-12-03T17:30:20.971-0500: 889,758: Total time for which application threads were stopped: 0,0001512 seconds, Stopping threads took: 0,0000255 seconds
2015-12-03T17:30:21.003-0500: 889,790: Total time for which application threads were stopped: 0,0001583 seconds, Stopping threads took: 0,0000651 seconds
2015-12-03T17:30:21.646-0500: 890,433: Total time for which application threads were stopped: 0,0001158 seconds, Stopping threads took: 0,0000281 seconds
2015-12-03T17:30:21.669-0500: 890,456: Total time for which application threads were stopped: 0,0001843 seconds, Stopping threads took: 0,0001137 seconds
2015-12-03T17:30:21.670-0500: 890,457: Total time for which application threads were stopped: 0,0000587 seconds, Stopping threads took: 0,0000106 seconds
2015-12-03T17:30:21.670-0500: 890,457: Total time for which application threads were stopped: 0,0000438 seconds, Stopping threads took: 0,0000075 seconds
2015-12-03T17:30:21.670-0500: 890,457: Total time for which application threads were stopped: 0,0000517 seconds, Stopping threads took: 0,0000196 seconds
2015-12-03T17:30:21.670-0500: 890,457: Total time for which application threads were stopped: 0,0000527 seconds, Stopping threads took: 0,0000086 seconds
2015-12-03T17:30:21.670-0500: 890,457: Total time for which application threads were stopped: 0,0000700 seconds, Stopping threads took: 0,0000312 seconds
2015-12-03T17:30:21.670-0500: 890,457: Total time for which application threads were stopped: 0,0000427 seconds, Stopping threads took: 0,0000103 seconds
2015-12-03T17:30:21.670-0500: 890,457: Total time for which application threads were stopped: 0,0000403 seconds, Stopping threads took: 0,0000176 seconds
2015-12-03T17:30:22.671-0500: 891,458: Total time for which application threads were stopped: 0,0001865 seconds, Stopping threads took: 0,0000476 seconds
2015-12-03T17:30:26.671-0500: 895,458: Total time for which application threads were stopped: 0,0000935 seconds, Stopping threads took: 0,0000257 seconds
2015-12-03T17:30:32.672-0500: 901,459: Total time for which application threads were stopped: 0,0001312 seconds, Stopping threads took: 0,0000487 seconds
2015-12-03T17:30:34.672-0500: 903,459: Total time for which application threads were stopped: 0,0001966 seconds, Stopping threads took: 0,0000490 seconds
2015-12-03T17:30:36.673-0500: 905,460: Total time for which application threads were stopped: 0,0001040 seconds, Stopping threads took: 0,0000278 seconds
2015-12-03T17:30:40.673-0500: 909,460: Total time for which application threads were stopped: 0,0000720 seconds, Stopping threads took: 0,0000197 seconds
2015-12-03T17:30:52.675-0500: 921,462: Total time for which application threads were stopped: 0,0000734 seconds, Stopping threads took: 0,0000199 seconds
2015-12-03T17:31:04.676-0500: 933,463: Total time for which application threads were stopped: 0,0000910 seconds, Stopping threads took: 0,0000356 seconds
2015-12-03T17:31:14.175-0500: 942,961: Total time for which application threads were stopped: 0,0000748 seconds, Stopping threads took: 0,0000194 seconds
2015-12-03T17:31:14.193-0500: 942,980: Total time for which application threads were stopped: 0,0000738 seconds, Stopping threads took: 0,0000205 seconds
2015-12-03T17:31:21.194-0500: 949,981: Total time for which application threads were stopped: 0,0000907 seconds, Stopping threads took: 0,0000254 seconds
2015-12-03T17:31:27.194-0500: 955,981: Total time for which application threads were stopped: 0,0002134 seconds, Stopping threads took: 0,0000414 seconds
2015-12-03T17:31:28.195-0500: 956,982: Total time for which application threads were stopped: 0,0000872 seconds, Stopping threads took: 0,0000260 seconds
2015-12-03T17:31:29.184-0500: 957,971: Total time for which application threads were stopped: 0,0001846 seconds, Stopping threads took: 0,0000639 seconds
{Heap before GC invocations=8 (full 1):
 par new generation   total 109248K, used 106393K [0x00000000e0000000, 0x00000000e8000000, 0x00000000e8000000)
  eden space 87424K, 100% used [0x00000000e0000000, 0x00000000e5560000, 0x00000000e5560000)
  from space 21824K,  86% used [0x00000000e5560000, 0x00000000e67e6560, 0x00000000e6ab0000)
  to   space 21824K,   0% used [0x00000000e6ab0000, 0x00000000e6ab0000, 0x00000000e8000000)
 concurrent mark-sweep generation total 393216K, used 0K [0x00000000e8000000, 0x0000000100000000, 0x0000000100000000)
 Metaspace       used 33554K, capacity 34056K, committed 34424K, reserved 1079296K
  class space    used 3721K, capacity 3906K, committed 3960K, reserved 1048576K
2015-12-03T17:31:29.249-0500: 958,036: [GC (Allocation Failure) 2015-12-03T17:31:29.249-0500: 958,036: [ParNew
Desired survivor size 20112992 bytes, new threshold 8 (max 8)
- age   1:    7230008 bytes,    7230008 total
- age   2:    2353328 bytes,    9583336 total
- age   3:     131976 bytes,    9715312 total
- age   4:    1691736 bytes,   11407048 total
- age   5:    1125480 bytes,   12532528 total
- age   6:     497424 bytes,   13029952 total
- age   7:     248648 bytes,   13278600 total
- age   8:    3400760 bytes,   16679360 total
: 106393K->20447K(109248K), 0,0582380 secs] 106393K->22739K(502464K), 0,0583139 secs] [Times: user=0,10 sys=0,09, real=0,06 secs] 
Heap after GC invocations=9 (full 1):
 par new generation   total 109248K, used 20447K [0x00000000e0000000, 0x00000000e8000000, 0x00000000e8000000)
  eden space 87424K,   0% used [0x00000000e0000000, 0x00000000e0000000, 0x00000000e5560000)
  from space 21824K,  93% used [0x00000000e6ab0000, 0x00000000e7ea7da8, 0x00000000e8000000)
  to   space 21824K,   0% used [0x00000000e5560000, 0x00000000e5560000, 0x00000000e6ab0000)
 concurrent mark-sweep generation total 393216K, used 2291K [0x00000000e8000000, 0x0000000100000000, 0x0000000100000000)
 Metaspace       used 33554K, capacity 34056K, committed 34424K, reserved 1079296K
  class space    used 3721K, capacity 3906K, committed 3960K, reserved 1048576K
}
2015-12-03T17:31:29.308-0500: 958,095: Total time for which application threads were stopped: 0,0586015 seconds, Stopping threads took: 0,0000715 seconds
2015-12-03T17:31:29.316-0500: 958,103: Total time for which application threads were stopped: 0,0001505 seconds, Stopping threads took: 0,0000512 seconds
2015-12-03T17:31:29.316-0500: 958,103: Total time for which application threads were stopped: 0,0000697 seconds, Stopping threads took: 0,0000203 seconds
{Heap before GC invocations=9 (full 1):
 par new generation   total 109248K, used 107871K [0x00000000e0000000, 0x00000000e8000000, 0x00000000e8000000)
  eden space 87424K, 100% used [0x00000000e0000000, 0x00000000e5560000, 0x00000000e5560000)
  from space 21824K,  93% used [0x00000000e6ab0000, 0x00000000e7ea7da8, 0x00000000e8000000)
  to   space 21824K,   0% used [0x00000000e5560000, 0x00000000e5560000, 0x00000000e6ab0000)
 concurrent mark-sweep generation total 393216K, used 2291K [0x00000000e8000000, 0x0000000100000000, 0x0000000100000000)
 Metaspace       used 33554K, capacity 34056K, committed 34424K, reserved 1079296K
  class space    used 3721K, capacity 3906K, committed 3960K, reserved 1048576K
2015-12-03T17:31:29.359-0500: 958,145: [GC (Allocation Failure) 2015-12-03T17:31:29.359-0500: 958,146: [ParNew
Desired survivor size 20112992 bytes, new threshold 8 (max 8)
- age   1:      91416 bytes,      91416 total
- age   2:    5352656 bytes,    5444072 total
- age   3:    2351528 bytes,    7795600 total
- age   4:     131976 bytes,    7927576 total
- age   5:    1691736 bytes,    9619312 total
- age   6:    1125480 bytes,   10744792 total
- age   7:     497424 bytes,   11242216 total
- age   8:     248648 bytes,   11490864 total
: 107871K->15571K(109248K), 0,0158860 secs] 110163K->21373K(502464K), 0,0159473 secs] [Times: user=0,03 sys=0,01, real=0,02 secs] 
Heap after GC invocations=10 (full 1):
 par new generation   total 109248K, used 15571K [0x00000000e0000000, 0x00000000e8000000, 0x00000000e8000000)
  eden space 87424K,   0% used [0x00000000e0000000, 0x00000000e0000000, 0x00000000e5560000)
  from space 21824K,  71% used [0x00000000e5560000, 0x00000000e6494d50, 0x00000000e6ab0000)
  to   space 21824K,   0% used [0x00000000e6ab0000, 0x00000000e6ab0000, 0x00000000e8000000)
 concurrent mark-sweep generation total 393216K, used 5802K [0x00000000e8000000, 0x0000000100000000, 0x0000000100000000)
 Metaspace       used 33554K, capacity 34056K, committed 34424K, reserved 1079296K
  class space    used 3721K, capacity 3906K, committed 3960K, reserved 1048576K
}
2015-12-03T17:31:29.375-0500: 958,161: Total time for which application threads were stopped: 0,0161157 seconds, Stopping threads took: 0,0000272 seconds
2015-12-03T17:31:29.375-0500: 958,162: Total time for which application threads were stopped: 0,0001504 seconds, Stopping threads took: 0,0000452 seconds
2015-12-03T17:31:29.375-0500: 958,162: Total time for which application threads were stopped: 0,0000863 seconds, Stopping threads took: 0,0000241 seconds
2015-12-03T17:31:29.375-0500: 958,162: Total time for which application threads were stopped: 0,0000484 seconds, Stopping threads took: 0,0000211 seconds
2015-12-03T17:31:29.499-0500: 958,286: Total time for which application threads were stopped: 0,0001953 seconds, Stopping threads took: 0,0000271 seconds
2015-12-03T17:31:29.502-0500: 958,289: Total time for which application threads were stopped: 0,0001713 seconds, Stopping threads took: 0,0000417 seconds
2015-12-03T17:31:29.560-0500: 958,347: Total time for which application threads were stopped: 0,0001529 seconds, Stopping threads took: 0,0000689 seconds
2015-12-03T17:31:29.560-0500: 958,347: Total time for which application threads were stopped: 0,0000939 seconds, Stopping threads took: 0,0000306 seconds
2015-12-03T17:31:29.561-0500: 958,348: Total time for which application threads were stopped: 0,0001040 seconds, Stopping threads took: 0,0000475 seconds
2015-12-03T17:31:29.572-0500: 958,359: Total time for which application threads were stopped: 0,0001047 seconds, Stopping threads took: 0,0000278 seconds
2015-12-03T17:31:29.573-0500: 958,360: Total time for which application threads were stopped: 0,0000457 seconds, Stopping threads took: 0,0000110 seconds
2015-12-03T17:31:29.573-0500: 958,360: Total time for which application threads were stopped: 0,0001179 seconds, Stopping threads took: 0,0000663 seconds
2015-12-03T17:31:29.579-0500: 958,366: Total time for which application threads were stopped: 0,0001089 seconds, Stopping threads took: 0,0000277 seconds
2015-12-03T17:31:29.579-0500: 958,366: Total time for which application threads were stopped: 0,0000959 seconds, Stopping threads took: 0,0000509 seconds
2015-12-03T17:31:29.580-0500: 958,366: Total time for which application threads were stopped: 0,0000670 seconds, Stopping threads took: 0,0000171 seconds
2015-12-03T17:31:29.609-0500: 958,395: Total time for which application threads were stopped: 0,0001328 seconds, Stopping threads took: 0,0000534 seconds
2015-12-03T17:31:29.609-0500: 958,396: Total time for which application threads were stopped: 0,0001137 seconds, Stopping threads took: 0,0000717 seconds
2015-12-03T17:31:29.609-0500: 958,396: Total time for which application threads were stopped: 0,0001132 seconds, Stopping threads took: 0,0000641 seconds
2015-12-03T17:31:29.610-0500: 958,397: Total time for which application threads were stopped: 0,0001000 seconds, Stopping threads took: 0,0000536 seconds
2015-12-03T17:31:29.610-0500: 958,397: Total time for which application threads were stopped: 0,0000429 seconds, Stopping threads took: 0,0000127 seconds
2015-12-03T17:31:29.611-0500: 958,398: Total time for which application threads were stopped: 0,0001759 seconds, Stopping threads took: 0,0000455 seconds
2015-12-03T17:31:29.645-0500: 958,432: Total time for which application threads were stopped: 0,0001276 seconds, Stopping threads took: 0,0000320 seconds
2015-12-03T17:31:30.645-0500: 959,432: Total time for which application threads were stopped: 0,0001155 seconds, Stopping threads took: 0,0000253 seconds
2015-12-03T17:31:31.411-0500: 960,198: Total time for which application threads were stopped: 0,0001082 seconds, Stopping threads took: 0,0000202 seconds
2015-12-03T17:31:31.413-0500: 960,200: Total time for which application threads were stopped: 0,0000800 seconds, Stopping threads took: 0,0000147 seconds
2015-12-03T17:31:31.419-0500: 960,206: Total time for which application threads were stopped: 0,0000976 seconds, Stopping threads took: 0,0000190 seconds
2015-12-03T17:31:31.420-0500: 960,207: Total time for which application threads were stopped: 0,0000948 seconds, Stopping threads took: 0,0000467 seconds
2015-12-03T17:31:31.513-0500: 960,300: Total time for which application threads were stopped: 0,0001158 seconds, Stopping threads took: 0,0000273 seconds
2015-12-03T17:31:31.514-0500: 960,300: Total time for which application threads were stopped: 0,0000746 seconds, Stopping threads took: 0,0000199 seconds
2015-12-03T17:31:31.577-0500: 960,364: Total time for which application threads were stopped: 0,0001122 seconds, Stopping threads took: 0,0000182 seconds
2015-12-03T17:31:31.577-0500: 960,364: Total time for which application threads were stopped: 0,0000824 seconds, Stopping threads took: 0,0000269 seconds
2015-12-03T17:31:32.061-0500: 960,848: Total time for which application threads were stopped: 0,0001174 seconds, Stopping threads took: 0,0000281 seconds
2015-12-03T17:31:32.062-0500: 960,849: Total time for which application threads were stopped: 0,0001679 seconds, Stopping threads took: 0,0001094 seconds
2015-12-03T17:31:32.078-0500: 960,865: Total time for which application threads were stopped: 0,0001136 seconds, Stopping threads took: 0,0000206 seconds
2015-12-03T17:31:32.078-0500: 960,865: Total time for which application threads were stopped: 0,0000344 seconds, Stopping threads took: 0,0000051 seconds
2015-12-03T17:31:32.078-0500: 960,865: Total time for which application threads were stopped: 0,0000272 seconds, Stopping threads took: 0,0000036 seconds
2015-12-03T17:31:32.078-0500: 960,865: Total time for which application threads were stopped: 0,0000261 seconds, Stopping threads took: 0,0000034 seconds
2015-12-03T17:31:32.078-0500: 960,865: Total time for which application threads were stopped: 0,0000339 seconds, Stopping threads took: 0,0000042 seconds
2015-12-03T17:31:32.078-0500: 960,865: Total time for which application threads were stopped: 0,0000280 seconds, Stopping threads took: 0,0000049 seconds
2015-12-03T17:31:32.078-0500: 960,865: Total time for which application threads were stopped: 0,0000340 seconds, Stopping threads took: 0,0000064 seconds
2015-12-03T17:31:32.079-0500: 960,866: Total time for which application threads were stopped: 0,0001158 seconds, Stopping threads took: 0,0000259 seconds
2015-12-03T17:31:33.079-0500: 961,866: Total time for which application threads were stopped: 0,0000740 seconds, Stopping threads took: 0,0000204 seconds
2015-12-03T17:31:34.089-0500: 962,876: Total time for which application threads were stopped: 0,0001235 seconds, Stopping threads took: 0,0000263 seconds
2015-12-03T17:31:35.229-0500: 964,016: Total time for which application threads were stopped: 0,0000975 seconds, Stopping threads took: 0,0000284 seconds
2015-12-03T17:31:35.249-0500: 964,036: Total time for which application threads were stopped: 0,0000820 seconds, Stopping threads took: 0,0000302 seconds
2015-12-03T17:31:35.254-0500: 964,041: Total time for which application threads were stopped: 0,0000659 seconds, Stopping threads took: 0,0000241 seconds
2015-12-03T17:31:35.254-0500: 964,041: Total time for which application threads were stopped: 0,0000515 seconds, Stopping threads took: 0,0000168 seconds
2015-12-03T17:31:35.254-0500: 964,041: Total time for which application threads were stopped: 0,0000273 seconds, Stopping threads took: 0,0000035 seconds
2015-12-03T17:31:35.254-0500: 964,041: Total time for which application threads were stopped: 0,0000513 seconds, Stopping threads took: 0,0000098 seconds
2015-12-03T17:31:35.255-0500: 964,042: Total time for which application threads were stopped: 0,0000620 seconds, Stopping threads took: 0,0000071 seconds
2015-12-03T17:31:35.255-0500: 964,042: Total time for which application threads were stopped: 0,0000324 seconds, Stopping threads took: 0,0000070 seconds
2015-12-03T17:31:35.255-0500: 964,042: Total time for which application threads were stopped: 0,0000353 seconds, Stopping threads took: 0,0000080 seconds
2015-12-03T17:31:35.255-0500: 964,042: Total time for which application threads were stopped: 0,0000384 seconds, Stopping threads took: 0,0000113 seconds
2015-12-03T17:31:35.256-0500: 964,043: Total time for which application threads were stopped: 0,0000425 seconds, Stopping threads took: 0,0000103 seconds
2015-12-03T17:31:35.273-0500: 964,060: Total time for which application threads were stopped: 0,0001022 seconds, Stopping threads took: 0,0000289 seconds
2015-12-03T17:31:35.274-0500: 964,061: Total time for which application threads were stopped: 0,0001313 seconds, Stopping threads took: 0,0000814 seconds
2015-12-03T17:31:35.275-0500: 964,062: Total time for which application threads were stopped: 0,0001268 seconds, Stopping threads took: 0,0000324 seconds
2015-12-03T17:31:35.280-0500: 964,066: Total time for which application threads were stopped: 0,0000903 seconds, Stopping threads took: 0,0000317 seconds
2015-12-03T17:31:35.283-0500: 964,070: Total time for which application threads were stopped: 0,0000730 seconds, Stopping threads took: 0,0000232 seconds
2015-12-03T17:31:35.283-0500: 964,070: Total time for which application threads were stopped: 0,0000342 seconds, Stopping threads took: 0,0000097 seconds
2015-12-03T17:31:35.284-0500: 964,071: Total time for which application threads were stopped: 0,0000331 seconds, Stopping threads took: 0,0000073 seconds
2015-12-03T17:31:35.320-0500: 964,107: Total time for which application threads were stopped: 0,0000869 seconds, Stopping threads took: 0,0000267 seconds
2015-12-03T17:31:36.099-0500: 964,886: Total time for which application threads were stopped: 0,0001437 seconds, Stopping threads took: 0,0000330 seconds
2015-12-03T17:31:37.049-0500: 965,836: Total time for which application threads were stopped: 0,0001993 seconds, Stopping threads took: 0,0001000 seconds
2015-12-03T17:31:37.049-0500: 965,836: Total time for which application threads were stopped: 0,0000761 seconds, Stopping threads took: 0,0000370 seconds
{Heap before GC invocations=10 (full 1):
 par new generation   total 109248K, used 102995K [0x00000000e0000000, 0x00000000e8000000, 0x00000000e8000000)
  eden space 87424K, 100% used [0x00000000e0000000, 0x00000000e5560000, 0x00000000e5560000)
  from space 21824K,  71% used [0x00000000e5560000, 0x00000000e6494d50, 0x00000000e6ab0000)
  to   space 21824K,   0% used [0x00000000e6ab0000, 0x00000000e6ab0000, 0x00000000e8000000)
 concurrent mark-sweep generation total 393216K, used 5802K [0x00000000e8000000, 0x0000000100000000, 0x0000000100000000)
 Metaspace       used 35181K, capacity 35776K, committed 36088K, reserved 1081344K
  class space    used 3818K, capacity 4012K, committed 4088K, reserved 1048576K
2015-12-03T17:31:37.101-0500: 965,888: [GC (Allocation Failure) 2015-12-03T17:31:37.101-0500: 965,888: [ParNew
Desired survivor size 20112992 bytes, new threshold 8 (max 8)
- age   1:    5054840 bytes,    5054840 total
- age   2:      71664 bytes,    5126504 total
- age   3:    4553408 bytes,    9679912 total
- age   4:     765160 bytes,   10445072 total
- age   5:     131976 bytes,   10577048 total
- age   6:    1691552 bytes,   12268600 total
- age   7:    1125400 bytes,   13394000 total
- age   8:     497360 bytes,   13891360 total
: 102995K->14842K(109248K), 0,0106363 secs] 108797K->20893K(502464K), 0,0107041 secs] [Times: user=0,03 sys=0,00, real=0,01 secs] 
Heap after GC invocations=11 (full 1):
 par new generation   total 109248K, used 14842K [0x00000000e0000000, 0x00000000e8000000, 0x00000000e8000000)
  eden space 87424K,   0% used [0x00000000e0000000, 0x00000000e0000000, 0x00000000e5560000)
  from space 21824K,  68% used [0x00000000e6ab0000, 0x00000000e792e910, 0x00000000e8000000)
  to   space 21824K,   0% used [0x00000000e5560000, 0x00000000e5560000, 0x00000000e6ab0000)
 concurrent mark-sweep generation total 393216K, used 6050K [0x00000000e8000000, 0x0000000100000000, 0x0000000100000000)
 Metaspace       used 35181K, capacity 35776K, committed 36088K, reserved 1081344K
  class space    used 3818K, capacity 4012K, committed 4088K, reserved 1048576K
}
2015-12-03T17:31:37.112-0500: 965,899: Total time for which application threads were stopped: 0,0108688 seconds, Stopping threads took: 0,0000255 seconds
2015-12-03T17:31:37.117-0500: 965,904: Total time for which application threads were stopped: 0,0045525 seconds, Stopping threads took: 0,0044299 seconds
2015-12-03T17:31:37.214-0500: 966,001: Total time for which application threads were stopped: 0,0026468 seconds, Stopping threads took: 0,0025521 seconds
2015-12-03T17:31:38.020-0500: 966,806: Total time for which application threads were stopped: 0,0000916 seconds, Stopping threads took: 0,0000185 seconds
2015-12-03T17:31:38.022-0500: 966,809: Total time for which application threads were stopped: 0,0001890 seconds, Stopping threads took: 0,0001385 seconds
2015-12-03T17:31:38.023-0500: 966,810: Total time for which application threads were stopped: 0,0001176 seconds, Stopping threads took: 0,0000595 seconds
2015-12-03T17:31:38.023-0500: 966,810: Total time for which application threads were stopped: 0,0000655 seconds, Stopping threads took: 0,0000362 seconds
2015-12-03T17:31:38.023-0500: 966,810: Total time for which application threads were stopped: 0,0000363 seconds, Stopping threads took: 0,0000092 seconds
2015-12-03T17:31:38.023-0500: 966,810: Total time for which application threads were stopped: 0,0000510 seconds, Stopping threads took: 0,0000334 seconds
2015-12-03T17:31:38.023-0500: 966,810: Total time for which application threads were stopped: 0,0000393 seconds, Stopping threads took: 0,0000073 seconds
2015-12-03T17:31:38.024-0500: 966,811: Total time for which application threads were stopped: 0,0000523 seconds, Stopping threads took: 0,0000209 seconds
2015-12-03T17:31:38.233-0500: 967,020: Total time for which application threads were stopped: 0,0000841 seconds, Stopping threads took: 0,0000195 seconds
2015-12-03T17:31:42.234-0500: 971,021: Total time for which application threads were stopped: 0,0001076 seconds, Stopping threads took: 0,0000357 seconds
2015-12-03T17:31:50.356-0500: 979,143: Total time for which application threads were stopped: 0,0001251 seconds, Stopping threads took: 0,0000284 seconds
2015-12-03T17:31:50.362-0500: 979,149: Total time for which application threads were stopped: 0,0001446 seconds, Stopping threads took: 0,0000219 seconds
2015-12-03T17:31:50.362-0500: 979,149: Total time for which application threads were stopped: 0,0000678 seconds, Stopping threads took: 0,0000096 seconds
2015-12-03T17:31:51.362-0500: 980,149: Total time for which application threads were stopped: 0,0000822 seconds, Stopping threads took: 0,0000219 seconds
2015-12-03T17:32:31.578-0500: 1020,365: Total time for which application threads were stopped: 0,0002572 seconds, Stopping threads took: 0,0001050 seconds
2015-12-03T17:34:58.643-0500: 1167,429: Total time for which application threads were stopped: 0,0001624 seconds, Stopping threads took: 0,0000747 seconds
2015-12-03T17:34:58.667-0500: 1167,454: Total time for which application threads were stopped: 0,0001269 seconds, Stopping threads took: 0,0000293 seconds
2015-12-03T17:35:00.311-0500: 1169,098: Total time for which application threads were stopped: 0,0001431 seconds, Stopping threads took: 0,0000632 seconds
{Heap before GC invocations=11 (full 1):
 par new generation   total 109248K, used 102252K [0x00000000e0000000, 0x00000000e8000000, 0x00000000e8000000)
  eden space 87424K,  99% used [0x00000000e0000000, 0x00000000e555c830, 0x00000000e5560000)
  from space 21824K,  68% used [0x00000000e6ab0000, 0x00000000e792e910, 0x00000000e8000000)
  to   space 21824K,   0% used [0x00000000e5560000, 0x00000000e5560000, 0x00000000e6ab0000)
 concurrent mark-sweep generation total 393216K, used 6050K [0x00000000e8000000, 0x0000000100000000, 0x0000000100000000)
 Metaspace       used 35484K, capacity 35998K, committed 36344K, reserved 1081344K
  class space    used 3836K, capacity 4017K, committed 4088K, reserved 1048576K
2015-12-03T17:35:00.381-0500: 1169,168: [GC (Allocation Failure) 2015-12-03T17:35:00.381-0500: 1169,168: [ParNew
Desired survivor size 20112992 bytes, new threshold 8 (max 8)
- age   1:    2172352 bytes,    2172352 total
- age   2:    3090368 bytes,    5262720 total
- age   3:      71664 bytes,    5334384 total
- age   4:    4328968 bytes,    9663352 total
- age   5:     126096 bytes,    9789448 total
- age   6:       6608 bytes,    9796056 total
- age   7:    1192912 bytes,   10988968 total
- age   8:    1125400 bytes,   12114368 total
: 102252K->19341K(109248K), 0,0109607 secs] 108303K->25885K(502464K), 0,0110190 secs] [Times: user=0,03 sys=0,00, real=0,01 secs] 
Heap after GC invocations=12 (full 1):
 par new generation   total 109248K, used 19341K [0x00000000e0000000, 0x00000000e8000000, 0x00000000e8000000)
  eden space 87424K,   0% used [0x00000000e0000000, 0x00000000e0000000, 0x00000000e5560000)
  from space 21824K,  88% used [0x00000000e5560000, 0x00000000e68436a0, 0x00000000e6ab0000)
  to   space 21824K,   0% used [0x00000000e6ab0000, 0x00000000e6ab0000, 0x00000000e8000000)
 concurrent mark-sweep generation total 393216K, used 6543K [0x00000000e8000000, 0x0000000100000000, 0x0000000100000000)
 Metaspace       used 35484K, capacity 35998K, committed 36344K, reserved 1081344K
  class space    used 3836K, capacity 4017K, committed 4088K, reserved 1048576K
}
2015-12-03T17:35:00.392-0500: 1169,179: Total time for which application threads were stopped: 0,0112396 seconds, Stopping threads took: 0,0000425 seconds
2015-12-03T17:35:00.393-0500: 1169,179: Total time for which application threads were stopped: 0,0001349 seconds, Stopping threads took: 0,0000346 seconds
2015-12-03T17:35:00.393-0500: 1169,180: Total time for which application threads were stopped: 0,0000607 seconds, Stopping threads took: 0,0000152 seconds
2015-12-03T17:35:00.393-0500: 1169,180: Total time for which application threads were stopped: 0,0000633 seconds, Stopping threads took: 0,0000238 seconds
{Heap before GC invocations=12 (full 1):
 par new generation   total 109248K, used 106765K [0x00000000e0000000, 0x00000000e8000000, 0x00000000e8000000)
  eden space 87424K, 100% used [0x00000000e0000000, 0x00000000e5560000, 0x00000000e5560000)
  from space 21824K,  88% used [0x00000000e5560000, 0x00000000e68436a0, 0x00000000e6ab0000)
  to   space 21824K,   0% used [0x00000000e6ab0000, 0x00000000e6ab0000, 0x00000000e8000000)
 concurrent mark-sweep generation total 393216K, used 6543K [0x00000000e8000000, 0x0000000100000000, 0x0000000100000000)
 Metaspace       used 35522K, capacity 36028K, committed 36344K, reserved 1081344K
  class space    used 3839K, capacity 4022K, committed 4088K, reserved 1048576K
2015-12-03T17:35:00.452-0500: 1169,239: [GC (Allocation Failure) 2015-12-03T17:35:00.452-0500: 1169,239: [ParNew
Desired survivor size 20112992 bytes, new threshold 8 (max 8)
- age   1:     491064 bytes,     491064 total
- age   2:    1711296 bytes,    2202360 total
- age   3:    3088336 bytes,    5290696 total
- age   4:      71664 bytes,    5362360 total
- age   5:    4328968 bytes,    9691328 total
- age   6:     126096 bytes,    9817424 total
- age   7:       6608 bytes,    9824032 total
- age   8:    1192912 bytes,   11016944 total
: 106765K->13124K(109248K), 0,0123275 secs] 113309K->20773K(502464K), 0,0124304 secs] [Times: user=0,04 sys=0,00, real=0,01 secs] 
Heap after GC invocations=13 (full 1):
 par new generation   total 109248K, used 13124K [0x00000000e0000000, 0x00000000e8000000, 0x00000000e8000000)
  eden space 87424K,   0% used [0x00000000e0000000, 0x00000000e0000000, 0x00000000e5560000)
  from space 21824K,  60% used [0x00000000e6ab0000, 0x00000000e77810a8, 0x00000000e8000000)
  to   space 21824K,   0% used [0x00000000e5560000, 0x00000000e5560000, 0x00000000e6ab0000)
 concurrent mark-sweep generation total 393216K, used 7649K [0x00000000e8000000, 0x0000000100000000, 0x0000000100000000)
 Metaspace       used 35522K, capacity 36028K, committed 36344K, reserved 1081344K
  class space    used 3839K, capacity 4022K, committed 4088K, reserved 1048576K
}
2015-12-03T17:35:00.465-0500: 1169,252: Total time for which application threads were stopped: 0,0127208 seconds, Stopping threads took: 0,0000805 seconds
2015-12-03T17:35:00.465-0500: 1169,252: Total time for which application threads were stopped: 0,0001351 seconds, Stopping threads took: 0,0000393 seconds
2015-12-03T17:35:00.465-0500: 1169,252: Total time for which application threads were stopped: 0,0000704 seconds, Stopping threads took: 0,0000215 seconds
2015-12-03T17:35:00.508-0500: 1169,295: Total time for which application threads were stopped: 0,0001746 seconds, Stopping threads took: 0,0000604 seconds
2015-12-03T17:35:00.516-0500: 1169,303: Total time for which application threads were stopped: 0,0001304 seconds, Stopping threads took: 0,0000320 seconds
2015-12-03T17:35:00.517-0500: 1169,304: Total time for which application threads were stopped: 0,0000371 seconds, Stopping threads took: 0,0000109 seconds
2015-12-03T17:35:00.517-0500: 1169,304: Total time for which application threads were stopped: 0,0000459 seconds, Stopping threads took: 0,0000125 seconds
2015-12-03T17:35:00.526-0500: 1169,313: Total time for which application threads were stopped: 0,0000893 seconds, Stopping threads took: 0,0000246 seconds
2015-12-03T17:35:00.526-0500: 1169,313: Total time for which application threads were stopped: 0,0000395 seconds, Stopping threads took: 0,0000134 seconds
2015-12-03T17:35:00.529-0500: 1169,316: Total time for which application threads were stopped: 0,0001077 seconds, Stopping threads took: 0,0000364 seconds
2015-12-03T17:35:00.529-0500: 1169,316: Total time for which application threads were stopped: 0,0000577 seconds, Stopping threads took: 0,0000165 seconds
2015-12-03T17:35:00.534-0500: 1169,320: Total time for which application threads were stopped: 0,0006614 seconds, Stopping threads took: 0,0005907 seconds
2015-12-03T17:35:00.538-0500: 1169,325: Total time for which application threads were stopped: 0,0043704 seconds, Stopping threads took: 0,0043106 seconds
2015-12-03T17:35:00.538-0500: 1169,325: Total time for which application threads were stopped: 0,0000713 seconds, Stopping threads took: 0,0000291 seconds
2015-12-03T17:35:00.539-0500: 1169,326: Total time for which application threads were stopped: 0,0000988 seconds, Stopping threads took: 0,0000223 seconds
2015-12-03T17:35:00.539-0500: 1169,326: Total time for which application threads were stopped: 0,0000450 seconds, Stopping threads took: 0,0000112 seconds
2015-12-03T17:35:00.541-0500: 1169,328: Total time for which application threads were stopped: 0,0000751 seconds, Stopping threads took: 0,0000227 seconds
2015-12-03T17:35:00.542-0500: 1169,328: Total time for which application threads were stopped: 0,0000277 seconds, Stopping threads took: 0,0000074 seconds
2015-12-03T17:35:00.542-0500: 1169,328: Total time for which application threads were stopped: 0,0000238 seconds, Stopping threads took: 0,0000072 seconds
2015-12-03T17:35:00.542-0500: 1169,329: Total time for which application threads were stopped: 0,0000229 seconds, Stopping threads took: 0,0000066 seconds
2015-12-03T17:35:00.542-0500: 1169,329: Total time for which application threads were stopped: 0,0000229 seconds, Stopping threads took: 0,0000066 seconds
2015-12-03T17:35:00.568-0500: 1169,355: Total time for which application threads were stopped: 0,0001170 seconds, Stopping threads took: 0,0000316 seconds
2015-12-03T17:35:03.076-0500: 1171,863: Total time for which application threads were stopped: 0,0001336 seconds, Stopping threads took: 0,0000435 seconds
2015-12-03T17:35:03.076-0500: 1171,863: Total time for which application threads were stopped: 0,0000624 seconds, Stopping threads took: 0,0000209 seconds
2015-12-03T17:35:03.077-0500: 1171,864: Total time for which application threads were stopped: 0,0000740 seconds, Stopping threads took: 0,0000360 seconds
2015-12-03T17:35:03.083-0500: 1171,870: Total time for which application threads were stopped: 0,0001532 seconds, Stopping threads took: 0,0000322 seconds
2015-12-03T17:35:03.084-0500: 1171,871: Total time for which application threads were stopped: 0,0001095 seconds, Stopping threads took: 0,0000317 seconds
2015-12-03T17:35:03.089-0500: 1171,876: Total time for which application threads were stopped: 0,0001240 seconds, Stopping threads took: 0,0000647 seconds
2015-12-03T17:35:03.089-0500: 1171,876: Total time for which application threads were stopped: 0,0000601 seconds, Stopping threads took: 0,0000380 seconds
2015-12-03T17:35:03.924-0500: 1172,711: Total time for which application threads were stopped: 0,0000927 seconds, Stopping threads took: 0,0000341 seconds
2015-12-03T17:35:03.924-0500: 1172,711: Total time for which application threads were stopped: 0,0000815 seconds, Stopping threads took: 0,0000494 seconds
2015-12-03T17:35:03.942-0500: 1172,729: Total time for which application threads were stopped: 0,0001077 seconds, Stopping threads took: 0,0000213 seconds
2015-12-03T17:35:03.942-0500: 1172,729: Total time for which application threads were stopped: 0,0000573 seconds, Stopping threads took: 0,0000093 seconds
2015-12-03T17:35:03.942-0500: 1172,729: Total time for which application threads were stopped: 0,0000481 seconds, Stopping threads took: 0,0000068 seconds
2015-12-03T17:35:03.942-0500: 1172,729: Total time for which application threads were stopped: 0,0000548 seconds, Stopping threads took: 0,0000080 seconds
2015-12-03T17:35:03.942-0500: 1172,729: Total time for which application threads were stopped: 0,0000339 seconds, Stopping threads took: 0,0000071 seconds
2015-12-03T17:35:03.942-0500: 1172,729: Total time for which application threads were stopped: 0,0000343 seconds, Stopping threads took: 0,0000058 seconds
2015-12-03T17:35:03.942-0500: 1172,729: Total time for which application threads were stopped: 0,0000506 seconds, Stopping threads took: 0,0000050 seconds
2015-12-03T17:35:03.943-0500: 1172,730: Total time for which application threads were stopped: 0,0000865 seconds, Stopping threads took: 0,0000246 seconds
2015-12-03T17:35:04.943-0500: 1173,730: Total time for which application threads were stopped: 0,0001173 seconds, Stopping threads took: 0,0000308 seconds
2015-12-03T17:35:05.955-0500: 1174,742: Total time for which application threads were stopped: 0,0001130 seconds, Stopping threads took: 0,0000334 seconds
2015-12-03T17:35:06.300-0500: 1175,087: Total time for which application threads were stopped: 0,0001921 seconds, Stopping threads took: 0,0000644 seconds
2015-12-03T17:35:06.315-0500: 1175,102: Total time for which application threads were stopped: 0,0000982 seconds, Stopping threads took: 0,0000330 seconds
2015-12-03T17:35:06.316-0500: 1175,102: Total time for which application threads were stopped: 0,0000470 seconds, Stopping threads took: 0,0000147 seconds
2015-12-03T17:35:06.316-0500: 1175,103: Total time for which application threads were stopped: 0,0000579 seconds, Stopping threads took: 0,0000151 seconds
2015-12-03T17:35:06.316-0500: 1175,103: Total time for which application threads were stopped: 0,0000483 seconds, Stopping threads took: 0,0000115 seconds
2015-12-03T17:35:06.316-0500: 1175,103: Total time for which application threads were stopped: 0,0000601 seconds, Stopping threads took: 0,0000235 seconds
2015-12-03T17:35:06.316-0500: 1175,103: Total time for which application threads were stopped: 0,0000374 seconds, Stopping threads took: 0,0000158 seconds
2015-12-03T17:35:06.316-0500: 1175,103: Total time for which application threads were stopped: 0,0000341 seconds, Stopping threads took: 0,0000133 seconds
2015-12-03T17:35:06.316-0500: 1175,103: Total time for which application threads were stopped: 0,0000349 seconds, Stopping threads took: 0,0000128 seconds
2015-12-03T17:35:06.317-0500: 1175,104: Total time for which application threads were stopped: 0,0000310 seconds, Stopping threads took: 0,0000076 seconds
2015-12-03T17:35:06.319-0500: 1175,106: Total time for which application threads were stopped: 0,0000873 seconds, Stopping threads took: 0,0000239 seconds
2015-12-03T17:35:06.331-0500: 1175,118: Total time for which application threads were stopped: 0,0001033 seconds, Stopping threads took: 0,0000275 seconds
2015-12-03T17:35:06.332-0500: 1175,119: Total time for which application threads were stopped: 0,0000395 seconds, Stopping threads took: 0,0000106 seconds
2015-12-03T17:35:07.332-0500: 1176,119: Total time for which application threads were stopped: 0,0003407 seconds, Stopping threads took: 0,0000979 seconds
2015-12-03T17:35:07.982-0500: 1176,769: Total time for which application threads were stopped: 0,0001305 seconds, Stopping threads took: 0,0000301 seconds
2015-12-03T17:35:08.982-0500: 1177,769: Total time for which application threads were stopped: 0,0000861 seconds, Stopping threads took: 0,0000227 seconds
2015-12-03T17:35:09.824-0500: 1178,611: Total time for which application threads were stopped: 0,0002157 seconds, Stopping threads took: 0,0000871 seconds
2015-12-03T17:35:09.824-0500: 1178,611: Total time for which application threads were stopped: 0,0001747 seconds, Stopping threads took: 0,0000729 seconds
2015-12-03T17:35:10.522-0500: 1179,309: Total time for which application threads were stopped: 0,0001537 seconds, Stopping threads took: 0,0000232 seconds
2015-12-03T17:35:10.525-0500: 1179,312: Total time for which application threads were stopped: 0,0001864 seconds, Stopping threads took: 0,0001006 seconds
2015-12-03T17:35:10.529-0500: 1179,316: Total time for which application threads were stopped: 0,0001073 seconds, Stopping threads took: 0,0000297 seconds
2015-12-03T17:35:10.529-0500: 1179,316: Total time for which application threads were stopped: 0,0001110 seconds, Stopping threads took: 0,0000613 seconds
2015-12-03T17:35:10.529-0500: 1179,316: Total time for which application threads were stopped: 0,0000545 seconds, Stopping threads took: 0,0000170 seconds
2015-12-03T17:35:10.529-0500: 1179,316: Total time for which application threads were stopped: 0,0000748 seconds, Stopping threads took: 0,0000214 seconds
2015-12-03T17:35:13.530-0500: 1182,316: Total time for which application threads were stopped: 0,0001002 seconds, Stopping threads took: 0,0000231 seconds
2015-12-03T17:35:15.530-0500: 1184,317: Total time for which application threads were stopped: 0,0002389 seconds, Stopping threads took: 0,0000489 seconds
2015-12-03T17:35:22.613-0500: 1191,400: Total time for which application threads were stopped: 0,0001023 seconds, Stopping threads took: 0,0000359 seconds
2015-12-03T17:36:03.090-0500: 1231,876: Total time for which application threads were stopped: 0,0002137 seconds, Stopping threads took: 0,0000478 seconds
2015-12-03T17:41:45.818-0500: 1574,605: Total time for which application threads were stopped: 0,6908613 seconds, Stopping threads took: 0,6907310 seconds
2015-12-03T17:43:41.926-0500: 1690,713: Total time for which application threads were stopped: 0,0001498 seconds, Stopping threads took: 0,0000261 seconds
2015-12-03T17:43:42.186-0500: 1690,973: Total time for which application threads were stopped: 0,0000815 seconds, Stopping threads took: 0,0000224 seconds
2015-12-03T17:43:42.186-0500: 1690,973: Total time for which application threads were stopped: 0,0000398 seconds, Stopping threads took: 0,0000170 seconds
2015-12-03T17:43:43.594-0500: 1692,381: Total time for which application threads were stopped: 0,0001293 seconds, Stopping threads took: 0,0000255 seconds
{Heap before GC invocations=13 (full 1):
 par new generation   total 109248K, used 100548K [0x00000000e0000000, 0x00000000e8000000, 0x00000000e8000000)
  eden space 87424K, 100% used [0x00000000e0000000, 0x00000000e5560000, 0x00000000e5560000)
  from space 21824K,  60% used [0x00000000e6ab0000, 0x00000000e77810a8, 0x00000000e8000000)
  to   space 21824K,   0% used [0x00000000e5560000, 0x00000000e5560000, 0x00000000e6ab0000)
 concurrent mark-sweep generation total 393216K, used 7649K [0x00000000e8000000, 0x0000000100000000, 0x0000000100000000)
 Metaspace       used 37320K, capacity 37888K, committed 38264K, reserved 1083392K
  class space    used 3939K, capacity 4130K, committed 4216K, reserved 1048576K
2015-12-03T17:43:44.131-0500: 1692,918: [GC (Allocation Failure) 2015-12-03T17:43:44.131-0500: 1692,918: [ParNew
Desired survivor size 20112992 bytes, new threshold 8 (max 8)
- age   1:    3449400 bytes,    3449400 total
- age   2:      91264 bytes,    3540664 total
- age   3:     822152 bytes,    4362816 total
- age   4:    3145880 bytes,    7508696 total
- age   5:      71664 bytes,    7580360 total
- age   6:    6490824 bytes,   14071184 total
- age   7:     125960 bytes,   14197144 total
- age   8:       6608 bytes,   14203752 total
: 100548K->17745K(109248K), 0,0126067 secs] 108197K->26579K(502464K), 0,0126802 secs] [Times: user=0,04 sys=0,00, real=0,01 secs] 
Heap after GC invocations=14 (full 1):
 par new generation   total 109248K, used 17745K [0x00000000e0000000, 0x00000000e8000000, 0x00000000e8000000)
  eden space 87424K,   0% used [0x00000000e0000000, 0x00000000e0000000, 0x00000000e5560000)
  from space 21824K,  81% used [0x00000000e5560000, 0x00000000e66b46d8, 0x00000000e6ab0000)
  to   space 21824K,   0% used [0x00000000e6ab0000, 0x00000000e6ab0000, 0x00000000e8000000)
 concurrent mark-sweep generation total 393216K, used 8834K [0x00000000e8000000, 0x0000000100000000, 0x0000000100000000)
 Metaspace       used 37320K, capacity 37888K, committed 38264K, reserved 1083392K
  class space    used 3939K, capacity 4130K, committed 4216K, reserved 1048576K
}
2015-12-03T17:43:44.144-0500: 1692,931: Total time for which application threads were stopped: 0,0288069 seconds, Stopping threads took: 0,0000323 seconds
2015-12-03T17:43:44.145-0500: 1692,932: Total time for which application threads were stopped: 0,0002016 seconds, Stopping threads took: 0,0000366 seconds
2015-12-03T17:43:44.145-0500: 1692,932: Total time for which application threads were stopped: 0,0000935 seconds, Stopping threads took: 0,0000511 seconds
2015-12-03T17:43:44.145-0500: 1692,932: Total time for which application threads were stopped: 0,0001332 seconds, Stopping threads took: 0,0000308 seconds
{Heap before GC invocations=14 (full 1):
 par new generation   total 109248K, used 105169K [0x00000000e0000000, 0x00000000e8000000, 0x00000000e8000000)
  eden space 87424K, 100% used [0x00000000e0000000, 0x00000000e5560000, 0x00000000e5560000)
  from space 21824K,  81% used [0x00000000e5560000, 0x00000000e66b46d8, 0x00000000e6ab0000)
  to   space 21824K,   0% used [0x00000000e6ab0000, 0x00000000e6ab0000, 0x00000000e8000000)
 concurrent mark-sweep generation total 393216K, used 8834K [0x00000000e8000000, 0x0000000100000000, 0x0000000100000000)
 Metaspace       used 37327K, capacity 37952K, committed 38264K, reserved 1083392K
  class space    used 3939K, capacity 4130K, committed 4216K, reserved 1048576K
2015-12-03T17:43:44.196-0500: 1692,983: [GC (Allocation Failure) 2015-12-03T17:43:44.196-0500: 1692,983: [ParNew
Desired survivor size 20112992 bytes, new threshold 8 (max 8)
- age   1:    1155688 bytes,    1155688 total
- age   2:    2310824 bytes,    3466512 total
- age   3:      90848 bytes,    3557360 total
- age   4:     814464 bytes,    4371824 total
- age   5:    2221048 bytes,    6592872 total
- age   6:       3648 bytes,    6596520 total
- age   7:    5816944 bytes,   12413464 total
- age   8:      57264 bytes,   12470728 total
: 105169K->15269K(109248K), 0,0124499 secs] 114003K->24110K(502464K), 0,0125331 secs] [Times: user=0,03 sys=0,00, real=0,01 secs] 
Heap after GC invocations=15 (full 1):
 par new generation   total 109248K, used 15269K [0x00000000e0000000, 0x00000000e8000000, 0x00000000e8000000)
  eden space 87424K,   0% used [0x00000000e0000000, 0x00000000e0000000, 0x00000000e5560000)
  from space 21824K,  69% used [0x00000000e6ab0000, 0x00000000e7999760, 0x00000000e8000000)
  to   space 21824K,   0% used [0x00000000e5560000, 0x00000000e5560000, 0x00000000e6ab0000)
 concurrent mark-sweep generation total 393216K, used 8840K [0x00000000e8000000, 0x0000000100000000, 0x0000000100000000)
 Metaspace       used 37327K, capacity 37952K, committed 38264K, reserved 1083392K
  class space    used 3939K, capacity 4130K, committed 4216K, reserved 1048576K
}
2015-12-03T17:43:44.208-0500: 1692,995: Total time for which application threads were stopped: 0,0127310 seconds, Stopping threads took: 0,0000382 seconds
2015-12-03T17:43:44.213-0500: 1693,000: Total time for which application threads were stopped: 0,0045412 seconds, Stopping threads took: 0,0044480 seconds
2015-12-03T17:43:44.266-0500: 1693,053: Total time for which application threads were stopped: 0,0002091 seconds, Stopping threads took: 0,0000264 seconds
{Heap before GC invocations=15 (full 1):
 par new generation   total 109248K, used 102693K [0x00000000e0000000, 0x00000000e8000000, 0x00000000e8000000)
  eden space 87424K, 100% used [0x00000000e0000000, 0x00000000e5560000, 0x00000000e5560000)
  from space 21824K,  69% used [0x00000000e6ab0000, 0x00000000e7999760, 0x00000000e8000000)
  to   space 21824K,   0% used [0x00000000e5560000, 0x00000000e5560000, 0x00000000e6ab0000)
 concurrent mark-sweep generation total 393216K, used 8840K [0x00000000e8000000, 0x0000000100000000, 0x0000000100000000)
 Metaspace       used 37342K, capacity 37960K, committed 38264K, reserved 1083392K
  class space    used 3940K, capacity 4130K, committed 4216K, reserved 1048576K
2015-12-03T17:43:44.354-0500: 1693,141: [GC (Allocation Failure) 2015-12-03T17:43:44.354-0500: 1693,141: [ParNew
Desired survivor size 20112992 bytes, new threshold 8 (max 8)
- age   1:     625560 bytes,     625560 total
- age   2:     146056 bytes,     771616 total
- age   3:    2310216 bytes,    3081832 total
- age   4:      90848 bytes,    3172680 total
- age   5:     814464 bytes,    3987144 total
- age   6:    2220984 bytes,    6208128 total
- age   7:       3648 bytes,    6211776 total
- age   8:    5816832 bytes,   12028608 total
: 102693K->14024K(109248K), 0,0091455 secs] 111534K->22921K(502464K), 0,0092121 secs] [Times: user=0,03 sys=0,00, real=0,00 secs] 
Heap after GC invocations=16 (full 1):
 par new generation   total 109248K, used 14024K [0x00000000e0000000, 0x00000000e8000000, 0x00000000e8000000)
  eden space 87424K,   0% used [0x00000000e0000000, 0x00000000e0000000, 0x00000000e5560000)
  from space 21824K,  64% used [0x00000000e5560000, 0x00000000e6312368, 0x00000000e6ab0000)
  to   space 21824K,   0% used [0x00000000e6ab0000, 0x00000000e6ab0000, 0x00000000e8000000)
 concurrent mark-sweep generation total 393216K, used 8897K [0x00000000e8000000, 0x0000000100000000, 0x0000000100000000)
 Metaspace       used 37342K, capacity 37960K, committed 38264K, reserved 1083392K
  class space    used 3940K, capacity 4130K, committed 4216K, reserved 1048576K
}
2015-12-03T17:43:44.363-0500: 1693,150: Total time for which application threads were stopped: 0,0094002 seconds, Stopping threads took: 0,0000457 seconds
2015-12-03T17:43:44.385-0500: 1693,172: Total time for which application threads were stopped: 0,0001888 seconds, Stopping threads took: 0,0000869 seconds
2015-12-03T17:43:44.463-0500: 1693,250: Total time for which application threads were stopped: 0,0001913 seconds, Stopping threads took: 0,0000714 seconds
2015-12-03T17:43:44.464-0500: 1693,250: Total time for which application threads were stopped: 0,0000905 seconds, Stopping threads took: 0,0000120 seconds
2015-12-03T17:43:44.464-0500: 1693,251: Total time for which application threads were stopped: 0,0000464 seconds, Stopping threads took: 0,0000186 seconds
2015-12-03T17:43:44.472-0500: 1693,258: Total time for which application threads were stopped: 0,0000866 seconds, Stopping threads took: 0,0000225 seconds
2015-12-03T17:43:44.472-0500: 1693,259: Total time for which application threads were stopped: 0,0000440 seconds, Stopping threads took: 0,0000123 seconds
2015-12-03T17:43:44.537-0500: 1693,324: Total time for which application threads were stopped: 0,0001650 seconds, Stopping threads took: 0,0000810 seconds
2015-12-03T17:43:44.537-0500: 1693,324: Total time for which application threads were stopped: 0,0001229 seconds, Stopping threads took: 0,0000635 seconds
2015-12-03T17:43:44.593-0500: 1693,380: Total time for which application threads were stopped: 0,0000998 seconds, Stopping threads took: 0,0000303 seconds
2015-12-03T17:43:44.593-0500: 1693,380: Total time for which application threads were stopped: 0,0001053 seconds, Stopping threads took: 0,0000644 seconds
2015-12-03T17:43:44.594-0500: 1693,381: Total time for which application threads were stopped: 0,0001483 seconds, Stopping threads took: 0,0001133 seconds
2015-12-03T17:43:44.594-0500: 1693,381: Total time for which application threads were stopped: 0,0000457 seconds, Stopping threads took: 0,0000185 seconds
2015-12-03T17:43:44.594-0500: 1693,381: Total time for which application threads were stopped: 0,0000287 seconds, Stopping threads took: 0,0000069 seconds
2015-12-03T17:43:44.594-0500: 1693,381: Total time for which application threads were stopped: 0,0000411 seconds, Stopping threads took: 0,0000094 seconds
2015-12-03T17:43:44.594-0500: 1693,381: Total time for which application threads were stopped: 0,0000614 seconds, Stopping threads took: 0,0000235 seconds
2015-12-03T17:43:44.602-0500: 1693,389: Total time for which application threads were stopped: 0,0001001 seconds, Stopping threads took: 0,0000324 seconds
2015-12-03T17:43:45.602-0500: 1694,389: Total time for which application threads were stopped: 0,0001152 seconds, Stopping threads took: 0,0000309 seconds
2015-12-03T17:43:47.010-0500: 1695,797: Total time for which application threads were stopped: 0,0001493 seconds, Stopping threads took: 0,0000744 seconds
2015-12-03T17:43:47.010-0500: 1695,797: Total time for which application threads were stopped: 0,0001112 seconds, Stopping threads took: 0,0000506 seconds
2015-12-03T17:43:47.015-0500: 1695,801: Total time for which application threads were stopped: 0,0001411 seconds, Stopping threads took: 0,0000572 seconds
2015-12-03T17:43:47.015-0500: 1695,802: Total time for which application threads were stopped: 0,0000694 seconds, Stopping threads took: 0,0000137 seconds
2015-12-03T17:43:47.144-0500: 1695,931: Total time for which application threads were stopped: 0,0001356 seconds, Stopping threads took: 0,0000374 seconds
2015-12-03T17:43:47.144-0500: 1695,931: Total time for which application threads were stopped: 0,0000481 seconds, Stopping threads took: 0,0000092 seconds
2015-12-03T17:43:47.193-0500: 1695,980: Total time for which application threads were stopped: 0,0001244 seconds, Stopping threads took: 0,0000455 seconds
2015-12-03T17:43:47.193-0500: 1695,980: Total time for which application threads were stopped: 0,0000801 seconds, Stopping threads took: 0,0000338 seconds
2015-12-03T17:43:48.374-0500: 1697,161: Total time for which application threads were stopped: 0,0001879 seconds, Stopping threads took: 0,0000543 seconds
2015-12-03T17:43:48.474-0500: 1697,260: Total time for which application threads were stopped: 0,0001287 seconds, Stopping threads took: 0,0000477 seconds
2015-12-03T17:43:48.474-0500: 1697,261: Total time for which application threads were stopped: 0,0002001 seconds, Stopping threads took: 0,0000470 seconds
2015-12-03T17:43:48.474-0500: 1697,261: Total time for which application threads were stopped: 0,0001773 seconds, Stopping threads took: 0,0001125 seconds
2015-12-03T17:43:48.475-0500: 1697,262: Total time for which application threads were stopped: 0,0000798 seconds, Stopping threads took: 0,0000191 seconds
2015-12-03T17:43:48.476-0500: 1697,262: Total time for which application threads were stopped: 0,0000378 seconds, Stopping threads took: 0,0000055 seconds
2015-12-03T17:43:48.476-0500: 1697,263: Total time for which application threads were stopped: 0,0000396 seconds, Stopping threads took: 0,0000061 seconds
2015-12-03T17:43:48.476-0500: 1697,263: Total time for which application threads were stopped: 0,0000410 seconds, Stopping threads took: 0,0000065 seconds
2015-12-03T17:43:48.476-0500: 1697,263: Total time for which application threads were stopped: 0,0000298 seconds, Stopping threads took: 0,0000056 seconds
2015-12-03T17:43:48.476-0500: 1697,263: Total time for which application threads were stopped: 0,0000432 seconds, Stopping threads took: 0,0000051 seconds
2015-12-03T17:43:48.477-0500: 1697,264: Total time for which application threads were stopped: 0,0000586 seconds, Stopping threads took: 0,0000107 seconds
2015-12-03T17:43:50.513-0500: 1699,300: Total time for which application threads were stopped: 0,0000878 seconds, Stopping threads took: 0,0000202 seconds
2015-12-03T17:43:51.195-0500: 1699,982: Total time for which application threads were stopped: 0,0001052 seconds, Stopping threads took: 0,0000221 seconds
2015-12-03T17:43:51.205-0500: 1699,992: Total time for which application threads were stopped: 0,0000940 seconds, Stopping threads took: 0,0000243 seconds
2015-12-03T17:43:51.205-0500: 1699,992: Total time for which application threads were stopped: 0,0000473 seconds, Stopping threads took: 0,0000074 seconds
2015-12-03T17:43:51.205-0500: 1699,992: Total time for which application threads were stopped: 0,0000807 seconds, Stopping threads took: 0,0000186 seconds
2015-12-03T17:43:51.224-0500: 1700,011: Total time for which application threads were stopped: 0,0000789 seconds, Stopping threads took: 0,0000214 seconds
2015-12-03T17:43:51.224-0500: 1700,011: Total time for which application threads were stopped: 0,0000383 seconds, Stopping threads took: 0,0000096 seconds
2015-12-03T17:43:51.224-0500: 1700,011: Total time for which application threads were stopped: 0,0000387 seconds, Stopping threads took: 0,0000097 seconds
2015-12-03T17:43:51.224-0500: 1700,011: Total time for which application threads were stopped: 0,0000384 seconds, Stopping threads took: 0,0000097 seconds
2015-12-03T17:43:51.224-0500: 1700,011: Total time for which application threads were stopped: 0,0000307 seconds, Stopping threads took: 0,0000074 seconds
2015-12-03T17:43:51.225-0500: 1700,012: Total time for which application threads were stopped: 0,0000276 seconds, Stopping threads took: 0,0000054 seconds
2015-12-03T17:43:51.263-0500: 1700,050: Total time for which application threads were stopped: 0,0000944 seconds, Stopping threads took: 0,0000281 seconds
2015-12-03T17:43:51.263-0500: 1700,050: Total time for which application threads were stopped: 0,0000614 seconds, Stopping threads took: 0,0000302 seconds
2015-12-03T17:43:51.283-0500: 1700,070: Total time for which application threads were stopped: 0,0000804 seconds, Stopping threads took: 0,0000170 seconds
2015-12-03T17:43:52.283-0500: 1701,070: Total time for which application threads were stopped: 0,0000948 seconds, Stopping threads took: 0,0000228 seconds
2015-12-03T17:43:52.526-0500: 1701,313: Total time for which application threads were stopped: 0,0002350 seconds, Stopping threads took: 0,0000483 seconds
2015-12-03T17:43:53.062-0500: 1701,849: Total time for which application threads were stopped: 0,0000857 seconds, Stopping threads took: 0,0000179 seconds
2015-12-03T17:43:53.062-0500: 1701,849: Total time for which application threads were stopped: 0,0000528 seconds, Stopping threads took: 0,0000214 seconds
2015-12-03T17:43:53.878-0500: 1702,664: Total time for which application threads were stopped: 0,0002297 seconds, Stopping threads took: 0,0000444 seconds
2015-12-03T17:43:53.886-0500: 1702,673: Total time for which application threads were stopped: 0,0009390 seconds, Stopping threads took: 0,0007530 seconds
2015-12-03T17:43:53.891-0500: 1702,677: Total time for which application threads were stopped: 0,0031787 seconds, Stopping threads took: 0,0030122 seconds
2015-12-03T17:43:53.891-0500: 1702,678: Total time for which application threads were stopped: 0,0002184 seconds, Stopping threads took: 0,0001005 seconds
2015-12-03T17:43:54.891-0500: 1703,678: Total time for which application threads were stopped: 0,0000726 seconds, Stopping threads took: 0,0000192 seconds
2015-12-03T17:43:57.891-0500: 1706,678: Total time for which application threads were stopped: 0,0000799 seconds, Stopping threads took: 0,0000223 seconds
2015-12-03T17:44:21.240-0500: 1730,027: Total time for which application threads were stopped: 0,0001118 seconds, Stopping threads took: 0,0000301 seconds
2015-12-03T17:44:22.240-0500: 1731,027: Total time for which application threads were stopped: 0,0001830 seconds, Stopping threads took: 0,0000488 seconds
2015-12-03T17:44:47.193-0500: 1755,980: Total time for which application threads were stopped: 0,0001277 seconds, Stopping threads took: 0,0000464 seconds
2015-12-03T17:45:43.289-0500: 1812,076: Total time for which application threads were stopped: 0,0001124 seconds, Stopping threads took: 0,0000308 seconds
2015-12-03T17:45:43.323-0500: 1812,109: Total time for which application threads were stopped: 0,0001320 seconds, Stopping threads took: 0,0000181 seconds
2015-12-03T17:45:43.329-0500: 1812,116: Total time for which application threads were stopped: 0,0000779 seconds, Stopping threads took: 0,0000191 seconds
2015-12-03T17:45:44.471-0500: 1813,258: Total time for which application threads were stopped: 0,0005283 seconds, Stopping threads took: 0,0000665 seconds
{Heap before GC invocations=16 (full 1):
 par new generation   total 109248K, used 101437K [0x00000000e0000000, 0x00000000e8000000, 0x00000000e8000000)
  eden space 87424K,  99% used [0x00000000e0000000, 0x00000000e555d3f8, 0x00000000e5560000)
  from space 21824K,  64% used [0x00000000e5560000, 0x00000000e6312368, 0x00000000e6ab0000)
  to   space 21824K,   0% used [0x00000000e6ab0000, 0x00000000e6ab0000, 0x00000000e8000000)
 concurrent mark-sweep generation total 393216K, used 8897K [0x00000000e8000000, 0x0000000100000000, 0x0000000100000000)
 Metaspace       used 39072K, capacity 39694K, committed 40184K, reserved 1085440K
  class space    used 4041K, capacity 4239K, committed 4344K, reserved 1048576K
2015-12-03T17:45:44.570-0500: 1813,357: [GC (Allocation Failure) 2015-12-03T17:45:44.571-0500: 1813,357: [ParNew
Desired survivor size 20112992 bytes, new threshold 8 (max 8)
- age   1:    4105264 bytes,    4105264 total
- age   2:     454720 bytes,    4559984 total
- age   3:     145064 bytes,    4705048 total
- age   4:    2157904 bytes,    6862952 total
- age   5:      90848 bytes,    6953800 total
- age   6:     814248 bytes,    7768048 total
- age   7:    2154368 bytes,    9922416 total
- age   8:       3648 bytes,    9926064 total
: 101437K->11541K(109248K), 0,0126127 secs] 110334K->23951K(502464K), 0,0126915 secs] [Times: user=0,04 sys=0,00, real=0,01 secs] 
Heap after GC invocations=17 (full 1):
 par new generation   total 109248K, used 11541K [0x00000000e0000000, 0x00000000e8000000, 0x00000000e8000000)
  eden space 87424K,   0% used [0x00000000e0000000, 0x00000000e0000000, 0x00000000e5560000)
  from space 21824K,  52% used [0x00000000e6ab0000, 0x00000000e75f55e0, 0x00000000e8000000)
  to   space 21824K,   0% used [0x00000000e5560000, 0x00000000e5560000, 0x00000000e6ab0000)
 concurrent mark-sweep generation total 393216K, used 12409K [0x00000000e8000000, 0x0000000100000000, 0x0000000100000000)
 Metaspace       used 39072K, capacity 39694K, committed 40184K, reserved 1085440K
  class space    used 4041K, capacity 4239K, committed 4344K, reserved 1048576K
}
2015-12-03T17:45:44.583-0500: 1813,370: Total time for which application threads were stopped: 0,0129095 seconds, Stopping threads took: 0,0000479 seconds
2015-12-03T17:45:44.584-0500: 1813,371: Total time for which application threads were stopped: 0,0001366 seconds, Stopping threads took: 0,0000410 seconds
2015-12-03T17:45:44.584-0500: 1813,371: Total time for which application threads were stopped: 0,0000719 seconds, Stopping threads took: 0,0000237 seconds
2015-12-03T17:45:44.584-0500: 1813,371: Total time for which application threads were stopped: 0,0000436 seconds, Stopping threads took: 0,0000139 seconds
2015-12-03T17:45:44.584-0500: 1813,371: Total time for which application threads were stopped: 0,0000474 seconds, Stopping threads took: 0,0000224 seconds
{Heap before GC invocations=17 (full 1):
 par new generation   total 109248K, used 98965K [0x00000000e0000000, 0x00000000e8000000, 0x00000000e8000000)
  eden space 87424K, 100% used [0x00000000e0000000, 0x00000000e5560000, 0x00000000e5560000)
  from space 21824K,  52% used [0x00000000e6ab0000, 0x00000000e75f55e0, 0x00000000e8000000)
  to   space 21824K,   0% used [0x00000000e5560000, 0x00000000e5560000, 0x00000000e6ab0000)
 concurrent mark-sweep generation total 393216K, used 12409K [0x00000000e8000000, 0x0000000100000000, 0x0000000100000000)
 Metaspace       used 39082K, capacity 39706K, committed 40184K, reserved 1085440K
  class space    used 4042K, capacity 4241K, committed 4344K, reserved 1048576K
2015-12-03T17:45:44.632-0500: 1813,418: [GC (Allocation Failure) 2015-12-03T17:45:44.632-0500: 1813,419: [ParNew
Desired survivor size 20112992 bytes, new threshold 8 (max 8)
- age   1:     403720 bytes,     403720 total
- age   2:    2944072 bytes,    3347792 total
- age   3:     454400 bytes,    3802192 total
- age   4:     144744 bytes,    3946936 total
- age   5:    1363464 bytes,    5310400 total
- age   6:       5752 bytes,    5316152 total
- age   7:     217504 bytes,    5533656 total
- age   8:    2153888 bytes,    7687544 total
: 98965K->12347K(109248K), 0,0139922 secs] 111375K->24761K(502464K), 0,0140934 secs] [Times: user=0,05 sys=0,00, real=0,01 secs] 
Heap after GC invocations=18 (full 1):
 par new generation   total 109248K, used 12347K [0x00000000e0000000, 0x00000000e8000000, 0x00000000e8000000)
  eden space 87424K,   0% used [0x00000000e0000000, 0x00000000e0000000, 0x00000000e5560000)
  from space 21824K,  56% used [0x00000000e5560000, 0x00000000e616ef10, 0x00000000e6ab0000)
  to   space 21824K,   0% used [0x00000000e6ab0000, 0x00000000e6ab0000, 0x00000000e8000000)
 concurrent mark-sweep generation total 393216K, used 12413K [0x00000000e8000000, 0x0000000100000000, 0x0000000100000000)
 Metaspace       used 39082K, capacity 39706K, committed 40184K, reserved 1085440K
  class space    used 4042K, capacity 4241K, committed 4344K, reserved 1048576K
}
2015-12-03T17:45:44.646-0500: 1813,433: Total time for which application threads were stopped: 0,0143393 seconds, Stopping threads took: 0,0000548 seconds
2015-12-03T17:45:44.646-0500: 1813,433: Total time for which application threads were stopped: 0,0001753 seconds, Stopping threads took: 0,0000368 seconds
2015-12-03T17:45:44.646-0500: 1813,433: Total time for which application threads were stopped: 0,0000464 seconds, Stopping threads took: 0,0000197 seconds
2015-12-03T17:45:44.646-0500: 1813,433: Total time for which application threads were stopped: 0,0000653 seconds, Stopping threads took: 0,0000172 seconds
2015-12-03T17:45:44.707-0500: 1813,494: Total time for which application threads were stopped: 0,0001687 seconds, Stopping threads took: 0,0000344 seconds
2015-12-03T17:45:44.749-0500: 1813,536: Total time for which application threads were stopped: 0,0001417 seconds, Stopping threads took: 0,0000317 seconds
2015-12-03T17:45:44.750-0500: 1813,536: Total time for which application threads were stopped: 0,0000456 seconds, Stopping threads took: 0,0000119 seconds
2015-12-03T17:45:44.750-0500: 1813,537: Total time for which application threads were stopped: 0,0000317 seconds, Stopping threads took: 0,0000082 seconds
2015-12-03T17:45:44.757-0500: 1813,544: Total time for which application threads were stopped: 0,0000968 seconds, Stopping threads took: 0,0000238 seconds
2015-12-03T17:45:44.759-0500: 1813,546: Total time for which application threads were stopped: 0,0017768 seconds, Stopping threads took: 0,0016972 seconds
2015-12-03T17:45:44.765-0500: 1813,552: Total time for which application threads were stopped: 0,0001374 seconds, Stopping threads took: 0,0000556 seconds
2015-12-03T17:45:44.766-0500: 1813,553: Total time for which application threads were stopped: 0,0000730 seconds, Stopping threads took: 0,0000215 seconds
2015-12-03T17:45:44.769-0500: 1813,556: Total time for which application threads were stopped: 0,0001122 seconds, Stopping threads took: 0,0000375 seconds
2015-12-03T17:45:44.770-0500: 1813,556: Total time for which application threads were stopped: 0,0000645 seconds, Stopping threads took: 0,0000211 seconds
2015-12-03T17:45:44.770-0500: 1813,557: Total time for which application threads were stopped: 0,0000520 seconds, Stopping threads took: 0,0000187 seconds
2015-12-03T17:45:44.770-0500: 1813,557: Total time for which application threads were stopped: 0,0000601 seconds, Stopping threads took: 0,0000296 seconds
2015-12-03T17:45:44.770-0500: 1813,557: Total time for which application threads were stopped: 0,0000521 seconds, Stopping threads took: 0,0000168 seconds
2015-12-03T17:45:44.770-0500: 1813,557: Total time for which application threads were stopped: 0,0000441 seconds, Stopping threads took: 0,0000179 seconds
2015-12-03T17:45:44.770-0500: 1813,557: Total time for which application threads were stopped: 0,0000507 seconds, Stopping threads took: 0,0000191 seconds
2015-12-03T17:45:44.782-0500: 1813,569: Total time for which application threads were stopped: 0,0001328 seconds, Stopping threads took: 0,0000335 seconds
2015-12-03T17:45:45.782-0500: 1814,569: Total time for which application threads were stopped: 0,0001376 seconds, Stopping threads took: 0,0000339 seconds
2015-12-03T17:45:46.180-0500: 1814,967: Total time for which application threads were stopped: 0,0001211 seconds, Stopping threads took: 0,0000406 seconds
2015-12-03T17:45:46.180-0500: 1814,967: Total time for which application threads were stopped: 0,0000593 seconds, Stopping threads took: 0,0000207 seconds
2015-12-03T17:45:46.182-0500: 1814,969: Total time for which application threads were stopped: 0,0001311 seconds, Stopping threads took: 0,0000614 seconds
2015-12-03T17:45:46.184-0500: 1814,971: Total time for which application threads were stopped: 0,0001091 seconds, Stopping threads took: 0,0000221 seconds
2015-12-03T17:45:46.185-0500: 1814,972: Total time for which application threads were stopped: 0,0000878 seconds, Stopping threads took: 0,0000226 seconds
2015-12-03T17:45:46.189-0500: 1814,976: Total time for which application threads were stopped: 0,0001119 seconds, Stopping threads took: 0,0000220 seconds
2015-12-03T17:45:46.190-0500: 1814,977: Total time for which application threads were stopped: 0,0000883 seconds, Stopping threads took: 0,0000240 seconds
2015-12-03T17:45:46.190-0500: 1814,977: Total time for which application threads were stopped: 0,0000402 seconds, Stopping threads took: 0,0000145 seconds
2015-12-03T17:45:47.050-0500: 1815,837: Total time for which application threads were stopped: 0,0001161 seconds, Stopping threads took: 0,0000255 seconds
2015-12-03T17:45:47.051-0500: 1815,838: Total time for which application threads were stopped: 0,0000794 seconds, Stopping threads took: 0,0000125 seconds
2015-12-03T17:45:47.072-0500: 1815,859: Total time for which application threads were stopped: 0,0001074 seconds, Stopping threads took: 0,0000306 seconds
2015-12-03T17:45:47.072-0500: 1815,859: Total time for which application threads were stopped: 0,0000882 seconds, Stopping threads took: 0,0000272 seconds
2015-12-03T17:45:47.072-0500: 1815,859: Total time for which application threads were stopped: 0,0000516 seconds, Stopping threads took: 0,0000108 seconds
2015-12-03T17:45:47.072-0500: 1815,859: Total time for which application threads were stopped: 0,0000449 seconds, Stopping threads took: 0,0000081 seconds
2015-12-03T17:45:47.072-0500: 1815,859: Total time for which application threads were stopped: 0,0000528 seconds, Stopping threads took: 0,0000091 seconds
2015-12-03T17:45:47.072-0500: 1815,859: Total time for which application threads were stopped: 0,0000375 seconds, Stopping threads took: 0,0000048 seconds
2015-12-03T17:45:47.073-0500: 1815,860: Total time for which application threads were stopped: 0,0000469 seconds, Stopping threads took: 0,0000075 seconds
2015-12-03T17:45:47.073-0500: 1815,860: Total time for which application threads were stopped: 0,0000371 seconds, Stopping threads took: 0,0000046 seconds
2015-12-03T17:45:47.073-0500: 1815,860: Total time for which application threads were stopped: 0,0000489 seconds, Stopping threads took: 0,0000085 seconds
2015-12-03T17:45:49.087-0500: 1817,874: Total time for which application threads were stopped: 0,0001064 seconds, Stopping threads took: 0,0000344 seconds
2015-12-03T17:45:50.088-0500: 1818,875: Total time for which application threads were stopped: 0,0000845 seconds, Stopping threads took: 0,0000229 seconds
2015-12-03T17:45:50.096-0500: 1818,883: Total time for which application threads were stopped: 0,0000971 seconds, Stopping threads took: 0,0000247 seconds
2015-12-03T17:45:50.107-0500: 1818,894: Total time for which application threads were stopped: 0,0001147 seconds, Stopping threads took: 0,0000502 seconds
2015-12-03T17:45:50.107-0500: 1818,894: Total time for which application threads were stopped: 0,0000542 seconds, Stopping threads took: 0,0000226 seconds
2015-12-03T17:45:50.108-0500: 1818,895: Total time for which application threads were stopped: 0,0000563 seconds, Stopping threads took: 0,0000235 seconds
2015-12-03T17:45:50.108-0500: 1818,895: Total time for which application threads were stopped: 0,0000483 seconds, Stopping threads took: 0,0000193 seconds
2015-12-03T17:45:50.108-0500: 1818,895: Total time for which application threads were stopped: 0,0000586 seconds, Stopping threads took: 0,0000353 seconds
2015-12-03T17:45:50.108-0500: 1818,895: Total time for which application threads were stopped: 0,0000438 seconds, Stopping threads took: 0,0000225 seconds
2015-12-03T17:45:50.108-0500: 1818,895: Total time for which application threads were stopped: 0,0000361 seconds, Stopping threads took: 0,0000136 seconds
2015-12-03T17:45:50.108-0500: 1818,895: Total time for which application threads were stopped: 0,0000333 seconds, Stopping threads took: 0,0000119 seconds
2015-12-03T17:45:50.109-0500: 1818,896: Total time for which application threads were stopped: 0,0000394 seconds, Stopping threads took: 0,0000149 seconds
2015-12-03T17:45:50.109-0500: 1818,896: Total time for which application threads were stopped: 0,0001692 seconds, Stopping threads took: 0,0001458 seconds
2015-12-03T17:45:50.113-0500: 1818,900: Total time for which application threads were stopped: 0,0000939 seconds, Stopping threads took: 0,0000236 seconds
2015-12-03T17:45:50.114-0500: 1818,901: Total time for which application threads were stopped: 0,0000463 seconds, Stopping threads took: 0,0000093 seconds
2015-12-03T17:45:51.095-0500: 1819,882: Total time for which application threads were stopped: 0,0002643 seconds, Stopping threads took: 0,0000232 seconds
2015-12-03T17:45:51.943-0500: 1820,730: Total time for which application threads were stopped: 0,0001148 seconds, Stopping threads took: 0,0000444 seconds
2015-12-03T17:45:51.943-0500: 1820,730: Total time for which application threads were stopped: 0,0000506 seconds, Stopping threads took: 0,0000100 seconds
{Heap before GC invocations=18 (full 1):
 par new generation   total 109248K, used 99771K [0x00000000e0000000, 0x00000000e8000000, 0x00000000e8000000)
  eden space 87424K, 100% used [0x00000000e0000000, 0x00000000e5560000, 0x00000000e5560000)
  from space 21824K,  56% used [0x00000000e5560000, 0x00000000e616ef10, 0x00000000e6ab0000)
  to   space 21824K,   0% used [0x00000000e6ab0000, 0x00000000e6ab0000, 0x00000000e8000000)
 concurrent mark-sweep generation total 393216K, used 12413K [0x00000000e8000000, 0x0000000100000000, 0x0000000100000000)
 Metaspace       used 40659K, capacity 41356K, committed 41848K, reserved 1087488K
  class space    used 4139K, capacity 4346K, committed 4472K, reserved 1048576K
2015-12-03T17:45:51.992-0500: 1820,779: [GC (Allocation Failure) 2015-12-03T17:45:51.992-0500: 1820,779: [ParNew
Desired survivor size 20112992 bytes, new threshold 8 (max 8)
- age   1:    3565216 bytes,    3565216 total
- age   2:      72864 bytes,    3638080 total
- age   3:    2074392 bytes,    5712472 total
- age   4:     454296 bytes,    6166768 total
- age   5:     144776 bytes,    6311544 total
- age   6:    1363272 bytes,    7674816 total
- age   7:       5752 bytes,    7680568 total
- age   8:     217504 bytes,    7898072 total
: 99771K->9837K(109248K), 0,0148570 secs] 112185K->24358K(502464K), 0,0149334 secs] [Times: user=0,04 sys=0,01, real=0,02 secs] 
Heap after GC invocations=19 (full 1):
 par new generation   total 109248K, used 9837K [0x00000000e0000000, 0x00000000e8000000, 0x00000000e8000000)
  eden space 87424K,   0% used [0x00000000e0000000, 0x00000000e0000000, 0x00000000e5560000)
  from space 21824K,  45% used [0x00000000e6ab0000, 0x00000000e744b420, 0x00000000e8000000)
  to   space 21824K,   0% used [0x00000000e5560000, 0x00000000e5560000, 0x00000000e6ab0000)
 concurrent mark-sweep generation total 393216K, used 14521K [0x00000000e8000000, 0x0000000100000000, 0x0000000100000000)
 Metaspace       used 40659K, capacity 41356K, committed 41848K, reserved 1087488K
  class space    used 4139K, capacity 4346K, committed 4472K, reserved 1048576K
}
2015-12-03T17:45:52.007-0500: 1820,794: Total time for which application threads were stopped: 0,0151161 seconds, Stopping threads took: 0,0000302 seconds
2015-12-03T17:45:52.008-0500: 1820,795: Total time for which application threads were stopped: 0,0001101 seconds, Stopping threads took: 0,0000419 seconds
2015-12-03T17:45:52.535-0500: 1821,322: Total time for which application threads were stopped: 0,0001080 seconds, Stopping threads took: 0,0000316 seconds
2015-12-03T17:45:52.537-0500: 1821,324: Total time for which application threads were stopped: 0,0000765 seconds, Stopping threads took: 0,0000245 seconds
2015-12-03T17:45:52.538-0500: 1821,324: Total time for which application threads were stopped: 0,0000587 seconds, Stopping threads took: 0,0000172 seconds
2015-12-03T17:45:52.538-0500: 1821,325: Total time for which application threads were stopped: 0,0000530 seconds, Stopping threads took: 0,0000168 seconds
2015-12-03T17:45:52.538-0500: 1821,325: Total time for which application threads were stopped: 0,0000507 seconds, Stopping threads took: 0,0000161 seconds
2015-12-03T17:45:52.538-0500: 1821,325: Total time for which application threads were stopped: 0,0000490 seconds, Stopping threads took: 0,0000077 seconds
2015-12-03T17:45:53.538-0500: 1822,325: Total time for which application threads were stopped: 0,0000764 seconds, Stopping threads took: 0,0000200 seconds
2015-12-03T17:45:55.538-0500: 1824,325: Total time for which application threads were stopped: 0,0000814 seconds, Stopping threads took: 0,0000234 seconds
2015-12-03T17:45:57.539-0500: 1826,325: Total time for which application threads were stopped: 0,0000816 seconds, Stopping threads took: 0,0000209 seconds
2015-12-03T17:46:00.009-0500: 1828,796: Total time for which application threads were stopped: 0,0001336 seconds, Stopping threads took: 0,0000268 seconds
2015-12-03T17:46:00.009-0500: 1828,796: Total time for which application threads were stopped: 0,0000507 seconds, Stopping threads took: 0,0000107 seconds
2015-12-03T17:46:00.011-0500: 1828,798: Total time for which application threads were stopped: 0,0001026 seconds, Stopping threads took: 0,0000305 seconds
2015-12-03T17:46:00.011-0500: 1828,798: Total time for which application threads were stopped: 0,0000745 seconds, Stopping threads took: 0,0000206 seconds
2015-12-03T17:46:01.012-0500: 1829,798: Total time for which application threads were stopped: 0,0000998 seconds, Stopping threads took: 0,0000249 seconds
2015-12-03T17:46:03.012-0500: 1831,799: Total time for which application threads were stopped: 0,0001166 seconds, Stopping threads took: 0,0000266 seconds
2015-12-03T17:46:19.679-0500: 1848,466: Total time for which application threads were stopped: 0,0001019 seconds, Stopping threads took: 0,0000292 seconds
2015-12-03T17:46:19.686-0500: 1848,473: Total time for which application threads were stopped: 0,0000852 seconds, Stopping threads took: 0,0000207 seconds
2015-12-03T17:46:19.694-0500: 1848,481: Total time for which application threads were stopped: 0,0000938 seconds, Stopping threads took: 0,0000236 seconds
2015-12-03T17:46:19.694-0500: 1848,481: Total time for which application threads were stopped: 0,0000430 seconds, Stopping threads took: 0,0000061 seconds
2015-12-03T17:46:52.698-0500: 1881,485: Total time for which application threads were stopped: 0,0002250 seconds, Stopping threads took: 0,0000778 seconds
2015-12-03T17:46:55.699-0500: 1884,485: Total time for which application threads were stopped: 0,0002191 seconds, Stopping threads took: 0,0000474 seconds
2015-12-03T17:46:58.699-0500: 1887,486: Total time for which application threads were stopped: 0,0002092 seconds, Stopping threads took: 0,0000479 seconds
2015-12-03T17:47:00.010-0500: 1888,797: Total time for which application threads were stopped: 0,0003060 seconds, Stopping threads took: 0,0000351 seconds
2015-12-03T17:47:14.011-0500: 1902,798: Total time for which application threads were stopped: 0,0001512 seconds, Stopping threads took: 0,0000559 seconds
2015-12-03T17:47:17.012-0500: 1905,799: Total time for which application threads were stopped: 0,0000813 seconds, Stopping threads took: 0,0000220 seconds
2015-12-03T17:47:35.014-0500: 1923,801: Total time for which application threads were stopped: 0,0000930 seconds, Stopping threads took: 0,0000324 seconds
2015-12-03T17:47:44.015-0500: 1932,802: Total time for which application threads were stopped: 0,0001491 seconds, Stopping threads took: 0,0000388 seconds
2015-12-03T17:47:59.017-0500: 1947,804: Total time for which application threads were stopped: 0,0001526 seconds, Stopping threads took: 0,0000228 seconds
{Heap before GC invocations=19 (full 1):
 par new generation   total 109248K, used 97261K [0x00000000e0000000, 0x00000000e8000000, 0x00000000e8000000)
  eden space 87424K, 100% used [0x00000000e0000000, 0x00000000e5560000, 0x00000000e5560000)
  from space 21824K,  45% used [0x00000000e6ab0000, 0x00000000e744b420, 0x00000000e8000000)
  to   space 21824K,   0% used [0x00000000e5560000, 0x00000000e5560000, 0x00000000e6ab0000)
 concurrent mark-sweep generation total 393216K, used 14521K [0x00000000e8000000, 0x0000000100000000, 0x0000000100000000)
 Metaspace       used 40890K, capacity 41618K, committed 41848K, reserved 1087488K
  class space    used 4166K, capacity 4379K, committed 4472K, reserved 1048576K
2015-12-03T17:47:59.664-0500: 1948,451: [GC (Allocation Failure) 2015-12-03T17:47:59.664-0500: 1948,451: [ParNew
Desired survivor size 20112992 bytes, new threshold 8 (max 8)
- age   1:    2042320 bytes,    2042320 total
- age   2:    1496296 bytes,    3538616 total
- age   3:      72864 bytes,    3611480 total
- age   4:    1598648 bytes,    5210128 total
- age   5:      25128 bytes,    5235256 total
- age   6:       4160 bytes,    5239416 total
- age   7:     821056 bytes,    6060472 total
- age   8:       5752 bytes,    6066224 total
: 97261K->10152K(109248K), 0,0072339 secs] 111782K->24889K(502464K), 0,0073072 secs] [Times: user=0,02 sys=0,00, real=0,01 secs] 
Heap after GC invocations=20 (full 1):
 par new generation   total 109248K, used 10152K [0x00000000e0000000, 0x00000000e8000000, 0x00000000e8000000)
  eden space 87424K,   0% used [0x00000000e0000000, 0x00000000e0000000, 0x00000000e5560000)
  from space 21824K,  46% used [0x00000000e5560000, 0x00000000e5f4a270, 0x00000000e6ab0000)
  to   space 21824K,   0% used [0x00000000e6ab0000, 0x00000000e6ab0000, 0x00000000e8000000)
 concurrent mark-sweep generation total 393216K, used 14737K [0x00000000e8000000, 0x0000000100000000, 0x0000000100000000)
 Metaspace       used 40890K, capacity 41618K, committed 41848K, reserved 1087488K
  class space    used 4166K, capacity 4379K, committed 4472K, reserved 1048576K
}
2015-12-03T17:47:59.672-0500: 1948,459: Total time for which application threads were stopped: 0,0075022 seconds, Stopping threads took: 0,0000461 seconds
2015-12-03T17:47:59.672-0500: 1948,459: Total time for which application threads were stopped: 0,0001130 seconds, Stopping threads took: 0,0000474 seconds
2015-12-03T17:47:59.672-0500: 1948,459: Total time for which application threads were stopped: 0,0000833 seconds, Stopping threads took: 0,0000251 seconds
2015-12-03T17:47:59.672-0500: 1948,459: Total time for which application threads were stopped: 0,0000679 seconds, Stopping threads took: 0,0000165 seconds
{Heap before GC invocations=20 (full 1):
 par new generation   total 109248K, used 97576K [0x00000000e0000000, 0x00000000e8000000, 0x00000000e8000000)
  eden space 87424K, 100% used [0x00000000e0000000, 0x00000000e5560000, 0x00000000e5560000)
  from space 21824K,  46% used [0x00000000e5560000, 0x00000000e5f4a270, 0x00000000e6ab0000)
  to   space 21824K,   0% used [0x00000000e6ab0000, 0x00000000e6ab0000, 0x00000000e8000000)
 concurrent mark-sweep generation total 393216K, used 14737K [0x00000000e8000000, 0x0000000100000000, 0x0000000100000000)
 Metaspace       used 40895K, capacity 41618K, committed 41848K, reserved 1087488K
  class space    used 4166K, capacity 4379K, committed 4472K, reserved 1048576K
2015-12-03T17:47:59.725-0500: 1948,512: [GC (Allocation Failure) 2015-12-03T17:47:59.725-0500: 1948,512: [ParNew
Desired survivor size 20112992 bytes, new threshold 8 (max 8)
- age   1:     588408 bytes,     588408 total
- age   2:    1762680 bytes,    2351088 total
- age   3:    1494264 bytes,    3845352 total
- age   4:      72864 bytes,    3918216 total
- age   5:    1598648 bytes,    5516864 total
- age   6:      25128 bytes,    5541992 total
- age   7:       4160 bytes,    5546152 total
- age   8:     821056 bytes,    6367208 total
: 97576K->7932K(109248K), 0,0101648 secs] 112313K->22675K(502464K), 0,0102524 secs] [Times: user=0,03 sys=0,00, real=0,02 secs] 
Heap after GC invocations=21 (full 1):
 par new generation   total 109248K, used 7932K [0x00000000e0000000, 0x00000000e8000000, 0x00000000e8000000)
  eden space 87424K,   0% used [0x00000000e0000000, 0x00000000e0000000, 0x00000000e5560000)
  from space 21824K,  36% used [0x00000000e6ab0000, 0x00000000e726f2f0, 0x00000000e8000000)
  to   space 21824K,   0% used [0x00000000e5560000, 0x00000000e5560000, 0x00000000e6ab0000)
 concurrent mark-sweep generation total 393216K, used 14742K [0x00000000e8000000, 0x0000000100000000, 0x0000000100000000)
 Metaspace       used 40895K, capacity 41618K, committed 41848K, reserved 1087488K
  class space    used 4166K, capacity 4379K, committed 4472K, reserved 1048576K
}
2015-12-03T17:47:59.735-0500: 1948,522: Total time for which application threads were stopped: 0,0104860 seconds, Stopping threads took: 0,0000297 seconds
2015-12-03T17:47:59.735-0500: 1948,522: Total time for which application threads were stopped: 0,0001375 seconds, Stopping threads took: 0,0000317 seconds
2015-12-03T17:47:59.735-0500: 1948,522: Total time for which application threads were stopped: 0,0000705 seconds, Stopping threads took: 0,0000186 seconds
2015-12-03T17:47:59.770-0500: 1948,557: Total time for which application threads were stopped: 0,0001405 seconds, Stopping threads took: 0,0000462 seconds
2015-12-03T17:47:59.804-0500: 1948,591: Total time for which application threads were stopped: 0,0001902 seconds, Stopping threads took: 0,0000795 seconds
2015-12-03T17:47:59.804-0500: 1948,591: Total time for which application threads were stopped: 0,0000474 seconds, Stopping threads took: 0,0000084 seconds
2015-12-03T17:47:59.804-0500: 1948,591: Total time for which application threads were stopped: 0,0000308 seconds, Stopping threads took: 0,0000083 seconds
2015-12-03T17:47:59.811-0500: 1948,598: Total time for which application threads were stopped: 0,0001752 seconds, Stopping threads took: 0,0000993 seconds
2015-12-03T17:47:59.811-0500: 1948,598: Total time for which application threads were stopped: 0,0001022 seconds, Stopping threads took: 0,0000651 seconds
2015-12-03T17:47:59.814-0500: 1948,601: Total time for which application threads were stopped: 0,0001128 seconds, Stopping threads took: 0,0000237 seconds
2015-12-03T17:47:59.832-0500: 1948,618: Total time for which application threads were stopped: 0,0001951 seconds, Stopping threads took: 0,0001193 seconds
2015-12-03T17:47:59.832-0500: 1948,619: Total time for which application threads were stopped: 0,0001172 seconds, Stopping threads took: 0,0000701 seconds
2015-12-03T17:47:59.832-0500: 1948,619: Total time for which application threads were stopped: 0,0000620 seconds, Stopping threads took: 0,0000234 seconds
2015-12-03T17:47:59.832-0500: 1948,619: Total time for which application threads were stopped: 0,0000492 seconds, Stopping threads took: 0,0000182 seconds
2015-12-03T17:47:59.832-0500: 1948,619: Total time for which application threads were stopped: 0,0000344 seconds, Stopping threads took: 0,0000126 seconds
2015-12-03T17:47:59.832-0500: 1948,619: Total time for which application threads were stopped: 0,0000334 seconds, Stopping threads took: 0,0000118 seconds
2015-12-03T17:47:59.839-0500: 1948,626: Total time for which application threads were stopped: 0,0001516 seconds, Stopping threads took: 0,0000269 seconds
2015-12-03T17:48:01.133-0500: 1949,920: Total time for which application threads were stopped: 0,0001312 seconds, Stopping threads took: 0,0000277 seconds
2015-12-03T17:48:01.133-0500: 1949,920: Total time for which application threads were stopped: 0,0000793 seconds, Stopping threads took: 0,0000145 seconds
2015-12-03T17:48:01.133-0500: 1949,920: Total time for which application threads were stopped: 0,0000651 seconds, Stopping threads took: 0,0000101 seconds
2015-12-03T17:48:01.134-0500: 1949,920: Total time for which application threads were stopped: 0,0000633 seconds, Stopping threads took: 0,0000108 seconds
2015-12-03T17:48:01.134-0500: 1949,921: Total time for which application threads were stopped: 0,0000681 seconds, Stopping threads took: 0,0000144 seconds
2015-12-03T17:48:01.134-0500: 1949,921: Total time for which application threads were stopped: 0,0000608 seconds, Stopping threads took: 0,0000104 seconds
2015-12-03T17:48:01.134-0500: 1949,921: Total time for which application threads were stopped: 0,0000566 seconds, Stopping threads took: 0,0000093 seconds
2015-12-03T17:48:01.134-0500: 1949,921: Total time for which application threads were stopped: 0,0000650 seconds, Stopping threads took: 0,0000132 seconds
2015-12-03T17:48:01.134-0500: 1949,921: Total time for which application threads were stopped: 0,0000951 seconds, Stopping threads took: 0,0000171 seconds
2015-12-03T17:48:01.135-0500: 1949,922: Total time for which application threads were stopped: 0,0000755 seconds, Stopping threads took: 0,0000133 seconds
2015-12-03T17:48:01.843-0500: 1950,630: Total time for which application threads were stopped: 0,0001440 seconds, Stopping threads took: 0,0000327 seconds
2015-12-03T17:48:01.844-0500: 1950,631: Total time for which application threads were stopped: 0,0000970 seconds, Stopping threads took: 0,0000196 seconds
2015-12-03T17:48:01.863-0500: 1950,650: Total time for which application threads were stopped: 0,0000894 seconds, Stopping threads took: 0,0000193 seconds
2015-12-03T17:48:01.866-0500: 1950,652: Total time for which application threads were stopped: 0,0000836 seconds, Stopping threads took: 0,0000196 seconds
2015-12-03T17:48:01.866-0500: 1950,653: Total time for which application threads were stopped: 0,0000802 seconds, Stopping threads took: 0,0000152 seconds
2015-12-03T17:48:01.872-0500: 1950,659: Total time for which application threads were stopped: 0,0001209 seconds, Stopping threads took: 0,0000217 seconds
2015-12-03T17:48:01.872-0500: 1950,659: Total time for which application threads were stopped: 0,0000501 seconds, Stopping threads took: 0,0000078 seconds
2015-12-03T17:48:01.873-0500: 1950,660: Total time for which application threads were stopped: 0,0001135 seconds, Stopping threads took: 0,0000229 seconds
2015-12-03T17:48:01.873-0500: 1950,660: Total time for which application threads were stopped: 0,0000636 seconds, Stopping threads took: 0,0000194 seconds
2015-12-03T17:48:03.873-0500: 1952,660: Total time for which application threads were stopped: 0,0000791 seconds, Stopping threads took: 0,0000220 seconds
2015-12-03T17:48:04.127-0500: 1952,914: Total time for which application threads were stopped: 0,0001726 seconds, Stopping threads took: 0,0000724 seconds
2015-12-03T17:48:05.963-0500: 1954,750: Total time for which application threads were stopped: 0,0001017 seconds, Stopping threads took: 0,0000371 seconds
2015-12-03T17:48:05.972-0500: 1954,759: Total time for which application threads were stopped: 0,0000793 seconds, Stopping threads took: 0,0000169 seconds
2015-12-03T17:48:05.972-0500: 1954,759: Total time for which application threads were stopped: 0,0000305 seconds, Stopping threads took: 0,0000059 seconds
2015-12-03T17:48:05.973-0500: 1954,760: Total time for which application threads were stopped: 0,0000513 seconds, Stopping threads took: 0,0000166 seconds
2015-12-03T17:48:05.973-0500: 1954,760: Total time for which application threads were stopped: 0,0000338 seconds, Stopping threads took: 0,0000085 seconds
2015-12-03T17:48:05.973-0500: 1954,760: Total time for which application threads were stopped: 0,0000514 seconds, Stopping threads took: 0,0000158 seconds
2015-12-03T17:48:05.973-0500: 1954,760: Total time for which application threads were stopped: 0,0000511 seconds, Stopping threads took: 0,0000151 seconds
2015-12-03T17:48:05.973-0500: 1954,760: Total time for which application threads were stopped: 0,0000502 seconds, Stopping threads took: 0,0000144 seconds
2015-12-03T17:48:05.973-0500: 1954,760: Total time for which application threads were stopped: 0,0000281 seconds, Stopping threads took: 0,0000068 seconds
2015-12-03T17:48:05.974-0500: 1954,761: Total time for which application threads were stopped: 0,0000274 seconds, Stopping threads took: 0,0000061 seconds
2015-12-03T17:48:05.974-0500: 1954,761: Total time for which application threads were stopped: 0,0000258 seconds, Stopping threads took: 0,0000046 seconds
2015-12-03T17:48:05.978-0500: 1954,765: Total time for which application threads were stopped: 0,0000840 seconds, Stopping threads took: 0,0000207 seconds
2015-12-03T17:48:05.979-0500: 1954,766: Total time for which application threads were stopped: 0,0000616 seconds, Stopping threads took: 0,0000142 seconds
2015-12-03T17:48:06.027-0500: 1954,814: Total time for which application threads were stopped: 0,0001762 seconds, Stopping threads took: 0,0000408 seconds
2015-12-03T17:48:06.974-0500: 1955,761: Total time for which application threads were stopped: 0,0001276 seconds, Stopping threads took: 0,0000234 seconds
2015-12-03T17:48:07.228-0500: 1956,014: Total time for which application threads were stopped: 0,0001095 seconds, Stopping threads took: 0,0000334 seconds
2015-12-03T17:48:07.733-0500: 1956,520: [GC (CMS Initial Mark) [1 CMS-initial-mark: 14742K(393216K)] 73464K(502464K), 0,0081552 secs] [Times: user=0,03 sys=0,00, real=0,01 secs] 
2015-12-03T17:48:07.741-0500: 1956,528: Total time for which application threads were stopped: 0,0083262 seconds, Stopping threads took: 0,0000238 seconds
2015-12-03T17:48:07.741-0500: 1956,528: [CMS-concurrent-mark-start]
2015-12-03T17:48:07.748-0500: 1956,535: [CMS-concurrent-mark: 0,007/0,007 secs] [Times: user=0,02 sys=0,00, real=0,01 secs] 
2015-12-03T17:48:07.748-0500: 1956,535: [CMS-concurrent-preclean-start]
2015-12-03T17:48:07.749-0500: 1956,536: [CMS-concurrent-preclean: 0,001/0,001 secs] [Times: user=0,00 sys=0,00, real=0,00 secs] 
2015-12-03T17:48:07.749-0500: 1956,536: [CMS-concurrent-abortable-preclean-start]
2015-12-03T17:48:07.762-0500: 1956,549: Total time for which application threads were stopped: 0,0001784 seconds, Stopping threads took: 0,0000507 seconds
2015-12-03T17:48:07.763-0500: 1956,550: Total time for which application threads were stopped: 0,0001139 seconds, Stopping threads took: 0,0000279 seconds
2015-12-03T17:48:08.357-0500: 1957,144: Total time for which application threads were stopped: 0,0000944 seconds, Stopping threads took: 0,0000200 seconds
2015-12-03T17:48:08.360-0500: 1957,147: Total time for which application threads were stopped: 0,0001939 seconds, Stopping threads took: 0,0000546 seconds
2015-12-03T17:48:08.360-0500: 1957,147: Total time for which application threads were stopped: 0,0001360 seconds, Stopping threads took: 0,0000164 seconds
2015-12-03T17:48:10.361-0500: 1959,148: Total time for which application threads were stopped: 0,0000759 seconds, Stopping threads took: 0,0000202 seconds
 CMS: abort preclean due to time 2015-12-03T17:48:13.780-0500: 1962,567: [CMS-concurrent-abortable-preclean: 1,462/6,031 secs] [Times: user=2,32 sys=0,00, real=6,03 secs] 
2015-12-03T17:48:13.780-0500: 1962,567: [GC (CMS Final Remark) [YG occupancy: 79253 K (109248 K)]{Heap before GC invocations=21 (full 2):
 par new generation   total 109248K, used 79253K [0x00000000e0000000, 0x00000000e8000000, 0x00000000e8000000)
  eden space 87424K,  81% used [0x00000000e0000000, 0x00000000e45a6240, 0x00000000e5560000)
  from space 21824K,  36% used [0x00000000e6ab0000, 0x00000000e726f2f0, 0x00000000e8000000)
  to   space 21824K,   0% used [0x00000000e5560000, 0x00000000e5560000, 0x00000000e6ab0000)
 concurrent mark-sweep generation total 393216K, used 14742K [0x00000000e8000000, 0x0000000100000000, 0x0000000100000000)
 Metaspace       used 42495K, capacity 43202K, committed 43456K, reserved 1087488K
  class space    used 4263K, capacity 4483K, committed 4600K, reserved 1048576K
2015-12-03T17:48:13.780-0500: 1962,567: [GC (CMS Final Remark) 2015-12-03T17:48:13.780-0500: 1962,567: [ParNew
Desired survivor size 20112992 bytes, new threshold 8 (max 8)
- age   1:    2520824 bytes,    2520824 total
- age   2:      85504 bytes,    2606328 total
- age   3:     880952 bytes,    3487280 total
- age   4:    1472616 bytes,    4959896 total
- age   5:      72864 bytes,    5032760 total
- age   6:    1532120 bytes,    6564880 total
- age   7:      25128 bytes,    6590008 total
- age   8:       4160 bytes,    6594168 total
: 79253K->9549K(109248K), 0,0098719 secs] 93996K->25101K(502464K), 0,0099148 secs] [Times: user=0,02 sys=0,00, real=0,01 secs] 
Heap after GC invocations=22 (full 2):
 par new generation   total 109248K, used 9549K [0x00000000e0000000, 0x00000000e8000000, 0x00000000e8000000)
  eden space 87424K,   0% used [0x00000000e0000000, 0x00000000e0000000, 0x00000000e5560000)
  from space 21824K,  43% used [0x00000000e5560000, 0x00000000e5eb3578, 0x00000000e6ab0000)
  to   space 21824K,   0% used [0x00000000e6ab0000, 0x00000000e6ab0000, 0x00000000e8000000)
 concurrent mark-sweep generation total 393216K, used 15552K [0x00000000e8000000, 0x0000000100000000, 0x0000000100000000)
 Metaspace       used 42495K, capacity 43202K, committed 43456K, reserved 1087488K
  class space    used 4263K, capacity 4483K, committed 4600K, reserved 1048576K
}
2015-12-03T17:48:13.790-0500: 1962,577: [Rescan (parallel) , 0,0017912 secs]2015-12-03T17:48:13.792-0500: 1962,579: [weak refs processing, 0,0003933 secs]2015-12-03T17:48:13.792-0500: 1962,579: [class unloading, 0,0109913 secs]2015-12-03T17:48:13.803-0500: 1962,590: [scrub symbol table, 0,0027750 secs]2015-12-03T17:48:13.806-0500: 1962,593: [scrub string table, 0,0005928 secs][1 CMS-remark: 15552K(393216K)] 25101K(502464K), 0,0288058 secs] [Times: user=0,04 sys=0,00, real=0,03 secs] 
2015-12-03T17:48:13.809-0500: 1962,596: Total time for which application threads were stopped: 0,0289170 seconds, Stopping threads took: 0,0000312 seconds
2015-12-03T17:48:13.809-0500: 1962,596: [CMS-concurrent-sweep-start]
2015-12-03T17:48:13.809-0500: 1962,596: Total time for which application threads were stopped: 0,0001534 seconds, Stopping threads took: 0,0000894 seconds
2015-12-03T17:48:13.809-0500: 1962,596: Total time for which application threads were stopped: 0,0000625 seconds, Stopping threads took: 0,0000116 seconds
2015-12-03T17:48:13.814-0500: 1962,601: [CMS-concurrent-sweep: 0,004/0,005 secs] [Times: user=0,01 sys=0,00, real=0,00 secs] 
2015-12-03T17:48:13.814-0500: 1962,601: [CMS-concurrent-reset-start]
2015-12-03T17:48:13.815-0500: 1962,602: [CMS-concurrent-reset: 0,001/0,001 secs] [Times: user=0,00 sys=0,00, real=0,01 secs] 
2015-12-03T17:48:14.810-0500: 1963,597: Total time for which application threads were stopped: 0,0001413 seconds, Stopping threads took: 0,0000250 seconds
2015-12-03T17:48:21.811-0500: 1970,598: Total time for which application threads were stopped: 0,0001726 seconds, Stopping threads took: 0,0000426 seconds
2015-12-03T17:48:25.961-0500: 1974,748: Total time for which application threads were stopped: 0,0001595 seconds, Stopping threads took: 0,0000366 seconds
2015-12-03T17:48:25.962-0500: 1974,749: Total time for which application threads were stopped: 0,0000996 seconds, Stopping threads took: 0,0000136 seconds
2015-12-03T17:48:25.962-0500: 1974,749: Total time for which application threads were stopped: 0,0000470 seconds, Stopping threads took: 0,0000094 seconds
2015-12-03T17:48:26.962-0500: 1975,749: Total time for which application threads were stopped: 0,0000886 seconds, Stopping threads took: 0,0000226 seconds
2015-12-03T17:48:35.963-0500: 1984,750: Total time for which application threads were stopped: 0,0000972 seconds, Stopping threads took: 0,0000369 seconds
2015-12-03T17:48:49.965-0500: 1998,752: Total time for which application threads were stopped: 0,0001524 seconds, Stopping threads took: 0,0000550 seconds
2015-12-03T17:48:51.965-0500: 2000,752: Total time for which application threads were stopped: 0,0001527 seconds, Stopping threads took: 0,0000391 seconds
2015-12-03T17:48:52.965-0500: 2001,752: Total time for which application threads were stopped: 0,0000834 seconds, Stopping threads took: 0,0000222 seconds
2015-12-03T17:49:01.873-0500: 2010,660: Total time for which application threads were stopped: 0,0000937 seconds, Stopping threads took: 0,0000218 seconds
2015-12-03T17:49:34.877-0500: 2043,664: Total time for which application threads were stopped: 0,0002105 seconds, Stopping threads took: 0,0000732 seconds
2015-12-03T17:49:52.880-0500: 2061,667: Total time for which application threads were stopped: 0,0001561 seconds, Stopping threads took: 0,0000393 seconds
2015-12-03T17:50:13.883-0500: 2082,670: Total time for which application threads were stopped: 0,0002274 seconds, Stopping threads took: 0,0000821 seconds
2015-12-03T17:50:31.885-0500: 2100,672: Total time for which application threads were stopped: 0,0001277 seconds, Stopping threads took: 0,0000729 seconds
2015-12-03T17:50:54.887-0500: 2123,674: Total time for which application threads were stopped: 0,0000968 seconds, Stopping threads took: 0,0000222 seconds
2015-12-03T17:50:54.910-0500: 2123,697: Total time for which application threads were stopped: 0,0001313 seconds, Stopping threads took: 0,0000408 seconds
2015-12-03T17:50:55.127-0500: 2123,914: Total time for which application threads were stopped: 0,0001038 seconds, Stopping threads took: 0,0000260 seconds
2015-12-03T17:50:58.127-0500: 2126,914: Total time for which application threads were stopped: 0,0001352 seconds, Stopping threads took: 0,0000476 seconds
2015-12-03T17:50:58.341-0500: 2127,128: Total time for which application threads were stopped: 0,0001709 seconds, Stopping threads took: 0,0000550 seconds
{Heap before GC invocations=22 (full 2):
 par new generation   total 109248K, used 96961K [0x00000000e0000000, 0x00000000e8000000, 0x00000000e8000000)
  eden space 87424K,  99% used [0x00000000e0000000, 0x00000000e555d208, 0x00000000e5560000)
  from space 21824K,  43% used [0x00000000e5560000, 0x00000000e5eb3578, 0x00000000e6ab0000)
  to   space 21824K,   0% used [0x00000000e6ab0000, 0x00000000e6ab0000, 0x00000000e8000000)
 concurrent mark-sweep generation total 393216K, used 15329K [0x00000000e8000000, 0x0000000100000000, 0x0000000100000000)
 Metaspace       used 42459K, capacity 43138K, committed 43456K, reserved 1087488K
  class space    used 4256K, capacity 4469K, committed 4600K, reserved 1048576K
2015-12-03T17:50:58.398-0500: 2127,185: [GC (Allocation Failure) 2015-12-03T17:50:58.398-0500: 2127,185: [ParNew
Desired survivor size 20112992 bytes, new threshold 8 (max 8)
- age   1:    2208320 bytes,    2208320 total
- age   2:    1617536 bytes,    3825856 total
- age   3:      85504 bytes,    3911360 total
- age   4:     837640 bytes,    4749000 total
- age   5:     646616 bytes,    5395616 total
- age   6:       3584 bytes,    5399200 total
- age   7:     956016 bytes,    6355216 total
- age   8:      24608 bytes,    6379824 total
: 96961K->7558K(109248K), 0,0052901 secs] 112291K->22891K(502464K), 0,0053702 secs] [Times: user=0,02 sys=0,00, real=0,00 secs] 
Heap after GC invocations=23 (full 2):
 par new generation   total 109248K, used 7558K [0x00000000e0000000, 0x00000000e8000000, 0x00000000e8000000)
  eden space 87424K,   0% used [0x00000000e0000000, 0x00000000e0000000, 0x00000000e5560000)
  from space 21824K,  34% used [0x00000000e6ab0000, 0x00000000e7211840, 0x00000000e8000000)
  to   space 21824K,   0% used [0x00000000e5560000, 0x00000000e5560000, 0x00000000e6ab0000)
 concurrent mark-sweep generation total 393216K, used 15333K [0x00000000e8000000, 0x0000000100000000, 0x0000000100000000)
 Metaspace       used 42459K, capacity 43138K, committed 43456K, reserved 1087488K
  class space    used 4256K, capacity 4469K, committed 4600K, reserved 1048576K
}
2015-12-03T17:50:58.404-0500: 2127,191: Total time for which application threads were stopped: 0,0055922 seconds, Stopping threads took: 0,0000298 seconds
2015-12-03T17:50:58.406-0500: 2127,193: Total time for which application threads were stopped: 0,0020748 seconds, Stopping threads took: 0,0019464 seconds
2015-12-03T17:50:58.410-0500: 2127,197: Total time for which application threads were stopped: 0,0035049 seconds, Stopping threads took: 0,0034294 seconds
2015-12-03T17:50:58.410-0500: 2127,197: Total time for which application threads were stopped: 0,0001534 seconds, Stopping threads took: 0,0000093 seconds
{Heap before GC invocations=23 (full 2):
 par new generation   total 109248K, used 94982K [0x00000000e0000000, 0x00000000e8000000, 0x00000000e8000000)
  eden space 87424K, 100% used [0x00000000e0000000, 0x00000000e5560000, 0x00000000e5560000)
  from space 21824K,  34% used [0x00000000e6ab0000, 0x00000000e7211840, 0x00000000e8000000)
  to   space 21824K,   0% used [0x00000000e5560000, 0x00000000e5560000, 0x00000000e6ab0000)
 concurrent mark-sweep generation total 393216K, used 15333K [0x00000000e8000000, 0x0000000100000000, 0x0000000100000000)
 Metaspace       used 42472K, capacity 43156K, committed 43456K, reserved 1087488K
  class space    used 4257K, capacity 4472K, committed 4600K, reserved 1048576K
2015-12-03T17:50:58.470-0500: 2127,257: [GC (Allocation Failure) 2015-12-03T17:50:58.470-0500: 2127,257: [ParNew
Desired survivor size 20112992 bytes, new threshold 8 (max 8)
- age   1:     108680 bytes,     108680 total
- age   2:    1627296 bytes,    1735976 total
- age   3:    1683104 bytes,    3419080 total
- age   4:      85504 bytes,    3504584 total
- age   5:     837640 bytes,    4342224 total
- age   6:     646616 bytes,    4988840 total
- age   7:       3584 bytes,    4992424 total
- age   8:     956016 bytes,    5948440 total
: 94982K->8426K(109248K), 0,0050198 secs] 110315K->23784K(502464K), 0,0051290 secs] [Times: user=0,02 sys=0,00, real=0,01 secs] 
Heap after GC invocations=24 (full 2):
 par new generation   total 109248K, used 8426K [0x00000000e0000000, 0x00000000e8000000, 0x00000000e8000000)
  eden space 87424K,   0% used [0x00000000e0000000, 0x00000000e0000000, 0x00000000e5560000)
  from space 21824K,  38% used [0x00000000e5560000, 0x00000000e5d9a900, 0x00000000e6ab0000)
  to   space 21824K,   0% used [0x00000000e6ab0000, 0x00000000e6ab0000, 0x00000000e8000000)
 concurrent mark-sweep generation total 393216K, used 15358K [0x00000000e8000000, 0x0000000100000000, 0x0000000100000000)
 Metaspace       used 42472K, capacity 43156K, committed 43456K, reserved 1087488K
  class space    used 4257K, capacity 4472K, committed 4600K, reserved 1048576K
}
2015-12-03T17:50:58.475-0500: 2127,262: Total time for which application threads were stopped: 0,0053598 seconds, Stopping threads took: 0,0000520 seconds
2015-12-03T17:50:58.477-0500: 2127,264: Total time for which application threads were stopped: 0,0001783 seconds, Stopping threads took: 0,0000548 seconds
2015-12-03T17:50:58.503-0500: 2127,290: Total time for which application threads were stopped: 0,0001920 seconds, Stopping threads took: 0,0000613 seconds
2015-12-03T17:50:58.518-0500: 2127,305: Total time for which application threads were stopped: 0,0038000 seconds, Stopping threads took: 0,0036592 seconds
2015-12-03T17:50:58.519-0500: 2127,306: Total time for which application threads were stopped: 0,0001589 seconds, Stopping threads took: 0,0000639 seconds
2015-12-03T17:50:58.527-0500: 2127,314: Total time for which application threads were stopped: 0,0001372 seconds, Stopping threads took: 0,0000450 seconds
2015-12-03T17:50:58.527-0500: 2127,314: Total time for which application threads were stopped: 0,0000569 seconds, Stopping threads took: 0,0000146 seconds
2015-12-03T17:50:58.530-0500: 2127,317: Total time for which application threads were stopped: 0,0001211 seconds, Stopping threads took: 0,0000424 seconds
2015-12-03T17:50:58.530-0500: 2127,317: Total time for which application threads were stopped: 0,0000697 seconds, Stopping threads took: 0,0000130 seconds
2015-12-03T17:50:58.534-0500: 2127,321: Total time for which application threads were stopped: 0,0001073 seconds, Stopping threads took: 0,0000248 seconds
2015-12-03T17:50:58.534-0500: 2127,321: Total time for which application threads were stopped: 0,0000674 seconds, Stopping threads took: 0,0000204 seconds
2015-12-03T17:50:58.534-0500: 2127,321: Total time for which application threads were stopped: 0,0000670 seconds, Stopping threads took: 0,0000304 seconds
2015-12-03T17:50:58.539-0500: 2127,326: Total time for which application threads were stopped: 0,0002332 seconds, Stopping threads took: 0,0001561 seconds
2015-12-03T17:50:58.546-0500: 2127,333: Total time for which application threads were stopped: 0,0001267 seconds, Stopping threads took: 0,0000236 seconds
2015-12-03T17:51:01.041-0500: 2129,828: Total time for which application threads were stopped: 0,0001065 seconds, Stopping threads took: 0,0000223 seconds
2015-12-03T17:51:01.041-0500: 2129,828: Total time for which application threads were stopped: 0,0000912 seconds, Stopping threads took: 0,0000369 seconds
2015-12-03T17:51:01.043-0500: 2129,830: Total time for which application threads were stopped: 0,0001425 seconds, Stopping threads took: 0,0000413 seconds
2015-12-03T17:51:01.046-0500: 2129,833: Total time for which application threads were stopped: 0,0001325 seconds, Stopping threads took: 0,0000242 seconds
2015-12-03T17:51:01.046-0500: 2129,833: Total time for which application threads were stopped: 0,0000450 seconds, Stopping threads took: 0,0000076 seconds
2015-12-03T17:51:01.047-0500: 2129,834: Total time for which application threads were stopped: 0,0001554 seconds, Stopping threads took: 0,0000262 seconds
2015-12-03T17:51:01.047-0500: 2129,834: Total time for which application threads were stopped: 0,0000987 seconds, Stopping threads took: 0,0000164 seconds
2015-12-03T17:51:01.047-0500: 2129,834: Total time for which application threads were stopped: 0,0000931 seconds, Stopping threads took: 0,0000188 seconds
2015-12-03T17:51:01.161-0500: 2129,948: Total time for which application threads were stopped: 0,0001020 seconds, Stopping threads took: 0,0000297 seconds
2015-12-03T17:51:01.162-0500: 2129,949: Total time for which application threads were stopped: 0,0000564 seconds, Stopping threads took: 0,0000206 seconds
2015-12-03T17:51:01.162-0500: 2129,949: Total time for which application threads were stopped: 0,0000535 seconds, Stopping threads took: 0,0000204 seconds
2015-12-03T17:51:01.162-0500: 2129,949: Total time for which application threads were stopped: 0,0000526 seconds, Stopping threads took: 0,0000083 seconds
2015-12-03T17:51:01.162-0500: 2129,949: Total time for which application threads were stopped: 0,0000549 seconds, Stopping threads took: 0,0000208 seconds
2015-12-03T17:51:01.162-0500: 2129,949: Total time for which application threads were stopped: 0,0000548 seconds, Stopping threads took: 0,0000207 seconds
2015-12-03T17:51:01.162-0500: 2129,949: Total time for which application threads were stopped: 0,0000338 seconds, Stopping threads took: 0,0000074 seconds
2015-12-03T17:51:01.162-0500: 2129,949: Total time for which application threads were stopped: 0,0000319 seconds, Stopping threads took: 0,0000069 seconds
2015-12-03T17:51:01.163-0500: 2129,950: Total time for which application threads were stopped: 0,0000324 seconds, Stopping threads took: 0,0000074 seconds
2015-12-03T17:51:01.805-0500: 2130,592: Total time for which application threads were stopped: 0,0001599 seconds, Stopping threads took: 0,0000485 seconds
2015-12-03T17:51:01.805-0500: 2130,592: Total time for which application threads were stopped: 0,0001196 seconds, Stopping threads took: 0,0000620 seconds
2015-12-03T17:51:03.922-0500: 2132,709: Total time for which application threads were stopped: 0,0001011 seconds, Stopping threads took: 0,0000212 seconds
2015-12-03T17:51:03.930-0500: 2132,717: Total time for which application threads were stopped: 0,0003766 seconds, Stopping threads took: 0,0000747 seconds
2015-12-03T17:51:03.931-0500: 2132,718: Total time for which application threads were stopped: 0,0000425 seconds, Stopping threads took: 0,0000084 seconds
2015-12-03T17:51:03.931-0500: 2132,718: Total time for which application threads were stopped: 0,0000337 seconds, Stopping threads took: 0,0000088 seconds
2015-12-03T17:51:03.931-0500: 2132,718: Total time for which application threads were stopped: 0,0000502 seconds, Stopping threads took: 0,0000120 seconds
2015-12-03T17:51:03.931-0500: 2132,718: Total time for which application threads were stopped: 0,0000905 seconds, Stopping threads took: 0,0000580 seconds
2015-12-03T17:51:03.932-0500: 2132,719: Total time for which application threads were stopped: 0,0000401 seconds, Stopping threads took: 0,0000083 seconds
2015-12-03T17:51:03.932-0500: 2132,719: Total time for which application threads were stopped: 0,0000312 seconds, Stopping threads took: 0,0000068 seconds
2015-12-03T17:51:03.932-0500: 2132,719: Total time for which application threads were stopped: 0,0000281 seconds, Stopping threads took: 0,0000057 seconds
2015-12-03T17:51:03.934-0500: 2132,721: Total time for which application threads were stopped: 0,0000722 seconds, Stopping threads took: 0,0000171 seconds
2015-12-03T17:51:03.934-0500: 2132,721: Total time for which application threads were stopped: 0,0000458 seconds, Stopping threads took: 0,0000093 seconds
2015-12-03T17:51:03.941-0500: 2132,728: Total time for which application threads were stopped: 0,0000995 seconds, Stopping threads took: 0,0000278 seconds
2015-12-03T17:51:03.941-0500: 2132,728: Total time for which application threads were stopped: 0,0000591 seconds, Stopping threads took: 0,0000148 seconds
2015-12-03T17:51:04.149-0500: 2132,936: Total time for which application threads were stopped: 0,0001364 seconds, Stopping threads took: 0,0000313 seconds
2015-12-03T17:51:05.149-0500: 2133,936: Total time for which application threads were stopped: 0,0001010 seconds, Stopping threads took: 0,0000216 seconds
2015-12-03T17:51:06.117-0500: 2134,904: Total time for which application threads were stopped: 0,0001302 seconds, Stopping threads took: 0,0000240 seconds
2015-12-03T17:51:06.118-0500: 2134,905: Total time for which application threads were stopped: 0,0001469 seconds, Stopping threads took: 0,0000573 seconds
2015-12-03T17:51:06.844-0500: 2135,631: Total time for which application threads were stopped: 0,0001293 seconds, Stopping threads took: 0,0000296 seconds
2015-12-03T17:51:06.846-0500: 2135,633: Total time for which application threads were stopped: 0,0000784 seconds, Stopping threads took: 0,0000258 seconds
2015-12-03T17:51:06.846-0500: 2135,633: Total time for which application threads were stopped: 0,0000608 seconds, Stopping threads took: 0,0000204 seconds
2015-12-03T17:51:06.847-0500: 2135,634: Total time for which application threads were stopped: 0,0000586 seconds, Stopping threads took: 0,0000273 seconds
2015-12-03T17:51:06.847-0500: 2135,634: Total time for which application threads were stopped: 0,0000489 seconds, Stopping threads took: 0,0000202 seconds
2015-12-03T17:51:06.847-0500: 2135,634: Total time for which application threads were stopped: 0,0000479 seconds, Stopping threads took: 0,0000187 seconds
2015-12-03T17:51:07.847-0500: 2136,634: Total time for which application threads were stopped: 0,0000796 seconds, Stopping threads took: 0,0000223 seconds
2015-12-03T17:51:19.849-0500: 2148,636: Total time for which application threads were stopped: 0,0001751 seconds, Stopping threads took: 0,0000424 seconds
2015-12-03T17:51:24.849-0500: 2153,636: Total time for which application threads were stopped: 0,0000855 seconds, Stopping threads took: 0,0000234 seconds
2015-12-03T17:51:34.851-0500: 2163,638: Total time for which application threads were stopped: 0,0002324 seconds, Stopping threads took: 0,0000829 seconds
2015-12-03T17:51:39.852-0500: 2168,638: Total time for which application threads were stopped: 0,0001091 seconds, Stopping threads took: 0,0000340 seconds
2015-12-03T17:51:41.852-0500: 2170,639: Total time for which application threads were stopped: 0,0000888 seconds, Stopping threads took: 0,0000238 seconds
2015-12-03T17:51:43.379-0500: 2172,166: Total time for which application threads were stopped: 0,0001124 seconds, Stopping threads took: 0,0000378 seconds
2015-12-03T17:51:43.390-0500: 2172,177: Total time for which application threads were stopped: 0,0001426 seconds, Stopping threads took: 0,0000610 seconds
2015-12-03T17:51:43.400-0500: 2172,187: Total time for which application threads were stopped: 0,0005830 seconds, Stopping threads took: 0,0000194 seconds
2015-12-03T17:51:44.400-0500: 2173,187: Total time for which application threads were stopped: 0,0000849 seconds, Stopping threads took: 0,0000219 seconds
2015-12-03T17:51:48.401-0500: 2177,187: Total time for which application threads were stopped: 0,0001085 seconds, Stopping threads took: 0,0000235 seconds
2015-12-03T17:51:51.493-0500: 2180,280: Total time for which application threads were stopped: 0,0000927 seconds, Stopping threads took: 0,0000229 seconds
2015-12-03T17:51:51.493-0500: 2180,280: Total time for which application threads were stopped: 0,0000382 seconds, Stopping threads took: 0,0000085 seconds
2015-12-03T17:51:51.494-0500: 2180,280: Total time for which application threads were stopped: 0,0000591 seconds, Stopping threads took: 0,0000237 seconds
2015-12-03T17:51:51.494-0500: 2180,281: Total time for which application threads were stopped: 0,0000493 seconds, Stopping threads took: 0,0000099 seconds
2015-12-03T17:51:51.494-0500: 2180,281: Total time for which application threads were stopped: 0,0000864 seconds, Stopping threads took: 0,0000439 seconds
2015-12-03T17:51:52.494-0500: 2181,281: Total time for which application threads were stopped: 0,0001092 seconds, Stopping threads took: 0,0000285 seconds
2015-12-03T17:52:01.048-0500: 2189,835: Total time for which application threads were stopped: 0,0001687 seconds, Stopping threads took: 0,0000546 seconds
2015-12-03T17:52:31.052-0500: 2219,838: Total time for which application threads were stopped: 0,0001169 seconds, Stopping threads took: 0,0000413 seconds
2015-12-03T17:54:28.067-0500: 2336,854: Total time for which application threads were stopped: 0,0002025 seconds, Stopping threads took: 0,0000702 seconds
2015-12-03T17:54:31.068-0500: 2339,855: Total time for which application threads were stopped: 0,0001788 seconds, Stopping threads took: 0,0000463 seconds
2015-12-03T17:54:43.069-0500: 2351,856: Total time for which application threads were stopped: 0,0002210 seconds, Stopping threads took: 0,0000752 seconds
2015-12-03T17:57:10.088-0500: 2498,875: Total time for which application threads were stopped: 0,0002112 seconds, Stopping threads took: 0,0000682 seconds
2015-12-03T17:58:01.094-0500: 2549,881: Total time for which application threads were stopped: 0,0001013 seconds, Stopping threads took: 0,0000374 seconds
2015-12-03T17:58:06.095-0500: 2554,882: Total time for which application threads were stopped: 0,0000790 seconds, Stopping threads took: 0,0000219 seconds
2015-12-03T18:00:51.941-0500: 2720,728: Total time for which application threads were stopped: 0,0159214 seconds, Stopping threads took: 0,0000422 seconds
2015-12-03T18:00:52.032-0500: 2720,819: Total time for which application threads were stopped: 0,0001343 seconds, Stopping threads took: 0,0000352 seconds
2015-12-03T18:00:52.142-0500: 2720,929: Total time for which application threads were stopped: 0,0007310 seconds, Stopping threads took: 0,0000336 seconds
2015-12-03T18:00:53.142-0500: 2721,929: Total time for which application threads were stopped: 0,0000989 seconds, Stopping threads took: 0,0000312 seconds
2015-12-03T18:01:01.261-0500: 2730,048: Total time for which application threads were stopped: 0,0001019 seconds, Stopping threads took: 0,0000315 seconds
2015-12-03T18:01:01.263-0500: 2730,050: Total time for which application threads were stopped: 0,0006789 seconds, Stopping threads took: 0,0000312 seconds
2015-12-03T18:01:02.263-0500: 2731,050: Total time for which application threads were stopped: 0,0000855 seconds, Stopping threads took: 0,0000214 seconds
2015-12-03T18:01:14.533-0500: 2743,320: Total time for which application threads were stopped: 0,0000873 seconds, Stopping threads took: 0,0000205 seconds
2015-12-03T18:01:14.538-0500: 2743,325: Total time for which application threads were stopped: 0,0001657 seconds, Stopping threads took: 0,0000921 seconds
2015-12-03T18:01:14.538-0500: 2743,325: Total time for which application threads were stopped: 0,0001010 seconds, Stopping threads took: 0,0000558 seconds
2015-12-03T18:01:15.538-0500: 2744,325: Total time for which application threads were stopped: 0,0000832 seconds, Stopping threads took: 0,0000220 seconds
2015-12-03T18:01:42.495-0500: 2771,282: Total time for which application threads were stopped: 0,0000986 seconds, Stopping threads took: 0,0000284 seconds
2015-12-03T18:01:43.495-0500: 2772,282: Total time for which application threads were stopped: 0,0000860 seconds, Stopping threads took: 0,0000220 seconds
2015-12-03T18:01:45.495-0500: 2774,282: Total time for which application threads were stopped: 0,0001322 seconds, Stopping threads took: 0,0000268 seconds
2015-12-03T18:01:51.496-0500: 2780,283: Total time for which application threads were stopped: 0,0000817 seconds, Stopping threads took: 0,0000271 seconds
2015-12-03T18:02:58.274-0500: 2847,061: Total time for which application threads were stopped: 0,0001089 seconds, Stopping threads took: 0,0000422 seconds
2015-12-03T18:02:59.275-0500: 2848,062: Total time for which application threads were stopped: 0,0000878 seconds, Stopping threads took: 0,0000217 seconds
2015-12-03T18:03:27.277-0500: 2876,064: Total time for which application threads were stopped: 0,0000960 seconds, Stopping threads took: 0,0000366 seconds
2015-12-03T18:06:45.298-0500: 3074,085: Total time for which application threads were stopped: 0,0001006 seconds, Stopping threads took: 0,0000385 seconds
2015-12-03T18:07:16.925-0500: 3105,712: Total time for which application threads were stopped: 0,0001309 seconds, Stopping threads took: 0,0000348 seconds
2015-12-03T18:07:17.925-0500: 3106,724: Total time for which application threads were stopped: 0,0118291 seconds, Stopping threads took: 0,0000231 seconds
2015-12-03T18:07:18.219-0500: 3107,006: Total time for which application threads were stopped: 0,0001845 seconds, Stopping threads took: 0,0001039 seconds
2015-12-03T18:07:18.674-0500: 3107,461: Total time for which application threads were stopped: 0,0001057 seconds, Stopping threads took: 0,0000312 seconds
2015-12-03T18:07:19.003-0500: 3107,790: Total time for which application threads were stopped: 0,0001057 seconds, Stopping threads took: 0,0000322 seconds
{Heap before GC invocations=24 (full 2):
 par new generation   total 109248K, used 95850K [0x00000000e0000000, 0x00000000e8000000, 0x00000000e8000000)
  eden space 87424K, 100% used [0x00000000e0000000, 0x00000000e5560000, 0x00000000e5560000)
  from space 21824K,  38% used [0x00000000e5560000, 0x00000000e5d9a900, 0x00000000e6ab0000)
  to   space 21824K,   0% used [0x00000000e6ab0000, 0x00000000e6ab0000, 0x00000000e8000000)
 concurrent mark-sweep generation total 393216K, used 15358K [0x00000000e8000000, 0x0000000100000000, 0x0000000100000000)
 Metaspace       used 44710K, capacity 45452K, committed 45632K, reserved 1089536K
  class space    used 4415K, capacity 4642K, committed 4728K, reserved 1048576K
2015-12-03T18:07:19.007-0500: 3107,794: [GC (Allocation Failure) 2015-12-03T18:07:19.008-0500: 3107,794: [ParNew
Desired survivor size 20112992 bytes, new threshold 8 (max 8)
- age   1:    3278832 bytes,    3278832 total
- age   2:      79392 bytes,    3358224 total
- age   3:     850616 bytes,    4208840 total
- age   4:    1499536 bytes,    5708376 total
- age   5:      85504 bytes,    5793880 total
- age   6:     835160 bytes,    6629040 total
- age   7:     580256 bytes,    7209296 total
- age   8:       3584 bytes,    7212880 total
: 95850K->8896K(109248K), 0,0109303 secs] 111208K->25198K(502464K), 0,0109868 secs] [Times: user=0,03 sys=0,00, real=0,01 secs] 
Heap after GC invocations=25 (full 2):
 par new generation   total 109248K, used 8896K [0x00000000e0000000, 0x00000000e8000000, 0x00000000e8000000)
  eden space 87424K,   0% used [0x00000000e0000000, 0x00000000e0000000, 0x00000000e5560000)
  from space 21824K,  40% used [0x00000000e6ab0000, 0x00000000e7360380, 0x00000000e8000000)
  to   space 21824K,   0% used [0x00000000e5560000, 0x00000000e5560000, 0x00000000e6ab0000)
 concurrent mark-sweep generation total 393216K, used 16301K [0x00000000e8000000, 0x0000000100000000, 0x0000000100000000)
 Metaspace       used 44710K, capacity 45452K, committed 45632K, reserved 1089536K
  class space    used 4415K, capacity 4642K, committed 4728K, reserved 1048576K
}
2015-12-03T18:07:19.019-0500: 3107,805: Total time for which application threads were stopped: 0,0111591 seconds, Stopping threads took: 0,0000328 seconds
2015-12-03T18:07:19.020-0500: 3107,807: Total time for which application threads were stopped: 0,0000949 seconds, Stopping threads took: 0,0000308 seconds
2015-12-03T18:07:19.269-0500: 3108,056: Total time for which application threads were stopped: 0,0001505 seconds, Stopping threads took: 0,0000193 seconds
2015-12-03T18:07:19.469-0500: 3108,256: Total time for which application threads were stopped: 0,0001074 seconds, Stopping threads took: 0,0000311 seconds
2015-12-03T18:07:19.642-0500: 3108,429: Total time for which application threads were stopped: 0,0001149 seconds, Stopping threads took: 0,0000222 seconds
2015-12-03T18:07:20.643-0500: 3109,429: Total time for which application threads were stopped: 0,0001367 seconds, Stopping threads took: 0,0000505 seconds
2015-12-03T18:07:28.322-0500: 3117,109: Total time for which application threads were stopped: 0,0000945 seconds, Stopping threads took: 0,0000182 seconds
2015-12-03T18:07:29.322-0500: 3118,109: Total time for which application threads were stopped: 0,0000860 seconds, Stopping threads took: 0,0000241 seconds
2015-12-03T18:07:30.007-0500: 3118,794: Total time for which application threads were stopped: 0,0001430 seconds, Stopping threads took: 0,0000618 seconds
2015-12-03T18:07:31.008-0500: 3119,794: Total time for which application threads were stopped: 0,0001905 seconds, Stopping threads took: 0,0000393 seconds
2015-12-03T18:08:04.011-0500: 3152,798: Total time for which application threads were stopped: 0,0000943 seconds, Stopping threads took: 0,0000356 seconds
2015-12-03T18:08:36.015-0500: 3184,802: Total time for which application threads were stopped: 0,0000890 seconds, Stopping threads took: 0,0000325 seconds
2015-12-03T18:08:44.892-0500: 3193,679: Total time for which application threads were stopped: 0,0001719 seconds, Stopping threads took: 0,0000854 seconds
2015-12-03T18:08:45.892-0500: 3194,679: Total time for which application threads were stopped: 0,0001057 seconds, Stopping threads took: 0,0000291 seconds
2015-12-03T18:08:46.737-0500: 3195,524: Total time for which application threads were stopped: 0,0002088 seconds, Stopping threads took: 0,0001207 seconds
2015-12-03T18:08:50.738-0500: 3199,524: Total time for which application threads were stopped: 0,0001978 seconds, Stopping threads took: 0,0000482 seconds
2015-12-03T18:08:56.738-0500: 3205,525: Total time for which application threads were stopped: 0,0001000 seconds, Stopping threads took: 0,0000267 seconds
2015-12-03T18:09:50.745-0500: 3259,532: Total time for which application threads were stopped: 0,0001717 seconds, Stopping threads took: 0,0000642 seconds
2015-12-03T18:12:35.763-0500: 3424,550: Total time for which application threads were stopped: 0,0000913 seconds, Stopping threads took: 0,0000343 seconds
2015-12-03T18:14:02.772-0500: 3511,559: Total time for which application threads were stopped: 0,0000966 seconds, Stopping threads took: 0,0000359 seconds
2015-12-03T18:14:04.773-0500: 3513,560: Total time for which application threads were stopped: 0,0000830 seconds, Stopping threads took: 0,0000218 seconds
2015-12-03T18:15:14.780-0500: 3583,567: Total time for which application threads were stopped: 0,0001974 seconds, Stopping threads took: 0,0000666 seconds
2015-12-03T18:16:09.788-0500: 3638,575: Total time for which application threads were stopped: 0,0001153 seconds, Stopping threads took: 0,0000437 seconds
2015-12-03T18:17:23.812-0500: 3712,599: Total time for which application threads were stopped: 0,0166151 seconds, Stopping threads took: 0,0164604 seconds
2015-12-03T18:18:29.819-0500: 3778,606: Total time for which application threads were stopped: 0,0000982 seconds, Stopping threads took: 0,0000368 seconds
2015-12-03T18:18:32.819-0500: 3781,606: Total time for which application threads were stopped: 0,0001277 seconds, Stopping threads took: 0,0000323 seconds
2015-12-03T18:18:35.820-0500: 3784,607: Total time for which application threads were stopped: 0,0000818 seconds, Stopping threads took: 0,0000226 seconds
2015-12-03T18:18:55.822-0500: 3804,609: Total time for which application threads were stopped: 0,0001341 seconds, Stopping threads took: 0,0000501 seconds
2015-12-03T18:19:20.824-0500: 3829,611: Total time for which application threads were stopped: 0,0000788 seconds, Stopping threads took: 0,0000203 seconds
2015-12-03T18:20:34.830-0500: 3903,617: Total time for which application threads were stopped: 0,0001058 seconds, Stopping threads took: 0,0000332 seconds
2015-12-03T18:21:04.834-0500: 3933,620: Total time for which application threads were stopped: 0,0000996 seconds, Stopping threads took: 0,0000386 seconds
2015-12-03T18:21:17.163-0500: 3945,950: Total time for which application threads were stopped: 0,0001751 seconds, Stopping threads took: 0,0001014 seconds
2015-12-03T18:21:17.164-0500: 3945,950: Total time for which application threads were stopped: 0,0001126 seconds, Stopping threads took: 0,0000678 seconds
2015-12-03T18:21:17.164-0500: 3945,951: Total time for which application threads were stopped: 0,0000658 seconds, Stopping threads took: 0,0000297 seconds
2015-12-03T18:21:17.164-0500: 3945,951: Total time for which application threads were stopped: 0,0000658 seconds, Stopping threads took: 0,0000317 seconds
2015-12-03T18:21:17.164-0500: 3945,951: Total time for which application threads were stopped: 0,0000530 seconds, Stopping threads took: 0,0000129 seconds
2015-12-03T18:21:17.423-0500: 3946,210: Total time for which application threads were stopped: 0,0002034 seconds, Stopping threads took: 0,0001367 seconds
2015-12-03T18:21:17.424-0500: 3946,210: Total time for which application threads were stopped: 0,0001424 seconds, Stopping threads took: 0,0001005 seconds
2015-12-03T18:21:17.424-0500: 3946,211: Total time for which application threads were stopped: 0,0001836 seconds, Stopping threads took: 0,0001514 seconds
2015-12-03T18:21:17.424-0500: 3946,211: Total time for which application threads were stopped: 0,0000384 seconds, Stopping threads took: 0,0000123 seconds
2015-12-03T18:21:17.424-0500: 3946,211: Total time for which application threads were stopped: 0,0000647 seconds, Stopping threads took: 0,0000275 seconds
2015-12-03T18:21:17.424-0500: 3946,211: Total time for which application threads were stopped: 0,0000489 seconds, Stopping threads took: 0,0000177 seconds
2015-12-03T18:21:17.425-0500: 3946,212: Total time for which application threads were stopped: 0,0000348 seconds, Stopping threads took: 0,0000063 seconds
2015-12-03T18:21:17.425-0500: 3946,212: Total time for which application threads were stopped: 0,0000256 seconds, Stopping threads took: 0,0000066 seconds
2015-12-03T18:21:17.521-0500: 3946,308: Total time for which application threads were stopped: 0,0000849 seconds, Stopping threads took: 0,0000186 seconds
2015-12-03T18:21:17.522-0500: 3946,309: Total time for which application threads were stopped: 0,0000553 seconds, Stopping threads took: 0,0000203 seconds
2015-12-03T18:21:17.522-0500: 3946,309: Total time for which application threads were stopped: 0,0001080 seconds, Stopping threads took: 0,0000718 seconds
2015-12-03T18:21:17.522-0500: 3946,309: Total time for which application threads were stopped: 0,0000776 seconds, Stopping threads took: 0,0000523 seconds
2015-12-03T18:21:17.522-0500: 3946,309: Total time for which application threads were stopped: 0,0001307 seconds, Stopping threads took: 0,0000805 seconds
2015-12-03T18:21:17.536-0500: 3946,323: Total time for which application threads were stopped: 0,0001680 seconds, Stopping threads took: 0,0001113 seconds
2015-12-03T18:21:17.537-0500: 3946,324: Total time for which application threads were stopped: 0,0000547 seconds, Stopping threads took: 0,0000205 seconds
2015-12-03T18:21:17.746-0500: 3946,533: Total time for which application threads were stopped: 0,0001875 seconds, Stopping threads took: 0,0001449 seconds
Heap
 par new generation   total 109248K, used 28132K [0x00000000e0000000, 0x00000000e8000000, 0x00000000e8000000)
  eden space 87424K,  22% used [0x00000000e0000000, 0x00000000e12c8ee8, 0x00000000e5560000)
  from space 21824K,  40% used [0x00000000e6ab0000, 0x00000000e7360380, 0x00000000e8000000)
  to   space 21824K,   0% used [0x00000000e5560000, 0x00000000e5560000, 0x00000000e6ab0000)
 concurrent mark-sweep generation total 393216K, used 16301K [0x00000000e8000000, 0x0000000100000000, 0x0000000100000000)
 Metaspace       used 44780K, capacity 45548K, committed 45888K, reserved 1091584K
  class space    used 4421K, capacity 4674K, committed 4728K, reserved 1048576K
