Java HotSpot(TM) 64-Bit Server VM (25.66-b17) for linux-amd64 JRE (1.8.0_66-b17), built on Oct  6 2015 17:28:34 by "java_re" with gcc 4.3.0 20080428 (Red Hat 4.3.0-8)
Memory: 4k page, physical 8074228k(605096k free), swap 8285180k(7507720k free)
CommandLine flags: -XX:CMSInitiatingOccupancyFraction=50 -XX:CMSMaxAbortablePrecleanTime=6000 -XX:+CMSParallelRemarkEnabled -XX:+CMSScavengeBeforeRemark -XX:ConcGCThreads=4 -XX:InitialHeapSize=536870912 -XX:MaxHeapSize=536870912 -XX:MaxTenuringThreshold=8 -XX:NewRatio=3 -XX:OldPLABSize=16 -XX:ParallelGCThreads=4 -XX:+ParallelRefProcEnabled -XX:PretenureSizeThreshold=67108864 -XX:+PrintGC -XX:+PrintGCApplicationStoppedTime -XX:+PrintGCDateStamps -XX:+PrintGCDetails -XX:+PrintGCTimeStamps -XX:+PrintHeapAtGC -XX:+PrintTenuringDistribution -XX:SurvivorRatio=4 -XX:TargetSurvivorRatio=90 -XX:ThreadStackSize=256 -XX:+UseCMSInitiatingOccupancyOnly -XX:+UseCompressedClassPointers -XX:+UseCompressedOops -XX:+UseConcMarkSweepGC -XX:+UseParNewGC 
2015-12-17T14:12:49.572-0500: 0,454: Total time for which application threads were stopped: 0,0000698 seconds, Stopping threads took: 0,0000214 seconds
2015-12-17T14:12:50.304-0500: 1,186: Total time for which application threads were stopped: 0,0001382 seconds, Stopping threads took: 0,0000354 seconds
2015-12-17T14:12:50.639-0500: 1,521: Total time for which application threads were stopped: 0,0000965 seconds, Stopping threads took: 0,0000130 seconds
2015-12-17T14:12:50.862-0500: 1,744: Total time for which application threads were stopped: 0,0001078 seconds, Stopping threads took: 0,0000130 seconds
2015-12-17T14:12:51.001-0500: 1,883: Total time for which application threads were stopped: 0,0001303 seconds, Stopping threads took: 0,0000170 seconds
2015-12-17T14:12:51.011-0500: 1,893: Total time for which application threads were stopped: 0,0001424 seconds, Stopping threads took: 0,0000273 seconds
2015-12-17T14:12:51.028-0500: 1,910: Total time for which application threads were stopped: 0,0001389 seconds, Stopping threads took: 0,0000252 seconds
{Heap before GC invocations=0 (full 0):
 par new generation   total 109248K, used 87424K [0x00000000e0000000, 0x00000000e8000000, 0x00000000e8000000)
  eden space 87424K, 100% used [0x00000000e0000000, 0x00000000e5560000, 0x00000000e5560000)
  from space 21824K,   0% used [0x00000000e5560000, 0x00000000e5560000, 0x00000000e6ab0000)
  to   space 21824K,   0% used [0x00000000e6ab0000, 0x00000000e6ab0000, 0x00000000e8000000)
 concurrent mark-sweep generation total 393216K, used 0K [0x00000000e8000000, 0x0000000100000000, 0x0000000100000000)
 Metaspace       used 10058K, capacity 10248K, committed 10496K, reserved 1058816K
  class space    used 1150K, capacity 1180K, committed 1280K, reserved 1048576K
2015-12-17T14:12:51.732-0500: 2,614: [GC (Allocation Failure) 2015-12-17T14:12:51.732-0500: 2,614: [ParNew
Desired survivor size 20112992 bytes, new threshold 8 (max 8)
- age   1:    5683280 bytes,    5683280 total
: 87424K->5615K(109248K), 0,0075143 secs] 87424K->5615K(502464K), 0,0075844 secs] [Times: user=0,02 sys=0,01, real=0,01 secs] 
Heap after GC invocations=1 (full 0):
 par new generation   total 109248K, used 5615K [0x00000000e0000000, 0x00000000e8000000, 0x00000000e8000000)
  eden space 87424K,   0% used [0x00000000e0000000, 0x00000000e0000000, 0x00000000e5560000)
  from space 21824K,  25% used [0x00000000e6ab0000, 0x00000000e702bd58, 0x00000000e8000000)
  to   space 21824K,   0% used [0x00000000e5560000, 0x00000000e5560000, 0x00000000e6ab0000)
 concurrent mark-sweep generation total 393216K, used 0K [0x00000000e8000000, 0x0000000100000000, 0x0000000100000000)
 Metaspace       used 10058K, capacity 10248K, committed 10496K, reserved 1058816K
  class space    used 1150K, capacity 1180K, committed 1280K, reserved 1048576K
}
2015-12-17T14:12:51.740-0500: 2,622: Total time for which application threads were stopped: 0,0077468 seconds, Stopping threads took: 0,0000298 seconds
2015-12-17T14:12:51.897-0500: 2,779: Total time for which application threads were stopped: 0,0002413 seconds, Stopping threads took: 0,0000733 seconds
2015-12-17T14:12:52.897-0500: 3,779: Total time for which application threads were stopped: 0,0001175 seconds, Stopping threads took: 0,0000278 seconds
2015-12-17T14:12:53.169-0500: 4,051: Total time for which application threads were stopped: 0,0002448 seconds, Stopping threads took: 0,0000269 seconds
2015-12-17T14:12:53.200-0500: 4,082: Total time for which application threads were stopped: 0,0002210 seconds, Stopping threads took: 0,0000243 seconds
2015-12-17T14:12:53.202-0500: 4,084: Total time for which application threads were stopped: 0,0002180 seconds, Stopping threads took: 0,0000210 seconds
2015-12-17T14:12:53.218-0500: 4,100: Total time for which application threads were stopped: 0,0006720 seconds, Stopping threads took: 0,0000509 seconds
2015-12-17T14:12:53.669-0500: 4,551: Total time for which application threads were stopped: 0,0002179 seconds, Stopping threads took: 0,0000184 seconds
2015-12-17T14:12:54.211-0500: 5,093: Total time for which application threads were stopped: 0,0002134 seconds, Stopping threads took: 0,0000802 seconds
2015-12-17T14:12:54.212-0500: 5,094: Total time for which application threads were stopped: 0,0000960 seconds, Stopping threads took: 0,0000186 seconds
2015-12-17T14:12:54.225-0500: 5,107: Total time for which application threads were stopped: 0,0002012 seconds, Stopping threads took: 0,0001263 seconds
2015-12-17T14:12:54.227-0500: 5,109: Total time for which application threads were stopped: 0,0000832 seconds, Stopping threads took: 0,0000173 seconds
2015-12-17T14:12:54.235-0500: 5,117: Total time for which application threads were stopped: 0,0001035 seconds, Stopping threads took: 0,0000403 seconds
2015-12-17T14:12:54.236-0500: 5,118: Total time for which application threads were stopped: 0,0001277 seconds, Stopping threads took: 0,0000695 seconds
2015-12-17T14:12:54.326-0500: 5,208: Total time for which application threads were stopped: 0,0002756 seconds, Stopping threads took: 0,0000709 seconds
2015-12-17T14:12:54.362-0500: 5,244: Total time for which application threads were stopped: 0,0002906 seconds, Stopping threads took: 0,0000226 seconds
2015-12-17T14:12:54.388-0500: 5,270: Total time for which application threads were stopped: 0,0045798 seconds, Stopping threads took: 0,0045313 seconds
2015-12-17T14:12:54.388-0500: 5,270: Total time for which application threads were stopped: 0,0000719 seconds, Stopping threads took: 0,0000489 seconds
2015-12-17T14:12:54.393-0500: 5,275: Total time for which application threads were stopped: 0,0001031 seconds, Stopping threads took: 0,0000338 seconds
2015-12-17T14:12:54.414-0500: 5,296: Total time for which application threads were stopped: 0,0000846 seconds, Stopping threads took: 0,0000229 seconds
2015-12-17T14:12:54.783-0500: 5,665: Total time for which application threads were stopped: 0,0002161 seconds, Stopping threads took: 0,0001172 seconds
2015-12-17T14:12:54.783-0500: 5,665: Total time for which application threads were stopped: 0,0001764 seconds, Stopping threads took: 0,0001122 seconds
2015-12-17T14:12:55.447-0500: 6,329: Total time for which application threads were stopped: 0,0001021 seconds, Stopping threads took: 0,0000183 seconds
2015-12-17T14:12:55.447-0500: 6,329: Total time for which application threads were stopped: 0,0000502 seconds, Stopping threads took: 0,0000105 seconds
{Heap before GC invocations=1 (full 0):
 par new generation   total 109248K, used 93039K [0x00000000e0000000, 0x00000000e8000000, 0x00000000e8000000)
  eden space 87424K, 100% used [0x00000000e0000000, 0x00000000e5560000, 0x00000000e5560000)
  from space 21824K,  25% used [0x00000000e6ab0000, 0x00000000e702bd58, 0x00000000e8000000)
  to   space 21824K,   0% used [0x00000000e5560000, 0x00000000e5560000, 0x00000000e6ab0000)
 concurrent mark-sweep generation total 393216K, used 0K [0x00000000e8000000, 0x0000000100000000, 0x0000000100000000)
 Metaspace       used 19506K, capacity 19928K, committed 20096K, reserved 1067008K
  class space    used 2279K, capacity 2422K, committed 2432K, reserved 1048576K
2015-12-17T14:12:55.452-0500: 6,334: [GC (Allocation Failure) 2015-12-17T14:12:55.452-0500: 6,334: [ParNew
Desired survivor size 20112992 bytes, new threshold 8 (max 8)
- age   1:   10921336 bytes,   10921336 total
- age   2:    2510096 bytes,   13431432 total
: 93039K->15799K(109248K), 0,0130319 secs] 93039K->15799K(502464K), 0,0130971 secs] [Times: user=0,03 sys=0,00, real=0,02 secs] 
Heap after GC invocations=2 (full 0):
 par new generation   total 109248K, used 15799K [0x00000000e0000000, 0x00000000e8000000, 0x00000000e8000000)
  eden space 87424K,   0% used [0x00000000e0000000, 0x00000000e0000000, 0x00000000e5560000)
  from space 21824K,  72% used [0x00000000e5560000, 0x00000000e64cdc70, 0x00000000e6ab0000)
  to   space 21824K,   0% used [0x00000000e6ab0000, 0x00000000e6ab0000, 0x00000000e8000000)
 concurrent mark-sweep generation total 393216K, used 0K [0x00000000e8000000, 0x0000000100000000, 0x0000000100000000)
 Metaspace       used 19506K, capacity 19928K, committed 20096K, reserved 1067008K
  class space    used 2279K, capacity 2422K, committed 2432K, reserved 1048576K
}
2015-12-17T14:12:55.465-0500: 6,347: Total time for which application threads were stopped: 0,0132437 seconds, Stopping threads took: 0,0000292 seconds
2015-12-17T14:12:55.468-0500: 6,350: Total time for which application threads were stopped: 0,0004456 seconds, Stopping threads took: 0,0003860 seconds
2015-12-17T14:12:55.468-0500: 6,350: Total time for which application threads were stopped: 0,0000815 seconds, Stopping threads took: 0,0000270 seconds
2015-12-17T14:12:55.468-0500: 6,350: Total time for which application threads were stopped: 0,0000854 seconds, Stopping threads took: 0,0000334 seconds
2015-12-17T14:12:55.471-0500: 6,353: Total time for which application threads were stopped: 0,0001215 seconds, Stopping threads took: 0,0000602 seconds
2015-12-17T14:12:55.471-0500: 6,353: Total time for which application threads were stopped: 0,0000523 seconds, Stopping threads took: 0,0000163 seconds
2015-12-17T14:12:55.471-0500: 6,353: Total time for which application threads were stopped: 0,0000499 seconds, Stopping threads took: 0,0000268 seconds
2015-12-17T14:12:55.471-0500: 6,353: Total time for which application threads were stopped: 0,0000499 seconds, Stopping threads took: 0,0000291 seconds
2015-12-17T14:12:55.472-0500: 6,354: Total time for which application threads were stopped: 0,0000798 seconds, Stopping threads took: 0,0000312 seconds
2015-12-17T14:12:55.472-0500: 6,354: Total time for which application threads were stopped: 0,0000434 seconds, Stopping threads took: 0,0000087 seconds
2015-12-17T14:12:55.472-0500: 6,354: Total time for which application threads were stopped: 0,0000449 seconds, Stopping threads took: 0,0000147 seconds
2015-12-17T14:12:55.472-0500: 6,354: Total time for which application threads were stopped: 0,0000346 seconds, Stopping threads took: 0,0000071 seconds
2015-12-17T14:12:55.472-0500: 6,354: Total time for which application threads were stopped: 0,0000337 seconds, Stopping threads took: 0,0000068 seconds
2015-12-17T14:12:55.472-0500: 6,354: Total time for which application threads were stopped: 0,0000333 seconds, Stopping threads took: 0,0000067 seconds
2015-12-17T14:12:55.624-0500: 6,506: Total time for which application threads were stopped: 0,0001394 seconds, Stopping threads took: 0,0000428 seconds
2015-12-17T14:12:55.624-0500: 6,506: Total time for which application threads were stopped: 0,0000896 seconds, Stopping threads took: 0,0000393 seconds
2015-12-17T14:12:55.624-0500: 6,506: Total time for which application threads were stopped: 0,0000608 seconds, Stopping threads took: 0,0000199 seconds
2015-12-17T14:12:55.625-0500: 6,507: Total time for which application threads were stopped: 0,0000523 seconds, Stopping threads took: 0,0000114 seconds
2015-12-17T14:12:55.626-0500: 6,509: Total time for which application threads were stopped: 0,0000688 seconds, Stopping threads took: 0,0000277 seconds
2015-12-17T14:12:55.627-0500: 6,509: Total time for which application threads were stopped: 0,0000446 seconds, Stopping threads took: 0,0000167 seconds
2015-12-17T14:12:55.627-0500: 6,509: Total time for which application threads were stopped: 0,0000331 seconds, Stopping threads took: 0,0000063 seconds
2015-12-17T14:12:55.627-0500: 6,509: Total time for which application threads were stopped: 0,0000507 seconds, Stopping threads took: 0,0000184 seconds
2015-12-17T14:12:55.627-0500: 6,509: Total time for which application threads were stopped: 0,0000344 seconds, Stopping threads took: 0,0000060 seconds
2015-12-17T14:12:55.627-0500: 6,509: Total time for which application threads were stopped: 0,0000950 seconds, Stopping threads took: 0,0000088 seconds
2015-12-17T14:12:55.627-0500: 6,509: Total time for which application threads were stopped: 0,0000371 seconds, Stopping threads took: 0,0000086 seconds
2015-12-17T14:12:55.628-0500: 6,510: Total time for which application threads were stopped: 0,0000379 seconds, Stopping threads took: 0,0000054 seconds
2015-12-17T14:12:55.628-0500: 6,510: Total time for which application threads were stopped: 0,0000493 seconds, Stopping threads took: 0,0000135 seconds
2015-12-17T14:12:55.628-0500: 6,510: Total time for which application threads were stopped: 0,0000463 seconds, Stopping threads took: 0,0000083 seconds
2015-12-17T14:12:55.628-0500: 6,510: Total time for which application threads were stopped: 0,0000407 seconds, Stopping threads took: 0,0000131 seconds
2015-12-17T14:12:55.628-0500: 6,510: Total time for which application threads were stopped: 0,0000468 seconds, Stopping threads took: 0,0000099 seconds
2015-12-17T14:12:55.628-0500: 6,510: Total time for which application threads were stopped: 0,0000336 seconds, Stopping threads took: 0,0000059 seconds
2015-12-17T14:12:55.628-0500: 6,510: Total time for which application threads were stopped: 0,0000468 seconds, Stopping threads took: 0,0000150 seconds
2015-12-17T14:12:55.630-0500: 6,512: Total time for which application threads were stopped: 0,0002284 seconds, Stopping threads took: 0,0002012 seconds
2015-12-17T14:12:55.630-0500: 6,512: Total time for which application threads were stopped: 0,0000423 seconds, Stopping threads took: 0,0000105 seconds
2015-12-17T14:12:55.630-0500: 6,512: Total time for which application threads were stopped: 0,0000746 seconds, Stopping threads took: 0,0000460 seconds
2015-12-17T14:12:55.630-0500: 6,512: Total time for which application threads were stopped: 0,0000883 seconds, Stopping threads took: 0,0000473 seconds
2015-12-17T14:12:55.630-0500: 6,512: Total time for which application threads were stopped: 0,0000413 seconds, Stopping threads took: 0,0000093 seconds
2015-12-17T14:12:55.631-0500: 6,513: Total time for which application threads were stopped: 0,0000437 seconds, Stopping threads took: 0,0000094 seconds
2015-12-17T14:12:55.631-0500: 6,513: Total time for which application threads were stopped: 0,0000562 seconds, Stopping threads took: 0,0000250 seconds
2015-12-17T14:12:55.631-0500: 6,513: Total time for which application threads were stopped: 0,0000651 seconds, Stopping threads took: 0,0000235 seconds
2015-12-17T14:12:55.631-0500: 6,513: Total time for which application threads were stopped: 0,0000530 seconds, Stopping threads took: 0,0000145 seconds
2015-12-17T14:12:55.631-0500: 6,513: Total time for which application threads were stopped: 0,0000497 seconds, Stopping threads took: 0,0000187 seconds
2015-12-17T14:12:55.632-0500: 6,514: Total time for which application threads were stopped: 0,0000323 seconds, Stopping threads took: 0,0000085 seconds
2015-12-17T14:12:55.632-0500: 6,514: Total time for which application threads were stopped: 0,0000572 seconds, Stopping threads took: 0,0000233 seconds
2015-12-17T14:12:55.632-0500: 6,514: Total time for which application threads were stopped: 0,0000384 seconds, Stopping threads took: 0,0000071 seconds
2015-12-17T14:12:55.632-0500: 6,514: Total time for which application threads were stopped: 0,0000341 seconds, Stopping threads took: 0,0000069 seconds
2015-12-17T14:12:55.633-0500: 6,515: Total time for which application threads were stopped: 0,0003120 seconds, Stopping threads took: 0,0002705 seconds
2015-12-17T14:12:55.633-0500: 6,515: Total time for which application threads were stopped: 0,0000606 seconds, Stopping threads took: 0,0000234 seconds
2015-12-17T14:12:55.634-0500: 6,516: Total time for which application threads were stopped: 0,0000730 seconds, Stopping threads took: 0,0000273 seconds
2015-12-17T14:12:55.638-0500: 6,520: Total time for which application threads were stopped: 0,0046883 seconds, Stopping threads took: 0,0044147 seconds
2015-12-17T14:12:55.641-0500: 6,523: Total time for which application threads were stopped: 0,0001022 seconds, Stopping threads took: 0,0000234 seconds
2015-12-17T14:12:55.641-0500: 6,523: Total time for which application threads were stopped: 0,0000779 seconds, Stopping threads took: 0,0000270 seconds
2015-12-17T14:12:55.642-0500: 6,524: Total time for which application threads were stopped: 0,0005862 seconds, Stopping threads took: 0,0004640 seconds
2015-12-17T14:12:55.642-0500: 6,524: Total time for which application threads were stopped: 0,0000573 seconds, Stopping threads took: 0,0000239 seconds
2015-12-17T14:12:55.642-0500: 6,524: Total time for which application threads were stopped: 0,0000711 seconds, Stopping threads took: 0,0000271 seconds
2015-12-17T14:12:55.642-0500: 6,524: Total time for which application threads were stopped: 0,0000692 seconds, Stopping threads took: 0,0000211 seconds
2015-12-17T14:12:55.642-0500: 6,524: Total time for which application threads were stopped: 0,0000488 seconds, Stopping threads took: 0,0000108 seconds
2015-12-17T14:12:55.642-0500: 6,524: Total time for which application threads were stopped: 0,0000718 seconds, Stopping threads took: 0,0000297 seconds
2015-12-17T14:12:55.643-0500: 6,525: Total time for which application threads were stopped: 0,0001565 seconds, Stopping threads took: 0,0000539 seconds
2015-12-17T14:12:55.643-0500: 6,525: Total time for which application threads were stopped: 0,0000906 seconds, Stopping threads took: 0,0000396 seconds
2015-12-17T14:12:55.645-0500: 6,527: Total time for which application threads were stopped: 0,0001638 seconds, Stopping threads took: 0,0000902 seconds
2015-12-17T14:12:55.686-0500: 6,568: Total time for which application threads were stopped: 0,0002650 seconds, Stopping threads took: 0,0000378 seconds
2015-12-17T14:12:55.712-0500: 6,594: Total time for which application threads were stopped: 0,0004270 seconds, Stopping threads took: 0,0000596 seconds
2015-12-17T14:12:55.716-0500: 6,598: Total time for which application threads were stopped: 0,0001558 seconds, Stopping threads took: 0,0000823 seconds
{Heap before GC invocations=2 (full 0):
 par new generation   total 109248K, used 103223K [0x00000000e0000000, 0x00000000e8000000, 0x00000000e8000000)
  eden space 87424K, 100% used [0x00000000e0000000, 0x00000000e5560000, 0x00000000e5560000)
  from space 21824K,  72% used [0x00000000e5560000, 0x00000000e64cdc70, 0x00000000e6ab0000)
  to   space 21824K,   0% used [0x00000000e6ab0000, 0x00000000e6ab0000, 0x00000000e8000000)
 concurrent mark-sweep generation total 393216K, used 0K [0x00000000e8000000, 0x0000000100000000, 0x0000000100000000)
 Metaspace       used 20087K, capacity 20440K, committed 20736K, reserved 1067008K
  class space    used 2333K, capacity 2486K, committed 2560K, reserved 1048576K
2015-12-17T14:12:55.739-0500: 6,621: [GC (Allocation Failure) 2015-12-17T14:12:55.739-0500: 6,621: [ParNew
Desired survivor size 20112992 bytes, new threshold 8 (max 8)
- age   1:     870880 bytes,     870880 total
- age   2:    4961224 bytes,    5832104 total
- age   3:    2481264 bytes,    8313368 total
: 103223K->16150K(109248K), 0,0318114 secs] 103223K->16150K(502464K), 0,0318723 secs] [Times: user=0,07 sys=0,00, real=0,03 secs] 
Heap after GC invocations=3 (full 0):
 par new generation   total 109248K, used 16150K [0x00000000e0000000, 0x00000000e8000000, 0x00000000e8000000)
  eden space 87424K,   0% used [0x00000000e0000000, 0x00000000e0000000, 0x00000000e5560000)
  from space 21824K,  74% used [0x00000000e6ab0000, 0x00000000e7a758e0, 0x00000000e8000000)
  to   space 21824K,   0% used [0x00000000e5560000, 0x00000000e5560000, 0x00000000e6ab0000)
 concurrent mark-sweep generation total 393216K, used 0K [0x00000000e8000000, 0x0000000100000000, 0x0000000100000000)
 Metaspace       used 20087K, capacity 20440K, committed 20736K, reserved 1067008K
  class space    used 2333K, capacity 2486K, committed 2560K, reserved 1048576K
}
2015-12-17T14:12:55.771-0500: 6,653: Total time for which application threads were stopped: 0,0320638 seconds, Stopping threads took: 0,0000590 seconds
2015-12-17T14:12:55.772-0500: 6,654: Total time for which application threads were stopped: 0,0001059 seconds, Stopping threads took: 0,0000511 seconds
2015-12-17T14:12:55.773-0500: 6,655: Total time for which application threads were stopped: 0,0004771 seconds, Stopping threads took: 0,0004056 seconds
2015-12-17T14:12:55.776-0500: 6,658: Total time for which application threads were stopped: 0,0006107 seconds, Stopping threads took: 0,0003325 seconds
2015-12-17T14:12:55.776-0500: 6,658: Total time for which application threads were stopped: 0,0000962 seconds, Stopping threads took: 0,0000371 seconds
2015-12-17T14:12:55.828-0500: 6,710: Total time for which application threads were stopped: 0,0002225 seconds, Stopping threads took: 0,0001043 seconds
2015-12-17T14:12:55.828-0500: 6,710: Total time for which application threads were stopped: 0,0000664 seconds, Stopping threads took: 0,0000108 seconds
2015-12-17T14:12:55.828-0500: 6,710: Total time for which application threads were stopped: 0,0000449 seconds, Stopping threads took: 0,0000163 seconds
2015-12-17T14:12:55.833-0500: 6,715: Total time for which application threads were stopped: 0,0003513 seconds, Stopping threads took: 0,0002976 seconds
2015-12-17T14:12:55.833-0500: 6,715: Total time for which application threads were stopped: 0,0000695 seconds, Stopping threads took: 0,0000349 seconds
2015-12-17T14:12:55.833-0500: 6,715: Total time for which application threads were stopped: 0,0001095 seconds, Stopping threads took: 0,0000614 seconds
2015-12-17T14:12:55.833-0500: 6,715: Total time for which application threads were stopped: 0,0000561 seconds, Stopping threads took: 0,0000328 seconds
2015-12-17T14:12:55.839-0500: 6,721: Total time for which application threads were stopped: 0,0000632 seconds, Stopping threads took: 0,0000247 seconds
2015-12-17T14:12:55.852-0500: 6,734: Total time for which application threads were stopped: 0,0000967 seconds, Stopping threads took: 0,0000419 seconds
2015-12-17T14:12:56.010-0500: 6,892: Total time for which application threads were stopped: 0,0001852 seconds, Stopping threads took: 0,0000558 seconds
2015-12-17T14:12:56.011-0500: 6,893: Total time for which application threads were stopped: 0,0000864 seconds, Stopping threads took: 0,0000436 seconds
2015-12-17T14:12:56.019-0500: 6,901: Total time for which application threads were stopped: 0,0070513 seconds, Stopping threads took: 0,0069579 seconds
2015-12-17T14:12:56.020-0500: 6,902: Total time for which application threads were stopped: 0,0000810 seconds, Stopping threads took: 0,0000262 seconds
2015-12-17T14:12:56.020-0500: 6,902: Total time for which application threads were stopped: 0,0000640 seconds, Stopping threads took: 0,0000209 seconds
2015-12-17T14:12:56.025-0500: 6,907: Total time for which application threads were stopped: 0,0001634 seconds, Stopping threads took: 0,0000624 seconds
2015-12-17T14:12:56.058-0500: 6,940: Total time for which application threads were stopped: 0,0000981 seconds, Stopping threads took: 0,0000270 seconds
2015-12-17T14:12:56.058-0500: 6,940: Total time for which application threads were stopped: 0,0000516 seconds, Stopping threads took: 0,0000094 seconds
2015-12-17T14:12:56.058-0500: 6,940: Total time for which application threads were stopped: 0,0000710 seconds, Stopping threads took: 0,0000111 seconds
2015-12-17T14:12:56.059-0500: 6,941: Total time for which application threads were stopped: 0,0001380 seconds, Stopping threads took: 0,0000579 seconds
2015-12-17T14:12:56.059-0500: 6,941: Total time for which application threads were stopped: 0,0000444 seconds, Stopping threads took: 0,0000077 seconds
2015-12-17T14:12:56.059-0500: 6,941: Total time for which application threads were stopped: 0,0001098 seconds, Stopping threads took: 0,0000574 seconds
2015-12-17T14:12:56.059-0500: 6,941: Total time for which application threads were stopped: 0,0001419 seconds, Stopping threads took: 0,0000069 seconds
2015-12-17T14:12:56.072-0500: 6,954: Total time for which application threads were stopped: 0,0001624 seconds, Stopping threads took: 0,0000576 seconds
2015-12-17T14:12:56.076-0500: 6,958: Total time for which application threads were stopped: 0,0000991 seconds, Stopping threads took: 0,0000366 seconds
2015-12-17T14:12:56.085-0500: 6,967: Total time for which application threads were stopped: 0,0002764 seconds, Stopping threads took: 0,0000237 seconds
2015-12-17T14:12:56.089-0500: 6,971: Total time for which application threads were stopped: 0,0002577 seconds, Stopping threads took: 0,0000139 seconds
2015-12-17T14:12:56.102-0500: 6,984: Total time for which application threads were stopped: 0,0036914 seconds, Stopping threads took: 0,0036144 seconds
{Heap before GC invocations=3 (full 0):
 par new generation   total 109248K, used 103574K [0x00000000e0000000, 0x00000000e8000000, 0x00000000e8000000)
  eden space 87424K, 100% used [0x00000000e0000000, 0x00000000e5560000, 0x00000000e5560000)
  from space 21824K,  74% used [0x00000000e6ab0000, 0x00000000e7a758e0, 0x00000000e8000000)
  to   space 21824K,   0% used [0x00000000e5560000, 0x00000000e5560000, 0x00000000e6ab0000)
 concurrent mark-sweep generation total 393216K, used 0K [0x00000000e8000000, 0x0000000100000000, 0x0000000100000000)
 Metaspace       used 21335K, capacity 21618K, committed 21756K, reserved 1069056K
  class space    used 2497K, capacity 2621K, committed 2736K, reserved 1048576K
2015-12-17T14:12:56.114-0500: 6,996: [GC (Allocation Failure) 2015-12-17T14:12:56.114-0500: 6,996: [ParNew
Desired survivor size 20112992 bytes, new threshold 8 (max 8)
- age   1:    3623448 bytes,    3623448 total
- age   2:     224896 bytes,    3848344 total
- age   3:    4933096 bytes,    8781440 total
- age   4:    2480616 bytes,   11262056 total
: 103574K->13695K(109248K), 0,0132560 secs] 103574K->13695K(502464K), 0,0133234 secs] [Times: user=0,04 sys=0,00, real=0,02 secs] 
Heap after GC invocations=4 (full 0):
 par new generation   total 109248K, used 13695K [0x00000000e0000000, 0x00000000e8000000, 0x00000000e8000000)
  eden space 87424K,   0% used [0x00000000e0000000, 0x00000000e0000000, 0x00000000e5560000)
  from space 21824K,  62% used [0x00000000e5560000, 0x00000000e62bfcc8, 0x00000000e6ab0000)
  to   space 21824K,   0% used [0x00000000e6ab0000, 0x00000000e6ab0000, 0x00000000e8000000)
 concurrent mark-sweep generation total 393216K, used 0K [0x00000000e8000000, 0x0000000100000000, 0x0000000100000000)
 Metaspace       used 21335K, capacity 21618K, committed 21756K, reserved 1069056K
  class space    used 2497K, capacity 2621K, committed 2736K, reserved 1048576K
}
2015-12-17T14:12:56.127-0500: 7,009: Total time for which application threads were stopped: 0,0134909 seconds, Stopping threads took: 0,0000415 seconds
2015-12-17T14:12:56.127-0500: 7,009: [GC (CMS Initial Mark) [1 CMS-initial-mark: 0K(393216K)] 14153K(502464K), 0,0020175 secs] [Times: user=0,00 sys=0,00, real=0,00 secs] 
2015-12-17T14:12:56.129-0500: 7,011: Total time for which application threads were stopped: 0,0021231 seconds, Stopping threads took: 0,0000308 seconds
2015-12-17T14:12:56.129-0500: 7,011: [CMS-concurrent-mark-start]
2015-12-17T14:12:56.130-0500: 7,012: [CMS-concurrent-mark: 0,000/0,000 secs] [Times: user=0,00 sys=0,00, real=0,00 secs] 
2015-12-17T14:12:56.130-0500: 7,012: [CMS-concurrent-preclean-start]
2015-12-17T14:12:56.131-0500: 7,013: [CMS-concurrent-preclean: 0,001/0,001 secs] [Times: user=0,01 sys=0,00, real=0,00 secs] 
2015-12-17T14:12:56.131-0500: 7,013: [CMS-concurrent-abortable-preclean-start]
2015-12-17T14:12:56.134-0500: 7,016: Total time for which application threads were stopped: 0,0001178 seconds, Stopping threads took: 0,0000383 seconds
2015-12-17T14:12:56.134-0500: 7,016: Total time for which application threads were stopped: 0,0000789 seconds, Stopping threads took: 0,0000216 seconds
2015-12-17T14:12:56.144-0500: 7,026: Total time for which application threads were stopped: 0,0002742 seconds, Stopping threads took: 0,0001990 seconds
2015-12-17T14:12:56.147-0500: 7,029: Total time for which application threads were stopped: 0,0001616 seconds, Stopping threads took: 0,0000897 seconds
2015-12-17T14:12:56.159-0500: 7,041: Total time for which application threads were stopped: 0,0000941 seconds, Stopping threads took: 0,0000225 seconds
2015-12-17T14:12:56.167-0500: 7,049: Total time for which application threads were stopped: 0,0001067 seconds, Stopping threads took: 0,0000473 seconds
2015-12-17T14:12:56.180-0500: 7,062: Total time for which application threads were stopped: 0,0046407 seconds, Stopping threads took: 0,0045879 seconds
{Heap before GC invocations=4 (full 1):
 par new generation   total 109248K, used 101119K [0x00000000e0000000, 0x00000000e8000000, 0x00000000e8000000)
  eden space 87424K, 100% used [0x00000000e0000000, 0x00000000e5560000, 0x00000000e5560000)
  from space 21824K,  62% used [0x00000000e5560000, 0x00000000e62bfcc8, 0x00000000e6ab0000)
  to   space 21824K,   0% used [0x00000000e6ab0000, 0x00000000e6ab0000, 0x00000000e8000000)
 concurrent mark-sweep generation total 393216K, used 0K [0x00000000e8000000, 0x0000000100000000, 0x0000000100000000)
 Metaspace       used 21762K, capacity 22096K, committed 22216K, reserved 1069056K
  class space    used 2557K, capacity 2690K, committed 2736K, reserved 1048576K
2015-12-17T14:12:56.219-0500: 7,101: [GC (Allocation Failure) 2015-12-17T14:12:56.219-0500: 7,101: [ParNew
Desired survivor size 20112992 bytes, new threshold 8 (max 8)
- age   1:     701248 bytes,     701248 total
- age   2:    2769216 bytes,    3470464 total
- age   3:     215440 bytes,    3685904 total
- age   4:    4928352 bytes,    8614256 total
- age   5:    2480560 bytes,   11094816 total
: 101119K->13953K(109248K), 0,0067763 secs] 101119K->13953K(502464K), 0,0068464 secs] [Times: user=0,02 sys=0,00, real=0,01 secs] 
Heap after GC invocations=5 (full 1):
 par new generation   total 109248K, used 13953K [0x00000000e0000000, 0x00000000e8000000, 0x00000000e8000000)
  eden space 87424K,   0% used [0x00000000e0000000, 0x00000000e0000000, 0x00000000e5560000)
  from space 21824K,  63% used [0x00000000e6ab0000, 0x00000000e7850490, 0x00000000e8000000)
  to   space 21824K,   0% used [0x00000000e5560000, 0x00000000e5560000, 0x00000000e6ab0000)
 concurrent mark-sweep generation total 393216K, used 0K [0x00000000e8000000, 0x0000000100000000, 0x0000000100000000)
 Metaspace       used 21762K, capacity 22096K, committed 22216K, reserved 1069056K
  class space    used 2557K, capacity 2690K, committed 2736K, reserved 1048576K
}
2015-12-17T14:12:56.226-0500: 7,108: Total time for which application threads were stopped: 0,0090075 seconds, Stopping threads took: 0,0020249 seconds
2015-12-17T14:12:56.226-0500: 7,108: [CMS-concurrent-abortable-preclean: 0,063/0,095 secs] [Times: user=0,28 sys=0,01, real=0,10 secs] 
2015-12-17T14:12:56.228-0500: 7,110: [GC (CMS Final Remark) [YG occupancy: 14958 K (109248 K)]{Heap before GC invocations=5 (full 1):
 par new generation   total 109248K, used 14958K [0x00000000e0000000, 0x00000000e8000000, 0x00000000e8000000)
  eden space 87424K,   1% used [0x00000000e0000000, 0x00000000e00fb570, 0x00000000e5560000)
  from space 21824K,  63% used [0x00000000e6ab0000, 0x00000000e7850490, 0x00000000e8000000)
  to   space 21824K,   0% used [0x00000000e5560000, 0x00000000e5560000, 0x00000000e6ab0000)
 concurrent mark-sweep generation total 393216K, used 0K [0x00000000e8000000, 0x0000000100000000, 0x0000000100000000)
 Metaspace       used 21762K, capacity 22096K, committed 22216K, reserved 1069056K
  class space    used 2557K, capacity 2690K, committed 2736K, reserved 1048576K
2015-12-17T14:12:56.228-0500: 7,110: [GC (CMS Final Remark) 2015-12-17T14:12:56.228-0500: 7,110: [ParNew
Desired survivor size 20112992 bytes, new threshold 8 (max 8)
- age   1:      49272 bytes,      49272 total
- age   2:     701296 bytes,     750568 total
- age   3:    2769664 bytes,    3520232 total
- age   4:     215464 bytes,    3735696 total
- age   5:    4928568 bytes,    8664264 total
- age   6:    2481832 bytes,   11146096 total
: 14958K->14374K(109248K), 0,0787731 secs] 14958K->14374K(502464K), 0,0788180 secs] [Times: user=0,11 sys=0,00, real=0,08 secs] 
Heap after GC invocations=6 (full 1):
 par new generation   total 109248K, used 14374K [0x00000000e0000000, 0x00000000e8000000, 0x00000000e8000000)
  eden space 87424K,   0% used [0x00000000e0000000, 0x00000000e0000000, 0x00000000e5560000)
  from space 21824K,  65% used [0x00000000e5560000, 0x00000000e63698c8, 0x00000000e6ab0000)
  to   space 21824K,   0% used [0x00000000e6ab0000, 0x00000000e6ab0000, 0x00000000e8000000)
 concurrent mark-sweep generation total 393216K, used 0K [0x00000000e8000000, 0x0000000100000000, 0x0000000100000000)
 Metaspace       used 21762K, capacity 22096K, committed 22216K, reserved 1069056K
  class space    used 2557K, capacity 2690K, committed 2736K, reserved 1048576K
}
2015-12-17T14:12:56.307-0500: 7,189: [Rescan (parallel) , 0,0100105 secs]2015-12-17T14:12:56.317-0500: 7,199: [weak refs processing, 0,0176692 secs]2015-12-17T14:12:56.334-0500: 7,216: [class unloading, 0,0043690 secs]2015-12-17T14:12:56.339-0500: 7,221: [scrub symbol table, 0,0025731 secs]2015-12-17T14:12:56.341-0500: 7,223: [scrub string table, 0,0003756 secs][1 CMS-remark: 0K(393216K)] 14374K(502464K), 0,1218004 secs] [Times: user=0,15 sys=0,00, real=0,12 secs] 
2015-12-17T14:12:56.349-0500: 7,231: Total time for which application threads were stopped: 0,1235785 seconds, Stopping threads took: 0,0016694 seconds
2015-12-17T14:12:56.350-0500: 7,232: [CMS-concurrent-sweep-start]
2015-12-17T14:12:56.350-0500: 7,232: [CMS-concurrent-sweep: 0,000/0,000 secs] [Times: user=0,00 sys=0,00, real=0,00 secs] 
2015-12-17T14:12:56.350-0500: 7,232: [CMS-concurrent-reset-start]
2015-12-17T14:12:56.360-0500: 7,242: [CMS-concurrent-reset: 0,010/0,010 secs] [Times: user=0,04 sys=0,01, real=0,01 secs] 
2015-12-17T14:12:56.477-0500: 7,359: Total time for which application threads were stopped: 0,0001083 seconds, Stopping threads took: 0,0000332 seconds
2015-12-17T14:12:56.478-0500: 7,360: Total time for which application threads were stopped: 0,0000356 seconds, Stopping threads took: 0,0000076 seconds
2015-12-17T14:12:56.478-0500: 7,360: Total time for which application threads were stopped: 0,0000727 seconds, Stopping threads took: 0,0000253 seconds
{Heap before GC invocations=6 (full 1):
 par new generation   total 109248K, used 101798K [0x00000000e0000000, 0x00000000e8000000, 0x00000000e8000000)
  eden space 87424K, 100% used [0x00000000e0000000, 0x00000000e5560000, 0x00000000e5560000)
  from space 21824K,  65% used [0x00000000e5560000, 0x00000000e63698c8, 0x00000000e6ab0000)
  to   space 21824K,   0% used [0x00000000e6ab0000, 0x00000000e6ab0000, 0x00000000e8000000)
 concurrent mark-sweep generation total 393216K, used 0K [0x00000000e8000000, 0x0000000100000000, 0x0000000100000000)
 Metaspace       used 22385K, capacity 22768K, committed 22856K, reserved 1069056K
  class space    used 2646K, capacity 2786K, committed 2864K, reserved 1048576K
2015-12-17T14:12:56.548-0500: 7,430: [GC (Allocation Failure) 2015-12-17T14:12:56.548-0500: 7,430: [ParNew
Desired survivor size 20112992 bytes, new threshold 8 (max 8)
- age   1:    1075904 bytes,    1075904 total
- age   3:     170104 bytes,    1246008 total
- age   4:    2769216 bytes,    4015224 total
- age   5:     215440 bytes,    4230664 total
- age   6:    4927032 bytes,    9157696 total
- age   7:    2480560 bytes,   11638256 total
: 101798K->15615K(109248K), 0,0086669 secs] 101798K->15615K(502464K), 0,0087410 secs] [Times: user=0,02 sys=0,00, real=0,01 secs] 
Heap after GC invocations=7 (full 1):
 par new generation   total 109248K, used 15615K [0x00000000e0000000, 0x00000000e8000000, 0x00000000e8000000)
  eden space 87424K,   0% used [0x00000000e0000000, 0x00000000e0000000, 0x00000000e5560000)
  from space 21824K,  71% used [0x00000000e6ab0000, 0x00000000e79efc10, 0x00000000e8000000)
  to   space 21824K,   0% used [0x00000000e5560000, 0x00000000e5560000, 0x00000000e6ab0000)
 concurrent mark-sweep generation total 393216K, used 0K [0x00000000e8000000, 0x0000000100000000, 0x0000000100000000)
 Metaspace       used 22385K, capacity 22768K, committed 22856K, reserved 1069056K
  class space    used 2646K, capacity 2786K, committed 2864K, reserved 1048576K
}
2015-12-17T14:12:56.556-0500: 7,438: Total time for which application threads were stopped: 0,0109387 seconds, Stopping threads took: 0,0020454 seconds
{Heap before GC invocations=7 (full 1):
 par new generation   total 109248K, used 103039K [0x00000000e0000000, 0x00000000e8000000, 0x00000000e8000000)
  eden space 87424K, 100% used [0x00000000e0000000, 0x00000000e5560000, 0x00000000e5560000)
  from space 21824K,  71% used [0x00000000e6ab0000, 0x00000000e79efc10, 0x00000000e8000000)
  to   space 21824K,   0% used [0x00000000e5560000, 0x00000000e5560000, 0x00000000e6ab0000)
 concurrent mark-sweep generation total 393216K, used 0K [0x00000000e8000000, 0x0000000100000000, 0x0000000100000000)
 Metaspace       used 22452K, capacity 22838K, committed 23112K, reserved 1069056K
  class space    used 2655K, capacity 2787K, committed 2864K, reserved 1048576K
2015-12-17T14:12:56.602-0500: 7,484: [GC (Allocation Failure) 2015-12-17T14:12:56.602-0500: 7,484: [ParNew
Desired survivor size 20112992 bytes, new threshold 8 (max 8)
- age   1:     428552 bytes,     428552 total
- age   2:     123696 bytes,     552248 total
- age   4:     169040 bytes,     721288 total
- age   5:    2769712 bytes,    3491000 total
- age   6:     215440 bytes,    3706440 total
- age   7:    4927360 bytes,    8633800 total
- age   8:    2482744 bytes,   11116544 total
: 103039K->12783K(109248K), 0,0071721 secs] 103039K->12783K(502464K), 0,0072416 secs] [Times: user=0,02 sys=0,00, real=0,01 secs] 
Heap after GC invocations=8 (full 1):
 par new generation   total 109248K, used 12783K [0x00000000e0000000, 0x00000000e8000000, 0x00000000e8000000)
  eden space 87424K,   0% used [0x00000000e0000000, 0x00000000e0000000, 0x00000000e5560000)
  from space 21824K,  58% used [0x00000000e5560000, 0x00000000e61dbe58, 0x00000000e6ab0000)
  to   space 21824K,   0% used [0x00000000e6ab0000, 0x00000000e6ab0000, 0x00000000e8000000)
 concurrent mark-sweep generation total 393216K, used 0K [0x00000000e8000000, 0x0000000100000000, 0x0000000100000000)
 Metaspace       used 22452K, capacity 22838K, committed 23112K, reserved 1069056K
  class space    used 2655K, capacity 2787K, committed 2864K, reserved 1048576K
}
2015-12-17T14:12:56.609-0500: 7,491: Total time for which application threads were stopped: 0,0074561 seconds, Stopping threads took: 0,0000552 seconds
{Heap before GC invocations=8 (full 1):
 par new generation   total 109248K, used 100207K [0x00000000e0000000, 0x00000000e8000000, 0x00000000e8000000)
  eden space 87424K, 100% used [0x00000000e0000000, 0x00000000e5560000, 0x00000000e5560000)
  from space 21824K,  58% used [0x00000000e5560000, 0x00000000e61dbe58, 0x00000000e6ab0000)
  to   space 21824K,   0% used [0x00000000e6ab0000, 0x00000000e6ab0000, 0x00000000e8000000)
 concurrent mark-sweep generation total 393216K, used 0K [0x00000000e8000000, 0x0000000100000000, 0x0000000100000000)
 Metaspace       used 22601K, capacity 22936K, committed 23112K, reserved 1069056K
  class space    used 2676K, capacity 2820K, committed 2864K, reserved 1048576K
2015-12-17T14:12:56.679-0500: 7,562: [GC (Allocation Failure) 2015-12-17T14:12:56.680-0500: 7,562: [ParNew
Desired survivor size 20112992 bytes, new threshold 8 (max 8)
- age   1:    1187728 bytes,    1187728 total
- age   2:     102056 bytes,    1289784 total
- age   3:     123696 bytes,    1413480 total
- age   5:     168920 bytes,    1582400 total
- age   6:    2769040 bytes,    4351440 total
- age   7:     215440 bytes,    4566880 total
- age   8:    4926488 bytes,    9493368 total
: 100207K->14339K(109248K), 0,0119859 secs] 100207K->16992K(502464K), 0,0121338 secs] [Times: user=0,04 sys=0,01, real=0,01 secs] 
Heap after GC invocations=9 (full 1):
 par new generation   total 109248K, used 14339K [0x00000000e0000000, 0x00000000e8000000, 0x00000000e8000000)
  eden space 87424K,   0% used [0x00000000e0000000, 0x00000000e0000000, 0x00000000e5560000)
  from space 21824K,  65% used [0x00000000e6ab0000, 0x00000000e78b0fa0, 0x00000000e8000000)
  to   space 21824K,   0% used [0x00000000e5560000, 0x00000000e5560000, 0x00000000e6ab0000)
 concurrent mark-sweep generation total 393216K, used 2652K [0x00000000e8000000, 0x0000000100000000, 0x0000000100000000)
 Metaspace       used 22601K, capacity 22936K, committed 23112K, reserved 1069056K
  class space    used 2676K, capacity 2820K, committed 2864K, reserved 1048576K
}
2015-12-17T14:12:56.692-0500: 7,574: Total time for which application threads were stopped: 0,0183470 seconds, Stopping threads took: 0,0060685 seconds
2015-12-17T14:12:56.835-0500: 7,717: Total time for which application threads were stopped: 0,0001032 seconds, Stopping threads took: 0,0000289 seconds
2015-12-17T14:12:56.880-0500: 7,762: Total time for which application threads were stopped: 0,0001138 seconds, Stopping threads took: 0,0000287 seconds
2015-12-17T14:12:56.922-0500: 7,804: Total time for which application threads were stopped: 0,0000737 seconds, Stopping threads took: 0,0000244 seconds
2015-12-17T14:12:57.033-0500: 7,915: Total time for which application threads were stopped: 0,0001418 seconds, Stopping threads took: 0,0000299 seconds
2015-12-17T14:12:57.060-0500: 7,942: Total time for which application threads were stopped: 0,0001463 seconds, Stopping threads took: 0,0000791 seconds
2015-12-17T14:12:57.066-0500: 7,948: Total time for which application threads were stopped: 0,0001724 seconds, Stopping threads took: 0,0000950 seconds
2015-12-17T14:12:57.107-0500: 7,989: Total time for which application threads were stopped: 0,0003264 seconds, Stopping threads took: 0,0000214 seconds
2015-12-17T14:12:57.150-0500: 8,032: Total time for which application threads were stopped: 0,0000815 seconds, Stopping threads took: 0,0000206 seconds
2015-12-17T14:12:57.150-0500: 8,032: Total time for which application threads were stopped: 0,0000834 seconds, Stopping threads took: 0,0000386 seconds
2015-12-17T14:12:57.150-0500: 8,032: Total time for which application threads were stopped: 0,0000774 seconds, Stopping threads took: 0,0000284 seconds
2015-12-17T14:12:57.177-0500: 8,059: Total time for which application threads were stopped: 0,0003080 seconds, Stopping threads took: 0,0000254 seconds
2015-12-17T14:12:57.201-0500: 8,083: Total time for which application threads were stopped: 0,0001542 seconds, Stopping threads took: 0,0000831 seconds
2015-12-17T14:12:57.226-0500: 8,108: Total time for which application threads were stopped: 0,0002953 seconds, Stopping threads took: 0,0000151 seconds
2015-12-17T14:12:57.229-0500: 8,111: Total time for which application threads were stopped: 0,0001294 seconds, Stopping threads took: 0,0000680 seconds
2015-12-17T14:12:57.232-0500: 8,114: Total time for which application threads were stopped: 0,0000575 seconds, Stopping threads took: 0,0000157 seconds
2015-12-17T14:12:57.270-0500: 8,152: Total time for which application threads were stopped: 0,0000807 seconds, Stopping threads took: 0,0000155 seconds
2015-12-17T14:12:57.271-0500: 8,153: Total time for which application threads were stopped: 0,0000411 seconds, Stopping threads took: 0,0000085 seconds
2015-12-17T14:12:57.412-0500: 8,294: Total time for which application threads were stopped: 0,0001154 seconds, Stopping threads took: 0,0000580 seconds
2015-12-17T14:12:57.414-0500: 8,296: Total time for which application threads were stopped: 0,0000772 seconds, Stopping threads took: 0,0000154 seconds
2015-12-17T14:12:57.529-0500: 8,411: Total time for which application threads were stopped: 0,0001103 seconds, Stopping threads took: 0,0000153 seconds
{Heap before GC invocations=9 (full 1):
 par new generation   total 109248K, used 101763K [0x00000000e0000000, 0x00000000e8000000, 0x00000000e8000000)
  eden space 87424K, 100% used [0x00000000e0000000, 0x00000000e5560000, 0x00000000e5560000)
  from space 21824K,  65% used [0x00000000e6ab0000, 0x00000000e78b0fa0, 0x00000000e8000000)
  to   space 21824K,   0% used [0x00000000e5560000, 0x00000000e5560000, 0x00000000e6ab0000)
 concurrent mark-sweep generation total 393216K, used 2652K [0x00000000e8000000, 0x0000000100000000, 0x0000000100000000)
 Metaspace       used 25340K, capacity 25702K, committed 26032K, reserved 1073152K
  class space    used 3022K, capacity 3143K, committed 3248K, reserved 1048576K
2015-12-17T14:12:57.531-0500: 8,414: [GC (Allocation Failure) 2015-12-17T14:12:57.532-0500: 8,414: [ParNew
Desired survivor size 20112992 bytes, new threshold 8 (max 8)
- age   1:    4269352 bytes,    4269352 total
- age   2:      90368 bytes,    4359720 total
- age   3:      99632 bytes,    4459352 total
- age   4:     122704 bytes,    4582056 total
- age   6:     167744 bytes,    4749800 total
- age   7:     613408 bytes,    5363208 total
- age   8:     214808 bytes,    5578016 total
: 101763K->8238K(109248K), 0,0131181 secs] 104416K->16002K(502464K), 0,0131658 secs] [Times: user=0,03 sys=0,01, real=0,02 secs] 
Heap after GC invocations=10 (full 1):
 par new generation   total 109248K, used 8238K [0x00000000e0000000, 0x00000000e8000000, 0x00000000e8000000)
  eden space 87424K,   0% used [0x00000000e0000000, 0x00000000e0000000, 0x00000000e5560000)
  from space 21824K,  37% used [0x00000000e5560000, 0x00000000e5d6b9d0, 0x00000000e6ab0000)
  to   space 21824K,   0% used [0x00000000e6ab0000, 0x00000000e6ab0000, 0x00000000e8000000)
 concurrent mark-sweep generation total 393216K, used 7764K [0x00000000e8000000, 0x0000000100000000, 0x0000000100000000)
 Metaspace       used 25340K, capacity 25702K, committed 26032K, reserved 1073152K
  class space    used 3022K, capacity 3143K, committed 3248K, reserved 1048576K
}
2015-12-17T14:12:57.545-0500: 8,427: Total time for which application threads were stopped: 0,0133411 seconds, Stopping threads took: 0,0000423 seconds
2015-12-17T14:12:57.562-0500: 8,444: Total time for which application threads were stopped: 0,0007023 seconds, Stopping threads took: 0,0006211 seconds
2015-12-17T14:12:57.602-0500: 8,484: Total time for which application threads were stopped: 0,0001212 seconds, Stopping threads took: 0,0000341 seconds
2015-12-17T14:12:57.752-0500: 8,634: Total time for which application threads were stopped: 0,0009210 seconds, Stopping threads took: 0,0008228 seconds
2015-12-17T14:12:57.952-0500: 8,834: Total time for which application threads were stopped: 0,0001214 seconds, Stopping threads took: 0,0000329 seconds
2015-12-17T14:12:58.092-0500: 8,974: Total time for which application threads were stopped: 0,0025793 seconds, Stopping threads took: 0,0024794 seconds
2015-12-17T14:12:58.093-0500: 8,975: Total time for which application threads were stopped: 0,0000856 seconds, Stopping threads took: 0,0000362 seconds
2015-12-17T14:12:58.094-0500: 8,976: Total time for which application threads were stopped: 0,0000848 seconds, Stopping threads took: 0,0000224 seconds
2015-12-17T14:12:58.095-0500: 8,977: Total time for which application threads were stopped: 0,0000954 seconds, Stopping threads took: 0,0000342 seconds
2015-12-17T14:12:58.099-0500: 8,981: Total time for which application threads were stopped: 0,0041852 seconds, Stopping threads took: 0,0040748 seconds
2015-12-17T14:12:58.112-0500: 8,994: Total time for which application threads were stopped: 0,0011640 seconds, Stopping threads took: 0,0010423 seconds
2015-12-17T14:12:58.130-0500: 9,012: Total time for which application threads were stopped: 0,0001189 seconds, Stopping threads took: 0,0000247 seconds
2015-12-17T14:12:58.157-0500: 9,039: Total time for which application threads were stopped: 0,0062045 seconds, Stopping threads took: 0,0061232 seconds
2015-12-17T14:12:58.159-0500: 9,041: Total time for which application threads were stopped: 0,0005681 seconds, Stopping threads took: 0,0004862 seconds
2015-12-17T14:12:58.163-0500: 9,045: Total time for which application threads were stopped: 0,0001238 seconds, Stopping threads took: 0,0000323 seconds
2015-12-17T14:12:58.166-0500: 9,048: Total time for which application threads were stopped: 0,0000808 seconds, Stopping threads took: 0,0000190 seconds
2015-12-17T14:12:58.346-0500: 9,228: Total time for which application threads were stopped: 0,0000913 seconds, Stopping threads took: 0,0000240 seconds
2015-12-17T14:12:58.346-0500: 9,228: Total time for which application threads were stopped: 0,0000307 seconds, Stopping threads took: 0,0000058 seconds
2015-12-17T14:12:58.398-0500: 9,280: Total time for which application threads were stopped: 0,0010306 seconds, Stopping threads took: 0,0009328 seconds
2015-12-17T14:12:58.476-0500: 9,358: Total time for which application threads were stopped: 0,0001336 seconds, Stopping threads took: 0,0000276 seconds
2015-12-17T14:12:58.477-0500: 9,360: Total time for which application threads were stopped: 0,0004267 seconds, Stopping threads took: 0,0000821 seconds
2015-12-17T14:12:58.813-0500: 9,695: Total time for which application threads were stopped: 0,0032537 seconds, Stopping threads took: 0,0029433 seconds
2015-12-17T14:12:58.894-0500: 9,776: Total time for which application threads were stopped: 0,0188057 seconds, Stopping threads took: 0,0187311 seconds
2015-12-17T14:12:58.895-0500: 9,777: Total time for which application threads were stopped: 0,0002677 seconds, Stopping threads took: 0,0001666 seconds
2015-12-17T14:12:58.921-0500: 9,803: Total time for which application threads were stopped: 0,0000933 seconds, Stopping threads took: 0,0000226 seconds
2015-12-17T14:12:58.921-0500: 9,803: Total time for which application threads were stopped: 0,0000358 seconds, Stopping threads took: 0,0000091 seconds
2015-12-17T14:12:58.921-0500: 9,803: Total time for which application threads were stopped: 0,0000344 seconds, Stopping threads took: 0,0000086 seconds
2015-12-17T14:12:58.922-0500: 9,804: Total time for which application threads were stopped: 0,0000335 seconds, Stopping threads took: 0,0000089 seconds
2015-12-17T14:12:58.933-0500: 9,815: Total time for which application threads were stopped: 0,0001096 seconds, Stopping threads took: 0,0000332 seconds
2015-12-17T14:12:58.948-0500: 9,830: Total time for which application threads were stopped: 0,0001439 seconds, Stopping threads took: 0,0000608 seconds
2015-12-17T14:12:58.983-0500: 9,865: Total time for which application threads were stopped: 0,0000880 seconds, Stopping threads took: 0,0000169 seconds
2015-12-17T14:12:59.158-0500: 10,040: Total time for which application threads were stopped: 0,0000768 seconds, Stopping threads took: 0,0000198 seconds
2015-12-17T14:12:59.159-0500: 10,041: Total time for which application threads were stopped: 0,0000424 seconds, Stopping threads took: 0,0000167 seconds
2015-12-17T14:12:59.321-0500: 10,203: Total time for which application threads were stopped: 0,0004109 seconds, Stopping threads took: 0,0000298 seconds
2015-12-17T14:13:00.321-0500: 11,203: Total time for which application threads were stopped: 0,0000802 seconds, Stopping threads took: 0,0000204 seconds
2015-12-17T14:13:04.791-0500: 15,673: Total time for which application threads were stopped: 0,0000814 seconds, Stopping threads took: 0,0000280 seconds
2015-12-17T14:13:04.793-0500: 15,675: Total time for which application threads were stopped: 0,0001059 seconds, Stopping threads took: 0,0000544 seconds
2015-12-17T14:13:04.802-0500: 15,684: Total time for which application threads were stopped: 0,0001057 seconds, Stopping threads took: 0,0000298 seconds
2015-12-17T14:13:04.802-0500: 15,684: Total time for which application threads were stopped: 0,0000431 seconds, Stopping threads took: 0,0000202 seconds
2015-12-17T14:13:04.802-0500: 15,684: Total time for which application threads were stopped: 0,0000575 seconds, Stopping threads took: 0,0000156 seconds
2015-12-17T14:13:04.803-0500: 15,685: Total time for which application threads were stopped: 0,0000866 seconds, Stopping threads took: 0,0000339 seconds
2015-12-17T14:13:04.804-0500: 15,686: Total time for which application threads were stopped: 0,0000648 seconds, Stopping threads took: 0,0000234 seconds
2015-12-17T14:13:05.680-0500: 16,562: Total time for which application threads were stopped: 0,0000891 seconds, Stopping threads took: 0,0000220 seconds
2015-12-17T14:13:06.254-0500: 17,136: Total time for which application threads were stopped: 0,0001236 seconds, Stopping threads took: 0,0000282 seconds
2015-12-17T14:13:06.324-0500: 17,206: Total time for which application threads were stopped: 0,0001118 seconds, Stopping threads took: 0,0000360 seconds
2015-12-17T14:13:06.421-0500: 17,303: Total time for which application threads were stopped: 0,0001021 seconds, Stopping threads took: 0,0000313 seconds
2015-12-17T14:13:06.469-0500: 17,351: Total time for which application threads were stopped: 0,0000854 seconds, Stopping threads took: 0,0000273 seconds
2015-12-17T14:13:07.470-0500: 18,352: Total time for which application threads were stopped: 0,0000968 seconds, Stopping threads took: 0,0000203 seconds
2015-12-17T14:13:13.891-0500: 24,773: Total time for which application threads were stopped: 0,0000806 seconds, Stopping threads took: 0,0000358 seconds
2015-12-17T14:13:14.891-0500: 25,773: Total time for which application threads were stopped: 0,0002554 seconds, Stopping threads took: 0,0000905 seconds
2015-12-17T14:13:15.205-0500: 26,087: Total time for which application threads were stopped: 0,0000854 seconds, Stopping threads took: 0,0000226 seconds
2015-12-17T14:13:15.225-0500: 26,107: Total time for which application threads were stopped: 0,0001878 seconds, Stopping threads took: 0,0001280 seconds
2015-12-17T14:13:15.235-0500: 26,117: Total time for which application threads were stopped: 0,0000764 seconds, Stopping threads took: 0,0000194 seconds
2015-12-17T14:13:15.333-0500: 26,215: Total time for which application threads were stopped: 0,0001389 seconds, Stopping threads took: 0,0000415 seconds
2015-12-17T14:13:16.333-0500: 27,215: Total time for which application threads were stopped: 0,0000813 seconds, Stopping threads took: 0,0000183 seconds
{Heap before GC invocations=10 (full 1):
 par new generation   total 109248K, used 95662K [0x00000000e0000000, 0x00000000e8000000, 0x00000000e8000000)
  eden space 87424K, 100% used [0x00000000e0000000, 0x00000000e5560000, 0x00000000e5560000)
  from space 21824K,  37% used [0x00000000e5560000, 0x00000000e5d6b9d0, 0x00000000e6ab0000)
  to   space 21824K,   0% used [0x00000000e6ab0000, 0x00000000e6ab0000, 0x00000000e8000000)
 concurrent mark-sweep generation total 393216K, used 7764K [0x00000000e8000000, 0x0000000100000000, 0x0000000100000000)
 Metaspace       used 29968K, capacity 30320K, committed 30640K, reserved 1077248K
  class space    used 3507K, capacity 3642K, committed 3760K, reserved 1048576K
2015-12-17T14:13:21.935-0500: 32,817: [GC (Allocation Failure) 2015-12-17T14:13:21.935-0500: 32,817: [ParNew
Desired survivor size 20112992 bytes, new threshold 8 (max 8)
- age   1:   13217872 bytes,   13217872 total
- age   2:    1975120 bytes,   15192992 total
- age   3:      90368 bytes,   15283360 total
- age   4:      98976 bytes,   15382336 total
- age   5:     122176 bytes,   15504512 total
- age   7:     156720 bytes,   15661232 total
- age   8:     592808 bytes,   16254040 total
: 95662K->17664K(109248K), 0,0433501 secs] 103426K->25640K(502464K), 0,0434739 secs] [Times: user=0,12 sys=0,04, real=0,05 secs] 
Heap after GC invocations=11 (full 1):
 par new generation   total 109248K, used 17664K [0x00000000e0000000, 0x00000000e8000000, 0x00000000e8000000)
  eden space 87424K,   0% used [0x00000000e0000000, 0x00000000e0000000, 0x00000000e5560000)
  from space 21824K,  80% used [0x00000000e6ab0000, 0x00000000e7bf0220, 0x00000000e8000000)
  to   space 21824K,   0% used [0x00000000e5560000, 0x00000000e5560000, 0x00000000e6ab0000)
 concurrent mark-sweep generation total 393216K, used 7975K [0x00000000e8000000, 0x0000000100000000, 0x0000000100000000)
 Metaspace       used 29968K, capacity 30320K, committed 30640K, reserved 1077248K
  class space    used 3507K, capacity 3642K, committed 3760K, reserved 1048576K
}
2015-12-17T14:13:21.979-0500: 32,861: Total time for which application threads were stopped: 0,0437962 seconds, Stopping threads took: 0,0000704 seconds
2015-12-17T14:13:21.980-0500: 32,862: Total time for which application threads were stopped: 0,0001901 seconds, Stopping threads took: 0,0000754 seconds
2015-12-17T14:13:21.980-0500: 32,862: Total time for which application threads were stopped: 0,0000906 seconds, Stopping threads took: 0,0000500 seconds
2015-12-17T14:13:21.981-0500: 32,863: Total time for which application threads were stopped: 0,0001118 seconds, Stopping threads took: 0,0000654 seconds
2015-12-17T14:15:10.630-0500: 141,512: Total time for which application threads were stopped: 0,0000915 seconds, Stopping threads took: 0,0000401 seconds
2015-12-17T14:15:11.203-0500: 142,085: Total time for which application threads were stopped: 0,0000753 seconds, Stopping threads took: 0,0000201 seconds
2015-12-17T14:15:11.217-0500: 142,099: Total time for which application threads were stopped: 0,0000807 seconds, Stopping threads took: 0,0000315 seconds
2015-12-17T14:15:11.218-0500: 142,100: Total time for which application threads were stopped: 0,0000348 seconds, Stopping threads took: 0,0000077 seconds
2015-12-17T14:15:11.220-0500: 142,102: Total time for which application threads were stopped: 0,0000490 seconds, Stopping threads took: 0,0000190 seconds
2015-12-17T14:15:11.220-0500: 142,102: Total time for which application threads were stopped: 0,0000712 seconds, Stopping threads took: 0,0000346 seconds
2015-12-17T14:15:11.221-0500: 142,103: Total time for which application threads were stopped: 0,0000433 seconds, Stopping threads took: 0,0000169 seconds
2015-12-17T14:15:11.312-0500: 142,194: Total time for which application threads were stopped: 0,0002310 seconds, Stopping threads took: 0,0001221 seconds
2015-12-17T14:15:11.314-0500: 142,196: Total time for which application threads were stopped: 0,0001646 seconds, Stopping threads took: 0,0001105 seconds
2015-12-17T14:15:12.315-0500: 143,197: Total time for which application threads were stopped: 0,0000832 seconds, Stopping threads took: 0,0000179 seconds
2015-12-17T14:15:12.837-0500: 143,719: Total time for which application threads were stopped: 0,0000832 seconds, Stopping threads took: 0,0000264 seconds
2015-12-17T14:15:12.847-0500: 143,729: Total time for which application threads were stopped: 0,0003332 seconds, Stopping threads took: 0,0000098 seconds
2015-12-17T14:15:12.847-0500: 143,729: Total time for which application threads were stopped: 0,0001400 seconds, Stopping threads took: 0,0000077 seconds
2015-12-17T14:15:12.847-0500: 143,729: Total time for which application threads were stopped: 0,0000655 seconds, Stopping threads took: 0,0000416 seconds
2015-12-17T14:15:12.864-0500: 143,746: Total time for which application threads were stopped: 0,0000807 seconds, Stopping threads took: 0,0000319 seconds
2015-12-17T14:15:12.864-0500: 143,746: Total time for which application threads were stopped: 0,0000595 seconds, Stopping threads took: 0,0000295 seconds
2015-12-17T14:15:12.913-0500: 143,795: Total time for which application threads were stopped: 0,0000999 seconds, Stopping threads took: 0,0000412 seconds
2015-12-17T14:15:12.914-0500: 143,796: Total time for which application threads were stopped: 0,0001135 seconds, Stopping threads took: 0,0000816 seconds
2015-12-17T14:15:13.049-0500: 143,931: Total time for which application threads were stopped: 0,0001014 seconds, Stopping threads took: 0,0000185 seconds
2015-12-17T14:15:14.050-0500: 144,932: Total time for which application threads were stopped: 0,0001722 seconds, Stopping threads took: 0,0000379 seconds
2015-12-17T14:15:16.416-0500: 147,298: Total time for which application threads were stopped: 0,0001046 seconds, Stopping threads took: 0,0000295 seconds
2015-12-17T14:15:16.416-0500: 147,298: Total time for which application threads were stopped: 0,0000547 seconds, Stopping threads took: 0,0000153 seconds
2015-12-17T14:15:17.416-0500: 148,298: Total time for which application threads were stopped: 0,0001063 seconds, Stopping threads took: 0,0000276 seconds
2015-12-17T14:15:29.417-0500: 160,299: Total time for which application threads were stopped: 0,0001863 seconds, Stopping threads took: 0,0000605 seconds
2015-12-17T14:15:48.465-0500: 179,347: Total time for which application threads were stopped: 0,0001424 seconds, Stopping threads took: 0,0000908 seconds
2015-12-17T14:15:49.226-0500: 180,108: Total time for which application threads were stopped: 0,0001974 seconds, Stopping threads took: 0,0000208 seconds
2015-12-17T14:15:49.227-0500: 180,109: Total time for which application threads were stopped: 0,0000802 seconds, Stopping threads took: 0,0000281 seconds
2015-12-17T14:15:49.328-0500: 180,210: Total time for which application threads were stopped: 0,0000898 seconds, Stopping threads took: 0,0000221 seconds
2015-12-17T14:15:50.328-0500: 181,210: Total time for which application threads were stopped: 0,0000957 seconds, Stopping threads took: 0,0000317 seconds
2015-12-17T14:15:56.893-0500: 187,775: Total time for which application threads were stopped: 0,0000842 seconds, Stopping threads took: 0,0000284 seconds
2015-12-17T14:15:57.567-0500: 188,449: Total time for which application threads were stopped: 0,0000928 seconds, Stopping threads took: 0,0000252 seconds
2015-12-17T14:15:57.659-0500: 188,541: Total time for which application threads were stopped: 0,0001383 seconds, Stopping threads took: 0,0000365 seconds
2015-12-17T14:15:58.659-0500: 189,541: Total time for which application threads were stopped: 0,0000925 seconds, Stopping threads took: 0,0000243 seconds
2015-12-17T14:16:12.914-0500: 203,796: Total time for which application threads were stopped: 0,0000845 seconds, Stopping threads took: 0,0000306 seconds
2015-12-17T14:16:27.915-0500: 218,797: Total time for which application threads were stopped: 0,0001459 seconds, Stopping threads took: 0,0000551 seconds
2015-12-17T14:16:37.507-0500: 228,389: Total time for which application threads were stopped: 0,0000755 seconds, Stopping threads took: 0,0000251 seconds
2015-12-17T14:16:38.218-0500: 229,100: Total time for which application threads were stopped: 0,0001126 seconds, Stopping threads took: 0,0000316 seconds
2015-12-17T14:16:38.303-0500: 229,185: Total time for which application threads were stopped: 0,0000930 seconds, Stopping threads took: 0,0000366 seconds
2015-12-17T14:16:39.303-0500: 230,185: Total time for which application threads were stopped: 0,0000752 seconds, Stopping threads took: 0,0000195 seconds
2015-12-17T14:21:48.425-0500: 539,307: Total time for which application threads were stopped: 0,0000884 seconds, Stopping threads took: 0,0000243 seconds
2015-12-17T14:21:49.181-0500: 540,063: Total time for which application threads were stopped: 0,0000921 seconds, Stopping threads took: 0,0000204 seconds
2015-12-17T14:21:49.291-0500: 540,173: Total time for which application threads were stopped: 0,0000822 seconds, Stopping threads took: 0,0000168 seconds
2015-12-17T14:21:49.379-0500: 540,261: Total time for which application threads were stopped: 0,0001114 seconds, Stopping threads took: 0,0000287 seconds
2015-12-17T14:21:49.424-0500: 540,306: Total time for which application threads were stopped: 0,0000758 seconds, Stopping threads took: 0,0000182 seconds
2015-12-17T14:21:49.825-0500: 540,707: Total time for which application threads were stopped: 0,0000695 seconds, Stopping threads took: 0,0000190 seconds
2015-12-17T14:21:50.845-0500: 541,727: Total time for which application threads were stopped: 0,0000787 seconds, Stopping threads took: 0,0000197 seconds
2015-12-17T14:21:58.734-0500: 549,616: Total time for which application threads were stopped: 0,0000884 seconds, Stopping threads took: 0,0000322 seconds
2015-12-17T14:21:59.734-0500: 550,616: Total time for which application threads were stopped: 0,0001133 seconds, Stopping threads took: 0,0000311 seconds
2015-12-17T14:22:00.049-0500: 550,931: Total time for which application threads were stopped: 0,0001012 seconds, Stopping threads took: 0,0000386 seconds
2015-12-17T14:22:00.346-0500: 551,228: Total time for which application threads were stopped: 0,0000747 seconds, Stopping threads took: 0,0000194 seconds
2015-12-17T14:22:00.401-0500: 551,283: Total time for which application threads were stopped: 0,0000886 seconds, Stopping threads took: 0,0000277 seconds
2015-12-17T14:22:00.896-0500: 551,778: Total time for which application threads were stopped: 0,0000840 seconds, Stopping threads took: 0,0000280 seconds
2015-12-17T14:22:00.926-0500: 551,808: Total time for which application threads were stopped: 0,0000972 seconds, Stopping threads took: 0,0000258 seconds
2015-12-17T14:22:01.927-0500: 552,809: Total time for which application threads were stopped: 0,0000683 seconds, Stopping threads took: 0,0000188 seconds
2015-12-17T14:26:37.842-0500: 828,724: Total time for which application threads were stopped: 0,0000787 seconds, Stopping threads took: 0,0000226 seconds
2015-12-17T14:26:38.842-0500: 829,724: Total time for which application threads were stopped: 0,0000791 seconds, Stopping threads took: 0,0000196 seconds
2015-12-17T14:26:38.974-0500: 829,856: Total time for which application threads were stopped: 0,0000889 seconds, Stopping threads took: 0,0000299 seconds
2015-12-17T14:26:39.009-0500: 829,891: Total time for which application threads were stopped: 0,0004166 seconds, Stopping threads took: 0,0000258 seconds
2015-12-17T14:26:39.393-0500: 830,275: Total time for which application threads were stopped: 0,0001396 seconds, Stopping threads took: 0,0000484 seconds
2015-12-17T14:26:40.393-0500: 831,275: Total time for which application threads were stopped: 0,0000840 seconds, Stopping threads took: 0,0000213 seconds
2015-12-17T14:29:24.198-0500: 995,080: Total time for which application threads were stopped: 0,0000816 seconds, Stopping threads took: 0,0000201 seconds
2015-12-17T14:29:24.199-0500: 995,081: Total time for which application threads were stopped: 0,0000395 seconds, Stopping threads took: 0,0000079 seconds
2015-12-17T14:29:24.199-0500: 995,081: Total time for which application threads were stopped: 0,0000364 seconds, Stopping threads took: 0,0000089 seconds
2015-12-17T14:29:24.242-0500: 995,124: Total time for which application threads were stopped: 0,0000877 seconds, Stopping threads took: 0,0000216 seconds
2015-12-17T14:29:24.242-0500: 995,124: Total time for which application threads were stopped: 0,0000273 seconds, Stopping threads took: 0,0000062 seconds
2015-12-17T14:29:24.242-0500: 995,124: Total time for which application threads were stopped: 0,0000363 seconds, Stopping threads took: 0,0000091 seconds
2015-12-17T14:29:24.242-0500: 995,124: Total time for which application threads were stopped: 0,0000322 seconds, Stopping threads took: 0,0000075 seconds
2015-12-17T14:29:24.371-0500: 995,253: Total time for which application threads were stopped: 0,0000922 seconds, Stopping threads took: 0,0000213 seconds
2015-12-17T14:29:25.048-0500: 995,930: Total time for which application threads were stopped: 0,0001514 seconds, Stopping threads took: 0,0000202 seconds
2015-12-17T14:29:25.076-0500: 995,958: Total time for which application threads were stopped: 0,0001024 seconds, Stopping threads took: 0,0000366 seconds
2015-12-17T14:29:25.089-0500: 995,971: Total time for which application threads were stopped: 0,0001062 seconds, Stopping threads took: 0,0000403 seconds
2015-12-17T14:29:25.090-0500: 995,972: Total time for which application threads were stopped: 0,0194103 seconds, Stopping threads took: 0,0000326 seconds
2015-12-17T14:29:26.109-0500: 996,991: Total time for which application threads were stopped: 0,0000730 seconds, Stopping threads took: 0,0000198 seconds
2015-12-17T14:29:27.110-0500: 997,992: Total time for which application threads were stopped: 0,0000727 seconds, Stopping threads took: 0,0000207 seconds
2015-12-17T14:29:33.337-0500: 1004,219: Total time for which application threads were stopped: 0,0001547 seconds, Stopping threads took: 0,0001008 seconds
2015-12-17T14:29:33.452-0500: 1004,334: Total time for which application threads were stopped: 0,0001776 seconds, Stopping threads took: 0,0001010 seconds
2015-12-17T14:29:34.452-0500: 1005,334: Total time for which application threads were stopped: 0,0001056 seconds, Stopping threads took: 0,0000189 seconds
{Heap before GC invocations=11 (full 1):
 par new generation   total 109248K, used 105088K [0x00000000e0000000, 0x00000000e8000000, 0x00000000e8000000)
  eden space 87424K, 100% used [0x00000000e0000000, 0x00000000e5560000, 0x00000000e5560000)
  from space 21824K,  80% used [0x00000000e6ab0000, 0x00000000e7bf0220, 0x00000000e8000000)
  to   space 21824K,   0% used [0x00000000e5560000, 0x00000000e5560000, 0x00000000e6ab0000)
 concurrent mark-sweep generation total 393216K, used 7975K [0x00000000e8000000, 0x0000000100000000, 0x0000000100000000)
 Metaspace       used 30871K, capacity 31242K, committed 31664K, reserved 1077248K
  class space    used 3569K, capacity 3687K, committed 3760K, reserved 1048576K
2015-12-17T14:29:34.515-0500: 1005,397: [GC (Allocation Failure) 2015-12-17T14:29:34.515-0500: 1005,397: [ParNew
Desired survivor size 20112992 bytes, new threshold 8 (max 8)
- age   1:    2748504 bytes,    2748504 total
- age   2:    9535328 bytes,   12283832 total
- age   3:    1973888 bytes,   14257720 total
- age   4:      90368 bytes,   14348088 total
- age   5:      98976 bytes,   14447064 total
- age   6:     121808 bytes,   14568872 total
- age   8:     156584 bytes,   14725456 total
: 105088K->18752K(109248K), 0,0183779 secs] 113064K->27312K(502464K), 0,0184849 secs] [Times: user=0,05 sys=0,00, real=0,02 secs] 
Heap after GC invocations=12 (full 1):
 par new generation   total 109248K, used 18752K [0x00000000e0000000, 0x00000000e8000000, 0x00000000e8000000)
  eden space 87424K,   0% used [0x00000000e0000000, 0x00000000e0000000, 0x00000000e5560000)
  from space 21824K,  85% used [0x00000000e5560000, 0x00000000e67b0080, 0x00000000e6ab0000)
  to   space 21824K,   0% used [0x00000000e6ab0000, 0x00000000e6ab0000, 0x00000000e8000000)
 concurrent mark-sweep generation total 393216K, used 8560K [0x00000000e8000000, 0x0000000100000000, 0x0000000100000000)
 Metaspace       used 30871K, capacity 31242K, committed 31664K, reserved 1077248K
  class space    used 3569K, capacity 3687K, committed 3760K, reserved 1048576K
}
2015-12-17T14:29:34.534-0500: 1005,416: Total time for which application threads were stopped: 0,0188240 seconds, Stopping threads took: 0,0000366 seconds
2015-12-17T14:29:34.534-0500: 1005,416: Total time for which application threads were stopped: 0,0001360 seconds, Stopping threads took: 0,0000359 seconds
2015-12-17T14:29:34.534-0500: 1005,416: Total time for which application threads were stopped: 0,0000818 seconds, Stopping threads took: 0,0000290 seconds
{Heap before GC invocations=12 (full 1):
 par new generation   total 109248K, used 106176K [0x00000000e0000000, 0x00000000e8000000, 0x00000000e8000000)
  eden space 87424K, 100% used [0x00000000e0000000, 0x00000000e5560000, 0x00000000e5560000)
  from space 21824K,  85% used [0x00000000e5560000, 0x00000000e67b0080, 0x00000000e6ab0000)
  to   space 21824K,   0% used [0x00000000e6ab0000, 0x00000000e6ab0000, 0x00000000e8000000)
 concurrent mark-sweep generation total 393216K, used 8560K [0x00000000e8000000, 0x0000000100000000, 0x0000000100000000)
 Metaspace       used 30904K, capacity 31336K, committed 31664K, reserved 1077248K
  class space    used 3572K, capacity 3692K, committed 3760K, reserved 1048576K
2015-12-17T14:29:34.594-0500: 1005,476: [GC (Allocation Failure) 2015-12-17T14:29:34.595-0500: 1005,477: [ParNew
Desired survivor size 20112992 bytes, new threshold 8 (max 8)
- age   1:     108368 bytes,     108368 total
- age   2:    2191904 bytes,    2300272 total
- age   3:    9477064 bytes,   11777336 total
- age   4:    1937232 bytes,   13714568 total
- age   5:      87664 bytes,   13802232 total
- age   6:      98896 bytes,   13901128 total
- age   7:     114040 bytes,   14015168 total
: 106176K->16557K(109248K), 0,0150356 secs] 114736K->25273K(502464K), 0,0151021 secs] [Times: user=0,05 sys=0,00, real=0,02 secs] 
Heap after GC invocations=13 (full 1):
 par new generation   total 109248K, used 16557K [0x00000000e0000000, 0x00000000e8000000, 0x00000000e8000000)
  eden space 87424K,   0% used [0x00000000e0000000, 0x00000000e0000000, 0x00000000e5560000)
  from space 21824K,  75% used [0x00000000e6ab0000, 0x00000000e7adb4a0, 0x00000000e8000000)
  to   space 21824K,   0% used [0x00000000e5560000, 0x00000000e5560000, 0x00000000e6ab0000)
 concurrent mark-sweep generation total 393216K, used 8716K [0x00000000e8000000, 0x0000000100000000, 0x0000000100000000)
 Metaspace       used 30904K, capacity 31336K, committed 31664K, reserved 1077248K
  class space    used 3572K, capacity 3692K, committed 3760K, reserved 1048576K
}
2015-12-17T14:29:34.610-0500: 1005,492: Total time for which application threads were stopped: 0,0152795 seconds, Stopping threads took: 0,0000287 seconds
2015-12-17T14:29:34.610-0500: 1005,492: Total time for which application threads were stopped: 0,0001267 seconds, Stopping threads took: 0,0000520 seconds
2015-12-17T14:29:35.276-0500: 1006,158: Total time for which application threads were stopped: 0,0001522 seconds, Stopping threads took: 0,0000301 seconds
2015-12-17T14:29:35.299-0500: 1006,181: Total time for which application threads were stopped: 0,0000850 seconds, Stopping threads took: 0,0000275 seconds
2015-12-17T14:29:35.397-0500: 1006,279: Total time for which application threads were stopped: 0,0001267 seconds, Stopping threads took: 0,0000407 seconds
2015-12-17T14:29:35.423-0500: 1006,305: Total time for which application threads were stopped: 0,0000750 seconds, Stopping threads took: 0,0000254 seconds
2015-12-17T14:29:35.424-0500: 1006,306: Total time for which application threads were stopped: 0,0000582 seconds, Stopping threads took: 0,0000186 seconds
2015-12-17T14:29:35.424-0500: 1006,306: Total time for which application threads were stopped: 0,0000527 seconds, Stopping threads took: 0,0000299 seconds
2015-12-17T14:29:35.424-0500: 1006,306: Total time for which application threads were stopped: 0,0000401 seconds, Stopping threads took: 0,0000174 seconds
2015-12-17T14:29:35.424-0500: 1006,306: Total time for which application threads were stopped: 0,0000399 seconds, Stopping threads took: 0,0000172 seconds
2015-12-17T14:29:35.424-0500: 1006,306: Total time for which application threads were stopped: 0,0000402 seconds, Stopping threads took: 0,0000175 seconds
2015-12-17T14:29:35.424-0500: 1006,306: Total time for which application threads were stopped: 0,0000411 seconds, Stopping threads took: 0,0000093 seconds
2015-12-17T14:29:35.424-0500: 1006,306: Total time for which application threads were stopped: 0,0000363 seconds, Stopping threads took: 0,0000071 seconds
2015-12-17T14:29:35.458-0500: 1006,340: Total time for which application threads were stopped: 0,0001151 seconds, Stopping threads took: 0,0000497 seconds
2015-12-17T14:29:35.458-0500: 1006,340: Total time for which application threads were stopped: 0,0000492 seconds, Stopping threads took: 0,0000191 seconds
2015-12-17T14:29:35.458-0500: 1006,340: Total time for which application threads were stopped: 0,0000502 seconds, Stopping threads took: 0,0000224 seconds
2015-12-17T14:29:35.616-0500: 1006,498: Total time for which application threads were stopped: 0,0001896 seconds, Stopping threads took: 0,0001182 seconds
2015-12-17T14:29:35.616-0500: 1006,498: Total time for which application threads were stopped: 0,0000708 seconds, Stopping threads took: 0,0000372 seconds
2015-12-17T14:29:35.616-0500: 1006,498: Total time for which application threads were stopped: 0,0000648 seconds, Stopping threads took: 0,0000367 seconds
2015-12-17T14:29:35.616-0500: 1006,498: Total time for which application threads were stopped: 0,0000491 seconds, Stopping threads took: 0,0000231 seconds
2015-12-17T14:29:35.617-0500: 1006,499: Total time for which application threads were stopped: 0,0000404 seconds, Stopping threads took: 0,0000150 seconds
2015-12-17T14:29:35.617-0500: 1006,499: Total time for which application threads were stopped: 0,0000378 seconds, Stopping threads took: 0,0000125 seconds
2015-12-17T14:29:35.617-0500: 1006,499: Total time for which application threads were stopped: 0,0000401 seconds, Stopping threads took: 0,0000137 seconds
2015-12-17T14:29:35.617-0500: 1006,499: Total time for which application threads were stopped: 0,0000696 seconds, Stopping threads took: 0,0000531 seconds
2015-12-17T14:29:35.617-0500: 1006,499: Total time for which application threads were stopped: 0,0000368 seconds, Stopping threads took: 0,0000205 seconds
2015-12-17T14:29:35.617-0500: 1006,499: Total time for which application threads were stopped: 0,0000492 seconds, Stopping threads took: 0,0000205 seconds
2015-12-17T14:29:35.617-0500: 1006,499: Total time for which application threads were stopped: 0,0000295 seconds, Stopping threads took: 0,0000125 seconds
2015-12-17T14:29:35.617-0500: 1006,499: Total time for which application threads were stopped: 0,0000309 seconds, Stopping threads took: 0,0000138 seconds
2015-12-17T14:29:35.617-0500: 1006,499: Total time for which application threads were stopped: 0,0000275 seconds, Stopping threads took: 0,0000116 seconds
2015-12-17T14:29:35.617-0500: 1006,499: Total time for which application threads were stopped: 0,0000230 seconds, Stopping threads took: 0,0000062 seconds
2015-12-17T14:29:35.617-0500: 1006,499: Total time for which application threads were stopped: 0,0000210 seconds, Stopping threads took: 0,0000054 seconds
2015-12-17T14:29:35.617-0500: 1006,499: Total time for which application threads were stopped: 0,0000222 seconds, Stopping threads took: 0,0000066 seconds
2015-12-17T14:29:35.617-0500: 1006,499: Total time for which application threads were stopped: 0,0000303 seconds, Stopping threads took: 0,0000134 seconds
2015-12-17T14:29:35.617-0500: 1006,499: Total time for which application threads were stopped: 0,0000283 seconds, Stopping threads took: 0,0000114 seconds
2015-12-17T14:29:35.617-0500: 1006,499: Total time for which application threads were stopped: 0,0000290 seconds, Stopping threads took: 0,0000121 seconds
2015-12-17T14:29:35.617-0500: 1006,499: Total time for which application threads were stopped: 0,0000974 seconds, Stopping threads took: 0,0000117 seconds
2015-12-17T14:29:35.841-0500: 1006,723: Total time for which application threads were stopped: 0,0001037 seconds, Stopping threads took: 0,0000192 seconds
2015-12-17T14:29:35.842-0500: 1006,724: Total time for which application threads were stopped: 0,0000425 seconds, Stopping threads took: 0,0000208 seconds
2015-12-17T14:29:35.843-0500: 1006,725: Total time for which application threads were stopped: 0,0000677 seconds, Stopping threads took: 0,0000157 seconds
2015-12-17T14:29:35.955-0500: 1006,837: Total time for which application threads were stopped: 0,0000946 seconds, Stopping threads took: 0,0000383 seconds
2015-12-17T14:29:35.955-0500: 1006,837: Total time for which application threads were stopped: 0,0000620 seconds, Stopping threads took: 0,0000210 seconds
2015-12-17T14:29:35.955-0500: 1006,837: Total time for which application threads were stopped: 0,0000961 seconds, Stopping threads took: 0,0000642 seconds
2015-12-17T14:29:35.955-0500: 1006,837: Total time for which application threads were stopped: 0,0000470 seconds, Stopping threads took: 0,0000169 seconds
2015-12-17T14:29:35.955-0500: 1006,837: Total time for which application threads were stopped: 0,0000588 seconds, Stopping threads took: 0,0000340 seconds
2015-12-17T14:29:35.955-0500: 1006,837: Total time for which application threads were stopped: 0,0000332 seconds, Stopping threads took: 0,0000086 seconds
2015-12-17T14:29:35.956-0500: 1006,838: Total time for which application threads were stopped: 0,0000787 seconds, Stopping threads took: 0,0000517 seconds
2015-12-17T14:29:35.983-0500: 1006,865: Total time for which application threads were stopped: 0,0000892 seconds, Stopping threads took: 0,0000320 seconds
2015-12-17T14:29:37.493-0500: 1008,375: Total time for which application threads were stopped: 0,0000997 seconds, Stopping threads took: 0,0000195 seconds
2015-12-17T14:29:37.540-0500: 1008,422: Total time for which application threads were stopped: 0,0001232 seconds, Stopping threads took: 0,0000228 seconds
2015-12-17T14:29:37.540-0500: 1008,422: Total time for which application threads were stopped: 0,0000802 seconds, Stopping threads took: 0,0000126 seconds
2015-12-17T14:29:37.548-0500: 1008,430: Total time for which application threads were stopped: 0,0001055 seconds, Stopping threads took: 0,0000162 seconds
2015-12-17T14:29:37.574-0500: 1008,456: Total time for which application threads were stopped: 0,0003921 seconds, Stopping threads took: 0,0000276 seconds
2015-12-17T14:29:37.628-0500: 1008,510: Total time for which application threads were stopped: 0,0001463 seconds, Stopping threads took: 0,0000402 seconds
2015-12-17T14:29:37.628-0500: 1008,510: Total time for which application threads were stopped: 0,0001122 seconds, Stopping threads took: 0,0000281 seconds
2015-12-17T14:29:37.632-0500: 1008,514: Total time for which application threads were stopped: 0,0000867 seconds, Stopping threads took: 0,0000202 seconds
2015-12-17T14:29:37.684-0500: 1008,566: Total time for which application threads were stopped: 0,0001096 seconds, Stopping threads took: 0,0000356 seconds
2015-12-17T14:29:37.685-0500: 1008,567: Total time for which application threads were stopped: 0,0001629 seconds, Stopping threads took: 0,0001068 seconds
2015-12-17T14:29:37.748-0500: 1008,630: Total time for which application threads were stopped: 0,0000905 seconds, Stopping threads took: 0,0000334 seconds
2015-12-17T14:29:37.748-0500: 1008,630: Total time for which application threads were stopped: 0,0000731 seconds, Stopping threads took: 0,0000421 seconds
2015-12-17T14:29:38.438-0500: 1009,320: Total time for which application threads were stopped: 0,0004370 seconds, Stopping threads took: 0,0000319 seconds
2015-12-17T14:29:38.438-0500: 1009,320: Total time for which application threads were stopped: 0,0001152 seconds, Stopping threads took: 0,0000713 seconds
2015-12-17T14:29:38.493-0500: 1009,375: Total time for which application threads were stopped: 0,0000904 seconds, Stopping threads took: 0,0000152 seconds
2015-12-17T14:29:38.501-0500: 1009,383: Total time for which application threads were stopped: 0,0000920 seconds, Stopping threads took: 0,0000187 seconds
2015-12-17T14:29:39.501-0500: 1010,383: Total time for which application threads were stopped: 0,0000773 seconds, Stopping threads took: 0,0000197 seconds
2015-12-17T14:29:40.517-0500: 1011,399: Total time for which application threads were stopped: 0,0001324 seconds, Stopping threads took: 0,0000278 seconds
2015-12-17T14:29:41.820-0500: 1012,702: Total time for which application threads were stopped: 0,0001820 seconds, Stopping threads took: 0,0001156 seconds
2015-12-17T14:29:41.821-0500: 1012,703: Total time for which application threads were stopped: 0,0000844 seconds, Stopping threads took: 0,0000279 seconds
2015-12-17T14:29:41.821-0500: 1012,703: Total time for which application threads were stopped: 0,0001258 seconds, Stopping threads took: 0,0000733 seconds
2015-12-17T14:29:41.821-0500: 1012,703: Total time for which application threads were stopped: 0,0000658 seconds, Stopping threads took: 0,0000411 seconds
2015-12-17T14:29:41.821-0500: 1012,703: Total time for which application threads were stopped: 0,0000449 seconds, Stopping threads took: 0,0000226 seconds
2015-12-17T14:29:41.821-0500: 1012,703: Total time for which application threads were stopped: 0,0000429 seconds, Stopping threads took: 0,0000137 seconds
2015-12-17T14:29:41.821-0500: 1012,703: Total time for which application threads were stopped: 0,0000352 seconds, Stopping threads took: 0,0000073 seconds
2015-12-17T14:29:41.821-0500: 1012,703: Total time for which application threads were stopped: 0,0000347 seconds, Stopping threads took: 0,0000071 seconds
2015-12-17T14:29:41.821-0500: 1012,703: Total time for which application threads were stopped: 0,0000346 seconds, Stopping threads took: 0,0000070 seconds
2015-12-17T14:29:41.822-0500: 1012,704: Total time for which application threads were stopped: 0,0000248 seconds, Stopping threads took: 0,0000057 seconds
2015-12-17T14:29:41.822-0500: 1012,704: Total time for which application threads were stopped: 0,0000361 seconds, Stopping threads took: 0,0000059 seconds
2015-12-17T14:29:41.822-0500: 1012,704: Total time for which application threads were stopped: 0,0000336 seconds, Stopping threads took: 0,0000047 seconds
2015-12-17T14:29:41.822-0500: 1012,704: Total time for which application threads were stopped: 0,0000334 seconds, Stopping threads took: 0,0000046 seconds
2015-12-17T14:29:41.822-0500: 1012,704: Total time for which application threads were stopped: 0,0000246 seconds, Stopping threads took: 0,0000050 seconds
2015-12-17T14:29:41.822-0500: 1012,704: Total time for which application threads were stopped: 0,0000245 seconds, Stopping threads took: 0,0000050 seconds
2015-12-17T14:29:41.822-0500: 1012,704: Total time for which application threads were stopped: 0,0000245 seconds, Stopping threads took: 0,0000050 seconds
2015-12-17T14:29:41.822-0500: 1012,704: Total time for which application threads were stopped: 0,0000245 seconds, Stopping threads took: 0,0000049 seconds
2015-12-17T14:29:41.822-0500: 1012,704: Total time for which application threads were stopped: 0,0000245 seconds, Stopping threads took: 0,0000050 seconds
2015-12-17T14:29:41.822-0500: 1012,704: Total time for which application threads were stopped: 0,0000244 seconds, Stopping threads took: 0,0000049 seconds
2015-12-17T14:29:41.822-0500: 1012,704: Total time for which application threads were stopped: 0,0000242 seconds, Stopping threads took: 0,0000048 seconds
2015-12-17T14:29:41.822-0500: 1012,704: Total time for which application threads were stopped: 0,0000749 seconds, Stopping threads took: 0,0000048 seconds
2015-12-17T14:29:41.822-0500: 1012,704: Total time for which application threads were stopped: 0,0000260 seconds, Stopping threads took: 0,0000050 seconds
2015-12-17T14:29:41.822-0500: 1012,704: Total time for which application threads were stopped: 0,0000250 seconds, Stopping threads took: 0,0000050 seconds
2015-12-17T14:29:41.822-0500: 1012,704: Total time for which application threads were stopped: 0,0000250 seconds, Stopping threads took: 0,0000050 seconds
2015-12-17T14:29:41.822-0500: 1012,704: Total time for which application threads were stopped: 0,0000264 seconds, Stopping threads took: 0,0000050 seconds
2015-12-17T14:29:41.822-0500: 1012,704: Total time for which application threads were stopped: 0,0000262 seconds, Stopping threads took: 0,0000049 seconds
2015-12-17T14:29:41.823-0500: 1012,705: Total time for which application threads were stopped: 0,0000267 seconds, Stopping threads took: 0,0000050 seconds
2015-12-17T14:29:41.849-0500: 1012,731: Total time for which application threads were stopped: 0,0001131 seconds, Stopping threads took: 0,0000360 seconds
2015-12-17T14:29:41.849-0500: 1012,731: Total time for which application threads were stopped: 0,0001237 seconds, Stopping threads took: 0,0000646 seconds
2015-12-17T14:29:41.849-0500: 1012,731: Total time for which application threads were stopped: 0,0002035 seconds, Stopping threads took: 0,0001548 seconds
2015-12-17T14:29:41.850-0500: 1012,732: Total time for which application threads were stopped: 0,0000699 seconds, Stopping threads took: 0,0000301 seconds
2015-12-17T14:29:41.850-0500: 1012,732: Total time for which application threads were stopped: 0,0000551 seconds, Stopping threads took: 0,0000184 seconds
2015-12-17T14:29:41.850-0500: 1012,732: Total time for which application threads were stopped: 0,0000411 seconds, Stopping threads took: 0,0000108 seconds
2015-12-17T14:29:41.850-0500: 1012,732: Total time for which application threads were stopped: 0,0000362 seconds, Stopping threads took: 0,0000075 seconds
2015-12-17T14:29:41.850-0500: 1012,732: Total time for which application threads were stopped: 0,0000240 seconds, Stopping threads took: 0,0000048 seconds
2015-12-17T14:29:41.850-0500: 1012,732: Total time for which application threads were stopped: 0,0000348 seconds, Stopping threads took: 0,0000084 seconds
2015-12-17T14:29:41.851-0500: 1012,733: Total time for which application threads were stopped: 0,0000648 seconds, Stopping threads took: 0,0000097 seconds
2015-12-17T14:29:41.851-0500: 1012,733: Total time for which application threads were stopped: 0,0000405 seconds, Stopping threads took: 0,0000074 seconds
2015-12-17T14:29:41.851-0500: 1012,733: Total time for which application threads were stopped: 0,0000261 seconds, Stopping threads took: 0,0000057 seconds
2015-12-17T14:29:41.851-0500: 1012,733: Total time for which application threads were stopped: 0,0000246 seconds, Stopping threads took: 0,0000052 seconds
2015-12-17T14:29:41.851-0500: 1012,733: Total time for which application threads were stopped: 0,0000243 seconds, Stopping threads took: 0,0000050 seconds
2015-12-17T14:29:41.851-0500: 1012,733: Total time for which application threads were stopped: 0,0000243 seconds, Stopping threads took: 0,0000049 seconds
2015-12-17T14:29:41.851-0500: 1012,733: Total time for which application threads were stopped: 0,0000242 seconds, Stopping threads took: 0,0000050 seconds
2015-12-17T14:29:41.851-0500: 1012,733: Total time for which application threads were stopped: 0,0000242 seconds, Stopping threads took: 0,0000049 seconds
2015-12-17T14:29:41.851-0500: 1012,733: Total time for which application threads were stopped: 0,0000242 seconds, Stopping threads took: 0,0000050 seconds
2015-12-17T14:29:41.851-0500: 1012,733: Total time for which application threads were stopped: 0,0000241 seconds, Stopping threads took: 0,0000049 seconds
2015-12-17T14:29:41.851-0500: 1012,733: Total time for which application threads were stopped: 0,0000241 seconds, Stopping threads took: 0,0000049 seconds
2015-12-17T14:29:41.851-0500: 1012,733: Total time for which application threads were stopped: 0,0000867 seconds, Stopping threads took: 0,0000049 seconds
2015-12-17T14:29:41.858-0500: 1012,740: Total time for which application threads were stopped: 0,0000902 seconds, Stopping threads took: 0,0000215 seconds
2015-12-17T14:29:41.865-0500: 1012,747: Total time for which application threads were stopped: 0,0003922 seconds, Stopping threads took: 0,0000295 seconds
2015-12-17T14:29:41.950-0500: 1012,832: Total time for which application threads were stopped: 0,0000976 seconds, Stopping threads took: 0,0000268 seconds
2015-12-17T14:29:41.951-0500: 1012,833: Total time for which application threads were stopped: 0,0000581 seconds, Stopping threads took: 0,0000305 seconds
2015-12-17T14:29:41.951-0500: 1012,833: Total time for which application threads were stopped: 0,0000562 seconds, Stopping threads took: 0,0000303 seconds
2015-12-17T14:29:41.962-0500: 1012,844: Total time for which application threads were stopped: 0,0000483 seconds, Stopping threads took: 0,0000128 seconds
2015-12-17T14:29:41.962-0500: 1012,844: Total time for which application threads were stopped: 0,0000552 seconds, Stopping threads took: 0,0000076 seconds
2015-12-17T14:29:41.994-0500: 1012,876: Total time for which application threads were stopped: 0,0000837 seconds, Stopping threads took: 0,0000287 seconds
2015-12-17T14:29:41.996-0500: 1012,878: Total time for which application threads were stopped: 0,0000569 seconds, Stopping threads took: 0,0000302 seconds
2015-12-17T14:29:41.996-0500: 1012,878: Total time for which application threads were stopped: 0,0000339 seconds, Stopping threads took: 0,0000079 seconds
2015-12-17T14:29:41.997-0500: 1012,879: Total time for which application threads were stopped: 0,0000527 seconds, Stopping threads took: 0,0000122 seconds
2015-12-17T14:29:41.998-0500: 1012,880: Total time for which application threads were stopped: 0,0000315 seconds, Stopping threads took: 0,0000083 seconds
2015-12-17T14:29:42.009-0500: 1012,891: Total time for which application threads were stopped: 0,0000995 seconds, Stopping threads took: 0,0000295 seconds
2015-12-17T14:29:42.021-0500: 1012,903: Total time for which application threads were stopped: 0,0000581 seconds, Stopping threads took: 0,0000211 seconds
2015-12-17T14:29:42.047-0500: 1012,929: Total time for which application threads were stopped: 0,0004474 seconds, Stopping threads took: 0,0000285 seconds
2015-12-17T14:29:42.533-0500: 1013,415: Total time for which application threads were stopped: 0,0001585 seconds, Stopping threads took: 0,0000296 seconds
2015-12-17T14:29:42.585-0500: 1013,467: Total time for which application threads were stopped: 0,0004509 seconds, Stopping threads took: 0,0000296 seconds
2015-12-17T14:29:42.586-0500: 1013,468: Total time for which application threads were stopped: 0,0001729 seconds, Stopping threads took: 0,0000308 seconds
2015-12-17T14:29:43.586-0500: 1014,468: Total time for which application threads were stopped: 0,0001244 seconds, Stopping threads took: 0,0000256 seconds
2015-12-17T14:29:44.586-0500: 1015,468: Total time for which application threads were stopped: 0,0000948 seconds, Stopping threads took: 0,0000184 seconds
2015-12-17T14:29:45.072-0500: 1015,954: Total time for which application threads were stopped: 0,0005109 seconds, Stopping threads took: 0,0000286 seconds
2015-12-17T14:29:45.094-0500: 1015,976: Total time for which application threads were stopped: 0,0003716 seconds, Stopping threads took: 0,0000238 seconds
2015-12-17T14:29:45.117-0500: 1015,999: Total time for which application threads were stopped: 0,0001920 seconds, Stopping threads took: 0,0000524 seconds
2015-12-17T14:29:45.220-0500: 1016,102: Total time for which application threads were stopped: 0,0000762 seconds, Stopping threads took: 0,0000179 seconds
2015-12-17T14:29:45.222-0500: 1016,104: Total time for which application threads were stopped: 0,0000541 seconds, Stopping threads took: 0,0000209 seconds
2015-12-17T14:29:45.227-0500: 1016,109: Total time for which application threads were stopped: 0,0003930 seconds, Stopping threads took: 0,0000222 seconds
2015-12-17T14:29:45.233-0500: 1016,115: Total time for which application threads were stopped: 0,0004260 seconds, Stopping threads took: 0,0000243 seconds
2015-12-17T14:29:45.239-0500: 1016,121: Total time for which application threads were stopped: 0,0001052 seconds, Stopping threads took: 0,0000445 seconds
2015-12-17T14:29:45.242-0500: 1016,124: Total time for which application threads were stopped: 0,0001687 seconds, Stopping threads took: 0,0001029 seconds
2015-12-17T14:29:45.246-0500: 1016,128: Total time for which application threads were stopped: 0,0000889 seconds, Stopping threads took: 0,0000273 seconds
2015-12-17T14:29:45.248-0500: 1016,130: Total time for which application threads were stopped: 0,0001235 seconds, Stopping threads took: 0,0000609 seconds
2015-12-17T14:29:45.251-0500: 1016,133: Total time for which application threads were stopped: 0,0000808 seconds, Stopping threads took: 0,0000237 seconds
2015-12-17T14:29:45.254-0500: 1016,136: Total time for which application threads were stopped: 0,0000761 seconds, Stopping threads took: 0,0000206 seconds
2015-12-17T14:29:45.256-0500: 1016,138: Total time for which application threads were stopped: 0,0000787 seconds, Stopping threads took: 0,0000187 seconds
2015-12-17T14:29:45.261-0500: 1016,143: Total time for which application threads were stopped: 0,0001198 seconds, Stopping threads took: 0,0000347 seconds
2015-12-17T14:29:45.265-0500: 1016,147: Total time for which application threads were stopped: 0,0000931 seconds, Stopping threads took: 0,0000342 seconds
2015-12-17T14:29:45.267-0500: 1016,149: Total time for which application threads were stopped: 0,0001085 seconds, Stopping threads took: 0,0000459 seconds
2015-12-17T14:29:45.269-0500: 1016,151: Total time for which application threads were stopped: 0,0000684 seconds, Stopping threads took: 0,0000269 seconds
2015-12-17T14:29:45.275-0500: 1016,157: Total time for which application threads were stopped: 0,0001213 seconds, Stopping threads took: 0,0000630 seconds
2015-12-17T14:29:45.278-0500: 1016,160: Total time for which application threads were stopped: 0,0000853 seconds, Stopping threads took: 0,0000187 seconds
2015-12-17T14:29:45.279-0500: 1016,161: Total time for which application threads were stopped: 0,0000723 seconds, Stopping threads took: 0,0000167 seconds
2015-12-17T14:29:45.281-0500: 1016,163: Total time for which application threads were stopped: 0,0000610 seconds, Stopping threads took: 0,0000148 seconds
2015-12-17T14:29:45.283-0500: 1016,165: Total time for which application threads were stopped: 0,0001074 seconds, Stopping threads took: 0,0000518 seconds
2015-12-17T14:29:45.285-0500: 1016,167: Total time for which application threads were stopped: 0,0000796 seconds, Stopping threads took: 0,0000218 seconds
2015-12-17T14:29:45.287-0500: 1016,169: Total time for which application threads were stopped: 0,0000804 seconds, Stopping threads took: 0,0000198 seconds
2015-12-17T14:29:45.289-0500: 1016,171: Total time for which application threads were stopped: 0,0001491 seconds, Stopping threads took: 0,0000183 seconds
{Heap before GC invocations=13 (full 1):
 par new generation   total 109248K, used 103981K [0x00000000e0000000, 0x00000000e8000000, 0x00000000e8000000)
  eden space 87424K, 100% used [0x00000000e0000000, 0x00000000e5560000, 0x00000000e5560000)
  from space 21824K,  75% used [0x00000000e6ab0000, 0x00000000e7adb4a0, 0x00000000e8000000)
  to   space 21824K,   0% used [0x00000000e5560000, 0x00000000e5560000, 0x00000000e6ab0000)
 concurrent mark-sweep generation total 393216K, used 8716K [0x00000000e8000000, 0x0000000100000000, 0x0000000100000000)
 Metaspace       used 34098K, capacity 34568K, committed 34736K, reserved 1079296K
  class space    used 3811K, capacity 3960K, committed 4016K, reserved 1048576K
2015-12-17T14:29:45.439-0500: 1016,321: [GC (Allocation Failure) 2015-12-17T14:29:45.439-0500: 1016,321: [ParNew
Desired survivor size 20112992 bytes, new threshold 7 (max 8)
- age   1:    9160528 bytes,    9160528 total
- age   2:      89128 bytes,    9249656 total
- age   3:    1216744 bytes,   10466400 total
- age   4:    7550296 bytes,   18016696 total
- age   5:    1922208 bytes,   19938904 total
- age   6:      87464 bytes,   20026368 total
- age   7:      98896 bytes,   20125264 total
- age   8:     113672 bytes,   20238936 total
: 103981K->21824K(109248K), 0,0134755 secs] 112697K->30976K(502464K), 0,0135449 secs] [Times: user=0,04 sys=0,00, real=0,01 secs] 
Heap after GC invocations=14 (full 1):
 par new generation   total 109248K, used 21824K [0x00000000e0000000, 0x00000000e8000000, 0x00000000e8000000)
  eden space 87424K,   0% used [0x00000000e0000000, 0x00000000e0000000, 0x00000000e5560000)
  from space 21824K, 100% used [0x00000000e5560000, 0x00000000e6ab0000, 0x00000000e6ab0000)
  to   space 21824K,   0% used [0x00000000e6ab0000, 0x00000000e6ab0000, 0x00000000e8000000)
 concurrent mark-sweep generation total 393216K, used 9152K [0x00000000e8000000, 0x0000000100000000, 0x0000000100000000)
 Metaspace       used 34098K, capacity 34568K, committed 34736K, reserved 1079296K
  class space    used 3811K, capacity 3960K, committed 4016K, reserved 1048576K
}
2015-12-17T14:29:45.453-0500: 1016,335: Total time for which application threads were stopped: 0,0137535 seconds, Stopping threads took: 0,0000236 seconds
2015-12-17T14:29:45.457-0500: 1016,339: Total time for which application threads were stopped: 0,0031827 seconds, Stopping threads took: 0,0030941 seconds
2015-12-17T14:29:45.457-0500: 1016,339: Total time for which application threads were stopped: 0,0000921 seconds, Stopping threads took: 0,0000417 seconds
2015-12-17T14:29:45.814-0500: 1016,696: Total time for which application threads were stopped: 0,0001668 seconds, Stopping threads took: 0,0000253 seconds
{Heap before GC invocations=14 (full 1):
 par new generation   total 109248K, used 109248K [0x00000000e0000000, 0x00000000e8000000, 0x00000000e8000000)
  eden space 87424K, 100% used [0x00000000e0000000, 0x00000000e5560000, 0x00000000e5560000)
  from space 21824K, 100% used [0x00000000e5560000, 0x00000000e6ab0000, 0x00000000e6ab0000)
  to   space 21824K,   0% used [0x00000000e6ab0000, 0x00000000e6ab0000, 0x00000000e8000000)
 concurrent mark-sweep generation total 393216K, used 9152K [0x00000000e8000000, 0x0000000100000000, 0x0000000100000000)
 Metaspace       used 34605K, capacity 35080K, committed 35248K, reserved 1081344K
  class space    used 3826K, capacity 3960K, committed 4016K, reserved 1048576K
2015-12-17T14:29:46.171-0500: 1017,053: [GC (Allocation Failure) 2015-12-17T14:29:46.171-0500: 1017,053: [ParNew
Desired survivor size 20112992 bytes, new threshold 8 (max 8)
- age   1:    4955576 bytes,    4955576 total
- age   2:    4710240 bytes,    9665816 total
- age   3:      89064 bytes,    9754880 total
- age   4:    1150112 bytes,   10904992 total
- age   5:    6903592 bytes,   17808584 total
- age   6:    1898928 bytes,   19707512 total
- age   7:      86952 bytes,   19794464 total
: 109248K->21824K(109248K), 0,0194763 secs] 118400K->33433K(502464K), 0,0195475 secs] [Times: user=0,06 sys=0,01, real=0,02 secs] 
Heap after GC invocations=15 (full 1):
 par new generation   total 109248K, used 21824K [0x00000000e0000000, 0x00000000e8000000, 0x00000000e8000000)
  eden space 87424K,   0% used [0x00000000e0000000, 0x00000000e0000000, 0x00000000e5560000)
  from space 21824K, 100% used [0x00000000e6ab0000, 0x00000000e8000000, 0x00000000e8000000)
  to   space 21824K,   0% used [0x00000000e5560000, 0x00000000e5560000, 0x00000000e6ab0000)
 concurrent mark-sweep generation total 393216K, used 11609K [0x00000000e8000000, 0x0000000100000000, 0x0000000100000000)
 Metaspace       used 34605K, capacity 35080K, committed 35248K, reserved 1081344K
  class space    used 3826K, capacity 3960K, committed 4016K, reserved 1048576K
}
2015-12-17T14:29:46.190-0500: 1017,072: Total time for which application threads were stopped: 0,0197800 seconds, Stopping threads took: 0,0000275 seconds
2015-12-17T14:29:46.777-0500: 1017,659: Total time for which application threads were stopped: 0,0000978 seconds, Stopping threads took: 0,0000313 seconds
2015-12-17T14:29:46.798-0500: 1017,680: Total time for which application threads were stopped: 0,0000970 seconds, Stopping threads took: 0,0000186 seconds
2015-12-17T14:29:46.798-0500: 1017,680: Total time for which application threads were stopped: 0,0001160 seconds, Stopping threads took: 0,0000756 seconds
2015-12-17T14:29:46.799-0500: 1017,681: Total time for which application threads were stopped: 0,0000414 seconds, Stopping threads took: 0,0000183 seconds
2015-12-17T14:29:46.799-0500: 1017,681: Total time for which application threads were stopped: 0,0000550 seconds, Stopping threads took: 0,0000215 seconds
2015-12-17T14:29:46.799-0500: 1017,681: Total time for which application threads were stopped: 0,0000683 seconds, Stopping threads took: 0,0000294 seconds
2015-12-17T14:29:46.799-0500: 1017,681: Total time for which application threads were stopped: 0,0000345 seconds, Stopping threads took: 0,0000118 seconds
2015-12-17T14:29:48.799-0500: 1019,681: Total time for which application threads were stopped: 0,0000730 seconds, Stopping threads took: 0,0000199 seconds
2015-12-17T14:29:50.799-0500: 1021,681: Total time for which application threads were stopped: 0,0000754 seconds, Stopping threads took: 0,0000207 seconds
2015-12-17T14:29:52.745-0500: 1023,627: Total time for which application threads were stopped: 0,0000841 seconds, Stopping threads took: 0,0000272 seconds
2015-12-17T14:29:53.745-0500: 1024,627: Total time for which application threads were stopped: 0,0001147 seconds, Stopping threads took: 0,0000244 seconds
2015-12-17T14:29:55.353-0500: 1026,235: Total time for which application threads were stopped: 0,0001126 seconds, Stopping threads took: 0,0000509 seconds
2015-12-17T14:29:55.354-0500: 1026,236: Total time for which application threads were stopped: 0,0000579 seconds, Stopping threads took: 0,0000099 seconds
2015-12-17T14:29:55.354-0500: 1026,236: Total time for which application threads were stopped: 0,0000528 seconds, Stopping threads took: 0,0000097 seconds
2015-12-17T14:29:55.358-0500: 1026,240: Total time for which application threads were stopped: 0,0001563 seconds, Stopping threads took: 0,0000737 seconds
2015-12-17T14:29:55.358-0500: 1026,240: Total time for which application threads were stopped: 0,0001497 seconds, Stopping threads took: 0,0000902 seconds
2015-12-17T14:29:55.359-0500: 1026,241: Total time for which application threads were stopped: 0,0001555 seconds, Stopping threads took: 0,0000516 seconds
2015-12-17T14:29:55.546-0500: 1026,428: Total time for which application threads were stopped: 0,0001262 seconds, Stopping threads took: 0,0000512 seconds
2015-12-17T14:29:56.266-0500: 1027,148: Total time for which application threads were stopped: 0,0001698 seconds, Stopping threads took: 0,0000331 seconds
2015-12-17T14:29:57.266-0500: 1028,148: Total time for which application threads were stopped: 0,0000927 seconds, Stopping threads took: 0,0000239 seconds
2015-12-17T14:30:02.267-0500: 1033,149: Total time for which application threads were stopped: 0,0000707 seconds, Stopping threads took: 0,0000187 seconds
2015-12-17T14:30:11.268-0500: 1042,150: Total time for which application threads were stopped: 0,0001817 seconds, Stopping threads took: 0,0000414 seconds
2015-12-17T14:30:32.270-0500: 1063,152: Total time for which application threads were stopped: 0,0001181 seconds, Stopping threads took: 0,0000406 seconds
2015-12-17T14:30:37.749-0500: 1068,631: Total time for which application threads were stopped: 0,0000889 seconds, Stopping threads took: 0,0000299 seconds
2015-12-17T14:31:19.752-0500: 1110,634: Total time for which application threads were stopped: 0,0000994 seconds, Stopping threads took: 0,0000377 seconds
2015-12-17T14:31:22.753-0500: 1113,635: Total time for which application threads were stopped: 0,0001214 seconds, Stopping threads took: 0,0000317 seconds
2015-12-17T14:31:37.754-0500: 1128,636: Total time for which application threads were stopped: 0,0001212 seconds, Stopping threads took: 0,0000438 seconds
2015-12-17T14:32:03.991-0500: 1154,873: Total time for which application threads were stopped: 0,0001001 seconds, Stopping threads took: 0,0000393 seconds
2015-12-17T14:32:04.686-0500: 1155,568: Total time for which application threads were stopped: 0,0001069 seconds, Stopping threads took: 0,0000327 seconds
2015-12-17T14:32:04.689-0500: 1155,571: Total time for which application threads were stopped: 0,0007149 seconds, Stopping threads took: 0,0006287 seconds
2015-12-17T14:32:04.693-0500: 1155,575: Total time for which application threads were stopped: 0,0001094 seconds, Stopping threads took: 0,0000240 seconds
2015-12-17T14:32:04.785-0500: 1155,667: Total time for which application threads were stopped: 0,0000972 seconds, Stopping threads took: 0,0000211 seconds
2015-12-17T14:32:05.205-0500: 1156,087: Total time for which application threads were stopped: 0,0001064 seconds, Stopping threads took: 0,0000344 seconds
2015-12-17T14:32:06.205-0500: 1157,087: Total time for which application threads were stopped: 0,0000830 seconds, Stopping threads took: 0,0000210 seconds
2015-12-17T14:32:41.209-0500: 1192,091: Total time for which application threads were stopped: 0,0001171 seconds, Stopping threads took: 0,0000431 seconds
2015-12-17T14:32:44.209-0500: 1195,091: Total time for which application threads were stopped: 0,0001129 seconds, Stopping threads took: 0,0000289 seconds
2015-12-17T14:32:47.210-0500: 1198,092: Total time for which application threads were stopped: 0,0001591 seconds, Stopping threads took: 0,0000407 seconds
2015-12-17T14:32:50.210-0500: 1201,092: Total time for which application threads were stopped: 0,0001004 seconds, Stopping threads took: 0,0000263 seconds
2015-12-17T14:32:53.210-0500: 1204,092: Total time for which application threads were stopped: 0,0001763 seconds, Stopping threads took: 0,0000460 seconds
2015-12-17T14:32:56.211-0500: 1207,093: Total time for which application threads were stopped: 0,0002019 seconds, Stopping threads took: 0,0000699 seconds
2015-12-17T14:32:59.211-0500: 1210,093: Total time for which application threads were stopped: 0,0001759 seconds, Stopping threads took: 0,0000449 seconds
2015-12-17T14:33:02.212-0500: 1213,094: Total time for which application threads were stopped: 0,0000783 seconds, Stopping threads took: 0,0000211 seconds
2015-12-17T14:33:05.212-0500: 1216,094: Total time for which application threads were stopped: 0,0001976 seconds, Stopping threads took: 0,0000446 seconds
2015-12-17T14:33:22.308-0500: 1233,190: Total time for which application threads were stopped: 0,0001037 seconds, Stopping threads took: 0,0000444 seconds
2015-12-17T14:33:23.007-0500: 1233,889: Total time for which application threads were stopped: 0,0001070 seconds, Stopping threads took: 0,0000226 seconds
2015-12-17T14:33:23.133-0500: 1234,015: Total time for which application threads were stopped: 0,0001074 seconds, Stopping threads took: 0,0000176 seconds
2015-12-17T14:33:26.133-0500: 1237,015: Total time for which application threads were stopped: 0,0001285 seconds, Stopping threads took: 0,0000328 seconds
2015-12-17T14:33:41.134-0500: 1252,016: Total time for which application threads were stopped: 0,0000799 seconds, Stopping threads took: 0,0000216 seconds
2015-12-17T14:33:52.135-0500: 1263,017: Total time for which application threads were stopped: 0,0001166 seconds, Stopping threads took: 0,0000417 seconds
2015-12-17T14:34:38.140-0500: 1309,022: Total time for which application threads were stopped: 0,0000925 seconds, Stopping threads took: 0,0000318 seconds
2015-12-17T14:34:41.140-0500: 1312,022: Total time for which application threads were stopped: 0,0001766 seconds, Stopping threads took: 0,0000448 seconds
2015-12-17T14:34:50.141-0500: 1321,023: Total time for which application threads were stopped: 0,0001130 seconds, Stopping threads took: 0,0000388 seconds
2015-12-17T14:34:59.142-0500: 1330,024: Total time for which application threads were stopped: 0,0002091 seconds, Stopping threads took: 0,0000707 seconds
2015-12-17T14:35:02.142-0500: 1333,024: Total time for which application threads were stopped: 0,0000833 seconds, Stopping threads took: 0,0000219 seconds
2015-12-17T14:35:14.144-0500: 1345,026: Total time for which application threads were stopped: 0,0000848 seconds, Stopping threads took: 0,0000206 seconds
2015-12-17T14:36:05.148-0500: 1396,030: Total time for which application threads were stopped: 0,0000860 seconds, Stopping threads took: 0,0000311 seconds
2015-12-17T14:36:20.150-0500: 1411,032: Total time for which application threads were stopped: 0,0000770 seconds, Stopping threads took: 0,0000195 seconds
2015-12-17T14:36:35.151-0500: 1426,033: Total time for which application threads were stopped: 0,0001313 seconds, Stopping threads took: 0,0000471 seconds
2015-12-17T14:37:45.491-0500: 1496,373: Total time for which application threads were stopped: 0,0001173 seconds, Stopping threads took: 0,0000415 seconds
2015-12-17T14:37:46.440-0500: 1497,322: Total time for which application threads were stopped: 0,0001003 seconds, Stopping threads took: 0,0000218 seconds
2015-12-17T14:37:46.441-0500: 1497,323: Total time for which application threads were stopped: 0,0000474 seconds, Stopping threads took: 0,0000087 seconds
2015-12-17T14:37:46.442-0500: 1497,324: Total time for which application threads were stopped: 0,0000828 seconds, Stopping threads took: 0,0000269 seconds
2015-12-17T14:37:47.442-0500: 1498,324: Total time for which application threads were stopped: 0,0004000 seconds, Stopping threads took: 0,0001178 seconds
2015-12-17T14:37:56.443-0500: 1507,325: Total time for which application threads were stopped: 0,0000759 seconds, Stopping threads took: 0,0000201 seconds
2015-12-17T14:38:14.445-0500: 1525,327: Total time for which application threads were stopped: 0,0001797 seconds, Stopping threads took: 0,0000628 seconds
2015-12-17T14:38:17.445-0500: 1528,327: Total time for which application threads were stopped: 0,0001449 seconds, Stopping threads took: 0,0000363 seconds
2015-12-17T14:38:20.446-0500: 1531,328: Total time for which application threads were stopped: 0,0000725 seconds, Stopping threads took: 0,0000189 seconds
2015-12-17T14:38:26.447-0500: 1537,329: Total time for which application threads were stopped: 0,0001605 seconds, Stopping threads took: 0,0000403 seconds
2015-12-17T14:38:32.447-0500: 1543,330: Total time for which application threads were stopped: 0,0001990 seconds, Stopping threads took: 0,0000693 seconds
2015-12-17T14:38:41.449-0500: 1552,331: Total time for which application threads were stopped: 0,0001967 seconds, Stopping threads took: 0,0000647 seconds
2015-12-17T14:38:47.449-0500: 1558,331: Total time for which application threads were stopped: 0,0001786 seconds, Stopping threads took: 0,0000439 seconds
2015-12-17T14:38:56.450-0500: 1567,333: Total time for which application threads were stopped: 0,0001789 seconds, Stopping threads took: 0,0000452 seconds
2015-12-17T14:39:11.452-0500: 1582,334: Total time for which application threads were stopped: 0,0001426 seconds, Stopping threads took: 0,0000478 seconds
2015-12-17T14:39:38.455-0500: 1609,337: Total time for which application threads were stopped: 0,0000913 seconds, Stopping threads took: 0,0000328 seconds
2015-12-17T14:40:03.474-0500: 1634,356: Total time for which application threads were stopped: 0,0000732 seconds, Stopping threads took: 0,0000194 seconds
2015-12-17T14:40:20.475-0500: 1651,357: Total time for which application threads were stopped: 0,0000905 seconds, Stopping threads took: 0,0000338 seconds
2015-12-17T14:41:05.479-0500: 1696,361: Total time for which application threads were stopped: 0,0001110 seconds, Stopping threads took: 0,0000397 seconds
2015-12-17T14:41:08.479-0500: 1699,361: Total time for which application threads were stopped: 0,0000770 seconds, Stopping threads took: 0,0000191 seconds
2015-12-17T14:41:11.480-0500: 1702,362: Total time for which application threads were stopped: 0,0000881 seconds, Stopping threads took: 0,0000191 seconds
2015-12-17T14:41:17.480-0500: 1708,362: Total time for which application threads were stopped: 0,0000772 seconds, Stopping threads took: 0,0000202 seconds
2015-12-17T14:41:52.484-0500: 1743,366: Total time for which application threads were stopped: 0,0000822 seconds, Stopping threads took: 0,0000304 seconds
2015-12-17T14:42:11.486-0500: 1762,368: Total time for which application threads were stopped: 0,0000740 seconds, Stopping threads took: 0,0000203 seconds
2015-12-17T14:42:14.486-0500: 1765,368: Total time for which application threads were stopped: 0,0001503 seconds, Stopping threads took: 0,0000376 seconds
2015-12-17T14:42:20.487-0500: 1771,369: Total time for which application threads were stopped: 0,0000915 seconds, Stopping threads took: 0,0000336 seconds
2015-12-17T14:42:26.487-0500: 1777,369: Total time for which application threads were stopped: 0,0000748 seconds, Stopping threads took: 0,0000205 seconds
2015-12-17T14:42:35.488-0500: 1786,370: Total time for which application threads were stopped: 0,0000917 seconds, Stopping threads took: 0,0000345 seconds
2015-12-17T14:43:32.096-0500: 1842,978: Total time for which application threads were stopped: 0,0000946 seconds, Stopping threads took: 0,0000259 seconds
2015-12-17T14:43:33.096-0500: 1843,978: Total time for which application threads were stopped: 0,0000843 seconds, Stopping threads took: 0,0000215 seconds
2015-12-17T14:43:34.096-0500: 1844,978: Total time for which application threads were stopped: 0,0000882 seconds, Stopping threads took: 0,0000209 seconds
2015-12-17T14:43:35.133-0500: 1846,015: Total time for which application threads were stopped: 0,0001067 seconds, Stopping threads took: 0,0000297 seconds
2015-12-17T14:43:36.133-0500: 1847,015: Total time for which application threads were stopped: 0,0000812 seconds, Stopping threads took: 0,0000193 seconds
2015-12-17T14:43:36.534-0500: 1847,416: Total time for which application threads were stopped: 0,0001392 seconds, Stopping threads took: 0,0000273 seconds
2015-12-17T14:43:37.534-0500: 1848,416: Total time for which application threads were stopped: 0,0000756 seconds, Stopping threads took: 0,0000189 seconds
2015-12-17T14:43:38.279-0500: 1849,161: Total time for which application threads were stopped: 0,0001148 seconds, Stopping threads took: 0,0000272 seconds
2015-12-17T14:43:39.279-0500: 1850,161: Total time for which application threads were stopped: 0,0000833 seconds, Stopping threads took: 0,0000207 seconds
2015-12-17T14:43:43.753-0500: 1854,635: Total time for which application threads were stopped: 0,0001036 seconds, Stopping threads took: 0,0000253 seconds
2015-12-17T14:43:44.753-0500: 1855,635: Total time for which application threads were stopped: 0,0000837 seconds, Stopping threads took: 0,0000196 seconds
2015-12-17T14:43:45.864-0500: 1856,746: Total time for which application threads were stopped: 0,0000973 seconds, Stopping threads took: 0,0000285 seconds
2015-12-17T14:43:46.864-0500: 1857,746: Total time for which application threads were stopped: 0,0000774 seconds, Stopping threads took: 0,0000210 seconds
2015-12-17T14:43:59.435-0500: 1870,317: Total time for which application threads were stopped: 0,0001905 seconds, Stopping threads took: 0,0000304 seconds
2015-12-17T14:44:00.349-0500: 1871,258: Total time for which application threads were stopped: 0,0276212 seconds, Stopping threads took: 0,0000502 seconds
2015-12-17T14:44:00.508-0500: 1871,390: Total time for which application threads were stopped: 0,0001025 seconds, Stopping threads took: 0,0000178 seconds
2015-12-17T14:44:01.508-0500: 1872,390: Total time for which application threads were stopped: 0,0001215 seconds, Stopping threads took: 0,0000330 seconds
2015-12-17T14:44:12.509-0500: 1883,391: Total time for which application threads were stopped: 0,0000974 seconds, Stopping threads took: 0,0000412 seconds
2015-12-17T14:44:13.509-0500: 1884,391: Total time for which application threads were stopped: 0,0000793 seconds, Stopping threads took: 0,0000205 seconds
2015-12-17T14:44:15.780-0500: 1886,662: Total time for which application threads were stopped: 0,0039638 seconds, Stopping threads took: 0,0035748 seconds
2015-12-17T14:44:15.813-0500: 1886,695: Total time for which application threads were stopped: 0,0002129 seconds, Stopping threads took: 0,0000300 seconds
2015-12-17T14:44:16.813-0500: 1887,695: Total time for which application threads were stopped: 0,0000705 seconds, Stopping threads took: 0,0000189 seconds
2015-12-17T14:44:17.071-0500: 1887,953: Total time for which application threads were stopped: 0,0008649 seconds, Stopping threads took: 0,0000251 seconds
2015-12-17T14:44:18.071-0500: 1888,953: Total time for which application threads were stopped: 0,0000757 seconds, Stopping threads took: 0,0000201 seconds
2015-12-17T14:44:23.072-0500: 1893,954: Total time for which application threads were stopped: 0,0000870 seconds, Stopping threads took: 0,0000211 seconds
2015-12-17T14:44:25.072-0500: 1895,954: Total time for which application threads were stopped: 0,0000864 seconds, Stopping threads took: 0,0000195 seconds
2015-12-17T14:44:26.072-0500: 1896,954: Total time for which application threads were stopped: 0,0000777 seconds, Stopping threads took: 0,0000195 seconds
2015-12-17T14:44:29.073-0500: 1899,955: Total time for which application threads were stopped: 0,0000764 seconds, Stopping threads took: 0,0000207 seconds
2015-12-17T14:45:13.077-0500: 1943,959: Total time for which application threads were stopped: 0,0000903 seconds, Stopping threads took: 0,0000263 seconds
2015-12-17T14:47:03.259-0500: 2054,141: Total time for which application threads were stopped: 0,0475842 seconds, Stopping threads took: 0,0475064 seconds
2015-12-17T14:47:03.421-0500: 2054,303: Total time for which application threads were stopped: 0,0000915 seconds, Stopping threads took: 0,0000198 seconds
2015-12-17T14:47:03.486-0500: 2054,368: Total time for which application threads were stopped: 0,0001671 seconds, Stopping threads took: 0,0000899 seconds
2015-12-17T14:47:03.486-0500: 2054,368: Total time for which application threads were stopped: 0,0000858 seconds, Stopping threads took: 0,0000210 seconds
2015-12-17T14:47:04.487-0500: 2055,369: Total time for which application threads were stopped: 0,0000910 seconds, Stopping threads took: 0,0000226 seconds
2015-12-17T14:47:05.527-0500: 2056,409: Total time for which application threads were stopped: 0,0001081 seconds, Stopping threads took: 0,0000317 seconds
2015-12-17T14:47:06.528-0500: 2057,410: Total time for which application threads were stopped: 0,0002089 seconds, Stopping threads took: 0,0000459 seconds
2015-12-17T14:47:58.532-0500: 2109,414: Total time for which application threads were stopped: 0,0001071 seconds, Stopping threads took: 0,0000385 seconds
2015-12-17T14:48:00.532-0500: 2111,414: Total time for which application threads were stopped: 0,0000748 seconds, Stopping threads took: 0,0000202 seconds
2015-12-17T14:48:04.533-0500: 2115,415: Total time for which application threads were stopped: 0,0001033 seconds, Stopping threads took: 0,0000266 seconds
2015-12-17T14:48:34.536-0500: 2145,418: Total time for which application threads were stopped: 0,0000878 seconds, Stopping threads took: 0,0000319 seconds
2015-12-17T14:50:44.546-0500: 2275,428: Total time for which application threads we