Java HotSpot(TM) 64-Bit Server VM (25.77-b03) for linux-amd64 JRE (1.8.0_77-b03), built on Mar 20 2016 22:00:46 by "java_re" with gcc 4.3.0 20080428 (Red Hat 4.3.0-8)
Memory: 4k page, physical 8073748k(1462232k free), swap 8286204k(8286204k free)
CommandLine flags: -XX:CMSInitiatingOccupancyFraction=50 -XX:CMSMaxAbortablePrecleanTime=6000 -XX:+CMSParallelRemarkEnabled -XX:+CMSScavengeBeforeRemark -XX:ConcGCThreads=4 -XX:InitialHeapSize=536870912 -XX:MaxHeapSize=536870912 -XX:MaxTenuringThreshold=8 -XX:NewRatio=3 -XX:OldPLABSize=16 -XX:ParallelGCThreads=4 -XX:+ParallelRefProcEnabled -XX:PretenureSizeThreshold=67108864 -XX:+PrintGC -XX:+PrintGCApplicationStoppedTime -XX:+PrintGCDateStamps -XX:+PrintGCDetails -XX:+PrintGCTimeStamps -XX:+PrintHeapAtGC -XX:+PrintTenuringDistribution -XX:SurvivorRatio=4 -XX:TargetSurvivorRatio=90 -XX:ThreadStackSize=256 -XX:+UseCMSInitiatingOccupancyOnly -XX:+UseCompressedClassPointers -XX:+UseCompressedOops -XX:+UseConcMarkSweepGC -XX:+UseParNewGC 
2016-06-08T18:00:42.071-0500: 0,194: Total time for which application threads were stopped: 0,0001165 seconds, Stopping threads took: 0,0000126 seconds
2016-06-08T18:00:42.125-0500: 0,247: Total time for which application threads were stopped: 0,0001083 seconds, Stopping threads took: 0,0000164 seconds
2016-06-08T18:00:42.180-0500: 0,303: Total time for which application threads were stopped: 0,0001040 seconds, Stopping threads took: 0,0000141 seconds
2016-06-08T18:00:42.212-0500: 0,334: Total time for which application threads were stopped: 0,0001457 seconds, Stopping threads took: 0,0000176 seconds
2016-06-08T18:00:42.221-0500: 0,343: Total time for which application threads were stopped: 0,0001519 seconds, Stopping threads took: 0,0000269 seconds
2016-06-08T18:00:42.228-0500: 0,350: Total time for which application threads were stopped: 0,0001882 seconds, Stopping threads took: 0,0000734 seconds
{Heap before GC invocations=0 (full 0):
 par new generation   total 109248K, used 87424K [0x00000000e0000000, 0x00000000e8000000, 0x00000000e8000000)
  eden space 87424K, 100% used [0x00000000e0000000, 0x00000000e5560000, 0x00000000e5560000)
  from space 21824K,   0% used [0x00000000e5560000, 0x00000000e5560000, 0x00000000e6ab0000)
  to   space 21824K,   0% used [0x00000000e6ab0000, 0x00000000e6ab0000, 0x00000000e8000000)
 concurrent mark-sweep generation total 393216K, used 0K [0x00000000e8000000, 0x0000000100000000, 0x0000000100000000)
 Metaspace       used 10048K, capacity 10248K, committed 10496K, reserved 1058816K
  class space    used 1153K, capacity 1180K, committed 1280K, reserved 1048576K
2016-06-08T18:00:42.358-0500: 0,480: [GC (Allocation Failure) 2016-06-08T18:00:42.358-0500: 0,480: [ParNew
Desired survivor size 20112992 bytes, new threshold 8 (max 8)
- age   1:    5732136 bytes,    5732136 total
: 87424K->5665K(109248K), 0,0101380 secs] 87424K->5665K(502464K), 0,0102121 secs] [Times: user=0,04 sys=0,00, real=0,02 secs] 
Heap after GC invocations=1 (full 0):
 par new generation   total 109248K, used 5665K [0x00000000e0000000, 0x00000000e8000000, 0x00000000e8000000)
  eden space 87424K,   0% used [0x00000000e0000000, 0x00000000e0000000, 0x00000000e5560000)
  from space 21824K,  25% used [0x00000000e6ab0000, 0x00000000e7038490, 0x00000000e8000000)
  to   space 21824K,   0% used [0x00000000e5560000, 0x00000000e5560000, 0x00000000e6ab0000)
 concurrent mark-sweep generation total 393216K, used 0K [0x00000000e8000000, 0x0000000100000000, 0x0000000100000000)
 Metaspace       used 10048K, capacity 10248K, committed 10496K, reserved 1058816K
  class space    used 1153K, capacity 1180K, committed 1280K, reserved 1048576K
}
2016-06-08T18:00:42.368-0500: 0,490: Total time for which application threads were stopped: 0,0103729 seconds, Stopping threads took: 0,0000196 seconds
2016-06-08T18:00:42.411-0500: 0,533: Total time for which application threads were stopped: 0,0001506 seconds, Stopping threads took: 0,0000169 seconds
2016-06-08T18:00:42.597-0500: 0,720: Total time for which application threads were stopped: 0,0002078 seconds, Stopping threads took: 0,0000189 seconds
2016-06-08T18:00:42.598-0500: 0,720: Total time for which application threads were stopped: 0,0000896 seconds, Stopping threads took: 0,0000199 seconds
2016-06-08T18:00:42.601-0500: 0,723: Total time for which application threads were stopped: 0,0001188 seconds, Stopping threads took: 0,0000220 seconds
2016-06-08T18:00:42.845-0500: 0,967: Total time for which application threads were stopped: 0,0002670 seconds, Stopping threads took: 0,0000503 seconds
{Heap before GC invocations=1 (full 0):
 par new generation   total 109248K, used 93089K [0x00000000e0000000, 0x00000000e8000000, 0x00000000e8000000)
  eden space 87424K, 100% used [0x00000000e0000000, 0x00000000e5560000, 0x00000000e5560000)
  from space 21824K,  25% used [0x00000000e6ab0000, 0x00000000e7038490, 0x00000000e8000000)
  to   space 21824K,   0% used [0x00000000e5560000, 0x00000000e5560000, 0x00000000e6ab0000)
 concurrent mark-sweep generation total 393216K, used 0K [0x00000000e8000000, 0x0000000100000000, 0x0000000100000000)
 Metaspace       used 19422K, capacity 19724K, committed 19840K, reserved 1067008K
  class space    used 2294K, capacity 2420K, committed 2432K, reserved 1048576K
2016-06-08T18:00:43.007-0500: 1,129: [GC (Allocation Failure) 2016-06-08T18:00:43.007-0500: 1,129: [ParNew
Desired survivor size 20112992 bytes, new threshold 8 (max 8)
- age   1:    8232576 bytes,    8232576 total
- age   2:    2503824 bytes,   10736400 total
: 93089K->12157K(109248K), 0,0091938 secs] 93089K->12157K(502464K), 0,0092813 secs] [Times: user=0,02 sys=0,01, real=0,01 secs] 
Heap after GC invocations=2 (full 0):
 par new generation   total 109248K, used 12157K [0x00000000e0000000, 0x00000000e8000000, 0x00000000e8000000)
  eden space 87424K,   0% used [0x00000000e0000000, 0x00000000e0000000, 0x00000000e5560000)
  from space 21824K,  55% used [0x00000000e5560000, 0x00000000e613f4f0, 0x00000000e6ab0000)
  to   space 21824K,   0% used [0x00000000e6ab0000, 0x00000000e6ab0000, 0x00000000e8000000)
 concurrent mark-sweep generation total 393216K, used 0K [0x00000000e8000000, 0x0000000100000000, 0x0000000100000000)
 Metaspace       used 19422K, capacity 19724K, committed 19840K, reserved 1067008K
  class space    used 2294K, capacity 2420K, committed 2432K, reserved 1048576K
}
2016-06-08T18:00:43.016-0500: 1,139: Total time for which application threads were stopped: 0,0094801 seconds, Stopping threads took: 0,0000219 seconds
2016-06-08T18:00:43.031-0500: 1,153: Total time for which application threads were stopped: 0,0002826 seconds, Stopping threads took: 0,0000329 seconds
2016-06-08T18:00:43.049-0500: 1,171: Total time for which application threads were stopped: 0,0003041 seconds, Stopping threads took: 0,0000326 seconds
2016-06-08T18:00:43.063-0500: 1,185: Total time for which application threads were stopped: 0,0002709 seconds, Stopping threads took: 0,0000224 seconds
{Heap before GC invocations=2 (full 0):
 par new generation   total 109248K, used 99581K [0x00000000e0000000, 0x00000000e8000000, 0x00000000e8000000)
  eden space 87424K, 100% used [0x00000000e0000000, 0x00000000e5560000, 0x00000000e5560000)
  from space 21824K,  55% used [0x00000000e5560000, 0x00000000e613f4f0, 0x00000000e6ab0000)
  to   space 21824K,   0% used [0x00000000e6ab0000, 0x00000000e6ab0000, 0x00000000e8000000)
 concurrent mark-sweep generation total 393216K, used 0K [0x00000000e8000000, 0x0000000100000000, 0x0000000100000000)
 Metaspace       used 20774K, capacity 21106K, committed 21296K, reserved 1069056K
  class space    used 2448K, capacity 2581K, committed 2608K, reserved 1048576K
2016-06-08T18:00:43.207-0500: 1,329: [GC (Allocation Failure) 2016-06-08T18:00:43.207-0500: 1,329: [ParNew
Desired survivor size 20112992 bytes, new threshold 8 (max 8)
- age   1:    2051520 bytes,    2051520 total
- age   2:    3042424 bytes,    5093944 total
- age   3:    2494952 bytes,    7588896 total
: 99581K->10998K(109248K), 0,0056303 secs] 99581K->10998K(502464K), 0,0056858 secs] [Times: user=0,02 sys=0,00, real=0,01 secs] 
Heap after GC invocations=3 (full 0):
 par new generation   total 109248K, used 10998K [0x00000000e0000000, 0x00000000e8000000, 0x00000000e8000000)
  eden space 87424K,   0% used [0x00000000e0000000, 0x00000000e0000000, 0x00000000e5560000)
  from space 21824K,  50% used [0x00000000e6ab0000, 0x00000000e756d880, 0x00000000e8000000)
  to   space 21824K,   0% used [0x00000000e5560000, 0x00000000e5560000, 0x00000000e6ab0000)
 concurrent mark-sweep generation total 393216K, used 0K [0x00000000e8000000, 0x0000000100000000, 0x0000000100000000)
 Metaspace       used 20774K, capacity 21106K, committed 21296K, reserved 1069056K
  class space    used 2448K, capacity 2581K, committed 2608K, reserved 1048576K
}
2016-06-08T18:00:43.213-0500: 1,335: Total time for which application threads were stopped: 0,0058736 seconds, Stopping threads took: 0,0000191 seconds
2016-06-08T18:00:43.219-0500: 1,342: Total time for which application threads were stopped: 0,0000904 seconds, Stopping threads took: 0,0000222 seconds
2016-06-08T18:00:43.229-0500: 1,351: Total time for which application threads were stopped: 0,0000943 seconds, Stopping threads took: 0,0000296 seconds
2016-06-08T18:00:43.326-0500: 1,448: Total time for which application threads were stopped: 0,0001057 seconds, Stopping threads took: 0,0000266 seconds
{Heap before GC invocations=3 (full 0):
 par new generation   total 109248K, used 98422K [0x00000000e0000000, 0x00000000e8000000, 0x00000000e8000000)
  eden space 87424K, 100% used [0x00000000e0000000, 0x00000000e5560000, 0x00000000e5560000)
  from space 21824K,  50% used [0x00000000e6ab0000, 0x00000000e756d880, 0x00000000e8000000)
  to   space 21824K,   0% used [0x00000000e5560000, 0x00000000e5560000, 0x00000000e6ab0000)
 concurrent mark-sweep generation total 393216K, used 0K [0x00000000e8000000, 0x0000000100000000, 0x0000000100000000)
 Metaspace       used 21616K, capacity 21996K, committed 22216K, reserved 1069056K
  class space    used 2561K, capacity 2682K, committed 2684K, reserved 1048576K
2016-06-08T18:00:43.343-0500: 1,465: [GC (Allocation Failure) 2016-06-08T18:00:43.343-0500: 1,465: [ParNew
Desired survivor size 20112992 bytes, new threshold 8 (max 8)
- age   1:     768904 bytes,     768904 total
- age   2:    1053784 bytes,    1822688 total
- age   3:    3027712 bytes,    4850400 total
- age   4:    2494408 bytes,    7344808 total
: 98422K->11201K(109248K), 0,0086901 secs] 98422K->11201K(502464K), 0,0087528 secs] [Times: user=0,02 sys=0,00, real=0,01 secs] 
Heap after GC invocations=4 (full 0):
 par new generation   total 109248K, used 11201K [0x00000000e0000000, 0x00000000e8000000, 0x00000000e8000000)
  eden space 87424K,   0% used [0x00000000e0000000, 0x00000000e0000000, 0x00000000e5560000)
  from space 21824K,  51% used [0x00000000e5560000, 0x00000000e6050710, 0x00000000e6ab0000)
  to   space 21824K,   0% used [0x00000000e6ab0000, 0x00000000e6ab0000, 0x00000000e8000000)
 concurrent mark-sweep generation total 393216K, used 0K [0x00000000e8000000, 0x0000000100000000, 0x0000000100000000)
 Metaspace       used 21616K, capacity 21996K, committed 22216K, reserved 1069056K
  class space    used 2561K, capacity 2682K, committed 2684K, reserved 1048576K
}
2016-06-08T18:00:43.352-0500: 1,474: Total time for which application threads were stopped: 0,0089031 seconds, Stopping threads took: 0,0000305 seconds
2016-06-08T18:00:43.356-0500: 1,478: [GC (CMS Initial Mark) [1 CMS-initial-mark: 0K(393216K)] 12436K(502464K), 0,0019634 secs] [Times: user=0,00 sys=0,00, real=0,00 secs] 
2016-06-08T18:00:43.358-0500: 1,480: Total time for which application threads were stopped: 0,0020706 seconds, Stopping threads took: 0,0000367 seconds
2016-06-08T18:00:43.358-0500: 1,480: [CMS-concurrent-mark-start]
2016-06-08T18:00:43.358-0500: 1,480: [CMS-concurrent-mark: 0,000/0,000 secs] [Times: user=0,00 sys=0,00, real=0,00 secs] 
2016-06-08T18:00:43.358-0500: 1,480: [CMS-concurrent-preclean-start]
2016-06-08T18:00:43.359-0500: 1,481: [CMS-concurrent-preclean: 0,001/0,001 secs] [Times: user=0,01 sys=0,00, real=0,00 secs] 
2016-06-08T18:00:43.359-0500: 1,481: [GC (CMS Final Remark) [YG occupancy: 12436 K (109248 K)]{Heap before GC invocations=4 (full 1):
 par new generation   total 109248K, used 12436K [0x00000000e0000000, 0x00000000e8000000, 0x00000000e8000000)
  eden space 87424K,   1% used [0x00000000e0000000, 0x00000000e0134c58, 0x00000000e5560000)
  from space 21824K,  51% used [0x00000000e5560000, 0x00000000e6050710, 0x00000000e6ab0000)
  to   space 21824K,   0% used [0x00000000e6ab0000, 0x00000000e6ab0000, 0x00000000e8000000)
 concurrent mark-sweep generation total 393216K, used 0K [0x00000000e8000000, 0x0000000100000000, 0x0000000100000000)
 Metaspace       used 21616K, capacity 21996K, committed 22216K, reserved 1069056K
  class space    used 2561K, capacity 2682K, committed 2684K, reserved 1048576K
2016-06-08T18:00:43.359-0500: 1,481: [GC (CMS Final Remark) 2016-06-08T18:00:43.359-0500: 1,481: [ParNew
Desired survivor size 20112992 bytes, new threshold 8 (max 8)
- age   1:     266992 bytes,     266992 total
- age   2:     165696 bytes,     432688 total
- age   3:    1053936 bytes,    1486624 total
- age   4:    3027712 bytes,    4514336 total
- age   5:    2494384 bytes,    7008720 total
: 12436K->8353K(109248K), 0,0055686 secs] 12436K->8353K(502464K), 0,0056143 secs] [Times: user=0,01 sys=0,00, real=0,01 secs] 
Heap after GC invocations=5 (full 1):
 par new generation   total 109248K, used 8353K [0x00000000e0000000, 0x00000000e8000000, 0x00000000e8000000)
  eden space 87424K,   0% used [0x00000000e0000000, 0x00000000e0000000, 0x00000000e5560000)
  from space 21824K,  38% used [0x00000000e6ab0000, 0x00000000e72d8798, 0x00000000e8000000)
  to   space 21824K,   0% used [0x00000000e5560000, 0x00000000e5560000, 0x00000000e6ab0000)
 concurrent mark-sweep generation total 393216K, used 0K [0x00000000e8000000, 0x0000000100000000, 0x0000000100000000)
 Metaspace       used 21616K, capacity 21996K, committed 22216K, reserved 1069056K
  class space    used 2561K, capacity 2682K, committed 2684K, reserved 1048576K
}
2016-06-08T18:00:43.364-0500: 1,487: [Rescan (parallel) , 0,0016139 secs]2016-06-08T18:00:43.366-0500: 1,488: [weak refs processing, 0,0003944 secs]2016-06-08T18:00:43.366-0500: 1,489: [class unloading, 0,0025077 secs]2016-06-08T18:00:43.369-0500: 1,491: [scrub symbol table, 0,0023636 secs]2016-06-08T18:00:43.371-0500: 1,494: [scrub string table, 0,0003679 secs][1 CMS-remark: 0K(393216K)] 8353K(502464K), 0,0134702 secs] [Times: user=0,02 sys=0,01, real=0,02 secs] 
2016-06-08T18:00:43.372-0500: 1,495: Total time for which application threads were stopped: 0,0135608 seconds, Stopping threads took: 0,0000305 seconds
2016-06-08T18:00:43.372-0500: 1,495: [CMS-concurrent-sweep-start]
2016-06-08T18:00:43.372-0500: 1,495: [CMS-concurrent-sweep: 0,000/0,000 secs] [Times: user=0,00 sys=0,00, real=0,00 secs] 
2016-06-08T18:00:43.372-0500: 1,495: [CMS-concurrent-reset-start]
2016-06-08T18:00:43.373-0500: 1,496: [CMS-concurrent-reset: 0,001/0,001 secs] [Times: user=0,00 sys=0,00, real=0,00 secs] 
2016-06-08T18:00:43.405-0500: 1,527: Total time for which application threads were stopped: 0,0002933 seconds, Stopping threads took: 0,0000210 seconds
2016-06-08T18:00:43.443-0500: 1,566: Total time for which application threads were stopped: 0,0003332 seconds, Stopping threads took: 0,0000406 seconds
2016-06-08T18:00:43.519-0500: 1,641: Total time for which application threads were stopped: 0,0003312 seconds, Stopping threads took: 0,0000222 seconds
2016-06-08T18:00:43.527-0500: 1,649: Total time for which application threads were stopped: 0,0002868 seconds, Stopping threads took: 0,0000209 seconds
2016-06-08T18:00:43.730-0500: 1,852: Total time for which application threads were stopped: 0,0003199 seconds, Stopping threads took: 0,0000159 seconds
2016-06-08T18:00:44.730-0500: 2,853: Total time for which application threads were stopped: 0,0001645 seconds, Stopping threads took: 0,0000297 seconds
2016-06-08T18:00:45.927-0500: 4,049: Total time for which application threads were stopped: 0,0002697 seconds, Stopping threads took: 0,0000190 seconds
2016-06-08T18:00:47.927-0500: 6,049: Total time for which application threads were stopped: 0,0001192 seconds, Stopping threads took: 0,0000342 seconds
2016-06-08T18:01:12.930-0500: 31,052: Total time for which application threads were stopped: 0,0001615 seconds, Stopping threads took: 0,0000446 seconds
2016-06-08T18:01:27.465-0500: 45,587: Total time for which application threads were stopped: 0,0000699 seconds, Stopping threads took: 0,0000266 seconds
2016-06-08T18:01:27.467-0500: 45,590: Total time for which application threads were stopped: 0,0000570 seconds, Stopping threads took: 0,0000193 seconds
2016-06-08T18:01:27.483-0500: 45,605: Total time for which application threads were stopped: 0,0002983 seconds, Stopping threads took: 0,0000269 seconds
2016-06-08T18:01:27.491-0500: 45,613: Total time for which application threads were stopped: 0,0000708 seconds, Stopping threads took: 0,0000251 seconds
{Heap before GC invocations=5 (full 1):
 par new generation   total 109248K, used 95777K [0x00000000e0000000, 0x00000000e8000000, 0x00000000e8000000)
  eden space 87424K, 100% used [0x00000000e0000000, 0x00000000e5560000, 0x00000000e5560000)
  from space 21824K,  38% used [0x00000000e6ab0000, 0x00000000e72d8798, 0x00000000e8000000)
  to   space 21824K,   0% used [0x00000000e5560000, 0x00000000e5560000, 0x00000000e6ab0000)
 concurrent mark-sweep generation total 393216K, used 0K [0x00000000e8000000, 0x0000000100000000, 0x0000000100000000)
 Metaspace       used 28008K, capacity 28436K, committed 28924K, reserved 1075200K
  class space    used 3333K, capacity 3466K, committed 3580K, reserved 1048576K
2016-06-08T18:01:27.511-0500: 45,633: [GC (Allocation Failure) 2016-06-08T18:01:27.511-0500: 45,633: [ParNew
Desired survivor size 20112992 bytes, new threshold 8 (max 8)
- age   1:    9927992 bytes,    9927992 total
- age   3:     162984 bytes,   10090976 total
- age   4:     271608 bytes,   10362584 total
- age   5:    2986032 bytes,   13348616 total
- age   6:    2493696 bytes,   15842312 total
: 95777K->20624K(109248K), 0,0113632 secs] 95777K->20624K(502464K), 0,0114343 secs] [Times: user=0,04 sys=0,01, real=0,01 secs] 
Heap after GC invocations=6 (full 1):
 par new generation   total 109248K, used 20624K [0x00000000e0000000, 0x00000000e8000000, 0x00000000e8000000)
  eden space 87424K,   0% used [0x00000000e0000000, 0x00000000e0000000, 0x00000000e5560000)
  from space 21824K,  94% used [0x00000000e5560000, 0x00000000e69841a0, 0x00000000e6ab0000)
  to   space 21824K,   0% used [0x00000000e6ab0000, 0x00000000e6ab0000, 0x00000000e8000000)
 concurrent mark-sweep generation total 393216K, used 0K [0x00000000e8000000, 0x0000000100000000, 0x0000000100000000)
 Metaspace       used 28008K, capacity 28436K, committed 28924K, reserved 1075200K
  class space    used 3333K, capacity 3466K, committed 3580K, reserved 1048576K
}
2016-06-08T18:01:27.522-0500: 45,645: Total time for which application threads were stopped: 0,0115914 seconds, Stopping threads took: 0,0000256 seconds
2016-06-08T18:01:27.539-0500: 45,662: Total time for which application threads were stopped: 0,0000723 seconds, Stopping threads took: 0,0000211 seconds
2016-06-08T18:01:27.541-0500: 45,663: Total time for which application threads were stopped: 0,0000741 seconds, Stopping threads took: 0,0000419 seconds
2016-06-08T18:01:27.541-0500: 45,663: Total time for which application threads were stopped: 0,0000440 seconds, Stopping threads took: 0,0000201 seconds
2016-06-08T18:01:27.542-0500: 45,664: Total time for which application threads were stopped: 0,0000424 seconds, Stopping threads took: 0,0000150 seconds
2016-06-08T18:01:27.612-0500: 45,734: Total time for which application threads were stopped: 0,0000999 seconds, Stopping threads took: 0,0000313 seconds
2016-06-08T18:03:37.626-0500: 175,748: Total time for which application threads were stopped: 0,0000975 seconds, Stopping threads took: 0,0000389 seconds
2016-06-08T18:05:02.635-0500: 260,758: Total time for which application threads were stopped: 0,0001469 seconds, Stopping threads took: 0,0000564 seconds
2016-06-08T18:05:59.294-0500: 317,416: Total time for which application threads were stopped: 0,0000952 seconds, Stopping threads took: 0,0000337 seconds
2016-06-08T18:05:59.294-0500: 317,416: Total time for which application threads were stopped: 0,0000316 seconds, Stopping threads took: 0,0000076 seconds
2016-06-08T18:05:59.294-0500: 317,417: Total time for which application threads were stopped: 0,0000608 seconds, Stopping threads took: 0,0000307 seconds
2016-06-08T18:05:59.298-0500: 317,420: Total time for which application threads were stopped: 0,0000918 seconds, Stopping threads took: 0,0000195 seconds
2016-06-08T18:05:59.298-0500: 317,421: Total time for which application threads were stopped: 0,0000531 seconds, Stopping threads took: 0,0000122 seconds
2016-06-08T18:05:59.299-0500: 317,421: Total time for which application threads were stopped: 0,0000344 seconds, Stopping threads took: 0,0000155 seconds
2016-06-08T18:05:59.299-0500: 317,421: Total time for which application threads were stopped: 0,0000398 seconds, Stopping threads took: 0,0000107 seconds
2016-06-08T18:05:59.302-0500: 317,424: Total time for which application threads were stopped: 0,0000792 seconds, Stopping threads took: 0,0000189 seconds
2016-06-08T18:05:59.307-0500: 317,430: Total time for which application threads were stopped: 0,0001192 seconds, Stopping threads took: 0,0000219 seconds
2016-06-08T18:05:59.308-0500: 317,430: Total time for which application threads were stopped: 0,0001014 seconds, Stopping threads took: 0,0000525 seconds
2016-06-08T18:05:59.309-0500: 317,431: Total time for which application threads were stopped: 0,0001809 seconds, Stopping threads took: 0,0001140 seconds
2016-06-08T18:05:59.310-0500: 317,432: Total time for which application threads were stopped: 0,0000904 seconds, Stopping threads took: 0,0000554 seconds
2016-06-08T18:05:59.310-0500: 317,432: Total time for which application threads were stopped: 0,0000645 seconds, Stopping threads took: 0,0000153 seconds
2016-06-08T18:05:59.310-0500: 317,432: Total time for which application threads were stopped: 0,0000352 seconds, Stopping threads took: 0,0000095 seconds
2016-06