Java HotSpot(TM) 64-Bit Server VM (25.77-b03) for linux-amd64 JRE (1.8.0_77-b03), built on Mar 20 2016 22:00:46 by "java_re" with gcc 4.3.0 20080428 (Red Hat 4.3.0-8)
Memory: 4k page, physical 8073748k(279412k free), swap 8286204k(6953824k free)
CommandLine flags: -XX:CMSInitiatingOccupancyFraction=50 -XX:CMSMaxAbortablePrecleanTime=6000 -XX:+CMSParallelRemarkEnabled -XX:+CMSScavengeBeforeRemark -XX:ConcGCThreads=4 -XX:InitialHeapSize=536870912 -XX:MaxHeapSize=536870912 -XX:MaxTenuringThreshold=8 -XX:NewRatio=3 -XX:OldPLABSize=16 -XX:ParallelGCThreads=4 -XX:+ParallelRefProcEnabled -XX:PretenureSizeThreshold=67108864 -XX:+PrintGC -XX:+PrintGCApplicationStoppedTime -XX:+PrintGCDateStamps -XX:+PrintGCDetails -XX:+PrintGCTimeStamps -XX:+PrintHeapAtGC -XX:+PrintTenuringDistribution -XX:SurvivorRatio=4 -XX:TargetSurvivorRatio=90 -XX:ThreadStackSize=256 -XX:+UseCMSInitiatingOccupancyOnly -XX:+UseCompressedClassPointers -XX:+UseCompressedOops -XX:+UseConcMarkSweepGC -XX:+UseParNewGC 
2016-05-18T18:52:00.948-0500: 0,206: Total time for which application threads were stopped: 0,0001178 seconds, Stopping threads took: 0,0000149 seconds
2016-05-18T18:52:01.007-0500: 0,265: Total time for which application threads were stopped: 0,0001031 seconds, Stopping threads took: 0,0000164 seconds
2016-05-18T18:52:01.071-0500: 0,330: Total time for which application threads were stopped: 0,0001655 seconds, Stopping threads took: 0,0000208 seconds
2016-05-18T18:52:01.109-0500: 0,368: Total time for which application threads were stopped: 0,0001478 seconds, Stopping threads took: 0,0000183 seconds
2016-05-18T18:52:01.118-0500: 0,377: Total time for which application threads were stopped: 0,0001563 seconds, Stopping threads took: 0,0000284 seconds
2016-05-18T18:52:01.126-0500: 0,384: Total time for which application threads were stopped: 0,0001489 seconds, Stopping threads took: 0,0000236 seconds
{Heap before GC invocations=0 (full 0):
 par new generation   total 109248K, used 87424K [0x00000000e0000000, 0x00000000e8000000, 0x00000000e8000000)
  eden space 87424K, 100% used [0x00000000e0000000, 0x00000000e5560000, 0x00000000e5560000)
  from space 21824K,   0% used [0x00000000e5560000, 0x00000000e5560000, 0x00000000e6ab0000)
  to   space 21824K,   0% used [0x00000000e6ab0000, 0x00000000e6ab0000, 0x00000000e8000000)
 concurrent mark-sweep generation total 393216K, used 0K [0x00000000e8000000, 0x0000000100000000, 0x0000000100000000)
 Metaspace       used 10043K, capacity 10248K, committed 10496K, reserved 1058816K
  class space    used 1153K, capacity 1180K, committed 1280K, reserved 1048576K
2016-05-18T18:52:01.429-0500: 0,688: [GC (Allocation Failure) 2016-05-18T18:52:01.429-0500: 0,688: [ParNew
Desired survivor size 20112992 bytes, new threshold 8 (max 8)
- age   1:    5719536 bytes,    5719536 total
: 87424K->5642K(109248K), 0,0393834 secs] 87424K->5642K(502464K), 0,0394626 secs] [Times: user=0,02 sys=0,06, real=0,04 secs] 
Heap after GC invocations=1 (full 0):
 par new generation   total 109248K, used 5642K [0x00000000e0000000, 0x00000000e8000000, 0x00000000e8000000)
  eden space 87424K,   0% used [0x00000000e0000000, 0x00000000e0000000, 0x00000000e5560000)
  from space 21824K,  25% used [0x00000000e6ab0000, 0x00000000e7032a10, 0x00000000e8000000)
  to   space 21824K,   0% used [0x00000000e5560000, 0x00000000e5560000, 0x00000000e6ab0000)
 concurrent mark-sweep generation total 393216K, used 0K [0x00000000e8000000, 0x0000000100000000, 0x0000000100000000)
 Metaspace       used 10043K, capacity 10248K, committed 10496K, reserved 1058816K
  class space    used 1153K, capacity 1180K, committed 1280K, reserved 1048576K
}
2016-05-18T18:52:01.469-0500: 0,728: Total time for which application threads were stopped: 0,0396321 seconds, Stopping threads took: 0,0000291 seconds
2016-05-18T18:52:01.516-0500: 0,775: Total time for which application threads were stopped: 0,0001638 seconds, Stopping threads took: 0,0000200 seconds
2016-05-18T18:52:01.711-0500: 0,969: Total time for which application threads were stopped: 0,0002165 seconds, Stopping threads took: 0,0000195 seconds
2016-05-18T18:52:01.712-0500: 0,970: Total time for which application threads were stopped: 0,0001396 seconds, Stopping threads took: 0,0000144 seconds
2016-05-18T18:52:01.714-0500: 0,973: Total time for which application threads were stopped: 0,0001329 seconds, Stopping threads took: 0,0000123 seconds
2016-05-18T18:52:01.988-0500: 1,247: Total time for which application threads were stopped: 0,0002420 seconds, Stopping threads took: 0,0000182 seconds
2016-05-18T18:52:02.011-0500: 1,269: Total time for which application threads were stopped: 0,0003489 seconds, Stopping threads took: 0,0000409 seconds
2016-05-18T18:52:03.011-0500: 2,270: Total time for which application threads were stopped: 0,0000682 seconds, Stopping threads took: 0,0000209 seconds
2016-05-18T18:52:04.798-0500: 4,057: Total time for which application threads were stopped: 0,0002010 seconds, Stopping threads took: 0,0000207 seconds
2016-05-18T18:52:06.799-0500: 6,057: Total time for which application threads were stopped: 0,0000685 seconds, Stopping threads took: 0,0000212 seconds
2016-05-18T18:52:07.358-0500: 6,616: Total time for which application threads were stopped: 0,0001206 seconds, Stopping threads took: 0,0000501 seconds
2016-05-18T18:52:07.358-0500: 6,617: Total time for which application threads were stopped: 0,0000504 seconds, Stopping threads took: 0,0000123 seconds
2016-05-18T18:52:07.358-0500: 6,617: Total time for which application threads were stopped: 0,0000561 seconds, Stopping threads took: 0,0000136 seconds
2016-05-18T18:52:07.358-0500: 6,617: Total time for which application threads were stopped: 0,0000366 seconds, Stopping threads took: 0,0000078 seconds
2016-05-18T18:52:07.359-0500: 6,617: Total time for which application threads were stopped: 0,0000316 seconds, Stopping threads took: 0,0000059 seconds
2016-05-18T18:52:07.359-0500: 6,617: Total time for which application threads were stopped: 0,0000315 seconds, Stopping threads took: 0,0000054 seconds
2016-05-18T18:52:07.359-0500: 6,618: Total time for which application threads were stopped: 0,0000378 seconds, Stopping threads took: 0,0000109 seconds
2016-05-18T18:52:07.359-0500: 6,618: Total time for which application threads were stopped: 0,0000565 seconds, Stopping threads took: 0,0000258 seconds
2016-05-18T18:52:07.360-0500: 6,618: Total time for which application threads were stopped: 0,0000544 seconds, Stopping threads took: 0,0000256 seconds
2016-05-18T18:52:07.360-0500: 6,618: Total time for which application threads were stopped: 0,0000465 seconds, Stopping threads took: 0,0000198 seconds
2016-05-18T18:52:07.441-0500: 6,699: Total time for which application threads were stopped: 0,0000932 seconds, Stopping threads took: 0,0000233 seconds
2016-05-18T18:52:07.443-0500: 6,702: Total time for which application threads were stopped: 0,0001243 seconds, Stopping threads took: 0,0000519 seconds
2016-05-18T18:52:07.445-0500: 6,704: Total time for which application threads were stopped: 0,0000715 seconds, Stopping threads took: 0,0000170 seconds
2016-05-18T18:52:07.457-0500: 6,715: Total time for which application threads were stopped: 0,0001348 seconds, Stopping threads took: 0,0000536 seconds
2016-05-18T18:52:07.457-0500: 6,716: Total time for which application threads were stopped: 0,0000725 seconds, Stopping threads took: 0,0000337 seconds
2016-05-18T18:52:07.457-0500: 6,716: Total time for which application threads were stopped: 0,0000576 seconds, Stopping threads took: 0,0000219 seconds
2016-05-18T18:52:07.458-0500: 6,717: Total time for which application threads were stopped: 0,0001407 seconds, Stopping threads took: 0,0001017 seconds
2016-05-18T18:52:07.459-0500: 6,717: Total time for which application threads were stopped: 0,0000585 seconds, Stopping threads took: 0,0000251 seconds
2016-05-18T18:52:07.459-0500: 6,718: Total time for which application threads were stopped: 0,0000371 seconds, Stopping threads took: 0,0000084 seconds
2016-05-18T18:52:07.465-0500: 6,723: Total time for which application threads were stopped: 0,0001388 seconds, Stopping threads took: 0,0000735 seconds
2016-05-18T18:52:07.465-0500: 6,724: Total time for which application threads were stopped: 0,0000935 seconds, Stopping threads took: 0,0000535 seconds
2016-05-18T18:52:07.469-0500: 6,728: Total time for which application threads were stopped: 0,0040428 seconds, Stopping threads took: 0,0039965 seconds
2016-05-18T18:52:07.470-0500: 6,728: Total time for which application threads were stopped: 0,0000677 seconds, Stopping threads took: 0,0000155 seconds
2016-05-18T18:52:07.470-0500: 6,728: Total time for which application threads were stopped: 0,0000346 seconds, Stopping threads took: 0,0000082 seconds
2016-05-18T18:52:07.473-0500: 6,732: Total time for which application threads were stopped: 0,0014982 seconds, Stopping threads took: 0,0014132 seconds
2016-05-18T18:52:07.474-0500: 6,732: Total time for which application threads were stopped: 0,0000753 seconds, Stopping threads took: 0,0000186 seconds
2016-05-18T18:52:07.474-0500: 6,732: Total time for which application threads were stopped: 0,0000327 seconds, Stopping threads took: 0,0000073 seconds
2016-05-18T18:52:07.474-0500: 6,733: Total time for which application threads were stopped: 0,0000760 seconds, Stopping threads took: 0,0000424 seconds
2016-05-18T18:52:07.475-0500: 6,733: Total time for which application threads were stopped: 0,0000528 seconds, Stopping threads took: 0,0000214 seconds
2016-05-18T18:52:07.475-0500: 6,734: Total time for which application threads were stopped: 0,0000357 seconds, Stopping threads took: 0,0000095 seconds
2016-05-18T18:52:07.475-0500: 6,734: Total time for which application threads were stopped: 0,0000340 seconds, Stopping threads took: 0,0000087 seconds
2016-05-18T18:52:07.480-0500: 6,739: Total time for which application threads were stopped: 0,0001005 seconds, Stopping threads took: 0,0000350 seconds
2016-05-18T18:52:07.481-0500: 6,740: Total time for which application threads were stopped: 0,0000578 seconds, Stopping threads took: 0,0000151 seconds
2016-05-18T18:52:07.482-0500: 6,741: Total time for which application threads were stopped: 0,0000739 seconds, Stopping threads took: 0,0000140 seconds
2016-05-18T18:52:07.483-0500: 6,742: Total time for which application threads were stopped: 0,0001484 seconds, Stopping threads took: 0,0000471 seconds
2016-05-18T18:52:07.501-0500: 6,759: Total time for which application threads were stopped: 0,0000921 seconds, Stopping threads took: 0,0000233 seconds
2016-05-18T18:52:07.501-0500: 6,760: Total time for which application threads were stopped: 0,0001202 seconds, Stopping threads took: 0,0000644 seconds
2016-05-18T18:52:07.503-0500: 6,762: Total time for which application threads were stopped: 0,0002143 seconds, Stopping threads took: 0,0001422 seconds
2016-05-18T18:52:07.504-0500: 6,762: Total time for which application threads were stopped: 0,0001624 seconds, Stopping threads took: 0,0001030 seconds
2016-05-18T18:52:07.506-0500: 6,764: Total time for which application threads were stopped: 0,0000958 seconds, Stopping threads took: 0,0000351 seconds
2016-05-18T18:52:07.506-0500: 6,764: Total time for which application threads were stopped: 0,0000539 seconds, Stopping threads took: 0,0000146 seconds
2016-05-18T18:52:07.526-0500: 6,785: Total time for which application threads were stopped: 0,0000733 seconds, Stopping threads took: 0,0000168 seconds
2016-05-18T18:52:07.527-0500: 6,785: Total time for which application threads were stopped: 0,0000470 seconds, Stopping threads took: 0,0000107 seconds
2016-05-18T18:52:07.541-0500: 6,800: Total time for which application threads were stopped: 0,0002808 seconds, Stopping threads took: 0,0001364 seconds
2016-05-18T18:52:07.576-0500: 6,835: Total time for which application threads were stopped: 0,0001132 seconds, Stopping threads took: 0,0000290 seconds
2016-05-18T18:52:07.577-0500: 6,836: Total time for which application threads were stopped: 0,0001166 seconds, Stopping threads took: 0,0000476 seconds
2016-05-18T18:52:07.577-0500: 6,836: Total time for which application threads were stopped: 0,0000629 seconds, Stopping threads took: 0,0000228 seconds
2016-05-18T18:52:07.580-0500: 6,839: Total time for which application threads were stopped: 0,0001061 seconds, Stopping threads took: 0,0000321 seconds
2016-05-18T18:52:07.580-0500: 6,839: Total time for which application threads were stopped: 0,0000712 seconds, Stopping threads took: 0,0000164 seconds
2016-05-18T18:52:07.584-0500: 6,843: Total time for which application threads were stopped: 0,0000927 seconds, Stopping threads took: 0,0000190 seconds
2016-05-18T18:52:07.584-0500: 6,843: Total time for which application threads were stopped: 0,0000548 seconds, Stopping threads took: 0,0000206 seconds
2016-05-18T18:52:07.586-0500: 6,845: Total time for which application threads were stopped: 0,0001189 seconds, Stopping threads took: 0,0000678 seconds
2016-05-18T18:52:07.669-0500: 6,928: Total time for which application threads were stopped: 0,0006593 seconds, Stopping threads took: 0,0000469 seconds
2016-05-18T18:52:07.674-0500: 6,932: Total time for which application threads were stopped: 0,0000909 seconds, Stopping threads took: 0,0000216 seconds
2016-05-18T18:52:07.674-0500: 6,932: Total time for which application threads were stopped: 0,0000454 seconds, Stopping threads took: 0,0000104 seconds
2016-05-18T18:52:07.674-0500: 6,932: Total time for which application threads were stopped: 0,0000393 seconds, Stopping threads took: 0,0000103 seconds
2016-05-18T18:52:07.674-0500: 6,932: Total time for which application threads were stopped: 0,0000358 seconds, Stopping threads took: 0,0000089 seconds
2016-05-18T18:52:07.674-0500: 6,932: Total time for which application threads were stopped: 0,0000343 seconds, Stopping threads took: 0,0000087 seconds
2016-05-18T18:52:07.677-0500: 6,936: Total time for which application threads were stopped: 0,0001142 seconds, Stopping threads took: 0,0000408 seconds
2016-05-18T18:52:07.685-0500: 6,943: Total time for which application threads were stopped: 0,0004214 seconds, Stopping threads took: 0,0000405 seconds
2016-05-18T18:52:07.695-0500: 6,954: Total time for which application threads were stopped: 0,0001282 seconds, Stopping threads took: 0,0000326 seconds
2016-05-18T18:52:07.695-0500: 6,954: Total time for which application threads were stopped: 0,0001098 seconds, Stopping threads took: 0,0000453 seconds
2016-05-18T18:52:07.698-0500: 6,956: Total time for which application threads were stopped: 0,0001107 seconds, Stopping threads took: 0,0000285 seconds
2016-05-18T18:52:07.701-0500: 6,959: Total time for which application threads were stopped: 0,0001285 seconds, Stopping threads took: 0,0000443 seconds
2016-05-18T18:52:07.740-0500: 6,999: Total time for which application threads were stopped: 0,0001450 seconds, Stopping threads took: 0,0000524 seconds
2016-05-18T18:52:10.740-0500: 9,999: Total time for which application threads were stopped: 0,0000743 seconds, Stopping threads took: 0,0000250 seconds
2016-05-18T18:52:11.740-0500: 10,999: Total time for which application threads were stopped: 0,0000975 seconds, Stopping threads took: 0,0000198 seconds
2016-05-18T18:52:12.741-0500: 11,999: Total time for which application threads were stopped: 0,0001000 seconds, Stopping threads took: 0,0000316 seconds
2016-05-18T18:52:13.016-0500: 12,275: Total time for which application threads were stopped: 0,0013585 seconds, Stopping threads took: 0,0012280 seconds
2016-05-18T18:52:13.017-0500: 12,275: Total time for which application threads were stopped: 0,0000689 seconds, Stopping threads took: 0,0000247 seconds
2016-05-18T18:52:13.017-0500: 12,275: Total time for which application threads were stopped: 0,0000534 seconds, Stopping threads took: 0,0000102 seconds
2016-05-18T18:52:13.017-0500: 12,275: Total time for which application threads were stopped: 0,0000353 seconds, Stopping threads took: 0,0000054 seconds
2016-05-18T18:52:13.017-0500: 12,275: Total time for which application threads were stopped: 0,0000302 seconds, Stopping threads took: 0,0000041 seconds
2016-05-18T18:52:13.020-0500: 12,279: Total time for which application threads were stopped: 0,0001990 seconds, Stopping threads took: 0,0001303 seconds
2016-05-18T18:52:13.021-0500: 12,279: Total time for which application threads were stopped: 0,0001226 seconds, Stopping threads took: 0,0000121 seconds
2016-05-18T18:52:13.021-0500: 12,279: Total time for which application threads were stopped: 0,0000876 seconds, Stopping threads took: 0,0000059 seconds
2016-05-18T18:52:13.021-0500: 12,279: Total time for which application threads were stopped: 0,0000301 seconds, Stopping threads took: 0,0000049 seconds
2016-05-18T18:52:13.021-0500: 12,280: Total time for which application threads were stopped: 0,0000286 seconds, Stopping threads took: 0,0000042 seconds
2016-05-18T18:52:13.581-0500: 12,840: Total time for which application threads were stopped: 0,0001147 seconds, Stopping threads took: 0,0000176 seconds
2016-05-18T18:52:13.581-0500: 12,840: Total time for which application threads were stopped: 0,0000404 seconds, Stopping threads took: 0,0000065 seconds
2016-05-18T18:52:13.581-0500: 12,840: Total time for which application threads were stopped: 0,0000534 seconds, Stopping threads took: 0,0000111 seconds
2016-05-18T18:52:13.581-0500: 12,840: Total time for which application threads were stopped: 0,0000383 seconds, Stopping threads took: 0,0000071 seconds
2016-05-18T18:52:13.581-0500: 12,840: Total time for which application threads were stopped: 0,0000340 seconds, Stopping threads took: 0,0000055 seconds
2016-05-18T18:52:13.596-0500: 12,855: Total time for which application threads were stopped: 0,0001070 seconds, Stopping threads took: 0,0000224 seconds
2016-05-18T18:52:13.608-0500: 12,867: Total time for which application threads were stopped: 0,0001118 seconds, Stopping threads took: 0,0000278 seconds
2016-05-18T18:52:13.609-0500: 12,867: Total time for which application threads were stopped: 0,0000396 seconds, Stopping threads took: 0,0000085 seconds
2016-05-18T18:52:13.609-0500: 12,867: Total time for which application threads were stopped: 0,0000334 seconds, Stopping threads took: 0,0000076 seconds
2016-05-18T18:52:13.609-0500: 12,867: Total time for which application threads were stopped: 0,0000298 seconds, Stopping threads took: 0,0000065 seconds
2016-05-18T18:52:13.609-0500: 12,867: Total time for which application threads were stopped: 0,0000278 seconds, Stopping threads took: 0,0000066 seconds
2016-05-18T18:52:14.171-0500: 13,429: Total time for which application threads were stopped: 0,0001934 seconds, Stopping threads took: 0,0000333 seconds
2016-05-18T18:52:14.171-0500: 13,429: Total time for which application threads were stopped: 0,0001864 seconds, Stopping threads took: 0,0000264 seconds
2016-05-18T18:52:14.171-0500: 13,430: Total time for which application threads were stopped: 0,0000656 seconds, Stopping threads took: 0,0000148 seconds
2016-05-18T18:52:14.172-0500: 13,431: Total time for which application threads were stopped: 0,0000783 seconds, Stopping threads took: 0,0000127 seconds
2016-05-18T18:52:14.173-0500: 13,431: Total time for which application threads were stopped: 0,0000961 seconds, Stopping threads took: 0,0000535 seconds
2016-05-18T18:52:15.173-0500: 14,431: Total time for which application threads were stopped: 0,0000752 seconds, Stopping threads took: 0,0000200 seconds
2016-05-18T18:52:15.467-0500: 14,726: [GC (CMS Initial Mark) [1 CMS-initial-mark: 0K(393216K)] 91144K(502464K), 0,0076762 secs] [Times: user=0,03 sys=0,00, real=0,01 secs] 
2016-05-18T18:52:15.475-0500: 14,733: Total time for which application threads were stopped: 0,0077985 seconds, Stopping threads took: 0,0000308 seconds
2016-05-18T18:52:15.475-0500: 14,733: [CMS-concurrent-mark-start]
2016-05-18T18:52:15.475-0500: 14,734: [CMS-concurrent-mark: 0,000/0,000 secs] [Times: user=0,00 sys=0,00, real=0,00 secs] 
2016-05-18T18:52:15.475-0500: 14,734: [CMS-concurrent-preclean-start]
2016-05-18T18:52:15.476-0500: 14,734: [CMS-concurrent-preclean: 0,001/0,001 secs] [Times: user=0,00 sys=0,00, real=0,00 secs] 
2016-05-18T18:52:15.476-0500: 14,734: [CMS-concurrent-abortable-preclean-start]
 CMS: abort preclean due to time 2016-05-18T18:52:21.558-0500: 20,817: [CMS-concurrent-abortable-preclean: 1,175/6,083 secs] [Times: user=1,17 sys=0,01, real=6,08 secs] 
2016-05-18T18:52:21.558-0500: 20,817: [GC (CMS Final Remark) [YG occupancy: 91144 K (109248 K)]{Heap before GC invocations=1 (full 1):
 par new generation   total 109248K, used 91144K [0x00000000e0000000, 0x00000000e8000000, 0x00000000e8000000)
  eden space 87424K,  97% used [0x00000000e0000000, 0x00000000e537f898, 0x00000000e5560000)
  from space 21824K,  25% used [0x00000000e6ab0000, 0x00000000e7032a10, 0x00000000e8000000)
  to   space 21824K,   0% used [0x00000000e5560000, 0x00000000e5560000, 0x00000000e6ab0000)
 concurrent mark-sweep generation total 393216K, used 0K [0x00000000e8000000, 0x0000000100000000, 0x0000000100000000)
 Metaspace       used 20847K, capacity 21212K, committed 21552K, reserved 1069056K
  class space    used 2461K, capacity 2594K, committed 2688K, reserved 1048576K
2016-05-18T18:52:21.558-0500: 20,817: [GC (CMS Final Remark) 2016-05-18T18:52:21.558-0500: 20,817: [ParNew
Desired survivor size 20112992 bytes, new threshold 8 (max 8)
- age   1:    8865960 bytes,    8865960 total
- age   2:    2507912 bytes,   11373872 total
: 91144K->14062K(109248K), 0,0335568 secs] 91144K->14062K(502464K), 0,0336014 secs] [Times: user=0,05 sys=0,06, real=0,03 secs] 
Heap after GC invocations=2 (full 1):
 par new generation   total 109248K, used 14062K [0x00000000e0000000, 0x00000000e8000000, 0x00000000e8000000)
  eden space 87424K,   0% used [0x00000000e0000000, 0x00000000e0000000, 0x00000000e5560000)
  from space 21824K,  64% used [0x00000000e5560000, 0x00000000e631b898, 0x00000000e6ab0000)
  to   space 21824K,   0% used [0x00000000e6ab0000, 0x00000000e6ab0000, 0x00000000e8000000)
 concurrent mark-sweep generation total 393216K, used 0K [0x00000000e8000000, 0x0000000100000000, 0x0000000100000000)
 Metaspace       used 20847K, capacity 21212K, committed 21552K, reserved 1069056K
  class space    used 2461K, capacity 2594K, committed 2688K, reserved 1048576K
}
2016-05-18T18:52:21.592-0500: 20,851: [Rescan (parallel) , 0,0016281 secs]2016-05-18T18:52:21.594-0500: 20,852: [weak refs processing, 0,0004589 secs]2016-05-18T18:52:21.594-0500: 20,853: [class unloading, 0,0026732 secs]2016-05-18T18:52:21.597-0500: 20,855: [scrub symbol table, 0,0021776 secs]2016-05-18T18:52:21.599-0500: 20,858: [scrub string table, 0,0003451 secs][1 CMS-remark: 0K(393216K)] 14062K(502464K), 0,0415847 secs] [Times: user=0,07 sys=0,06, real=0,04 secs] 
2016-05-18T18:52:21.600-0500: 20,859: Total time for which application threads were stopped: 0,0416837 seconds, Stopping threads took: 0,0000213 seconds
2016-05-18T18:52:21.600-0500: 20,859: [CMS-concurrent-sweep-start]
2016-05-18T18:52:21.600-0500: 20,859: [CMS-concurrent-sweep: 0,000/0,000 secs] [Times: user=0,00 sys=0,00, real=0,00 secs] 
2016-05-18T18:52:21.600-0500: 20,859: [CMS-concurrent-reset-start]
2016-05-18T18:52:21.602-0500: 20,861: [CMS-concurrent-reset: 0,002/0,002 secs] [Times: user=0,00 sys=0,00, real=0,00 secs] 
2016-05-18T18:52:22.600-0500: 21,859: Total time for which application threads were stopped: 0,0000876 seconds, Stopping threads took: 0,0000222 seconds
2016-05-18T18:52:39.466-0500: 38,725: Total time for which application threads were stopped: 0,0003137 seconds, Stopping threads took: 0,0000204 seconds
2016-05-18T18:52:39.515-0500: 38,774: Total time for which application threads were stopped: 0,0001632 seconds, Stopping threads took: 0,0000207 seconds
2016-05-18T18:52:39.575-0500: 38,833: Total time for which application threads were stopped: 0,0002974 seconds, Stopping threads took: 0,0000308 seconds
2016-05-18T18:52:39.597-0500: 38,856: Total time for which application threads were stopped: 0,0003518 seconds, Stopping threads took: 0,0000327 seconds
2016-05-18T18:52:39.658-0500: 38,917: Total time for which application threads were stopped: 0,0003620 seconds, Stopping threads took: 0,0000358 seconds
{Heap before GC invocations=2 (full 1):
 par new generation   total 109248K, used 101486K [0x00000000e0000000, 0x00000000e8000000, 0x00000000e8000000)
  eden space 87424K, 100% used [0x00000000e0000000, 0x00000000e5560000, 0x00000000e5560000)
  from space 21824K,  64% used [0x00000000e5560000, 0x00000000e631b898, 0x00000000e6ab0000)
  to   space 21824K,   0% used [0x00000000e6ab0000, 0x00000000e6ab0000, 0x00000000e8000000)
 concurrent mark-sweep generation total 393216K, used 0K [0x00000000e8000000, 0x0000000100000000, 0x0000000100000000)
 Metaspace       used 22439K, capacity 22850K, committed 23216K, reserved 1069056K
  class space    used 2622K, capacity 2755K, committed 2816K, reserved 1048576K
2016-05-18T18:52:39.726-0500: 38,985: [GC (Allocation Failure) 2016-05-18T18:52:39.726-0500: 38,985: [ParNew
Desired survivor size 20112992 bytes, new threshold 8 (max 8)
- age   1:    2950504 bytes,    2950504 total
- age   2:    3109656 bytes,    6060160 total
- age   3:    2486872 bytes,    8547032 total
: 101486K->16218K(109248K), 0,0390311 secs] 101486K->16218K(502464K), 0,0391088 secs] [Times: user=0,10 sys=0,03, real=0,04 secs] 
Heap after GC invocations=3 (full 1):
 par new generation   total 109248K, used 16218K [0x00000000e0000000, 0x00000000e8000000, 0x00000000e8000000)
  eden space 87424K,   0% used [0x00000000e0000000, 0x00000000e0000000, 0x00000000e5560000)
  from space 21824K,  74% used [0x00000000e6ab0000, 0x00000000e7a86998, 0x00000000e8000000)
  to   space 21824K,   0% used [0x00000000e5560000, 0x00000000e5560000, 0x00000000e6ab0000)
 concurrent mark-sweep generation total 393216K, used 0K [0x00000000e8000000, 0x0000000100000000, 0x0000000100000000)
 Metaspace       used 22439K, capacity 22850K, committed 23216K, reserved 1069056K
  class space    used 2622K, capacity 2755K, committed 2816K, reserved 1048576K
}
2016-05-18T18:52:39.765-0500: 39,024: Total time for which application threads were stopped: 0,0393081 seconds, Stopping threads took: 0,0000250 seconds
2016-05-18T18:52:39.769-0500: 39,028: Total time for which application threads were stopped: 0,0004419 seconds, Stopping threads took: 0,0003486 seconds
2016-05-18T18:52:39.769-0500: 39,028: Total time for which application threads were stopped: 0,0000600 seconds, Stopping threads took: 0,0000118 seconds
2016-05-18T18:52:39.813-0500: 39,072: Total time for which application threads were stopped: 0,0001325 seconds, Stopping threads took: 0,0000272 seconds
2016-05-18T18:52:39.832-0500: 39,091: Total time for which application threads were stopped: 0,0001410 seconds, Stopping threads took: 0,0000387 seconds
2016-05-18T18:52:39.881-0500: 39,140: Total time for which application threads were stopped: 0,0001347 seconds, Stopping threads took: 0,0000314 seconds
2016-05-18T18:52:39.881-0500: 39,140: Total time for which application threads were stopped: 0,0000768 seconds, Stopping threads took: 0,0000292 seconds
{Heap before GC invocations=3 (full 1):
 par new generation   total 109248K, used 103642K [0x00000000e0000000, 0x00000000e8000000, 0x00000000e8000000)
  eden space 87424K, 100% used [0x00000000e0000000, 0x00000000e5560000, 0x00000000e5560000)
  from space 21824K,  74% used [0x00000000e6ab0000, 0x00000000e7a86998, 0x00000000e8000000)
  to   space 21824K,   0% used [0x00000000e5560000, 0x00000000e5560000, 0x00000000e6ab0000)
 concurrent mark-sweep generation total 393216K, used 0K [0x00000000e8000000, 0x0000000100000000, 0x0000000100000000)
 Metaspace       used 23340K, capacity 23772K, committed 23936K, reserved 1071104K
  class space    used 2741K, capacity 2888K, committed 2944K, reserved 1048576K
2016-05-18T18:52:39.896-0500: 39,155: [GC (Allocation Failure) 2016-05-18T18:52:39.896-0500: 39,155: [ParNew
Desired survivor size 20112992 bytes, new threshold 8 (max 8)
- age   1:    1173168 bytes,    1173168 total
- age   2:    1743544 bytes,    2916712 total
- age   3:    3106280 bytes,    6022992 total
- age   4:    2486024 bytes,    8509016 total
: 103642K->9832K(109248K), 0,0099995 secs] 103642K->9832K(502464K), 0,0100638 secs] [Times: user=0,03 sys=0,01, real=0,01 secs] 
Heap after GC invocations=4 (full 1):
 par new generation   total 109248K, used 9832K [0x00000000e0000000, 0x00000000e8000000, 0x00000000e8000000)
  eden space 87424K,   0% used [0x00000000e0000000, 0x00000000e0000000, 0x00000000e5560000)
  from space 21824K,  45% used [0x00000000e5560000, 0x00000000e5efa320, 0x00000000e6ab0000)
  to   space 21824K,   0% used [0x00000000e6ab0000, 0x00000000e6ab0000, 0x00000000e8000000)
 concurrent mark-sweep generation total 393216K, used 0K [0x00000000e8000000, 0x0000000100000000, 0x0000000100000000)
 Metaspace       used 23340K, capacity 23772K, committed 23936K, reserved 1071104K
  class space    used 2741K, capacity 2888K, committed 2944K, reserved 1048576K
}
2016-05-18T18:52:39.906-0500: 39,165: Total time for which application threads were stopped: 0,0102329 seconds, Stopping threads took: 0,0000253 seconds
2016-05-18T18:52:39.907-0500: 39,165: Total time for which application threads were stopped: 0,0000967 seconds, Stopping threads took: 0,0000187 seconds
2016-05-18T18:52:39.907-0500: 39,165: Total time for which application threads were stopped: 0,0000942 seconds, Stopping threads took: 0,0000234 seconds
2016-05-18T18:52:39.944-0500: 39,203: Total time for which application threads were stopped: 0,0001006 seconds, Stopping threads took: 0,0000211 seconds
2016-05-18T18:52:39.949-0500: 39,207: Total time for which application threads were stopped: 0,0001292 seconds, Stopping threads took: 0,0000304 seconds
2016-05-18T18:52:39.950-0500: 39,209: Total time for which application threads were stopped: 0,0001390 seconds, Stopping threads took: 0,0000276 seconds
2016-05-18T18:52:39.951-0500: 39,210: Total time for which application threads were stopped: 0,0001042 seconds, Stopping threads took: 0,0000248 seconds
2016-05-18T18:52:40.000-0500: 39,259: Total time for which application threads were stopped: 0,0004375 seconds, Stopping threads took: 0,0000228 seconds
2016-05-18T18:52:40.068-0500: 39,326: Total time for which application threads were stopped: 0,0001619 seconds, Stopping threads took: 0,0000327 seconds
2016-05-18T18:52:40.090-0500: 39,349: Total time for which application threads were stopped: 0,0003684 seconds, Stopping threads took: 0,0000221 seconds
2016-05-18T18:52:40.100-0500: 39,358: Total time for which application threads were stopped: 0,0003233 seconds, Stopping threads took: 0,0000171 seconds
2016-05-18T18:52:40.121-0500: 39,379: Total time for which application threads were stopped: 0,0001351 seconds, Stopping threads took: 0,0000470 seconds
2016-05-18T18:52:40.218-0500: 39,477: Total time for which application threads were stopped: 0,0001445 seconds, Stopping threads took: 0,0000363 seconds
2016-05-18T18:52:40.247-0500: 39,506: Total time for which application threads were stopped: 0,0003059 seconds, Stopping threads took: 0,0001935 seconds
{Heap before GC invocations=4 (full 1):
 par new generation   total 109248K, used 97256K [0x00000000e0000000, 0x00000000e8000000, 0x00000000e8000000)
  eden space 87424K, 100% used [0x00000000e0000000, 0x00000000e5560000, 0x00000000e5560000)
  from space 21824K,  45% used [0x00000000e5560000, 0x00000000e5efa320, 0x00000000e6ab0000)
  to   space 21824K,   0% used [0x00000000e6ab0000, 0x00000000e6ab0000, 0x00000000e8000000)
 concurrent mark-sweep generation total 393216K, used 0K [0x00000000e8000000, 0x0000000100000000, 0x0000000100000000)
 Metaspace       used 27644K, capacity 28132K, committed 28288K, reserved 1075200K
  class space    used 3251K, capacity 3403K, committed 3456K, reserved 1048576K
2016-05-18T18:52:40.295-0500: 39,554: [GC (Allocation Failure) 2016-05-18T18:52:40.295-0500: 39,554: [ParNew
Desired survivor size 20112992 bytes, new threshold 8 (max 8)
- age   1:    6930464 bytes,    6930464 total
- age   2:     176704 bytes,    7107168 total
- age   3:     973760 bytes,    8080928 total
- age   4:    3097264 bytes,   11178192 total
- age   5:    2483120 bytes,   13661312 total
: 97256K->16242K(109248K), 0,0212381 secs] 97256K->16242K(502464K), 0,0213154 secs] [Times: user=0,05 sys=0,00, real=0,02 secs] 
Heap after GC invocations=5 (full 1):
 par new generation   total 109248K, used 16242K [0x00000000e0000000, 0x00000000e8000000, 0x00000000e8000000)
  eden space 87424K,   0% used [0x00000000e0000000, 0x00000000e0000000, 0x00000000e5560000)
  from space 21824K,  74% used [0x00000000e6ab0000, 0x00000000e7a8cb08, 0x00000000e8000000)
  to   space 21824K,   0% used [0x00000000e5560000, 0x00000000e5560000, 0x00000000e6ab0000)
 concurrent mark-sweep generation total 393216K, used 0K [0x00000000e8000000, 0x0000000100000000, 0x0000000100000000)
 Metaspace       used 27644K, capacity 28132K, committed 28288K, reserved 1075200K
  class space    used 3251K, capacity 3403K, committed 3456K, reserved 1048576K
}
2016-05-18T18:52:40.317-0500: 39,575: Total time for which application threads were stopped: 0,0214935 seconds, Stopping threads took: 0,0000289 seconds
2016-05-18T18:52:40.358-0500: 39,617: Total time for which application threads were stopped: 0,0002379 seconds, Stopping threads took: 0,0001055 seconds
2016-05-18T18:52:40.359-0500: 39,618: Total time for which application threads were stopped: 0,0001007 seconds, Stopping threads took: 0,0000263 seconds
2016-05-18T18:52:40.360-0500: 39,618: Total time for which application threads were stopped: 0,0002210 seconds, Stopping threads took: 0,0001487 seconds
2016-05-18T18:52:40.360-0500: 39,618: Total time for which application threads were stopped: 0,0000994 seconds, Stopping threads took: 0,0000440 seconds
2016-05-18T18:52:41.360-0500: 40,619: Total time for which application threads were stopped: 0,0000818 seconds, Stopping threads took: 0,0000224 seconds
2016-05-18T18:52:45.814-0500: 45,072: Total time for which application threads were stopped: 0,0001665 seconds, Stopping threads took: 0,0000264 seconds
2016-05-18T18:52:45.814-0500: 45,072: Total time for which application threads were stopped: 0,0000775 seconds, Stopping threads took: 0,0000149 seconds
2016-05-18T18:52:45.900-0500: 45,159: Total time for which application threads were stopped: 0,0001150 seconds, Stopping threads took: 0,0000398 seconds
2016-05-18T18:52:45.901-0500: 45,159: Total time for which application threads were stopped: 0,0000686 seconds, Stopping threads took: 0,0000142 seconds
2016-05-18T18:52:45.919-0500: 45,178: Total time for which application threads were stopped: 0,0001058 seconds, Stopping threads took: 0,0000250 seconds
2016-05-18T18:52:45.920-0500: 45,178: Total time for which application threads were stopped: 0,0000668 seconds, Stopping threads took: 0,0000143 seconds
2016-05-18T18:52:45.936-0500: 45,195: Total time for which application threads were stopped: 0,0001130 seconds, Stopping threads took: 0,0000313 seconds
2016-05-18T18:52:45.938-0500: 45,196: Total time for which application threads were stopped: 0,0001491 seconds, Stopping threads took: 0,0000799 seconds
2016-05-18T18:52:45.938-0500: 45,196: Total time for which application threads were stopped: 0,0000722 seconds, Stopping threads took: 0,0000135 seconds
2016-05-18T18:52:45.940-0500: 45,198: Total time for which application threads were stopped: 0,0005207 seconds, Stopping threads took: 0,0000227 seconds
2016-05-18T18:52:45.940-0500: 45,199: Total time for which application threads were stopped: 0,0003959 seconds, Stopping threads took: 0,0003141 seconds
2016-05-18T18:52:45.941-0500: 45,200: Total time for which application threads were stopped: 0,0000958 seconds, Stopping threads took: 0,0000416 seconds
2016-05-18T18:52:45.941-0500: 45,200: Total time for which application threads were stopped: 0,0000825 seconds, Stopping threads took: 0,0000173 seconds
2016-05-18T18:52:45.942-0500: 45,201: Total time for which application threads were stopped: 0,0000944 seconds, Stopping threads took: 0,0000349 seconds
2016-05-18T18:52:45.942-0500: 45,201: Total time for which application threads were stopped: 0,0000733 seconds, Stopping threads took: 0,0000197 seconds
2016-05-18T18:52:45.943-0500: 45,201: Total time for which application threads were stopped: 0,0000737 seconds, Stopping threads took: 0,0000308 seconds
2016-05-18T18:52:45.943-0500: 45,201: Total time for which application threads were stopped: 0,0000767 seconds, Stopping threads took: 0,0000163 seconds
2016-05-18T18:52:45.943-0500: 45,201: Total time for which application threads were stopped: 0,0000537 seconds, Stopping threads took: 0,0000104 seconds
2016-05-18T18:52:45.943-0500: 45,201: Total time for which application threads were stopped: 0,0000408 seconds, Stopping threads took: 0,0000088 seconds
2016-05-18T18:52:45.943-0500: 45,202: Total time for which application threads were stopped: 0,0000447 seconds, Stopping threads took: 0,0000163 seconds
2016-05-18T18:52:45.943-0500: 45,202: Total time for which application threads were stopped: 0,0000397 seconds, Stopping threads took: 0,0000126 seconds
2016-05-18T18:52:45.943-0500: 45,202: Total time for which application threads were stopped: 0,0000450 seconds, Stopping threads took: 0,0000172 seconds
2016-05-18T18:52:45.943-0500: 45,202: Total time for which application threads were stopped: 0,0000400 seconds, Stopping threads took: 0,0000122 seconds
2016-05-18T18:52:45.943-0500: 45,202: Total time for which application threads were stopped: 0,0000313 seconds, Stopping threads took: 0,0000053 seconds
2016-05-18T18:52:45.943-0500: 45,202: Total time for which application threads were stopped: 0,0000394 seconds, Stopping threads took: 0,0000126 seconds
2016-05-18T18:52:45.943-0500: 45,202: Total time for which application threads were stopped: 0,0000421 seconds, Stopping threads took: 0,0000148 seconds
2016-05-18T18:52:45.943-0500: 45,202: Total time for which application threads were stopped: 0,0000867 seconds, Stopping threads took: 0,0000585 seconds
2016-05-18T18:52:45.944-0500: 45,203: Total time for which application threads were stopped: 0,0000634 seconds, Stopping threads took: 0,0000249 seconds
2016-05-18T18:52:45.944-0500: 45,203: Total time for which application threads were stopped: 0,0000386 seconds, Stopping threads took: 0,0000118 seconds
2016-05-18T18:52:45.944-0500: 45,203: Total time for which application threads were stopped: 0,0000559 seconds, Stopping threads took: 0,0000189 seconds
2016-05-18T18:52:45.944-0500: 45,203: Total time for which application threads were stopped: 0,0000328 seconds, Stopping threads took: 0,0000055 seconds
2016-05-18T18:52:45.944-0500: 45,203: Total time for which application threads were stopped: 0,0000434 seconds, Stopping threads took: 0,0000171 seconds
2016-05-18T18:52:45.945-0500: 45,203: Total time for which application threads were stopped: 0,0001205 seconds, Stopping threads took: 0,0000071 seconds
2016-05-18T18:52:45.945-0500: 45,203: Total time for which application threads were stopped: 0,0000403 seconds, Stopping threads took: 0,0000082 seconds
2016-05-18T18:52:45.945-0500: 45,203: Total time for which application threads were stopped: 0,0000318 seconds, Stopping threads took: 0,0000062 seconds
2016-05-18T18:52:45.945-0500: 45,203: Total time for which application threads were stopped: 0,0000390 seconds, Stopping threads took: 0,0000139 seconds
2016-05-18T18:52:45.945-0500: 45,204: Total time for which application threads were stopped: 0,0000325 seconds, Stopping threads took: 0,0000062 seconds
2016-05-18T18:52:45.945-0500: 45,204: Total time for which application threads were stopped: 0,0000320 seconds, Stopping threads took: 0,0000060 seconds
2016-05-18T18:52:45.945-0500: 45,204: Total time for which application threads were stopped: 0,0000361 seconds, Stopping threads took: 0,0000063 seconds
2016-05-18T18:52:45.945-0500: 45,204: Total time for which application threads were stopped: 0,0000402 seconds, Stopping threads took: 0,0000094 seconds
2016-05-18T18:52:45.946-0500: 45,205: Total time for which application threads were stopped: 0,0000591 seconds, Stopping threads took: 0,0000084 seconds
2016-05-18T18:52:45.946-0500: 45,205: Total time for which application threads were stopped: 0,0000492 seconds, Stopping threads took: 0,0000109 seconds
2016-05-18T18:52:45.947-0500: 45,205: Total time for which application threads were stopped: 0,0000671 seconds, Stopping threads took: 0,0000263 seconds
2016-05-18T18:52:45.947-0500: 45,206: Total time for which application threads were stopped: 0,0000661 seconds, Stopping threads took: 0,0000139 seconds
2016-05-18T18:52:45.948-0500: 45,206: Total time for which application threads were stopped: 0,0000608 seconds, Stopping threads took: 0,0000137 seconds
2016-05-18T18:52:45.949-0500: 45,208: Total time for which application threads were stopped: 0,0000686 seconds, Stopping threads took: 0,0000155 seconds
2016-05-18T18:52:46.950-0500: 46,208: Total time for which application threads were stopped: 0,0000947 seconds, Stopping threads took: 0,0000238 seconds
2016-05-18T18:52:47.966-0500: 47,224: Total time for which application threads were stopped: 0,0001252 seconds, Stopping threads took: 0,0000383 seconds
2016-05-18T18:52:50.362-0500: 49,620: Total time for which application threads were stopped: 0,0001548 seconds, Stopping threads took: 0,0000238 seconds
2016-05-18T18:52:50.362-0500: 49,620: Total time for which application threads were stopped: 0,0000668 seconds, Stopping threads took: 0,0000080 seconds
2016-05-18T18:52:50.380-0500: 49,639: Total time for which application threads were stopped: 0,0001348 seconds, Stopping threads took: 0,0000331 seconds
2016-05-18T18:52:50.381-0500: 49,640: Total time for which application threads were stopped: 0,0000872 seconds, Stopping threads took: 0,0000187 seconds
2016-05-18T18:52:50.387-0500: 49,645: Total time for which application threads were stopped: 0,0010089 seconds, Stopping threads took: 0,0009077 seconds
2016-05-18T18:52:50.387-0500: 49,645: Total time for which application threads were stopped: 0,0000920 seconds, Stopping threads took: 0,0000414 seconds
2016-05-18T18:52:51.226-0500: 50,485: Total time for which application threads were stopped: 0,0001273 seconds, Stopping threads took: 0,0000161 seconds
2016-05-18T18:52:51.227-0500: 50,485: Total time for which application threads were stopped: 0,0000368 seconds, Stopping threads took: 0,0000044 seconds
2016-05-18T18:52:51.231-0500: 50,490: Total time for which application threads were stopped: 0,0000815 seconds, Stopping threads took: 0,0000168 seconds
2016-05-18T18:52:51.231-0500: 50,490: Total time for which application threads were stopped: 0,0000291 seconds, Stopping threads took: 0,0000053 seconds
2016-05-18T18:52:52.038-0500: 51,296: Total time for which application threads were stopped: 0,0001148 seconds, Stopping threads took: 0,0000218 seconds
2016-05-18T18:52:52.038-0500: 51,297: Total time for which application threads were stopped: 0,0000839 seconds, Stopping threads took: 0,0000157 seconds
2016-05-18T18:52:52.046-0500: 51,305: Total time for which application threads were stopped: 0,0001209 seconds, Stopping threads took: 0,0000295 seconds
2016-05-18T18:52:52.046-0500: 51,305: Total time for which application threads were stopped: 0,0000768 seconds, Stopping threads took: 0,0000158 seconds
2016-05-18T18:52:53.046-0500: 52,305: Total time for which application threads were stopped: 0,0000984 seconds, Stopping threads took: 0,0000255 seconds
2016-05-18T18:52:53.691-0500: 52,949: Total time for which application threads were stopped: 0,0001934 seconds, Stopping threads took: 0,0000215 seconds
2016-05-18T18:52:53.691-0500: 52,949: Total time for which application threads were stopped: 0,0000622 seconds, Stopping threads took: 0,0000113 seconds
2016-05-18T18:52:53.694-0500: 52,952: Total time for which application threads were stopped: 0,0000839 seconds, Stopping threads took: 0,0000169 seconds
2016-05-18T18:52:53.694-0500: 52,953: Total time for which application threads were stopped: 0,0000373 seconds, Stopping threads took: 0,0000074 seconds
2016-05-18T18:52:54.230-0500: 53,489: Total time for which application threads were stopped: 0,0001514 seconds, Stopping threads took: 0,0000257 seconds
2016-05-18T18:52:54.230-0500: 53,489: Total time for which application threads were stopped: 0,0001015 seconds, Stopping threads took: 0,0000260 seconds
2016-05-18T18:52:54.231-0500: 53,490: Total time for which application threads were stopped: 0,0001752 seconds, Stopping threads took: 0,0000227 seconds
2016-05-18T18:52:54.231-0500: 53,490: Total time for which application threads were stopped: 0,0001605 seconds, Stopping threads took: 0,0000194 seconds
2016-05-18T18:52:54.232-0500: 53,491: Total time for which application threads were stopped: 0,0001184 seconds, Stopping threads took: 0,0000126 seconds
2016-05-18T18:52:54.629-0500: 53,887: Total time for which application threads were stopped: 0,0003544 seconds, Stopping threads took: 0,0001775 seconds
2016-05-18T18:52:54.630-0500: 53,888: Total time for which application threads were stopped: 0,0001703 seconds, Stopping threads took: 0,0000639 seconds
2016-05-18T18:52:54.630-0500: 53,889: Total time for which application threads were stopped: 0,0000986 seconds, Stopping threads took: 0,0000241 seconds
2016-05-18T18:52:54.630-0500: 53,889: Total time for which application threads were stopped: 0,0000948 seconds, Stopping threads took: 0,0000342 seconds
2016-05-18T18:52:55.367-0500: 54,625: Total time for which application threads were stopped: 0,0001361 seconds, Stopping threads took: 0,0000205 seconds
2016-05-18T18:52:55.367-0500: 54,626: Total time for which application threads were stopped: 0,0000626 seconds, Stopping threads took: 0,0000058 seconds
2016-05-18T18:52:55.369-0500: 54,628: Total time for which application threads were stopped: 0,0000894 seconds, Stopping threads took: 0,0000199 seconds
2016-05-18T18:52:55.370-0500: 54,628: Total time for which application threads were stopped: 0,0000502 seconds, Stopping threads took: 0,0000091 seconds
2016-05-18T18:52:56.370-0500: 55,628: Total time for which application threads were stopped: 0,0000927 seconds, Stopping threads took: 0,0000227 seconds
2016-05-18T18:53:00.615-0500: 59,874: Total time for which application threads were stopped: 0,0001436 seconds, Stopping threads took: 0,0000262 seconds
2016-05-18T18:53:00.616-0500: 59,874: Total time for which application threads were stopped: 0,0000407 seconds, Stopping threads took: 0,0000075 seconds
2016-05-18T18:53:00.617-0500: 59,875: Total time for which application threads were stopped: 0,0001385 seconds, Stopping threads took: 0,0000549 seconds
2016-05-18T18:53:00.663-0500: 59,922: Total time for which application threads were stopped: 0,0003806 seconds, Stopping threads took: 0,0000558 seconds
2016-05-18T18:53:00.664-0500: 59,922: Total time for which application threads were stopped: 0,0002031 seconds, Stopping threads took: 0,0000492 seconds
2016-05-18T18:53:00.664-0500: 59,923: Total time for which application threads were stopped: 0,0000976 seconds, Stopping threads took: 0,0000397 seconds
2016-05-18T18:53:00.664-0500: 59,923: Total time for which application threads were stopped: 0,0002010 seconds, Stopping threads took: 0,0001595 seconds
2016-05-18T18:53:00.668-0500: 59,927: Total time for which application threads were stopped: 0,0002062 seconds, Stopping threads took: 0,0000621 seconds
2016-05-18T18:53:00.668-0500: 59,927: Total time for which application threads were stopped: 0,0001616 seconds, Stopping threads took: 0,0000269 seconds
2016-05-18T18:53:00.669-0500: 59,927: Total time for which application threads were stopped: 0,0001172 seconds, Stopping threads took: 0,0000228 seconds
2016-05-18T18:53:00.669-0500: 59,927: Total time for which application threads were stopped: 0,0001368 seconds, Stopping threads took: 0,0000281 seconds
2016-05-18T18:53:00.669-0500: 59,928: Total time for which application threads were stopped: 0,0000764 seconds, Stopping threads took: 0,0000258 seconds
2016-05-18T18:53:00.669-0500: 59,928: Total time for which application threads were stopped: 0,0000582 seconds, Stopping threads took: 0,0000195 seconds
2016-05-18T18:53:00.669-0500: 59,928: Total time for which application threads were stopped: 0,0000461 seconds, Stopping threads took: 0,0000089 seconds
2016-05-18T18:53:00.669-0500: 59,928: Total time for which application threads were stopped: 0,0000448 seconds, Stopping threads took: 0,0000085 seconds
2016-05-18T18:53:00.669-0500: 59,928: Total time for which application threads were stopped: 0,0000425 seconds, Stopping threads took: 0,0000088 seconds
2016-05-18T18:53:00.669-0500: 59,928: Total time for which application threads were stopped: 0,0000535 seconds, Stopping threads took: 0,0000093 seconds
2016-05-18T18:53:00.670-0500: 59,928: Total time for which application threads were stopped: 0,0000409 seconds, Stopping threads took: 0,0000062 seconds
2016-05-18T18:53:00.670-0500: 59,928: Total time for which application threads were stopped: 0,0000431 seconds, Stopping threads took: 0,0000068 seconds
2016-05-18T18:53:00.670-0500: 59,928: Total time for which application threads were stopped: 0,0000329 seconds, Stopping threads took: 0,0000066 seconds
2016-05-18T18:53:00.670-0500: 59,928: Total time for which application threads were stopped: 0,0000323 seconds, Stopping threads took: 0,0000067 seconds
2016-05-18T18:53:00.670-0500: 59,928: Total time for which application threads were stopped: 0,0000318 seconds, Stopping threads took: 0,0000064 seconds
2016-05-18T18:53:00.670-0500: 59,928: Total time for which application threads were stopped: 0,0000325 seconds, Stopping threads took: 0,0000068 seconds
2016-05-18T18:53:00.670-0500: 59,929: Total time for which application threads were stopped: 0,0001764 seconds, Stopping threads took: 0,0000064 seconds
2016-05-18T18:53:00.681-0500: 59,939: Total time for which application threads were stopped: 0,0002465 seconds, Stopping threads took: 0,0000453 seconds
2016-05-18T18:53:00.704-0500: 59,963: Total time for which application threads were stopped: 0,0001558 seconds, Stopping threads took: 0,0000587 seconds
2016-05-18T18:53:00.719-0500: 59,978: Total time for which application threads were stopped: 0,0001079 seconds, Stopping threads took: 0,0000403 seconds
2016-05-18T18:53:00.723-0500: 59,982: Total time for which application threads were stopped: 0,0000859 seconds, Stopping threads took: 0,0000175 seconds
2016-05-18T18:53:00.723-0500: 59,982: Total time for which application threads were stopped: 0,0000503 seconds, Stopping threads took: 0,0000108 seconds
2016-05-18T18:53:00.723-0500: 59,982: Total time for which application threads were stopped: 0,0000383 seconds, Stopping threads took: 0,0000083 seconds
2016-05-18T18:53:00.723-0500: 59,982: Total time for which application threads were stopped: 0,0000407 seconds, Stopping threads took: 0,0000104 seconds
2016-05-18T18:53:00.723-0500: 59,982: Total time for which application threads were stopped: 0,0000389 seconds, Stopping threads took: 0,0000090 seconds
2016-05-18T18:53:00.724-0500: 59,982: Total time for which application threads were stopped: 0,0000570 seconds, Stopping threads took: 0,0000205 seconds
2016-05-18T18:53:00.724-0500: 59,982: Total time for which application threads were stopped: 0,0000293 seconds, Stopping threads took: 0,0000063 seconds
2016-05-18T18:53:00.724-0500: 59,983: Total time for which application threads were stopped: 0,0000378 seconds, Stopping threads took: 0,0000082 seconds
2016-05-18T18:53:00.725-0500: 59,984: Total time for which application threads were stopped: 0,0000490 seconds, Stopping threads took: 0,0000100 seconds
2016-05-18T18:53:00.768-0500: 60,026: Total time for which application threads were stopped: 0,0001432 seconds, Stopping threads took: 0,0000449 seconds
2016-05-18T18:53:00.768-0500: 60,027: Total time for which application threads were stopped: 0,0001372 seconds, Stopping threads took: 0,0000749 seconds
2016-05-18T18:53:00.768-0500: 60,027: Total time for which application threads were stopped: 0,0000587 seconds, Stopping threads took: 0,0000133 seconds
2016-05-18T18:53:00.768-0500: 60,027: Total time for which application threads were stopped: 0,0000512 seconds, Stopping threads took: 0,0000186 seconds
2016-05-18T18:53:00.771-0500: 60,029: Total time for which application threads were stopped: 0,0001062 seconds, Stopping threads took: 0,0000436 seconds
2016-05-18T18:53:00.776-0500: 60,035: Total time for which application threads were stopped: 0,0000910 seconds, Stopping threads took: 0,0000217 seconds
2016-05-18T18:53:00.776-0500: 60,035: Total time for which application threads were stopped: 0,0000929 seconds, Stopping threads took: 0,0000229 seconds
2016-05-18T18:53:00.777-0500: 60,035: Total time for which application threads were stopped: 0,0000564 seconds, Stopping threads took: 0,0000194 seconds
2016-05-18T18:53:00.777-0500: 60,035: Total time for which application threads were stopped: 0,0000494 seconds, Stopping threads took: 0,0000067 seconds
2016-05-18T18:53:00.777-0500: 60,035: Total time for which application threads were stopped: 0,0000403 seconds, Stopping threads took: 0,0000061 seconds
2016-05-18T18:53:00.777-0500: 60,036: Total time for which application threads were stopped: 0,0001016 seconds, Stopping threads took: 0,0000062 seconds
2016-05-18T18:53:00.819-0500: 60,078: Total time for which application threads were stopped: 0,0000923 seconds, Stopping threads took: 0,0000286 seconds
2016-05-18T18:53:00.820-0500: 60,078: Total time for which application threads were stopped: 0,0000505 seconds, Stopping threads took: 0,0000214 seconds
2016-05-18T18:53:00.820-0500: 60,079: Total time for which application threads were stopped: 0,0000498 seconds, Stopping threads took: 0,0000218 seconds
2016-05-18T18:53:00.820-0500: 60,079: Total time for which application threads were stopped: 0,0000591 seconds, Stopping threads took: 0,0000310 seconds
2016-05-18T18:53:00.830-0500: 60,089: Total time for which application threads were stopped: 0,0001127 seconds, Stopping threads took: 0,0000315 seconds
2016-05-18T18:53:00.830-0500: 60,089: Total time for which application threads were stopped: 0,0000498 seconds, Stopping threads took: 0,0000178 seconds
2016-05-18T18:53:00.833-0500: 60,092: Total time for which application threads were stopped: 0,0000870 seconds, Stopping threads took: 0,0000255 seconds
2016-05-18T18:53:00.837-0500: 60,096: Total time for which application threads were stopped: 0,0000883 seconds, Stopping threads took: 0,0000208 seconds
2016-05-18T18:53:00.853-0500: 60,112: Total time for which application threads were stopped: 0,0000691 seconds, Stopping threads took: 0,0000220 seconds
2016-05-18T18:53:00.880-0500: 60,139: Total time for which application threads were stopped: 0,0003255 seconds, Stopping threads took: 0,0000273 seconds
2016-05-18T18:53:01.118-0500: 60,377: Total time for which application threads were stopped: 0,0003760 seconds, Stopping threads took: 0,0000265 seconds
2016-05-18T18:53:01.118-0500: 60,377: Total time for which application threads were stopped: 0,0001484 seconds, Stopping threads took: 0,0000303 seconds
2016-05-18T18:53:01.460-0500: 60,719: Total time for which application threads were stopped: 0,0002024 seconds, Stopping threads took: 0,0000427 seconds
2016-05-18T18:53:02.460-0500: 61,719: Total time for which application threads were stopped: 0,0000912 seconds, Stopping threads took: 0,0000228 seconds
2016-05-18T18:53:04.461-0500: 63,719: Total time for which application threads were stopped: 0,0000846 seconds, Stopping threads took: 0,0000210 seconds
2016-05-18T18:53:06.461-0500: 65,719: Total time for which application threads were stopped: 0,0001094 seconds, Stopping threads took: 0,0000348 seconds
{Heap before GC invocations=5 (full 1):
 par new generation   total 109248K, used 103666K [0x00000000e0000000, 0x00000000e8000000, 0x00000000e8000000)
  eden space 87424K, 100% used [0x00000000e0000000, 0x00000000e5560000, 0x00000000e5560000)
  from space 21824K,  74% used [0x00000000e6ab0000, 0x00000000e7a8cb08, 0x00000000e8000000)
  to   space 21824K,   0% used [0x00000000e5560000, 0x00000000e5560000, 0x00000000e6ab0000)
 concurrent mark-sweep generation total 393216K, used 0K [0x00000000e8000000, 0x0000000100000000, 0x0000000100000000)
 Metaspace       used 30980K, capacity 31344K, committed 31616K, reserved 1077248K
  class space    used 3516K, capacity 3666K, committed 3712K, reserved 1048576K
2016-05-18T18:53:09.752-0500: 69,011: [GC (Allocation Failure) 2016-05-18T18:53:09.752-0500: 69,011: [ParNew
Desired survivor size 20112992 bytes, new threshold 6 (max 8)
- age   1:   12515632 bytes,   12515632 total
- age   2:    3244144 bytes,   15759776 total
- age   3:     174552 bytes,   15934328 total
- age   4:     952640 bytes,   16886968 total
- age   5:    3005616 bytes,   19892584 total
- age   6:    2453616 bytes,   22346200 total
: 103666K->21824K(109248K), 0,3742202 secs] 103666K->56825K(502464K), 0,3743201 secs] [Times: user=0,27 sys=0,27, real=0,38 secs] 
Heap after GC invocations=6 (full 1):
 par new generation   total 109248K, used 21824K [0x00000000e0000000, 0x00000000e8000000, 0x00000000e8000000)
  eden space 87424K,   0% used [0x00000000e0000000, 0x00000000e0000000, 0x00000000e5560000)
  from space 21824K, 100% used [0x00000000e5560000, 0x00000000e6ab0000, 0x00000000e6ab0000)
  to   space 21824K,   0% used [0x00000000e6ab0000, 0x00000000e6ab0000, 0x00000000e8000000)
 concurrent mark-sweep generation total 393216K, used 35001K [0x00000000e8000000, 0x0000000100000000, 0x0000000100000000)
 Metaspace       used 30980K, capacity 31344K, committed 31616K, reserved 1077248K
  class space    used 3516K, capacity 3666K, committed 3712K, reserved 1048576K
}
2016-05-18T18:53:10.126-0500: 69,385: Total time for which application threads were stopped: 0,3745017 seconds, Stopping threads took: 0,0000224 seconds
2016-05-18T18:53:10.127-0500: 69,385: Total time for which application threads were stopped: 0,0000900 seconds, Stopping threads took: 0,0000240 seconds
2016-05-18T18:53:10.127-0500: 69,386: Total time for which application threads were stopped: 0,0000582 seconds, Stopping threads took: 0,0000101 seconds
2016-05-18T18:53:11.229-0500: 70,487: Total time for which application threads were stopped: 0,0003701 seconds, Stopping threads took: 0,0000278 seconds
2016-05-18T18:53:11.231-0500: 70,489: Total time for which application threads were stopped: 0,0002468 seconds, Stopping threads took: 0,0000215 seconds
2016-05-18T18:53:11.242-0500: 70,500: Total time for which application threads were stopped: 0,0000971 seconds, Stopping threads took: 0,0000305 seconds
2016-05-18T18:53:11.289-0500: 70,548: Total time for which application threads were stopped: 0,0001016 seconds, Stopping threads took: 0,0000231 seconds
2016-05-18T18:53:11.289-0500: 70,548: Total time for which application threads were stopped: 0,0000510 seconds, Stopping threads took: 0,0000201 seconds
2016-05-18T18:53:11.313-0500: 70,572: Total time for which application threads were stopped: 0,0001116 seconds, Stopping threads took: 0,0000264 seconds
2016-05-18T18:53:11.318-0500: 70,577: Total time for which application threads were stopped: 0,0003707 seconds, Stopping threads took: 0,0000312 seconds
2016-05-18T18:53:11.325-0500: 70,583: Total time for which application threads were stopped: 0,0001708 seconds, Stopping threads took: 0,0000670 seconds
2016-05-18T18:53:11.327-0500: 70,586: Total time for which application threads were stopped: 0,0001012 seconds, Stopping threads took: 0,0000322 seconds
2016-05-18T18:53:11.332-0500: 70,591: Total time for which application threads were stopped: 0,0001239 seconds, Stopping threads took: 0,0000400 seconds
2016-05-18T18:53:11.335-0500: 70,593: Total time for which application threads were stopped: 0,0001116 seconds, Stopping threads took: 0,0000330 seconds
2016-05-18T18:53:11.337-0500: 70,595: Total time for which application threads were stopped: 0,0001766 seconds, Stopping threads took: 0,0001017 seconds
2016-05-18T18:53:11.339-0500: 70,597: Total time for which application threads were stopped: 0,0000684 seconds, Stopping threads took: 0,0000213 seconds
2016-05-18T18:53:11.341-0500: 70,599: Total time for which application threads were stopped: 0,0000944 seconds, Stopping threads took: 0,0000337 seconds
2016-05-18T18:53:11.343-0500: 70,602: Total time for which application threads were stopped: 0,0001810 seconds, Stopping threads took: 0,0000833 seconds
2016-05-18T18:53:11.345-0500: 70,604: Total time for which application threads were stopped: 0,0001500 seconds, Stopping threads took: 0,0000453 seconds
2016-05-18T18:53:11.347-0500: 70,606: Total time for which application threads were stopped: 0,0001799 seconds, Stopping threads took: 0,0000988 seconds
2016-05-18T18:53:11.349-0500: 70,608: Total time for which application threads were stopped: 0,0000761 seconds, Stopping threads took: 0,0000180 seconds
2016-05-18T18:53:11.353-0500: 70,611: Total time for which application threads were stopped: 0,0001537 seconds, Stopping threads took: 0,0000667 seconds
2016-05-18T18:53:11.355-0500: 70,613: Total time for which application threads were stopped: 0,0001284 seconds, Stopping threads took: 0,0000289 seconds
2016-05-18T18:53:11.356-0500: 70,615: Total time for which application threads were stopped: 0,0001439 seconds, Stopping threads took: 0,0000706 seconds
2016-05-18T18:53:11.358-0500: 70,617: Total time for which application threads were stopped: 0,0001149 seconds, Stopping threads took: 0,0000287 seconds
2016-05-18T18:53:11.361-0500: 70,619: Total time for which application threads were stopped: 0,0001133 seconds, Stopping threads took: 0,0000277 seconds
2016-05-18T18:53:11.362-0500: 70,621: Total time for which application threads were stopped: 0,0001048 seconds, Stopping threads took: 0,0000377 seconds
2016-05-18T18:53:11.364-0500: 70,623: Total time for which application threads were stopped: 0,0000941 seconds, Stopping threads took: 0,0000313 seconds
2016-05-18T18:53:11.366-0500: 70,624: Total time for which application threads were stopped: 0,0002268 seconds, Stopping threads took: 0,0000922 seconds
2016-05-18T18:53:11.472-0500: 70,731: Total time for which application threads were stopped: 0,0002148 seconds, Stopping threads took: 0,0000319 seconds
2016-05-18T18:53:11.709-0500: 70,968: Total time for which application threads were stopped: 0,0001650 seconds, Stopping threads took: 0,0000253 seconds
{Heap before GC invocations=6 (full 1):
 par new generation   total 109248K, used 109248K [0x00000000e0000000, 0x00000000e8000000, 0x00000000e8000000)
  eden space 87424K, 100% used [0x00000000e0000000, 0x00000000e5560000, 0x00000000e5560000)
  from space 21824K, 100% used [0x00000000e5560000, 0x00000000e6ab0000, 0x00000000e6ab0000)
  to   space 21824K,   0% used [0x00000000e6ab0000, 0x00000000e6ab0000, 0x00000000e8000000)
 concurrent mark-sweep generation total 393216K, used 35001K [0x00000000e8000000, 0x0000000100000000, 0x0000000100000000)
 Metaspace       used 32314K, capacity 32752K, committed 33024K, reserved 1079296K
  class space    used 3585K, capacity 3730K, committed 3840K, reserved 1048576K
2016-05-18T18:53:11.981-0500: 71,240: [GC (Allocation Failure) 2016-05-18T18:53:11.981-0500: 71,240: [ParNew
Desired survivor size 20112992 bytes, new threshold 6 (max 8)
- age   1:    5359792 bytes,    5359792 total
- age   2:    9654360 bytes,   15014152 total
- age   3:    3197544 bytes,   18211696 total
- age   4:     174536 bytes,   18386232 total
- age   5:     952576 bytes,   19338808 total
- age   6:    3005568 bytes,   22344376 total
: 109248K->21824K(109248K), 0,1191590 secs] 144249K->66804K(502464K), 0,1192272 secs] [Times: user=0,09 sys=0,10, real=0,12 secs] 
Heap after GC invocations=7 (full 1):
 par new generation   total 109248K, used 21824K [0x00000000e0000000, 0x00000000e8000000, 0x00000000e8000000)
  eden space 87424K,   0% used [0x00000000e0000000, 0x00000000e0000000, 0x00000000e5560000)
  from space 21824K, 100% used [0x00000000e6ab0000, 0x00000000e8000000, 0x00000000e8000000)
  to   space 21824K,   0% used [0x00000000e5560000, 0x00000000e5560000, 0x00000000e6ab0000)
 concurrent mark-sweep generation total 393216K, used 44980K [0x00000000e8000000, 0x0000000100000000, 0x0000000100000000)
 Metaspace       used 32314K, capacity 32752K, committed 33024K, reserved 1079296K
  class space    used 3585K, capacity 3730K, committed 3840K, reserved 1048576K
}
2016-05-18T18:53:12.101-0500: 71,359: Total time for which application threads were stopped: 0,1194832 seconds, Stopping threads took: 0,0000339 seconds
{Heap before GC invocations=7 (full 1):
 par new generation   total 109248K, used 109248K [0x00000000e0000000, 0x00000000e8000000, 0x00000000e8000000)
  eden space 87424K, 100% used [0x00000000e0000000, 0x00000000e5560000, 0x00000000e5560000)
  from space 21824K, 100% used [0x00000000e6ab0000, 0x00000000e8000000, 0x00000000e8000000)
  to   space 21824K,   0% used [0x00000000e5560000, 0x00000000e5560000, 0x00000000e6ab0000)
 concurrent mark-sweep generation total 393216K, used 44980K [0x00000000e8000000, 0x0000000100000000, 0x0000000100000000)
 Metaspace       used 32349K, capacity 32752K, committed 33024K, reserved 1079296K
  class space    used 3585K, capacity 3730K, committed 3840K, reserved 1048576K
2016-05-18T18:53:12.542-0500: 71,800: [GC (Allocation Failure) 2016-05-18T18:53:12.542-0500: 71,800: [ParNew
Desired survivor size 20112992 bytes, new threshold 4 (max 8)
- age   1:    5699328 bytes,    5699328 total
- age   2:    4729336 bytes,   10428664 total
- age   3:    7649512 bytes,   18078176 total
- age   4:    3142080 bytes,   21220256 total
- age   5:     174536 bytes,   21394792 total
- age   6:     952576 bytes,   22347368 total
: 109248K->21824K(109248K), 0,0741729 secs] 154228K->72367K(502464K), 0,0742520 secs] [Times: user=0,09 sys=0,06, real=0,08 secs] 
Heap after GC invocations=8 (full 1):
 par new generation   total 109248K, used 21824K [0x00000000e0000000, 0x00000000e8000000, 0x00000000e8000000)
  eden space 87424K,   0% used [0x00000000e0000000, 0x00000000e0000000, 0x00000000e5560000)
  from space 21824K, 100% used [0x00000000e5560000, 0x00000000e6ab0000, 0x00000000e6ab0000)
  to   space 21824K,   0% used [0x00000000e6ab0000, 0x00000000e6ab0000, 0x00000000e8000000)
 concurrent mark-sweep generation total 393216K, used 50543K [0x00000000e8000000, 0x0000000100000000, 0x0000000100000000)
 Metaspace       used 32349K, capacity 32752K, committed 33024K, reserved 1079296K
  class space    used 3585K, capacity 3730K, committed 3840K, reserved 1048576K
}
2016-05-18T18:53:12.616-0500: 71,875: Total time for which application threads were stopped: 0,0744735 seconds, Stopping threads took: 0,0000274 seconds
2016-05-18T18:53:12.936-0500: 72,195: Total time for which application threads were stopped: 0,0001574 seconds, Stopping threads took: 0,0000316 seconds
{Heap before GC invocations=8 (full 1):
 par new generation   total 109248K, used 109248K [0x00000000e0000000, 0x00000000e8000000, 0x00000000e8000000)
  eden space 87424K, 100% used [0x00000000e0000000, 0x00000000e5560000, 0x00000000e5560000)
  from space 21824K, 100% used [0x00000000e5560000, 0x00000000e6ab0000, 0x00000000e6ab0000)
  to   space 21824K,   0% used [0x00000000e6ab0000, 0x00000000e6ab0000, 0x00000000e8000000)
 concurrent mark-sweep generation total 393216K, used 50543K [0x00000000e8000000, 0x0000000100000000, 0x0000000100000000)
 Metaspace       used 32350K, capacity 32752K, committed 33024K, reserved 1079296K
  class space    used 3585K, capacity 3730K, committed 3840K, reserved 1048576K
2016-05-18T18:53:12.994-0500: 72,252: [GC (Allocation Failure) 2016-05-18T18:53:12.994-0500: 72,253: [ParNew
Desired survivor size 20112992 bytes, new threshold 8 (max 8)
- age   1:    4708128 bytes,    4708128 total
- age   2:    2809600 bytes,    7517728 total
- age   3:    4209584 bytes,   11727312 total
- age   4:    2701440 bytes,   14428752 total
: 109248K->21824K(109248K), 0,1067742 secs] 159791K->84511K(502464K), 0,1068928 secs] [Times: user=0,06 sys=0,09, real=0,10 secs] 
Heap after GC invocations=9 (full 1):
 par new generation   total 109248K, used 21824K [0x00000000e0000000, 0x00000000e8000000, 0x00000000e8000000)
  eden space 87424K,   0% used [0x00000000e0000000, 0x00000000e0000000, 0x00000000e5560000)
  from space 21824K, 100% used [0x00000000e6ab0000, 0x00000000e8000000, 0x00000000e8000000)
  to   space 21824K,   0% used [0x00000000e5560000, 0x00000000e5560000, 0x00000000e6ab0000)
 concurrent mark-sweep generation total 393216K, used 62687K [0x00000000e8000000, 0x0000000100000000, 0x0000000100000000)
 Metaspace       used 32350K, capacity 32752K, committed 33024K, reserved 1079296K
  class space    used 3585K, capacity 3730K, committed 3840K, reserved 1048576K
}
2016-05-18T18:53:13.101-0500: 72,359: Total time for which application threads were stopped: 0,1070747 seconds, Stopping threads took: 0,0000272 seconds
{Heap before GC invocations=9 (full 1):
 par new generation   total 109248K, used 109248K [0x00000000e0000000, 0x00000000e8000000, 0x00000000e8000000)
  eden space 87424K, 100% used [0x00000000e0000000, 0x00000000e5560000, 0x00000000e5560000)
  from space 21824K, 100% used [0x00000000e6ab0000, 0x00000000e8000000, 0x00000000e8000000)
  to   space 21824K,   0% used [0x00000000e5560000, 0x00000000e5560000, 0x00000000e6ab0000)
 concurrent mark-sweep generation total 393216K, used 62687K [0x00000000e8000000, 0x0000000100000000, 0x0000000100000000)
 Metaspace       used 32351K, capacity 32752K, committed 33024K, reserved 1079296K
  class space    used 3585K, capacity 3730K, committed 3840K, reserved 1048576K
2016-05-18T18:53:13.449-0500: 72,708: [GC (Allocation Failure) 2016-05-18T18:53:13.449-0500: 72,708: [ParNew
Desired survivor size 20112992 bytes, new threshold 8 (max 8)
- age   1:    7989344 bytes,    7989344 total
- age   2:    2492968 bytes,   10482312 total
- age   3:    1980792 bytes,   12463104 total
- age   4:    4174984 bytes,   16638088 total
- age   5:    2699048 bytes,   19337136 total
: 109248K->21824K(109248K), 0,0109928 secs] 171935K->84970K(502464K), 0,0110598 secs] [Times: user=0,03 sys=0,00, real=0,01 secs] 
Heap after GC invocations=10 (full 1):
 par new generation   total 109248K, used 21824K [0x00000000e0000000, 0x00000000e8000000, 0x00000000e8000000)
  eden space 87424K,   0% used [0x00000000e0000000, 0x00000000e0000000, 0x00000000e5560000)
  from space 21824K, 100% used [0x00000000e5560000, 0x00000000e6ab0000, 0x00000000e6ab0000)
  to   space 21824K,   0% used [0x00000000e6ab0000, 0x00000000e6ab0000, 0x00000000e8000000)
 concurrent mark-sweep generation total 393216K, used 63146K [0x00000000e8000000, 0x0000000100000000, 0x0000000100000000)
 Metaspace       used 32351K, capacity 32752K, committed 33024K, reserved 1079296K
  class space    used 3585K, capacity 3730K, committed 3840K, reserved 1048576K
}
2016-05-18T18:53:13.461-0500: 72,719: Total time for which application threads were stopped: 0,0112409 seconds, Stopping threads took: 0,0000303 seconds
{Heap before GC invocations=10 (full 1):
 par new generation   total 109248K, used 109248K [0x00000000e0000000, 0x00000000e8000000, 0x00000000e8000000)
  eden space 87424K, 100% used [0x00000000e0000000, 0x00000000e5560000, 0x00000000e5560000)
  from space 21824K, 100% used [0x00000000e5560000, 0x00000000e6ab0000, 0x00000000e6ab0000)
  to   space 21824K,   0% used [0x00000000e6ab0000, 0x00000000e6ab0000, 0x00000000e8000000)
 concurrent mark-sweep generation total 393216K, used 63146K [0x00000000e8000000, 0x0000000100000000, 0x0000000100000000)
 Metaspace       used 32353K, capacity 32752K, committed 33024K, reserved 1079296K
  class space    used 3586K, capacity 3730K, committed 3840K, reserved 1048576K
2016-05-18T18:53:13.782-0500: 73,041: [GC (Allocation Failure) 2016-05-18T18:53:13.782-0500: 73,041: [ParNew
Desired survivor size 20112992 bytes, new threshold 6 (max 8)
- age   1:    6284008 bytes,    6284008 total
- age   2:    4027224 bytes,   10311232 total
- age   3:    2269832 bytes,   12581064 total
- age   4:    1872776 bytes,   14453840 total
- age   5:    4166664 bytes,   18620504 total
- age   6:    2699048 bytes,   21319552 total
: 109248K->21824K(109248K), 0,0217078 secs] 172394K->87017K(502464K), 0,0217674 secs] [Times: user=0,06 sys=0,01, real=0,02 secs] 
Heap after GC invocations=11 (full 1):
 par new generation   total 109248K, used 21824K [0x00000000e0000000, 0x00000000e8000000, 0x00000000e8000000)
  eden space 87424K,   0% used [0x00000000e0000000, 0x00000000e0000000, 0x00000000e5560000)
  from space 21824K, 100% used [0x00000000e6ab0000, 0x00000000e8000000, 0x00000000e8000000)
  to   space 21824K,   0% used [0x00000000e5560000, 0x00000000e5560000, 0x00000000e6ab0000)
 concurrent mark-sweep generation total 393216K, used 65193K [0x00000000e8000000, 0x0000000100000000, 0x0000000100000000)
 Metaspace       used 32353K, capacity 32752K, committed 33024K, reserved 1079296K
  class space    used 3586K, capacity 3730K, committed 3840K, reserved 1048576K
}
2016-05-18T18:53:13.804-0500: 73,062: Total time for which application threads were stopped: 0,0219472 seconds, Stopping threads took: 0,0000266 seconds
{Heap before GC invocations=11 (full 1):
 par new generation   total 109248K, used 109248K [0x00000000e0000000, 0x00000000e8000000, 0x00000000e8000000)
  eden space 87424K, 100% used [0x00000000e0000000, 0x00000000e5560000, 0x00000000e5560000)
  from space 21824K, 100% used [0x00000000e6ab0000, 0x00000000e8000000, 0x00000000e8000000)
  to   space 21824K,   0% used [0x00000000e5560000, 0x00000000e5560000, 0x00000000e6ab0000)
 concurrent mark-sweep generation total 393216K, used 65193K [0x00000000e8000000, 0x0000000100000000, 0x0000000100000000)
 Metaspace       used 32353K, capacity 32752K, committed 33024K, reserved 1079296K
  class space    used 3586K, capacity 3730K, committed 3840K, reserved 1048576K
2016-05-18T18:53:14.155-0500: 73,414: [GC (Allocation Failure) 2016-05-18T18:53:14.155-0500: 73,414: [ParNew
Desired survivor size 20112992 bytes, new threshold 8 (max 8)
- age   1:    5487744 bytes,    5487744 total
- age   2:    2668144 bytes,    8155888 total
- age   3:    2559072 bytes,   10714960 total
- age   4:    2086416 bytes,   12801376 total
- age   5:    1835440 bytes,   14636816 total
- age   6:    4132168 bytes,   18768984 total
: 109248K->21824K(109248K), 0,0194050 secs] 174441K->94768K(502464K), 0,0194873 secs] [Times: user=0,06 sys=0,00, real=0,02 secs] 
Heap after GC invocations=12 (full 1):
 par new generation   total 109248K, used 21824K [0x00000000e0000000, 0x00000000e8000000, 0x00000000e8000000)
  eden space 87424K,   0% used [0x00000000e0000000, 0x00000000e0000000, 0x00000000e5560000)
  from space 21824K, 100% used [0x00000000e5560000, 0x00000000e6ab0000, 0x00000000e6ab0000)
  to   space 21824K,   0% used [0x00000000e6ab0000, 0x00000000e6ab0000, 0x00000000e8000000)
 concurrent mark-sweep generation total 393216K, used 72944K [0x00000000e8000000, 0x0000000100000000, 0x0000000100000000)
 Metaspace       used 32353K, capacity 32752K, committed 33024K, reserved 1079296K
  class space    used 3586K, capacity 3730K, committed 3840K, reserved 1048576K
}
2016-05-18T18:53:14.175-0500: 73,434: Total time for which application threads were stopped: 0,0196866 seconds, Stopping threads took: 0,0000282 seconds
{Heap before GC invocations=12 (full 1):
 par new generation   total 109248K, used 109248K [0x00000000e0000000, 0x00000000e8000000, 0x00000000e8000000)
  eden space 87424K, 100% used [0x00000000e0000000, 0x00000000e5560000, 0x00000000e5560000)
  from space 21824K, 100% used [0x00000000e5560000, 0x00000000e6ab0000, 0x00000000e6ab0000)
  to   space 21824K,   0% used [0x00000000e6ab0000, 0x00000000e6ab0000, 0x00000000e8000000)
 concurrent mark-sweep generation total 393216K, used 72944K [0x00000000e8000000, 0x0000000100000000, 0x0000000100000000)
 Metaspace       used 32358K, capacity 32752K, committed 33024K, reserved 1079296K
  class space    used 3586K, capacity 3730K, committed 3840K, reserved 1048576K
2016-05-18T18:53:14.530-0500: 73,789: [GC (Allocation Failure) 2016-05-18T18:53:14.530-0500: 73,789: [ParNew
Desired survivor size 20112992 bytes, new threshold 7 (max 8)
- age   1:    6343648 bytes,    6343648 total
- age   2:    2528512 bytes,    8872160 total
- age   3:    2547768 bytes,   11419928 total
- age   4:    2412648 bytes,   13832576 total
- age   5:    2004112 bytes,   15836688 total
- age   6:    1560216 bytes,   17396904 total
- age   7:    3931024 bytes,   21327928 total
: 109248K->21824K(109248K), 0,0486199 secs] 182192K->99684K(502464K), 0,0486836 secs] [Times: user=0,10 sys=0,04, real=0,05 secs] 
Heap after GC invocations=13 (full 1):
 par new generation   total 109248K, used 21824K [0x00000000e0000000, 0x00000000e8000000, 0x00000000e8000000)
  eden space 87424K,   0% used [0x00000000e0000000, 0x00000000e0000000, 0x00000000e5560000)
  from space 21824K, 100% used [0x00000000e6ab0000, 0x00000000e8000000, 0x00000000e8000000)
  to   space 21824K,   0% used [0x00000000e5560000, 0x00000000e5560000, 0x00000000e6ab0000)
 concurrent mark-sweep generation total 393216K, used 77860K [0x00000000e8000000, 0x0000000100000000, 0x0000000100000000)
 Metaspace       used 32358K, capacity 32752K, committed 33024K, reserved 1079296K
  class space    used 3586K, capacity 3730K, committed 3840K, reserved 1048576K
}
2016-05-18T18:53:14.579-0500: 73,838: Total time for which application threads were stopped: 0,0488660 seconds, Stopping threads took: 0,0000280 seconds
2016-05-18T18:53:14.606-0500: 73,865: Total time for which application threads were stopped: 0,0001044 seconds, Stopping threads took: 0,0000308 seconds
2016-05-18T18:53:15.051-0500: 74,310: Total time for which application threads were stopped: 0,0012355 seconds, Stopping threads took: 0,0000379 seconds
{Heap before GC invocations=13 (full 1):
 par new generation   total 109248K, used 109248K [0x00000000e0000000, 0x00000000e8000000, 0x00000000e8000000)
  eden space 87424K, 100% used [0x00000000e0000000, 0x00000000e5560000, 0x00000000e5560000)
  from space 21824K, 100% used [0x00000000e6ab0000, 0x00000000e8000000, 0x00000000e8000000)
  to   space 21824K,   0% used [0x00000000e5560000, 0x00000000e5560000, 0x00000000e6ab0000)
 concurrent mark-sweep generation total 393216K, used 77860K [0x00000000e8000000, 0x0000000100000000, 0x0000000100000000)
 Metaspace       used 32744K, capacity 33136K, committed 33536K, reserved 1079296K
  class space    used 3614K, capacity 3730K, committed 3840K, reserved 1048576K
2016-05-18T18:53:15.420-0500: 74,679: [GC (Allocation Failure) 2016-05-18T18:53:15.420-0500: 74,679: [ParNew
Desired survivor size 20112992 bytes, new threshold 8 (max 8)
- age   1:     830672 bytes,     830672 total
- age   2:    1295360 bytes,    2126032 total
- age   3:    2114976 bytes,    4241008 total
- age   4:    2315416 bytes,    6556424 total
- age   5:    2206128 bytes,    8762552 total
- age   6:    1743488 bytes,   10506040 total
- age   7:    1478312 bytes,   11984352 total
: 109248K->21824K(109248K), 0,0371853 secs] 187108K->109813K(502464K), 0,0372539 secs] [Times: user=0,08 sys=0,02, real=0,04 secs] 
Heap after GC invocations=14 (full 1):
 par new generation   total 109248K, used 21824K [0x00000000e0000000, 0x00000000e8000000, 0x00000000e8000000)
  eden space 87424K,   0% used [0x00000000e0000000, 0x00000000e0000000, 0x00000000e5560000)
  from space 21824K, 100% used [0x00000000e5560000, 0x00000000e6ab0000, 0x00000000e6ab0000)
  to   space 21824K,   0% used [0x00000000e6ab0000, 0x00000000e6ab0000, 0x00000000e8000000)
 concurrent mark-sweep generation total 393216K, used 87989K [0x00000000e8000000, 0x0000000100000000, 0x0000000100000000)
 Metaspace       used 32744K, capacity 33136K, committed 33536K, reserved 1079296K
  class space    used 3614K, capacity 3730K, committed 3840K, reserved 1048576K
}
2016-05-18T18:53:15.457-0500: 74,716: Total time for which application threads were stopped: 0,0374905 seconds, Stopping threads took: 0,0000418 seconds
2016-05-18T18:53:15.732-0500: 74,991: Total time for which application threads were stopped: 0,0002219 seconds, Stopping threads took: 0,0000624 seconds
{Heap before GC invocations=14 (full 1):
 par new generation   total 109248K, used 109248K [0x00000000e0000000, 0x00000000e8000000, 0x00000000e8000000)
  eden space 87424K, 100% used [0x00000000e0000000, 0x00000000e5560000, 0x00000000e5560000)
  from space 21824K, 100% used [0x00000000e5560000, 0x00000000e6ab0000, 0x00000000e6ab0000)
  to   space 21824K,   0% used [0x00000000e6ab0000, 0x00000000e6ab0000, 0x00000000e8000000)
 concurrent mark-sweep generation total 393216K, used 87989K [0x00000000e8000000, 0x0000000100000000, 0x0000000100000000)
 Metaspace       used 32826K, capacity 33232K, committed 33536K, reserved 1079296K
  class space    used 3624K, capacity 3762K, committed 3840K, reserved 1048576K
2016-05-18T18:53:16.313-0500: 75,572: [GC (Allocation Failure) 2016-05-18T18:53:16.313-0500: 75,572: [ParNew
Desired survivor size 20112992 bytes, new threshold 8 (max 8)
- age   1:     360352 bytes,     360352 total
- age   2:     206208 bytes,     566560 total
- age   3:    1281104 bytes,    1847664 total
- age   4:    2099776 bytes,    3947440 total
- age   5:    2299336 bytes,    6246776 total
- age   6:    2191728 bytes,    8438504 total
- age   7:    1723992 bytes,   10162496 total
- age   8:    1477184 bytes,   11639680 total
: 109248K->14508K(109248K), 0,0085505 secs] 197237K->102497K(502464K), 0,0086261 secs] [Times: user=0,02 sys=0,00, real=0,00 secs] 
Heap after GC invocations=15 (full 1):
 par new generation   total 109248K, used 14508K [0x00000000e0000000, 0x00000000e8000000, 0x00000000e8000000)
  eden space 87424K,   0% used [0x00000000e0000000, 0x00000000e0000000, 0x00000000e5560000)
  from space 21824K,  66% used [0x00000000e6ab0000, 0x00000000e78db0c0, 0x00000000e8000000)
  to   space 21824K,   0% used [0x00000000e5560000, 0x00000000e5560000, 0x00000000e6ab0000)
 concurrent mark-sweep generation total 393216K, used 87989K [0x00000000e8000000, 0x0000000100000000, 0x0000000100000000)
 Metaspace       used 32826K, capacity 33232K, committed 33536K, reserved 1079296K
  class space    used 3624K, capacity 3762K, committed 3840K, reserved 1048576K
}
2016-05-18T18:53:16.322-0500: 75,581: Total time for which application threads were stopped: 0,0088074 seconds, Stopping threads took: 0,0000338 seconds
2016-05-18T18:53:17.307-0500: 76,566: Total time for which application threads were stopped: 0,0001112 seconds, Stopping threads took: 0,0000248 seconds
2016-05-18T18:53:17.308-0500: 76,566: Total time for which application threads were stopped: 0,0000699 seconds, Stopping threads took: 0,0000156 seconds
2016-05-18T18:53:17.355-0500: 76,614: Total time for which application threads were stopped: 0,0005229 seconds, Stopping threads took: 0,0000193 seconds
2016-05-18T18:53:17.369-0500: 76,628: Total time for which application threads were stopped: 0,0004539 seconds, Stopping threads took: 0,0000173 seconds
2016-05-18T18:53:17.376-0500: 76,635: Total time for which application threads were stopped: 0,0001090 seconds, Stopping threads took: 0,0000261 seconds
2016-05-18T18:53:17.378-0500: 76,636: Total time for which application threads were stopped: 0,0004668 seconds, Stopping threads took: 0,0000427 seconds
2016-05-18T18:53:18.378-0500: 77,636: Total time for which application threads were stopped: 0,0001000 seconds, Stopping threads took: 0,0000246 seconds
2016-05-18T18:53:19.378-0500: 78,637: Total time for which application threads were stopped: 0,0000869 seconds, Stopping threads took: 0,0000194 seconds
2016-05-18T18:53:22.378-0500: 81,637: Total time for which application threads were stopped: 0,0000849 seconds, Stopping threads took: 0,0000222 seconds
2016-05-18T18:53:24.379-0500: 83,637: Total time for which application threads were stopped: 0,0000840 seconds, Stopping threads took: 0,0000202 seconds
2016-05-18T18:53:45.381-0500: 104,639: Total time for which application threads were stopped: 0,0000787 seconds, Stopping threads took: 0,0000205 seconds
2016-05-18T18:53:48.381-0500: 107,640: Total time for which application threads were stopped: 0,0000826 seconds, Stopping threads took: 0,0000208 seconds
2016-05-18T18:53:54.630-0500: 113,889: Total time for which application threads were stopped: 0,0001786 seconds, Stopping threads took: 0,0000426 seconds
2016-05-18T18:53:55.370-0500: 114,628: Total time for which application threads were stopped: 0,0000789 seconds, Stopping threads took: 0,0000185 seconds
2016-05-18T18:53:58.370-0500: 117,629: Total time for which application threads were stopped: 0,0000958 seconds, Stopping threads took: 0,0000224 seconds
2016-05-18T18:53:58.841-0500: 118,100: Total time for which application threads were stopped: 0,0002048 seconds, Stopping threads took: 0,0000715 seconds
2016-05-18T18:53:58.841-0500: 118,100: Total time for which application threads were stopped: 0,0000781 seconds, Stopping threads took: 0,0000201 seconds
2016-05-18T18:53:58.844-0500: 118,102: Total time for which application threads were stopped: 0,0001146 seconds, Stopping threads took: 0,0000157 seconds
2016-05-18T18:53:58.844-0500: 118,102: Total time for which application threads were stopped: 0,0000860 seconds, Stopping threads took: 0,0000280 seconds
2016-05-18T18:53:59.844-0500: 119,103: Total time for which application threads were stopped: 0,0001553 seconds, Stopping threads took: 0,0000391 seconds
2016-05-18T18:54:00.999-0500: 120,257: Total time for which application threads were stopped: 0,0001562 seconds, Stopping threads took: 0,0000341 seconds
2016-05-18T18:54:01.000-0500: 120,259: Total time for which application threads were stopped: 0,0006157 seconds, Stopping threads took: 0,0000198 seconds
2016-05-18T18:54:01.002-0500: 120,261: Total time for which application threads were stopped: 0,0001187 seconds, Stopping threads took: 0,0000446 seconds
2016-05-18T18:54:01.053-0500: 120,312: Total time for which application threads were stopped: 0,0001041 seconds, Stopping threads took: 0,0000212 seconds
2016-05-18T18:54:01.067-0500: 120,326: Total time for which application threads were stopped: 0,0001396 seconds, Stopping threads took: 0,0000369 seconds
2016-05-18T18:54:01.075-0500: 120,334: Total time for which application threads were stopped: 0,0001669 seconds, Stopping threads took: 0,0000322 seconds
2016-05-18T18:54:01.075-0500: 120,334: Total time for which application threads were stopped: 0,0000491 seconds, Stopping threads took: 0,0000109 seconds
2016-05-18T18:54:01.076-0500: 120,335: Total time for which application threads were stopped: 0,0001053 seconds, Stopping threads took: 0,0000305 seconds
2016-05-18T18:54:01.076-0500: 120,335: Total time for which application threads were stopped: 0,0000791 seconds, Stopping threads took: 0,0000224 seconds
2016-05-18T18:54:02.076-0500: 121,335: Total time for which application threads were stopped: 0,0000945 seconds, Stopping threads took: 0,0000206 seconds
2016-05-18T18:55:01.076-0500: 180,335: Total time for which application threads were stopped: 0,0001428 seconds, Stopping threads took: 0,0000423 seconds
2016-05-18T19:03:56.000-0500: 715,259: Total time for which application threads were stopped: 0,0002012 seconds, Stopping threads took: 0,0001082 seconds
2016-05-18T19:03:56.061-0500: 715,320: Total time for which application threads were stopped: 0,0002075 seconds, Stopping threads took: 0,0001233 seconds
2016-05-18T19:04:08.890-0500: 728,148: Total time for which application threads were stopped: 0,0001229 seconds, Stopping threads took: 0,0000352 seconds
2016-05-18T19:04:08.892-0500: 728,151: Total time for which application threads were stopped: 0,0001050 seconds, Stopping threads took: 0,0000281 seconds
2016-05-18T19:04:38.719-0500: 757,977: Total time for which application threads were stopped: 0,0001362 seconds, Stopping threads took: 0,0000418 seconds
2016-05-18T19:04:38.783-0500: 758,042: Total time for which application threads were stopped: 0,0001026 seconds, Stopping threads took: 0,0000270 seconds
2016-05-18T19:04:38.828-0500: 758,087: Total time for which application threads were stopped: 0,0001013 seconds, Stopping threads took: 0,0000179 seconds
2016-05-18T19:04:39.210-0500: 758,469: Total time for which application threads were stopped: 0,0006234 seconds, Stopping threads took: 0,0000294 seconds
2016-05-18T19:04:39.344-0500: 758,602: Total time for which application threads were stopped: 0,0001725 seconds, Stopping threads took: 0,0000512 seconds
2016-05-18T19:04:39.344-0500: 758,602: Total time for which application threads were stopped: 0,0000693 seconds, Stopping threads took: 0,0000266 seconds
2016-05-18T19:04:40.344-0500: 759,603: Total time for which application threads were stopped: 0,0001421 seconds, Stopping threads took: 0,0000463 seconds
2016-05-18T19:05:13.425-0500: 792,684: Total time for which application threads were stopped: 0,0001872 seconds, Stopping threads took: 0,0001041 seconds
2016-05-18T19:05:13.429-0500: 792,687: Total time for which application threads were stopped: 0,0000834 seconds, Stopping threads took: 0,0000144 seconds
2016-05-18T19:05:14.429-0500: 793,687: Total time for which application threads were stopped: 0,0000884 seconds, Stopping threads took: 0,0000217 seconds
2016-05-18T19:05:22.711-0500: 801,970: Total time for which application threads were stopped: 0,0001227 seconds, Stopping threads took: 0,0000503 seconds
2016-05-18T19:05:22.715-0500: 801,974: Total time for which application threads were stopped: 0,0001023 seconds, Stopping threads took: 0,0000302 seconds
2016-05-18T19:05:23.715-0500: 802,974: Total time for which application threads were stopped: 0,0001179 seconds, Stopping threads took: 0,0000234 seconds
2016-05-18T19:06:16.384-0500: 855,643: Total time for which application threads were stopped: 0,0001264 seconds, Stopping threads took: 0,0000525 seconds
2016-05-18T19:06:16.388-0500: 855,646: Total time for which application threads were stopped: 0,0001024 seconds, Stopping threads took: 0,0000254 seconds
2016-05-18T19:06:17.388-0500: 856,647: Total time for which application threads were stopped: 0,0000916 seconds, Stopping threads took: 0,0000204 seconds
2016-05-18T19:06:32.389-0500: 871,648: Total time for which application threads were stopped: 0,0001248 seconds, Stopping threads took: 0,0000446 seconds
2016-05-18T19:08:00.929-0500: 960,188: Total time for which application threads were stopped: 0,0001782 seconds, Stopping threads took: 0,0000425 seconds
2016-05-18T19:08:01.930-0500: 961,188: Total time for which application threads were stopped: 0,0000828 seconds, Stopping threads took: 0,0000201 seconds
2016-05-18T19:08:30.128-0500: 989,387: Total time for which application threads were stopped: 0,0001038 seconds, Stopping threads took: 0,0000293 seconds
2016-05-18T19:08:30.131-0500: 989,390: Total time for which application threads were stopped: 0,0000951 seconds, Stopping threads took: 0,0000215 seconds
2016-05-18T19:08:31.131-0500: 990,390: Total time for which application threads were stopped: 0,0000904 seconds, Stopping threads took: 0,0000191 seconds
2016-05-18T19:08:32.131-0500: 991,390: Total time for which application threads were stopped: 0,0000798 seconds, Stopping threads took: 0,0000217 seconds
2016-05-18T19:08:43.073-0500: 1002,331: Total time for which application threads were stopped: 0,0001037 seconds, Stopping threads took: 0,0000232 seconds
2016-05-18T19:08:43.076-0500: 1002,335: Total time for which application threads were stopped: 0,0000974 seconds, Stopping threads took: 0,0000348 seconds
2016-05-18T19:08:44.076-0500: 1003,335: Total time for which application threads were stopped: 0,0001025 seconds, Stopping threads took: 0,0000214 seconds
2016-05-18T19:09:11.660-0500: 1030,918: Total time for which application threads were stopped: 0,0001062 seconds, Stopping threads took: 0,0000300 seconds
2016-05-18T19:09:11.663-0500: 1030,921: Total time for which application threads were stopped: 0,0000733 seconds, Stopping threads took: 0,0000124 seconds
2016-05-18T19:09:12.663-0500: 1031,921: Total time for which application threads were stopped: 0,0000798 seconds, Stopping threads took: 0,0000189 seconds
2016-05-18T19:09:13.665-0500: 1032,924: Total time for which application threads were stopped: 0,0000892 seconds, Stopping threads took: 0,0000199 seconds
2016-05-18T19:09:13.668-0500: 1032,927: Total time for which application threads were stopped: 0,0000973 seconds, Stopping threads took: 0,0000288 seconds
2016-05-18T19:09:14.668-0500: 1033,927: Total time for which application threads were stopped: 0,0000898 seconds, Stopping threads took: 0,0000200 seconds
2016-05-18T19:09:31.670-0500: 1050,929: Total time for which application threads were stopped: 0,0000986 seconds, Stopping threads took: 0,0000393 seconds
2016-05-18T19:09:59.028-0500: 1078,287: Total time for which application threads were stopped: 0,0001183 seconds, Stopping threads took: 0,0000388 seconds
2016-05-18T19:10:16.213-0500: 1095,472: Total time for which application threads were stopped: 0,0001381 seconds, Stopping threads took: 0,0000374 seconds
2016-05-18T19:10:47.014-0500: 1126,272: Total time for which application threads were stopped: 0,0001311 seconds, Stopping threads took: 0,0000442 seconds
2016-05-18T19:11:04.031-0500: 1143,289: Total time for which application threads were stopped: 0,0001054 seconds, Stopping threads took: 0,0000373 seconds
2016-05-18T19:11:04.397-0500: 1143,656: Total time for which application threads were stopped: 0,0001117 seconds, Stopping threads took: 0,0000278 seconds
2016-05-18T19:11:04.398-0500: 1143,656: Total time for which application threads were stopped: 0,0001100 seconds, Stopping threads took: 0,0000383 seconds
2016-05-18T19:11:04.398-0500: 1143,656: Total time for which application threads were stopped: 0,0000850 seconds, Stopping threads took: 0,0000186 seconds
2016-05-18T19:11:04.398-0500: 1143,657: Total time for which application threads were stopped: 0,0000796 seconds, Stopping threads took: 0,0000259 seconds
2016-05-18T19:11:04.442-0500: 1143,700: Total time for which application threads were stopped: 0,0000881 seconds, Stopping threads took: 0,0000203 seconds
2016-05-18T19:11:04.442-0500: 1143,701: Total time for which application threads were stopped: 0,0000735 seconds, Stopping threads took: 0,0000275 seconds
2016-05-18T19:11:04.442-0500: 1143,701: Total time for which application threads were stopped: 0,0000545 seconds, Stopping threads took: 0,0000096 seconds
2016-05-18T19:11:04.443-0500: 1143,701: Total time for which application threads were stopped: 0,0000492 seconds, Stopping threads took: 0,0000159 seconds
2016-05-18T19:11:04.443-0500: 1143,701: Total time for which application threads were stopped: 0,0000397 seconds, Stopping threads took: 0,0000109 seconds
2016-05-18T19:11:05.443-0500: 1144,701: Total time for which application threads were stopped: 0,0000846 seconds, Stopping threads took: 0,0000214 seconds
2016-05-18T19:11:05.797-0500: 1145,055: Total time for which application threads were stopped: 0,0001412 seconds, Stopping threads took: 0,0000487 seconds
2016-05-18T19:11:05.797-0500: 1145,055: Total time for which application threads were stopped: 0,0000606 seconds, Stopping threads took: 0,0000081 seconds
2016-05-18T19:11:05.885-0500: 1145,144: Total time for which application threads were stopped: 0,0002207 seconds, Stopping threads took: 0,0001158 seconds
2016-05-18T19:11:05.885-0500: 1145,144: Total time for which application threads were stopped: 0,0000614 seconds, Stopping threads took: 0,0000150 seconds
2016-05-18T19:11:06.125-0500: 1145,383: Total time for which application threads were stopped: 0,0015145 seconds, Stopping threads took: 0,0013609 seconds
2016-05-18T19:11:06.126-0500: 1145,385: Total time for which application threads were stopped: 0,0001727 seconds, Stopping threads took: 0,0000831 seconds
2016-05-18T19:11:06.127-0500: 1145,385: Total time for which application threads were stopped: 0,0000599 seconds, Stopping threads took: 0,0000243 seconds
2016-05-18T19:11:06.127-0500: 1145,386: Total time for which application threads were stopped: 0,0002679 seconds, Stopping threads took: 0,0002065 seconds
2016-05-18T19:11:23.814-0500: 1163,073: Total time for which application threads were stopped: 0,0000965 seconds, Stopping threads took: 0,0000267 seconds
2016-05-18T19:11:23.817-0500: 1163,076: Total time for which application threads were stopped: 0,0001007 seconds, Stopping threads took: 0,0000263 seconds
2016-05-18T19:11:24.645-0500: 1163,903: Total time for which application threads were stopped: 0,0002482 seconds, Stopping threads took: 0,0000334 seconds
2016-05-18T19:11:24.648-0500: 1163,907: Total time for which application threads were stopped: 0,0001001 seconds, Stopping threads took: 0,0000258 seconds
2016-05-18T19:11:25.648-0500: 1164,907: Total time for which application threads were stopped: 0,0001200 seconds, Stopping threads took: 0,0000251 seconds
2016-05-18T19:12:06.127-0500: 1205,385: Total time for which application threads were stopped: 0,0000905 seconds, Stopping threads took: 0,0000296 seconds
2016-05-18T19:12:06.128-0500: 1205,386: Total time for which application threads were stopped: 0,0000581 seconds, Stopping threads took: 0,0000309 seconds
2016-05-18T19:12:11.408-0500: 1210,667: Total time for which application threads were stopped: 0,0000892 seconds, Stopping threads took: 0,0000202 seconds
2016-05-18T19:12:11.439-0500: 1210,698: Total time for which application threads were stopped: 0,0001132 seconds, Stopping threads took: 0,0000318 seconds
2016-05-18T19:12:12.300-0500: 1211,558: Total time for which application threads were stopped: 0,0001456 seconds, Stopping threads took: 0,0000338 seconds
2016-05-18T19:12:12.305-0500: 1211,564: Total time for which application threads were stopped: 0,0000933 seconds, Stopping threads took: 0,0000214 seconds
2016-05-18T19:12:12.843-0500: 1212,102: Total time for which application threads were stopped: 0,0001270 seconds, Stopping threads took: 0,0000303 seconds
2016-05-18T19:12:12.846-0500: 1212,104: Total time for which application threads were stopped: 0,0000907 seconds, Stopping threads took: 0,0000250 seconds
2016-05-18T19:12:13.846-0500: 1213,105: Total time for which application threads were stopped: 0,0000838 seconds, Stopping threads took: 0,0000275 seconds
2016-05-18T19:12:40.165-0500: 1239,424: Total time for which application threads were stopped: 0,0001048 seconds, Stopping threads took: 0,0000309 seconds
2016-05-18T19:12:48.395-0500: 1247,653: Total time for which application threads were stopped: 0,0000980 seconds, Stopping threads took: 0,0000209 seconds
2016-05-18T19:12:48.426-0500: 1247,685: Total time for which application threads were stopped: 0,0000947 seconds, Stopping threads took: 0,0000282 seconds
2016-05-18T19:12:49.426-0500: 1248,685: Total time for which application threads were stopped: 0,0000840 seconds, Stopping threads took: 0,0000216 seconds
2016-05-18T19:15:25.471-0500: 1404,729: Total time for which application threads were stopped: 0,0001238 seconds, Stopping threads took: 0,0000385 seconds
2016-05-18T19:15:25.499-0500: 1404,758: Total time for which application threads were stopped: 0,0001097 seconds, Stopping threads took: 0,0000279 seconds
2016-05-18T19:15:26.103-0500: 1405,362: Total time for which application threads were stopped: 0,0001035 seconds, Stopping threads took: 0,0000284 seconds
2016-05-18T19:15:26.107-0500: 1405,365: Total time for which application threads were stopped: 0,0001118 seconds, Stopping threads took: 0,0000274 seconds
2016-05-18T19:15:26.594-0500: 1405,853: Total time for which application threads were stopped: 0,0001834 seconds, Stopping threads took: 0,0000763 seconds
2016-05-18T19:15:26.597-0500: 1405,856: Total time for which application threads were stopped: 0,0001055 seconds, Stopping threads took: 0,0000276 seconds
2016-05-18T19:15:27.089-0500: 1406,348: Total time for which application threads were stopped: 0,0000924 seconds, Stopping threads took: 0,0000193 seconds
2016-05-18T19:15:27.092-0500: 1406,351: Total time for which application threads were stopped: 0,0000990 seconds, Stopping threads took: 0,0000260 seconds
2016-05-18T19:15:27.094-0500: 1406,353: Total time for which application threads were stopped: 0,0002271 seconds, Stopping threads took: 0,0000393 seconds
2016-05-18T19:15:27.863-0500: 1407,122: Total time for which application threads were stopped: 0,0001004 seconds, Stopping threads took: 0,0000255 seconds
2016-05-18T19:15:27.866-0500: 1407,125: Total time for which application threads were stopped: 0,0001558 seconds, Stopping threads took: 0,0000571 seconds
2016-05-18T19:15:28.382-0500: 1407,641: Total time for which application threads were stopped: 0,0001820 seconds, Stopping threads took: 0,0000494 seconds
2016-05-18T19:15:28.385-0500: 1407,644: Total time for which application threads were stopped: 0,0000997 seconds, Stopping threads took: 0,0000290 seconds
2016-05-18T19:15:28.880-0500: 1408,139: Total time for which application threads were stopped: 0,0001338 seconds, Stopping threads took: 0,0000285 seconds
2016-05-18T19:15:28.883-0500: 1408,142: Total time for which application threads were stopped: 0,0001211 seconds, Stopping threads took: 0,0000269 seconds
2016-05-18T19:15:29.407-0500: 1408,666: Total time for which application threads were stopped: 0,0001076 seconds, Stopping threads took: 0,0000364 seconds
2016-05-18T19:15:29.410-0500: 1408,669: Total time for which application threads were stopped: 0,0000835 seconds, Stopping threads took: 0,0000227 seconds
2016-05-18T19:15:30.009-0500: 1409,267: Total time for which application threads were stopped: 0,0001152 seconds, Stopping threads took: 0,0000179 seconds
2016-05-18T19:15:30.011-0500: 1409,270: Total time for which application threads were stopped: 0,0001319 seconds, Stopping threads took: 0,0000204 seconds
2016-05-18T19:15:30.472-0500: 1409,730: Total time for which application threads were stopped: 0,0001358 seconds, Stopping threads took: 0,0000254 seconds
2016-05-18T19:15:30.475-0500: 1409,734: Total time for which application threads were stopped: 0,0001149 seconds, Stopping threads took: 0,0000301 seconds
2016-05-18T19:15:30.959-0500: 1410,217: Total time for which application threads were stopped: 0,0000959 seconds, Stopping threads took: 0,0000252 seconds
2016-05-18T19:15:30.962-0500: 1410,220: Total time for which application threads were stopped: 0,0000940 seconds, Stopping threads took: 0,0000234 seconds
2016-05-18T19:15:31.468-0500: 1410,727: Total time for which application threads were stopped: 0,0000994 seconds, Stopping threads took: 0,0000185 seconds
2016-05-18T19:15:31.471-0500: 1410,730: Total time for which application threads were stopped: 0,0000946 seconds, Stopping threads took: 0,0000201 seconds
2016-05-18T19:28:01.557-0500: 2160,816: Total time for which application threads were stopped: 0,0001015 seconds, Stopping threads took: 0,0000352 seconds
2016-05-18T19:45:11.671-0500: 3190,930: Total time for which application threads were stopped: 0,0001187 seconds, Stopping threads took: 0,0000376 seconds
2016-05-18T19:46:06.678-0500: 3245,936: Total time for which application threads were stopped: 0,0002236 seconds, Stopping threads took: 0,0000867 seconds
2016-05-18T19:48:02.242-0500: 3361,501: Total time for which application threads were stopped: 0,0001381 seconds, Stopping threads took: 0,0000445 seconds
2016-05-18T19:48:02.245-0500: 3361,504: Total time for which application threads were stopped: 0,0001053 seconds, Stopping threads took: 0,0000366 seconds
2016-05-18T19:48:03.246-0500: 3362,504: Total time for which application threads were stopped: 0,0001383 seconds, Stopping threads took: 0,0000339 seconds
2016-05-18T19:48:03.320-0500: 3362,579: Total time for which application threads were stopped: 0,0001017 seconds, Stopping threads took: 0,0000223 seconds
2016-05-18T19:48:03.323-0500: 3362,581: Total time for which application threads were stopped: 0,0000832 seconds, Stopping threads took: 0,0000165 seconds
2016-05-18T19:48:03.841-0500: 3363,099: Total time for which application threads were stopped: 0,0000944 seconds, Stopping threads took: 0,0000169 seconds
2016-05-18T19:48:03.844-0500: 3363,102: Total time for which application threads were stopped: 0,0001183 seconds, Stopping threads took: 0,0000217 seconds
2016-05-18T19:48:08.690-0500: 3367,949: Total time for which application threads were stopped: 0,0001436 seconds, Stopping threads took: 0,0000228 seconds
2016-05-18T19:48:09.659-0500: 3368,918: Total time for which application threads were stopped: 0,0001036 seconds, Stopping threads took: 0,0000203 seconds
2016-05-18T19:48:10.101-0500: 3369,360: Total time for which application threads were stopped: 0,0001037 seconds, Stopping threads took: 0,0000287 seconds
2016-05-18T19:48:29.515-0500: 3388,774: Total time for which application threads were stopped: 0,0001891 seconds, Stopping threads took: 0,0001113 seconds
2016-05-18T19:48:29.518-0500: 3388,777: Total time for which application threads were stopped: 0,0001859 seconds, Stopping threads took: 0,0001071 seconds
2016-05-18T19:48:30.398-0500: 3389,656: Total time for which application threads were stopped: 0,0001551 seconds, Stopping threads took: 0,0000397 seconds
2016-05-18T19:48:30.402-0500: 3389,660: Total time for which application threads were stopped: 0,0001211 seconds, Stopping threads took: 0,0000305 seconds
2016-05-18T19:48:30.727-0500: 3389,985: Total time for which application threads were stopped: 0,0001738 seconds, Stopping threads took: 0,0000931 seconds
2016-05-18T19:48:30.730-0500: 3389,988: Total time for which application threads were stopped: 0,0001839 seconds, Stopping threads took: 0,0001020 seconds
2016-05-18T19:48:31.268-0500: 3390,527: Total time for which application threads were stopped: 0,0001384 seconds, Stopping threads took: 0,0000200 seconds
2016-05-18T19:48:31.271-0500: 3390,530: Total time for which application threads were stopped: 0,0001013 seconds, Stopping threads took: 0,0000307 seconds
2016-05-18T19:51:48.817-0500: 3588,075: Total time for which application threads were stopped: 0,0000690 seconds, Stopping threads took: 0,0000154 seconds
2016-05-18T19:51:48.817-0500: 3588,075: Total time for which application threads were stopped: 0,0000685 seconds, Stopping threads took: 0,0000326 seconds
2016-05-18T19:51:48.817-0500: 3588,075: Total time for which application threads were stopped: 0,0000544 seconds, Stopping threads took: 0,0000175 seconds
2016-05-18T19:51:48.817-0500: 3588,076: Total time for which application threads were stopped: 0,0000463 seconds, Stopping threads took: 0,0000105 seconds
2016-05-18T19:51:48.817-0500: 3588,076: Total time for which application threads were stopped: 0,0000359 seconds, Stopping threads took: 0,0000077 seconds
2016-05-18T19:51:48.817-0500: 3588,076: Total time for which application threads were stopped: 0,0000387 seconds, Stopping threads took: 0,0000159 seconds
2016-05-18T19:51:48.818-0500: 3588,076: Total time for which application threads were stopped: 0,0000416 seconds, Stopping threads took: 0,0000140 seconds
2016-05-18T19:51:48.818-0500: 3588,076: Total time for which application threads were stopped: 0,0000332 seconds, Stopping threads took: 0,0000085 seconds
2016-05-18T19:51:48.818-0500: 3588,076: Total time for which application threads were stopped: 0,0000421 seconds, Stopping threads took: 0,0000087 seconds
2016-05-18T19:51:48.818-0500: 3588,077: Total time for which application threads were stopped: 0,0000473 seconds, Stopping threads took: 0,0000079 seconds
2016-05-18T19:51:48.819-0500: 3588,078: Total time for which application threads were stopped: 0,0000895 seconds, Stopping threads took: 0,0000572 seconds
2016-05-18T19:51:48.819-0500: 3588,078: Total time for which application threads were stopped: 0,0000315 seconds, Stopping threads took: 0,0000085 seconds
2016-05-18T19:51:48.819-0500: 3588,078: Total time for which application threads were stopped: 0,0000287 seconds, Stopping threads took: 0,0000073 seconds
2016-05-18T19:51:48.819-0500: 3588,078: Total time for which application threads were stopped: 0,0000356 seconds, Stopping threads took: 0,0000072 seconds
2016-05-18T19:51:48.819-0500: 3588,078: Total time for which application threads were stopped: 0,0000268 seconds, Stopping threads took: 0,0000074 seconds
2016-05-18T19:51:48.819-0500: 3588,078: Total time for which application threads were stopped: 0,0000285 seconds, Stopping threads took: 0,0000116 seconds
2016-05-18T19:51:48.820-0500: 3588,078: Total time for which application threads were stopped: 0,0000232 seconds, Stopping threads took: 0,0000059 seconds
2016-05-18T19:51:48.820-0500: 3588,078: Total time for which application threads were stopped: 0,0000230 seconds, Stopping threads took: 0,0000058 seconds
2016-05-18T19:51:48.820-0500: 3588,078: Total time for which application threads were stopped: 0,0000292 seconds, Stopping threads took: 0,0000064 seconds
2016-05-18T19:51:48.984-0500: 3588,243: Total time for which application threads were stopped: 0,0001838 seconds, Stopping threads took: 0,0001238 seconds
2016-05-18T19:51:48.984-0500: 3588,243: Total time for which application threads were stopped: 0,0000389 seconds, Stopping threads took: 0,0000064 seconds
2016-05-18T19:51:48.985-0500: 3588,243: Total time for which application threads were stopped: 0,0000432 seconds, Stopping threads took: 0,0000099 seconds
2016-05-18T19:51:48.985-0500: 3588,243: Total time for which application threads were stopped: 0,0000485 seconds, Stopping threads took: 0,0000315 seconds
2016-05-18T19:51:48.985-0500: 3588,244: Total time for which application threads were stopped: 0,0000422 seconds, Stopping threads took: 0,0000178 seconds
Heap
 par new generation   total 109248K, used 53928K [0x00000000e0000000, 0x00000000e8000000, 0x00000000e8000000)
  eden space 87424K,  45% used [0x00000000e0000000, 0x00000000e267f260, 0x00000000e5560000)
  from space 21824K,  66% used [0x00000000e6ab0000, 0x00000000e78db0c0, 0x00000000e8000000)
  to   space 21824K,   0% used [0x00000000e5560000, 0x00000000e5560000, 0x00000000e6ab0000)
 concurrent mark-sweep generation total 393216K, used 87989K [0x00000000e8000000, 0x0000000100000000, 0x0000000100000000)
 Metaspace       used 34086K, capacity 34598K, committed 34944K, reserved 1081344K
  class space    used 3752K, capacity 3931K, committed 3968K, reserved 1048576K
