Java HotSpot(TM) 64-Bit Server VM (25.66-b17) for linux-amd64 JRE (1.8.0_66-b17), built on Oct  6 2015 17:28:34 by "java_re" with gcc 4.3.0 20080428 (Red Hat 4.3.0-8)
Memory: 4k page, physical 8074228k(441760k free), swap 8285180k(7563456k free)
CommandLine flags: -XX:CMSInitiatingOccupancyFraction=50 -XX:CMSMaxAbortablePrecleanTime=6000 -XX:+CMSParallelRemarkEnabled -XX:+CMSScavengeBeforeRemark -XX:ConcGCThreads=4 -XX:InitialHeapSize=536870912 -XX:MaxHeapSize=536870912 -XX:MaxTenuringThreshold=8 -XX:NewRatio=3 -XX:OldPLABSize=16 -XX:ParallelGCThreads=4 -XX:+ParallelRefProcEnabled -XX:PretenureSizeThreshold=67108864 -XX:+PrintGC -XX:+PrintGCApplicationStoppedTime -XX:+PrintGCDateStamps -XX:+PrintGCDetails -XX:+PrintGCTimeStamps -XX:+PrintHeapAtGC -XX:+PrintTenuringDistribution -XX:SurvivorRatio=4 -XX:TargetSurvivorRatio=90 -XX:ThreadStackSize=256 -XX:+UseCMSInitiatingOccupancyOnly -XX:+UseCompressedClassPointers -XX:+UseCompressedOops -XX:+UseConcMarkSweepGC -XX:+UseParNewGC 
2015-12-10T10:01:25.159-0500: 1,022: Total time for which application threads were stopped: 0,0000688 seconds, Stopping threads took: 0,0000118 seconds
2015-12-10T10:01:25.464-0500: 1,328: Total time for which application threads were stopped: 0,0000982 seconds, Stopping threads took: 0,0000231 seconds
2015-12-10T10:01:25.774-0500: 1,637: Total time for which application threads were stopped: 0,0001006 seconds, Stopping threads took: 0,0000224 seconds
2015-12-10T10:01:25.879-0500: 1,742: Total time for which application threads were stopped: 0,0001127 seconds, Stopping threads took: 0,0000218 seconds
2015-12-10T10:01:25.978-0500: 1,841: Total time for which application threads were stopped: 0,0001198 seconds, Stopping threads took: 0,0000114 seconds
2015-12-10T10:01:25.987-0500: 1,851: Total time for which application threads were stopped: 0,0001526 seconds, Stopping threads took: 0,0000276 seconds
2015-12-10T10:01:25.998-0500: 1,862: Total time for which application threads were stopped: 0,0001365 seconds, Stopping threads took: 0,0000181 seconds
{Heap before GC invocations=0 (full 0):
 par new generation   total 109248K, used 87424K [0x00000000e0000000, 0x00000000e8000000, 0x00000000e8000000)
  eden space 87424K, 100% used [0x00000000e0000000, 0x00000000e5560000, 0x00000000e5560000)
  from space 21824K,   0% used [0x00000000e5560000, 0x00000000e5560000, 0x00000000e6ab0000)
  to   space 21824K,   0% used [0x00000000e6ab0000, 0x00000000e6ab0000, 0x00000000e8000000)
 concurrent mark-sweep generation total 393216K, used 0K [0x00000000e8000000, 0x0000000100000000, 0x0000000100000000)
 Metaspace       used 10059K, capacity 10248K, committed 10496K, reserved 1058816K
  class space    used 1150K, capacity 1180K, committed 1280K, reserved 1048576K
2015-12-10T10:01:26.650-0500: 2,513: [GC (Allocation Failure) 2015-12-10T10:01:26.650-0500: 2,513: [ParNew
Desired survivor size 20112992 bytes, new threshold 8 (max 8)
- age   1:    5682248 bytes,    5682248 total
: 87424K->5606K(109248K), 0,0090693 secs] 87424K->5606K(502464K), 0,0091384 secs] [Times: user=0,01 sys=0,02, real=0,01 secs] 
Heap after GC invocations=1 (full 0):
 par new generation   total 109248K, used 5606K [0x00000000e0000000, 0x00000000e8000000, 0x00000000e8000000)
  eden space 87424K,   0% used [0x00000000e0000000, 0x00000000e0000000, 0x00000000e5560000)
  from space 21824K,  25% used [0x00000000e6ab0000, 0x00000000e70299d8, 0x00000000e8000000)
  to   space 21824K,   0% used [0x00000000e5560000, 0x00000000e5560000, 0x00000000e6ab0000)
 concurrent mark-sweep generation total 393216K, used 0K [0x00000000e8000000, 0x0000000100000000, 0x0000000100000000)
 Metaspace       used 10059K, capacity 10248K, committed 10496K, reserved 1058816K
  class space    used 1150K, capacity 1180K, committed 1280K, reserved 1048576K
}
2015-12-10T10:01:26.659-0500: 2,522: Total time for which application threads were stopped: 0,0092817 seconds, Stopping threads took: 0,0000267 seconds
2015-12-10T10:01:26.799-0500: 2,663: Total time for which application threads were stopped: 0,0001612 seconds, Stopping threads took: 0,0000249 seconds
2015-12-10T10:01:27.800-0500: 3,663: Total time for which application threads were stopped: 0,0000829 seconds, Stopping threads took: 0,0000124 seconds
2015-12-10T10:01:28.062-0500: 3,925: Total time for which application threads were stopped: 0,0001660 seconds, Stopping threads took: 0,0000247 seconds
2015-12-10T10:01:28.063-0500: 3,926: Total time for which application threads were stopped: 0,0000816 seconds, Stopping threads took: 0,0000197 seconds
2015-12-10T10:01:28.095-0500: 3,958: Total time for which application threads were stopped: 0,0000936 seconds, Stopping threads took: 0,0000202 seconds
2015-12-10T10:01:28.188-0500: 4,051: Total time for which application threads were stopped: 0,0001575 seconds, Stopping threads took: 0,0000124 seconds
2015-12-10T10:01:28.444-0500: 4,307: Total time for which application threads were stopped: 0,0002080 seconds, Stopping threads took: 0,0000206 seconds
2015-12-10T10:01:28.920-0500: 4,783: Total time for which application threads were stopped: 0,0001281 seconds, Stopping threads took: 0,0000430 seconds
2015-12-10T10:01:28.921-0500: 4,784: Total time for which application threads were stopped: 0,0000607 seconds, Stopping threads took: 0,0000124 seconds
2015-12-10T10:01:28.922-0500: 4,786: Total time for which application threads were stopped: 0,0005451 seconds, Stopping threads took: 0,0004894 seconds
2015-12-10T10:01:28.925-0500: 4,789: Total time for which application threads were stopped: 0,0000805 seconds, Stopping threads took: 0,0000182 seconds
2015-12-10T10:01:29.002-0500: 4,865: Total time for which application threads were stopped: 0,0001844 seconds, Stopping threads took: 0,0000132 seconds
2015-12-10T10:01:29.033-0500: 4,897: Total time for which application threads were stopped: 0,0001688 seconds, Stopping threads took: 0,0000543 seconds
2015-12-10T10:01:29.075-0500: 4,938: Total time for which application threads were stopped: 0,0000884 seconds, Stopping threads took: 0,0000256 seconds
2015-12-10T10:01:29.093-0500: 4,957: Total time for which application threads were stopped: 0,0001477 seconds, Stopping threads took: 0,0000987 seconds
2015-12-10T10:01:29.094-0500: 4,957: Total time for which application threads were stopped: 0,0000728 seconds, Stopping threads took: 0,0000403 seconds
2015-12-10T10:01:29.305-0500: 5,168: Total time for which application threads were stopped: 0,0000946 seconds, Stopping threads took: 0,0000315 seconds
2015-12-10T10:01:29.368-0500: 5,231: Total time for which application threads were stopped: 0,0000911 seconds, Stopping threads took: 0,0000247 seconds
2015-12-10T10:01:29.937-0500: 5,800: Total time for which application threads were stopped: 0,0000885 seconds, Stopping threads took: 0,0000269 seconds
2015-12-10T10:01:29.941-0500: 5,804: Total time for which application threads were stopped: 0,0002098 seconds, Stopping threads took: 0,0001251 seconds
{Heap before GC invocations=1 (full 0):
 par new generation   total 109248K, used 93030K [0x00000000e0000000, 0x00000000e8000000, 0x00000000e8000000)
  eden space 87424K, 100% used [0x00000000e0000000, 0x00000000e5560000, 0x00000000e5560000)
  from space 21824K,  25% used [0x00000000e6ab0000, 0x00000000e70299d8, 0x00000000e8000000)
  to   space 21824K,   0% used [0x00000000e5560000, 0x00000000e5560000, 0x00000000e6ab0000)
 concurrent mark-sweep generation total 393216K, used 0K [0x00000000e8000000, 0x0000000100000000, 0x0000000100000000)
 Metaspace       used 19500K, capacity 19864K, committed 20096K, reserved 1067008K
  class space    used 2287K, capacity 2422K, committed 2432K, reserved 1048576K
2015-12-10T10:01:29.991-0500: 5,855: [GC (Allocation Failure) 2015-12-10T10:01:29.991-0500: 5,855: [ParNew
Desired survivor size 20112992 bytes, new threshold 8 (max 8)
- age   1:   10047488 bytes,   10047488 total
- age   2:    2510480 bytes,   12557968 total
: 93030K->15769K(109248K), 0,1934324 secs] 93030K->15769K(502464K), 0,1934933 secs] [Times: user=0,50 sys=0,20, real=0,19 secs] 
Heap after GC invocations=2 (full 0):
 par new generation   total 109248K, used 15769K [0x00000000e0000000, 0x00000000e8000000, 0x00000000e8000000)
  eden space 87424K,   0% used [0x00000000e0000000, 0x00000000e0000000, 0x00000000e5560000)
  from space 21824K,  72% used [0x00000000e5560000, 0x00000000e64c6790, 0x00000000e6ab0000)
  to   space 21824K,   0% used [0x00000000e6ab0000, 0x00000000e6ab0000, 0x00000000e8000000)
 concurrent mark-sweep generation total 393216K, used 0K [0x00000000e8000000, 0x0000000100000000, 0x0000000100000000)
 Metaspace       used 19500K, capacity 19864K, committed 20096K, reserved 1067008K
  class space    used 2287K, capacity 2422K, committed 2432K, reserved 1048576K
}
2015-12-10T10:01:30.185-0500: 6,048: Total time for which application threads were stopped: 0,1936873 seconds, Stopping threads took: 0,0000399 seconds
2015-12-10T10:01:30.190-0500: 6,053: Total time for which application threads were stopped: 0,0004427 seconds, Stopping threads took: 0,0003657 seconds
2015-12-10T10:01:30.190-0500: 6,053: Total time for which application threads were stopped: 0,0000783 seconds, Stopping threads took: 0,0000362 seconds
2015-12-10T10:01:30.190-0500: 6,054: Total time for which application threads were stopped: 0,0000680 seconds, Stopping threads took: 0,0000211 seconds
2015-12-10T10:01:30.191-0500: 6,054: Total time for which application threads were stopped: 0,0000581 seconds, Stopping threads took: 0,0000216 seconds
2015-12-10T10:01:30.191-0500: 6,054: Total time for which application threads were stopped: 0,0000432 seconds, Stopping threads took: 0,0000163 seconds
2015-12-10T10:01:30.191-0500: 6,054: Total time for which application threads were stopped: 0,0000495 seconds, Stopping threads took: 0,0000152 seconds
2015-12-10T10:01:30.193-0500: 6,056: Total time for which application threads were stopped: 0,0000805 seconds, Stopping threads took: 0,0000388 seconds
2015-12-10T10:01:30.193-0500: 6,056: Total time for which application threads were stopped: 0,0000469 seconds, Stopping threads took: 0,0000189 seconds
2015-12-10T10:01:30.195-0500: 6,058: Total time for which application threads were stopped: 0,0001144 seconds, Stopping threads took: 0,0000711 seconds
2015-12-10T10:01:30.195-0500: 6,058: Total time for which application threads were stopped: 0,0000508 seconds, Stopping threads took: 0,0000163 seconds
2015-12-10T10:01:30.195-0500: 6,058: Total time for which application threads were stopped: 0,0000526 seconds, Stopping threads took: 0,0000331 seconds
2015-12-10T10:01:30.326-0500: 6,189: Total time for which application threads were stopped: 0,0001276 seconds, Stopping threads took: 0,0000313 seconds
2015-12-10T10:01:30.326-0500: 6,190: Total time for which application threads were stopped: 0,0001611 seconds, Stopping threads took: 0,0001179 seconds
2015-12-10T10:01:30.327-0500: 6,190: Total time for which application threads were stopped: 0,0001110 seconds, Stopping threads took: 0,0000732 seconds
2015-12-10T10:01:30.327-0500: 6,191: Total time for which application threads were stopped: 0,0000700 seconds, Stopping threads took: 0,0000194 seconds
2015-12-10T10:01:30.360-0500: 6,224: Total time for which application threads were stopped: 0,0002102 seconds, Stopping threads took: 0,0001507 seconds
2015-12-10T10:01:30.361-0500: 6,224: Total time for which application threads were stopped: 0,0000520 seconds, Stopping threads took: 0,0000206 seconds
2015-12-10T10:01:30.361-0500: 6,224: Total time for which application threads were stopped: 0,0000824 seconds, Stopping threads took: 0,0000277 seconds
2015-12-10T10:01:30.361-0500: 6,224: Total time for which application threads were stopped: 0,0000549 seconds, Stopping threads took: 0,0000183 seconds
2015-12-10T10:01:30.361-0500: 6,224: Total time for which application threads were stopped: 0,0000554 seconds, Stopping threads took: 0,0000173 seconds
2015-12-10T10:01:30.362-0500: 6,225: Total time for which application threads were stopped: 0,0000661 seconds, Stopping threads took: 0,0000297 seconds
2015-12-10T10:01:30.362-0500: 6,225: Total time for which application threads were stopped: 0,0001138 seconds, Stopping threads took: 0,0000333 seconds
2015-12-10T10:01:30.363-0500: 6,226: Total time for which application threads were stopped: 0,0000823 seconds, Stopping threads took: 0,0000308 seconds
2015-12-10T10:01:30.386-0500: 6,249: Total time for which application threads were stopped: 0,0002771 seconds, Stopping threads took: 0,0002440 seconds
2015-12-10T10:01:30.386-0500: 6,249: Total time for which application threads were stopped: 0,0000539 seconds, Stopping threads took: 0,0000202 seconds
2015-12-10T10:01:30.386-0500: 6,250: Total time for which application threads were stopped: 0,0000832 seconds, Stopping threads took: 0,0000320 seconds
2015-12-10T10:01:30.387-0500: 6,250: Total time for which application threads were stopped: 0,0000400 seconds, Stopping threads took: 0,0000078 seconds
2015-12-10T10:01:30.387-0500: 6,250: Total time for which application threads were stopped: 0,0000370 seconds, Stopping threads took: 0,0000153 seconds
2015-12-10T10:01:30.387-0500: 6,250: Total time for which application threads were stopped: 0,0000474 seconds, Stopping threads took: 0,0000084 seconds
2015-12-10T10:01:30.387-0500: 6,250: Total time for which application threads were stopped: 0,0000278 seconds, Stopping threads took: 0,0000060 seconds
2015-12-10T10:01:30.387-0500: 6,250: Total time for which application threads were stopped: 0,0000340 seconds, Stopping threads took: 0,0000047 seconds
2015-12-10T10:01:30.387-0500: 6,250: Total time for which application threads were stopped: 0,0000428 seconds, Stopping threads took: 0,0000072 seconds
2015-12-10T10:01:30.387-0500: 6,251: Total time for which application threads were stopped: 0,0000244 seconds, Stopping threads took: 0,0000045 seconds
2015-12-10T10:01:30.388-0500: 6,251: Total time for which application threads were stopped: 0,0000364 seconds, Stopping threads took: 0,0000151 seconds
2015-12-10T10:01:30.388-0500: 6,251: Total time for which application threads were stopped: 0,0000444 seconds, Stopping threads took: 0,0000076 seconds
2015-12-10T10:01:30.388-0500: 6,251: Total time for which application threads were stopped: 0,0000637 seconds, Stopping threads took: 0,0000238 seconds
2015-12-10T10:01:30.388-0500: 6,251: Total time for which application threads were stopped: 0,0001025 seconds, Stopping threads took: 0,0000725 seconds
2015-12-10T10:01:30.388-0500: 6,252: Total time for which application threads were stopped: 0,0001044 seconds, Stopping threads took: 0,0000704 seconds
2015-12-10T10:01:30.396-0500: 6,259: Total time for which application threads were stopped: 0,0001415 seconds, Stopping threads took: 0,0000597 seconds
2015-12-10T10:01:30.465-0500: 6,329: Total time for which application threads were stopped: 0,0002146 seconds, Stopping threads took: 0,0000274 seconds
2015-12-10T10:01:30.491-0500: 6,354: Total time for which application threads were stopped: 0,0002991 seconds, Stopping threads took: 0,0000317 seconds
2015-12-10T10:01:30.523-0500: 6,386: Total time for which application threads were stopped: 0,0002566 seconds, Stopping threads took: 0,0000205 seconds
2015-12-10T10:01:30.546-0500: 6,409: Total time for which application threads were stopped: 0,0000993 seconds, Stopping threads took: 0,0000295 seconds
2015-12-10T10:01:30.547-0500: 6,410: Total time for which application threads were stopped: 0,0001439 seconds, Stopping threads took: 0,0000935 seconds
2015-12-10T10:01:30.547-0500: 6,410: Total time for which application threads were stopped: 0,0001179 seconds, Stopping threads took: 0,0000253 seconds
2015-12-10T10:01:30.589-0500: 6,452: Total time for which application threads were stopped: 0,0000734 seconds, Stopping threads took: 0,0000273 seconds
2015-12-10T10:01:30.680-0500: 6,543: Total time for which application threads were stopped: 0,0001551 seconds, Stopping threads took: 0,0000600 seconds
2015-12-10T10:01:30.680-0500: 6,543: Total time for which application threads were stopped: 0,0000466 seconds, Stopping threads took: 0,0000155 seconds
2015-12-10T10:01:30.680-0500: 6,544: Total time for which application threads were stopped: 0,0000530 seconds, Stopping threads took: 0,0000198 seconds
2015-12-10T10:01:30.682-0500: 6,545: Total time for which application threads were stopped: 0,0000974 seconds, Stopping threads took: 0,0000432 seconds
2015-12-10T10:01:30.702-0500: 6,565: Total time for which application threads were stopped: 0,0001010 seconds, Stopping threads took: 0,0000411 seconds
{Heap before GC invocations=2 (full 0):
 par new generation   total 109248K, used 103193K [0x00000000e0000000, 0x00000000e8000000, 0x00000000e8000000)
  eden space 87424K, 100% used [0x00000000e0000000, 0x00000000e5560000, 0x00000000e5560000)
  from space 21824K,  72% used [0x00000000e5560000, 0x00000000e64c6790, 0x00000000e6ab0000)
  to   space 21824K,   0% used [0x00000000e6ab0000, 0x00000000e6ab0000, 0x00000000e8000000)
 concurrent mark-sweep generation total 393216K, used 0K [0x00000000e8000000, 0x0000000100000000, 0x0000000100000000)
 Metaspace       used 20629K, capacity 20926K, committed 20992K, reserved 1067008K
  class space    used 2408K, capacity 2519K, committed 2560K, reserved 1048576K
2015-12-10T10:01:30.705-0500: 6,568: [GC (Allocation Failure) 2015-12-10T10:01:30.705-0500: 6,568: [ParNew
Desired survivor size 20112992 bytes, new threshold 8 (max 8)
- age   1:    2583664 bytes,    2583664 total
- age   2:    4344264 bytes,    6927928 total
- age   3:    2481344 bytes,    9409272 total
: 103193K->15187K(109248K), 0,0142620 secs] 103193K->15187K(502464K), 0,0143372 secs] [Times: user=0,05 sys=0,00, real=0,02 secs] 
Heap after GC invocations=3 (full 0):
 par new generation   total 109248K, used 15187K [0x00000000e0000000, 0x00000000e8000000, 0x00000000e8000000)
  eden space 87424K,   0% used [0x00000000e0000000, 0x00000000e0000000, 0x00000000e5560000)
  from space 21824K,  69% used [0x00000000e6ab0000, 0x00000000e7984e90, 0x00000000e8000000)
  to   space 21824K,   0% used [0x00000000e5560000, 0x00000000e5560000, 0x00000000e6ab0000)
 concurrent mark-sweep generation total 393216K, used 0K [0x00000000e8000000, 0x0000000100000000, 0x0000000100000000)
 Metaspace       used 20629K, capacity 20926K, committed 20992K, reserved 1067008K
  class space    used 2408K, capacity 2519K, committed 2560K, reserved 1048576K
}
2015-12-10T10:01:30.720-0500: 6,583: Total time for which application threads were stopped: 0,0144989 seconds, Stopping threads took: 0,0000395 seconds
2015-12-10T10:01:30.724-0500: 6,587: Total time for which application threads were stopped: 0,0035062 seconds, Stopping threads took: 0,0034265 seconds
2015-12-10T10:01:30.724-0500: 6,587: Total time for which application threads were stopped: 0,0000709 seconds, Stopping threads took: 0,0000114 seconds
2015-12-10T10:01:30.724-0500: 6,587: Total time for which application threads were stopped: 0,0000738 seconds, Stopping threads took: 0,0000285 seconds
2015-12-10T10:01:30.724-0500: 6,587: Total time for which application threads were stopped: 0,0000826 seconds, Stopping threads took: 0,0000402 seconds
2015-12-10T10:01:30.746-0500: 6,610: Total time for which application threads were stopped: 0,0001183 seconds, Stopping threads took: 0,0000223 seconds
2015-12-10T10:01:30.747-0500: 6,610: Total time for which application threads were stopped: 0,0001366 seconds, Stopping threads took: 0,0000816 seconds
2015-12-10T10:01:30.747-0500: 6,610: Total time for which application threads were stopped: 0,0000755 seconds, Stopping threads took: 0,0000328 seconds
2015-12-10T10:01:30.748-0500: 6,611: Total time for which application threads were stopped: 0,0000591 seconds, Stopping threads took: 0,0000235 seconds
2015-12-10T10:01:30.762-0500: 6,625: Total time for which application threads were stopped: 0,0000962 seconds, Stopping threads took: 0,0000208 seconds
2015-12-10T10:01:30.769-0500: 6,633: Total time for which application threads were stopped: 0,0001272 seconds, Stopping threads took: 0,0000595 seconds
2015-12-10T10:01:30.785-0500: 6,648: Total time for which application threads were stopped: 0,0001780 seconds, Stopping threads took: 0,0000901 seconds
{Heap before GC invocations=3 (full 0):
 par new generation   total 109248K, used 102611K [0x00000000e0000000, 0x00000000e8000000, 0x00000000e8000000)
  eden space 87424K, 100% used [0x00000000e0000000, 0x00000000e5560000, 0x00000000e5560000)
  from space 21824K,  69% used [0x00000000e6ab0000, 0x00000000e7984e90, 0x00000000e8000000)
  to   space 21824K,   0% used [0x00000000e5560000, 0x00000000e5560000, 0x00000000e6ab0000)
 concurrent mark-sweep generation total 393216K, used 0K [0x00000000e8000000, 0x0000000100000000, 0x0000000100000000)
 Metaspace       used 20944K, capacity 21314K, committed 21552K, reserved 1069056K
  class space    used 2443K, capacity 2557K, committed 2560K, reserved 1048576K
2015-12-10T10:01:30.790-0500: 6,654: [GC (Allocation Failure) 2015-12-10T10:01:30.790-0500: 6,654: [ParNew
Desired survivor size 20112992 bytes, new threshold 8 (max 8)
- age   1:     773760 bytes,     773760 total
- age   2:    1747680 bytes,    2521440 total
- age   3:    4319512 bytes,    6840952 total
- age   4:    2481344 bytes,    9322296 total
: 102611K->12071K(109248K), 0,0064278 secs] 102611K->12071K(502464K), 0,0064984 secs] [Times: user=0,02 sys=0,00, real=0,01 secs] 
Heap after GC invocations=4 (full 0):
 par new generation   total 109248K, used 12071K [0x00000000e0000000, 0x00000000e8000000, 0x00000000e8000000)
  eden space 87424K,   0% used [0x00000000e0000000, 0x00000000e0000000, 0x00000000e5560000)
  from space 21824K,  55% used [0x00000000e5560000, 0x00000000e6129c60, 0x00000000e6ab0000)
  to   space 21824K,   0% used [0x00000000e6ab0000, 0x00000000e6ab0000, 0x00000000e8000000)
 concurrent mark-sweep generation total 393216K, used 0K [0x00000000e8000000, 0x0000000100000000, 0x0000000100000000)
 Metaspace       used 20944K, capacity 21314K, committed 21552K, reserved 1069056K
  class space    used 2443K, capacity 2557K, committed 2560K, reserved 1048576K
}
2015-12-10T10:01:30.797-0500: 6,660: Total time for which application threads were stopped: 0,0066626 seconds, Stopping threads took: 0,0000442 seconds
2015-12-10T10:01:30.797-0500: 6,660: [GC (CMS Initial Mark) [1 CMS-initial-mark: 0K(393216K)] 12744K(502464K), 0,0018311 secs] [Times: user=0,00 sys=0,00, real=0,00 secs] 
2015-12-10T10:01:30.799-0500: 6,662: Total time for which application threads were stopped: 0,0019460 seconds, Stopping threads took: 0,0000385 seconds
2015-12-10T10:01:30.799-0500: 6,662: [CMS-concurrent-mark-start]
2015-12-10T10:01:30.799-0500: 6,663: [CMS-concurrent-mark: 0,000/0,000 secs] [Times: user=0,00 sys=0,00, real=0,00 secs] 
2015-12-10T10:01:30.799-0500: 6,663: [CMS-concurrent-preclean-start]
2015-12-10T10:01:30.800-0500: 6,663: [CMS-concurrent-preclean: 0,001/0,001 secs] [Times: user=0,01 sys=0,00, real=0,00 secs] 
2015-12-10T10:01:30.800-0500: 6,663: [CMS-concurrent-abortable-preclean-start]
2015-12-10T10:01:30.806-0500: 6,669: Total time for which application threads were stopped: 0,0000913 seconds, Stopping threads took: 0,0000359 seconds
2015-12-10T10:01:30.807-0500: 6,670: Total time for which application threads were stopped: 0,0000795 seconds, Stopping threads took: 0,0000264 seconds
2015-12-10T10:01:30.811-0500: 6,674: Total time for which application threads were stopped: 0,0000880 seconds, Stopping threads took: 0,0000266 seconds
2015-12-10T10:01:30.818-0500: 6,681: Total time for which application threads were stopped: 0,0001606 seconds, Stopping threads took: 0,0000933 seconds
2015-12-10T10:01:30.871-0500: 6,734: Total time for which application threads were stopped: 0,0000845 seconds, Stopping threads took: 0,0000280 seconds
2015-12-10T10:01:30.932-0500: 6,795: Total time for which application threads were stopped: 0,0001038 seconds, Stopping threads took: 0,0000202 seconds
2015-12-10T10:01:30.933-0500: 6,796: Total time for which application threads were stopped: 0,0000727 seconds, Stopping threads took: 0,0000122 seconds
2015-12-10T10:01:30.971-0500: 6,834: Total time for which application threads were stopped: 0,0001251 seconds, Stopping threads took: 0,0000478 seconds
2015-12-10T10:01:30.987-0500: 6,850: Total time for which application threads were stopped: 0,0004367 seconds, Stopping threads took: 0,0003536 seconds
2015-12-10T10:01:30.987-0500: 6,850: Total time for which application threads were stopped: 0,0001022 seconds, Stopping threads took: 0,0000397 seconds
2015-12-10T10:01:30.993-0500: 6,856: Total time for which application threads were stopped: 0,0001493 seconds, Stopping threads took: 0,0000677 seconds
2015-12-10T10:01:30.993-0500: 6,856: [CMS-concurrent-abortable-preclean: 0,142/0,193 secs] [Times: user=0,36 sys=0,00, real=0,19 secs] 
2015-12-10T10:01:30.995-0500: 6,858: [GC (CMS Final Remark) [YG occupancy: 77203 K (109248 K)]{Heap before GC invocations=4 (full 1):
 par new generation   total 109248K, used 77203K [0x00000000e0000000, 0x00000000e8000000, 0x00000000e8000000)
  eden space 87424K,  74% used [0x00000000e0000000, 0x00000000e3f9afc8, 0x00000000e5560000)
  from space 21824K,  55% used [0x00000000e5560000, 0x00000000e6129c60, 0x00000000e6ab0000)
  to   space 21824K,   0% used [0x00000000e6ab0000, 0x00000000e6ab0000, 0x00000000e8000000)
 concurrent mark-sweep generation total 393216K, used 0K [0x00000000e8000000, 0x0000000100000000, 0x0000000100000000)
 Metaspace       used 21596K, capacity 22024K, committed 22216K, reserved 1069056K
  class space    used 2533K, capacity 2686K, committed 2712K, reserved 1048576K
2015-12-10T10:01:30.995-0500: 6,858: [GC (CMS Final Remark) 2015-12-10T10:01:30.995-0500: 6,858: [ParNew
Desired survivor size 20112992 bytes, new threshold 8 (max 8)
- age   1:     903192 bytes,     903192 total
- age   2:     118472 bytes,    1021664 total
- age   3:    1747880 bytes,    2769544 total
- age   4:    4318312 bytes,    7087856 total
- age   5:    2481152 bytes,    9569008 total
: 77203K->11552K(109248K), 0,0062442 secs] 77203K->11552K(502464K), 0,0062857 secs] [Times: user=0,02 sys=0,00, real=0,00 secs] 
Heap after GC invocations=5 (full 1):
 par new generation   total 109248K, used 11552K [0x00000000e0000000, 0x00000000e8000000, 0x00000000e8000000)
  eden space 87424K,   0% used [0x00000000e0000000, 0x00000000e0000000, 0x00000000e5560000)
  from space 21824K,  52% used [0x00000000e6ab0000, 0x00000000e75f8250, 0x00000000e8000000)
  to   space 21824K,   0% used [0x00000000e5560000, 0x00000000e5560000, 0x00000000e6ab0000)
 concurrent mark-sweep generation total 393216K, used 0K [0x00000000e8000000, 0x0000000100000000, 0x0000000100000000)
 Metaspace       used 21596K, capacity 22024K, committed 22216K, reserved 1069056K
  class space    used 2533K, capacity 2686K, committed 2712K, reserved 1048576K
}
2015-12-10T10:01:31.001-0500: 6,864: [Rescan (parallel) , 0,0123534 secs]2015-12-10T10:01:31.014-0500: 6,877: [weak refs processing, 0,0106498 secs]2015-12-10T10:01:31.024-0500: 6,888: [class unloading, 0,0032246 secs]2015-12-10T10:01:31.028-0500: 6,891: [scrub symbol table, 0,0017537 secs]2015-12-10T10:01:31.029-0500: 6,892: [scrub string table, 0,0003212 secs][1 CMS-remark: 0K(393216K)] 11552K(502464K), 0,0355229 secs] [Times: user=0,05 sys=0,00, real=0,03 secs] 
2015-12-10T10:01:31.030-0500: 6,894: Total time for which application threads were stopped: 0,0356490 seconds, Stopping threads took: 0,0000396 seconds
2015-12-10T10:01:31.031-0500: 6,894: [CMS-concurrent-sweep-start]
2015-12-10T10:01:31.031-0500: 6,894: [CMS-concurrent-sweep: 0,000/0,000 secs] [Times: user=0,00 sys=0,00, real=0,00 secs] 
2015-12-10T10:01:31.031-0500: 6,894: [CMS-concurrent-reset-start]
2015-12-10T10:01:31.034-0500: 6,897: [CMS-concurrent-reset: 0,003/0,003 secs] [Times: user=0,01 sys=0,00, real=0,00 secs] 
2015-12-10T10:01:31.036-0500: 6,899: Total time for which application threads were stopped: 0,0000879 seconds, Stopping threads took: 0,0000219 seconds
2015-12-10T10:01:31.038-0500: 6,901: Total time for which application threads were stopped: 0,0004143 seconds, Stopping threads took: 0,0000267 seconds
2015-12-10T10:01:31.055-0500: 6,918: Total time for which application threads were stopped: 0,0001129 seconds, Stopping threads took: 0,0000457 seconds
2015-12-10T10:01:31.057-0500: 6,921: Total time for which application threads were stopped: 0,0001177 seconds, Stopping threads took: 0,0000503 seconds
2015-12-10T10:01:31.077-0500: 6,941: Total time for which application threads were stopped: 0,0001439 seconds, Stopping threads took: 0,0000579 seconds
2015-12-10T10:01:31.092-0500: 6,956: Total time for which application threads were stopped: 0,0001045 seconds, Stopping threads took: 0,0000311 seconds
2015-12-10T10:01:31.096-0500: 6,959: Total time for which application threads were stopped: 0,0001042 seconds, Stopping threads took: 0,0000389 seconds
{Heap before GC invocations=5 (full 1):
 par new generation   total 109248K, used 98976K [0x00000000e0000000, 0x00000000e8000000, 0x00000000e8000000)
  eden space 87424K, 100% used [0x00000000e0000000, 0x00000000e5560000, 0x00000000e5560000)
  from space 21824K,  52% used [0x00000000e6ab0000, 0x00000000e75f8250, 0x00000000e8000000)
  to   space 21824K,   0% used [0x00000000e5560000, 0x00000000e5560000, 0x00000000e6ab0000)
 concurrent mark-sweep generation total 393216K, used 0K [0x00000000e8000000, 0x0000000100000000, 0x0000000100000000)
 Metaspace       used 21750K, capacity 22096K, committed 22216K, reserved 1069056K
  class space    used 2559K, capacity 2688K, committed 2712K, reserved 1048576K
2015-12-10T10:01:31.117-0500: 6,980: [GC (Allocation Failure) 2015-12-10T10:01:31.117-0500: 6,980: [ParNew
Desired survivor size 20112992 bytes, new threshold 8 (max 8)
- age   1:     935960 bytes,     935960 total
- age   2:     116512 bytes,    1052472 total
- age   3:     117384 bytes,    1169856 total
- age   4:    1747472 bytes,    2917328 total
- age   5:    4314696 bytes,    7232024 total
- age   6:    2481120 bytes,    9713144 total
: 98976K->14286K(109248K), 0,0068141 secs] 98976K->14286K(502464K), 0,0068881 secs] [Times: user=0,02 sys=0,00, real=0,00 secs] 
Heap after GC invocations=6 (full 1):
 par new generation   total 109248K, used 14286K [0x00000000e0000000, 0x00000000e8000000, 0x00000000e8000000)
  eden space 87424K,   0% used [0x00000000e0000000, 0x00000000e0000000, 0x00000000e5560000)
  from space 21824K,  65% used [0x00000000e5560000, 0x00000000e6353998, 0x00000000e6ab0000)
  to   space 21824K,   0% used [0x00000000e6ab0000, 0x00000000e6ab0000, 0x00000000e8000000)
 concurrent mark-sweep generation total 393216K, used 0K [0x00000000e8000000, 0x0000000100000000, 0x0000000100000000)
 Metaspace       used 21750K, capacity 22096K, committed 22216K, reserved 1069056K
  class space    used 2559K, capacity 2688K, committed 2712K, reserved 1048576K
}
2015-12-10T10:01:31.124-0500: 6,987: Total time for which application threads were stopped: 0,0070748 seconds, Stopping threads took: 0,0000533 seconds
2015-12-10T10:01:31.193-0500: 7,056: Total time for which application threads were stopped: 0,0000939 seconds, Stopping threads took: 0,0000270 seconds
2015-12-10T10:01:31.197-0500: 7,060: Total time for which application threads were stopped: 0,0001354 seconds, Stopping threads took: 0,0000589 seconds
2015-12-10T10:01:31.197-0500: 7,061: Total time for which application threads were stopped: 0,0000683 seconds, Stopping threads took: 0,0000235 seconds
2015-12-10T10:01:31.198-0500: 7,061: Total time for which application threads were stopped: 0,0001609 seconds, Stopping threads took: 0,0001115 seconds
2015-12-10T10:01:31.344-0500: 7,208: Total time for which application threads were stopped: 0,0002667 seconds, Stopping threads took: 0,0000175 seconds
2015-12-10T10:01:31.350-0500: 7,213: Total time for which application threads were stopped: 0,0000484 seconds, Stopping threads took: 0,0000117 seconds
2015-12-10T10:01:31.370-0500: 7,233: Total time for which application threads were stopped: 0,0001602 seconds, Stopping threads took: 0,0001037 seconds
2015-12-10T10:01:31.501-0500: 7,364: Total time for which application threads were stopped: 0,0005484 seconds, Stopping threads took: 0,0004219 seconds
2015-12-10T10:01:31.506-0500: 7,370: Total time for which application threads were stopped: 0,0040244 seconds, Stopping threads took: 0,0039400 seconds
2015-12-10T10:01:31.523-0500: 7,386: Total time for which application threads were stopped: 0,0001132 seconds, Stopping threads took: 0,0000335 seconds
2015-12-10T10:01:31.534-0500: 7,398: Total time for which application threads were stopped: 0,0002191 seconds, Stopping threads took: 0,0001409 seconds
2015-12-10T10:01:31.535-0500: 7,399: Total time for which application threads were stopped: 0,0000643 seconds, Stopping threads took: 0,0000271 seconds
2015-12-10T10:01:31.567-0500: 7,430: Total time for which application threads were stopped: 0,0001440 seconds, Stopping threads took: 0,0000419 seconds
2015-12-10T10:01:31.568-0500: 7,431: Total time for which application threads were stopped: 0,0003725 seconds, Stopping threads took: 0,0001008 seconds
2015-12-10T10:01:31.614-0500: 7,477: Total time for which application threads were stopped: 0,0001943 seconds, Stopping threads took: 0,0001171 seconds
2015-12-10T10:01:31.620-0500: 7,483: Total time for which application threads were stopped: 0,0002706 seconds, Stopping threads took: 0,0000251 seconds
2015-12-10T10:01:31.638-0500: 7,501: Total time for which application threads were stopped: 0,0000720 seconds, Stopping threads took: 0,0000327 seconds
2015-12-10T10:01:31.638-0500: 7,501: Total time for which application threads were stopped: 0,0000523 seconds, Stopping threads took: 0,0000171 seconds
2015-12-10T10:01:31.638-0500: 7,501: Total time for which application threads were stopped: 0,0001692 seconds, Stopping threads took: 0,0001245 seconds
2015-12-10T10:01:31.639-0500: 7,502: Total time for which application threads were stopped: 0,0000940 seconds, Stopping threads took: 0,0000258 seconds
2015-12-10T10:01:31.662-0500: 7,525: Total time for which application threads were stopped: 0,0000860 seconds, Stopping threads took: 0,0000381 seconds
2015-12-10T10:01:31.688-0500: 7,552: Total time for which application threads were stopped: 0,0002834 seconds, Stopping threads took: 0,0000239 seconds
2015-12-10T10:01:31.691-0500: 7,555: Total time for which application threads were stopped: 0,0000755 seconds, Stopping threads took: 0,0000228 seconds
2015-12-10T10:01:31.694-0500: 7,557: Total time for which application threads were stopped: 0,0000307 seconds, Stopping threads took: 0,0000071 seconds
2015-12-10T10:01:31.702-0500: 7,565: Total time for which application threads were stopped: 0,0000777 seconds, Stopping threads took: 0,0000311 seconds
2015-12-10T10:01:31.702-0500: 7,565: Total time for which application threads were stopped: 0,0000615 seconds, Stopping threads took: 0,0000203 seconds
2015-12-10T10:01:31.792-0500: 7,655: Total time for which application threads were stopped: 0,0000695 seconds, Stopping threads took: 0,0000221 seconds
2015-12-10T10:01:31.799-0500: 7,662: Total time for which application threads were stopped: 0,0001468 seconds, Stopping threads took: 0,0000851 seconds
2015-12-10T10:01:31.803-0500: 7,666: Total time for which application threads were stopped: 0,0001062 seconds, Stopping threads took: 0,0000698 seconds
2015-12-10T10:01:31.804-0500: 7,667: Total time for which application threads were stopped: 0,0001453 seconds, Stopping threads took: 0,0000855 seconds
2015-12-10T10:01:31.808-0500: 7,671: Total time for which application threads were stopped: 0,0001358 seconds, Stopping threads took: 0,0000566 seconds
2015-12-10T10:01:31.869-0500: 7,732: Total time for which application threads were stopped: 0,0001492 seconds, Stopping threads took: 0,0000833 seconds
2015-12-10T10:01:31.879-0500: 7,742: Total time for which application threads were stopped: 0,0003017 seconds, Stopping threads took: 0,0002220 seconds
2015-12-10T10:01:31.881-0500: 7,744: Total time for which application threads were stopped: 0,0001497 seconds, Stopping threads took: 0,0000910 seconds
2015-12-10T10:01:31.883-0500: 7,747: Total time for which application threads were stopped: 0,0000701 seconds, Stopping threads took: 0,0000206 seconds
2015-12-10T10:01:31.884-0500: 7,747: Total time for which application threads were stopped: 0,0000556 seconds, Stopping threads took: 0,0000184 seconds
2015-12-10T10:01:31.884-0500: 7,747: Total time for which application threads were stopped: 0,0000413 seconds, Stopping threads took: 0,0000072 seconds
2015-12-10T10:01:31.918-0500: 7,781: Total time for which application threads were stopped: 0,0001343 seconds, Stopping threads took: 0,0000344 seconds
2015-12-10T10:01:31.934-0500: 7,797: Total time for which application threads were stopped: 0,0001441 seconds, Stopping threads took: 0,0000698 seconds
{Heap before GC invocations=6 (full 1):
 par new generation   total 109248K, used 101710K [0x00000000e0000000, 0x00000000e8000000, 0x00000000e8000000)
  eden space 87424K, 100% used [0x00000000e0000000, 0x00000000e5560000, 0x00000000e5560000)
  from space 21824K,  65% used [0x00000000e5560000, 0x00000000e6353998, 0x00000000e6ab0000)
  to   space 21824K,   0% used [0x00000000e6ab0000, 0x00000000e6ab0000, 0x00000000e8000000)
 concurrent mark-sweep generation total 393216K, used 0K [0x00000000e8000000, 0x0000000100000000, 0x0000000100000000)
 Metaspace       used 24612K, capacity 24984K, committed 25112K, reserved 1071104K
  class space    used 2917K, capacity 3074K, committed 3096K, reserved 1048576K
2015-12-10T10:01:31.972-0500: 7,835: [GC (Allocation Failure) 2015-12-10T10:01:31.972-0500: 7,835: [ParNew
Desired survivor size 20112992 bytes, new threshold 8 (max 8)
- age   1:    3974008 bytes,    3974008 total
- age   2:     109608 bytes,    4083616 total
- age   3:     114888 bytes,    4198504 total
- age   4:     111928 bytes,    4310432 total
- age   5:     300336 bytes,    4610768 total
- age   6:    4303344 bytes,    8914112 total
- age   7:    2480976 bytes,   11395088 total
: 101710K->14339K(109248K), 0,0075333 secs] 101710K->14339K(502464K), 0,0076156 secs] [Times: user=0,02 sys=0,00, real=0,01 secs] 
Heap after GC invocations=7 (full 1):
 par new generation   total 109248K, used 14339K [0x00000000e0000000, 0x00000000e8000000, 0x00000000e8000000)
  eden space 87424K,   0% used [0x00000000e0000000, 0x00000000e0000000, 0x00000000e5560000)
  from space 21824K,  65% used [0x00000000e6ab0000, 0x00000000e78b0fa8, 0x00000000e8000000)
  to   space 21824K,   0% used [0x00000000e5560000, 0x00000000e5560000, 0x00000000e6ab0000)
 concurrent mark-sweep generation total 393216K, used 0K [0x00000000e8000000, 0x0000000100000000, 0x0000000100000000)
 Metaspace       used 24612K, capacity 24984K, committed 25112K, reserved 1071104K
  class space    used 2917K, capacity 3074K, committed 3096K, reserved 1048576K
}
2015-12-10T10:01:31.979-0500: 7,843: Total time for which application threads were stopped: 0,0077912 seconds, Stopping threads took: 0,0000354 seconds
2015-12-10T10:01:31.987-0500: 7,850: Total time for which application threads were stopped: 0,0000856 seconds, Stopping threads took: 0,0000219 seconds
2015-12-10T10:01:32.014-0500: 7,877: Total time for which application threads were stopped: 0,0000973 seconds, Stopping threads took: 0,0000293 seconds
2015-12-10T10:01:32.081-0500: 7,944: Total time for which application threads were stopped: 0,0001150 seconds, Stopping threads took: 0,0000507 seconds
2015-12-10T10:01:32.172-0500: 8,035: Total time for which application threads were stopped: 0,0002012 seconds, Stopping threads took: 0,0001180 seconds
2015-12-10T10:01:32.173-0500: 8,036: Total time for which application threads were stopped: 0,0000913 seconds, Stopping threads took: 0,0000292 seconds
2015-12-10T10:01:32.174-0500: 8,037: Total time for which application threads were stopped: 0,0000630 seconds, Stopping threads took: 0,0000134 seconds
2015-12-10T10:01:32.180-0500: 8,043: Total time for which application threads were stopped: 0,0000789 seconds, Stopping threads took: 0,0000305 seconds
2015-12-10T10:01:32.235-0500: 8,099: Total time for which application threads were stopped: 0,0001486 seconds, Stopping threads took: 0,0000676 seconds
2015-12-10T10:01:32.242-0500: 8,106: Total time for which application threads were stopped: 0,0045908 seconds, Stopping threads took: 0,0044639 seconds
2015-12-10T10:01:32.243-0500: 8,106: Total time for which application threads were stopped: 0,0001160 seconds, Stopping threads took: 0,0000682 seconds
2015-12-10T10:01:32.259-0500: 8,122: Total time for which application threads were stopped: 0,0001510 seconds, Stopping threads took: 0,0000631 seconds
2015-12-10T10:01:32.260-0500: 8,123: Total time for which application threads were stopped: 0,0001262 seconds, Stopping threads took: 0,0000571 seconds
2015-12-10T10:01:32.412-0500: 8,275: Total time for which application threads were stopped: 0,0003689 seconds, Stopping threads took: 0,0002955 seconds
2015-12-10T10:01:32.422-0500: 8,286: Total time for which application threads were stopped: 0,0017968 seconds, Stopping threads took: 0,0017173 seconds
2015-12-10T10:01:32.567-0500: 8,430: Total time for which application threads were stopped: 0,0002800 seconds, Stopping threads took: 0,0002053 seconds
2015-12-10T10:01:32.573-0500: 8,436: Total time for which application threads were stopped: 0,0004616 seconds, Stopping threads took: 0,0001338 seconds
2015-12-10T10:01:32.624-0500: 8,487: Total time for which application threads were stopped: 0,0136684 seconds, Stopping threads took: 0,0132701 seconds
2015-12-10T10:01:32.640-0500: 8,503: Total time for which application threads were stopped: 0,0062884 seconds, Stopping threads took: 0,0059063 seconds
2015-12-10T10:01:32.641-0500: 8,504: Total time for which application threads were stopped: 0,0001168 seconds, Stopping threads took: 0,0000486 seconds
2015-12-10T10:01:32.719-0500: 8,583: Total time for which application threads were stopped: 0,0115696 seconds, Stopping threads took: 0,0114925 seconds
2015-12-10T10:01:33.082-0500: 8,946: Total time for which application threads were stopped: 0,0001196 seconds, Stopping threads took: 0,0000219 seconds
2015-12-10T10:01:33.083-0500: 8,946: Total time for which application threads were stopped: 0,0000679 seconds, Stopping threads took: 0,0000165 seconds
2015-12-10T10:01:33.083-0500: 8,946: Total time for which application threads were stopped: 0,0000351 seconds, Stopping threads took: 0,0000056 seconds
2015-12-10T10:01:33.084-0500: 8,947: Total time for which application threads were stopped: 0,0000463 seconds, Stopping threads took: 0,0000146 seconds
2015-12-10T10:01:33.084-0500: 8,947: Total time for which application threads were stopped: 0,0000341 seconds, Stopping threads took: 0,0000076 seconds
2015-12-10T10:01:33.084-0500: 8,947: Total time for which application threads were stopped: 0,0000433 seconds, Stopping threads took: 0,0000112 seconds
2015-12-10T10:01:33.115-0500: 8,978: Total time for which application threads were stopped: 0,0006037 seconds, Stopping threads took: 0,0000823 seconds
2015-12-10T10:01:33.135-0500: 8,998: Total time for which application threads were stopped: 0,0002015 seconds, Stopping threads took: 0,0000597 seconds
2015-12-10T10:01:33.172-0500: 9,035: Total time for which application threads were stopped: 0,0317086 seconds, Stopping threads took: 0,0316361 seconds
2015-12-10T10:01:33.179-0500: 9,042: Total time for which application threads were stopped: 0,0002041 seconds, Stopping threads took: 0,0001362 seconds
2015-12-10T10:01:34.179-0500: 10,043: Total time for which application threads were stopped: 0,0001070 seconds, Stopping threads took: 0,0000294 seconds
2015-12-10T10:01:42.757-0500: 18,620: Total time for which application threads were stopped: 0,0000948 seconds, Stopping threads took: 0,0000402 seconds
2015-12-10T10:01:43.279-0500: 19,142: Total time for which application threads were stopped: 0,0000894 seconds, Stopping threads took: 0,0000189 seconds
2015-12-10T10:01:43.427-0500: 19,290: Total time for which application threads were stopped: 0,0000709 seconds, Stopping threads took: 0,0000265 seconds
2015-12-10T10:01:43.429-0500: 19,292: Total time for which application threads were stopped: 0,0003937 seconds, Stopping threads took: 0,0000214 seconds
2015-12-10T10:01:43.429-0500: 19,292: Total time for which application threads were stopped: 0,0001557 seconds, Stopping threads took: 0,0000090 seconds
2015-12-10T10:01:43.430-0500: 19,293: Total time for which application threads were stopped: 0,0000289 seconds, Stopping threads took: 0,0000076 seconds
2015-12-10T10:01:43.431-0500: 19,294: Total time for which application threads were stopped: 0,0000798 seconds, Stopping threads took: 0,0000235 seconds
2015-12-10T10:01:43.431-0500: 19,294: Total time for which application threads were stopped: 0,0000351 seconds, Stopping threads took: 0,0000089 seconds
2015-12-10T10:01:43.447-0500: 19,310: Total time for which application threads were stopped: 0,0000825 seconds, Stopping threads took: 0,0000165 seconds
2015-12-10T10:01:43.447-0500: 19,310: Total time for which application threads were stopped: 0,0000438 seconds, Stopping threads took: 0,0000107 seconds
2015-12-10T10:01:43.577-0500: 19,440: Total time for which application threads were stopped: 0,0002282 seconds, Stopping threads took: 0,0001251 seconds
2015-12-10T10:01:43.577-0500: 19,440: Total time for which application threads were stopped: 0,0000851 seconds, Stopping threads took: 0,0000306 seconds
2015-12-10T10:01:44.577-0500: 20,440: Total time for which application threads were stopped: 0,0000695 seconds, Stopping threads took: 0,0000189 seconds
2015-12-10T10:01:46.134-0500: 21,997: Total time for which application threads were stopped: 0,0002824 seconds, Stopping threads took: 0,0002001 seconds
2015-12-10T10:01:46.134-0500: 21,997: Total time for which application threads were stopped: 0,0000805 seconds, Stopping threads took: 0,0000322 seconds
2015-12-10T10:01:46.135-0500: 21,998: Total time for which application threads were stopped: 0,0004863 seconds, Stopping threads took: 0,0004528 seconds
2015-12-10T10:01:46.137-0500: 22,000: Total time for which application threads were stopped: 0,0001024 seconds, Stopping threads took: 0,0000335 seconds
2015-12-10T10:01:46.141-0500: 22,004: Total time for which application threads were stopped: 0,0000949 seconds, Stopping threads took: 0,0000163 seconds
2015-12-10T10:01:46.141-0500: 22,004: Total time for which application threads were stopped: 0,0000562 seconds, Stopping threads took: 0,0000144 seconds
2015-12-10T10:01:46.208-0500: 22,071: Total time for which application threads were stopped: 0,0000793 seconds, Stopping threads took: 0,0000176 seconds
2015-12-10T10:01:46.208-0500: 22,072: Total time for which application threads were stopped: 0,0000454 seconds, Stopping threads took: 0,0000122 seconds
2015-12-10T10:01:46.212-0500: 22,075: Total time for which application threads were stopped: 0,0000869 seconds, Stopping threads took: 0,0000376 seconds
2015-12-10T10:01:46.212-0500: 22,075: Total time for which application threads were stopped: 0,0000623 seconds, Stopping threads took: 0,0000294 seconds
2015-12-10T10:01:46.213-0500: 22,076: Total time for which application threads were stopped: 0,0000806 seconds, Stopping threads took: 0,0000243 seconds
2015-12-10T10:01:46.216-0500: 22,079: Total time for which application threads were stopped: 0,0001075 seconds, Stopping threads took: 0,0000427 seconds
2015-12-10T10:01:46.226-0500: 22,089: Total time for which application threads were stopped: 0,0003857 seconds, Stopping threads took: 0,0003143 seconds
2015-12-10T10:01:46.226-0500: 22,089: Total time for which application threads were stopped: 0,0000433 seconds, Stopping threads took: 0,0000104 seconds
2015-12-10T10:01:46.226-0500: 22,090: Total time for which application threads were stopped: 0,0000589 seconds, Stopping threads took: 0,0000075 seconds
2015-12-10T10:01:46.227-0500: 22,090: Total time for which application threads were stopped: 0,0000365 seconds, Stopping threads took: 0,0000066 seconds
2015-12-10T10:01:46.227-0500: 22,090: Total time for which application threads were stopped: 0,0000291 seconds, Stopping threads took: 0,0000062 seconds
2015-12-10T10:01:46.230-0500: 22,093: Total time for which application threads were stopped: 0,0000809 seconds, Stopping threads took: 0,0000338 seconds
2015-12-10T10:01:46.231-0500: 22,095: Total time for which application threads were stopped: 0,0010377 seconds, Stopping threads took: 0,0009763 seconds
2015-12-10T10:01:47.050-0500: 22,914: Total time for which application threads were stopped: 0,0003991 seconds, Stopping threads took: 0,0000209 seconds
2015-12-10T10:01:47.051-0500: 22,914: Total time for which application threads were stopped: 0,0000620 seconds, Stopping threads took: 0,0000160 seconds
2015-12-10T10:01:47.119-0500: 22,982: Total time for which application threads were stopped: 0,0001244 seconds, Stopping threads took: 0,0000568 seconds
2015-12-10T10:01:47.119-0500: 22,983: Total time for which application threads were stopped: 0,0000604 seconds, Stopping threads took: 0,0000222 seconds
2015-12-10T10:01:47.120-0500: 22,983: Total time for which application threads were stopped: 0,0000991 seconds, Stopping threads took: 0,0000427 seconds
2015-12-10T10:01:47.120-0500: 22,983: Total time for which application threads were stopped: 0,0000459 seconds, Stopping threads took: 0,0000142 seconds
2015-12-10T10:01:47.120-0500: 22,984: Total time for which application threads were stopped: 0,0000352 seconds, Stopping threads took: 0,0000093 seconds
2015-12-10T10:01:47.120-0500: 22,984: Total time for which application threads were stopped: 0,0000287 seconds, Stopping threads took: 0,0000067 seconds
2015-12-10T10:01:47.120-0500: 22,984: Total time for which application threads were stopped: 0,0000267 seconds, Stopping threads took: 0,0000067 seconds
2015-12-10T10:01:47.120-0500: 22,984: Total time for which application threads were stopped: 0,0000270 seconds, Stopping threads took: 0,0000064 seconds
2015-12-10T10:01:47.121-0500: 22,984: Total time for which application threads were stopped: 0,0000305 seconds, Stopping threads took: 0,0000080 seconds
2015-12-10T10:01:47.121-0500: 22,984: Total time for which application threads were stopped: 0,0000266 seconds, Stopping threads took: 0,0000064 seconds
2015-12-10T10:01:47.121-0500: 22,984: Total time for which application threads were stopped: 0,0000274 seconds, Stopping threads took: 0,0000067 seconds
2015-12-10T10:01:47.121-0500: 22,984: Total time for which application threads were stopped: 0,0000296 seconds, Stopping threads took: 0,0000077 seconds
2015-12-10T10:01:47.121-0500: 22,984: Total time for which application threads were stopped: 0,0001946 seconds, Stopping threads took: 0,0001748 seconds
2015-12-10T10:01:47.121-0500: 22,984: Total time for which application threads were stopped: 0,0000458 seconds, Stopping threads took: 0,0000219 seconds
2015-12-10T10:01:47.121-0500: 22,984: Total time for which application threads were stopped: 0,0000278 seconds, Stopping threads took: 0,0000070 seconds
2015-12-10T10:01:47.124-0500: 22,988: Total time for which application threads were stopped: 0,0000860 seconds, Stopping threads took: 0,0000171 seconds
2015-12-10T10:01:47.124-0500: 22,988: Total time for which application threads were stopped: 0,0000617 seconds, Stopping threads took: 0,0000120 seconds
2015-12-10T10:01:47.125-0500: 22,988: Total time for which application threads were stopped: 0,0000368 seconds, Stopping threads took: 0,0000103 seconds
2015-12-10T10:01:47.125-0500: 22,988: Total time for which application threads were stopped: 0,0000322 seconds, Stopping threads took: 0,0000079 seconds
2015-12-10T10:01:47.125-0500: 22,988: Total time for which application threads were stopped: 0,0000285 seconds, Stopping threads took: 0,0000059 seconds
2015-12-10T10:01:47.125-0500: 22,988: Total time for which application threads were stopped: 0,0000364 seconds, Stopping threads took: 0,0000103 seconds
2015-12-10T10:01:47.125-0500: 22,988: Total time for which application threads were stopped: 0,0000252 seconds, Stopping threads took: 0,0000058 seconds
2015-12-10T10:01:47.125-0500: 22,989: Total time for which application threads were stopped: 0,0000234 seconds, Stopping threads took: 0,0000051 seconds
2015-12-10T10:01:47.126-0500: 22,989: Total time for which application threads were stopped: 0,0001241 seconds, Stopping threads took: 0,0000069 seconds
2015-12-10T10:01:47.126-0500: 22,989: Total time for which application threads were stopped: 0,0000349 seconds, Stopping threads took: 0,0000093 seconds
2015-12-10T10:01:47.126-0500: 22,989: Total time for which application threads were stopped: 0,0000254 seconds, Stopping threads took: 0,0000054 seconds
2015-12-10T10:01:47.126-0500: 22,989: Total time for which application threads were stopped: 0,0000226 seconds, Stopping threads took: 0,0000038 seconds
2015-12-10T10:01:47.126-0500: 22,989: Total time for which application threads were stopped: 0,0000291 seconds, Stopping threads took: 0,0000056 seconds
2015-12-10T10:01:47.126-0500: 22,989: Total time for which application threads were stopped: 0,0000488 seconds, Stopping threads took: 0,0000072 seconds
2015-12-10T10:01:47.127-0500: 22,990: Total time for which application threads were stopped: 0,0000553 seconds, Stopping threads took: 0,0000136 seconds
2015-12-10T10:01:47.128-0500: 22,991: Total time for which application threads were stopped: 0,0000975 seconds, Stopping threads took: 0,0000436 seconds
2015-12-10T10:01:48.128-0500: 23,992: Total time for which application threads were stopped: 0,0000680 seconds, Stopping threads took: 0,0000190 seconds
2015-12-10T10:01:50.129-0500: 25,992: Total time for which application threads were stopped: 0,0000797 seconds, Stopping threads took: 0,0000195 seconds
2015-12-10T10:02:14.010-0500: 49,873: Total time for which application threads were stopped: 0,0000836 seconds, Stopping threads took: 0,0000371 seconds
2015-12-10T10:02:14.051-0500: 49,914: Total time for which application threads were stopped: 0,0003240 seconds, Stopping threads took: 0,0000366 seconds
2015-12-10T10:02:14.133-0500: 49,996: Total time for which application threads were stopped: 0,0003283 seconds, Stopping threads took: 0,0000258 seconds
2015-12-10T10:02:15.133-0500: 50,996: Total time for which application threads were stopped: 0,0000779 seconds, Stopping threads took: 0,0000193 seconds
2015-12-10T10:02:15.789-0500: 51,652: Total time for which application threads were stopped: 0,0000697 seconds, Stopping threads took: 0,0000158 seconds
2015-12-10T10:02:15.791-0500: 51,655: Total time for which application threads were stopped: 0,0005201 seconds, Stopping threads took: 0,0004334 seconds
2015-12-10T10:02:15.799-0500: 51,662: Total time for which application threads were stopped: 0,0000879 seconds, Stopping threads took: 0,0000227 seconds
2015-12-10T10:02:15.802-0500: 51,666: Total time for which application threads were stopped: 0,0000751 seconds, Stopping threads took: 0,0000343 seconds
2015-12-10T10:02:15.803-0500: 51,666: Total time for which application threads were stopped: 0,0000340 seconds, Stopping threads took: 0,0000066 seconds
2015-12-10T10:02:15.803-0500: 51,666: Total time for which application threads were stopped: 0,0000593 seconds, Stopping threads took: 0,0000300 seconds
2015-12-10T10:02:15.805-0500: 51,668: Total time for which application threads were stopped: 0,0000699 seconds, Stopping threads took: 0,0000257 seconds
2015-12-10T10:02:15.811-0500: 51,674: Total time for which application threads were stopped: 0,0001118 seconds, Stopping threads took: 0,0000223 seconds
2015-12-10T10:02:15.923-0500: 51,786: Total time for which application threads were stopped: 0,0000808 seconds, Stopping threads took: 0,0000223 seconds
2015-12-10T10:02:16.017-0500: 51,880: Total time for which application threads were stopped: 0,0000996 seconds, Stopping threads took: 0,0000211 seconds
2015-12-10T10:02:16.544-0500: 52,407: Total time for which application threads were stopped: 0,0001050 seconds, Stopping threads took: 0,0000376 seconds
2015-12-10T10:02:16.546-0500: 52,410: Total time for which application threads were stopped: 0,0006163 seconds, Stopping threads took: 0,0005551 seconds
2015-12-10T10:02:17.044-0500: 52,907: Total time for which application threads were stopped: 0,0001433 seconds, Stopping threads took: 0,0000748 seconds
2015-12-10T10:02:17.779-0500: 53,642: Total time for which application threads were stopped: 0,0000872 seconds, Stopping threads took: 0,0000317 seconds
2015-12-10T10:02:18.779-0500: 54,642: Total time for which application threads were stopped: 0,0000691 seconds, Stopping threads took: 0,0000205 seconds
2015-12-10T10:02:28.708-0500: 64,571: Total time for which application threads were stopped: 0,0000688 seconds, Stopping threads took: 0,0000200 seconds
2015-12-10T10:02:28.782-0500: 64,645: Total time for which application threads were stopped: 0,0000817 seconds, Stopping threads took: 0,0000288 seconds
2015-12-10T10:02:29.276-0500: 65,139: Total time for which application threads were stopped: 0,0000774 seconds, Stopping threads took: 0,0000185 seconds
2015-12-10T10:02:29.777-0500: 65,640: Total time for which application threads were stopped: 0,0000921 seconds, Stopping threads took: 0,0000282 seconds
2015-12-10T10:02:30.777-0500: 66,640: Total time for which application threads were stopped: 0,0000692 seconds, Stopping threads took: 0,0000177 seconds
2015-12-10T10:02:46.232-0500: 82,095: Total time for which application threads were stopped: 0,0000643 seconds, Stopping threads took: 0,0000194 seconds
2015-12-10T10:06:19.388-0500: 295,251: Total time for which application threads were stopped: 0,0001039 seconds, Stopping threads took: 0,0000352 seconds
2015-12-10T10:06:19.485-0500: 295,348: Total time for which application threads were stopped: 0,0000999 seconds, Stopping threads took: 0,0000328 seconds
2015-12-10T10:06:19.500-0500: 295,364: Total time for which application threads were stopped: 0,0001222 seconds, Stopping threads took: 0,0000648 seconds
2015-12-10T10:06:19.501-0500: 295,364: Total time for which application threads were stopped: 0,0001273 seconds, Stopping threads took: 0,0000137 seconds
2015-12-10T10:06:19.513-0500: 295,376: Total time for which application threads were stopped: 0,0002457 seconds, Stopping threads took: 0,0001785 seconds
2015-12-10T10:06:19.514-0500: 295,377: Total time for which application threads were stopped: 0,0001081 seconds, Stopping threads took: 0,0000660 seconds
2015-12-10T10:06:19.516-0500: 295,379: Total time for which application threads were stopped: 0,0000687 seconds, Stopping threads took: 0,0000328 seconds
2015-12-10T10:06:19.518-0500: 295,382: Total time for which application threads were stopped: 0,0014434 seconds, Stopping threads took: 0,0013915 seconds
2015-12-10T10:06:19.520-0500: 295,383: Total time for which application threads were stopped: 0,0000701 seconds, Stopping threads took: 0,0000297 seconds
2015-12-10T10:06:19.526-0500: 295,389: Total time for which application threads were stopped: 0,0000814 seconds, Stopping threads took: 0,0000193 seconds
2015-12-10T10:06:19.783-0500: 295,646: Total time for which application threads were stopped: 0,0001418 seconds, Stopping threads took: 0,0000521 seconds
2015-12-10T10:06:19.783-0500: 295,646: Total time for which application threads were stopped: 0,0000761 seconds, Stopping threads took: 0,0000362 seconds
2015-12-10T10:06:19.789-0500: 295,652: Total time for which application threads were stopped: 0,0024718 seconds, Stopping threads took: 0,0023979 seconds
2015-12-10T10:06:19.790-0500: 295,653: Total time for which application threads were stopped: 0,0000583 seconds, Stopping threads took: 0,0000135 seconds
2015-12-10T10:06:20.790-0500: 296,653: Total time for which application threads were stopped: 0,0000949 seconds, Stopping threads took: 0,0000257 seconds
2015-12-10T10:06:21.573-0500: 297,436: Total time for which application threads were stopped: 0,0003638 seconds, Stopping threads took: 0,0002918 seconds
2015-12-10T10:07:19.579-0500: 355,442: Total time for which application threads were stopped: 0,0000693 seconds, Stopping threads took: 0,0000244 seconds
2015-12-10T10:07:19.790-0500: 355,653: Total time for which application threads were stopped: 0,0000733 seconds, Stopping threads took: 0,0000204 seconds
2015-12-10T10:07:19.790-0500: 355,653: Total time for which application threads were stopped: 0,0000405 seconds, Stopping threads took: 0,0000079 seconds
2015-12-10T10:17:28.916-0500: 964,779: Total time for which application threads were stopped: 0,0004456 seconds, Stopping threads took: 0,0002682 seconds
2015-12-10T10:17:29.023-0500: 964,886: Total time for which application threads were stopped: 0,0000694 seconds, Stopping threads took: 0,0000167 seconds
2015-12-10T10:17:29.029-0500: 964,892: Total time for which application threads were stopped: 0,0000665 seconds, Stopping threads took: 0,0000168 seconds
2015-12-10T10:17:29.034-0500: 964,897: Total time for which application threads were stopped: 0,0000895 seconds, Stopping threads took: 0,0000289 seconds
2015-12-10T10:17:29.052-0500: 964,915: Total time for which application threads were stopped: 0,0000854 seconds, Stopping threads took: 0,0000301 seconds
2015-12-10T10:17:29.054-0500: 964,918: Total time for which application threads were stopped: 0,0000796 seconds, Stopping threads took: 0,0000202 seconds
2015-12-10T10:17:29.063-0500: 964,926: Total time for which application threads were stopped: 0,0000948 seconds, Stopping threads took: 0,0000363 seconds
2015-12-10T10:17:29.442-0500: 965,305: Total time for which application threads were stopped: 0,0001488 seconds, Stopping threads took: 0,0000298 seconds
2015-12-10T10:17:29.442-0500: 965,306: Total time for which application threads were stopped: 0,0001053 seconds, Stopping threads took: 0,0000208 seconds
2015-12-10T10:17:29.474-0500: 965,337: Total time for which application threads were stopped: 0,0002042 seconds, Stopping threads took: 0,0001186 seconds
2015-12-10T10:17:29.474-0500: 965,337: Total time for which application threads were stopped: 0,0000823 seconds, Stopping threads took: 0,0000332 seconds
2015-12-10T10:17:30.475-0500: 966,338: Total time for which application threads were stopped: 0,0002579 seconds, Stopping threads took: 0,0000463 seconds
2015-12-10T10:18:29.475-0500: 1025,338: Total time for which application threads were stopped: 0,0001178 seconds, Stopping threads took: 0,0000415 seconds
2015-12-10T10:19:45.482-0500: 1101,345: Total time for which application threads were stopped: 0,0001828 seconds, Stopping threads took: 0,0000695 seconds
2015-12-10T10:20:00.730-0500: 1116,593: Total time for which application threads were stopped: 0,0000761 seconds, Stopping threads took: 0,0000249 seconds
2015-12-10T10:20:01.730-0500: 1117,594: Total time for which application threads were stopped: 0,0004370 seconds, Stopping threads took: 0,0001366 seconds
2015-12-10T10:20:02.775-0500: 1118,638: Total time for which application threads were stopped: 0,0000970 seconds, Stopping threads took: 0,0000410 seconds
2015-12-10T10:20:02.875-0500: 1118,738: Total time for which application threads were stopped: 0,0000810 seconds, Stopping threads took: 0,0000196 seconds
2015-12-10T10:20:03.381-0500: 1119,244: Total time for which application threads were stopped: 0,0000972 seconds, Stopping threads took: 0,0000196 seconds
2015-12-10T10:20:03.855-0500: 1119,718: Total time for which application threads were stopped: 0,0000868 seconds, Stopping threads took: 0,0000269 seconds
2015-12-10T10:20:04.855-0500: 1120,719: Total time for which application threads were stopped: 0,0000669 seconds, Stopping threads took: 0,0000188 seconds
2015-12-10T10:20:23.611-0500: 1139,474: Total time for which application threads were stopped: 0,0001322 seconds, Stopping threads took: 0,0000295 seconds
2015-12-10T10:20:23.697-0500: 1139,560: Total time for which application threads were stopped: 0,0000775 seconds, Stopping threads took: 0,0000197 seconds
2015-12-10T10:20:23.699-0500: 1139,562: Total time for which application threads were stopped: 0,0000834 seconds, Stopping threads took: 0,0000312 seconds
2015-12-10T10:20:23.700-0500: 1139,563: Total time for which application threads were stopped: 0,0000575 seconds, Stopping threads took: 0,0000209 seconds
2015-12-10T10:20:23.701-0500: 1139,564: Total time for which application threads were stopped: 0,0000740 seconds, Stopping threads took: 0,0000196 seconds
2015-12-10T10:20:23.705-0500: 1139,568: Total time for which application threads were stopped: 0,0000908 seconds, Stopping threads took: 0,0000380 seconds
2015-12-10T10:20:23.705-0500: 1139,569: Total time for which application threads were stopped: 0,0001150 seconds, Stopping threads took: 0,0000204 seconds
2015-12-10T10:20:23.708-0500: 1139,572: Total time for which application threads were stopped: 0,0001144 seconds, Stopping threads took: 0,0000626 seconds
2015-12-10T10:20:23.713-0500: 1139,576: Total time for which application threads were stopped: 0,0000996 seconds, Stopping threads took: 0,0000409 seconds
2015-12-10T10:20:23.733-0500: 1139,596: Total time for which application threads were stopped: 0,0000902 seconds, Stopping threads took: 0,0000245 seconds
2015-12-10T10:20:23.901-0500: 1139,765: Total time for which application threads were stopped: 0,0000956 seconds, Stopping threads took: 0,0000199 seconds
2015-12-10T10:20:23.902-0500: 1139,765: Total time for which application threads were stopped: 0,0000421 seconds, Stopping threads took: 0,0000093 seconds
2015-12-10T10:20:23.911-0500: 1139,774: Total time for which application threads were stopped: 0,0037827 seconds, Stopping threads took: 0,0037089 seconds
2015-12-10T10:21:13.916-0500: 1189,779: Total time for which application threads were stopped: 0,0001886 seconds, Stopping threads took: 0,0000672 seconds
2015-12-10T10:21:23.907-0500: 1199,770: Total time for which application threads were stopped: 0,0001745 seconds, Stopping threads took: 0,0000644 seconds
2015-12-10T10:21:23.911-0500: 1199,774: Total time for which application threads were stopped: 0,0000599 seconds, Stopping threads took: 0,0000138 seconds
2015-12-10T10:24:17.262-0500: 1373,125: Total time for which application threads were stopped: 0,0002086 seconds, Stopping threads took: 0,0001208 seconds
{Heap before GC invocations=7 (full 1):
 par new generation   total 109248K, used 101763K [0x00000000e0000000, 0x00000000e8000000, 0x00000000e8000000)
  eden space 87424K, 100% used [0x00000000e0000000, 0x00000000e5560000, 0x00000000e5560000)
  from space 21824K,  65% used [0x00000000e6ab0000, 0x00000000e78b0fa8, 0x00000000e8000000)
  to   space 21824K,   0% used [0x00000000e5560000, 0x00000000e5560000, 0x00000000e6ab0000)
 concurrent mark-sweep generation total 393216K, used 0K [0x00000000e8000000, 0x0000000100000000, 0x0000000100000000)
 Metaspace       used 30715K, capacity 31204K, committed 31384K, reserved 1077248K
  class space    used 3571K, capacity 3718K, committed 3736K, reserved 1048576K
2015-12-10T10:24:17.278-0500: 1373,141: [GC (Allocation Failure) 2015-12-10T10:24:17.278-0500: 1373,141: [ParNew
Desired survivor size 20112992 bytes, new threshold 8 (max 8)
- age   1:   10396816 bytes,   10396816 total
- age   2:    1550016 bytes,   11946832 total
- age   3:     108520 bytes,   12055352 total
- age   4:     112568 bytes,   12167920 total
- age   5:     108616 bytes,   12276536 total
- age   6:     296312 bytes,   12572848 total
- age   7:    4231312 bytes,   16804160 total
- age   8:    2456880 bytes,   19261040 total
: 101763K->21516K(109248K), 0,0128229 secs] 101763K->21516K(502464K), 0,0128906 secs] [Times: user=0,04 sys=0,00, real=0,01 secs] 
Heap after GC invocations=8 (full 1):
 par new generation   total 109248K, used 21516K [0x00000000e0000000, 0x00000000e8000000, 0x00000000e8000000)
  eden space 87424K,   0% used [0x00000000e0000000, 0x00000000e0000000, 0x00000000e5560000)
  from space 21824K,  98% used [0x00000000e5560000, 0x00000000e6a631e8, 0x00000000e6ab0000)
  to   space 21824K,   0% used [0x00000000e6ab0000, 0x00000000e6ab0000, 0x00000000e8000000)
 concurrent mark-sweep generation total 393216K, used 0K [0x00000000e8000000, 0x0000000100000000, 0x0000000100000000)
 Metaspace       used 30715K, capacity 31204K, committed 31384K, reserved 1077248K
  class space    used 3571K, capacity 3718K, committed 3736K, reserved 1048576K
}
2015-12-10T10:24:17.290-0500: 1373,154: Total time for which application threads were stopped: 0,0275144 seconds, Stopping threads took: 0,0000921 seconds
2015-12-10T10:24:17.295-0500: 1373,159: Total time for which application threads were stopped: 0,0001142 seconds, Stopping threads took: 0,0000553 seconds
2015-12-10T10:24:17.296-0500: 1373,159: Total time for which application threads were stopped: 0,0000554 seconds, Stopping threads took: 0,0000222 seconds
2015-12-10T10:24:18.296-0500: 1374,159: Total time for which application threads were stopped: 0,0000718 seconds, Stopping threads took: 0,0000196 seconds
2015-12-10T10:24:18.901-0500: 1374,764: Total time for which application threads were stopped: 0,0001044 seconds, Stopping threads took: 0,0000216 seconds
2015-12-10T10:24:18.974-0500: 1374,837: Total time for which application threads were stopped: 0,0001375 seconds, Stopping threads took: 0,0000201 seconds
2015-12-10T10:24:19.495-0500: 1375,358: Total time for which application threads were stopped: 0,0001141 seconds, Stopping threads took: 0,0000423 seconds
2015-12-10T10:24:19.940-0500: 1375,803: Total time for which application threads were stopped: 0,0000905 seconds, Stopping threads took: 0,0000152 seconds
2015-12-10T10:24:34.941-0500: 1390,804: Total time for which application threads were stopped: 0,0000889 seconds, Stopping threads took: 0,0000234 seconds
2015-12-10T10:25:35.070-0500: 1450,933: Total time for which application threads were stopped: 0,0003699 seconds, Stopping threads took: 0,0001275 seconds
2015-12-10T10:25:35.177-0500: 1451,040: Total time for which application threads were stopped: 0,0000773 seconds, Stopping threads took: 0,0000182 seconds
2015-12-10T10:25:35.177-0500: 1451,041: Total time for which application threads were stopped: 0,0000625 seconds, Stopping threads took: 0,0000161 seconds
2015-12-10T10:25:35.178-0500: 1451,041: Total time for which application threads were stopped: 0,0000450 seconds, Stopping threads took: 0,0000098 seconds
2015-12-10T10:25:35.178-0500: 1451,042: Total time for which application threads were stopped: 0,0001428 seconds, Stopping threads took: 0,0000961 seconds
2015-12-10T10:25:35.179-0500: 1451,042: Total time for which application threads were stopped: 0,0001735 seconds, Stopping threads took: 0,0000380 seconds
2015-12-10T10:25:35.183-0500: 1451,046: Total time for which application threads were stopped: 0,0000944 seconds, Stopping threads took: 0,0000310 seconds
2015-12-10T10:25:35.184-0500: 1451,048: Total time for which application threads were stopped: 0,0000658 seconds, Stopping threads took: 0,0000141 seconds
2015-12-10T10:25:35.185-0500: 1451,048: Total time for which application threads were stopped: 0,0000341 seconds, Stopping threads took: 0,0000080 seconds
2015-12-10T10:25:35.186-0500: 1451,050: Total time for which application threads were stopped: 0,0000674 seconds, Stopping threads took: 0,0000157 seconds
2015-12-10T10:25:35.280-0500: 1451,143: Total time for which application threads were stopped: 0,0001275 seconds, Stopping threads took: 0,0000330 seconds
2015-12-10T10:25:35.464-0500: 1451,327: Total time for which application threads were stopped: 0,0001336 seconds, Stopping threads took: 0,0000349 seconds
2015-12-10T10:25:35.464-0500: 1451,327: Total time for which application threads were stopped: 0,0000424 seconds, Stopping threads took: 0,0000127 seconds
2015-12-10T10:25:35.495-0500: 1451,358: Total time for which application threads were stopped: 0,0001233 seconds, Stopping threads took: 0,0000299 seconds
2015-12-10T10:25:35.495-0500: 1451,358: Total time for which application threads were stopped: 0,0000796 seconds, Stopping threads took: 0,0000318 seconds
2015-12-10T10:26:35.496-0500: 1511,359: Total time for which application threads were stopped: 0,0000905 seconds, Stopping threads took: 0,0000366 seconds
2015-12-10T10:27:20.500-0500: 1556,363: Total time for which application threads were stopped: 0,0000951 seconds, Stopping threads took: 0,0000345 seconds
2015-12-10T10:33:26.535-0500: 1922,398: Total time for which application threads were stopped: 0,0001679 seconds, Stopping threads took: 0,0000583 seconds
2015-12-10T10:35:25.257-0500: 2041,120: Total time for which application threads were stopped: 0,0001318 seconds, Stopping threads took: 0,0000309 seconds
2015-12-10T10:35:26.257-0500: 2042,120: Total time for which application threads were stopped: 0,0001098 seconds, Stopping threads took: 0,0000254 seconds
2015-12-10T10:35:57.539-0500: 2073,402: Total time for which application threads were stopped: 0,0000954 seconds, Stopping threads took: 0,0000286 seconds
2015-12-10T10:36:07.313-0500: 2083,176: Total time for which application threads were stopped: 0,0000875 seconds, Stopping threads took: 0,0000283 seconds
2015-12-10T10:36:11.943-0500: 2087,806: Total time for which application threads were stopped: 0,0002725 seconds, Stopping threads took: 0,0000792 seconds
2015-12-10T10:47:06.014-0500: 2741,877: Total time for which application threads were stopped: 0,0000861 seconds, Stopping threads took: 0,0000260 seconds
2015-12-10T10:47:07.014-0500: 2742,878: Total time for which application threads were stopped: 0,0000667 seconds, Stopping threads took: 0,0000188 seconds
2015-12-10T10:47:23.406-0500: 2759,270: Total time for which application threads were stopped: 0,0001063 seconds, Stopping threads took: 0,0000360 seconds
2015-12-10T10:47:36.594-0500: 2772,458: Total time for which application threads were stopped: 0,0001249 seconds, Stopping threads took: 0,0000216 seconds
2015-12-10T10:47:49.990-0500: 2785,853: Total time for which application threads were stopped: 0,0001033 seconds, Stopping threads took: 0,0000270 seconds
2015-12-10T10:47:59.087-0500: 2794,951: Total time for which application threads were stopped: 0,0000906 seconds, Stopping threads took: 0,0000206 seconds
2015-12-10T10:48:16.751-0500: 2812,615: Total time for which application threads were stopped: 0,0000952 seconds, Stopping threads took: 0,0000298 seconds
2015-12-10T10:48:44.726-0500: 2840,589: Total time for which application threads were stopped: 0,0001156 seconds, Stopping threads took: 0,0000402 seconds
2015-12-10T10:49:33.997-0500: 2889,861: Total time for which application threads were stopped: 0,0001681 seconds, Stopping threads took: 0,0000839 seconds
2015-12-10T10:54:03.808-0500: 3159,671: Total time for which application threads were stopped: 0,0001497 seconds, Stopping threads took: 0,0000464 seconds
2015-12-10T10:54:03.920-0500: 3159,783: Total time for which application threads were stopped: 0,0001015 seconds, Stopping threads took: 0,0000231 seconds
2015-12-10T10:54:03.933-0500: 3159,796: Total time for which application threads were stopped: 0,0001654 seconds, Stopping threads took: 0,0000361 seconds
2015-12-10T10:54:03.944-0500: 3159,807: Total time for which application threads were stopped: 0,0001085 seconds, Stopping threads took: 0,0000208 seconds
2015-12-10T10:54:03.945-0500: 3159,808: Total time for which application threads were stopped: 0,0000878 seconds, Stopping threads took: 0,0000224 seconds
2015-12-10T10:54:03.947-0500: 3159,810: Total time for which application threads were stopped: 0,0000784 seconds, Stopping threads took: 0,0000193 seconds
2015-12-10T10:54:03.950-0500: 3159,813: Total time for which application threads were stopped: 0,0000981 seconds, Stopping threads took: 0,0000334 seconds
2015-12-10T10:54:03.950-0500: 3159,814: Total time for which application threads were stopped: 0,0000648 seconds, Stopping threads took: 0,0000271 seconds
2015-12-10T10:54:03.952-0500: 3159,815: Total time for which application threads were stopped: 0,0000853 seconds, Stopping threads took: 0,0000368 seconds
2015-12-10T10:54:03.952-0500: 3159,815: Total time for which application threads were stopped: 0,0000933 seconds, Stopping threads took: 0,0000344 seconds
2015-12-10T10:54:03.958-0500: 3159,821: Total time for which application threads were stopped: 0,0000911 seconds, Stopping threads took: 0,0000315 seconds
2015-12-10T10:54:03.958-0500: 3159,821: Total time for which application threads were stopped: 0,0000442 seconds, Stopping threads took: 0,0000170 seconds
2015-12-10T10:54:04.157-0500: 3160,021: Total time for which application threads were stopped: 0,0024515 seconds, Stopping threads took: 0,0023682 seconds
2015-12-10T10:54:04.158-0500: 3160,021: Total time for which application threads were stopped: 0,0000423 seconds, Stopping threads took: 0,0000129 seconds
2015-12-10T10:54:04.158-0500: 3160,021: Total time for which application threads were stopped: 0,0000397 seconds, Stopping threads took: 0,0000103 seconds
2015-12-10T10:54:04.158-0500: 3160,021: Total time for which application threads were stopped: 0,0000289 seconds, Stopping threads took: 0,0000066 seconds
2015-12-10T10:54:14.800-0500: 3170,663: Total time for which application threads were stopped: 0,0001422 seconds, Stopping threads took: 0,0000292 seconds
2015-12-10T10:54:14.800-0500: 3170,663: Total time for which application threads were stopped: 0,0000613 seconds, Stopping threads took: 0,0000089 seconds
2015-12-10T10:54:14.811-0500: 3170,674: Total time for which application threads were stopped: 0,0000699 seconds, Stopping threads took: 0,0000170 seconds
2015-12-10T10:54:14.811-0500: 3170,675: Total time for which application threads were stopped: 0,0000240 seconds, Stopping threads took: 0,0000042 seconds
2015-12-10T10:54:15.716-0500: 3171,579: Total time for which application threads were stopped: 0,0001192 seconds, Stopping threads took: 0,0000166 seconds
2015-12-10T10:54:15.716-0500: 3171,579: Total time for which application threads were stopped: 0,0001049 seconds, Stopping threads took: 0,0000319 seconds
2015-12-10T10:54:15.717-0500: 3171,580: Total time for which application threads were stopped: 0,0001384 seconds, Stopping threads took: 0,0000679 seconds
2015-12-10T10:54:15.717-0500: 3171,580: Total time for which application threads were stopped: 0,0001675 seconds, Stopping threads took: 0,0000631 seconds
2015-12-10T10:54:16.447-0500: 3172,310: Total time for which application threads were stopped: 0,0001224 seconds, Stopping threads took: 0,0000187 seconds
2015-12-10T10:54:16.447-0500: 3172,310: Total time for which application threads were stopped: 0,0000606 seconds, Stopping threads took: 0,0000106 seconds
2015-12-10T10:54:16.451-0500: 3172,314: Total time for which application threads were stopped: 0,0001516 seconds, Stopping threads took: 0,0000171 seconds
2015-12-10T10:54:16.451-0500: 3172,314: Total time for which application threads were stopped: 0,0000703 seconds, Stopping threads took: 0,0000058 seconds
2015-12-10T10:54:16.451-0500: 3172,314: Total time for which application threads were stopped: 0,0000642 seconds, Stopping threads took: 0,0000049 seconds
2015-12-10T10:54:17.164-0500: 3173,027: Total time for which application threads were stopped: 0,0004362 seconds, Stopping threads took: 0,0000956 seconds
2015-12-10T10:54:17.165-0500: 3173,028: Total time for which application threads were stopped: 0,0000605 seconds, Stopping threads took: 0,0000088 seconds
2015-12-10T10:54:17.168-0500: 3173,031: Total time for which application threads were stopped: 0,0000793 seconds, Stopping threads took: 0,0000278 seconds
2015-12-10T10:54:17.168-0500: 3173,031: Total time for which application threads were stopped: 0,0000376 seconds, Stopping threads took: 0,0000060 seconds
2015-12-10T10:55:04.158-0500: 3220,022: Total time for which application threads were stopped: 0,0001191 seconds, Stopping threads took: 0,0000380 seconds
2015-12-10T10:55:11.159-0500: 3227,022: Total time for which application threads were stopped: 0,0000691 seconds, Stopping threads took: 0,0000191 seconds
2015-12-10T10:55:17.168-0500: 3233,032: Total time for which application threads were stopped: 0,0001715 seconds, Stopping threads took: 0,0000856 seconds
2015-12-10T10:55:18.169-0500: 3234,032: Total time for which application threads were stopped: 0,0001104 seconds, Stopping threads took: 0,0000297 seconds
2015-12-10T10:55:56.172-0500: 3272,035: Total time for which application threads were stopped: 0,0000886 seconds, Stopping threads took: 0,0000335 seconds
2015-12-10T10:56:01.483-0500: 3277,346: Total time for which application threads were stopped: 0,0001045 seconds, Stopping threads took: 0,0000175 seconds
2015-12-10T10:56:01.543-0500: 3277,406: Total time for which application threads were stopped: 0,0004166 seconds, Stopping threads took: 0,0000285 seconds
2015-12-10T10:56:01.628-0500: 3277,491: Total time for which application threads were stopped: 0,0000771 seconds, Stopping threads took: 0,0000161 seconds
2015-12-10T10:56:01.643-0500: 3277,506: Total time for which application threads were stopped: 0,0000792 seconds, Stopping threads took: 0,0000162 seconds
2015-12-10T10:56:01.663-0500: 3277,527: Total time for which application threads were stopped: 0,0002242 seconds, Stopping threads took: 0,0001674 seconds
2015-12-10T10:56:01.716-0500: 3277,579: Total time for which application threads were stopped: 0,0000927 seconds, Stopping threads took: 0,0000250 seconds
2015-12-10T10:56:01.716-0500: 3277,579: Total time for which application threads were stopped: 0,0000458 seconds, Stopping threads took: 0,0000193 seconds
2015-12-10T10:56:01.761-0500: 3277,624: Total time for which application threads were stopped: 0,0000851 seconds, Stopping threads took: 0,0000279 seconds
2015-12-10T10:56:01.771-0500: 3277,634: Total time for which application threads were stopped: 0,0000858 seconds, Stopping threads took: 0,0000268 seconds
2015-12-10T10:56:01.790-0500: 3277,654: Total time for which application threads were stopped: 0,0004444 seconds, Stopping threads took: 0,0000307 seconds
2015-12-10T10:56:01.793-0500: 3277,656: Total time for which application threads were stopped: 0,0003537 seconds, Stopping threads took: 0,0000331 seconds
2015-12-10T10:56:01.819-0500: 3277,682: Total time for which application threads were stopped: 0,0000934 seconds, Stopping threads took: 0,0000301 seconds
2015-12-10T10:56:01.819-0500: 3277,682: Total time for which application threads were stopped: 0,0000394 seconds, Stopping threads took: 0,0000065 seconds
2015-12-10T10:56:01.841-0500: 3277,704: Total time for which application threads were stopped: 0,0000982 seconds, Stopping threads took: 0,0000412 seconds
2015-12-10T10:56:01.843-0500: 3277,707: Total time for which application threads were stopped: 0,0000530 seconds, Stopping threads took: 0,0000216 seconds
2015-12-10T10:56:01.843-0500: 3277,707: Total time for which application threads were stopped: 0,0000559 seconds, Stopping threads took: 0,0000302 seconds
2015-12-10T10:56:01.844-0500: 3277,707: Total time for which application threads were stopped: 0,0000504 seconds, Stopping threads took: 0,0000163 seconds
2015-12-10T10:56:02.415-0500: 3278,278: Total time for which application threads were stopped: 0,0001064 seconds, Stopping threads took: 0,0000324 seconds
2015-12-10T10:56:02.415-0500: 3278,278: Total time for which application threads were stopped: 0,0000638 seconds, Stopping threads took: 0,0000334 seconds
2015-12-10T10:56:02.432-0500: 3278,295: Total time for which application threads were stopped: 0,0000661 seconds, Stopping threads took: 0,0000320 seconds
2015-12-10T10:56:02.432-0500: 3278,295: Total time for which application threads were stopped: 0,0000571 seconds, Stopping threads took: 0,0000302 seconds
2015-12-10T10:56:02.434-0500: 3278,297: Total time for which application threads were stopped: 0,0000737 seconds, Stopping threads took: 0,0000189 seconds
2015-12-10T10:56:03.434-0500: 3279,297: Total time for which application threads were stopped: 0,0001054 seconds, Stopping threads took: 0,0000199 seconds
2015-12-10T10:56:07.434-0500: 3283,297: Total time for which application threads were stopped: 0,0000875 seconds, Stopping threads took: 0,0000241 seconds
2015-12-10T10:57:10.440-0500: 3346,303: Total time for which application threads were stopped: 0,0001896 seconds, Stopping threads took: 0,0000705 seconds
2015-12-10T10:58:27.447-0500: 3423,311: Total time for which application threads were stopped: 0,0001031 seconds, Stopping threads took: 0,0000386 seconds
2015-12-10T10:59:48.473-0500: 3504,336: Total time for which application threads were stopped: 0,0001314 seconds, Stopping threads took: 0,0000375 seconds
2015-12-10T10:59:48.517-0500: 3504,381: Total time for which application threads were stopped: 0,0001101 seconds, Stopping threads took: 0,0000319 seconds
2015-12-10T10:59:48.517-0500: 3504,381: Total time for which application threads were stopped: 0,0000563 seconds, Stopping threads took: 0,0000206 seconds
2015-12-10T10:59:48.518-0500: 3504,381: Total time for which application threads were stopped: 0,0000496 seconds, Stopping threads took: 0,0000193 seconds
2015-12-10T10:59:48.518-0500: 3504,381: Total time for which application threads were stopped: 0,0000480 seconds, Stopping threads took: 0,0000184 seconds
2015-12-10T10:59:48.518-0500: 3504,381: Total time for which application threads were stopped: 0,0000460 seconds, Stopping threads took: 0,0000178 seconds
2015-12-10T10:59:48.518-0500: 3504,381: Total time for which application threads were stopped: 0,0000446 seconds, Stopping threads took: 0,0000171 seconds
2015-12-10T10:59:48.518-0500: 3504,381: Total time for which application threads were stopped: 0,0000400 seconds, Stopping threads took: 0,0000069 seconds
2015-12-10T10:59:48.518-0500: 3504,381: Total time for which application threads were stopped: 0,0000422 seconds, Stopping threads took: 0,0000081 seconds
2015-12-10T10:59:48.518-0500: 3504,381: Total time for which application threads were stopped: 0,0000400 seconds, Stopping threads took: 0,0000067 seconds
2015-12-10T10:59:48.518-0500: 3504,381: Total time for which application threads were stopped: 0,0000593 seconds, Stopping threads took: 0,0000271 seconds
2015-12-10T10:59:48.519-0500: 3504,382: Total time for which application threads were stopped: 0,0000655 seconds, Stopping threads took: 0,0000261 seconds
2015-12-10T10:59:48.519-0500: 3504,382: Total time for which application threads were stopped: 0,0000861 seconds, Stopping threads took: 0,0000557 seconds
2015-12-10T10:59:48.519-0500: 3504,382: Total time for which application threads were stopped: 0,0000532 seconds, Stopping threads took: 0,0000153 seconds
2015-12-10T10:59:48.519-0500: 3504,382: Total time for which application threads were stopped: 0,0000394 seconds, Stopping threads took: 0,0000148 seconds
2015-12-10T10:59:48.519-0500: 3504,382: Total time for which application threads were stopped: 0,0000373 seconds, Stopping threads took: 0,0000133 seconds
2015-12-10T10:59:48.519-0500: 3504,382: Total time for which application threads were stopped: 0,0000372 seconds, Stopping threads took: 0,0000135 seconds
2015-12-10T10:59:48.519-0500: 3504,382: Total time for which application threads were stopped: 0,0000386 seconds, Stopping threads took: 0,0000147 seconds
2015-12-10T10:59:48.519-0500: 3504,382: Total time for which application threads were stopped: 0,0000371 seconds, Stopping threads took: 0,0000134 seconds
2015-12-10T10:59:48.519-0500: 3504,382: Total time for which application threads were stopped: 0,0000426 seconds, Stopping threads took: 0,0000146 seconds
2015-12-10T10:59:48.519-0500: 3504,382: Total time for which application threads were stopped: 0,0000961 seconds, Stopping threads took: 0,0000080 seconds
2015-12-10T10:59:48.544-0500: 3504,407: Total time for which application threads were stopped: 0,0001796 seconds, Stopping threads took: 0,0000496 seconds
2015-12-10T10:59:48.545-0500: 3504,408: Total time for which application threads were stopped: 0,0000824 seconds, Stopping threads took: 0,0000172 seconds
2015-12-10T10:59:48.545-0500: 3504,408: Total time for which application threads were stopped: 0,0000783 seconds, Stopping threads took: 0,0000136 seconds
2015-12-10T10:59:48.545-0500: 3504,408: Total time for which application threads were stopped: 0,0000947 seconds, Stopping threads took: 0,0000358 seconds
2015-12-10T10:59:48.545-0500: 3504,409: Total time for which application threads were stopped: 0,0000491 seconds, Stopping threads took: 0,0000124 seconds
2015-12-10T10:59:48.546-0500: 3504,409: Total time for which application threads were stopped: 0,0000534 seconds, Stopping threads took: 0,0000126 seconds
2015-12-10T10:59:48.546-0500: 3504,409: Total time for which application threads were stopped: 0,0000341 seconds, Stopping threads took: 0,0000083 seconds
2015-12-10T10:59:48.546-0500: 3504,409: Total time for which application threads were stopped: 0,0000304 seconds, Stopping threads took: 0,0000074 seconds
2015-12-10T10:59:48.546-0500: 3504,409: Total time for which application threads were stopped: 0,0000299 seconds, Stopping threads took: 0,0000068 seconds
2015-12-10T10:59:48.546-0500: 3504,409: Total time for which application threads were stopped: 0,0000284 seconds, Stopping threads took: 0,0000067 seconds
2015-12-10T10:59:48.546-0500: 3504,409: Total time for which application threads were stopped: 0,0000279 seconds, Stopping threads took: 0,0000065 seconds
2015-12-10T10:59:48.546-0500: 3504,409: Total time for which application threads were stopped: 0,0000282 seconds, Stopping threads took: 0,0000065 seconds
2015-12-10T10:59:48.546-0500: 3504,409: Total time for which application threads were stopped: 0,0000284 seconds, Stopping threads took: 0,0000065 seconds
2015-12-10T10:59:48.546-0500: 3504,409: Total time for which application threads were stopped: 0,0000274 seconds, Stopping threads took: 0,0000066 seconds
2015-12-10T10:59:48.546-0500: 3504,409: Total time for which application threads were stopped: 0,0001282 seconds, Stopping threads took: 0,0000984 seconds
2015-12-10T10:59:48.546-0500: 3504,409: Total time for which application threads were stopped: 0,0000269 seconds, Stopping threads took: 0,0000069 seconds
2015-12-10T10:59:48.546-0500: 3504,410: Total time for which application threads were stopped: 0,0000553 seconds, Stopping threads took: 0,0000179 seconds
2015-12-10T10:59:48.568-0500: 3504,432: Total time for which application threads were stopped: 0,0000902 seconds, Stopping threads took: 0,0000213 seconds
2015-12-10T10:59:48.591-0500: 3504,454: Total time for which application threads were stopped: 0,0000915 seconds, Stopping threads took: 0,0000203 seconds
2015-12-10T10:59:48.727-0500: 3504,590: Total time for which application threads were stopped: 0,0001790 seconds, Stopping threads took: 0,0001044 seconds
2015-12-10T10:59:48.728-0500: 3504,591: Total time for which application threads were stopped: 0,0000907 seconds, Stopping threads took: 0,0000248 seconds
2015-12-10T10:59:48.728-0500: 3504,592: Total time for which application threads were stopped: 0,0000633 seconds, Stopping threads took: 0,0000229 seconds
2015-12-10T10:59:48.729-0500: 3504,592: Total time for which application threads were stopped: 0,0000541 seconds, Stopping threads took: 0,0000124 seconds
2015-12-10T10:59:48.729-0500: 3504,592: Total time for which application threads were stopped: 0,0000641 seconds, Stopping threads took: 0,0000226 seconds
2015-12-10T10:59:48.729-0500: 3504,593: Total time for which application threads were stopped: 0,0000553 seconds, Stopping threads took: 0,0000208 seconds
2015-12-10T10:59:48.762-0500: 3504,625: Total time for which application threads were stopped: 0,0000780 seconds, Stopping threads took: 0,0000199 seconds
2015-12-10T10:59:48.762-0500: 3504,626: Total time for which application threads were stopped: 0,0000596 seconds, Stopping threads took: 0,0000214 seconds
2015-12-10T10:59:48.766-0500: 3504,629: Total time for which application threads were stopped: 0,0000683 seconds, Stopping threads took: 0,0000233 seconds
2015-12-10T10:59:48.793-0500: 3504,656: Total time for which application threads were stopped: 0,0000613 seconds, Stopping threads took: 0,0000224 seconds
2015-12-10T10:59:48.818-0500: 3504,682: Total time for which application threads were stopped: 0,0004094 seconds, Stopping threads took: 0,0000135 seconds
2015-12-10T10:59:49.016-0500: 3504,879: Total time for which application threads were stopped: 0,0000805 seconds, Stopping threads took: 0,0000300 seconds
2015-12-10T10:59:49.301-0500: 3505,164: Total time for which application threads were stopped: 0,0005552 seconds, Stopping threads took: 0,0000327 seconds
2015-12-10T10:59:49.302-0500: 3505,165: Total time for which application threads were stopped: 0,0004264 seconds, Stopping threads took: 0,0000230 seconds
2015-12-10T10:59:50.300-0500: 3506,163: Total time for which application threads were stopped: 0,0003997 seconds, Stopping threads took: 0,0002153 seconds
2015-12-10T10:59:51.300-0500: 3507,163: Total time for which application threads were stopped: 0,0000794 seconds, Stopping threads took: 0,0000207 seconds
2015-12-10T10:59:53.270-0500: 3509,133: Total time for which application threads were stopped: 0,0005309 seconds, Stopping threads took: 0,0000569 seconds
2015-12-10T10:59:53.273-0500: 3509,137: Total time for which application threads were stopped: 0,0005096 seconds, Stopping threads took: 0,0000193 seconds
2015-12-10T10:59:53.278-0500: 3509,141: Total time for which application threads were stopped: 0,0001030 seconds, Stopping threads took: 0,0000238 seconds
2015-12-10T10:59:53.279-0500: 3509,142: Total time for which application threads were stopped: 0,0000901 seconds, Stopping threads took: 0,0000429 seconds
2015-12-10T10:59:53.279-0500: 3509,142: Total time for which application threads were stopped: 0,0000824 seconds, Stopping threads took: 0,0000233 seconds
2015-12-10T10:59:53.280-0500: 3509,143: Total time for which application threads were stopped: 0,0000656 seconds, Stopping threads took: 0,0000191 seconds
2015-12-10T10:59:53.285-0500: 3509,148: Total time for which application threads were stopped: 0,0006807 seconds, Stopping threads took: 0,0004388 seconds
2015-12-10T10:59:53.289-0500: 3509,152: Total time for which application threads were stopped: 0,0001379 seconds, Stopping threads took: 0,0000681 seconds
2015-12-10T10:59:53.292-0500: 3509,156: Total time for which application threads were stopped: 0,0000863 seconds, Stopping threads took: 0,0000330 seconds
2015-12-10T10:59:53.296-0500: 3509,159: Total time for which application threads were stopped: 0,0000917 seconds, Stopping threads took: 0,0000362 seconds
2015-12-10T10:59:53.298-0500: 3509,162: Total time for which application threads were stopped: 0,0001274 seconds, Stopping threads took: 0,0000370 seconds
2015-12-10T10:59:53.303-0500: 3509,166: Total time for which application threads were stopped: 0,0001009 seconds, Stopping threads took: 0,0000406 seconds
2015-12-10T10:59:53.307-0500: 3509,170: Total time for which application threads were stopped: 0,0001324 seconds, Stopping threads took: 0,0000768 seconds
2015-12-10T10:59:53.310-0500: 3509,173: Total time for which application threads were stopped: 0,0000717 seconds, Stopping threads took: 0,0000219 seconds
2015-12-10T10:59:53.312-0500: 3509,175: Total time for which application threads were stopped: 0,0000677 seconds, Stopping threads took: 0,0000212 seconds
2015-12-10T10:59:53.314-0500: 3509,177: Total time for which application threads were stopped: 0,0000797 seconds, Stopping threads took: 0,0000210 seconds
2015-12-10T10:59:53.320-0500: 3509,183: Total time for which application threads were stopped: 0,0000809 seconds, Stopping threads took: 0,0000241 seconds
2015-12-10T10:59:53.324-0500: 3509,188: Total time for which application threads were stopped: 0,0001035 seconds, Stopping threads took: 0,0000291 seconds
2015-12-10T10:59:53.327-0500: 3509,190: Total time for which application threads were stopped: 0,0000910 seconds, Stopping threads took: 0,0000415 seconds
2015-12-10T10:59:53.332-0500: 3509,196: Total time for which application threads were stopped: 0,0001005 seconds, Stopping threads took: 0,0000474 seconds
2015-12-10T10:59:53.339-0500: 3509,203: Total time for which application threads were stopped: 0,0001026 seconds, Stopping threads took: 0,0000320 seconds
2015-12-10T10:59:53.342-0500: 3509,205: Total time for which application threads were stopped: 0,0001371 seconds, Stopping threads took: 0,0000736 seconds
2015-12-10T10:59:53.344-0500: 3509,207: Total time for which application threads were stopped: 0,0001164 seconds, Stopping threads took: 0,0000702 seconds
2015-12-10T10:59:53.346-0500: 3509,209: Total time for which application threads were stopped: 0,0001618 seconds, Stopping threads took: 0,0000577 seconds
2015-12-10T10:59:53.610-0500: 3509,473: Total time for which application threads were stopped: 0,0002219 seconds, Stopping threads took: 0,0000898 seconds
{Heap before GC invocations=8 (full 1):
 par new generation   total 109248K, used 108940K [0x00000000e0000000, 0x00000000e8000000, 0x00000000e8000000)
  eden space 87424K,  99% used [0x00000000e0000000, 0x00000000e555ff70, 0x00000000e5560000)
  from space 21824K,  98% used [0x00000000e5560000, 0x00000000e6a631e8, 0x00000000e6ab0000)
  to   space 21824K,   0% used [0x00000000e6ab0000, 0x00000000e6ab0000, 0x00000000e8000000)
 concurrent mark-sweep generation total 393216K, used 0K [0x00000000e8000000, 0x0000000100000000, 0x0000000100000000)
 Metaspace       used 35249K, capacity 35652K, committed 35864K, reserved 1081344K
  class space    used 3917K, capacity 4070K, committed 4120K, reserved 1048576K
2015-12-10T10:59:53.781-0500: 3509,644: [GC (Allocation Failure) 2015-12-10T10:59:53.781-0500: 3509,644: [ParNew
Desired survivor size 20112992 bytes, new threshold 8 (max 8)
- age   1:   11041624 bytes,   11041624 total
- age   2:    5385552 bytes,   16427176 total
- age   3:    1049840 bytes,   17477016 total
- age   4:      62304 bytes,   17539320 total
- age   5:      72896 bytes,   17612216 total
- age   6:      76352 bytes,   17688568 total
- age   7:     201920 bytes,   17890488 total
- age   8:    3588376 bytes,   21478864 total
: 108940K->21824K(109248K), 0,0724213 secs] 108940K->27880K(502464K), 0,0724974 secs] [Times: user=0,09 sys=0,07, real=0,07 secs] 
Heap after GC invocations=9 (full 1):
 par new generation   total 109248K, used 21824K [0x00000000e0000000, 0x00000000e8000000, 0x00000000e8000000)
  eden space 87424K,   0% used [0x00000000e0000000, 0x00000000e0000000, 0x00000000e5560000)
  from space 21824K, 100% used [0x00000000e6ab0000, 0x00000000e8000000, 0x00000000e8000000)
  to   space 21824K,   0% used [0x00000000e5560000, 0x00000000e5560000, 0x00000000e6ab0000)
 concurrent mark-sweep generation total 393216K, used 6056K [0x00000000e8000000, 0x0000000100000000, 0x0000000100000000)
 Metaspace       used 35249K, capacity 35652K, committed 35864K, reserved 1081344K
  class space    used 3917K, capacity 4070K, committed 4120K, reserved 1048576K
}
2015-12-10T10:59:53.853-0500: 3509,716: Total time for which application threads were stopped: 0,0727033 seconds, Stopping threads took: 0,0000268 seconds
2015-12-10T10:59:54.055-0500: 3509,918: Total time for which application threads were stopped: 0,0001969 seconds, Stopping threads took: 0,0000793 seconds
2015-12-10T10:59:54.194-0500: 3510,057: Total time for which application threads were stopped: 0,0001121 seconds, Stopping threads took: 0,0000378 seconds
{Heap before GC invocations=9 (full 1):
 par new generation   total 109248K, used 109248K [0x00000000e0000000, 0x00000000e8000000, 0x00000000e8000000)
  eden space 87424K, 100% used [0x00000000e0000000, 0x00000000e5560000, 0x00000000e5560000)
  from space 21824K, 100% used [0x00000000e6ab0000, 0x00000000e8000000, 0x00000000e8000000)
  to   space 21824K,   0% used [0x00000000e5560000, 0x00000000e5560000, 0x00000000e6ab0000)
 concurrent mark-sweep generation total 393216K, used 6056K [0x00000000e8000000, 0x0000000100000000, 0x0000000100000000)
 Metaspace       used 35567K, capacity 35972K, committed 36120K, reserved 1081344K
  class space    used 3922K, capacity 4070K, committed 4120K, reserved 1048576K
2015-12-10T10:59:54.865-0500: 3510,729: [GC (Allocation Failure) 2015-12-10T10:59:54.866-0500: 3510,729: [ParNew
Desired survivor size 20112992 bytes, new threshold 8 (max 8)
- age   1:    4288744 bytes,    4288744 total
- age   2:    6664312 bytes,   10953056 total
- age   3:    5293504 bytes,   16246560 total
- age   4:    1045568 bytes,   17292128 total
- age   5:      62256 bytes,   17354384 total
- age   6:      72576 bytes,   17426960 total
- age   7:      75584 bytes,   17502544 total
- age   8:     196280 bytes,   17698824 total
: 109248K->21824K(109248K), 0,0225896 secs] 115304K->31963K(502464K), 0,0226484 secs] [Times: user=0,04 sys=0,01, real=0,03 secs] 
Heap after GC invocations=10 (full 1):
 par new generation   total 109248K, used 21824K [0x00000000e0000000, 0x00000000e8000000, 0x00000000e8000000)
  eden space 87424K,   0% used [0x00000000e0000000, 0x00000000e0000000, 0x00000000e5560000)
  from space 21824K, 100% used [0x00000000e5560000, 0x00000000e6ab0000, 0x00000000e6ab0000)
  to   space 21824K,   0% used [0x00000000e6ab0000, 0x00000000e6ab0000, 0x00000000e8000000)
 concurrent mark-sweep generation total 393216K, used 10139K [0x00000000e8000000, 0x0000000100000000, 0x0000000100000000)
 Metaspace       used 35567K, capacity 35972K, committed 36120K, reserved 1081344K
  class space    used 3922K, capacity 4070K, committed 4120K, reserved 1048576K
}
2015-12-10T10:59:54.888-0500: 3510,751: Total time for which application threads were stopped: 0,0229473 seconds, Stopping threads took: 0,0001315 seconds
2015-12-10T10:59:54.890-0500: 3510,754: Total time for which application threads were stopped: 0,0001060 seconds, Stopping threads took: 0,0000391 seconds
2015-12-10T10:59:54.891-0500: 3510,754: Total time for which application threads were stopped: 0,0000616 seconds, Stopping threads took: 0,0000152 seconds
2015-12-10T10:59:54.891-0500: 3510,754: Total time for which application threads were stopped: 0,0000644 seconds, Stopping threads took: 0,0000252 seconds
2015-12-10T10:59:54.891-0500: 3510,755: Total time for which application threads were stopped: 0,0000636 seconds, Stopping threads took: 0,0000300 seconds
2015-12-10T10:59:54.892-0500: 3510,755: Total time for which application threads were stopped: 0,0000512 seconds, Stopping threads took: 0,0000268 seconds
2015-12-10T10:59:54.892-0500: 3510,755: Total time for which application threads were stopped: 0,0000349 seconds, Stopping threads took: 0,0000143 seconds
2015-12-10T10:59:54.892-0500: 3510,755: Total time for which application threads were stopped: 0,0000335 seconds, Stopping threads took: 0,0000135 seconds
2015-12-10T10:59:54.892-0500: 3510,755: Total time for which application threads were stopped: 0,0000384 seconds, Stopping threads took: 0,0000142 seconds
2015-12-10T10:59:54.892-0500: 3510,755: Total time for which application threads were stopped: 0,0000372 seconds, Stopping threads took: 0,0000135 seconds
2015-12-10T10:59:54.892-0500: 3510,755: Total time for which application threads were stopped: 0,0000356 seconds, Stopping threads took: 0,0000132 seconds
2015-12-10T10:59:54.893-0500: 3510,756: Total time for which application threads were stopped: 0,0000529 seconds, Stopping threads took: 0,0000134 seconds
2015-12-10T10:59:54.899-0500: 3510,762: Total time for which application threads were stopped: 0,0005445 seconds, Stopping threads took: 0,0000946 seconds
2015-12-10T10:59:54.899-0500: 3510,762: Total time for which application threads were stopped: 0,0000579 seconds, Stopping threads took: 0,0000231 seconds
2015-12-10T10:59:54.899-0500: 3510,762: Total time for which application threads were stopped: 0,0000507 seconds, Stopping threads took: 0,0000182 seconds
2015-12-10T10:59:54.899-0500: 3510,763: Total time for which application threads were stopped: 0,0000435 seconds, Stopping threads took: 0,0000173 seconds
2015-12-10T10:59:54.900-0500: 3510,763: Total time for which application threads were stopped: 0,0000450 seconds, Stopping threads took: 0,0000055 seconds
2015-12-10T10:59:54.900-0500: 3510,763: Total time for which application threads were stopped: 0,0000407 seconds, Stopping threads took: 0,0000171 seconds
2015-12-10T10:59:54.900-0500: 3510,763: Total time for which application threads were stopped: 0,0000950 seconds, Stopping threads took: 0,0000060 seconds
2015-12-10T10:59:54.947-0500: 3510,810: Total time for which application threads were stopped: 0,0002165 seconds, Stopping threads took: 0,0000548 seconds
2015-12-10T10:59:54.947-0500: 3510,810: Total time for which application threads were stopped: 0,0001048 seconds, Stopping threads took: 0,0000388 seconds
2015-12-10T10:59:54.947-0500: 3510,810: Total time for which application threads were stopped: 0,0000526 seconds, Stopping threads took: 0,0000230 seconds
2015-12-10T10:59:54.950-0500: 3510,813: Total time for which application threads were stopped: 0,0000630 seconds, Stopping threads took: 0,0000159 seconds
2015-12-10T10:59:55.950-0500: 3511,813: Total time for which application threads were stopped: 0,0003309 seconds, Stopping threads took: 0,0000875 seconds
2015-12-10T11:00:19.952-0500: 3535,816: Total time for which application threads were stopped: 0,0001071 seconds, Stopping threads took: 0,0000371 seconds
2015-12-10T11:00:31.954-0500: 3547,817: Total time for which application threads were stopped: 0,0001533 seconds, Stopping threads took: 0,0000362 seconds
2015-12-10T11:00:49.956-0500: 3565,819: Total time for which application threads were stopped: 0,0002079 seconds, Stopping threads took: 0,0000771 seconds
2015-12-10T11:01:22.959-0500: 3598,822: Total time for which application threads were stopped: 0,0001280 seconds, Stopping threads took: 0,0000464 seconds
2015-12-10T11:01:25.960-0500: 3601,823: Total time for which application threads were stopped: 0,0001724 seconds, Stopping threads took: 0,0000447 seconds
2015-12-10T11:02:56.968-0500: 3692,831: Total time for which application threads were stopped: 0,0001159 seconds, Stopping threads took: 0,0000404 seconds
2015-12-10T11:03:26.971-0500: 3722,835: Total time for which application threads were stopped: 0,0000829 seconds, Stopping threads took: 0,0000295 seconds
2015-12-10T11:03:32.972-0500: 3728,835: Total time for which application threads were stopped: 0,0001761 seconds, Stopping threads took: 0,0000459 seconds
2015-12-10T11:04:42.350-0500: 3798,213: Total time for which application threads were stopped: 0,0001048 seconds, Stopping threads took: 0,0000387 seconds
2015-12-10T11:04:43.350-0500: 3799,213: Total time for which application threads were stopped: 0,0001618 seconds, Stopping threads took: 0,0000346 seconds
2015-12-10T11:04:43.891-0500: 3799,754: Total time for which application threads were stopped: 0,0000879 seconds, Stopping threads took: 0,0000165 seconds
2015-12-10T11:04:43.891-0500: 3799,755: Total time for which application threads were stopped: 0,0000607 seconds, Stopping threads took: 0,0000212 seconds
2015-12-10T11:04:43.900-0500: 3799,764: Total time for which application threads were stopped: 0,0001363 seconds, Stopping threads took: 0,0000315 seconds
2015-12-10T11:04:43.903-0500: 3799,766: Total time for which application threads were stopped: 0,0001608 seconds, Stopping threads took: 0,0000677 seconds
2015-12-10T11:04:43.905-0500: 3799,768: Total time for which application threads were stopped: 0,0005605 seconds, Stopping threads took: 0,0001528 seconds
2015-12-10T11:04:43.966-0500: 3799,829: Total time for which application threads were stopped: 0,0001152 seconds, Stopping threads took: 0,0000261 seconds
2015-12-10T11:04:44.475-0500: 3800,338: Total time for which application threads were stopped: 0,0001224 seconds, Stopping threads took: 0,0000231 seconds
2015-12-10T11:04:44.985-0500: 3800,848: Total time for which application threads were stopped: 0,0001106 seconds, Stopping threads took: 0,0000281 seconds
2015-12-10T11:04:45.985-0500: 3801,849: Total time for which application threads were stopped: 0,0002153 seconds, Stopping threads took: 0,0000841 seconds
2015-12-10T11:04:50.986-0500: 3806,849: Total time for which application threads were stopped: 0,0001513 seconds, Stopping threads took: 0,0000405 seconds
2015-12-10T11:05:05.987-0500: 3821,851: Total time for which application threads were stopped: 0,0001970 seconds, Stopping threads took: 0,0000693 seconds
2015-12-10T11:05:14.988-0500: 3830,852: Total time for which application threads were stopped: 0,0000771 seconds, Stopping threads took: 0,0000212 seconds
2015-12-10T11:05:18.989-0500: 3834,852: Total time for which application threads were stopped: 0,0002086 seconds, Stopping threads took: 0,0000721 seconds
2015-12-10T11:05:20.989-0500: 3836,852: Total time for which application threads were stopped: 0,0001295 seconds, Stopping threads took: 0,0000439 seconds
2015-12-10T11:05:26.990-0500: 3842,853: Total time for which application threads were stopped: 0,0000893 seconds, Stopping threads took: 0,0000244 seconds
2015-12-10T11:05:32.991-0500: 3848,854: Total time for which application threads were stopped: 0,0000719 seconds, Stopping threads took: 0,0000200 seconds
2015-12-10T11:06:05.994-0500: 3881,857: Total time for which application threads were stopped: 0,0001276 seconds, Stopping threads took: 0,0000467 seconds
2015-12-10T11:06:47.998-0500: 3923,861: Total time for which application threads were stopped: 0,0000877 seconds, Stopping threads took: 0,0000310 seconds
2015-12-10T11:06:50.998-0500: 3926,861: Total time for which application threads were stopped: 0,0001107 seconds, Stopping threads took: 0,0000300 seconds
2015-12-10T11:07:05.000-0500: 3940,863: Total time for which application threads were stopped: 0,0000758 seconds, Stopping threads took: 0,0000211 seconds
2015-12-10T11:07:27.002-0500: 3962,865: Total time for which application threads were stopped: 0,0004076 seconds, Stopping threads took: 0,0001341 seconds
2015-12-10T11:07:42.003-0500: 3977,866: Total time for which application threads were stopped: 0,0000971 seconds, Stopping threads took: 0,0000264 seconds
2015-12-10T11:07:57.005-0500: 3992,868: Total time for which application threads were stopped: 0,0001166 seconds, Stopping threads took: 0,0000414 seconds
2015-12-10T11:08:00.005-0500: 3995,868: Total time for which application threads were stopped: 0,0001035 seconds, Stopping threads took: 0,0000336 seconds
2015-12-10T11:08:00.726-0500: 3996,589: Total time for which application threads were stopped: 0,0001108 seconds, Stopping threads took: 0,0000234 seconds
2015-12-10T11:08:04.006-0500: 3999,869: Total time for which application threads were stopped: 0,0001431 seconds, Stopping threads took: 0,0000666 seconds
2015-12-10T11:08:26.044-0500: 4021,907: Total time for which application threads were stopped: 0,0001411 seconds, Stopping threads took: 0,0000391 seconds
2015-12-10T11:08:30.044-0500: 4025,907: Total time for which application threads were stopped: 0,0000954 seconds, Stopping threads took: 0,0000289 seconds
2015-12-10T11:08:41.045-0500: 4036,909: Total time for which application threads were stopped: 0,0001401 seconds, Stopping threads took: 0,0000349 seconds
2015-12-10T11:08:54.047-0500: 4049,910: Total time for which application threads were stopped: 0,0001111 seconds, Stopping threads took: 0,0000402 seconds
2015-12-10T11:08:57.047-0500: 4052,910: Total time for which application threads were stopped: 0,0001338 seconds, Stopping threads took: 0,0000346 seconds
2015-12-10T11:09:18.049-0500: 4073,912: Total time for which application threads were stopped: 0,0000836 seconds, Stopping threads took: 0,0000299 seconds
2015-12-10T11:09:27.050-0500: 4082,913: Total time for which application threads were stopped: 0,0000746 seconds, Stopping threads took: 0,0000191 seconds
2015-12-10T11:09:29.050-0500: 4084,913: Total time for which application threads were stopped: 0,0000757 seconds, Stopping threads took: 0,0000199 seconds
2015-12-10T11:09:32.051-0500: 4087,914: Total time for which application threads were stopped: 0,0001541 seconds, Stopping threads took: 0,0000534 seconds
2015-12-10T11:09:41.052-0500: 4096,915: Total time for which application threads were stopped: 0,0002025 seconds, Stopping threads took: 0,0000445 seconds
2015-12-10T11:09:44.052-0500: 4099,915: Total time for which application threads were stopped: 0,0001719 seconds, Stopping threads took: 0,0000437 seconds
2015-12-10T11:10:05.054-0500: 4120,918: Total time for which application threads were stopped: 0,0001025 seconds, Stopping threads took: 0,0000306 seconds
2015-12-10T11:10:28.625-0500: 4144,488: Total time for which application threads were stopped: 0,0000991 seconds, Stopping threads took: 0,0000269 seconds
2015-12-10T11:10:29.625-0500: 4145,488: Total time for which application threads were stopped: 0,0000969 seconds, Stopping threads took: 0,0000346 seconds
2015-12-10T11:10:30.190-0500: 4146,053: Total time for which application threads were stopped: 0,0001312 seconds, Stopping threads took: 0,0000217 seconds
2015-12-10T11:10:30.257-0500: 4146,121: Total time for which application threads were stopped: 0,0001091 seconds, Stopping threads took: 0,0000183 seconds
2015-12-10T11:10:30.758-0500: 4146,621: Total time for which application threads were stopped: 0,0001038 seconds, Stopping threads took: 0,0000220 seconds
2015-12-10T11:10:31.185-0500: 4147,049: Total time for which application threads were stopped: 0,0001956 seconds, Stopping threads took: 0,0000409 seconds
2015-12-10T11:10:32.186-0500: 4148,049: Total time for which application threads were stopped: 0,0000774 seconds, Stopping threads took: 0,0000201 seconds
2015-12-10T11:10:53.188-0500: 4169,051: Total time for which application threads were stopped: 0,0000732 seconds, Stopping threads took: 0,0000202 seconds
2015-12-10T11:11:11.189-0500: 4187,053: Total time for which application threads were stopped: 0,0001716 seconds, Stopping threads took: 0,0001161 seconds
2015-12-10T11:11:23.191-0500: 4199,054: Total time for which application threads were stopped: 0,0001564 seconds, Stopping threads took: 0,0000396 seconds
2015-12-10T11:11:41.193-0500: 4217,056: Total time for which application threads were stopped: 0,0001954 seconds, Stopping threads took: 0,0000637 seconds
2015-12-10T11:11:44.193-0500: 4220,056: Total time for which application threads were stopped: 0,0000800 seconds, Stopping threads took: 0,0000209 seconds
2015-12-10T11:11:50.194-0500: 4226,057: Total time for which application threads were stopped: 0,0000895 seconds, Stopping threads took: 0,0000329 seconds
2015-12-10T11:11:53.194-0500: 4229,057: Total time for which application threads were stopped: 0,0000725 seconds, Stopping threads took: 0,0000193 seconds
2015-12-10T11:11:59.195-0500: 4235,058: Total time for which application threads were stopped: 0,0001100 seconds, Stopping threads took: 0,0000285 seconds
2015-12-10T11:12:17.196-0500: 4253,059: Total time for which application threads were stopped: 0,0001019 seconds, Stopping threads took: 0,0000392 seconds
2015-12-10T11:12:20.197-0500: 4256,060: Total time for which application threads were stopped: 0,0001341 seconds, Stopping threads took: 0,0000359 seconds
2015-12-10T11:12:26.198-0500: 4262,061: Total time for which application threads were stopped: 0,0002046 seconds, Stopping threads took: 0,0000688 seconds
2015-12-10T11:12:29.198-0500: 4265,061: Total time for which application threads were stopped: 0,0001257 seconds, Stopping threads took: 0,0000256 seconds
2015-12-10T11:13:05.201-0500: 4301,065: Total time for which application threads were stopped: 0,0000983 seconds, Stopping threads took: 0,0000347 seconds
2015-12-10T11:13:37.209-0500: 4333,072: Total time for which application threads were stopped: 0,0001229 seconds, Stopping threads took: 0,0000433 seconds
2015-12-10T11:14:04.211-0500: 4360,074: Total time for which application threads were stopped: 0,0000801 seconds, Stopping threads took: 0,0000184 seconds
2015-12-10T11:14:06.942-0500: 4362,805: Total time for which application threads were stopped: 0,0001074 seconds, Stopping threads took: 0,0000273 seconds
2015-12-10T11:14:07.942-0500: 4363,805: Total time for which application threads were stopped: 0,0000919 seconds, Stopping threads took: 0,0000307 seconds
2015-12-10T11:14:08.455-0500: 4364,318: Total time for which application threads were stopped: 0,0001200 seconds, Stopping threads took: 0,0000225 seconds
2015-12-10T11:14:08.516-0500: 4364,379: Total time for which application threads were stopped: 0,0001074 seconds, Stopping threads took: 0,0000225 seconds
2015-12-10T11:14:09.058-0500: 4364,921: Total time for which application threads were stopped: 0,0001686 seconds, Stopping threads took: 0,0000282 seconds
2015-12-10T11:14:09.541-0500: 4365,404: Total time for which application threads were stopped: 0,0001908 seconds, Stopping threads took: 0,0001067 seconds
2015-12-10T11:14:10.541-0500: 4366,404: Total time for which application threads were stopped: 0,0000765 seconds, Stopping threads took: 0,0000199 seconds
2015-12-10T11:18:52.566-0500: 4648,429: Total time for which application threads were stopped: 0,0001120 seconds, Stopping threads took: 0,0000326 seconds
2015-12-10T11:18:58.567-0500: 4654,430: Total time for which application threads were stopped: 0,0000715 seconds, Stopping threads took: 0,0000190 seconds
2015-12-10T11:19:57.572-0500: 4713,435: Total time for which application threads were stopped: 0,0000885 seconds, Stopping threads took: 0,0000332 seconds
2015-12-10T11:21:27.581-0500: 4803,444: Total time for which application threads were stopped: 0,0001832 seconds, Stopping threads took: 0,0000647 seconds
2015-12-10T11:21:30.581-0500: 4806,444: Total time for which application threads were stopped: 0,0001768 seconds, Stopping threads took: 0,0000454 seconds
2015-12-10T11:23:37.593-0500: 4933,457: Total time for which application threads were stopped: 0,0001225 seconds, Stopping threads took: 0,0000442 seconds
2015-12-10T11:25:01.601-0500: 5017,465: Total time for which application threads were stopped: 0,0000917 seconds, Stopping threads took: 0,0000326 seconds
2015-12-10T11:25:30.528-0500: 5046,391: Total time for which application threads were stopped: 0,0001083 seconds, Stopping threads took: 0,0000385 seconds
2015-12-10T11:25:30.528-0500: 5046,391: Total time for which application threads were stopped: 0,0000479 seconds, Stopping threads took: 0,0000169 seconds
2015-12-10T11:25:30.535-0500: 5046,398: Total time for which application threads were stopped: 0,0001265 seconds, Stopping threads took: 0,0000269 seconds
2015-12-10T11:25:30.881-0500: 5046,744: Total time for which application threads were stopped: 0,0000881 seconds, Stopping threads took: 0,0000195 seconds
2015-12-10T11:25:31.881-0500: 5047,744: Total time for which application threads were stopped: 0,0001327 seconds, Stopping threads took: 0,0000478 seconds
2015-12-10T11:27:59.771-0500: 5195,634: Total time for which application threads were stopped: 0,0001048 seconds, Stopping threads took: 0,0000281 seconds
2015-12-10T11:27:59.777-0500: 5195,640: Total time for which application threads were stopped: 0,0001448 seconds, Stopping threads took: 0,0000447 seconds
2015-12-10T11:27:59.778-0500: 5195,641: Total time for which application threads were stopped: 0,0000780 seconds, Stopping threads took: 0,0000195 seconds
2015-12-10T11:28:00.128-0500: 5195,991: Total time for which application threads were stopped: 0,0000983 seconds, Stopping threads took: 0,0000289 seconds
2015-12-10T11:28:00.128-0500: 5195,991: Total time for which application threads were stopped: 0,0000626 seconds, Stopping threads took: 0,0000302 seconds
2015-12-10T11:28:01.128-0500: 5196,992: Total time for which application threads were stopped: 0,0000993 seconds, Stopping threads took: 0,0000230 seconds
2015-12-10T11:31:11.149-0500: 5387,012: Total time for which application threads were stopped: 0,0001203 seconds, Stopping threads took: 0,0000412 seconds
2015-12-10T11:31:20.150-0500: 5396,013: Total time for which application threads were stopped: 0,0001370 seconds, Stopping threads took: 0,0000345 seconds
2015-12-10T11:31:23.150-0500: 5399,013: Total time for which application threads were stopped: 0,0001594 seconds, Stopping threads took: 0,0000392 seconds
2015-12-10T11:31:41.152-0500: 5417,015: Total time for which application threads were stopped: 0,0001179 seconds, Stopping threads took: 0,0000428 seconds
2015-12-10T11:31:47.153-0500: 5423,016: Total time for which application threads were stopped: 0,0000816 seconds, Stopping threads took: 0,0000206 seconds
2015-12-10T11:32:23.156-0500: 5459,019: Total time for which application threads were stopped: 0,0000970 seconds, Stopping threads took: 0,0000347 seconds
2015-12-10T11:32:53.159-0500: 5489,022: Total time for which application threads were stopped: 0,0001188 seconds, Stopping threads took: 0,0000416 seconds
2015-12-10T11:34:58.170-0500: 5614,034: Total time for which application threads were stopped: 0,0001978 seconds, Stopping threads took: 0,0000598 seconds
2015-12-10T11:36:40.181-0500: 5716,044: Total time for which application threads were stopped: 0,0002040 seconds, Stopping threads took: 0,0000731 seconds
2015-12-10T11:36:54.670-0500: 5730,533: Total time for which application threads were stopped: 0,0001113 seconds, Stopping threads took: 0,0000210 seconds
2015-12-10T11:36:54.671-0500: 5730,535: Total time for which application threads were stopped: 0,0000895 seconds, Stopping threads took: 0,0000192 seconds
2015-12-10T11:36:54.686-0500: 5730,549: Total time for which application threads were stopped: 0,0001667 seconds, Stopping threads took: 0,0000609 seconds
2015-12-10T11:36:55.686-0500: 5731,549: Total time for which application threads were stopped: 0,0000889 seconds, Stopping threads took: 0,0000206 seconds
2015-12-10T11:36:57.135-0500: 5732,998: Total time for which application threads were stopped: 0,0001043 seconds, Stopping threads took: 0,0000268 seconds
2015-12-10T11:36:57.136-0500: 5732,999: Total time for which application threads were stopped: 0,0001368 seconds, Stopping threads took: 0,0000513 seconds
2015-12-10T11:36:57.139-0500: 5733,003: Total time for which application threads were stopped: 0,0001037 seconds, Stopping threads took: 0,0000209 seconds
2015-12-10T11:36:57.140-0500: 5733,003: Total time for which application threads were stopped: 0,0000507 seconds, Stopping threads took: 0,0000078 seconds
2015-12-10T11:36:57.140-0500: 5733,003: Total time for which application threads were stopped: 0,0000425 seconds, Stopping threads took: 0,0000055 seconds
2015-12-10T11:36:57.141-0500: 5733,004: Total time for which application threads were stopped: 0,0001231 seconds, Stopping threads took: 0,0000298 seconds
2015-12-10T11:36:57.214-0500: 5733,077: Total time for which application threads were stopped: 0,0001038 seconds, Stopping threads took: 0,0000176 seconds
2015-12-10T11:36:57.728-0500: 5733,591: Total time for which application threads were stopped: 0,0001305 seconds, Stopping threads took: 0,0000246 seconds
2015-12-10T11:36:58.189-0500: 5734,052: Total time for which application threads were stopped: 0,0001318 seconds, Stopping threads took: 0,0000476 seconds
2015-12-10T11:36:58.688-0500: 5734,551: Total time for which application threads were stopped: 0,0001027 seconds, Stopping threads took: 0,0000244 seconds
2015-12-10T11:36:59.688-0500: 5735,551: Total time for which application threads were stopped: 0,0000963 seconds, Stopping threads took: 0,0000250 seconds
2015-12-10T11:41:54.716-0500: 6030,579: Total time for which application threads were stopped: 0,0001599 seconds, Stopping threads took: 0,0000560 seconds
2015-12-10T11:42:57.722-0500: 6093,585: Total time for which application threads were stopped: 0,0001343 seconds, Stopping threads took: 0,0000496 seconds
2015-12-10T11:45:30.736-0500: 6246,600: Total time for which application threads were stopped: 0,0001935 seconds, Stopping threads took: 0,0000653 seconds
2015-12-10T11:51:08.302-0500: 6584,166: Total time for which application threads were stopped: 0,0002676 seconds, Stopping threads took: 0,0000678 seconds
2015-12-10T11:51:08.331-0500: 6584,194: Total time for which application threads were stopped: 0,0002632 seconds, Stopping threads took: 0,0001299 seconds
2015-12-10T11:51:08.793-0500: 6584,656: Total time for which application threads were stopped: 0,0001046 seconds, Stopping threads took: 0,0000265 seconds
2015-12-10T12:04:06.207-0500: 7362,071: Total time for which application threads were stopped: 0,0001783 seconds, Stopping threads took: 0,0000868 seconds
2015-12-10T12:04:06.336-0500: 7362,199: Total time for which application threads were stopped: 0,0000942 seconds, Stopping threads took: 0,0000208 seconds
2015-12-10T12:04:06.347-0500: 7362,211: Total time for which application threads were stopped: 0,0000922 seconds, Stopping threads took: 0,0000205 seconds
2015-12-10T12:04:06.789-0500: 7362,652: Total time for which application threads were stopped: 0,0001088 seconds, Stopping threads took: 0,0000374 seconds
2015-12-10T12:22:40.689-0500: 8476,552: Total time for which application threads were stopped: 0,0001238 seconds, Stopping threads took: 0,0000359 seconds
2015-12-10T12:22:40.725-0500: 8476,588: Total time for which application threads were stopped: 0,0001126 seconds, Stopping threads took: 0,0000311 seconds
2015-12-10T12:22:40.755-0500: 8476,619: Total time for which application threads were stopped: 0,0001653 seconds, Stopping threads took: 0,0000586 seconds
2015-12-10T12:22:41.756-0500: 8477,619: Total time for which application threads were stopped: 0,0000748 seconds, Stopping threads took: 0,0000206 seconds
2015-12-10T12:22:42.184-0500: 8478,047: Total time for which application threads were stopped: 0,0001072 seconds, Stopping threads took: 0,0000299 seconds
{Heap before GC invocations=10 (full 1):
 par new generation   total 109248K, used 109248K [0x00000000e0000000, 0x00000000e8000000, 0x00000000e8000000)
  eden space 87424K, 100% used [0x00000000e0000000, 0x00000000e5560000, 0x00000000e5560000)
  from space 21824K, 100% used [0x00000000e5560000, 0x00000000e6ab0000, 0x00000000e6ab0000)
  to   space 21824K,   0% used [0x00000000e6ab0000, 0x00000000e6ab0000, 0x00000000e8000000)
 concurrent mark-sweep generation total 393216K, used 10139K [0x00000000e8000000, 0x0000000100000000, 0x0000000100000000)
 Metaspace       used 36109K, capacity 36574K, committed 36888K, reserved 1081344K
  class space    used 3926K, capacity 4073K, committed 4120K, reserved 1048576K
2015-12-10T12:22:42.184-0500: 8478,048: [GC (Allocation Failure) 2015-12-10T12:22:42.184-0500: 8478,048: [ParNew
Desired survivor size 20112992 bytes, new threshold 8 (max 8)
- age   1:     741320 bytes,     741320 total
- age   2:    3739472 bytes,    4480792 total
- age   3:    6302832 bytes,   10783624 total
- age   4:    5244920 bytes,   16028544 total
- age   5:     740840 bytes,   16769384 total
- age   6:      36232 bytes,   16805616 total
- age   7:      59440 bytes,   16865056 total
- age   8:      47960 bytes,   16913016 total
: 109248K->21824K(109248K), 0,0159613 secs] 119387K->33917K(502464K), 0,0160286 secs] [Times: user=0,04 sys=0,00, real=0,02 secs] 
Heap after GC invocations=11 (full 1):
 par new generation   total 109248K, used 21824K [0x00000000e0000000, 0x00000000e8000000, 0x00000000e8000000)
  eden space 87424K,   0% used [0x00000000e0000000, 0x00000000e0000000, 0x00000000e5560000)
  from space 21824K, 100% used [0x00000000e6ab0000, 0x00000000e8000000, 0x00000000e8000000)
  to   space 21824K,   0% used [0x00000000e5560000, 0x00000000e5560000, 0x00000000e6ab0000)
 concurrent mark-sweep generation total 393216K, used 12093K [0x00000000e8000000, 0x0000000100000000, 0x0000000100000000)
 Metaspace       used 36109K, capacity 36574K, committed 36888K, reserved 1081344K
  class space    used 3926K, capacity 4073K, committed 4120K, reserved 1048576K
}
2015-12-10T12:22:42.201-0500: 8478,064: Total time for which application threads were stopped: 0,0161749 seconds, Stopping threads took: 0,0000256 seconds
2015-12-10T12:22:42.201-0500: 8478,064: Total time for which application threads were stopped: 0,0000935 seconds, Stopping threads took: 0,0000229 seconds
2015-12-10T12:22:42.205-0500: 8478,068: Total time for which application threads were stopped: 0,0001003 seconds, Stopping threads took: 0,0000201 seconds
2015-12-10T12:22:42.205-0500: 8478,068: Total time for which application threads were stopped: 0,0000424 seconds, Stopping threads took: 0,0000049 seconds
2015-12-10T12:22:42.205-0500: 8478,068: Total time for which application threads were stopped: 0,0001270 seconds, Stopping threads took: 0,0000042 seconds
2015-12-10T12:22:42.208-0500: 8478,071: Total time for which application threads were stopped: 0,0000931 seconds, Stopping threads took: 0,0000184 seconds
2015-12-10T12:22:42.267-0500: 8478,130: Total time for which application threads were stopped: 0,0001281 seconds, Stopping threads took: 0,0000206 seconds
2015-12-10T12:22:42.283-0500: 8478,146: Total time for which application threads were stopped: 0,0000971 seconds, Stopping threads took: 0,0000188 seconds
2015-12-10T12:22:43.101-0500: 8478,965: Total time for which application threads were stopped: 0,0001183 seconds, Stopping threads took: 0,0000332 seconds
2015-12-10T12:22:43.964-0500: 8479,827: Total time for which application threads were stopped: 0,0001646 seconds, Stopping threads took: 0,0000265 seconds
2015-12-10T12:22:44.517-0500: 8480,380: Total time for which application threads were stopped: 0,0000973 seconds, Stopping threads took: 0,0000163 seconds
2015-12-10T12:22:45.517-0500: 8481,380: Total time for which application threads were stopped: 0,0000841 seconds, Stopping threads took: 0,0000192 seconds
2015-12-10T12:23:47.551-0500: 8543,415: Total time for which application threads were stopped: 0,0002090 seconds, Stopping threads took: 0,0000390 seconds
2015-12-10T12:23:48.552-0500: 8544,415: Total time for which application threads were stopped: 0,0000888 seconds, Stopping threads took: 0,0000205 seconds
2015-12-10T12:23:49.471-0500: 8545,334: Total time for which application threads were stopped: 0,0001958 seconds, Stopping threads took: 0,0000316 seconds
2015-12-10T12:23:49.530-0500: 8545,393: Total time for which application threads were stopped: 0,0001265 seconds, Stopping threads took: 0,0000213 seconds
2015-12-10T12:23:50.108-0500: 8545,971: Total time for which application threads were stopped: 0,0001393 seconds, Stopping threads took: 0,0000265 seconds
2015-12-10T12:23:50.604-0500: 8546,467: Total time for which application threads were stopped: 0,0001522 seconds, Stopping threads took: 0,0000243 seconds
2015-12-10T12:23:51.094-0500: 8546,957: Total time for which application threads were stopped: 0,0000991 seconds, Stopping threads took: 0,0000205 seconds
2015-12-10T12:23:52.094-0500: 8547,957: Total time for which application threads were stopped: 0,0000780 seconds, Stopping threads took: 0,0000202 seconds
2015-12-10T12:24:08.593-0500: 8564,456: Total time for which application threads were stopped: 0,0001138 seconds, Stopping threads took: 0,0000382 seconds
2015-12-10T12:24:09.593-0500: 8565,456: Total time for which application threads were stopped: 0,0001001 seconds, Stopping threads took: 0,0000255 seconds
2015-12-10T12:26:20.901-0500: 8696,764: Total time for which application threads were stopped: 0,0001097 seconds, Stopping threads took: 0,0000387 seconds
2015-12-10T12:26:21.901-0500: 8697,764: Total time for which application threads were stopped: 0,0000974 seconds, Stopping threads took: 0,0000254 seconds
2015-12-10T12:26:22.732-0500: 8698,595: Total time for which application threads were stopped: 0,0000977 seconds, Stopping threads took: 0,0000266 seconds
2015-12-10T12:26:23.433-0500: 8699,297: Total time for which application threads were stopped: 0,0000979 seconds, Stopping threads took: 0,0000266 seconds
2015-12-10T12:26:24.355-0500: 8700,218: Total time for which application threads were stopped: 0,0001147 seconds, Stopping threads took: 0,0000310 seconds
2015-12-10T12:26:25.355-0500: 8701,218: Total time for which application threads were stopped: 0,0000827 seconds, Stopping threads took: 0,0000209 seconds
2015-12-10T12:26:25.599-0500: 8701,462: Total time for which application threads were stopped: 0,0000965 seconds, Stopping threads took: 0,0000266 seconds
2015-12-10T12:26:26.300-0500: 8702,163: Total time for which application threads were stopped: 0,0001298 seconds, Stopping threads took: 0,0000294 seconds
2015-12-10T12:26:26.822-0500: 8702,686: Total time for which application threads were stopped: 0,0001306 seconds, Stopping threads took: 0,0000242 seconds
2015-12-10T12:26:26.917-0500: 8702,780: Total time for which application threads were stopped: 0,0001489 seconds, Stopping threads took: 0,0000282 seconds
2015-12-10T12:26:27.489-0500: 8703,352: Total time for which application threads were stopped: 0,0001138 seconds, Stopping threads took: 0,0000240 seconds
2015-12-10T12:26:28.036-0500: 8703,900: Total time for which application threads were stopped: 0,0001283 seconds, Stopping threads took: 0,0000210 seconds
2015-12-10T12:26:28.693-0500: 8704,557: Total time for which application threads were stopped: 0,0001943 seconds, Stopping threads took: 0,0000436 seconds
2015-12-10T12:26:29.694-0500: 8705,557: Total time for which application threads were stopped: 0,0001684 seconds, Stopping threads took: 0,0000393 seconds
2015-12-10T12:26:36.892-0500: 8712,755: Total time for which application threads were stopped: 0,0000990 seconds, Stopping threads took: 0,0000270 seconds
2015-12-10T12:26:37.892-0500: 8713,756: Total time for which application threads were stopped: 0,0000775 seconds, Stopping threads took: 0,0000196 seconds
2015-12-10T12:26:38.148-0500: 8714,012: Total time for which application threads were stopped: 0,0001799 seconds, Stopping threads took: 0,0000270 seconds
2015-12-10T12:26:38.224-0500: 8714,087: Total time for which application threads were stopped: 0,0001146 seconds, Stopping threads took: 0,0000200 seconds
2015-12-10T12:26:38.760-0500: 8714,623: Total time for which application threads were stopped: 0,0001032 seconds, Stopping threads took: 0,0000220 seconds
2015-12-10T12:26:39.252-0500: 8715,115: Total time for which application threads were stopped: 0,0000962 seconds, Stopping threads took: 0,0000178 seconds
2015-12-10T12:26:39.736-0500: 8715,599: Total time for which application threads were stopped: 0,0001620 seconds, Stopping threads took: 0,0000238 seconds
2015-12-10T12:26:40.736-0500: 8716,600: Total time for which application threads were stopped: 0,0000725 seconds, Stopping threads took: 0,0000190 seconds
2015-12-10T12:30:07.696-0500: 8923,559: Total time for which application threads were stopped: 0,0001108 seconds, Stopping threads took: 0,0000229 seconds
2015-12-10T12:30:08.213-0500: 8924,076: Total time for which application threads were stopped: 0,0001068 seconds, Stopping threads took: 0,0000285 seconds
2015-12-10T12:30:08.768-0500: 8924,631: Total time for which application threads were stopped: 0,0001573 seconds, Stopping threads took: 0,0000286 seconds
2015-12-10T12:30:09.768-0500: 8925,632: Total time for which application threads were stopped: 0,0001063 seconds, Stopping threads took: 0,0000223 seconds
2015-12-10T12:30:19.089-0500: 8934,952: Total time for which application threads were stopped: 0,0000903 seconds, Stopping threads took: 0,0000178 seconds
2015-12-10T12:30:20.110-0500: 8935,973: Total time for which application threads were stopped: 0,0000765 seconds, Stopping threads took: 0,0000195 seconds
2015-12-10T12:30:30.639-0500: 8946,502: Total time for which application threads were stopped: 0,0001111 seconds, Stopping threads took: 0,0000340 seconds
2015-12-10T12:30:30.749-0500: 8946,612: Total time for which application threads were stopped: 0,0000993 seconds, Stopping threads took: 0,0000207 seconds
2015-12-10T12:30:31.225-0500: 8947,089: Total time for which application threads were stopped: 0,0001208 seconds, Stopping threads took: 0,0000327 seconds
2015-12-10T12:30:31.691-0500: 8947,554: Total time for which application threads were stopped: 0,0001188 seconds, Stopping threads took: 0,0000271 seconds
2015-12-10T12:30:32.691-0500: 8948,554: Total time for which application threads were stopped: 0,0001068 seconds, Stopping threads took: 0,0000201 seconds
2015-12-10T12:30:35.403-0500: 8951,266: Total time for which application threads were stopped: 0,0001156 seconds, Stopping threads took: 0,0000244 seconds
2015-12-10T12:30:36.403-0500: 8952,266: Total time for which application threads were stopped: 0,0000768 seconds, Stopping threads took: 0,0000205 seconds
2015-12-10T12:30:38.606-0500: 8954,469: Total time for which application threads were stopped: 0,0001261 seconds, Stopping threads took: 0,0000305 seconds
2015-12-10T12:30:39.606-0500: 8955,469: Total time for which application threads were stopped: 0,0001022 seconds, Stopping threads took: 0,0000269 seconds
2015-12-10T12:30:40.590-0500: 8956,454: Total time for which application threads were stopped: 0,0001441 seconds, Stopping threads took: 0,0000557 seconds
2015-12-10T12:30:40.675-0500: 8956,538: Total time for which application threads were stopped: 0,0001272 seconds, Stopping threads took: 0,0000207 seconds
2015-12-10T12:30:41.250-0500: 8957,113: Total time for which application threads were stopped: 0,0001160 seconds, Stopping threads took: 0,0000346 seconds
2015-12-10T12:30:41.769-0500: 8957,632: Total time for which application threads were stopped: 0,0002597 seconds, Stopping threads took: 0,0001638 seconds
2015-12-10T12:30:42.216-0500: 8958,079: Total time for which application threads were stopped: 0,0001290 seconds, Stopping threads took: 0,0000192 seconds
2015-12-10T12:30:43.216-0500: 8959,079: Total time for which application threads were stopped: 0,0000827 seconds, Stopping threads took: 0,0000196 seconds
2015-12-10T12:32:42.107-0500: 9077,970: Total time for which application threads were stopped: 0,0001286 seconds, Stopping threads took: 0,0000348 seconds
2015-12-10T12:32:42.726-0500: 9078,589: Total time for which application threads were stopped: 0,0001041 seconds, Stopping threads took: 0,0000296 seconds
2015-12-10T12:32:52.951-0500: 9088,814: Total time for which application threads were stopped: 0,0001216 seconds, Stopping threads took: 0,0000237 seconds
2015-12-10T12:32:53.951-0500: 9089,814: Total time for which application threads were stopped: 0,0000731 seconds, Stopping threads took: 0,0000201 seconds
2015-12-10T12:33:03.217-0500: 9099,080: Total time for which application threads were stopped: 0,0001059 seconds, Stopping threads took: 0,0000357 seconds
2015-12-10T12:33:14.627-0500: 9110,490: Total time for which application threads were stopped: 0,0001727 seconds, Stopping threads took: 0,0000313 seconds
2015-12-10T12:33:14.667-0500: 9110,530: Total time for which application threads were stopped: 0,0001146 seconds, Stopping threads took: 0,0000204 seconds
2015-12-10T12:33:15.191-0500: 9111,054: Total time for which application threads were stopped: 0,0001009 seconds, Stopping threads took: 0,0000215 seconds
2015-12-10T12:33:25.432-0500: 9121,295: Total time for which application threads were stopped: 0,0001004 seconds, Stopping threads took: 0,0000298 seconds
2015-12-10T12:33:26.432-0500: 9122,295: Total time for which application threads were stopped: 0,0000882 seconds, Stopping threads took: 0,0000210 seconds
2015-12-10T12:33:35.727-0500: 9131,590: Total time for which application threads were stopped: 0,0001158 seconds, Stopping threads took: 0,0000430 seconds
2015-12-10T12:33:45.953-0500: 9141,816: Total time for which application threads were stopped: 0,0000965 seconds, Stopping threads took: 0,0000266 seconds
2015-12-10T12:33:46.954-0500: 9142,817: Total time for which application threads were stopped: 0,0001785 seconds, Stopping threads took: 0,0000449 seconds
2015-12-10T12:33:56.943-0500: 9152,807: Total time for which application threads were stopped: 0,0000971 seconds, Stopping threads took: 0,0000232 seconds
2015-12-10T12:33:57.007-0500: 9152,870: Total time for which application threads were stopped: 0,0001036 seconds, Stopping threads took: 0,0000175 seconds
2015-12-10T12:33:58.007-0500: 9153,870: Total time for which application threads were stopped: 0,0000803 seconds, Stopping threads took: 0,0000219 seconds
2015-12-10T12:34:07.236-0500: 9163,099: Total time for which application threads were stopped: 0,0001616 seconds, Stopping threads took: 0,0000504 seconds
2015-12-10T12:34:17.487-0500: 9173,350: Total time for which application threads were stopped: 0,0001792 seconds, Stopping threads took: 0,0000332 seconds
2015-12-10T12:34:27.722-0500: 9183,585: Total time for which application threads were stopped: 0,0001118 seconds, Stopping threads took: 0,0000215 seconds
2015-12-10T12:34:28.722-0500: 9184,585: Total time for which application threads were stopped: 0,0001289 seconds, Stopping threads took: 0,0000313 seconds
2015-12-10T12:34:38.014-0500: 9193,877: Total time for which application threads were stopped: 0,0001504 seconds, Stopping threads took: 0,0000397 seconds
2015-12-10T12:34:48.857-0500: 9204,720: Total time for which application threads were stopped: 0,0001455 seconds, Stopping threads took: 0,0000396 seconds
2015-12-10T12:34:49.006-0500: 9204,869: Total time for which application threads were stopped: 0,0001753 seconds, Stopping threads took: 0,0000545 seconds
2015-12-10T12:34:50.006-0500: 9205,869: Total time for which application threads were stopped: 0,0000798 seconds, Stopping threads took: 0,0000201 seconds
2015-12-10T12:34:59.182-0500: 9215,046: Total time for which application threads were stopped: 0,0001055 seconds, Stopping threads took: 0,0000199 seconds
2015-12-10T12:35:00.183-0500: 9216,046: Total time for which application threads were stopped: 0,0000775 seconds, Stopping threads took: 0,0000198 seconds
2015-12-10T12:35:09.406-0500: 9225,269: Total time for which application threads were stopped: 0,0001069 seconds, Stopping threads took: 0,0000194 seconds
2015-12-10T12:35:19.600-0500: 9235,463: Total time for which application threads were stopped: 0,0001116 seconds, Stopping threads took: 0,0000370 seconds
{Heap before GC invocations=11 (full 1):
 par new generation   total 109248K, used 109248K [0x00000000e0000000, 0x00000000e8000000, 0x00000000e8000000)
  eden space 87424K, 100% used [0x00000000e0000000, 0x00000000e5560000, 0x00000000e5560000)
  from space 21824K, 100% used [0x00000000e6ab0000, 0x00000000e8000000, 0x00000000e8000000)
  to   space 21824K,   0% used [0x00000000e5560000, 0x00000000e5560000, 0x00000000e6ab0000)
 concurrent mark-sweep generation total 393216K, used 12093K [0x00000000e8000000, 0x0000000100000000, 0x0000000100000000)
 Metaspace       used 36260K, capacity 36702K, committed 36888K, reserved 1081344K
  class space    used 3927K, capacity 4073K, committed 4120K, reserved 1048576K
2015-12-10T12:35:19.601-0500: 9235,464: [GC (Allocation Failure) 2015-12-10T12:35:19.601-0500: 9235,464: [ParNew
Desired survivor size 20112992 bytes, new threshold 8 (max 8)
- age   1:     470800 bytes,     470800 total
- age   2:     648984 bytes,    1119784 total
- age   3:    3714040 bytes,    4833824 total
- age   4:    6302568 bytes,   11136392 total
- age   5:    5244040 bytes,   16380432 total
- age   6:     740840 bytes,   17121272 total
- age   7:      36232 bytes,   17157504 total
- age   8:      59440 bytes,   17216944 total
: 109248K->21824K(109248K), 0,0113830 secs] 121341K->33965K(502464K), 0,0114465 secs] [Times: user=0,04 sys=0,00, real=0,01 secs] 
Heap after GC invocations=12 (full 1):
 par new generation   total 109248K, used 21824K [0x00000000e0000000, 0x00000000e8000000, 0x00000000e8000000)
  eden space 87424K,   0% used [0x00000000e0000000, 0x00000000e0000000, 0x00000000e5560000)
  from space 21824K, 100% used [0x00000000e5560000, 0x00000000e6ab0000, 0x00000000e6ab0000)
  to   space 21824K,   0% used [0x00000000e6ab0000, 0x00000000e6ab0000, 0x00000000e8000000)
 concurrent mark-sweep generation total 393216K, used 12141K [0x00000000e8000000, 0x0000000100000000, 0x0000000100000000)
 Metaspace       used 36260K, capacity 36702K, committed 36888K, reserved 1081344K
  class space    used 3927K, capacity 4073K, committed 4120K, reserved 1048576K
}
2015-12-10T12:35:19.613-0500: 9235,476: Total time for which application threads were stopped: 0,0115946 seconds, Stopping threads took: 0,0000234 seconds
2015-12-10T12:35:20.613-0500: 9236,476: Total time for which application threads were stopped: 0,0000789 seconds, Stopping threads took: 0,0000206 seconds
2015-12-10T12:37:03.887-0500: 9339,750: Total time for which application threads were stopped: 0,0001571 seconds, Stopping threads took: 0,0000295 seconds
2015-12-10T12:37:25.591-0500: 9361,454: Total time for which application threads were stopped: 0,0001022 seconds, Stopping threads took: 0,0000272 seconds
2015-12-10T12:37:26.591-0500: 9362,454: Total time for which application threads were stopped: 0,0001296 seconds, Stopping threads took: 0,0000314 seconds
2015-12-10T12:37:42.583-0500: 9378,446: Total time for which application threads were stopped: 0,0001238 seconds, Stopping threads took: 0,0000436 seconds
2015-12-10T12:37:43.615-0500: 9379,478: Total time for which application threads were stopped: 0,0001023 seconds, Stopping threads took: 0,0000278 seconds
2015-12-10T12:37:43.682-0500: 9379,545: Total time for which application threads were stopped: 0,0001295 seconds, Stopping threads took: 0,0000237 seconds
2015-12-10T12:37:44.194-0500: 9380,058: Total time for which application threads were stopped: 0,0001398 seconds, Stopping threads took: 0,0000322 seconds
2015-12-10T12:37:44.724-0500: 9380,587: Total time for which application threads were stopped: 0,0001110 seconds, Stopping threads took: 0,0000221 seconds
2015-12-10T12:37:45.131-0500: 9380,995: Total time for which application threads were stopped: 0,0001769 seconds, Stopping threads took: 0,0000313 seconds
2015-12-10T12:37:46.132-0500: 9381,995: Total time for which application threads were stopped: 0,0001124 seconds, Stopping threads took: 0,0000266 seconds
2015-12-10T12:37:46.472-0500: 9382,335: Total time for which application threads were stopped: 0,0001115 seconds, Stopping threads took: 0,0000269 seconds
2015-12-10T12:37:47.472-0500: 9383,335: Total time for which application threads were stopped: 0,0000915 seconds, Stopping threads took: 0,0000204 seconds
2015-12-10T12:37:47.617-0500: 9383,480: Total time for which application threads were stopped: 0,0001820 seconds, Stopping threads took: 0,0000890 seconds
2015-12-10T12:37:47.714-0500: 9383,577: Total time for which application threads were stopped: 0,0001091 seconds, Stopping threads took: 0,0000222 seconds
2015-12-10T12:37:48.187-0500: 9384,050: Total time for which application threads were stopped: 0,0001286 seconds, Stopping threads took: 0,0000202 seconds
2015-12-10T12:37:48.700-0500: 9384,563: Total time for which application threads were stopped: 0,0000996 seconds, Stopping threads took: 0,0000199 seconds
2015-12-10T12:37:49.141-0500: 9385,004: Total time for which application threads were stopped: 0,0001292 seconds, Stopping threads took: 0,0000352 seconds
2015-12-10T12:37:49.824-0500: 9385,687: Total time for which application threads were stopped: 0,0001244 seconds, Stopping threads took: 0,0000178 seconds
2015-12-10T12:37:50.824-0500: 9386,688: Total time for which application threads were stopped: 0,0000861 seconds, Stopping threads took: 0,0000225 seconds
2015-12-10T12:37:50.885-0500: 9386,748: Total time for which application threads were stopped: 0,0001015 seconds, Stopping threads took: 0,0000210 seconds
2015-12-10T12:37:50.988-0500: 9386,851: Total time for which application threads were stopped: 0,0001014 seconds, Stopping threads took: 0,0000195 seconds
2015-12-10T12:37:51.499-0500: 9387,362: Total time for which application threads were stopped: 0,0001385 seconds, Stopping threads took: 0,0000288 seconds
2015-12-10T12:37:52.019-0500: 9387,882: Total time for which application threads were stopped: 0,0001174 seconds, Stopping threads took: 0,0000216 seconds
2015-12-10T12:37:52.491-0500: 9388,354: Total time for which application threads were stopped: 0,0001013 seconds, Stopping threads took: 0,0000183 seconds
2015-12-10T12:37:53.491-0500: 9389,354: Total time for which application threads were stopped: 0,0001094 seconds, Stopping threads took: 0,0000290 seconds
2015-12-10T12:37:57.808-0500: 9393,672: Total time for which application threads were stopped: 0,0001090 seconds, Stopping threads took: 0,0000291 seconds
2015-12-10T12:37:58.809-0500: 9394,672: Total time for which application threads were stopped: 0,0001087 seconds, Stopping threads took: 0,0000305 seconds
2015-12-10T12:39:01.757-0500: 9457,620: Total time for which application threads were stopped: 0,0001376 seconds, Stopping threads took: 0,0000362 seconds
2015-12-10T12:39:02.757-0500: 9458,620: Total time for which application threads were stopped: 0,0001121 seconds, Stopping threads took: 0,0000279 seconds
2015-12-10T12:39:55.126-0500: 9510,989: Total time for which application threads were stopped: 0,0001129 seconds, Stopping threads took: 0,0000395 seconds
2015-12-10T12:39:56.126-0500: 9511,989: Total time for which application threads were stopped: 0,0001757 seconds, Stopping threads took: 0,0000438 seconds
2015-12-10T12:40:02.718-0500: 9518,581: Total time for which application threads were stopped: 0,0000931 seconds, Stopping threads took: 0,0000216 seconds
2015-12-10T12:40:03.718-0500: 9519,582: Total time for which application threads were stopped: 0,0001504 seconds, Stopping threads took: 0,0000273 seconds
2015-12-10T12:40:10.594-0500: 9526,457: Total time for which application threads were stopped: 0,0001243 seconds, Stopping threads took: 0,0000515 seconds
2015-12-10T12:40:11.594-0500: 9527,457: Total time for which application threads were stopped: 0,0000938 seconds, Stopping threads took: 0,0000242 seconds
2015-12-10T12:45:02.808-0500: 9818,671: Total time for which application threads were stopped: 0,0001666 seconds, Stopping threads took: 0,0000443 seconds
2015-12-10T12:46:26.135-0500: 9901,998: Total time for which application threads were stopped: 0,0001212 seconds, Stopping threads took: 0,0000391 seconds
2015-12-10T12:46:37.227-0500: 9913,091: Total time for which application threads were stopped: 0,0001565 seconds, Stopping threads took: 0,0000339 seconds
2015-12-10T12:46:38.228-0500: 9914,091: Total time for which application threads were stopped: 0,0000738 seconds, Stopping threads took: 0,0000194 seconds
2015-12-10T12:46:39.009-0500: 9914,872: Total time for which application threads were stopped: 0,0001139 seconds, Stopping threads took: 0,0000251 seconds
2015-12-10T12:46:39.051-0500: 9914,914: Total time for which application threads were stopped: 0,0001651 seconds, Stopping threads took: 0,0000812 seconds
2015-12-10T12:46:39.591-0500: 9915,454: Total time for which application threads were stopped: 0,0001428 seconds, Stopping threads took: 0,0000317 seconds
2015-12-10T12:46:40.131-0500: 9915,994: Total time for which application threads were stopped: 0,0000970 seconds, Stopping threads took: 0,0000208 seconds
2015-12-10T12:46:40.647-0500: 9916,511: Total time for which application threads were stopped: 0,0000876 seconds, Stopping threads took: 0,0000191 seconds
2015-12-10T12:46:46.068-0500: 9921,932: Total time for which application threads were stopped: 0,0001067 seconds, Stopping threads took: 0,0000256 seconds
2015-12-10T12:46:47.069-0500: 9922,932: Total time for which application threads were stopped: 0,0000772 seconds, Stopping threads took: 0,0000199 seconds
2015-12-10T12:46:47.287-0500: 9923,150: Total time for which application threads were stopped: 0,0001408 seconds, Stopping threads took: 0,0000264 seconds
2015-12-10T12:46:47.353-0500: 9923,217: Total time for which application threads were stopped: 0,0001031 seconds, Stopping threads took: 0,0000180 seconds
2015-12-10T12:46:48.154-0500: 9924,017: Total time for which application threads were stopped: 0,0001079 seconds, Stopping threads took: 0,0000205 seconds
2015-12-10T12:46:48.698-0500: 9924,561: Total time for which application threads were stopped: 0,0001274 seconds, Stopping threads took: 0,0000272 seconds
2015-12-10T12:46:49.204-0500: 9925,067: Total time for which application threads were stopped: 0,0001148 seconds, Stopping threads took: 0,0000326 seconds
2015-12-10T12:47:17.242-0500: 9953,105: Total time for which application threads were stopped: 0,0001450 seconds, Stopping threads took: 0,0000486 seconds
2015-12-10T12:47:42.386-0500: 9978,249: Total time for which application threads were stopped: 0,0002256 seconds, Stopping threads took: 0,0000432 seconds
2015-12-10T12:47:43.095-0500: 9978,959: Total time for which application threads were stopped: 0,0001024 seconds, Stopping threads took: 0,0000276 seconds
2015-12-10T12:47:49.916-0500: 9985,780: Total time for which application threads were stopped: 0,0000911 seconds, Stopping threads took: 0,0000194 seconds
2015-12-10T12:47:50.651-0500: 9986,514: Total time for which application threads were stopped: 0,0001394 seconds, Stopping threads took: 0,0000299 seconds
2015-12-10T12:47:51.156-0500: 9987,019: Total time for which application threads were stopped: 0,0001068 seconds, Stopping threads took: 0,0000305 seconds
2015-12-10T12:47:51.460-0500: 9987,323: Total time for which application threads were stopped: 0,0001104 seconds, Stopping threads took: 0,0000333 seconds
2015-12-10T12:47:51.655-0500: 9987,518: Total time for which application threads were stopped: 0,0001108 seconds, Stopping threads took: 0,0000216 seconds
2015-12-10T12:47:52.655-0500: 9988,518: Total time for which application threads were stopped: 0,0000746 seconds, Stopping threads took: 0,0000203 seconds
2015-12-10T12:48:02.566-0500: 9998,429: Total time for which application threads were stopped: 0,0001119 seconds, Stopping threads took: 0,0000403 seconds
2015-12-10T12:48:31.638-0500: 10027,501: Total time for which application threads were stopped: 0,0001305 seconds, Stopping threads took: 0,0000358 seconds
2015-12-10T12:49:05.856-0500: 10061,719: Total time for which application threads were stopped: 0,0001283 seconds, Stopping threads took: 0,0000383 seconds
2015-12-10T12:49:06.856-0500: 10062,720: Total time for which application threads were stopped: 0,0001701 seconds, Stopping threads took: 0,0000422 seconds
2015-12-10T12:49:07.379-0500: 10063,243: Total time for which application threads were stopped: 0,0001049 seconds, Stopping threads took: 0,0000205 seconds
2015-12-10T12:49:07.990-0500: 10063,853: Total time for which application threads were stopped: 0,0001049 seconds, Stopping threads took: 0,0000284 seconds
2015-12-10T12:49:08.487-0500: 10064,350: Total time for which application threads were stopped: 0,0001035 seconds, Stopping threads took: 0,0000208 seconds
2015-12-10T12:49:08.519-0500: 10064,382: Total time for which application threads were stopped: 0,0001131 seconds, Stopping threads took: 0,0000297 seconds
2015-12-10T12:49:08.551-0500: 10064,414: Total time for which application threads were stopped: 0,0000918 seconds, Stopping threads took: 0,0000192 seconds
2015-12-10T12:49:08.586-0500: 10064,449: Total time for which application threads were stopped: 0,0001330 seconds, Stopping threads took: 0,0000273 seconds
2015-12-10T12:49:08.614-0500: 10064,477: Total time for which application threads were stopped: 0,0001210 seconds, Stopping threads took: 0,0000314 seconds
2015-12-10T12:49:08.642-0500: 10064,505: Total time for which application threads were stopped: 0,0001260 seconds, Stopping threads took: 0,0000297 seconds
2015-12-10T12:49:08.673-0500: 10064,536: Total time for which application threads were stopped: 0,0001182 seconds, Stopping threads took: 0,0000219 seconds
{Heap before GC invocations=12 (full 1):
 par new generation   total 109248K, used 109248K [0x00000000e0000000, 0x00000000e8000000, 0x00000000e8000000)
  eden space 87424K, 100% used [0x00000000e0000000, 0x00000000e5560000, 0x00000000e5560000)
  from space 21824K, 100% used [0x00000000e5560000, 0x00000000e6ab0000, 0x00000000e6ab0000)
  to   space 21824K,   0% used [0x00000000e6ab0000, 0x00000000e6ab0000, 0x00000000e8000000)
 concurrent mark-sweep generation total 393216K, used 12141K [0x00000000e8000000, 0x0000000100000000, 0x0000000100000000)
 Metaspace       used 36329K, capacity 36766K, committed 37028K, reserved 1083392K
  class space    used 3927K, capacity 4073K, committed 4120K, reserved 1048576K
2015-12-10T12:49:08.674-0500: 10064,537: [GC (Allocation Failure) 2015-12-10T12:49:08.674-0500: 10064,537: [ParNew
Desired survivor size 20112992 bytes, new threshold 8 (max 8)
- age   1:     447336 bytes,     447336 total
- age   2:     167384 bytes,     614720 total
- age   3:     640752 bytes,    1255472 total
- age   4:    3714040 bytes,    4969512 total
- age   5:    6302568 bytes,   11272080 total
- age   6:    5239816 bytes,   16511896 total
- age   7:     740840 bytes,   17252736 total
- age   8:      36232 bytes,   17288968 total
: 109248K->20781K(109248K), 0,0253302 secs] 121389K->32983K(502464K), 0,0253914 secs] [Times: user=0,06 sys=0,00, real=0,03 secs] 
Heap after GC invocations=13 (full 1):
 par new generation   total 109248K, used 20781K [0x00000000e0000000, 0x00000000e8000000, 0x00000000e8000000)
  eden space 87424K,   0% used [0x00000000e0000000, 0x00000000e0000000, 0x00000000e5560000)
  from space 21824K,  95% used [0x00000000e6ab0000, 0x00000000e7efb7e8, 0x00000000e8000000)
  to   space 21824K,   0% used [0x00000000e5560000, 0x00000000e5560000, 0x00000000e6ab0000)
 concurrent mark-sweep generation total 393216K, used 12201K [0x00000000e8000000, 0x0000000100000000, 0x0000000100000000)
 Metaspace       used 36329K, capacity 36766K, committed 37028K, reserved 1083392K
  class space    used 3927K, capacity 4073K, committed 4120K, reserved 1048576K
}
2015-12-10T12:49:08.699-0500: 10064,563: Total time for which application threads were stopped: 0,0255513 seconds, Stopping threads took: 0,0000171 seconds
2015-12-10T12:49:08.719-0500: 10064,582: Total time for which application threads were stopped: 0,0000983 seconds, Stopping threads took: 0,0000306 seconds
2015-12-10T12:49:08.743-0500: 10064,606: Total time for which application threads were stopped: 0,0001056 seconds, Stopping threads took: 0,0000199 seconds
2015-12-10T12:49:08.765-0500: 10064,628: Total time for which application threads were stopped: 0,0001335 seconds, Stopping threads took: 0,0000301 seconds
2015-12-10T12:49:08.796-0500: 10064,659: Total time for which application threads were stopped: 0,0001222 seconds, Stopping threads took: 0,0000345 seconds
2015-12-10T12:49:08.821-0500: 10064,685: Total time for which application threads were stopped: 0,0001073 seconds, Stopping threads took: 0,0000333 seconds
2015-12-10T12:49:08.858-0500: 10064,721: Total time for which application threads were stopped: 0,0001280 seconds, Stopping threads took: 0,0000227 seconds
2015-12-10T12:49:08.881-0500: 10064,745: Total time for which application threads were stopped: 0,0000967 seconds, Stopping threads took: 0,0000227 seconds
2015-12-10T12:49:08.912-0500: 10064,775: Total time for which application threads were stopped: 0,0001260 seconds, Stopping threads took: 0,0000481 seconds
2015-12-10T12:49:08.943-0500: 10064,807: Total time for which application threads were stopped: 0,0002320 seconds, Stopping threads took: 0,0000275 seconds
2015-12-10T12:49:08.987-0500: 10064,850: Total time for which application threads were stopped: 0,0000985 seconds, Stopping threads took: 0,0000198 seconds
2015-12-10T12:49:09.007-0500: 10064,871: Total time for which application threads were stopped: 0,0001182 seconds, Stopping threads took: 0,0000215 seconds
2015-12-10T12:49:09.031-0500: 10064,894: Total time for which application threads were stopped: 0,0000938 seconds, Stopping threads took: 0,0000222 seconds
2015-12-10T12:49:09.068-0500: 10064,931: Total time for which application threads were stopped: 0,0001120 seconds, Stopping threads took: 0,0000220 seconds
2015-12-10T12:49:09.094-0500: 10064,957: Total time for which application threads were stopped: 0,0001382 seconds, Stopping threads took: 0,0000223 seconds
2015-12-10T12:49:09.124-0500: 10064,988: Total time for which application threads were stopped: 0,0001155 seconds, Stopping threads took: 0,0000218 seconds
2015-12-10T12:49:09.155-0500: 10065,019: Total time for which application threads were stopped: 0,0001266 seconds, Stopping threads took: 0,0000422 seconds
2015-12-10T12:49:09.185-0500: 10065,048: Total time for which application threads were stopped: 0,0002135 seconds, Stopping threads took: 0,0000728 seconds
2015-12-10T12:49:09.215-0500: 10065,078: Total time for which application threads were stopped: 0,0001095 seconds, Stopping threads took: 0,0000308 seconds
2015-12-10T12:49:09.250-0500: 10065,113: Total time for which application threads were stopped: 0,0001217 seconds, Stopping threads took: 0,0000275 seconds
2015-12-10T12:49:09.278-0500: 10065,141: Total time for which application threads were stopped: 0,0001246 seconds, Stopping threads took: 0,0000326 seconds
2015-12-10T12:49:09.306-0500: 10065,169: Total time for which application threads were stopped: 0,0001137 seconds, Stopping threads took: 0,0000234 seconds
2015-12-10T12:49:09.341-0500: 10065,204: Total time for which application threads were stopped: 0,0001066 seconds, Stopping threads took: 0,0000208 seconds
2015-12-10T12:49:09.365-0500: 10065,228: Total time for which application threads were stopped: 0,0000920 seconds, Stopping threads took: 0,0000172 seconds
2015-12-10T12:49:09.399-0500: 10065,262: Total time for which application threads were stopped: 0,0001104 seconds, Stopping threads took: 0,0000215 seconds
2015-12-10T12:49:09.424-0500: 10065,288: Total time for which application threads were stopped: 0,0001057 seconds, Stopping threads took: 0,0000331 seconds
2015-12-10T12:49:09.458-0500: 10065,321: Total time for which application threads were stopped: 0,0000982 seconds, Stopping threads took: 0,0000211 seconds
2015-12-10T12:49:09.498-0500: 10065,362: Total time for which application threads were stopped: 0,0057364 seconds, Stopping threads took: 0,0000208 seconds
2015-12-10T12:49:09.515-0500: 10065,378: Total time for which application threads were stopped: 0,0001074 seconds, Stopping threads took: 0,0000297 seconds
2015-12-10T12:49:09.546-0500: 10065,409: Total time for which application threads were stopped: 0,0001566 seconds, Stopping threads took: 0,0000218 seconds
2015-12-10T12:49:40.550-0500: 10096,413: Total time for which application threads were stopped: 0,0001272 seconds, Stopping threads took: 0,0000350 seconds
2015-12-10T12:49:41.550-0500: 10097,413: Total time for which application threads were stopped: 0,0001588 seconds, Stopping threads took: 0,0000377 seconds
2015-12-10T12:50:21.554-0500: 10137,417: Total time for which application threads were stopped: 0,0000903 seconds, Stopping threads took: 0,0000276 seconds
{Heap before GC invocations=13 (full 1):
 par new generation   total 109248K, used 108205K [0x00000000e0000000, 0x00000000e8000000, 0x00000000e8000000)
  eden space 87424K, 100% used [0x00000000e0000000, 0x00000000e5560000, 0x00000000e5560000)
  from space 21824K,  95% used [0x00000000e6ab0000, 0x00000000e7efb7e8, 0x00000000e8000000)
  to   space 21824K,   0% used [0x00000000e5560000, 0x00000000e5560000, 0x00000000e6ab0000)
 concurrent mark-sweep generation total 393216K, used 12201K [0x00000000e8000000, 0x0000000100000000, 0x0000000100000000)
 Metaspace       used 36415K, capacity 36830K, committed 37028K, reserved 1083392K
  class space    used 3927K, capacity 4073K, committed 4120K, reserved 1048576K
2015-12-10T12:50:21.859-0500: 10137,722: [GC (Allocation Failure) 2015-12-10T12:50:21.859-0500: 10137,722: [ParNew
Desired survivor size 20112992 bytes, new threshold 8 (max 8)
- age   1:     496360 bytes,     496360 total
- age   2:     108248 bytes,     604608 total
- age   3:     118216 bytes,     722824 total
- age   4:     640752 bytes,    1363576 total
- age   5:    3714040 bytes,    5077616 total
- age   6:    6302568 bytes,   11380184 total
- age   7:    5239816 bytes,   16620000 total
- age   8:     740840 bytes,   17360840 total
: 108205K->21824K(109248K), 0,0113619 secs] 120407K->34061K(502464K), 0,0114295 secs] [Times: user=0,03 sys=0,01, real=0,01 secs] 
Heap after GC invocations=14 (full 1):
 par new generation   total 109248K, used 21824K [0x00000000e0000000, 0x00000000e8000000, 0x00000000e8000000)
  eden space 87424K,   0% used [0x00000000e0000000, 0x00000000e0000000, 0x00000000e5560000)
  from space 21824K, 100% used [0x00000000e5560000, 0x00000000e6ab0000, 0x00000000e6ab0000)
  to   space 21824K,   0% used [0x00000000e6ab0000, 0x00000000e6ab0000, 0x00000000e8000000)
 concurrent mark-sweep generation total 393216K, used 12237K [0x00000000e8000000, 0x0000000100000000, 0x0000000100000000)
 Metaspace       used 36415K, capacity 36830K, committed 37028K, reserved 1083392K
  class space    used 3927K, capacity 4073K, committed 4120K, reserved 1048576K
}
2015-12-10T12:50:21.870-0500: 10137,734: Total time for which application threads were stopped: 0,0116153 seconds, Stopping threads took: 0,0000297 seconds
2015-12-10T12:50:22.871-0500: 10138,734: Total time for which application threads were stopped: 0,0001060 seconds, Stopping threads took: 0,0000197 seconds
2015-12-10T12:50:23.871-0500: 10139,734: Total time for which application threads were stopped: 0,0001007 seconds, Stopping threads took: 0,0000313 seconds
2015-12-10T12:50:24.047-0500: 10139,910: Total time for which application threads were stopped: 0,0002047 seconds, Stopping threads took: 0,0001020 seconds
2015-12-10T12:50:25.047-0500: 10140,911: Total time for which application threads were stopped: 0,0000929 seconds, Stopping threads took: 0,0000228 seconds
2015-12-10T12:50:25.870-0500: 10141,733: [GC (CMS Initial Mark) [1 CMS-initial-mark: 12237K(393216K)] 101371K(502464K), 0,0144729 secs] [Times: user=0,05 sys=0,00, real=0,01 secs] 
2015-12-10T12:50:25.884-0500: 10141,747: Total time for which application threads were stopped: 0,0146097 seconds, Stopping threads took: 0,0000283 seconds
2015-12-10T12:50:25.884-0500: 10141,747: [CMS-concurrent-mark-start]
2015-12-10T12:50:25.891-0500: 10141,754: [CMS-concurrent-mark: 0,007/0,007 secs] [Times: user=0,01 sys=0,00, real=0,01 secs] 
2015-12-10T12:50:25.891-0500: 10141,754: [CMS-concurrent-preclean-start]
2015-12-10T12:50:25.892-0500: 10141,755: [CMS-concurrent-preclean: 0,001/0,001 secs] [Times: user=0,00 sys=0,00, real=0,00 secs] 
2015-12-10T12:50:25.892-0500: 10141,755: [CMS-concurrent-abortable-preclean-start]
2015-12-10T12:50:26.884-0500: 10142,748: Total time for which application threads were stopped: 0,0000704 seconds, Stopping threads took: 0,0000182 seconds
{Heap before GC invocations=14 (full 2):
 par new generation   total 109248K, used 109248K [0x00000000e0000000, 0x00000000e8000000, 0x00000000e8000000)
  eden space 87424K, 100% used [0x00000000e0000000, 0x00000000e5560000, 0x00000000e5560000)
  from space 21824K, 100% used [0x00000000e5560000, 0x00000000e6ab0000, 0x00000000e6ab0000)
  to   space 21824K,   0% used [0x00000000e6ab0000, 0x00000000e6ab0000, 0x00000000e8000000)
 concurrent mark-sweep generation total 393216K, used 12237K [0x00000000e8000000, 0x0000000100000000, 0x0000000100000000)
 Metaspace       used 36469K, capacity 36894K, committed 37284K, reserved 1083392K
  class space    used 3928K, capacity 4073K, committed 4120K, reserved 1048576K
2015-12-10T12:50:27.512-0500: 10143,376: [GC (Allocation Failure) 2015-12-10T12:50:27.512-0500: 10143,376: [ParNew
Desired survivor size 20112992 bytes, new threshold 8 (max 8)
- age   1:     421936 bytes,     421936 total
- age   2:      77056 bytes,     498992 total
- age   3:      59856 bytes,     558848 total
- age   4:     118216 bytes,     677064 total
- age   5:     640752 bytes,    1317816 total
- age   6:    3714040 bytes,    5031856 total
- age   7:    6302568 bytes,   11334424 total
- age   8:    5239816 bytes,   16574240 total
: 109248K->21824K(109248K), 0,0121027 secs] 121485K->34794K(502464K), 0,0121619 secs] [Times: user=0,04 sys=0,00, real=0,01 secs] 
Heap after GC invocations=15 (full 2):
 par new generation   total 109248K, used 21824K [0x00000000e0000000, 0x00000000e8000000, 0x00000000e8000000)
  eden space 87424K,   0% used [0x00000000e0000000, 0x00000000e0000000, 0x00000000e5560000)
  from space 21824K, 100% used [0x00000000e6ab0000, 0x00000000e8000000, 0x00000000e8000000)
  to   space 21824K,   0% used [0x00000000e5560000, 0x00000000e5560000, 0x00000000e6ab0000)
 concurrent mark-sweep generation total 393216K, used 12970K [0x00000000e8000000, 0x0000000100000000, 0x0000000100000000)
 Metaspace       used 36469K, capacity 36894K, committed 37284K, reserved 1083392K
  class space    used 3928K, capacity 4073K, committed 4120K, reserved 1048576K
}
2015-12-10T12:50:27.525-0500: 10143,388: Total time for which application threads were stopped: 0,0123232 seconds, Stopping threads took: 0,0000178 seconds
2015-12-10T12:50:28.525-0500: 10144,388: Total time for which application threads were stopped: 0,0000995 seconds, Stopping threads took: 0,0000274 seconds
2015-12-10T12:50:29.525-0500: 10145,388: Total time for which application threads were stopped: 0,0001369 seconds, Stopping threads took: 0,0000399 seconds
 CMS: abort preclean due to time 2015-12-10T12:50:32.049-0500: 10147,912: [CMS-concurrent-abortable-preclean: 2,485/6,157 secs] [Times: user=2,91 sys=0,00, real=6,16 secs] 
2015-12-10T12:50:32.049-0500: 10147,913: [GC (CMS Final Remark) [YG occupancy: 53498 K (109248 K)]{Heap before GC invocations=15 (full 2):
 par new generation   total 109248K, used 53498K [0x00000000e0000000, 0x00000000e8000000, 0x00000000e8000000)
  eden space 87424K,  36% used [0x00000000e0000000, 0x00000000e1eee9c8, 0x00000000e5560000)
  from space 21824K, 100% used [0x00000000e6ab0000, 0x00000000e8000000, 0x00000000e8000000)
  to   space 21824K,   0% used [0x00000000e5560000, 0x00000000e5560000, 0x00000000e6ab0000)
 concurrent mark-sweep generation total 393216K, used 12970K [0x00000000e8000000, 0x0000000100000000, 0x0000000100000000)
 Metaspace       used 36483K, capacity 36894K, committed 37284K, reserved 1083392K
  class space    used 3928K, capacity 4073K, committed 4120K, reserved 1048576K
2015-12-10T12:50:32.049-0500: 10147,913: [GC (CMS Final Remark) 2015-12-10T12:50:32.049-0500: 10147,913: [ParNew
Desired survivor size 20112992 bytes, new threshold 8 (max 8)
- age   1:     151240 bytes,     151240 total
- age   2:     159512 bytes,     310752 total
- age   3:      50128 bytes,     360880 total
- age   4:      59856 bytes,     420736 total
- age   5:     118216 bytes,     538952 total
- age   6:     640752 bytes,    1179704 total
- age   7:    3714040 bytes,    4893744 total
- age   8:    6302568 bytes,   11196312 total
: 53498K->17256K(109248K), 0,0181654 secs] 66469K->36128K(502464K), 0,0182078 secs] [Times: user=0,05 sys=0,00, real=0,02 secs] 
Heap after GC invocations=16 (full 2):
 par new generation   total 109248K, used 17256K [0x00000000e0000000, 0x00000000e8000000, 0x00000000e8000000)
  eden space 87424K,   0% used [0x00000000e0000000, 0x00000000e0000000, 0x00000000e5560000)
  from space 21824K,  79% used [0x00000000e5560000, 0x00000000e663a080, 0x00000000e6ab0000)
  to   space 21824K,   0% used [0x00000000e6ab0000, 0x00000000e6ab0000, 0x00000000e8000000)
 concurrent mark-sweep generation total 393216K, used 18872K [0x00000000e8000000, 0x0000000100000000, 0x0000000100000000)
 Metaspace       used 36483K, capacity 36894K, committed 37284K, reserved 1083392K
  class space    used 3928K, capacity 4073K, committed 4120K, reserved 1048576K
}
2015-12-10T12:50:32.068-0500: 10147,931: [Rescan (parallel) , 0,0033436 secs]2015-12-10T12:50:32.071-0500: 10147,934: [weak refs processing, 0,0004183 secs]2015-12-10T12:50:32.071-0500: 10147,935: [class unloading, 0,0117384 secs]2015-12-10T12:50:32.083-0500: 10147,946: [scrub symbol table, 0,0043032 secs]2015-12-10T12:50:32.087-0500: 10147,951: [scrub string table, 0,0006693 secs][1 CMS-remark: 18872K(393216K)] 36128K(502464K), 0,0411621 secs] [Times: user=0,08 sys=0,00, real=0,04 secs] 
2015-12-10T12:50:32.091-0500: 10147,954: Total time for which application threads were stopped: 0,0412544 seconds, Stopping threads took: 0,0000167 seconds
2015-12-10T12:50:32.091-0500: 10147,954: [CMS-concurrent-sweep-start]
2015-12-10T12:50:32.092-0500: 10147,955: Total time for which application threads were stopped: 0,0001238 seconds, Stopping threads took: 0,0000252 seconds
2015-12-10T12:50:32.098-0500: 10147,961: [CMS-concurrent-sweep: 0,007/0,007 secs] [Times: user=0,00 sys=0,00, real=0,01 secs] 
2015-12-10T12:50:32.098-0500: 10147,961: [CMS-concurrent-reset-start]
2015-12-10T12:50:32.098-0500: 10147,962: [CMS-concurrent-reset: 0,001/0,001 secs] [Times: user=0,00 sys=0,00, real=0,00 secs] 
2015-12-10T12:50:35.092-0500: 10150,955: Total time for which application threads were stopped: 0,0001770 seconds, Stopping threads took: 0,0000193 seconds
2015-12-10T12:51:05.095-0500: 10180,958: Total time for which application threads were stopped: 0,0000941 seconds, Stopping threads took: 0,0000318 seconds
2015-12-10T12:51:06.095-0500: 10181,958: Total time for which application threads were stopped: 0,0000755 seconds, Stopping threads took: 0,0000195 seconds
2015-12-10T12:52:06.101-0500: 10241,965: Total time for which application threads were stopped: 0,0000776 seconds, Stopping threads took: 0,0000188 seconds
2015-12-10T12:52:07.102-0500: 10242,965: Total time for which application threads were stopped: 0,0000740 seconds, Stopping threads took: 0,0000187 seconds
2015-12-10T15:02:18.863-0500: 18054,726: Total time for which application threads were stopped: 0,0001011 seconds, Stopping threads took: 0,0000345 seconds
2015-12-10T15:02:20.863-0500: 18056,726: Total time for which application threads were stopped: 0,0000941 seconds, Stopping threads took: 0,0000211 seconds
2015-12-10T15:03:55.872-0500: 18151,736: Total time for which application threads were stopped: 0,0001277 seconds, Stopping threads took: 0,0000471 seconds
{Heap before GC invocations=16 (full 2):
 par new generation   total 109248K, used 104680K [0x00000000e0000000, 0x00000000e8000000, 0x00000000e8000000)
  eden space 87424K, 100% used [0x00000000e0000000, 0x00000000e5560000, 0x00000000e5560000)
  from space 21824K,  79% used [0x00000000e5560000, 0x00000000e663a080, 0x00000000e6ab0000)
  to   space 21824K,   0% used [0x00000000e6ab0000, 0x00000000e6ab0000, 0x00000000e8000000)
 concurrent mark-sweep generation total 393216K, used 16552K [0x00000000e8000000, 0x0000000100000000, 0x0000000100000000)
 Metaspace       used 36457K, capacity 36794K, committed 37284K, reserved 1083392K
  class space    used 3917K, capacity 4053K, committed 4120K, reserved 1048576K
2015-12-10T15:03:58.135-0500: 18153,998: [GC (Allocation Failure) 2015-12-10T15:03:58.172-0500: 18154,035: [ParNew
Desired survivor size 20112992 bytes, new threshold 8 (max 8)
- age   1:     427872 bytes,     427872 total
- age   2:      48496 bytes,     476368 total
- age   3:      61688 bytes,     538056 total
- age   4:      50024 bytes,     588080 total
- age   5:      47288 bytes,     635368 total
- age   6:      75760 bytes,     711128 total
- age   7:     598232 bytes,    1309360 total
- age   8:    3027264 bytes,    4336624 total
: 104680K->8229K(109248K), 0,0420387 secs] 121232K->29932K(502464K), 0,0792689 secs] [Times: user=0,09 sys=0,01, real=0,07 secs] 
Heap after GC invocations=17 (full 2):
 par new generation   total 109248K, used 8229K [0x00000000e0000000, 0x00000000e8000000, 0x00000000e8000000)
  eden space 87424K,   0% used [0x00000000e0000000, 0x00000000e0000000, 0x00000000e5560000)
  from space 21824K,  37% used [0x00000000e6ab0000, 0x00000000e72b97b0, 0x00000000e8000000)
  to   space 21824K,   0% used [0x00000000e5560000, 0x00000000e5560000, 0x00000000e6ab0000)
 concurrent mark-sweep generation total 393216K, used 21702K [0x00000000e8000000, 0x0000000100000000, 0x0000000100000000)
 Metaspace       used 36457K, capacity 36794K, committed 37284K, reserved 1083392K
  class space    used 3917K, capacity 4053K, committed 4120K, reserved 1048576K
}
2015-12-10T15:03:58.214-0500: 18154,077: Total time for which application threads were stopped: 0,0794535 seconds, Stopping threads took: 0,0000269 seconds
2015-12-10T15:03:59.214-0500: 18155,077: Total time for which application threads were stopped: 0,0001210 seconds, Stopping threads took: 0,0000468 seconds
2015-12-10T15:04:00.214-0500: 18156,078: Total time for which application threads were stopped: 0,0001780 seconds, Stopping threads took: 0,0000397 seconds
2015-12-10T15:04:02.215-0500: 18158,078: Total time for which application threads were stopped: 0,0000795 seconds, Stopping threads took: 0,0000193 seconds
2015-12-10T15:04:08.215-0500: 18164,078: Total time for which application threads were stopped: 0,0000830 seconds, Stopping threads took: 0,0000228 seconds
{Heap before GC invocations=17 (full 2):
 par new generation   total 109248K, used 95653K [0x00000000e0000000, 0x00000000e8000000, 0x00000000e8000000)
  eden space 87424K, 100% used [0x00000000e0000000, 0x00000000e5560000, 0x00000000e5560000)
  from space 21824K,  37% used [0x00000000e6ab0000, 0x00000000e72b97b0, 0x00000000e8000000)
  to   space 21824K,   0% used [0x00000000e5560000, 0x00000000e5560000, 0x00000000e6ab0000)
 concurrent mark-sweep generation total 393216K, used 21702K [0x00000000e8000000, 0x0000000100000000, 0x0000000100000000)
 Metaspace       used 36491K, capacity 36858K, committed 37284K, reserved 1083392K
  class space    used 3917K, capacity 4053K, committed 4120K, reserved 1048576K
2015-12-10T15:04:08.224-0500: 18164,087: [GC (Allocation Failure) 2015-12-10T15:04:08.224-0500: 18164,087: [ParNew
Desired survivor size 20112992 bytes, new threshold 8 (max 8)
- age   1:     372096 bytes,     372096 total
- age   2:     136512 bytes,     508608 total
- age   3:      20496 bytes,     529104 total
- age   4:      59408 bytes,     588512 total
- age   5:      50024 bytes,     638536 total
- age   6:      47288 bytes,     685824 total
- age   7:      75760 bytes,     761584 total
- age   8:     598232 bytes,    1359816 total
: 95653K->2462K(109248K), 0,0390112 secs] 117356K->27121K(502464K), 0,0390691 secs] [Times: user=0,08 sys=0,00, real=0,04 secs] 
Heap after GC invocations=18 (full 2):
 par new generation   total 109248K, used 2462K [0x00000000e0000000, 0x00000000e8000000, 0x00000000e8000000)
  eden space 87424K,   0% used [0x00000000e0000000, 0x00000000e0000000, 0x00000000e5560000)
  from space 21824K,  11% used [0x00000000e5560000, 0x00000000e57c7898, 0x00000000e6ab0000)
  to   space 21824K,   0% used [0x00000000e6ab0000, 0x00000000e6ab0000, 0x00000000e8000000)
 concurrent mark-sweep generation total 393216K, used 24659K [0x00000000e8000000, 0x0000000100000000, 0x0000000100000000)
 Metaspace       used 36491K, capacity 36858K, committed 37284K, reserved 1083392K
  class space    used 3917K, capacity 4053K, committed 4120K, reserved 1048576K
}
2015-12-10T15:04:08.263-0500: 18164,126: Total time for which application threads were stopped: 0,0392175 seconds, Stopping threads took: 0,0000294 seconds
2015-12-10T15:04:09.263-0500: 18165,126: Total time for which application threads were stopped: 0,0000719 seconds, Stopping threads took: 0,0000185 seconds
2015-12-10T15:04:39.266-0500: 18195,129: Total time for which application threads were stopped: 0,0000999 seconds, Stopping threads took: 0,0000300 seconds
2015-12-10T15:35:27.455-0500: 20043,318: Total time for which application threads were stopped: 0,0000851 seconds, Stopping threads took: 0,0000312 seconds
2015-12-10T15:35:30.456-0500: 20046,319: Total time for which application threads were stopped: 0,0001189 seconds, Stopping threads took: 0,0000329 seconds
2015-12-10T15:35:39.456-0500: 20055,320: Total time for which application threads were stopped: 0,0000933 seconds, Stopping threads took: 0,0000206 seconds
2015-12-10T15:35:41.457-0500: 20057,320: Total time for which application threads were stopped: 0,0000755 seconds, Stopping threads took: 0,0000195 seconds
{Heap before GC invocations=18 (full 2):
 par new generation   total 109248K, used 89886K [0x00000000e0000000, 0x00000000e8000000, 0x00000000e8000000)
  eden space 87424K, 100% used [0x00000000e0000000, 0x00000000e5560000, 0x00000000e5560000)
  from space 21824K,  11% used [0x00000000e5560000, 0x00000000e57c7898, 0x00000000e6ab0000)
  to   space 21824K,   0% used [0x00000000e6ab0000, 0x00000000e6ab0000, 0x00000000e8000000)
 concurrent mark-sweep generation total 393216K, used 24659K [0x00000000e8000000, 0x0000000100000000, 0x0000000100000000)
 Metaspace       used 36552K, capacity 36922K, committed 37284K, reserved 1083392K
  class space    used 3917K, capacity 4053K, committed 4120K, reserved 1048576K
2015-12-10T15:35:41.541-0500: 20057,404: [GC (Allocation Failure) 2015-12-10T15:35:41.541-0500: 20057,404: [ParNew
Desired survivor size 20112992 bytes, new threshold 8 (max 8)
- age   1:     429096 bytes,     429096 total
- age   2:      86824 bytes,     515920 total
- age   3:     100056 bytes,     615976 total
- age   4:      18216 bytes,     634192 total
- age   5:      59408 bytes,     693600 total
- age   6:      50024 bytes,     743624 total
- age   7:      47288 bytes,     790912 total
- age   8:      75760 bytes,     866672 total
: 89886K->1112K(109248K), 0,0267569 secs] 114545K->26356K(502464K), 0,0268254 secs] [Times: user=0,04 sys=0,00, real=0,03 secs] 
Heap after GC invocations=19 (full 2):
 par new generation   total 109248K, used 1112K [0x00000000e0000000, 0x00000000e8000000, 0x00000000e8000000)
  eden space 87424K,   0% used [0x00000000e0000000, 0x00000000e0000000, 0x00000000e5560000)
  from space 21824K,   5% used [0x00000000e6ab0000, 0x00000000e6bc6070, 0x00000000e8000000)
  to   space 21824K,   0% used [0x00000000e5560000, 0x00000000e5560000, 0x00000000e6ab0000)
 concurrent mark-sweep generation total 393216K, used 25244K [0x00000000e8000000, 0x0000000100000000, 0x0000000100000000)
 Metaspace       used 36552K, capacity 36922K, committed 37284K, reserved 1083392K
  class space    used 3917K, capacity 4053K, committed 4120K, reserved 1048576K
}
2015-12-10T15:35:41.568-0500: 20057,431: Total time for which application threads were stopped: 0,0269768 seconds, Stopping threads took: 0,0000204 seconds
2015-12-10T15:35:46.569-0500: 20062,432: Total time for which application threads were stopped: 0,0000814 seconds, Stopping threads took: 0,0000201 seconds
2015-12-10T15:35:55.570-0500: 20071,433: Total time for which application threads were stopped: 0,0001136 seconds, Stopping threads took: 0,0000397 seconds
2015-12-10T15:36:02.570-0500: 20078,433: Total time for which application threads were stopped: 0,0000761 seconds, Stopping threads took: 0,0000206 seconds
2015-12-10T15:36:09.571-0500: 20085,434: Total time for which application threads were stopped: 0,0000798 seconds, Stopping threads took: 0,0000204 seconds
2015-12-10T16:10:04.762-0500: 22120,625: Total time for which application threads were stopped: 0,0001030 seconds, Stopping threads took: 0,0000358 seconds
2015-12-10T16:10:05.762-0500: 22121,625: Total time for which application threads were stopped: 0,0000771 seconds, Stopping threads took: 0,0000201 seconds
2015-12-10T16:10:54.767-0500: 22170,630: Total time for which application threads were stopped: 0,0001159 seconds, Stopping threads took: 0,0000379 seconds
2015-12-10T16:12:16.774-0500: 22252,637: Total time for which application threads were stopped: 0,0001024 seconds, Stopping threads took: 0,0000351 seconds
2015-12-10T16:12:37.776-0500: 22273,639: Total time for which application threads were stopped: 0,0000778 seconds, Stopping threads took: 0,0000193 seconds
2015-12-10T16:12:43.777-0500: 22279,640: Total time for which application threads were stopped: 0,0000951 seconds, Stopping threads took: 0,0000350 seconds
{Heap before GC invocations=19 (full 2):
 par new generation   total 109248K, used 88536K [0x00000000e0000000, 0x00000000e8000000, 0x00000000e8000000)
  eden space 87424K, 100% used [0x00000000e0000000, 0x00000000e5560000, 0x00000000e5560000)
  from space 21824K,   5% used [0x00000000e6ab0000, 0x00000000e6bc6070, 0x00000000e8000000)
  to   space 21824K,   0% used [0x00000000e5560000, 0x00000000e5560000, 0x00000000e6ab0000)
 concurrent mark-sweep generation total 393216K, used 25244K [0x00000000e8000000, 0x0000000100000000, 0x0000000100000000)
 Metaspace       used 36558K, capacity 36922K, committed 37284K, reserved 1083392K
  class space    used 3917K, capacity 4053K, committed 4120K, reserved 1048576K
2015-12-10T16:13:14.999-0500: 22310,862: [GC (Allocation Failure) 2015-12-10T16:13:15.035-0500: 22310,898: [ParNew
Desired survivor size 20112992 bytes, new threshold 8 (max 8)
- age   1:     447080 bytes,     447080 total
- age   2:      93208 bytes,     540288 total
- age   3:      50560 bytes,     590848 total
- age   4:      64088 bytes,     654936 total
- age   5:      18216 bytes,     673152 total
- age   6:      59408 bytes,     732560 total
- age   7:      50024 bytes,     782584 total
- age   8:      43064 bytes,     825648 total
: 88536K->1131K(109248K), 0,0051420 secs] 113780K->26450K(502464K), 0,0416467 secs] [Times: user=0,01 sys=0,00, real=0,04 secs] 
Heap after GC invocations=20 (full 2):
 par new generation   total 109248K, used 1131K [0x00000000e0000000, 0x00000000e8000000, 0x00000000e8000000)
  eden space 87424K,   0% used [0x00000000e0000000, 0x00000000e0000000, 0x00000000e5560000)
  from space 21824K,   5% used [0x00000000e5560000, 0x00000000e567ac30, 0x00000000e6ab0000)
  to   space 21824K,   0% used [0x00000000e6ab0000, 0x00000000e6ab0000, 0x00000000e8000000)
 concurrent mark-sweep generation total 393216K, used 25319K [0x00000000e8000000, 0x0000000100000000, 0x0000000100000000)
 Metaspace       used 36558K, capacity 36922K, committed 37284K, reserved 1083392K
  class space    used 3917K, capacity 4053K, committed 4120K, reserved 1048576K
}
2015-12-10T16:13:15.040-0500: 22310,903: Total time for which application threads were stopped: 0,0418309 seconds, Stopping threads took: 0,0000365 seconds
2015-12-10T16:13:16.040-0500: 22311,904: Total time for which application threads were stopped: 0,0000757 seconds, Stopping threads took: 0,0000204 seconds
2015-12-10T16:19:26.078-0500: 22681,941: Total time for which application threads were stopped: 0,0049956 seconds, Stopping threads took: 0,0049321 seconds
2015-12-10T16:19:26.471-0500: 22682,335: Total time for which application threads were stopped: 0,0002537 seconds, Stopping threads took: 0,0001790 seconds
2015-12-10T16:19:27.038-0500: 22682,902: Total time for which application threads were stopped: 0,0001095 seconds, Stopping threads took: 0,0000191 seconds
2015-12-10T16:19:27.302-0500: 22683,165: Total time for which application threads were stopped: 0,0001069 seconds, Stopping threads took: 0,0000273 seconds
2015-12-10T16:19:27.302-0500: 22683,165: Total time for which application threads were stopped: 0,0000508 seconds, Stopping threads took: 0,0000206 seconds
2015-12-10T16:19:27.302-0500: 22683,165: Total time for which application threads were stopped: 0,0000608 seconds, Stopping threads took: 0,0000305 seconds
2015-12-10T16:19:27.302-0500: 22683,165: Total time for which application threads were stopped: 0,0000298 seconds, Stopping threads took: 0,0000052 seconds
2015-12-10T16:19:27.408-0500: 22683,271: Total time for which application threads were stopped: 0,0000935 seconds, Stopping threads took: 0,0000288 seconds
2015-12-10T16:19:27.408-0500: 22683,271: Total time for which application threads were stopped: 0,0000606 seconds, Stopping threads took: 0,0000300 seconds
2015-12-10T16:19:27.408-0500: 22683,271: Total time for which application threads were stopped: 0,0000601 seconds, Stopping threads took: 0,0000297 seconds
2015-12-10T16:19:27.408-0500: 22683,271: Total time for which application threads were stopped: 0,0000602 seconds, Stopping threads took: 0,0000299 seconds
2015-12-10T16:19:27.507-0500: 22683,370: Total time for which application threads were stopped: 0,0000991 seconds, Stopping threads took: 0,0000284 seconds
2015-12-10T16:19:27.507-0500: 22683,370: Total time for which application threads were stopped: 0,0000853 seconds, Stopping threads took: 0,0000592 seconds
2015-12-10T16:19:27.507-0500: 22683,371: Total time for which application threads were stopped: 0,0000628 seconds, Stopping threads took: 0,0000395 seconds
2015-12-10T16:19:27.507-0500: 22683,371: Total time for which application threads were stopped: 0,0000564 seconds, Stopping threads took: 0,0000239 seconds
2015-12-10T16:19:27.678-0500: 22683,541: Total time for which application threads were stopped: 0,0224545 seconds, Stopping threads took: 0,0223563 seconds
2015-12-10T16:19:27.678-0500: 22683,542: Total time for which application threads were stopped: 0,0001536 seconds, Stopping threads took: 0,0000690 seconds
2015-12-10T16:19:27.679-0500: 22683,542: Total time for which application threads were stopped: 0,0001684 seconds, Stopping threads took: 0,0000171 seconds
2015-12-10T16:19:27.794-0500: 22683,658: Total time for which application threads were stopped: 0,0001351 seconds, Stopping threads took: 0,0000625 seconds
2015-12-10T16:19:27.795-0500: 22683,658: Total time for which application threads were stopped: 0,0000627 seconds, Stopping threads took: 0,0000222 seconds
2015-12-10T16:19:27.952-0500: 22683,815: Total time for which application threads were stopped: 0,0001027 seconds, Stopping threads took: 0,0000306 seconds
2015-12-10T16:19:27.952-0500: 22683,815: Total time for which application threads were stopped: 0,0001363 seconds, Stopping threads took: 0,0000882 seconds
2015-12-10T16:19:27.952-0500: 22683,816: Total time for which application threads were stopped: 0,0000759 seconds, Stopping threads took: 0,0000464 seconds
2015-12-10T16:19:27.953-0500: 22683,816: Total time for which application threads were stopped: 0,0000691 seconds, Stopping threads took: 0,0000239 seconds
2015-12-10T16:19:27.953-0500: 22683,816: Total time for which application threads were stopped: 0,0000652 seconds, Stopping threads took: 0,0000233 seconds
2015-12-10T16:19:27.953-0500: 22683,816: Total time for which application threads were stopped: 0,0000495 seconds, Stopping threads took: 0,0000175 seconds
2015-12-10T16:19:27.953-0500: 22683,816: Total time for which application threads were stopped: 0,0000541 seconds, Stopping threads took: 0,0000302 seconds
2015-12-10T16:19:27.969-0500: 22683,832: Total time for which application threads were stopped: 0,0000638 seconds, Stopping threads took: 0,0000307 seconds
2015-12-10T16:19:28.100-0500: 22683,963: Total time for which application threads were stopped: 0,0001174 seconds, Stopping threads took: 0,0000457 seconds
2015-12-10T16:19:28.100-0500: 22683,963: Total time for which application threads were stopped: 0,0000955 seconds, Stopping threads took: 0,0000517 seconds
2015-12-10T16:19:28.100-0500: 22683,964: Total time for which application threads were stopped: 0,0000525 seconds, Stopping threads took: 0,0000276 seconds
2015-12-10T16:19:28.101-0500: 22683,964: Total time for which application threads were stopped: 0,0000541 seconds, Stopping threads took: 0,0000175 seconds
2015-12-10T16:19:28.101-0500: 22683,964: Total time for which application threads were stopped: 0,0000276 seconds, Stopping threads took: 0,0000049 seconds
2015-12-10T16:19:28.101-0500: 22683,964: Total time for which application threads were stopped: 0,0000522 seconds, Stopping threads took: 0,0000151 seconds
2015-12-10T16:19:28.101-0500: 22683,964: Total time for which application threads were stopped: 0,0000293 seconds, Stopping threads took: 0,0000065 seconds
2015-12-10T16:19:28.236-0500: 22684,100: Total time for which application threads were stopped: 0,0287808 seconds, Stopping threads took: 0,0286809 seconds
2015-12-10T16:19:28.237-0500: 22684,100: Total time for which application threads were stopped: 0,0000758 seconds, Stopping threads took: 0,0000404 seconds
2015-12-10T16:19:28.237-0500: 22684,100: Total time for which application threads were stopped: 0,0001280 seconds, Stopping threads took: 0,0000721 seconds
2015-12-10T16:19:28.237-0500: 22684,100: Total time for which application threads were stopped: 0,0000659 seconds, Stopping threads took: 0,0000256 seconds
2015-12-10T16:19:28.366-0500: 22684,229: Total time for which application threads were stopped: 0,0000919 seconds, Stopping threads took: 0,0000305 seconds
2015-12-10T16:19:28.366-0500: 22684,229: Total time for which application threads were stopped: 0,0001401 seconds, Stopping threads took: 0,0000825 seconds
2015-12-10T16:19:28.367-0500: 22684,230: Total time for which application threads were stopped: 0,0000938 seconds, Stopping threads took: 0,0000417 seconds
2015-12-10T16:19:28.367-0500: 22684,230: Total time for which application threads were stopped: 0,0001417 seconds, Stopping threads took: 0,0000759 seconds
2015-12-10T16:19:28.367-0500: 22684,230: Total time for which application threads were stopped: 0,0000767 seconds, Stopping threads took: 0,0000362 seconds
2015-12-10T16:19:28.367-0500: 22684,230: Total time for which application threads were stopped: 0,0000718 seconds, Stopping threads took: 0,0000355 seconds
2015-12-10T16:19:28.386-0500: 22684,249: Total time for which application threads were stopped: 0,0000626 seconds, Stopping threads took: 0,0000116 seconds
2015-12-10T16:19:28.499-0500: 22684,362: Total time for which application threads were stopped: 0,0002030 seconds, Stopping threads took: 0,0001400 seconds
2015-12-10T16:19:28.500-0500: 22684,363: Total time for which application threads were stopped: 0,0002866 seconds, Stopping threads took: 0,0002295 seconds
2015-12-10T16:19:28.500-0500: 22684,363: Total time for which application threads were stopped: 0,0001133 seconds, Stopping threads took: 0,0000677 seconds
2015-12-10T16:19:28.500-0500: 22684,363: Total time for which application threads were stopped: 0,0001235 seconds, Stopping threads took: 0,0000900 seconds
2015-12-10T16:19:28.500-0500: 22684,364: Total time for which application threads were stopped: 0,0001000 seconds, Stopping threads took: 0,0000543 seconds
2015-12-10T16:19:28.501-0500: 22684,364: Total time for which application threads were stopped: 0,0000568 seconds, Stopping threads took: 0,0000285 seconds
2015-12-10T16:19:28.501-0500: 22684,364: Total time for which application threads were stopped: 0,0001258 seconds, Stopping threads took: 0,0000234 seconds
2015-12-10T16:19:28.598-0500: 22684,461: Total time for which application threads were stopped: 0,0001100 seconds, Stopping threads took: 0,0000399 seconds
2015-12-10T16:19:28.598-0500: 22684,462: Total time for which application threads were stopped: 0,0000850 seconds, Stopping threads took: 0,0000280 seconds
2015-12-10T16:19:28.600-0500: 22684,463: Total time for which application threads were stopped: 0,0000554 seconds, Stopping threads took: 0,0000211 seconds
2015-12-10T16:19:28.698-0500: 22684,561: Total time for which application threads were stopped: 0,0002008 seconds, Stopping threads took: 0,0001384 seconds
2015-12-10T16:19:28.698-0500: 22684,562: Total time for which application threads were stopped: 0,0000891 seconds, Stopping threads took: 0,0000546 seconds
2015-12-10T16:19:28.699-0500: 22684,562: Total time for which application threads were stopped: 0,0000658 seconds, Stopping threads took: 0,0000224 seconds
2015-12-10T16:19:29.065-0500: 22684,928: Total time for which application threads were stopped: 0,0001144 seconds, Stopping threads took: 0,0000275 seconds
2015-12-10T16:19:29.065-0500: 22684,928: Total time for which application threads were stopped: 0,0001467 seconds, Stopping threads took: 0,0000839 seconds
2015-12-10T16:19:29.066-0500: 22684,929: Total time for which application threads were stopped: 0,0001448 seconds, Stopping threads took: 0,0000841 seconds
2015-12-10T16:19:29.163-0500: 22685,027: Total time for which application threads were stopped: 0,0001015 seconds, Stopping threads took: 0,0000246 seconds
2015-12-10T16:19:29.263-0500: 22685,127: Total time for which application threads were stopped: 0,0001034 seconds, Stopping threads took: 0,0000300 seconds
2015-12-10T16:19:29.264-0500: 22685,127: Total time for which application threads were stopped: 0,0000662 seconds, Stopping threads took: 0,0000230 seconds
2015-12-10T16:19:29.264-0500: 22685,127: Total time for which application threads were stopped: 0,0000651 seconds, Stopping threads took: 0,0000208 seconds
2015-12-10T16:19:29.379-0500: 22685,242: Total time for which application threads were stopped: 0,0000929 seconds, Stopping threads took: 0,0000221 seconds
2015-12-10T16:19:29.379-0500: 22685,242: Total time for which application threads were stopped: 0,0000734 seconds, Stopping threads took: 0,0000379 seconds
2015-12-10T16:19:29.379-0500: 22685,242: Total time for which application threads were stopped: 0,0000501 seconds, Stopping threads took: 0,0000202 seconds
2015-12-10T16:19:29.381-0500: 22685,244: Total time for which application threads were stopped: 0,0001518 seconds, Stopping threads took: 0,0000891 seconds
2015-12-10T16:19:29.487-0500: 22685,351: Total time for which application threads were stopped: 0,0001946 seconds, Stopping threads took: 0,0001275 seconds
2015-12-10T16:19:29.488-0500: 22685,351: Total time for which application threads were stopped: 0,0002116 seconds, Stopping threads took: 0,0000908 seconds
2015-12-10T16:19:29.488-0500: 22685,351: Total time for which application threads were stopped: 0,0000932 seconds, Stopping threads took: 0,0000357 seconds
2015-12-10T16:19:29.489-0500: 22685,352: Total time for which application threads were stopped: 0,0000625 seconds, Stopping threads took: 0,0000139 seconds
2015-12-10T16:19:29.586-0500: 22685,449: Total time for which application threads were stopped: 0,0001057 seconds, Stopping threads took: 0,0000299 seconds
2015-12-10T16:19:29.586-0500: 22685,449: Total time for which application threads were stopped: 0,0000649 seconds, Stopping threads took: 0,0000202 seconds
2015-12-10T16:19:29.588-0500: 22685,451: Total time for which application threads were stopped: 0,0000714 seconds, Stopping threads took: 0,0000254 seconds
2015-12-10T16:19:29.686-0500: 22685,549: Total time for which application threads were stopped: 0,0001149 seconds, Stopping threads took: 0,0000319 seconds
2015-12-10T16:19:29.686-0500: 22685,549: Total time for which application threads were stopped: 0,0000893 seconds, Stopping threads took: 0,0000398 seconds
2015-12-10T16:19:29.688-0500: 22685,551: Total time for which application threads were stopped: 0,0000940 seconds, Stopping threads took: 0,0000340 seconds
2015-12-10T16:19:29.843-0500: 22685,706: Total time for which application threads were stopped: 0,0000951 seconds, Stopping threads took: 0,0000299 seconds
2015-12-10T16:19:29.843-0500: 22685,706: Total time for which application threads were stopped: 0,0000546 seconds, Stopping threads took: 0,0000199 seconds
2015-12-10T16:19:29.844-0500: 22685,708: Total time for which application threads were stopped: 0,0000622 seconds, Stopping threads took: 0,0000232 seconds
2015-12-10T16:19:29.943-0500: 22685,806: Total time for which application threads were stopped: 0,0001001 seconds, Stopping threads took: 0,0000293 seconds
2015-12-10T16:19:29.944-0500: 22685,807: Total time for which application threads were stopped: 0,0001444 seconds, Stopping threads took: 0,0000291 seconds
2015-12-10T16:19:29.946-0500: 22685,809: Total time for which application threads were stopped: 0,0006269 seconds, Stopping threads took: 0,0005732 seconds
2015-12-10T16:19:30.052-0500: 22685,915: Total time for which application threads were stopped: 0,0001987 seconds, Stopping threads took: 0,0001147 seconds
2015-12-10T16:19:30.052-0500: 22685,915: Total time for which application threads were stopped: 0,0000656 seconds, Stopping threads took: 0,0000211 seconds
2015-12-10T16:19:30.054-0500: 22685,917: Total time for which application threads were stopped: 0,0000938 seconds, Stopping threads took: 0,0000354 seconds
2015-12-10T16:19:30.242-0500: 22686,105: Total time for which application threads were stopped: 0,0000915 seconds, Stopping threads took: 0,0000261 seconds
2015-12-10T16:19:30.242-0500: 22686,105: Total time for which application threads were stopped: 0,0001302 seconds, Stopping threads took: 0,0000190 seconds
2015-12-10T16:19:30.244-0500: 22686,107: Total time for which application threads were stopped: 0,0000625 seconds, Stopping threads took: 0,0000316 seconds
2015-12-10T16:19:30.342-0500: 22686,205: Total time for which application threads were stopped: 0,0001007 seconds, Stopping threads took: 0,0000308 seconds
2015-12-10T16:19:30.344-0500: 22686,207: Total time for which application threads were stopped: 0,0001728 seconds, Stopping threads took: 0,0001179 seconds
2015-12-10T16:19:30.441-0500: 22686,304: Total time for which application threads were stopped: 0,0001701 seconds, Stopping threads took: 0,0000840 seconds
2015-12-10T16:19:30.442-0500: 22686,305: Total time for which application threads were stopped: 0,0000711 seconds, Stopping threads took: 0,0000318 seconds
2015-12-10T16:19:30.558-0500: 22686,421: Total time for which application threads were stopped: 0,0000955 seconds, Stopping threads took: 0,0000299 seconds
2015-12-10T16:19:30.559-0500: 22686,422: Total time for which application threads were stopped: 0,0001459 seconds, Stopping threads took: 0,0000801 seconds
2015-12-10T16:19:30.676-0500: 22686,539: Total time for which application threads were stopped: 0,0001087 seconds, Stopping threads took: 0,0000268 seconds
2015-12-10T16:19:30.678-0500: 22686,541: Total time for which application threads were stopped: 0,0000754 seconds, Stopping threads took: 0,0000234 seconds
2015-12-10T16:19:30.774-0500: 22686,637: Total time for which application threads were stopped: 0,0003614 seconds, Stopping threads took: 0,0001402 seconds
2015-12-10T16:19:30.775-0500: 22686,638: Total time for which application threads were stopped: 0,0000849 seconds, Stopping threads took: 0,0000152 seconds
2015-12-10T16:19:30.776-0500: 22686,639: Total time for which application threads were stopped: 0,0001094 seconds, Stopping threads took: 0,0000378 seconds
2015-12-10T16:19:30.925-0500: 22686,788: Total time for which application threads were stopped: 0,0001069 seconds, Stopping threads took: 0,0000299 seconds
2015-12-10T16:19:30.925-0500: 22686,788: Total time for which application threads were stopped: 0,0000713 seconds, Stopping threads took: 0,0000312 seconds
2015-12-10T16:19:30.926-0500: 22686,789: Total time for which application threads were stopped: 0,0000712 seconds, Stopping threads took: 0,0000252 seconds
2015-12-10T16:19:31.032-0500: 22686,895: Total time for which application threads were stopped: 0,0001095 seconds, Stopping threads took: 0,0000352 seconds
2015-12-10T16:19:31.032-0500: 22686,895: Total time for which application threads were stopped: 0,0001381 seconds, Stopping threads took: 0,0000857 seconds
2015-12-10T16:19:31.034-0500: 22686,897: Total time for which application threads were stopped: 0,0000941 seconds, Stopping threads took: 0,0000335 seconds
2015-12-10T16:19:31.132-0500: 22686,995: Total time for which application threads were stopped: 0,0001216 seconds, Stopping threads took: 0,0000358 seconds
2015-12-10T16:19:31.132-0500: 22686,995: Total time for which application threads were stopped: 0,0000547 seconds, Stopping threads took: 0,0000201 seconds
2015-12-10T16:19:31.132-0500: 22686,996: Total time for which application threads were stopped: 0,0000510 seconds, Stopping threads took: 0,0000186 seconds
2015-12-10T16:19:31.134-0500: 22686,997: Total time for which application threads were stopped: 0,0000429 seconds, Stopping threads took: 0,0000096 seconds
2015-12-10T16:19:31.239-0500: 22687,102: Total time for which application threads were stopped: 0,0001208 seconds, Stopping threads took: 0,0000445 seconds
2015-12-10T16:19:31.239-0500: 22687,102: Total time for which application threads were stopped: 0,0000693 seconds, Stopping threads took: 0,0000239 seconds
2015-12-10T16:19:31.241-0500: 22687,104: Total time for which application threads were stopped: 0,0000579 seconds, Stopping threads took: 0,0000154 seconds
2015-12-10T16:19:31.348-0500: 22687,211: Total time for which application threads were stopped: 0,0001960 seconds, Stopping threads took: 0,0001069 seconds
2015-12-10T16:19:31.348-0500: 22687,211: Total time for which application threads were stopped: 0,0000666 seconds, Stopping threads took: 0,0000214 seconds
2015-12-10T16:19:31.350-0500: 22687,213: Total time for which application threads were stopped: 0,0000690 seconds, Stopping threads took: 0,0000226 seconds
2015-12-10T16:19:31.446-0500: 22687,310: Total time for which application threads were stopped: 0,0001144 seconds, Stopping threads took: 0,0000410 seconds
2015-12-10T16:19:31.447-0500: 22687,310: Total time for which application threads were stopped: 0,0001078 seconds, Stopping threads took: 0,0000569 seconds
2015-12-10T16:19:31.447-0500: 22687,310: Total time for which application threads were stopped: 0,0000938 seconds, Stopping threads took: 0,0000660 seconds
2015-12-10T16:19:31.448-0500: 22687,311: Total time for which application threads were stopped: 0,0000654 seconds, Stopping threads took: 0,0000252 seconds
2015-12-10T16:19:31.555-0500: 22687,418: Total time for which application threads were stopped: 0,0002600 seconds, Stopping threads took: 0,0000722 seconds
2015-12-10T16:19:31.555-0500: 22687,419: Total time for which application threads were stopped: 0,0001331 seconds, Stopping threads took: 0,0000685 seconds
2015-12-10T16:19:31.556-0500: 22687,419: Total time for which application threads were stopped: 0,0000720 seconds, Stopping threads took: 0,0000368 seconds
2015-12-10T16:19:31.557-0500: 22687,420: Total time for which application threads were stopped: 0,0001392 seconds, Stopping threads took: 0,0000306 seconds
2015-12-10T16:19:31.654-0500: 22687,517: Total time for which application threads were stopped: 0,0002093 seconds, Stopping threads took: 0,0001352 seconds
2015-12-10T16:19:31.655-0500: 22687,518: Total time for which application threads were stopped: 0,0001702 seconds, Stopping threads took: 0,0000997 seconds
2015-12-10T16:19:31.655-0500: 22687,518: Total time for which application threads were stopped: 0,0001545 seconds, Stopping threads took: 0,0001042 seconds
2015-12-10T16:19:31.762-0500: 22687,625: Total time for which application threads were stopped: 0,0001051 seconds, Stopping threads took: 0,0000230 seconds
2015-12-10T16:19:31.762-0500: 22687,625: Total time for which application threads were stopped: 0,0000697 seconds, Stopping threads took: 0,0000185 seconds
2015-12-10T16:19:31.763-0500: 22687,626: Total time for which application threads were stopped: 0,0000688 seconds, Stopping threads took: 0,0000262 seconds
2015-12-10T16:19:31.862-0500: 22687,725: Total time for which application threads were stopped: 0,0001264 seconds, Stopping threads took: 0,0000396 seconds
2015-12-10T16:19:31.862-0500: 22687,725: Total time for which application threads were stopped: 0,0000764 seconds, Stopping threads took: 0,0000325 seconds
2015-12-10T16:19:31.862-0500: 22687,725: Total time for which application threads were stopped: 0,0000834 seconds, Stopping threads took: 0,0000428 seconds
2015-12-10T16:19:31.962-0500: 22687,825: Total time for which application threads were stopped: 0,0001011 seconds, Stopping threads took: 0,0000353 seconds
2015-12-10T16:19:31.962-0500: 22687,825: Total time for which application threads were stopped: 0,0000786 seconds, Stopping threads took: 0,0000423 seconds
2015-12-10T16:19:31.962-0500: 22687,825: Total time for which application threads were stopped: 0,0000539 seconds, Stopping threads took: 0,0000224 seconds
2015-12-10T16:19:32.115-0500: 22687,978: Total time for which application threads were stopped: 0,0000858 seconds, Stopping threads took: 0,0000169 seconds
2015-12-10T16:19:32.115-0500: 22687,978: Total time for which application threads were stopped: 0,0000694 seconds, Stopping threads took: 0,0000334 seconds
2015-12-10T16:19:32.115-0500: 22687,978: Total time for which application threads were stopped: 0,0001452 seconds, Stopping threads took: 0,0000298 seconds
2015-12-10T16:19:32.318-0500: 22688,181: Total time for which application threads were stopped: 0,0001004 seconds, Stopping threads took: 0,0000342 seconds
2015-12-10T16:19:32.318-0500: 22688,181: Total time for which application threads were stopped: 0,0000505 seconds, Stopping threads took: 0,0000141 seconds
2015-12-10T16:19:32.425-0500: 22688,288: Total time for which application threads were stopped: 0,0001068 seconds, Stopping threads took: 0,0000320 seconds
2015-12-10T16:19:32.425-0500: 22688,288: Total time for which application threads were stopped: 0,0001122 seconds, Stopping threads took: 0,0000538 seconds
2015-12-10T16:19:32.525-0500: 22688,388: Total time for which application threads were stopped: 0,0001088 seconds, Stopping threads took: 0,0000369 seconds
2015-12-10T16:19:32.525-0500: 22688,388: Total time for which application threads were stopped: 0,0000495 seconds, Stopping threads took: 0,0000089 seconds
2015-12-10T16:19:32.632-0500: 22688,495: Total time for which application threads were stopped: 0,0001173 seconds, Stopping threads took: 0,0000505 seconds
2015-12-10T16:19:32.632-0500: 22688,496: Total time for which application threads were stopped: 0,0001275 seconds, Stopping threads took: 0,0000833 seconds
2015-12-10T16:19:32.733-0500: 22688,596: Total time for which application threads were stopped: 0,0002082 seconds, Stopping threads took: 0,0001290 seconds
2015-12-10T16:19:32.733-0500: 22688,596: Total time for which application threads were stopped: 0,0001218 seconds, Stopping threads took: 0,0000721 seconds
2015-12-10T16:19:32.840-0500: 22688,703: Total time for which application threads were stopped: 0,0001011 seconds, Stopping threads took: 0,0000184 seconds
2015-12-10T16:19:32.840-0500: 22688,704: Total time for which application threads were stopped: 0,0000519 seconds, Stopping threads took: 0,0000095 seconds
2015-12-10T16:19:32.960-0500: 22688,823: Total time for which application threads were stopped: 0,0001150 seconds, Stopping threads took: 0,0000236 seconds
2015-12-10T16:19:32.961-0500: 22688,824: Total time for which application threads were stopped: 0,0001769 seconds, Stopping threads took: 0,0000238 seconds
2015-12-10T16:19:33.073-0500: 22688,936: Total time for which application threads were stopped: 0,0001300 seconds, Stopping threads took: 0,0000363 seconds
2015-12-10T16:19:33.172-0500: 22689,035: Total time for which application threads were stopped: 0,0002324 seconds, Stopping threads took: 0,0001199 seconds
2015-12-10T16:19:33.270-0500: 22689,133: Total time for which application threads were stopped: 0,0000968 seconds, Stopping threads took: 0,0000222 seconds
2015-12-10T16:19:33.378-0500: 22689,241: Total time for which application threads were stopped: 0,0001123 seconds, Stopping threads took: 0,0000415 seconds
2015-12-10T16:19:33.484-0500: 22689,347: Total time for which application threads were stopped: 0,0001131 seconds, Stopping threads took: 0,0000397 seconds
2015-12-10T16:19:33.583-0500: 22689,446: Total time for which application threads were stopped: 0,0002473 seconds, Stopping threads took: 0,0000327 seconds
2015-12-10T16:19:34.583-0500: 22690,447: Total time for which application threads were stopped: 0,0000991 seconds, Stopping threads took: 0,0000205 seconds
2015-12-10T16:19:35.584-0500: 22691,447: Total time for which application threads were stopped: 0,0000930 seconds, Stopping threads took: 0,0000192 seconds
2015-12-10T16:19:36.584-0500: 22692,447: Total time for which application threads were stopped: 0,0002035 seconds, Stopping threads took: 0,0001211 seconds
2015-12-10T16:19:37.584-0500: 22693,447: Total time for which application threads were stopped: 0,0000982 seconds, Stopping threads took: 0,0000207 seconds
2015-12-10T16:19:38.584-0500: 22694,447: Total time for which application threads were stopped: 0,0001276 seconds, Stopping threads took: 0,0000347 seconds
2015-12-10T16:19:39.584-0500: 22695,448: Total time for which application threads were stopped: 0,0000888 seconds, Stopping threads took: 0,0000198 seconds
2015-12-10T16:19:40.585-0500: 22696,448: Total time for which application threads were stopped: 0,0000857 seconds, Stopping threads took: 0,0000172 seconds
2015-12-10T16:19:41.902-0500: 22697,765: Total time for which application threads were stopped: 0,3168863 seconds, Stopping threads took: 0,3167939 seconds
2015-12-10T16:19:42.902-0500: 22698,765: Total time for which application threads were stopped: 0,0000931 seconds, Stopping threads took: 0,0000210 seconds
{Heap before GC invocations=20 (full 2):
 par new generation   total 109248K, used 88522K [0x00000000e0000000, 0x00000000e8000000, 0x00000000e8000000)
  eden space 87424K,  99% used [0x00000000e0000000, 0x00000000e5557c38, 0x00000000e5560000)
  from space 21824K,   5% used [0x00000000e5560000, 0x00000000e567ac30, 0x00000000e6ab0000)
  to   space 21824K,   0% used [0x00000000e6ab0000, 0x00000000e6ab0000, 0x00000000e8000000)
 concurrent mark-sweep generation total 393216K, used 25319K [0x00000000e8000000, 0x0000000100000000, 0x0000000100000000)
 Metaspace       used 36856K, capacity 37242K, committed 37540K, reserved 1083392K
  class space    used 3917K, capacity 4053K, committed 4120K, reserved 1048576K
2015-12-10T16:19:43.523-0500: 22699,386: [GC (Allocation Failure) 2015-12-10T16:19:43.523-0500: 22699,386: [ParNew
Desired survivor size 20112992 bytes, new threshold 8 (max 8)
- age   1:    1095888 bytes,    1095888 total
- age   2:     195968 bytes,    1291856 total
- age   3:      80328 bytes,    1372184 total
- age   4:      50560 bytes,    1422744 total
- age   5:      64088 bytes,    1486832 total
- age   6:      18216 bytes,    1505048 total
- age   7:      59408 bytes,    1564456 total
- age   8:      50024 bytes,    1614480 total
: 88522K->1903K(109248K), 0,0831730 secs] 113841K->27265K(502464K), 0,0832355 secs] [Times: user=0,21 sys=0,00, real=0,08 secs] 
Heap after GC invocations=21 (full 2):
 par new generation   total 109248K, used 1903K [0x00000000e0000000, 0x00000000e8000000, 0x00000000e8000000)
  eden space 87424K,   0% used [0x00000000e0000000, 0x00000000e0000000, 0x00000000e5560000)
  from space 21824K,   8% used [0x00000000e6ab0000, 0x00000000e6c8bce8, 0x00000000e8000000)
  to   space 21824K,   0% used [0x00000000e5560000, 0x00000000e5560000, 0x00000000e6ab0000)
 concurrent mark-sweep generation total 393216K, used 25362K [0x00000000e8000000, 0x0000000100000000, 0x0000000100000000)
 Metaspace       used 36856K, capacity 37242K, committed 37540K, reserved 1083392K
  class space    used 3917K, capacity 4053K, committed 4120K, reserved 1048576K
}
2015-12-10T16:19:43.606-0500: 22699,469: Total time for which application threads were stopped: 0,0834238 seconds, Stopping threads took: 0,0000232 seconds
2015-12-10T16:19:43.713-0500: 22699,576: Total time for which application threads were stopped: 0,0001013 seconds, Stopping threads took: 0,0000307 seconds
2015-12-10T16:19:43.713-0500: 22699,576: Total time for which application threads were stopped: 0,0000539 seconds, Stopping threads took: 0,0000104 seconds
2015-12-10T16:19:43.713-0500: 22699,577: Total time for which application threads were stopped: 0,0000471 seconds, Stopping threads took: 0,0000132 seconds
2015-12-10T16:19:44.714-0500: 22700,577: Total time for which application threads were stopped: 0,0000800 seconds, Stopping threads took: 0,0000164 seconds
2015-12-10T16:19:45.714-0500: 22701,577: Total time for which application threads were stopped: 0,0000773 seconds, Stopping threads took: 0,0000162 seconds
2015-12-10T16:19:46.714-0500: 22702,577: Total time for which application threads were stopped: 0,0000812 seconds, Stopping threads took: 0,0000180 seconds
2015-12-10T16:19:48.714-0500: 22704,577: Total time for which application threads were stopped: 0,0000813 seconds, Stopping threads took: 0,0000183 seconds
2015-12-10T16:19:49.714-0500: 22705,578: Total time for which application threads were stopped: 0,0001136 seconds, Stopping threads took: 0,0000279 seconds
2015-12-10T16:19:50.715-0500: 22706,578: Total time for which application threads were stopped: 0,0000913 seconds, Stopping threads took: 0,0000173 seconds
2015-12-10T16:19:51.715-0500: 22707,578: Total time for which application threads were stopped: 0,0001962 seconds, Stopping threads took: 0,0001279 seconds
2015-12-10T16:19:52.715-0500: 22708,578: Total time for which application threads were stopped: 0,0001384 seconds, Stopping threads took: 0,0000292 seconds
2015-12-10T16:19:53.715-0500: 22709,578: Total time for which application threads were stopped: 0,0000764 seconds, Stopping threads took: 0,0000169 seconds
2015-12-10T16:19:54.075-0500: 22709,938: Total time for which application threads were stopped: 0,0000932 seconds, Stopping threads took: 0,0000301 seconds
2015-12-10T16:19:57.075-0500: 22712,939: Total time for which application threads were stopped: 0,0000960 seconds, Stopping threads took: 0,0000222 seconds
2015-12-10T16:19:58.076-0500: 22713,939: Total time for which application threads were stopped: 0,0000836 seconds, Stopping threads took: 0,0000180 seconds
2015-12-10T16:19:59.076-0500: 22714,939: Total time for which application threads were stopped: 0,0001069 seconds, Stopping threads took: 0,0000249 seconds
{Heap before GC invocations=21 (full 2):
 par new generation   total 109248K, used 89327K [0x00000000e0000000, 0x00000000e8000000, 0x00000000e8000000)
  eden space 87424K, 100% used [0x00000000e0000000, 0x00000000e5560000, 0x00000000e5560000)
  from space 21824K,   8% used [0x00000000e6ab0000, 0x00000000e6c8bce8, 0x00000000e8000000)
  to   space 21824K,   0% used [0x00000000e5560000, 0x00000000e5560000, 0x00000000e6ab0000)
 concurrent mark-sweep generation total 393216K, used 25362K [0x00000000e8000000, 0x0000000100000000, 0x0000000100000000)
 Metaspace       used 37109K, capacity 37498K, committed 37796K, reserved 1083392K
  class space    used 3918K, capacity 4053K, committed 4120K, reserved 1048576K
2015-12-10T16:19:59.667-0500: 22715,530: [GC (Allocation Failure) 2015-12-10T16:19:59.667-0500: 22715,530: [ParNew
Desired survivor size 20112992 bytes, new threshold 8 (max 8)
- age   1:    1041224 bytes,    1041224 total
- age   2:     182872 bytes,    1224096 total
- age   3:     193688 bytes,    1417784 total
- age   4:      80328 bytes,    1498112 total
- age   5:      50560 bytes,    1548672 total
- age   6:      64088 bytes,    1612760 total
- age   7:      18216 bytes,    1630976 total
- age   8:      59408 bytes,    1690384 total
: 89327K->1905K(109248K), 0,0035917 secs] 114689K->27317K(502464K), 0,0036504 secs] [Times: user=0,01 sys=0,00, real=0,00 secs] 
Heap after GC invocations=22 (full 2):
 par new generation   total 109248K, used 1905K [0x00000000e0000000, 0x00000000e8000000, 0x00000000e8000000)
  eden space 87424K,   0% used [0x00000000e0000000, 0x00000000e0000000, 0x00000000e5560000)
  from space 21824K,   8% used [0x00000000e5560000, 0x00000000e573c6d0, 0x00000000e6ab0000)
  to   space 21824K,   0% used [0x00000000e6ab0000, 0x00000000e6ab0000, 0x00000000e8000000)
 concurrent mark-sweep generation total 393216K, used 25411K [0x00000000e8000000, 0x0000000100000000, 0x0000000100000000)
 Metaspace       used 37109K, capacity 37498K, committed 37796K, reserved 1083392K
  class space    used 3918K, capacity 4053K, committed 4120K, reserved 1048576K
}
2015-12-10T16:19:59.671-0500: 22715,534: Total time for which application threads were stopped: 0,0038010 seconds, Stopping threads took: 0,0000275 seconds
2015-12-10T16:19:59.709-0500: 22715,572: Total time for which application threads were stopped: 0,0000922 seconds, Stopping threads took: 0,0000270 seconds
2015-12-10T16:20:00.709-0500: 22716,572: Total time for which application threads were stopped: 0,0000889 seconds, Stopping threads took: 0,0000187 seconds
2015-12-10T16:20:03.709-0500: 22719,572: Total time for which application threads were stopped: 0,0001103 seconds, Stopping threads took: 0,0000188 seconds
2015-12-10T16:22:12.117-0500: 22847,981: Total time for which application threads were stopped: 0,0001954 seconds, Stopping threads took: 0,0000800 seconds
2015-12-10T16:22:12.749-0500: 22848,613: Total time for which application threads were stopped: 0,0001359 seconds, Stopping threads took: 0,0000468 seconds
2015-12-10T16:22:12.750-0500: 22848,613: Total time for which application threads were stopped: 0,0000714 seconds, Stopping threads took: 0,0000150 seconds
2015-12-10T16:22:12.751-0500: 22848,614: Total time for which application threads were stopped: 0,0000481 seconds, Stopping threads took: 0,0000083 seconds
2015-12-10T16:22:13.751-0500: 22849,614: Total time for which application threads were stopped: 0,0003012 seconds, Stopping threads took: 0,0000918 seconds
2015-12-10T16:22:53.759-0500: 22889,622: Total time for which application threads were stopped: 0,0001303 seconds, Stopping threads took: 0,0000447 seconds
2015-12-10T16:22:57.759-0500: 22893,622: Total time for which application threads were stopped: 0,0001071 seconds, Stopping threads took: 0,0000223 seconds
2015-12-10T16:22:58.759-0500: 22894,623: Total time for which application threads were stopped: 0,0000770 seconds, Stopping threads took: 0,0000205 seconds
{Heap before GC invocations=22 (full 2):
 par new generation   total 109248K, used 89329K [0x00000000e0000000, 0x00000000e8000000, 0x00000000e8000000)
  eden space 87424K, 100% used [0x00000000e0000000, 0x00000000e5560000, 0x00000000e5560000)
  from space 21824K,   8% used [0x00000000e5560000, 0x00000000e573c6d0, 0x00000000e6ab0000)
  to   space 21824K,   0% used [0x00000000e6ab0000, 0x00000000e6ab0000, 0x00000000e8000000)
 concurrent mark-sweep generation total 393216K, used 25411K [0x00000000e8000000, 0x0000000100000000, 0x0000000100000000)
 Metaspace       used 37142K, capacity 37562K, committed 38052K, reserved 1083392K
  class space    used 3918K, capacity 4053K, committed 4120K, reserved 1048576K
2015-12-10T16:22:59.619-0500: 22895,482: [GC (Allocation Failure) 2015-12-10T16:22:59.619-0500: 22895,482: [ParNew
Desired survivor size 20112992 bytes, new threshold 8 (max 8)
- age   1:    1201272 bytes,    1201272 total
- age   2:      44248 bytes,    1245520 total
- age   3:     172816 bytes,    1418336 total
- age   4:     193688 bytes,    1612024 total
- age   5:      80328 bytes,    1692352 total
- age   6:      50560 bytes,    1742912 total
- age   7:      64088 bytes,    1807000 total
- age   8:      18216 bytes,    1825216 total
: 89329K->2308K(109248K), 0,0056272 secs] 114741K->27780K(502464K), 0,0056951 secs] [Times: user=0,01 sys=0,00, real=0,00 secs] 
Heap after GC invocations=23 (full 2):
 par new generation   total 109248K, used 2308K [0x00000000e0000000, 0x00000000e8000000, 0x00000000e8000000)
  eden space 87424K,   0% used [0x00000000e0000000, 0x00000000e0000000, 0x00000000e5560000)
  from space 21824K,  10% used [0x00000000e6ab0000, 0x00000000e6cf13c0, 0x00000000e8000000)
  to   space 21824K,   0% used [0x00000000e5560000, 0x00000000e5560000, 0x00000000e6ab0000)
 concurrent mark-sweep generation total 393216K, used 25471K [0x00000000e8000000, 0x0000000100000000, 0x0000000100000000)
 Metaspace       used 37142K, capacity 37562K, committed 38052K, reserved 1083392K
  class space    used 3918K, capacity 4053K, committed 4120K, reserved 1048576K
}
2015-12-10T16:22:59.625-0500: 22895,488: Total time for which application threads were stopped: 0,0058520 seconds, Stopping threads took: 0,0000208 seconds
2015-12-10T16:25:27.638-0500: 23043,501: Total time for which application threads were stopped: 0,0000865 seconds, Stopping threads took: 0,0000307 seconds
2015-12-10T16:29:11.907-0500: 23267,770: Total time for which application threads were stopped: 0,0001114 seconds, Stopping threads took: 0,0000351 seconds
2015-12-10T16:29:14.907-0500: 23270,770: Total time for which application threads were stopped: 0,0000928 seconds, Stopping threads took: 0,0000223 seconds
2015-12-10T16:33:10.928-0500: 23506,791: Total time for which application threads were stopped: 0,0001528 seconds, Stopping threads took: 0,0000465 seconds
2015-12-10T16:33:14.928-0500: 23510,792: Total time for which application threads were stopped: 0,0000823 seconds, Stopping threads took: 0,0000211 seconds
2015-12-10T16:50:52.022-0500: 24567,885: Total time for which application threads were stopped: 0,0003902 seconds, Stopping threads took: 0,0001461 seconds
2015-12-10T16:50:55.022-0500: 24570,886: Total time for which application threads were stopped: 0,0000840 seconds, Stopping threads took: 0,0000276 seconds
2015-12-10T16:50:56.023-0500: 24571,886: Total time for which application threads were stopped: 0,0004486 seconds, Stopping threads took: 0,0001376 seconds
2015-12-10T16:50:59.023-0500: 24574,886: Total time for which application threads were stopped: 0,0000807 seconds, Stopping threads took: 0,0000222 seconds
2015-12-10T18:20:16.432-0500: 29521,455: Total time for which application threads were stopped: 0,2495372 seconds, Stopping threads took: 0,0955940 seconds
2015-12-10T18:20:16.571-0500: 29521,590: Total time for which application threads were stopped: 0,0208828 seconds, Stopping threads took: 0,0208051 seconds
2015-12-10T18:20:16.649-0500: 29521,667: Total time for which application threads were stopped: 0,0194848 seconds, Stopping threads took: 0,0194013 seconds
2015-12-10T18:20:17.005-0500: 29522,024: Total time for which application threads were stopped: 0,0945530 seconds, Stopping threads took: 0,0944549 seconds
2015-12-10T18:20:17.030-0500: 29522,048: Total time for which application threads were stopped: 0,0240499 seconds, Stopping threads took: 0,0240182 seconds
2015-12-10T18:20:18.031-0500: 29523,049: Total time for which application threads were stopped: 0,0012840 seconds, Stopping threads took: 0,0008484 seconds
2015-12-10T18:20:19.787-0500: 29524,805: Total time for which application threads were stopped: 0,9895253 seconds, Stopping threads took: 0,0000198 seconds
2015-12-10T18:20:20.793-0500: 29525,811: Total time for which application threads were stopped: 0,0059326 seconds, Stopping threads took: 0,0058467 seconds
2015-12-10T18:20:20.971-0500: 29525,989: Total time for which application threads were stopped: 0,0145931 seconds, Stopping threads took: 0,0145135 seconds
2015-12-10T18:20:21.981-0500: 29527,000: Total time for which application threads were stopped: 0,0103073 seconds, Stopping threads took: 0,0101852 seconds
2015-12-10T18:20:23.130-0500: 29528,149: Total time for which application threads were stopped: 0,0003840 seconds, Stopping threads took: 0,0002344 seconds
2015-12-10T18:20:23.286-0500: 29528,304: Total time for which application threads were stopped: 0,0001872 sec