Java HotSpot(TM) 64-Bit Server VM (25.66-b17) for linux-amd64 JRE (1.8.0_66-b17), built on Oct  6 2015 17:28:34 by "java_re" with gcc 4.3.0 20080428 (Red Hat 4.3.0-8)
Memory: 4k page, physical 8074228k(577144k free), swap 8285180k(8280628k free)
CommandLine flags: -XX:CMSInitiatingOccupancyFraction=50 -XX:CMSMaxAbortablePrecleanTime=6000 -XX:+CMSParallelRemarkEnabled -XX:+CMSScavengeBeforeRemark -XX:ConcGCThreads=4 -XX:InitialHeapSize=536870912 -XX:MaxHeapSize=536870912 -XX:MaxTenuringThreshold=8 -XX:NewRatio=3 -XX:OldPLABSize=16 -XX:ParallelGCThreads=4 -XX:+ParallelRefProcEnabled -XX:PretenureSizeThreshold=67108864 -XX:+PrintGC -XX:+PrintGCApplicationStoppedTime -XX:+PrintGCDateStamps -XX:+PrintGCDetails -XX:+PrintGCTimeStamps -XX:+PrintHeapAtGC -XX:+PrintTenuringDistribution -XX:SurvivorRatio=4 -XX:TargetSurvivorRatio=90 -XX:ThreadStackSize=256 -XX:+UseCMSInitiatingOccupancyOnly -XX:+UseCompressedClassPointers -XX:+UseCompressedOops -XX:+UseConcMarkSweepGC -XX:+UseParNewGC 
2015-12-17T15:06:57.828-0500: 0,082: Total time for which application threads were stopped: 0,0000652 seconds, Stopping threads took: 0,0000138 seconds
2015-12-17T15:06:58.066-0500: 0,320: Total time for which application threads were stopped: 0,0001173 seconds, Stopping threads took: 0,0000192 seconds
2015-12-17T15:06:58.217-0500: 0,471: Total time for which application threads were stopped: 0,0001430 seconds, Stopping threads took: 0,0000270 seconds
2015-12-17T15:06:58.321-0500: 0,575: Total time for which application threads were stopped: 0,0001198 seconds, Stopping threads took: 0,0000286 seconds
2015-12-17T15:06:58.386-0500: 0,640: Total time for which application threads were stopped: 0,0001424 seconds, Stopping threads took: 0,0000374 seconds
2015-12-17T15:06:58.396-0500: 0,650: Total time for which application threads were stopped: 0,0005187 seconds, Stopping threads took: 0,0000506 seconds
2015-12-17T15:06:58.404-0500: 0,658: Total time for which application threads were stopped: 0,0001506 seconds, Stopping threads took: 0,0000348 seconds
{Heap before GC invocations=0 (full 0):
 par new generation   total 109248K, used 87424K [0x00000000e0000000, 0x00000000e8000000, 0x00000000e8000000)
  eden space 87424K, 100% used [0x00000000e0000000, 0x00000000e5560000, 0x00000000e5560000)
  from space 21824K,   0% used [0x00000000e5560000, 0x00000000e5560000, 0x00000000e6ab0000)
  to   space 21824K,   0% used [0x00000000e6ab0000, 0x00000000e6ab0000, 0x00000000e8000000)
 concurrent mark-sweep generation total 393216K, used 0K [0x00000000e8000000, 0x0000000100000000, 0x0000000100000000)
 Metaspace       used 10038K, capacity 10248K, committed 10496K, reserved 1058816K
  class space    used 1149K, capacity 1180K, committed 1280K, reserved 1048576K
2015-12-17T15:06:58.662-0500: 0,916: [GC (Allocation Failure) 2015-12-17T15:06:58.662-0500: 0,916: [ParNew
Desired survivor size 20112992 bytes, new threshold 8 (max 8)
- age   1:    5688000 bytes,    5688000 total
: 87424K->5612K(109248K), 0,0140889 secs] 87424K->5612K(502464K), 0,0141628 secs] [Times: user=0,02 sys=0,04, real=0,01 secs] 
Heap after GC invocations=1 (full 0):
 par new generation   total 109248K, used 5612K [0x00000000e0000000, 0x00000000e8000000, 0x00000000e8000000)
  eden space 87424K,   0% used [0x00000000e0000000, 0x00000000e0000000, 0x00000000e5560000)
  from space 21824K,  25% used [0x00000000e6ab0000, 0x00000000e702b128, 0x00000000e8000000)
  to   space 21824K,   0% used [0x00000000e5560000, 0x00000000e5560000, 0x00000000e6ab0000)
 concurrent mark-sweep generation total 393216K, used 0K [0x00000000e8000000, 0x0000000100000000, 0x0000000100000000)
 Metaspace       used 10038K, capacity 10248K, committed 10496K, reserved 1058816K
  class space    used 1149K, capacity 1180K, committed 1280K, reserved 1048576K
}
2015-12-17T15:06:58.676-0500: 0,930: Total time for which application threads were stopped: 0,0143104 seconds, Stopping threads took: 0,0000193 seconds
2015-12-17T15:06:58.719-0500: 0,973: Total time for which application threads were stopped: 0,0001362 seconds, Stopping threads took: 0,0000135 seconds
2015-12-17T15:06:59.528-0500: 1,782: Total time for which application threads were stopped: 0,0004988 seconds, Stopping threads took: 0,0000344 seconds
2015-12-17T15:06:59.536-0500: 1,790: Total time for which application threads were stopped: 0,0001733 seconds, Stopping threads took: 0,0000138 seconds
2015-12-17T15:06:59.552-0500: 1,806: Total time for which application threads were stopped: 0,0001637 seconds, Stopping threads took: 0,0000220 seconds
2015-12-17T15:06:59.758-0500: 2,012: Total time for which application threads were stopped: 0,0002127 seconds, Stopping threads took: 0,0000270 seconds
2015-12-17T15:06:59.936-0500: 2,190: Total time for which application threads were stopped: 0,0003511 seconds, Stopping threads took: 0,0001431 seconds
{Heap before GC invocations=1 (full 0):
 par new generation   total 109248K, used 93036K [0x00000000e0000000, 0x00000000e8000000, 0x00000000e8000000)
  eden space 87424K, 100% used [0x00000000e0000000, 0x00000000e5560000, 0x00000000e5560000)
  from space 21824K,  25% used [0x00000000e6ab0000, 0x00000000e702b128, 0x00000000e8000000)
  to   space 21824K,   0% used [0x00000000e5560000, 0x00000000e5560000, 0x00000000e6ab0000)
 concurrent mark-sweep generation total 393216K, used 0K [0x00000000e8000000, 0x0000000100000000, 0x0000000100000000)
 Metaspace       used 19454K, capacity 19864K, committed 20096K, reserved 1067008K
  class space    used 2282K, capacity 2422K, committed 2432K, reserved 1048576K
2015-12-17T15:07:00.046-0500: 2,300: [GC (Allocation Failure) 2015-12-17T15:07:00.046-0500: 2,300: [ParNew
Desired survivor size 20112992 bytes, new threshold 8 (max 8)
- age   1:   10678816 bytes,   10678816 total
- age   2:    2485120 bytes,   13163936 total
: 93036K->14837K(109248K), 0,0128826 secs] 93036K->14837K(502464K), 0,0130533 secs] [Times: user=0,03 sys=0,00, real=0,01 secs] 
Heap after GC invocations=2 (full 0):
 par new generation   total 109248K, used 14837K [0x00000000e0000000, 0x00000000e8000000, 0x00000000e8000000)
  eden space 87424K,   0% used [0x00000000e0000000, 0x00000000e0000000, 0x00000000e5560000)
  from space 21824K,  67% used [0x00000000e5560000, 0x00000000e63dd500, 0x00000000e6ab0000)
  to   space 21824K,   0% used [0x00000000e6ab0000, 0x00000000e6ab0000, 0x00000000e8000000)
 concurrent mark-sweep generation total 393216K, used 0K [0x00000000e8000000, 0x0000000100000000, 0x0000000100000000)
 Metaspace       used 19454K, capacity 19864K, committed 20096K, reserved 1067008K
  class space    used 2282K, capacity 2422K, committed 2432K, reserved 1048576K
}
2015-12-17T15:07:00.059-0500: 2,313: Total time for which application threads were stopped: 0,0133746 seconds, Stopping threads took: 0,0000396 seconds
2015-12-17T15:07:00.144-0500: 2,398: Total time for which application threads were stopped: 0,0038041 seconds, Stopping threads took: 0,0035553 seconds
2015-12-17T15:07:00.176-0500: 2,430: Total time for which application threads were stopped: 0,0004269 seconds, Stopping threads took: 0,0000548 seconds
2015-12-17T15:07:00.214-0500: 2,468: Total time for which application threads were stopped: 0,0049823 seconds, Stopping threads took: 0,0046995 seconds
{Heap before GC invocations=2 (full 0):
 par new generation   total 109248K, used 102251K [0x00000000e0000000, 0x00000000e8000000, 0x00000000e8000000)
  eden space 87424K,  99% used [0x00000000e0000000, 0x00000000e555d970, 0x00000000e5560000)
  from space 21824K,  67% used [0x00000000e5560000, 0x00000000e63dd500, 0x00000000e6ab0000)
  to   space 21824K,   0% used [0x00000000e6ab0000, 0x00000000e6ab0000, 0x00000000e8000000)
 concurrent mark-sweep generation total 393216K, used 0K [0x00000000e8000000, 0x0000000100000000, 0x0000000100000000)
 Metaspace       used 20230K, capacity 20568K, committed 20736K, reserved 1067008K
  class space    used 2354K, capacity 2486K, committed 2560K, reserved 1048576K
2015-12-17T15:07:00.242-0500: 2,496: [GC (Allocation Failure) 2015-12-17T15:07:00.242-0500: 2,496: [ParNew
Desired survivor size 20112992 bytes, new threshold 8 (max 8)
- age   1:    1162160 bytes,    1162160 total
- age   2:    4921552 bytes,    6083712 total
- age   3:    2481864 bytes,    8565576 total
: 102251K->13211K(109248K), 0,0058498 secs] 102251K->13211K(502464K), 0,0059222 secs] [Times: user=0,02 sys=0,00, real=0,01 secs] 
Heap after GC invocations=3 (full 0):
 par new generation   total 109248K, used 13211K [0x00000000e0000000, 0x00000000e8000000, 0x00000000e8000000)
  eden space 87424K,   0% used [0x00000000e0000000, 0x00000000e0000000, 0x00000000e5560000)
  from space 21824K,  60% used [0x00000000e6ab0000, 0x00000000e7796c60, 0x00000000e8000000)
  to   space 21824K,   0% used [0x00000000e5560000, 0x00000000e5560000, 0x00000000e6ab0000)
 concurrent mark-sweep generation total 393216K, used 0K [0x00000000e8000000, 0x0000000100000000, 0x0000000100000000)
 Metaspace       used 20230K, capacity 20568K, committed 20736K, reserved 1067008K
  class space    used 2354K, capacity 2486K, committed 2560K, reserved 1048576K
}
2015-12-17T15:07:00.248-0500: 2,502: Total time for which application threads were stopped: 0,0106309 seconds, Stopping threads took: 0,0045866 seconds
{Heap before GC invocations=3 (full 0):
 par new generation   total 109248K, used 100635K [0x00000000e0000000, 0x00000000e8000000, 0x00000000e8000000)
  eden space 87424K, 100% used [0x00000000e0000000, 0x00000000e5560000, 0x00000000e5560000)
  from space 21824K,  60% used [0x00000000e6ab0000, 0x00000000e7796c60, 0x00000000e8000000)
  to   space 21824K,   0% used [0x00000000e5560000, 0x00000000e5560000, 0x00000000e6ab0000)
 concurrent mark-sweep generation total 393216K, used 0K [0x00000000e8000000, 0x0000000100000000, 0x0000000100000000)
 Metaspace       used 20685K, capacity 21028K, committed 21248K, reserved 1069056K
  class space    used 2411K, capacity 2552K, committed 2560K, reserved 1048576K
2015-12-17T15:07:00.391-0500: 2,645: [GC (Allocation Failure) 2015-12-17T15:07:00.391-0500: 2,645: [ParNew
Desired survivor size 20112992 bytes, new threshold 8 (max 8)
- age   1:    2744880 bytes,    2744880 total
- age   2:     334752 bytes,    3079632 total
- age   3:    4919096 bytes,    7998728 total
- age   4:    2481864 bytes,   10480592 total
: 100635K->11833K(109248K), 0,0067455 secs] 100635K->11833K(502464K), 0,0068163 secs] [Times: user=0,03 sys=0,00, real=0,00 secs] 
Heap after GC invocations=4 (full 0):
 par new generation   total 109248K, used 11833K [0x00000000e0000000, 0x00000000e8000000, 0x00000000e8000000)
  eden space 87424K,   0% used [0x00000000e0000000, 0x00000000e0000000, 0x00000000e5560000)
  from space 21824K,  54% used [0x00000000e5560000, 0x00000000e60ee610, 0x00000000e6ab0000)
  to   space 21824K,   0% used [0x00000000e6ab0000, 0x00000000e6ab0000, 0x00000000e8000000)
 concurrent mark-sweep generation total 393216K, used 0K [0x00000000e8000000, 0x0000000100000000, 0x0000000100000000)
 Metaspace       used 20685K, capacity 21028K, committed 21248K, reserved 1069056K
  class space    used 2411K, capacity 2552K, committed 2560K, reserved 1048576K
}
2015-12-17T15:07:00.397-0500: 2,651: Total time for which application threads were stopped: 0,0070648 seconds, Stopping threads took: 0,0000792 seconds
2015-12-17T15:07:00.464-0500: 2,718: Total time for which application threads were stopped: 0,0001439 seconds, Stopping threads took: 0,0000512 seconds
{Heap before GC invocations=4 (full 0):
 par new generation   total 109248K, used 99249K [0x00000000e0000000, 0x00000000e8000000, 0x00000000e8000000)
  eden space 87424K,  99% used [0x00000000e0000000, 0x00000000e555e088, 0x00000000e5560000)
  from space 21824K,  54% used [0x00000000e5560000, 0x00000000e60ee610, 0x00000000e6ab0000)
  to   space 21824K,   0% used [0x00000000e6ab0000, 0x00000000e6ab0000, 0x00000000e8000000)
 concurrent mark-sweep generation total 393216K, used 0K [0x00000000e8000000, 0x0000000100000000, 0x0000000100000000)
 Metaspace       used 20918K, capacity 21314K, committed 21552K, reserved 1069056K
  class space    used 2441K, capacity 2557K, committed 2560K, reserved 1048576K
2015-12-17T15:07:00.469-0500: 2,723: [GC (Allocation Failure) 2015-12-17T15:07:00.469-0500: 2,723: [ParNew
Desired survivor size 20112992 bytes, new threshold 8 (max 8)
- age   1:     587640 bytes,     587640 total
- age   2:    2366064 bytes,    2953704 total
- age   3:     334720 bytes,    3288424 total
- age   4:    4918952 bytes,    8207376 total
- age   5:    2481864 bytes,   10689240 total
: 99249K->15504K(109248K), 0,0064352 secs] 99249K->15504K(502464K), 0,0065086 secs] [Times: user=0,02 sys=0,00, real=0,00 secs] 
Heap after GC invocations=5 (full 0):
 par new generation   total 109248K, used 15504K [0x00000000e0000000, 0x00000000e8000000, 0x00000000e8000000)
  eden space 87424K,   0% used [0x00000000e0000000, 0x00000000e0000000, 0x00000000e5560000)
  from space 21824K,  71% used [0x00000000e6ab0000, 0x00000000e79d4128, 0x00000000e8000000)
  to   space 21824K,   0% used [0x00000000e5560000, 0x00000000e5560000, 0x00000000e6ab0000)
 concurrent mark-sweep generation total 393216K, used 0K [0x00000000e8000000, 0x0000000100000000, 0x0000000100000000)
 Metaspace       used 20918K, capacity 21314K, committed 21552K, reserved 1069056K
  class space    used 2441K, capacity 2557K, committed 2560K, reserved 1048576K
}
2015-12-17T15:07:00.476-0500: 2,730: Total time for which application threads were stopped: 0,0067470 seconds, Stopping threads took: 0,0001084 seconds
2015-12-17T15:07:00.482-0500: 2,736: [GC (CMS Initial Mark) [1 CMS-initial-mark: 0K(393216K)] 16651K(502464K), 0,0020852 secs] [Times: user=0,00 sys=0,00, real=0,00 secs] 
2015-12-17T15:07:00.484-0500: 2,738: Total time for which application threads were stopped: 0,0081872 seconds, Stopping threads took: 0,0060211 seconds
2015-12-17T15:07:00.484-0500: 2,738: [CMS-concurrent-mark-start]
2015-12-17T15:07:00.484-0500: 2,738: [CMS-concurrent-mark: 0,000/0,000 secs] [Times: user=0,00 sys=0,00, real=0,00 secs] 
2015-12-17T15:07:00.484-0500: 2,738: [CMS-concurrent-preclean-start]
2015-12-17T15:07:00.485-0500: 2,739: [CMS-concurrent-preclean: 0,001/0,001 secs] [Times: user=0,01 sys=0,00, real=0,00 secs] 
2015-12-17T15:07:00.485-0500: 2,739: [CMS-concurrent-abortable-preclean-start]
2015-12-17T15:07:00.509-0500: 2,763: Total time for which application threads were stopped: 0,0001086 seconds, Stopping threads took: 0,0000379 seconds
2015-12-17T15:07:00.567-0500: 2,821: Total time for which application threads were stopped: 0,0017969 seconds, Stopping threads took: 0,0017222 seconds
{Heap before GC invocations=5 (full 1):
 par new generation   total 109248K, used 102928K [0x00000000e0000000, 0x00000000e8000000, 0x00000000e8000000)
  eden space 87424K, 100% used [0x00000000e0000000, 0x00000000e5560000, 0x00000000e5560000)
  from space 21824K,  71% used [0x00000000e6ab0000, 0x00000000e79d4128, 0x00000000e8000000)
  to   space 21824K,   0% used [0x00000000e5560000, 0x00000000e5560000, 0x00000000e6ab0000)
 concurrent mark-sweep generation total 393216K, used 0K [0x00000000e8000000, 0x0000000100000000, 0x0000000100000000)
 Metaspace       used 21573K, capacity 22018K, committed 22216K, reserved 1069056K
  class space    used 2531K, capacity 2685K, committed 2712K, reserved 1048576K
2015-12-17T15:07:00.571-0500: 2,825: [GC (Allocation Failure) 2015-12-17T15:07:00.571-0500: 2,825: [ParNew
Desired survivor size 20112992 bytes, new threshold 8 (max 8)
- age   1:    1099128 bytes,    1099128 total
- age   2:     128432 bytes,    1227560 total
- age   3:    2365784 bytes,    3593344 total
- age   4:     332880 bytes,    3926224 total
- age   5:    4915672 bytes,    8841896 total
- age   6:    2481864 bytes,   11323760 total
: 102928K->13791K(109248K), 0,0075899 secs] 102928K->13791K(502464K), 0,0076543 secs] [Times: user=0,03 sys=0,00, real=0,00 secs] 
Heap after GC invocations=6 (full 1):
 par new generation   total 109248K, used 13791K [0x00000000e0000000, 0x00000000e8000000, 0x00000000e8000000)
  eden space 87424K,   0% used [0x00000000e0000000, 0x00000000e0000000, 0x00000000e5560000)
  from space 21824K,  63% used [0x00000000e5560000, 0x00000000e62d7c60, 0x00000000e6ab0000)
  to   space 21824K,   0% used [0x00000000e6ab0000, 0x00000000e6ab0000, 0x00000000e8000000)
 concurrent mark-sweep generation total 393216K, used 0K [0x00000000e8000000, 0x0000000100000000, 0x0000000100000000)
 Metaspace       used 21573K, capacity 22018K, committed 22216K, reserved 1069056K
  class space    used 2531K, capacity 2685K, committed 2712K, reserved 1048576K
}
2015-12-17T15:07:00.578-0500: 2,832: Total time for which application threads were stopped: 0,0078449 seconds, Stopping threads took: 0,0000771 seconds
{Heap before GC invocations=6 (full 1):
 par new generation   total 109248K, used 101215K [0x00000000e0000000, 0x00000000e8000000, 0x00000000e8000000)
  eden space 87424K, 100% used [0x00000000e0000000, 0x00000000e5560000, 0x00000000e5560000)
  from space 21824K,  63% used [0x00000000e5560000, 0x00000000e62d7c60, 0x00000000e6ab0000)
  to   space 21824K,   0% used [0x00000000e6ab0000, 0x00000000e6ab0000, 0x00000000e8000000)
 concurrent mark-sweep generation total 393216K, used 0K [0x00000000e8000000, 0x0000000100000000, 0x0000000100000000)
 Metaspace       used 21676K, capacity 22088K, committed 22216K, reserved 1069056K
  class space    used 2544K, capacity 2686K, committed 2712K, reserved 1048576K
2015-12-17T15:07:00.625-0500: 2,879: [GC (Allocation Failure) 2015-12-17T15:07:00.625-0500: 2,879: [ParNew
Desired survivor size 20112992 bytes, new threshold 8 (max 8)
- age   1:     987736 bytes,     987736 total
- age   2:     137144 bytes,    1124880 total
- age   3:     127360 bytes,    1252240 total
- age   4:    2365768 bytes,    3618008 total
- age   5:     332848 bytes,    3950856 total
- age   6:    4915480 bytes,    8866336 total
- age   7:    2481864 bytes,   11348200 total
: 101215K->17195K(109248K), 0,0077026 secs] 101215K->17195K(502464K), 0,0077891 secs] [Times: user=0,03 sys=0,00, real=0,01 secs] 
Heap after GC invocations=7 (full 1):
 par new generation   total 109248K, used 17195K [0x00000000e0000000, 0x00000000e8000000, 0x00000000e8000000)
  eden space 87424K,   0% used [0x00000000e0000000, 0x00000000e0000000, 0x00000000e5560000)
  from space 21824K,  78% used [0x00000000e6ab0000, 0x00000000e7b7aee0, 0x00000000e8000000)
  to   space 21824K,   0% used [0x00000000e5560000, 0x00000000e5560000, 0x00000000e6ab0000)
 concurrent mark-sweep generation total 393216K, used 0K [0x00000000e8000000, 0x0000000100000000, 0x0000000100000000)
 Metaspace       used 21676K, capacity 22088K, committed 22216K, reserved 1069056K
  class space    used 2544K, capacity 2686K, committed 2712K, reserved 1048576K
}
2015-12-17T15:07:00.633-0500: 2,887: Total time for which application threads were stopped: 0,0079688 seconds, Stopping threads took: 0,0000580 seconds
2015-12-17T15:07:00.633-0500: 2,887: [CMS-concurrent-abortable-preclean: 0,060/0,147 secs] [Times: user=0,48 sys=0,00, real=0,15 secs] 
2015-12-17T15:07:00.633-0500: 2,887: [GC (CMS Final Remark) [YG occupancy: 17741 K (109248 K)]{Heap before GC invocations=7 (full 1):
 par new generation   total 109248K, used 17741K [0x00000000e0000000, 0x00000000e8000000, 0x00000000e8000000)
  eden space 87424K,   0% used [0x00000000e0000000, 0x00000000e00886d8, 0x00000000e5560000)
  from space 21824K,  78% used [0x00000000e6ab0000, 0x00000000e7b7aee0, 0x00000000e8000000)
  to   space 21824K,   0% used [0x00000000e5560000, 0x00000000e5560000, 0x00000000e6ab0000)
 concurrent mark-sweep generation total 393216K, used 0K [0x00000000e8000000, 0x0000000100000000, 0x0000000100000000)
 Metaspace       used 21676K, capacity 22088K, committed 22216K, reserved 1069056K
  class space    used 2544K, capacity 2686K, committed 2712K, reserved 1048576K
2015-12-17T15:07:00.633-0500: 2,887: [GC (CMS Final Remark) 2015-12-17T15:07:00.633-0500: 2,887: [ParNew
Desired survivor size 20112992 bytes, new threshold 8 (max 8)
- age   1:     105904 bytes,     105904 total
- age   2:     938480 bytes,    1044384 total
- age   3:     137144 bytes,    1181528 total
- age   4:     127360 bytes,    1308888 total
- age   5:    2365768 bytes,    3674656 total
- age   6:     332848 bytes,    4007504 total
- age   7:    4915544 bytes,    8923048 total
- age   8:    2481864 bytes,   11404912 total
: 17741K->15681K(109248K), 0,0075901 secs] 17741K->15681K(502464K), 0,0076418 secs] [Times: user=0,02 sys=0,01, real=0,01 secs] 
Heap after GC invocations=8 (full 1):
 par new generation   total 109248K, used 15681K [0x00000000e0000000, 0x00000000e8000000, 0x00000000e8000000)
  eden space 87424K,   0% used [0x00000000e0000000, 0x00000000e0000000, 0x00000000e5560000)
  from space 21824K,  71% used [0x00000000e5560000, 0x00000000e64b0520, 0x00000000e6ab0000)
  to   space 21824K,   0% used [0x00000000e6ab0000, 0x00000000e6ab0000, 0x00000000e8000000)
 concurrent mark-sweep generation total 393216K, used 0K [0x00000000e8000000, 0x0000000100000000, 0x0000000100000000)
 Metaspace       used 21676K, capacity 22088K, committed 22216K, reserved 1069056K
  class space    used 2544K, capacity 2686K, committed 2712K, reserved 1048576K
}
2015-12-17T15:07:00.640-0500: 2,894: [Rescan (parallel) , 0,0024460 secs]2015-12-17T15:07:00.643-0500: 2,897: [weak refs processing, 0,0004537 secs]2015-12-17T15:07:00.643-0500: 2,897: [class unloading, 0,0026860 secs]2015-12-17T15:07:00.646-0500: 2,900: [scrub symbol table, 0,0015437 secs]2015-12-17T15:07:00.648-0500: 2,902: [scrub string table, 0,0003287 secs][1 CMS-remark: 0K(393216K)] 15681K(502464K), 0,0161146 secs] [Times: user=0,03 sys=0,01, real=0,02 secs] 
2015-12-17T15:07:00.649-0500: 2,903: Total time for which application threads were stopped: 0,0162322 seconds, Stopping threads took: 0,0000325 seconds
2015-12-17T15:07:00.649-0500: 2,903: [CMS-concurrent-sweep-start]
2015-12-17T15:07:00.649-0500: 2,903: [CMS-concurrent-sweep: 0,000/0,000 secs] [Times: user=0,00 sys=0,00, real=0,00 secs] 
2015-12-17T15:07:00.649-0500: 2,903: [CMS-concurrent-reset-start]
2015-12-17T15:07:00.650-0500: 2,904: [CMS-concurrent-reset: 0,001/0,001 secs] [Times: user=0,01 sys=0,00, real=0,00 secs] 
{Heap before GC invocations=8 (full 1):
 par new generation   total 109248K, used 103105K [0x00000000e0000000, 0x00000000e8000000, 0x00000000e8000000)
  eden space 87424K, 100% used [0x00000000e0000000, 0x00000000e5560000, 0x00000000e5560000)
  from space 21824K,  71% used [0x00000000e5560000, 0x00000000e64b0520, 0x00000000e6ab0000)
  to   space 21824K,   0% used [0x00000000e6ab0000, 0x00000000e6ab0000, 0x00000000e8000000)
 concurrent mark-sweep generation total 393216K, used 0K [0x00000000e8000000, 0x0000000100000000, 0x0000000100000000)
 Metaspace       used 21772K, capacity 22154K, committed 22216K, reserved 1069056K
  class space    used 2560K, capacity 2687K, committed 2712K, reserved 1048576K
2015-12-17T15:07:00.710-0500: 2,964: [GC (Allocation Failure) 2015-12-17T15:07:00.710-0500: 2,964: [ParNew
Desired survivor size 20112992 bytes, new threshold 8 (max 8)
- age   1:     702360 bytes,     702360 total
- age   3:      97592 bytes,     799952 total
- age   4:     137144 bytes,     937096 total
- age   5:     127360 bytes,    1064456 total
- age   6:    2365928 bytes,    3430384 total
- age   7:     332848 bytes,    3763232 total
- age   8:    4912440 bytes,    8675672 total
: 103105K->12337K(109248K), 0,0102043 secs] 103105K->14799K(502464K), 0,0102767 secs] [Times: user=0,04 sys=0,00, real=0,01 secs] 
Heap after GC invocations=9 (full 1):
 par new generation   total 109248K, used 12337K [0x00000000e0000000, 0x00000000e8000000, 0x00000000e8000000)
  eden space 87424K,   0% used [0x00000000e0000000, 0x00000000e0000000, 0x00000000e5560000)
  from space 21824K,  56% used [0x00000000e6ab0000, 0x00000000e76bc618, 0x00000000e8000000)
  to   space 21824K,   0% used [0x00000000e5560000, 0x00000000e5560000, 0x00000000e6ab0000)
 concurrent mark-sweep generation total 393216K, used 2461K [0x00000000e8000000, 0x0000000100000000, 0x0000000100000000)
 Metaspace       used 21772K, capacity 22154K, committed 22216K, reserved 1069056K
  class space    used 2560K, capacity 2687K, committed 2712K, reserved 1048576K
}
2015-12-17T15:07:00.721-0500: 2,975: Total time for which application threads were stopped: 0,0112548 seconds, Stopping threads took: 0,0008470 seconds
2015-12-17T15:07:00.763-0500: 3,017: Total time for which application threads were stopped: 0,0004256 seconds, Stopping threads took: 0,0000211 seconds
2015-12-17T15:07:00.933-0500: 3,187: Total time for which application threads were stopped: 0,0004405 seconds, Stopping threads took: 0,0000859 seconds
2015-12-17T15:07:00.945-0500: 3,199: Total time for which application threads were stopped: 0,0004026 seconds, Stopping threads took: 0,0000601 seconds
{Heap before GC invocations=9 (full 1):
 par new generation   total 109248K, used 99761K [0x00000000e0000000, 0x00000000e8000000, 0x00000000e8000000)
  eden space 87424K, 100% used [0x00000000e0000000, 0x00000000e5560000, 0x00000000e5560000)
  from space 21824K,  56% used [0x00000000e6ab0000, 0x00000000e76bc618, 0x00000000e8000000)
  to   space 21824K,   0% used [0x00000000e5560000, 0x00000000e5560000, 0x00000000e6ab0000)
 concurrent mark-sweep generation total 393216K, used 2461K [0x00000000e8000000, 0x0000000100000000, 0x0000000100000000)
 Metaspace       used 24626K, capacity 25052K, committed 25112K, reserved 1071104K
  class space    used 2918K, capacity 3076K, committed 3096K, reserved 1048576K
2015-12-17T15:07:01.073-0500: 3,327: [GC (Allocation Failure) 2015-12-17T15:07:01.073-0500: 3,327: [ParNew
Desired survivor size 20112992 bytes, new threshold 8 (max 8)
- age   1:    4460592 bytes,    4460592 total
- age   2:      89512 bytes,    4550104 total
- age   4:      95480 bytes,    4645584 total
- age   5:     136080 bytes,    4781664 total
- age   6:     126248 bytes,    4907912 total
- age   7:     248272 bytes,    5156184 total
- age   8:     290304 bytes,    5446488 total
: 99761K->7958K(109248K), 0,0133312 secs] 102223K->15251K(502464K), 0,0134143 secs] [Times: user=0,03 sys=0,01, real=0,01 secs] 
Heap after GC invocations=10 (full 1):
 par new generation   total 109248K, used 7958K [0x00000000e0000000, 0x00000000e8000000, 0x00000000e8000000)
  eden space 87424K,   0% used [0x00000000e0000000, 0x00000000e0000000, 0x00000000e5560000)
  from space 21824K,  36% used [0x00000000e5560000, 0x00000000e5d25b58, 0x00000000e6ab0000)
  to   space 21824K,   0% used [0x00000000e6ab0000, 0x00000000e6ab0000, 0x00000000e8000000)
 concurrent mark-sweep generation total 393216K, used 7292K [0x00000000e8000000, 0x0000000100000000, 0x0000000100000000)
 Metaspace       used 24626K, capacity 25052K, committed 25112K, reserved 1071104K
  class space    used 2918K, capacity 3076K, committed 3096K, reserved 1048576K
}
2015-12-17T15:07:01.087-0500: 3,341: Total time for which application threads were stopped: 0,0136079 seconds, Stopping threads took: 0,0000482 seconds
2015-12-17T15:07:01.203-0500: 3,457: Total time for which application threads were stopped: 0,0006507 seconds, Stopping threads took: 0,0002021 seconds
2015-12-17T15:07:01.279-0500: 3,533: Total time for which application threads were stopped: 0,0003997 seconds, Stopping threads took: 0,0000299 seconds
2015-12-17T15:07:01.792-0500: 4,046: Total time for which application threads were stopped: 0,0004281 seconds, Stopping threads took: 0,0000315 seconds
2015-12-17T15:07:04.121-0500: 6,375: Total time for which application threads were stopped: 0,0001016 seconds, Stopping threads took: 0,0000250 seconds
2015-12-17T15:07:04.145-0500: 6,399: Total time for which application threads were stopped: 0,0000782 seconds, Stopping threads took: 0,0000284 seconds
2015-12-17T15:07:04.172-0500: 6,426: Total time for which application threads were stopped: 0,0003487 seconds, Stopping threads took: 0,0000433 seconds
2015-12-17T15:07:04.178-0500: 6,432: Total time for which application threads were stopped: 0,0000737 seconds, Stopping threads took: 0,0000215 seconds
2015-12-17T15:07:04.178-0500: 6,432: Total time for which application threads were stopped: 0,0000328 seconds, Stopping threads took: 0,0000086 seconds
2015-12-17T15:07:04.178-0500: 6,432: Total time for which application threads were stopped: 0,0000243 seconds, Stopping threads took: 0,0000068 seconds
2015-12-17T15:07:04.178-0500: 6,432: Total time for which application threads were stopped: 0,0000327 seconds, Stopping threads took: 0,0000068 seconds
2015-12-17T15:07:04.181-0500: 6,435: Total time for which application threads were stopped: 0,0000811 seconds, Stopping threads took: 0,0000367 seconds
2015-12-17T15:07:04.182-0500: 6,436: Total time for which application threads were stopped: 0,0000583 seconds, Stopping threads took: 0,0000164 seconds
2015-12-17T15:07:04.182-0500: 6,436: Total time for which application threads were stopped: 0,0000632 seconds, Stopping threads took: 0,0000354 seconds
2015-12-17T15:07:04.187-0500: 6,441: Total time for which application threads were stopped: 0,0000922 seconds, Stopping threads took: 0,0000301 seconds
2015-12-17T15:07:04.187-0500: 6,441: Total time for which application threads were stopped: 0,0000426 seconds, Stopping threads took: 0,0000107 seconds
2015-12-17T15:07:04.298-0500: 6,552: Total time for which application threads were stopped: 0,0000957 seconds, Stopping threads took: 0,0000293 seconds
2015-12-17T15:07:04.299-0500: 6,553: Total time for which application threads were stopped: 0,0001141 seconds, Stopping threads took: 0,0000158 seconds
2015-12-17T15:07:04.300-0500: 6,554: Total time for which application threads were stopped: 0,0000578 seconds, Stopping threads took: 0,0000137 seconds
2015-12-17T15:07:04.305-0500: 6,559: Total time for which application threads were stopped: 0,0000774 seconds, Stopping threads took: 0,0000168 seconds
2015-12-17T15:07:04.312-0500: 6,566: Total time for which application threads were stopped: 0,0005586 seconds, Stopping threads took: 0,0002507 seconds
2015-12-17T15:07:04.313-0500: 6,567: Total time for which application threads were stopped: 0,0000588 seconds, Stopping threads took: 0,0000224 seconds
2015-12-17T15:07:04.314-0500: 6,568: Total time for which application threads were stopped: 0,0000860 seconds, Stopping threads took: 0,0000357 seconds
2015-12-17T15:07:04.325-0500: 6,579: Total time for which application threads were stopped: 0,0000875 seconds, Stopping threads took: 0,0000317 seconds
2015-12-17T15:07:04.326-0500: 6,580: Total time for which application threads were stopped: 0,0000398 seconds, Stopping threads took: 0,0000117 seconds
2015-12-17T15:07:04.326-0500: 6,580: Total time for which application threads were stopped: 0,0000681 seconds, Stopping threads took: 0,0000329 seconds
2015-12-17T15:07:04.326-0500: 6,580: Total time for which application threads were stopped: 0,0000455 seconds, Stopping threads took: 0,0000086 seconds
2015-12-17T15:07:04.326-0500: 6,580: Total time for which application threads were stopped: 0,0000415 seconds, Stopping threads took: 0,0000173 seconds
2015-12-17T15:07:04.326-0500: 6,580: Total time for which application threads were stopped: 0,0001116 seconds, Stopping threads took: 0,0000810 seconds
2015-12-17T15:07:04.327-0500: 6,581: Total time for which application threads were stopped: 0,0000989 seconds, Stopping threads took: 0,0000112 seconds
2015-12-17T15:07:04.331-0500: 6,585: Total time for which application threads were stopped: 0,0000917 seconds, Stopping threads took: 0,0000208 seconds
2015-12-17T15:07:04.332-0500: 6,586: Total time for which application threads were stopped: 0,0001033 seconds, Stopping threads took: 0,0000351 seconds
2015-12-17T15:07:04.333-0500: 6,587: Total time for which application threads were stopped: 0,0000741 seconds, Stopping threads took: 0,0000140 seconds
2015-12-17T15:07:04.333-0500: 6,587: Total time for which application threads were stopped: 0,0000499 seconds, Stopping threads took: 0,0000212 seconds
2015-12-17T15:07:04.340-0500: 6,594: Total time for which application threads were stopped: 0,0000988 seconds, Stopping threads took: 0,0000301 seconds
2015-12-17T15:07:04.341-0500: 6,595: Total time for which application threads were stopped: 0,0000785 seconds, Stopping threads took: 0,0000198 seconds
2015-12-17T15:07:04.342-0500: 6,596: Total time for which application threads were stopped: 0,0000552 seconds, Stopping threads took: 0,0000098 seconds
2015-12-17T15:07:04.342-0500: 6,596: Total time for which application threads were stopped: 0,0000571 seconds, Stopping threads took: 0,0000148 seconds
2015-12-17T15:07:04.343-0500: 6,597: Total time for which application threads were stopped: 0,0001224 seconds, Stopping threads took: 0,0000629 seconds
2015-12-17T15:07:04.369-0500: 6,623: Total time for which application threads were stopped: 0,0000896 seconds, Stopping threads took: 0,0000272 seconds
2015-12-17T15:07:04.369-0500: 6,623: Total time for which application threads were stopped: 0,0000401 seconds, Stopping threads took: 0,0000196 seconds
2015-12-17T15:07:04.369-0500: 6,623: Total time for which application threads were stopped: 0,0000440 seconds, Stopping threads took: 0,0000215 seconds
2015-12-17T15:07:04.369-0500: 6,623: Total time for which application threads were stopped: 0,0000244 seconds, Stopping threads took: 0,0000066 seconds
2015-12-17T15:07:04.377-0500: 6,631: Total time for which application threads were stopped: 0,0001018 seconds, Stopping threads took: 0,0000433 seconds
2015-12-17T15:07:04.377-0500: 6,631: Total time for which application threads were stopped: 0,0000505 seconds, Stopping threads took: 0,0000190 seconds
2015-12-17T15:07:04.377-0500: 6,631: Total time for which application threads were stopped: 0,0000303 seconds, Stopping threads took: 0,0000089 seconds
2015-12-17T15:07:04.389-0500: 6,642: Total time for which application threads were stopped: 0,0005127 seconds, Stopping threads took: 0,0003809 seconds
2015-12-17T15:07:04.404-0500: 6,658: Total time for which application threads were stopped: 0,0000771 seconds, Stopping threads took: 0,0000197 seconds
2015-12-17T15:07:04.404-0500: 6,658: Total time for which application threads were stopped: 0,0000280 seconds, Stopping threads took: 0,0000078 seconds
2015-12-17T15:07:04.419-0500: 6,673: Total time for which application threads were stopped: 0,0001265 seconds, Stopping threads took: 0,0000352 seconds
2015-12-17T15:07:04.424-0500: 6,678: Total time for which application threads were stopped: 0,0001247 seconds, Stopping threads took: 0,0000690 seconds
2015-12-17T15:07:04.454-0500: 6,708: Total time for which application threads were stopped: 0,0001037 seconds, Stopping threads took: 0,0000381 seconds
2015-12-17T15:07:04.455-0500: 6,709: Total time for which application threads were stopped: 0,0000578 seconds, Stopping threads took: 0,0000150 seconds
2015-12-17T15:07:04.455-0500: 6,709: Total time for which application threads were stopped: 0,0000323 seconds, Stopping threads took: 0,0000101 seconds
2015-12-17T15:07:04.455-0500: 6,709: Total time for which application threads were stopped: 0,0000288 seconds, Stopping threads took: 0,0000077 seconds
2015-12-17T15:07:04.455-0500: 6,709: Total time for which application threads were stopped: 0,0000257 seconds, Stopping threads took: 0,0000064 seconds
2015-12-17T15:07:04.455-0500: 6,709: Total time for which application threads were stopped: 0,0000244 seconds, Stopping threads took: 0,0000063 seconds
2015-12-17T15:07:04.455-0500: 6,709: Total time for which application threads were stopped: 0,0000239 seconds, Stopping threads took: 0,0000062 seconds
2015-12-17T15:07:04.468-0500: 6,722: Total time for which application threads were stopped: 0,0000933 seconds, Stopping threads took: 0,0000363 seconds
2015-12-17T15:07:04.471-0500: 6,725: Total time for which application threads were stopped: 0,0000789 seconds, Stopping threads took: 0,0000207 seconds
2015-12-17T15:07:04.471-0500: 6,725: Total time for which application threads were stopped: 0,0000509 seconds, Stopping threads took: 0,0000236 seconds
2015-12-17T15:07:04.471-0500: 6,725: Total time for which application threads were stopped: 0,0000512 seconds, Stopping threads took: 0,0000185 seconds
2015-12-17T15:07:04.471-0500: 6,725: Total time for which application threads were stopped: 0,0000479 seconds, Stopping threads took: 0,0000203 seconds
2015-12-17T15:07:04.471-0500: 6,725: Total time for which application threads were stopped: 0,0000654 seconds, Stopping threads took: 0,0000156 seconds
2015-12-17T15:07:04.474-0500: 6,728: Total time for which application threads were stopped: 0,0001088 seconds, Stopping threads took: 0,0000426 seconds
2015-12-17T15:07:04.475-0500: 6,729: Total time for which application threads were stopped: 0,0001122 seconds, Stopping threads took: 0,0000129 seconds
2015-12-17T15:07:04.603-0500: 6,857: Total time for which application threads were stopped: 0,0003751 seconds, Stopping threads took: 0,0000398 seconds
2015-12-17T15:07:04.603-0500: 6,857: Total time for which application threads were stopped: 0,0001398 seconds, Stopping threads took: 0,0000088 seconds
2015-12-17T15:07:04.604-0500: 6,858: Total time for which application threads were stopped: 0,0000807 seconds, Stopping threads took: 0,0000138 seconds
2015-12-17T15:07:04.605-0500: 6,859: Total time for which application threads were stopped: 0,0000381 seconds, Stopping threads took: 0,0000074 seconds
2015-12-17T15:07:04.605-0500: 6,859: Total time for which application threads were stopped: 0,0000992 seconds, Stopping threads took: 0,0000628 seconds
2015-12-17T15:07:04.605-0500: 6,859: Total time for which application threads were stopped: 0,0000449 seconds, Stopping threads took: 0,0000056 seconds
2015-12-17T15:07:04.605-0500: 6,859: Total time for which application threads were stopped: 0,0000660 seconds, Stopping threads took: 0,0000344 seconds
2015-12-17T15:07:04.605-0500: 6,859: Total time for which application threads were stopped: 0,0000427 seconds, Stopping threads took: 0,0000162 seconds
2015-12-17T15:07:04.605-0500: 6,859: Total time for which application threads were stopped: 0,0000535 seconds, Stopping threads took: 0,0000232 seconds
2015-12-17T15:07:04.605-0500: 6,859: Total time for which application threads were stopped: 0,0000679 seconds, Stopping threads took: 0,0000249 seconds
2015-12-17T15:07:05.605-0500: 7,859: Total time for which application threads were stopped: 0,0001092 seconds, Stopping threads took: 0,0000191 seconds
2015-12-17T15:07:06.680-0500: 8,934: Total time for which application threads were stopped: 0,0012715 seconds, Stopping threads took: 0,0001148 seconds
2015-12-17T15:07:06.745-0500: 8,999: Total time for which application threads were stopped: 0,0001218 seconds, Stopping threads took: 0,0000338 seconds
2015-12-17T15:07:06.745-0500: 8,999: Total time for which application threads were stopped: 0,0000708 seconds, Stopping threads took: 0,0000223 seconds
2015-12-17T15:07:06.746-0500: 9,000: Total time for which application threads were stopped: 0,0000647 seconds, Stopping threads took: 0,0000224 seconds
2015-12-17T15:07:06.746-0500: 9,000: Total time for which application threads were stopped: 0,0000682 seconds, Stopping threads took: 0,0000329 seconds
2015-12-17T15:07:07.747-0500: 10,001: Total time for which application threads were stopped: 0,0001439 seconds, Stopping threads took: 0,0000354 seconds
2015-12-17T15:07:10.747-0500: 13,001: Total time for which application threads were stopped: 0,0000983 seconds, Stopping threads took: 0,0000216 seconds
2015-12-17T15:07:10.774-0500: 13,028: Total time for which application threads were stopped: 0,0000940 seconds, Stopping threads took: 0,0000238 seconds
2015-12-17T15:07:10.818-0500: 13,072: Total time for which application threads were stopped: 0,0000894 seconds, Stopping threads took: 0,0000295 seconds
2015-12-17T15:07:10.878-0500: 13,132: Total time for which application threads were stopped: 0,0005446 seconds, Stopping threads took: 0,0000514 seconds
{Heap before GC invocations=10 (full 1):
 par new generation   total 109248K, used 95382K [0x00000000e0000000, 0x00000000e8000000, 0x00000000e8000000)
  eden space 87424K, 100% used [0x00000000e0000000, 0x00000000e5560000, 0x00000000e5560000)
  from space 21824K,  36% used [0x00000000e5560000, 0x00000000e5d25b58, 0x00000000e6ab0000)
  to   space 21824K,   0% used [0x00000000e6ab0000, 0x00000000e6ab0000, 0x00000000e8000000)
 concurrent mark-sweep generation total 393216K, used 7292K [0x00000000e8000000, 0x0000000100000000, 0x0000000100000000)
 Metaspace       used 30802K, capacity 31190K, committed 31384K, reserved 1077248K
  class space    used 3583K, capacity 3717K, committed 3736K, reserved 1048576K
2015-12-17T15:07:10.949-0500: 13,203: [GC (Allocation Failure) 2015-12-17T15:07:10.949-0500: 13,203: [ParNew
Desired survivor size 20112992 bytes, new threshold 8 (max 8)
- age   1:   12539344 bytes,   12539344 total
- age   2:    2025592 bytes,   14564936 total
- age   3:      89464 bytes,   14654400 total
- age   5:      94824 bytes,   14749224 total
- age   6:     130608 bytes,   14879832 total
- age   7:     126056 bytes,   15005888 total
- age   8:     246744 bytes,   15252632 total
: 95382K->16440K(109248K), 0,0123724 secs] 102675K->24044K(502464K), 0,0124457 secs] [Times: user=0,04 sys=0,00, real=0,01 secs] 
Heap after GC invocations=11 (full 1):
 par new generation   total 109248K, used 16440K [0x00000000e0000000, 0x00000000e8000000, 0x00000000e8000000)
  eden space 87424K,   0% used [0x00000000e0000000, 0x00000000e0000000, 0x00000000e5560000)
  from space 21824K,  75% used [0x00000000e6ab0000, 0x00000000e7abe228, 0x00000000e8000000)
  to   space 21824K,   0% used [0x00000000e5560000, 0x00000000e5560000, 0x00000000e6ab0000)
 concurrent mark-sweep generation total 393216K, used 7603K [0x00000000e8000000, 0x0000000100000000, 0x0000000100000000)
 Metaspace       used 30802K, capacity 31190K, committed 31384K, reserved 1077248K
  class space    used 3583K, capacity 3717K, committed 3736K, reserved 1048576K
}
2015-12-17T15:07:10.961-0500: 13,215: Total time for which application threads were stopped: 0,0125996 seconds, Stopping threads took: 0,0000327 seconds
2015-12-17T15:07:10.962-0500: 13,216: Total time for which application threads were stopped: 0,0000693 seconds, Stopping threads took: 0,0000154 seconds
2015-12-17T15:07:10.962-0500: 13,216: Total time for which application threads were stopped: 0,0000995 seconds, Stopping threads took: 0,0000620 seconds
2015-12-17T15:07:10.962-0500: 13,216: Total time for which application threads were stopped: 0,0000620 seconds, Stopping threads took: 0,0000296 seconds
2015-12-17T15:07:10.964-0500: 13,218: Total time for which application threads were stopped: 0,0015290 seconds, Stopping threads took: 0,0014639 seconds
2015-12-17T15:07:10.965-0500: 13,219: Total time for which application threads were stopped: 0,0000994 seconds, Stopping threads took: 0,0000160 seconds
2015-12-17T15:07:11.349-0500: 13,603: Total time for which application threads were stopped: 0,0003598 seconds, Stopping threads took: 0,0000306 seconds
2015-12-17T15:07:11.349-0500: 13,603: Total time for which application threads were stopped: 0,0001301 seconds, Stopping threads took: 0,0000206 seconds
2015-12-17T15:07:12.350-0500: 14,604: Total time for which application threads were stopped: 0,0000927 seconds, Stopping threads took: 0,0000274 seconds
2015-12-17T15:07:13.350-0500: 15,604: Total time for which application threads were stopped: 0,0000745 seconds, Stopping threads took: 0,0000187 seconds
2015-12-17T15:07:14.040-0500: 16,294: Total time for which application threads were stopped: 0,0004063 seconds, Stopping threads took: 0,0000363 seconds
2015-12-17T15:07:14.043-0500: 16,297: Total time for which application threads were stopped: 0,0007039 seconds, Stopping threads took: 0,0000351 seconds
2015-12-17T15:07:14.148-0500: 16,402: Total time for which application threads were stopped: 0,0004984 seconds, Stopping threads took: 0,0000224 seconds
2015-12-17T15:07:14.251-0500: 16,505: Total time for which application threads were stopped: 0,0002177 seconds, Stopping threads took: 0,0000785 seconds
2015-12-17T15:07:14.459-0500: 16,713: Total time for which application threads were stopped: 0,0002335 seconds, Stopping threads took: 0,0000294 seconds
{Heap before GC invocations=11 (full 1):
 par new generation   total 109248K, used 103864K [0x00000000e0000000, 0x00000000e8000000, 0x00000000e8000000)
  eden space 87424K, 100% used [0x00000000e0000000, 0x00000000e5560000, 0x00000000e5560000)
  from space 21824K,  75% used [0x00000000e6ab0000, 0x00000000e7abe228, 0x00000000e8000000)
  to   space 21824K,   0% used [0x00000000e5560000, 0x00000000e5560000, 0x00000000e6ab0000)
 concurrent mark-sweep generation total 393216K, used 7603K [0x00000000e8000000, 0x0000000100000000, 0x0000000100000000)
 Metaspace       used 32920K, capacity 33366K, committed 33560K, reserved 1079296K
  class space    used 3694K, capacity 3845K, committed 3864K, reserved 1048576K
2015-12-17T15:07:14.928-0500: 17,182: [GC (Allocation Failure) 2015-12-17T15:07:14.928-0500: 17,182: [ParNew
Desired survivor size 20112992 bytes, new threshold 2 (max 8)
- age   1:   13819400 bytes,   13819400 total
- age   2:    8200104 bytes,   22019504 total
- age   3:    2022688 bytes,   24042192 total
- age   4:      89448 bytes,   24131640 total
- age   6:      94824 bytes,   24226464 total
- age   7:     130160 bytes,   24356624 total
- age   8:     125976 bytes,   24482600 total
: 103864K->21824K(109248K), 0,0186357 secs] 111468K->31637K(502464K), 0,0187231 secs] [Times: user=0,05 sys=0,01, real=0,01 secs] 
Heap after GC invocations=12 (full 1):
 par new generation   total 109248K, used 21824K [0x00000000e0000000, 0x00000000e8000000, 0x00000000e8000000)
  eden space 87424K,   0% used [0x00000000e0000000, 0x00000000e0000000, 0x00000000e5560000)
  from space 21824K, 100% used [0x00000000e5560000, 0x00000000e6ab0000, 0x00000000e6ab0000)
  to   space 21824K,   0% used [0x00000000e6ab0000, 0x00000000e6ab0000, 0x00000000e8000000)
 concurrent mark-sweep generation total 393216K, used 9813K [0x00000000e8000000, 0x0000000100000000, 0x0000000100000000)
 Metaspace       used 32920K, capacity 33366K, committed 33560K, reserved 1079296K
  class space    used 3694K, capacity 3845K, committed 3864K, reserved 1048576K
}
2015-12-17T15:07:14.947-0500: 17,201: Total time for which application threads were stopped: 0,0189683 seconds, Stopping threads took: 0,0000331 seconds
2015-12-17T15:07:14.947-0500: 17,201: Total time for which application threads were stopped: 0,0000988 seconds, Stopping threads took: 0,0000417 seconds
2015-12-17T15:07:15.470-0500: 17,724: Total time for which application threads were stopped: 0,0001434 seconds, Stopping threads took: 0,0000251 seconds
{Heap before GC invocations=12 (full 1):
 par new generation   total 109248K, used 109248K [0x00000000e0000000, 0x00000000e8000000, 0x00000000e8000000)
  eden space 87424K, 100% used [0x00000000e0000000, 0x00000000e5560000, 0x00000000e5560000)
  from space 21824K, 100% used [0x00000000e5560000, 0x00000000e6ab0000, 0x00000000e6ab0000)
  to   space 21824K,   0% used [0x00000000e6ab0000, 0x00000000e6ab0000, 0x00000000e8000000)
 concurrent mark-sweep generation total 393216K, used 9813K [0x00000000e8000000, 0x0000000100000000, 0x0000000100000000)
 Metaspace       used 33195K, capacity 33622K, committed 33816K, reserved 1079296K
  class space    used 3710K, capacity 3845K, committed 3864K, reserved 1048576K
2015-12-17T15:07:15.488-0500: 17,742: [GC (Allocation Failure) 2015-12-17T15:07:15.488-0500: 17,742: [ParNew
Desired survivor size 20112992 bytes, new threshold 8 (max 8)
- age   1:    3651536 bytes,    3651536 total
- age   2:    7866112 bytes,   11517648 total
: 109248K->21824K(109248K), 0,0247423 secs] 119061K->44034K(502464K), 0,0248208 secs] [Times: user=0,06 sys=0,01, real=0,02 secs] 
Heap after GC invocations=13 (full 1):
 par new generation   total 109248K, used 21824K [0x00000000e0000000, 0x00000000e8000000, 0x00000000e8000000)
  eden space 87424K,   0% used [0x00000000e0000000, 0x00000000e0000000, 0x00000000e5560000)
  from space 21824K, 100% used [0x00000000e6ab0000, 0x00000000e8000000, 0x00000000e8000000)
  to   space 21824K,   0% used [0x00000000e5560000, 0x00000000e5560000, 0x00000000e6ab0000)
 concurrent mark-sweep generation total 393216K, used 22210K [0x00000000e8000000, 0x0000000100000000, 0x0000000100000000)
 Metaspace       used 33195K, capacity 33622K, committed 33816K, reserved 1079296K
  class space    used 3710K, capacity 3845K, committed 3864K, reserved 1048576K
}
2015-12-17T15:07:15.513-0500: 17,767: Total time for which application threads were stopped: 0,0250321 seconds, Stopping threads took: 0,0000441 seconds
2015-12-17T15:07:16.107-0500: 18,361: Total time for which application threads were stopped: 0,0000902 seconds, Stopping threads took: 0,0000200 seconds
2015-12-17T15:07:16.107-0500: 18,361: Total time for which application threads were stopped: 0,0000576 seconds, Stopping threads took: 0,0000083 seconds
2015-12-17T15:07:16.108-0500: 18,362: Total time for which application threads were stopped: 0,0000352 seconds, Stopping threads took: 0,0000071 seconds
2015-12-17T15:07:17.108-0500: 19,362: Total time for which application threads were stopped: 0,0001493 seconds, Stopping threads took: 0,0000233 seconds
2015-12-17T15:07:20.108-0500: 22,362: Total time for which application threads were stopped: 0,0000882 seconds, Stopping threads took: 0,0000227 seconds
2015-12-17T15:07:23.109-0500: 25,363: Total time for which application threads were stopped: 0,0001096 seconds, Stopping threads took: 0,0000256 seconds
2015-12-17T15:07:26.109-0500: 28,363: Total time for which application threads were stopped: 0,0004230 seconds, Stopping threads took: 0,0000231 seconds
2015-12-17T15:07:29.110-0500: 31,364: Total time for which application threads were stopped: 0,0002970 seconds, Stopping threads took: 0,0000843 seconds
2015-12-17T15:07:38.111-0500: 40,365: Total time for which application threads were stopped: 0,0003420 seconds, Stopping threads took: 0,0001301 seconds
2015-12-17T15:07:50.112-0500: 52,366: Total time for which application threads were stopped: 0,0000717 seconds, Stopping threads took: 0,0000196 seconds
2015-12-17T15:07:53.112-0500: 55,366: Total time for which application threads were stopped: 0,0003125 seconds, Stopping threads took: 0,0000854 seconds
2015-12-17T15:07:56.113-0500: 58,367: Total time for which application threads were stopped: 0,0001131 seconds, Stopping threads took: 0,0000292 seconds
2015-12-17T15:07:58.113-0500: 60,367: Total time for which application threads were stopped: 0,0000723 seconds, Stopping threads took: 0,0000203 seconds
2015-12-17T15:07:59.113-0500: 61,367: Total time for which application threads were stopped: 0,0000708 seconds, Stopping threads took: 0,0000208 seconds
2015-12-17T15:08:04.606-0500: 66,860: Total time for which application threads were stopped: 0,0000910 seconds, Stopping threads took: 0,0000352 seconds
2015-12-17T15:08:07.300-0500: 69,554: Total time for which application threads were stopped: 0,0000869 seconds, Stopping threads took: 0,0000197 seconds
2015-12-17T15:08:07.338-0500: 69,592: Total time for which application threads were stopped: 0,0005828 seconds, Stopping threads took: 0,0000413 seconds
2015-12-17T15:08:07.371-0500: 69,625: Total time for which application threads were stopped: 0,0009128 seconds, Stopping threads took: 0,0000314 seconds
2015-12-17T15:08:07.380-0500: 69,634: Total time for which application threads were stopped: 0,0000967 seconds, Stopping threads took: 0,0000219 seconds
2015-12-17T15:08:08.254-0500: 70,508: Total time for which application threads were stopped: 0,0001350 seconds, Stopping threads took: 0,0000383 seconds
2015-12-17T15:08:08.263-0500: 70,517: Total time for which application threads were stopped: 0,0001372 seconds, Stopping threads took: 0,0000696 seconds
2015-12-17T15:08:08.264-0500: 70,518: Total time for which application threads were stopped: 0,0001288 seconds, Stopping threads took: 0,0000317 seconds
2015-12-17T15:08:08.296-0500: 70,550: Total time for which application threads were stopped: 0,0001093 seconds, Stopping threads took: 0,0000281 seconds
2015-12-17T15:08:08.299-0500: 70,553: Total time for which application threads were stopped: 0,0004782 seconds, Stopping threads took: 0,0001066 seconds
2015-12-17T15:08:08.300-0500: 70,554: Total time for which application threads were stopped: 0,0000611 seconds, Stopping threads took: 0,0000240 seconds
2015-12-17T15:08:08.368-0500: 70,622: Total time for which application threads were stopped: 0,0000913 seconds, Stopping threads took: 0,0000193 seconds
2015-12-17T15:08:09.368-0500: 71,622: Total time for which application threads were stopped: 0,0001029 seconds, Stopping threads took: 0,0000235 seconds
2015-12-17T15:08:21.369-0500: 83,623: Total time for which application threads were stopped: 0,0000731 seconds, Stopping threads took: 0,0000203 seconds
2015-12-17T15:08:30.370-0500: 92,624: Total time for which application threads were stopped: 0,0000775 seconds, Stopping threads took: 0,0000220 seconds
2015-12-17T15:08:33.371-0500: 95,625: Total time for which application threads were stopped: 0,0003973 seconds, Stopping threads took: 0,0001445 seconds
2015-12-17T15:08:36.371-0500: 98,625: Total time for which application threads were stopped: 0,0000803 seconds, Stopping threads took: 0,0000220 seconds
2015-12-17T15:08:39.371-0500: 101,625: Total time for which application threads were stopped: 0,0002022 seconds, Stopping threads took: 0,0000242 seconds
2015-12-17T15:08:45.372-0500: 107,626: Total time for which application threads were stopped: 0,0000787 seconds, Stopping threads took: 0,0000206 seconds
2015-12-17T15:08:51.373-0500: 113,627: Total time for which application threads were stopped: 0,0001003 seconds, Stopping threads took: 0,0000270 seconds
2015-12-17T15:08:57.373-0500: 119,627: Total time for which application threads were stopped: 0,0000894 seconds, Stopping threads took: 0,0000338 seconds
2015-12-17T15:09:00.374-0500: 122,628: Total time for which application threads were stopped: 0,0001310 seconds, Stopping threads took: 0,0000339 seconds
2015-12-17T15:09:03.374-0500: 125,628: Total time for which application threads were stopped: 0,0001217 seconds, Stopping threads took: 0,0000323 seconds
2015-12-17T15:09:15.376-0500: 137,630: Total time for which application threads were stopped: 0,0000873 seconds, Stopping threads took: 0,0000208 seconds
2015-12-17T15:09:18.376-0500: 140,630: Total time for which application threads were stopped: 0,0001283 seconds, Stopping threads took: 0,0000319 seconds
2015-12-17T15:10:00.380-0500: 182,634: Total time for which application threads were stopped: 0,0001021 seconds, Stopping threads took: 0,0000376 seconds
2015-12-17T15:10:12.381-0500: 194,635: Total time for which application threads were stopped: 0,0001272 seconds, Stopping threads took: 0,0000251 seconds
2015-12-17T15:10:24.383-0500: 206,637: Total time for which application threads were stopped: 0,0001082 seconds, Stopping threads took: 0,0000259 seconds
2015-12-17T15:10:30.383-0500: 212,637: Total time for which application threads were stopped: 0,0000880 seconds, Stopping threads took: 0,0000317 seconds
2015-12-17T15:10:41.384-0500: 223,638: Total time for which application threads were stopped: 0,0000816 seconds, Stopping threads took: 0,0000221 seconds
2015-12-17T15:10:45.385-0500: 227,639: Total time for which application threads were stopped: 0,0000804 seconds, Stopping threads took: 0,0000224 seconds
2015-12-17T15:10:57.386-0500: 239,640: Total time for which application threads were stopped: 0,0000739 seconds, Stopping threads took: 0,0000195 seconds
2015-12-17T15:11:03.386-0500: 245,640: Total time for which application threads were stopped: 0,0000993 seconds, Stopping threads took: 0,0000356 seconds
2015-12-17T15:11:12.387-0500: 254,641: Total time for which application threads were stopped: 0,0000678 seconds, Stopping threads took: 0,0000179 seconds
2015-12-17T15:11:48.391-0500: 290,645: Total time for which application threads were stopped: 0,0001553 seconds, Stopping threads took: 0,0000564 seconds
2015-12-17T15:11:51.391-0500: 293,645: Total time for which application threads were stopped: 0,0001347 seconds, Stopping threads took: 0,0000346 seconds
2015-12-17T15:12:09.393-0500: 311,647: Total time for which application threads were stopped: 0,0001706 seconds, Stopping threads took: 0,0000419 seconds
2015-12-17T15:12:15.394-0500: 317,648: Total time for which application threads were stopped: 0,0000843 seconds, Stopping threads took: 0,0000308 seconds
2015-12-17T15:12:27.395-0500: 329,649: Total time for which application threads were stopped: 0,0001350 seconds, Stopping threads took: 0,0000328 seconds
2015-12-17T15:12:30.395-0500: 332,649: Total time for which application threads were stopped: 0,0000791 seconds, Stopping threads took: 0,0000262 seconds
2015-12-17T15:12:33.396-0500: 335,650: Total time for which application threads were stopped: 0,0000845 seconds, Stopping threads took: 0,0000214 seconds
2015-12-17T15:12:54.398-0500: 356,652: Total time for which application threads were stopped: 0,0000881 seconds, Stopping threads took: 0,0000323 seconds
2015-12-17T15:12:57.398-0500: 359,652: Total time for which application threads were stopped: 0,0000799 seconds, Stopping threads took: 0,0000206 seconds
2015-12-17T15:13:21.400-0500: 383,654: Total time for which application threads were stopped: 0,0000851 seconds, Stopping threads took: 0,0000307 seconds
2015-12-17T15:13:24.401-0500: 386,655: Total time for which application threads were stopped: 0,0000749 seconds, Stopping threads took: 0,0000203 seconds
2015-12-17T15:14:30.407-0500: 452,661: Total time for which application threads were stopped: 0,0001039 seconds, Stopping threads took: 0,0000372 seconds
2015-12-17T15:14:45.790-0500: 468,044: Total time for which application threads were stopped: 0,0001471 seconds, Stopping threads took: 0,0000709 seconds
2015-12-17T15:14:46.653-0500: 468,907: Total time for which application threads were stopped: 0,0001036 seconds, Stopping threads took: 0,0000196 seconds
2015-12-17T15:14:46.675-0500: 468,929: Total time for which application threads were stopped: 0,0002091 seconds, Stopping threads took: 0,0000817 seconds
2015-12-17T15:14:46.680-0500: 468,934: Total time for which application threads were stopped: 0,0005557 seconds, Stopping threads took: 0,0001214 seconds
2015-12-17T15:14:46.707-0500: 468,961: Total time for which application threads were stopped: 0,0000955 seconds, Stopping threads took: 0,0000228 seconds
2015-12-17T15:14:46.707-0500: 468,961: Total time for which application threads were stopped: 0,0000532 seconds, Stopping threads took: 0,0000125 seconds
2015-12-17T15:14:46.775-0500: 469,029: Total time for which application threads were stopped: 0,0002025 seconds, Stopping threads took: 0,0000824 seconds
2015-12-17T15:14:47.775-0500: 470,029: Total time for which application threads were stopped: 0,0001316 seconds, Stopping threads took: 0,0000493 seconds
2015-12-17T15:14:48.775-0500: 471,029: Total time for which application threads were stopped: 0,0000902 seconds, Stopping threads took: 0,0000227 seconds
2015-12-17T15:14:57.776-0500: 480,030: Total time for which application threads were stopped: 0,0001020 seconds, Stopping threads took: 0,0000253 seconds
2015-12-17T15:14:58.776-0500: 481,030: Total time for which application threads were stopped: 0,0000756 seconds, Stopping threads took: 0,0000196 seconds
2015-12-17T15:15:16.557-0500: 498,811: Total time for which application threads were stopped: 0,0001044 seconds, Stopping threads took: 0,0000390 seconds
2015-12-17T15:15:17.330-0500: 499,584: Total time for which application threads were stopped: 0,0001091 seconds, Stopping threads took: 0,0000381 seconds
2015-12-17T15:15:17.422-0500: 499,676: Total time for which application threads were stopped: 0,0001923 seconds, Stopping threads took: 0,0000343 seconds
2015-12-17T15:15:18.422-0500: 500,676: Total time for which application threads were stopped: 0,0002199 seconds, Stopping threads took: 0,0001096 seconds
2015-12-17T15:15:24.423-0500: 506,677: Total time for which application threads were stopped: 0,0000929 seconds, Stopping threads took: 0,0000247 seconds
2015-12-17T15:15:30.423-0500: 512,677: Total time for which application threads were stopped: 0,0000891 seconds, Stopping threads took: 0,0000284 seconds
2015-12-17T15:15:46.107-0500: 528,361: Total time for which application threads were stopped: 0,0000960 seconds, Stopping threads took: 0,0000295 seconds
2015-12-17T15:15:46.984-0500: 529,238: Total time for which application threads were stopped: 0,0001409 seconds, Stopping threads took: 0,0000253 seconds
2015-12-17T15:15:47.050-0500: 529,304: Total time for which application threads were stopped: 0,0001203 seconds, Stopping threads took: 0,0000299 seconds
2015-12-17T15:15:48.050-0500: 530,304: Total time for which application threads were stopped: 0,0000852 seconds, Stopping threads took: 0,0000222 seconds
2015-12-17T15:16:10.052-0500: 552,306: Total time for which application threads were stopped: 0,0000869 seconds, Stopping threads took: 0,0000311 seconds
2015-12-17T15:16:20.963-0500: 563,217: Total time for which application threads were stopped: 0,0000961 seconds, Stopping threads took: 0,0000258 seconds
2015-12-17T15:16:21.704-0500: 563,958: Total time for which application threads were stopped: 0,0001736 seconds, Stopping threads took: 0,0000188 seconds
2015-12-17T15:16:21.799-0500: 564,053: Total time for which application threads were stopped: 0,0001387 seconds, Stopping threads took: 0,0000205 seconds
2015-12-17T15:16:22.799-0500: 565,053: Total time for which application threads were stopped: 0,0000949 seconds, Stopping threads took: 0,0000225 seconds
2015-12-17T15:16:57.803-0500: 600,057: Total time for which application threads were stopped: 0,0002070 seconds, Stopping threads took: 0,0000769 seconds
2015-12-17T15:17:09.804-0500: 612,058: Total time for which application threads were stopped: 0,0001804 seconds, Stopping threads took: 0,0000634 seconds
2015-12-17T15:17:21.805-0500: 624,059: Total time for which application threads were stopped: 0,0000919 seconds, Stopping threads took: 0,0000241 seconds
2015-12-17T15:17:24.806-0500: 627,060: Total time for which application threads were stopped: 0,0001777 seconds, Stopping threads took: 0,0000459 seconds
2015-12-17T15:17:33.807-0500: 636,061: Total time for which application threads were stopped: 0,0000923 seconds, Stopping threads took: 0,0000326 seconds
2015-12-17T15:17:39.807-0500: 642,061: Total time for which application threads were stopped: 0,0001119 seconds, Stopping threads took: 0,0000247 seconds
2015-12-17T15:17:42.808-0500: 645,062: Total time for which application threads were stopped: 0,0001715 seconds, Stopping threads took: 0,0000440 seconds
2015-12-17T15:17:48.809-0500: 651,063: Total time for which application threads were stopped: 0,0002049 seconds, Stopping threads took: 0,0000731 seconds
2015-12-17T15:18:42.814-0500: 705,068: Total time for which application threads were stopped: 0,0001138 seconds, Stopping threads took: 0,0000336 seconds
2015-12-17T15:19:00.816-0500: 723,070: Total time for which application threads were stopped: 0,0001478 seconds, Stopping threads took: 0,0000512 seconds
2015-12-17T15:19:42.819-0500: 765,073: Total time for which application threads were stopped: 0,0000860 seconds, Stopping threads took: 0,0000324 seconds
2015-12-17T15:19:45.820-0500: 768,074: Total time for which application threads were stopped: 0,0001771 seconds, Stopping threads took: 0,0000449 seconds
2015-12-17T15:19:57.821-0500: 780,075: Total time for which application threads were stopped: 0,0000864 seconds, Stopping threads took: 0,0000317 seconds
2015-12-17T15:20:18.823-0500: 801,077: Total time for which application threads were stopped: 0,0001771 seconds, Stopping threads took: 0,0000456 seconds
2015-12-17T15:20:24.824-0500: 807,078: Total time for which application threads were stopped: 0,0002040 seconds, Stopping threads took: 0,0000727 seconds
2015-12-17T15:20:30.825-0500: 813,079: Total time for which application threads were stopped: 0,0000991 seconds, Stopping threads took: 0,0000269 seconds
2015-12-17T15:20:39.826-0500: 822,080: Total time for which application threads were stopped: 0,0001638 seconds, Stopping threads took: 0,0000425 seconds
2015-12-17T15:20:42.826-0500: 825,080: Total time for which application threads were stopped: 0,0001022 seconds, Stopping threads took: 0,0000256 seconds
2015-12-17T15:20:48.827-0500: 831,081: Total time for which application threads were stopped: 0,0000796 seconds, Stopping threads took: 0,0000209 seconds
2015-12-17T15:21:00.828-0500: 843,082: Total time for which application threads were stopped: 0,0000852 seconds, Stopping threads took: 0,0000323 seconds
2015-12-17T15:21:03.828-0500: 846,082: Total time for which application threads were stopped: 0,0000891 seconds, Stopping threads took: 0,0000244 seconds
2015-12-17T15:21:30.831-0500: 873,085: Total time for which application threads were stopped: 0,0000916 seconds, Stopping threads took: 0,0000325 seconds
2015-12-17T15:21:33.831-0500: 876,085: Total time for which application threads were stopped: 0,0000837 seconds, Stopping threads took: 0,0000207 seconds
2015-12-17T15:21:36.832-0500: 879,086: Total time for which application threads were stopped: 0,0000774 seconds, Stopping threads took: 0,0000210 seconds
2015-12-17T15:21:39.832-0500: 882,086: Total time for which application threads were stopped: 0,0001644 seconds, Stopping threads took: 0,0000430 seconds
2015-12-17T15:21:42.833-0500: 885,087: Total time for which application threads were stopped: 0,0001827 seconds, Stopping threads took: 0,0000454 seconds
2015-12-17T15:21:48.834-0500: 891,087: Total time for which application threads were stopped: 0,0001238 seconds, Stopping threads took: 0,0000293 seconds
2015-12-17T15:21:57.835-0500: 900,089: Total time for which application threads were stopped: 0,0002034 seconds, Stopping threads took: 0,0000711 seconds
2015-12-17T15:23:24.843-0500: 987,097: Total time for which application threads were stopped: 0,0000840 seconds, Stopping threads took: 0,0000317 seconds
2015-12-17T15:24:01.921-0500: 1024,175: Total time for which application threads were stopped: 0,0001185 seconds, Stopping threads took: 0,0000421 seconds
2015-12-17T15:24:02.922-0500: 1025,176: Total time for which application threads were stopped: 0,0003439 seconds, Stopping threads took: 0,0000672 seconds
2015-12-17T15:24:03.735-0500: 1025,989: Total time for which application threads were stopped: 0,0000976 seconds, Stopping threads took: 0,0000214 seconds
2015-12-17T15:24:03.838-0500: 1026,092: Total time for which application threads were stopped: 0,0001567 seconds, Stopping threads took: 0,0000415 seconds
2015-12-17T15:24:04.838-0500: 1027,092: Total time for which application threads were stopped: 0,0001162 seconds, Stopping threads took: 0,0000260 seconds
2015-12-17T15:24:09.839-0500: 1032,093: Total time for which application threads were stopped: 0,0000766 seconds, Stopping threads took: 0,0000206 seconds
2015-12-17T15:24:12.839-0500: 1035,093: Total time for which application threads were stopped: 0,0000838 seconds, Stopping threads took: 0,0000222 seconds
2015-12-17T15:24:13.839-0500: 1036,093: Total time for which application threads were stopped: 0,0001563 seconds, Stopping threads took: 0,0000313 seconds
2015-12-17T15:24:15.840-0500: 1038,094: Total time for which application threads were stopped: 0,0000751 seconds, Stopping threads took: 0,0000189 seconds
2015-12-17T15:24:56.843-0500: 1079,097: Total time for which application threads were stopped: 0,0000898 seconds, Stopping threads took: 0,0000316 seconds
2015-12-17T15:26:08.850-0500: 1151,104: Total time for which application threads were stopped: 0,0002116 seconds, Stopping threads took: 0,0000664 seconds
2015-12-17T15:26:41.854-0500: 1184,108: Total time for which application threads were stopped: 0,0002020 seconds, Stopping threads took: 0,0000714 seconds
2015-12-17T15:27:05.857-0500: 1208,111: Total time for which application threads were stopped: 0,0001910 seconds, Stopping threads took: 0,0000672 seconds
2015-12-17T15:27:10.857-0500: 1213,111: Total time for which application threads were stopped: 0,0000795 seconds, Stopping threads took: 0,0000219 seconds
2015-12-17T15:27:28.859-0500: 1231,113: Total time for which application threads were stopped: 0,0001916 seconds, Stopping threads took: 0,0000672 seconds
2015-12-17T15:27:40.860-0500: 1243,114: Total time for which application threads were stopped: 0,0002105 seconds, Stopping threads took: 0,0000630 seconds
2015-12-17T15:27:43.861-0500: 1246,115: Total time for which application threads were stopped: 0,0001642 seconds, Stopping threads took: 0,0000398 seconds
2015-12-17T15:27:46.861-0500: 1249,115: Total time for which application threads were stopped: 0,0000817 seconds, Stopping threads took: 0,0000230 seconds
2015-12-17T15:27:49.151-0500: 1251,405: Total time for which application threads were stopped: 0,0001030 seconds, Stopping threads took: 0,0000304 seconds
2015-12-17T15:27:50.041-0500: 1252,295: Total time for which application threads were stopped: 0,0001040 seconds, Stopping threads took: 0,0000196 seconds
2015-12-17T15:27:50.127-0500: 1252,381: Total time for which application threads were stopped: 0,0006178 seconds, Stopping threads took: 0,0001381 seconds
2015-12-17T15:27:51.127-0500: 1253,381: Total time for which application threads were stopped: 0,0000775 seconds, Stopping threads took: 0,0000199 seconds
2015-12-17T15:28:05.128-0500: 1267,382: Total time for which application threads were stopped: 0,0000733 seconds, Stopping threads took: 0,0000188 seconds
2015-12-17T15:28:23.062-0500: 1285,316: Total time for which application threads were stopped: 0,0001001 seconds, Stopping threads took: 0,0000312 seconds
2015-12-17T15:28:24.063-0500: 1286,317: Total time for which application threads were stopped: 0,0000816 seconds, Stopping threads took: 0,0000220 seconds
2015-12-17T15:28:24.586-0500: 1286,840: Total time for which application threads were stopped: 0,0001360 seconds, Stopping threads took: 0,0000442 seconds
2015-12-17T15:28:24.650-0500: 1286,904: Total time for which application threads were stopped: 0,0001093 seconds, Stopping threads took: 0,0000180 seconds
2015-12-17T15:28:25.650-0500: 1287,904: Total time for which application threads were stopped: 0,0000792 seconds, Stopping threads took: 0,0000215 seconds
2015-12-17T15:28:37.652-0500: 1299,906: Total time for which application threads were stopped: 0,0001026 seconds, Stopping threads took: 0,0000276 seconds
2015-12-17T15:29:08.523-0500: 1330,777: Total time for which application threads were stopped: 0,0001120 seconds, Stopping threads took: 0,0000387 seconds
2015-12-17T15:29:09.128-0500: 1331,382: Total time for which application threads were stopped: 0,0001179 seconds, Stopping threads took: 0,0000292 seconds
2015-12-17T15:29:10.129-0500: 1332,383: Total time for which application threads were stopped: 0,0000917 seconds, Stopping threads took: 0,0000210 seconds
2015-12-17T15:29:47.628-0500: 1369,882: Total time for which application threads were stopped: 0,0001406 seconds, Stopping threads took: 0,0000416 seconds
2015-12-17T15:29:48.179-0500: 1370,433: Total time for which application threads were stopped: 0,0001101 seconds, Stopping threads took: 0,0000293 seconds
2015-12-17T15:29:48.253-0500: 1370,507: Total time for which application threads were stopped: 0,0001260 seconds, Stopping threads took: 0,0000232 seconds
2015-12-17T15:29:49.254-0500: 1371,507: Total time for which application threads were stopped: 0,0000832 seconds, Stopping threads took: 0,0000219 seconds
2015-12-17T15:29:56.254-0500: 1378,508: Total time for which application threads were stopped: 0,0000735 seconds, Stopping threads took: 0,0000211 seconds
2015-12-17T15:30:11.990-0500: 1394,244: Total time for which application threads were stopped: 0,0000830 seconds, Stopping threads took: 0,0000155 seconds
2015-12-17T15:30:12.726-0500: 1394,980: Total time for which application threads were stopped: 0,0001325 seconds, Stopping threads took: 0,0000256 seconds
2015-12-17T15:30:12.803-0500: 1395,057: Total time for which application threads were stopped: 0,0001310 seconds, Stopping threads took: 0,0000257 seconds
2015-12-17T15:30:13.803-0500: 1396,057: Total time for which application threads were stopped: 0,0000765 seconds, Stopping threads took: 0,0000202 seconds
2015-12-17T15:30:34.805-0500: 1417,059: Total time for which application threads were stopped: 0,0000751 seconds, Stopping threads took: 0,0000205 seconds
2015-12-17T15:30:35.357-0500: 1417,611: Total time for which application threads were stopped: 0,0001252 seconds, Stopping threads took: 0,0000300 seconds
2015-12-17T15:30:36.097-0500: 1418,351: Total time for which application threads were stopped: 0,0002287 seconds, Stopping threads took: 0,0000500 seconds
2015-12-17T15:30:36.365-0500: 1418,619: Total time for which application threads were stopped: 0,0001894 seconds, Stopping threads took: 0,0000193 seconds
2015-12-17T15:30:37.365-0500: 1419,619: Total time for which application threads were stopped: 0,0000778 seconds, Stopping threads took: 0,0000196 seconds
2015-12-17T15:30:59.573-0500: 1441,827: Total time for which application threads were stopped: 0,0001105 seconds, Stopping threads took: 0,0000296 seconds
2015-12-17T15:31:00.316-0500: 1442,570: Total time for which application threads were stopped: 0,0001445 seconds, Stopping threads took: 0,0000394 seconds
2015-12-17T15:31:00.384-0500: 1442,638: Total time for which application threads were stopped: 0,0001080 seconds, Stopping threads took: 0,0000206 seconds
2015-12-17T15:31:01.384-0500: 1443,638: Total time for which application threads were stopped: 0,0001508 seconds, Stopping threads took: 0,0000355 seconds
2015-12-17T15:32:35.004-0500: 1537,258: Total time for which application threads were stopped: 0,0001150 seconds, Stopping threads took: 0,0000365 seconds
2015-12-17T15:32:36.068-0500: 1538,322: Total time for which application threads were stopped: 0,0001113 seconds, Stopping threads took: 0,0000252 seconds
2015-12-17T15:32:36.161-0500: 1538,415: Total time for which application threads were stopped: 0,0001075 seconds, Stopping threads took: 0,0000232 seconds
2015-12-17T15:32:37.161-0500: 1539,415: Total time for which application threads were stopped: 0,0000826 seconds, Stopping threads took: 0,0000210 seconds
2015-12-17T15:32:52.801-0500: 1555,055: Total time for which application threads were stopped: 0,0001033 seconds, Stopping threads took: 0,0000302 seconds
2015-12-17T15:32:53.532-0500: 1555,786: Total time for which application threads were stopped: 0,0001360 seconds, Stopping threads took: 0,0000420 seconds
2015-12-17T15:32:53.582-0500: 1555,836: Total time for which application threads were stopped: 0,0001286 seconds, Stopping threads took: 0,0000229 seconds
2015-12-17T15:32:54.582-0500: 1556,836: Total time for which application threads were stopped: 0,0001291 seconds, Stopping threads took: 0,0000360 seconds
2015-12-17T15:33:43.587-0500: 1605,841: Total time for which application threads were stopped: 0,0001057 seconds, Stopping threads took: 0,0000388 seconds
2015-12-17T15:34:30.592-0500: 1652,846: Total time for which application threads were stopped: 0,0002018 seconds, Stopping threads took: 0,0000747 seconds
2015-12-17T15:35:06.596-0500: 1688,850: Total time for which application threads were stopped: 0,0001435 seconds, Stopping threads took: 0,0000766 seconds
2015-12-17T15:35:18.597-0500: 1700,851: Total time for which application threads were stopped: 0,0000783 seconds, Stopping threads took: 0,0000211 seconds
2015-12-17T15:36:18.603-0500: 1760,857: Total time for which application threads were stopped: 0,0002018 seconds, Stopping threads took: 0,0000724 seconds
2015-12-17T15:36:48.606-0500: 1790,860: Total time for which application threads were stopped: 0,0000856 seconds, Stopping threads took: 0,0000301 seconds
2015-12-17T15:36:50.606-0500: 1792,860: Total time for which application threads were stopped: 0,0003588 seconds, Stopping threads took: 0,0001155 seconds
2015-12-17T15:36:59.607-0500: 1801,861: Total time for which application threads were stopped: 0,0000854 seconds, Stopping threads took: 0,0000312 seconds
2015-12-17T15:37:29.610-0500: 1831,864: Total time for which application threads were stopped: 0,0000908 seconds, Stopping threads took: 0,0000348 seconds
2015-12-17T15:37:48.359-0500: 1850,613: Total time for which application threads were stopped: 0,0001152 seconds, Stopping threads took: 0,0000361 seconds
2015-12-17T15:37:49.359-0500: 1851,613: Total time for which application threads were stopped: 0,0001132 seconds, Stopping threads took: 0,0000280 seconds
2015-12-17T15:37:49.887-0500: 1852,141: Total time for which application threads were stopped: 0,0001777 seconds, Stopping threads took: 0,0000253 seconds
2015-12-17T15:37:49.933-0500: 1852,187: Total time for which application threads were stopped: 0,0001177 seconds, Stopping threads took: 0,0000222 seconds
2015-12-17T15:37:50.933-0500: 1853,187: Total time for which application threads were stopped: 0,0001297 seconds, Stopping threads took: 0,0000260 seconds
2015-12-17T15:39:18.076-0500: 1940,330: Total time for which application threads were stopped: 0,0001374 seconds, Stopping threads took: 0,0000405 seconds
2015-12-17T15:39:18.943-0500: 1941,197: Total time for which application threads were stopped: 0,0001352 seconds, Stopping threads took: 0,0000242 seconds
2015-12-17T15:39:19.032-0500: 1941,286: Total time for which application threads were stopped: 0,0001135 seconds, Stopping threads took: 0,0000179 seconds
2015-12-17T15:39:20.032-0500: 1942,286: Total time for which application threads were stopped: 0,0000754 seconds, Stopping threads took: 0,0000208 seconds
2015-12-17T15:39:44.880-0500: 1967,134: Total time for which application threads were stopped: 0,0001121 seconds, Stopping threads took: 0,0000389 seconds
2015-12-17T15:39:45.647-0500: 1967,901: Total time for which application threads were stopped: 0,0001056 seconds, Stopping threads took: 0,0000188 seconds
2015-12-17T15:39:45.734-0500: 1967,988: Total time for which application threads were stopped: 0,0000938 seconds, Stopping threads took: 0,0000198 seconds
2015-12-17T15:39:46.734-0500: 1968,988: Total time for which application threads were stopped: 0,0000873 seconds, Stopping threads took: 0,0000243 seconds
2015-12-17T15:40:11.396-0500: 1993,650: Total time for which application threads were stopped: 0,0001261 seconds, Stopping threads took: 0,0000329 seconds
2015-12-17T15:40:12.191-0500: 1994,445: Total time for which application threads were stopped: 0,0001303 seconds, Stopping threads took: 0,0000326 seconds
2015-12-17T15:40:12.282-0500: 1994,536: Total time for which application threads were stopped: 0,0001085 seconds, Stopping threads took: 0,0000224 seconds
2015-12-17T15:40:13.282-0500: 1995,536: Total time for which application threads were stopped: 0,0001271 seconds, Stopping threads took: 0,0000320 seconds
{Heap before GC invocations=13 (full 1):
 par new generation   total 109248K, used 109248K [0x00000000e0000000, 0x00000000e8000000, 0x00000000e8000000)
  eden space 87424K, 100% used [0x00000000e0000000, 0x00000000e5560000, 0x00000000e5560000)
  from space 21824K, 100% used [0x00000000e6ab0000, 0x00000000e8000000, 0x00000000e8000000)
  to   space 21824K,   0% used [0x00000000e5560000, 0x00000000e5560000, 0x00000000e6ab0000)
 concurrent mark-sweep generation total 393216K, used 22210K [0x00000000e8000000, 0x0000000100000000, 0x0000000100000000)
 Metaspace       used 35011K, capacity 35452K, committed 35736K, reserved 1081344K
  class space    used 3805K, capacity 3942K, committed 3992K, reserved 1048576K
2015-12-17T15:41:36.340-0500: 2078,594: [GC (Allocation Failure) 2015-12-17T15:41:36.341-0500: 2078,595: [ParNew
Desired survivor size 20112992 bytes, new threshold 8 (max 8)
- age   1:    1529224 bytes,    1529224 total
- age   2:    3138240 bytes,    4667464 total
- age   3:    6994680 bytes,   11662144 total
: 109248K->14294K(109248K), 0,0123938 secs] 131458K->36505K(502464K), 0,0125261 secs] [Times: user=0,04 sys=0,00, real=0,01 secs] 
Heap after GC invocations=14 (full 1):
 par new generation   total 109248K, used 14294K [0x00000000e0000000, 0x00000000e8000000, 0x00000000e8000000)
  eden space 87424K,   0% used [0x00000000e0000000, 0x00000000e0000000, 0x00000000e5560000)
  from space 21824K,  65% used [0x00000000e5560000, 0x00000000e63558e0, 0x00000000e6ab0000)
  to   space 21824K,   0% used [0x00000000e6ab0000, 0x00000000e6ab0000, 0x00000000e8000000)
 concurrent mark-sweep generation total 393216K, used 22210K [0x00000000e8000000, 0x0000000100000000, 0x0000000100000000)
 Metaspace       used 35011K, capacity 35452K, committed 35736K, reserved 1081344K
  class space    used 3805K, capacity 3942K, committed 3992K, reserved 1048576K
}
2015-12-17T15:41:36.353-0500: 2078,607: Total time for which application threads were stopped: 0,0128264 seconds, Stopping threads took: 0,0000375 seconds
2015-12-17T15:42:18.202-0500: 2120,456: Total time for which application threads were stopped: 0,0001112 seconds, Stopping threads took: 0,0000342 seconds
2015-12-17T15:42:19.202-0500: 2121,456: Total time for which application threads were stopped: 0,0001128 seconds, Stopping threads took: 0,0000238 seconds
2015-12-17T15:42:28.503-0500: 2130,757: Total time for which application threads were stopped: 0,0003238 seconds, Stopping threads took: 0,0000592 seconds
2015-12-17T15:43:33.509-0500: 2195,763: Total time for which application threads were stopped: 0,0000934 seconds, Stopping threads took: 0,0000324 seconds
2015-12-17T15:43:58.512-0500: 2220,765: Total time for which application threads were stopped: 0,0001145 seconds, Stopping threads took: 0,0000424 seconds
2015-12-17T15:44:00.426-0500: 2222,680: Total time for which application threads were stopped: 0,0005666 seconds, Stopping threads took: 0,0000383 seconds
2015-12-17T15:44:01.427-0500: 2223,681: Total time for which application threads were stopped: 0,0001522 seconds, Stopping threads took: 0,0000333 seconds
2015-12-17T15:44:07.427-0500: 2229,681: Total time for which application threads were stopped: 0,0001884 seconds, Stopping threads took: 0,0000722 seconds
2015-12-17T15:44:08.428-0500: 2230,682: Total time for which application threads were stopped: 0,0001066 seconds, Stopping threads took: 0,0000284 seconds
2015-12-17T15:44:13.428-0500: 2235,682: Total time for which application threads were stopped: 0,0001829 seconds, Stopping threads took: 0,0000453 seconds
2015-12-17T15:44:22.429-0500: 2244,683: Total time for which application threads were stopped: 0,0000752 seconds, Stopping threads took: 0,0000199 seconds
2015-12-17T15:45:12.435-0500: 2294,689: Total time for which application threads were stopped: 0,0000833 seconds, Stopping threads took: 0,0000308 seconds
2015-12-17T15:45:19.512-0500: 2301,766: Total time for which application threads were stopped: 0,0001067 seconds, Stopping threads took: 0,0000439 seconds
2015-12-17T15:45:20.513-0500: 2302,767: Total time for which application threads were stopped: 0,0000769 seconds, Stopping threads took: 0,0000216 seconds
2015-12-17T15:45:27.779-0500: 2310,033: Total time for which application threads were stopped: 0,0001015 seconds, Stopping threads took: 0,0000306 seconds
2015-12-17T15:45:45.781-0500: 2328,035: Total time for which application threads were stopped: 0,0000878 seconds, Stopping threads took: 0,0000307 seconds
2015-12-17T15:45:57.782-0500: 2340,036: Total time for which application threads were stopped: 0,0000929 seconds, Stopping threads took: 0,0000249 seconds
2015-12-17T15:45:57.817-0500: 2340,071: Total time for which application threads were stopped: 0,0001291 seconds, Stopping threads took: 0,0000212 seconds
2015-12-17T15:45:57.817-0500: 2340,071: Total time for which application threads were stopped: 0,0000493 seconds, Stopping threads took: 0,0000100 seconds
2015-12-17T15:45:57.875-0500: 2340,129: Total time for which application threads were stopped: 0,0002605 seconds, Stopping threads took: 0,0000787 seconds
2015-12-17T15:45:57.875-0500: 2340,129: Total time for which application threads were stopped: 0,0001029 seconds, Stopping threads took: 0,0000271 seconds
2015-12-17T15:45:58.875-0500: 2341,129: Total time for which application threads were stopped: 0,0000839 seconds, Stopping threads took: 0,0000202 seconds
2015-12-17T15:46:35.879-0500: 2378,133: Total time for which application threads were stopped: 0,0001317 seconds, Stopping threads took: 0,0000386 seconds
2015-12-17T15:46:36.879-0500: 2379,133: Total time for which application threads were stopped: 0,0000798 seconds, Stopping threads took: 0,0000210 seconds
2015-12-17T15:46:48.881-0500: 2391,135: Total time for which application threads were stopped: 0,0001215 seconds, Stopping threads took: 0,0000318 seconds
2015-12-17T15:46:57.875-0500: 2400,129: Total time for which application threads were stopped: 0,0001847 seconds, Stopping threads took: 0,0000637 seconds
2015-12-17T15:47:11.877-0500: 2414,131: Total time for which application threads were stopped: 0,0001183 seconds, Stopping threads took: 0,0000430 seconds
2015-12-17T15:49:29.008-0500: 2551,262: Total time for which application threads were stopped: 0,0001298 seconds, Stopping threads took: 0,0000533 seconds
2015-12-17T15:50:56.513-0500: 2638,767: Total time for which application threads were stopped: 0,0001021 seconds, Stopping threads took: 0,0000273 seconds
2015-12-17T15:50:56.591-0500: 2638,845: Total time for which application threads were stopped: 0,0001007 seconds, Stopping threads took: 0,0000211 seconds
2015-12-17T15:50:57.591-0500: 2639,845: Total time for which application threads were stopped: 0,0001050 seconds, Stopping threads took: 0,0000255 seconds
2015-12-17T15:51:02.481-0500: 2644,735: Total time for which application threads were stopped: 0,0002618 seconds, Stopping threads took: 0,0000245 seconds
2015-12-17T15:51:03.576-0500: 2645,830: Total time for which application threads were stopped: 0,0001013 seconds, Stopping threads took: 0,0000215 seconds
2015-12-17T15:51:03.693-0500: 2645,947: Total time for which application threads were stopped: 0,0007086 seconds, Stopping threads took: 0,0001562 seconds
2015-12-17T15:52:21.959-0500: 2724,213: Total time for which application threads were stopped: 0,0001151 seconds, Stopping threads took: 0,0000343 seconds
2015-12-17T15:52:22.959-0500: 2725,213: Total time for which application threads were stopped: 0,0001132 seconds, Stopping threads took: 0,0000401 seconds
2015-12-17T15:52:38.837-0500: 2741,091: Total time for which application threads were stopped: 0,0001236 seconds, Stopping threads took: 0,0000225 seconds
2015-12-17T15:52:39.837-0500: 2742,091: Total time for which application threads were stopped: 0,0000738 seconds, Stopping threads took: 0,0000199 seconds
2015-12-17T15:52:39.975-0500: 2742,229: Total time for which application threads were stopped: 0,0001041 seconds, Stopping threads took: 0,0000197 seconds
2015-12-17T15:52:40.034-0500: 2742,288: Total time for which application threads were stopped: 0,0001068 seconds, Stopping threads took: 0,0000185 seconds
2015-12-17T15:52:41.034-0500: 2743,288: Total time for which application threads were stopped: 0,0000817 seconds, Stopping threads took: 0,0000219 seconds
2015-12-17T15:54:30.063-0500: 2852,317: Total time for which application threads were stopped: 0,0001527 seconds, Stopping threads took: 0,0000400 seconds
2015-12-17T15:54:31.394-0500: 2853,648: Total time for which application threads were stopped: 0,0001083 seconds, Stopping threads took: 0,0000229 seconds
2015-12-17T15:54:31.454-0500: 2853,708: Total time for which application threads were stopped: 0,0001090 seconds, Stopping threads took: 0,0000194 seconds
2015-12-17T15:55:03.516-0500: 2885,770: Total time for which application threads were stopped: 0,0001212 seconds, Stopping threads took: 0,0000384 seconds
2015-12-17T15:55:04.516-0500: 2886,770: Total time for which application threads were stopped: 0,0000870 seconds, Stopping threads took: 0,0000215 seconds
2015-12-17T15:55:04.754-0500: 2887,008: Total time for which application threads were stopped: 0,0001779 seconds, Stopping threads took: 0,0000358 seconds
2015-12-17T15:55:04.807-0500: 2887,061: Total time for which application threads were stopped: 0,0000989 seconds, Stopping threads took: 0,0000214 seconds
2015-12-17T15:55:05.807-0500: 2888,061: Total time for which application threads were stopped: 0,0001213 seconds, Stopping threads took: 0,0000235 seconds
2015-12-17T15:56:50.829-0500: 2993,083: Total time for which application threads were stopped: 0,0001163 seconds, Stopping threads took: 0,0000391 seconds
2015-12-17T15:56:52.230-0500: 2994,484: Total time for which application threads were stopped: 0,0000960 seconds, Stopping threads took: 0,0000193 seconds
2015-12-17T15:56:53.230-0500: 2995,484: Total time for which application threads were stopped: 0,0004008 seconds, Stopping threads took: 0,0001382 seconds
2015-12-17T15:57:34.535-0500: 3036,789: Total time for which application threads were stopped: 0,0001870 seconds, Stopping threads took: 0,0000244 seconds
2015-12-17T15:57:35.339-0500: 3037,593: Total time for which application threads were stopped: 0,0002790 seconds, Stopping threads took: 0,0001686 seconds
2015-12-17T15:57:35.403-0500: 3037,657: Total time for which application threads were stopped: 0,0001345 seconds, Stopping threads took: 0,0000278 seconds
2015-12-17T15:58:38.781-0500: 3101,035: Total time for which application threads were stopped: 0,0001274 seconds, Stopping threads took: 0,0000357 seconds
2015-12-17T15:58:39.588-0500: 3101,842: Total time for which application threads were stopped: 0,0001170 seconds, Stopping threads took: 0,0000269 seconds
2015-12-17T15:58:39.644-0500: 3101,898: Total time for which application threads were stopped: 0,0001404 seconds, Stopping threads took: 0,0000470 seconds
2015-12-17T15:58:40.644-0500: 3102,898: Total time for which application threads were stopped: 0,0001042 seconds, Stopping threads took: 0,0000274 seconds
2015-12-17T15:59:05.629-0500: 3127,883: Total time for which application threads were stopped: 0,0001080 seconds, Stopping threads took: 0,0000335 seconds
2015-12-17T15:59:06.207-0500: 3128,461: Total time for which application threads were stopped: 0,0001013 seconds, Stopping threads took: 0,0000190 seconds
2015-12-17T15:59:07.207-0500: 3129,461: Total time for which application threads were stopped: 0,0000930 seconds, Stopping threads took: 0,0000262 seconds
2015-12-17T16:01:00.840-0500: 3243,094: Total time for which application threads were stopped: 0,0001114 seconds, Stopping threads took: 0,0000377 seconds
2015-12-17T16:01:01.417-0500: 3243,671: Total time for which application threads were stopped: 0,0001187 seconds, Stopping threads took: 0,0000207 seconds
2015-12-17T16:01:02.417-0500: 3244,671: Total time for which application threads were stopped: 0,0000858 seconds, Stopping threads took: 0,0000210 seconds
2015-12-17T16:01:43.207-0500: 3285,461: Total time for which application threads were stopped: 0,0001115 seconds, Stopping threads took: 0,0000380 seconds
2015-12-17T16:01:44.143-0500: 3286,397: Total time for which application threads were stopped: 0,0001156 seconds, Stopping threads took: 0,0000192 seconds
2015-12-17T16:01:44.243-0500: 3286,497: Total time for which application threads were stopped: 0,0001550 seconds, Stopping threads took: 0,0000229 seconds
2015-12-17T16:01:45.244-0500: 3287,498: Total time for which application threads were stopped: 0,0000853 seconds, Stopping threads took: 0,0000232 seconds
2015-12-17T16:01:48.545-0500: 3290,799: Total time for which application threads were stopped: 0,0001409 seconds, Stopping threads took: 0,0000427 seconds
2015-12-17T16:01:49.304-0500: 3291,558: Total time for which application threads were stopped: 0,0001131 seconds, Stopping threads took: 0,0000193 seconds
2015-12-17T16:01:49.391-0500: 3291,645: Total time for which application threads were stopped: 0,0001064 seconds, Stopping threads took: 0,0000211 seconds
2015-12-17T16:01:49.422-0500: 3291,676: Total time for which application threads were stopped: 0,0001088 seconds, Stopping threads took: 0,0000311 seconds
2015-12-17T16:01:49.453-0500: 3291,707: Total time for which application threads were stopped: 0,0001057 seconds, Stopping threads took: 0,0000201 seconds
2015-12-17T16:02:14.345-0500: 3316,599: Total time for which application threads were stopped: 0,0001076 seconds, Stopping threads took: 0,0000337 seconds
2015-12-17T16:02:15.124-0500: 3317,378: Total time for which application threads were stopped: 0,0000994 seconds, Stopping threads took: 0,0000213 seconds
2015-12-17T16:04:45.138-0500: 3467,392: Total time for which application threads were stopped: 0,0000830 seconds, Stopping threads took: 0,0000300 seconds
2015-12-17T16:04:59.140-0500: 3481,394: Total time for which application threads were stopped: 0,0001160 seconds, Stopping threads took: 0,0000318 seconds
2015-12-17T16:05:13.280-0500: 3495,534: Total time for which application threads were stopped: 0,0001195 seconds, Stopping threads took: 0,0000315 seconds
2015-12-17T16:05:14.050-0500: 3496,304: Total time for which application threads were stopped: 0,0001155 seconds, Stopping threads took: 0,0000344 seconds
2015-12-17T16:05:15.050-0500: 3497,304: Total time for which application threads were stopped: 0,0001920 seconds, Stopping threads took: 0,0000470 seconds
2015-12-17T16:05:55.054-0500: 3537,308: Total time for which application threads were stopped: 0,0000886 seconds, Stopping threads took: 0,0000305 seconds
2015-12-17T16:06:22.360-0500: 3564,614: Total time for which application threads were stopped: 0,0001948 seconds, Stopping threads took: 0,0000425 seconds
2015-12-17T16:06:23.290-0500: 3565,544: Total time for which application threads were stopped: 0,0001342 seconds, Stopping threads took: 0,0000332 seconds
2015-12-17T16:06:23.346-0500: 3565,600: Total time for which application threads were stopped: 0,0001422 seconds, Stopping threads took: 0,0000283 seconds
2015-12-17T16:06:23.371-0500: 3565,625: Total time for which application threads were stopped: 0,0001260 seconds, Stopping threads took: 0,0000261 seconds
2015-12-17T16:06:23.404-0500: 3565,658: Total time for which application threads were stopped: 0,0001251 seconds, Stopping threads took: 0,0000389 seconds
2015-12-17T16:06:23.430-0500: 3565,684: Total time for which application threads were stopped: 0,0001236 seconds, Stopping threads took: 0,0000241 seconds
2015-12-17T16:08:09.440-0500: 3671,694: Total time for which application threads were stopped: 0,0000835 seconds, Stopping threads took: 0,0000269 seconds
2015-12-17T16:17:30.859-0500: 4233,113: Total time for which application threads were stopped: 0,0001363 seconds, Stopping threads took: 0,0000381 seconds
2015-12-17T16:17:31.859-0500: 4234,113: Total time for which application threads were stopped: 0,0000814 seconds, Stopping threads took: 0,0000200 seconds
2015-12-17T16:17:31.953-0500: 4234,207: Total time for which application threads were stopped: 0,0001001 seconds, Stopping threads took: 0,0000211 seconds
2015-12-17T16:17:32.019-0500: 4234,273: Total time for which application threads were stopped: 0,0001216 seconds, Stopping threads took: 0,0000201 seconds
2015-12-17T16:17:32.048-0500: 4234,302: Total time for which application threads were stopped: 0,0001040 seconds, Stopping threads took: 0,0000181 seconds
2015-12-17T16:17:32.077-0500: 4234,331: Total time for which application threads were stopped: 0,0001421 seconds, Stopping threads took: 0,0000234 seconds
2015-12-17T16:17:32.109-0500: 4234,363: Total time for which application threads were stopped: 0,0001036 seconds, Stopping threads took: 0,0000198 seconds
2015-12-17T16:17:49.648-0500: 4251,902: Total time for which application threads were stopped: 0,0001135 seconds, Stopping threads took: 0,0000219 seconds
2015-12-17T16:17:50.648-0500: 4252,902: Total time for which application threads were stopped: 0,0001060 seconds, Stopping threads took: 0,0000208 seconds
2015-12-17T16:17:50.767-0500: 4253,021: Total time for which application threads were stopped: 0,0001115 seconds, Stopping threads took: 0,0000172 seconds
2015-12-17T16:17:50.844-0500: 4253,098: Total time for which application threads were stopped: 0,0001183 seconds, Stopping threads took: 0,0000239 seconds
2015-12-17T16:17:50.879-0500: 4253,133: Total time for which application threads were stopped: 0,0001465 seconds, Stopping threads took: 0,0000312 seconds
2015-12-17T16:17:50.910-0500: 4253,164: Total time for which application threads were stopped: 0,0001475 seconds, Stopping threads took: 0,0000359 seconds
2015-12-17T16:17:50.939-0500: 4253,193: Total time for which application threads were stopped: 0,0001308 seconds, Stopping threads took: 0,0000400 seconds
2015-12-17T16:18:31.637-0500: 4293,891: Total time for which application threads were stopped: 0,0001116 seconds, Stopping threads took: 0,0000369 seconds
2015-12-17T16:18:32.637-0500: 4294,891: Total time for which application threads were stopped: 0,0001110 seconds, Stopping threads took: 0,0000296 seconds
2015-12-17T16:18:36.228-0500: 4298,482: Total time for which application threads were stopped: 0,0001138 seconds, Stopping threads took: 0,0000306 seconds
2015-12-17T16:18:37.228-0500: 4299,482: Total time for which application threads were stopped: 0,0000761 seconds, Stopping threads took: 0,0000201 seconds
2015-12-17T16:18:37.483-0500: 4299,737: Total time for which application threads were stopped: 0,0001064 seconds, Stopping threads took: 0,0000220 seconds
2015-12-17T16:18:38.483-0500: 4300,737: Total time for which application threads were stopped: 0,0000930 seconds, Stopping threads took: 0,0000231 seconds
2015-12-17T16:20:08.387-0500: 4390,641: Total time for which application threads were stopped: 0,0001067 seconds, Stopping threads took: 0,0000296 seconds
2015-12-17T16:20:09.387-0500: 4391,641: Total time for which application threads were stopped: 0,0000909 seconds, Stopping threads took: 0,0000231 seconds
2015-12-17T16:20:09.666-0500: 4391,920: Total time for which application threads were stopped: 0,0001030 seconds, Stopping threads took: 0,0000299 seconds
2015-12-17T16:20:10.666-0500: 4392,920: Total time for which application threads were stopped: 0,0000922 seconds, Stopping threads took: 0,0000206 seconds
2015-12-17T16:20:10.746-0500: 4392,999: Total time for which application threads were stopped: 0,0001055 seconds, Stopping threads took: 0,0000300 seconds
2015-12-17T16:20:11.746-0500: 4394,000: Total time for which application threads were stopped: 0,0000807 seconds, Stopping threads took: 0,0000210 seconds
2015-12-17T16:20:14.494-0500: 4396,748: Total time for which application threads were stopped: 0,0001390 seconds, Stopping threads took: 0,0000276 seconds
2015-12-17T16:20:15.409-0500: 4397,663: Total time for which application threads were stopped: 0,0001775 seconds, Stopping threads took: 0,0000275 seconds
2015-12-17T16:20:15.558-0500: 4397,812: Total time for which application threads were stopped: 0,0000961 seconds, Stopping threads took: 0,0000205 seconds
2015-12-17T16:20:15.588-0500: 4397,842: Total time for which application threads were stopped: 0,0001072 seconds, Stopping threads took: 0,0000207 seconds
2015-12-17T16:20:15.617-0500: 4397,871: Total time for which application threads were stopped: 0,0001093 seconds, Stopping threads took: 0,0000199 seconds
2015-12-17T16:20:15.640-0500: 4397,894: Total time for which application threads were stopped: 0,0001180 seconds, Stopping threads took: 0,0000196 seconds
2015-12-17T16:20:16.640-0500: 4398,894: Total time for which application threads were stopped: 0,0000780 seconds, Stopping threads took: 0,0000200 seconds
2015-12-17T16:20:19.368-0500: 4401,622: Total time for which application threads were stopped: 0,0001038 seconds, Stopping threads took: 0,0000295 seconds
2015-12-17T16:20:19.949-0500: 4402,203: Total time for which application threads were stopped: 0,0001544 seconds, Stopping threads took: 0,0000337 seconds
2015-12-17T16:20:20.056-0500: 4402,310: Total time for which application threads were stopped: 0,0001195 seconds, Stopping threads took: 0,0000211 seconds
2015-12-17T16:20:21.056-0500: 4403,310: Total time for which application threads were stopped: 0,0000888 seconds, Stopping threads took: 0,0000222 seconds
2015-12-17T16:20:54.784-0500: 4437,038: Total time for which application threads were stopped: 0,0001823 seconds, Stopping threads took: 0,0000492 seconds
2015-12-17T16:20:55.784-0500: 4438,038: Total time for which application threads were stopped: 0,0000892 seconds, Stopping threads took: 0,0000222 seconds
2015-12-17T16:20:56.059-0500: 4438,313: Total time for which application threads were stopped: 0,0000973 seconds, Stopping threads took: 0,0000179 seconds
2015-12-17T16:20:57.059-0500: 4439,313: Total time for which application threads were stopped: 0,0000939 seconds, Stopping threads took: 0,0000320 seconds
2015-12-17T16:21:00.203-0500: 4442,457: Total time for which application threads were stopped: 0,0002112 seconds, Stopping threads took: 0,0000828 seconds
2015-12-17T16:21:00.792-0500: 4443,046: Total time for which application threads were stopped: 0,0001141 seconds, Stopping threads took: 0,0000237 seconds
2015-12-17T16:21:03.467-0500: 4445,721: Total time for which application threads were stopped: 0,0001479 seconds, Stopping threads took: 0,0000748 seconds
2015-12-17T16:21:04.080-0500: 4446,333: Total time for which application threads were stopped: 0,0001261 seconds, Stopping threads took: 0,0000301 seconds
2015-12-17T16:29:35.262-0500: 4957,516: Total time for which application threads were stopped: 0,0001556 seconds, Stopping threads took: 0,0000454 seconds
2015-12-17T16:29:35.505-0500: 4957,759: Total time for which application threads were stopped: 0,0000815 seconds, Stopping threads took: 0,0000190 seconds
2015-12-17T16:29:35.512-0500: 4957,766: Total time for which application threads were stopped: 0,0000996 seconds, Stopping threads took: 0,0000242 seconds
2015-12-17T16:29:35.519-0500: 4957,773: Total time for which application threads were stopped: 0,0001126 seconds, Stopping threads took: 0,0000214 seconds
2015-12-17T16:29:35.522-0500: 4957,776: Total time for which application threads were stopped: 0,0000783 seconds, Stopping threads took: 0,0000110 seconds
2015-12-17T16:29:35.527-0500: 4957,781: Total time for which application threads were stopped: 0,0000869 seconds, Stopping threads took: 0,0000151 seconds
2015-12-17T16:29:35.737-0500: 4957,991: Total time for which application threads were stopped: 0,0001077 seconds, Stopping threads took: 0,0000315 seconds
2015-12-17T16:29:35.737-0500: 4957,991: Total time for which application threads were stopped: 0,0000484 seconds, Stopping threads took: 0,0000106 seconds
2015-12-17T16:29:35.738-0500: 4957,992: Total time for which application threads were stopped: 0,0000610 seconds, Stopping threads took: 0,0000119 seconds
2015-12-17T16:29:35.741-0500: 4957,995: Total time for which application threads were stopped: 0,0001946 seconds, Stopping threads took: 0,0000148 seconds
2015-12-17T16:29:36.697-0500: 4958,951: Total time for which application threads were stopped: 0,0001391 seconds, Stopping threads took: 0,0000411 seconds
2015-12-17T16:29:36.698-0500: 4958,951: Total time for which application threads were stopped: 0,0000515 seconds, Stopping threads took: 0,0000118 seconds
2015-12-17T16:29:36.726-0500: 4958,980: Total time for which application threads were stopped: 0,0000975 seconds, Stopping threads took: 0,0000308 seconds
2015-12-17T16:29:36.727-0500: 4958,981: Total time for which application threads were stopped: 0,0000987 seconds, Stopping threads took: 0,0000297 seconds
2015-12-17T16:29:37.727-0500: 4959,981: Total time for which application threads were stopped: 0,0000838 seconds, Stopping threads took: 0,0000203 seconds
2015-12-17T16:29:38.727-0500: 4960,981: Total time for which application threads were stopped: 0,0001445 seconds, Stopping threads took: 0,0000334 seconds
2015-12-17T16:29:43.728-0500: 4965,982: Total time for which application threads were stopped: 0,0001186 seconds, Stopping threads took: 0,0000308 seconds
2015-12-17T16:29:44.728-0500: 4966,982: Total time for which application threads were stopped: 0,0000852 seconds, Stopping threads took: 0,0000204 seconds
2015-12-17T16:29:46.592-0500: 4968,846: Total time for which application threads were stopped: 0,0001012 seconds, Stopping threads took: 0,0000193 seconds
2015-12-17T16:29:46.611-0500: 4968,865: Total time for which application threads were stopped: 0,0001145 seconds, Stopping threads took: 0,0000201 seconds
2015-12-17T16:29:46.612-0500: 4968,866: Total time for which application threads were stopped: 0,0000613 seconds, Stopping threads took: 0,0000116 seconds
{Heap before GC invocations=14 (full 1):
 par new generation   total 109248K, used 101695K [0x00000000e0000000, 0x00000000e8000000, 0x00000000e8000000)
  eden space 87424K,  99% used [0x00000000e0000000, 0x00000000e555a4a8, 0x00000000e5560000)
  from space 21824K,  65% used [0x00000000e5560000, 0x00000000e63558e0, 0x00000000e6ab0000)
  to   space 21824K,   0% used [0x00000000e6ab0000, 0x00000000e6ab0000, 0x00000000e8000000)
 concurrent mark-sweep generation total 393216K, used 22210K [0x00000000e8000000, 0x0000000100000000, 0x0000000100000000)
 Metaspace       used 35363K, capacity 35772K, committed 35992K, reserved 1081344K
  class space    used 3821K, capacity 3942K, committed 3992K, reserved 1048576K
2015-12-17T16:29:47.173-0500: 4969,427: [GC (Allocation Failure) 2015-12-17T16:29:47.173-0500: 4969,427: [ParNew
Desired survivor size 20112992 bytes, new threshold 8 (max 8)
- age   1:    2674696 bytes,    2674696 total
- age   2:     721576 bytes,    3396272 total
- age   3:    3137936 bytes,    6534208 total
- age   4:    6945776 bytes,   13479984 total
: 101695K->15140K(109248K), 0,0078421 secs] 123906K->37351K(502464K), 0,0079363 secs] [Times: user=0,03 sys=0,00, real=0,01 secs] 
Heap after GC invocations=15 (full 1):
 par new generation   total 109248K, used 15140K [0x00000000e0000000, 0x00000000e8000000, 0x00000000e8000000)
  eden space 87424K,   0% used [0x00000000e0000000, 0x00000000e0000000, 0x00000000e5560000)
  from space 21824K,  69% used [0x00000000e6ab0000, 0x00000000e79793c0, 0x00000000e8000000)
  to   space 21824K,   0% used [0x00000000e5560000, 0x00000000e5560000, 0x00000000e6ab0000)
 concurrent mark-sweep generation total 393216K, used 22210K [0x00000000e8000000, 0x0000000100000000, 0x0000000100000000)
 Metaspace       used 35363K, capacity 35772K, committed 35992K, reserved 1081344K
  class space    used 3821K, capacity 3942K, committed 3992K, reserved 1048576K
}
2015-12-17T16:29:47.181-0500: 4969,435: Total time for which application threads were stopped: 0,0081202 seconds, Stopping threads took: 0,0000328 seconds
2015-12-17T16:29:47.184-0500: 4969,438: Total time for which application threads were stopped: 0,0001619 seconds, Stopping threads took: 0,0000493 seconds
2015-12-17T16:29:47.184-0500: 4969,438: Total time for which application threads were stopped: 0,0000860 seconds, Stopping threads took: 0,0000316 seconds
{Heap before GC invocations=15 (full 1):
 par new generation   total 109248K, used 102560K [0x00000000e0000000, 0x00000000e8000000, 0x00000000e8000000)
  eden space 87424K,  99% used [0x00000000e0000000, 0x00000000e555ee10, 0x00000000e5560000)
  from space 21824K,  69% used [0x00000000e6ab0000, 0x00000000e79793c0, 0x00000000e8000000)
  to   space 21824K,   0% used [0x00000000e5560000, 0x00000000e5560000, 0x00000000e6ab0000)
 concurrent mark-sweep generation total 393216K, used 22210K [0x00000000e8000000, 0x0000000100000000, 0x0000000100000000)
 Metaspace       used 35409K, capacity 35820K, committed 35992K, reserved 1081344K
  class space    used 3826K, capacity 3950K, committed 3992K, reserved 1048576K
2015-12-17T16:29:47.246-0500: 4969,500: [GC (Allocation Failure) 2015-12-17T16:29:47.246-0500: 4969,500: [ParNew
Desired survivor size 20112992 bytes, new threshold 8 (max 8)
- age   1:     929000 bytes,     929000 total
- age   2:    2179256 bytes,    3108256 total
- age   3:     721576 bytes,    3829832 total
- age   4:    3137936 bytes,    6967768 total
- age   5:    6945776 bytes,   13913544 total
: 102560K->16482K(109248K), 0,0077824 secs] 124771K->38693K(502464K), 0,0078719 secs] [Times: user=0,03 sys=0,00, real=0,01 secs] 
Heap after GC invocations=16 (full 1):
 par new generation   total 109248K, used 16482K [0x00000000e0000000, 0x00000000e8000000, 0x00000000e8000000)
  eden space 87424K,   0% used [0x00000000e0000000, 0x00000000e0000000, 0x00000000e5560000)
  from space 21824K,  75% used [0x00000000e5560000, 0x00000000e6578970, 0x00000000e6ab0000)
  to   space 21824K,   0% used [0x00000000e6ab0000, 0x00000000e6ab0000, 0x00000000e8000000)
 concurrent mark-sweep generation total 393216K, used 22210K [0x00000000e8000000, 0x0000000100000000, 0x0000000100000000)
 Metaspace       used 35409K, capacity 35820K, committed 35992K, reserved 1081344K
  class space    used 3826K, capacity 3950K, committed 3992K, reserved 1048576K
}
2015-12-17T16:29:47.254-0500: 4969,508: Total time for which application threads were stopped: 0,0081284 seconds, Stopping threads took: 0,0000492 seconds
2015-12-17T16:29:47.254-0500: 4969,508: Total time for which application threads were stopped: 0,0001380 seconds, Stopping threads took: 0,0000301 seconds
2015-12-17T16:29:47.254-0500: 4969,508: Total time for which application threads were stopped: 0,0000658 seconds, Stopping threads took: 0,0000160 seconds
{Heap before GC invocations=16 (full 1):
 par new generation   total 109248K, used 103906K [0x00000000e0000000, 0x00000000e8000000, 0x00000000e8000000)
  eden space 87424K, 100% used [0x00000000e0000000, 0x00000000e5560000, 0x00000000e5560000)
  from space 21824K,  75% used [0x00000000e5560000, 0x00000000e6578970, 0x00000000e6ab0000)
  to   space 21824K,   0% used [0x00000000e6ab0000, 0x00000000e6ab0000, 0x00000000e8000000)
 concurrent mark-sweep generation total 393216K, used 22210K [0x00000000e8000000, 0x0000000100000000, 0x0000000100000000)
 Metaspace       used 35446K, capacity 35896K, committed 36248K, reserved 1081344K
  class space    used 3827K, capacity 3952K, committed 3992K, reserved 1048576K
2015-12-17T16:29:47.385-0500: 4969,639: [GC (Allocation Failure) 2015-12-17T16:29:47.385-0500: 4969,639: [ParNew
Desired survivor size 20112992 bytes, new threshold 8 (max 8)
- age   1:     536384 bytes,     536384 total
- age   2:     899248 bytes,    1435632 total
- age   3:    2168992 bytes,    3604624 total
- age   4:     721576 bytes,    4326200 total
- age   5:    3137936 bytes,    7464136 total
- age   6:    6945776 bytes,   14409912 total
: 103906K->19150K(109248K), 0,0086053 secs] 126117K->41361K(502464K), 0,0086799 secs] [Times: user=0,03 sys=0,00, real=0,01 secs] 
Heap after GC invocations=17 (full 1):
 par new generation   total 109248K, used 19150K [0x00000000e0000000, 0x00000000e8000000, 0x00000000e8000000)
  eden space 87424K,   0% used [0x00000000e0000000, 0x00000000e0000000, 0x00000000e5560000)
  from space 21824K,  87% used [0x00000000e6ab0000, 0x00000000e7d638c8, 0x00000000e8000000)
  to   space 21824K,   0% used [0x00000000e5560000, 0x00000000e5560000, 0x00000000e6ab0000)
 concurrent mark-sweep generation total 393216K, used 22210K [0x00000000e8000000, 0x0000000100000000, 0x0000000100000000)
 Metaspace       used 35446K, capacity 35896K, committed 36248K, reserved 1081344K
  class space    used 3827K, capacity 3952K, committed 3992K, reserved 1048576K
}
2015-12-17T16:29:47.393-0500: 4969,647: Total time for which application threads were stopped: 0,0088568 seconds, Stopping threads took: 0,0000245 seconds
2015-12-17T16:29:47.449-0500: 4969,703: Total time for which application threads were stopped: 0,0003179 seconds, Stopping threads took: 0,0002100 seconds
2015-12-17T16:29:47.464-0500: 4969,718: Total time for which application threads were stopped: 0,0001233 seconds, Stopping threads took: 0,0000214 seconds
2015-12-17T16:29:47.466-0500: 4969,720: Total time for which application threads were stopped: 0,0000912 seconds, Stopping threads took: 0,0000251 seconds
2015-12-17T16:29:47.466-0500: 4969,720: Total time for which application threads were stopped: 0,0000674 seconds, Stopping threads took: 0,0000263 seconds
2015-12-17T16:29:47.493-0500: 4969,747: Total time for which application threads were stopped: 0,0001554 seconds, Stopping threads took: 0,0000638 seconds
2015-12-17T16:29:47.493-0500: 4969,747: Total time for which application threads were stopped: 0,0000743 seconds, Stopping threads took: 0,0000257 seconds
2015-12-17T16:29:47.623-0500: 4969,877: Total time for which application threads were stopped: 0,0002570 seconds, Stopping threads took: 0,0000998 seconds
2015-12-17T16:29:47.624-0500: 4969,878: Total time for which application threads were stopped: 0,0000671 seconds, Stopping threads took: 0,0000170 seconds
2015-12-17T16:29:47.624-0500: 4969,878: Total time for which application threads were stopped: 0,0000473 seconds, Stopping threads took: 0,0000214 seconds
2015-12-17T16:29:47.624-0500: 4969,878: Total time for which application threads were stopped: 0,0000559 seconds, Stopping threads took: 0,0000167 seconds
2015-12-17T16:29:47.624-0500: 4969,878: Total time for which application threads were stopped: 0,0000592 seconds, Stopping threads took: 0,0000167 seconds
2015-12-17T16:29:47.624-0500: 4969,878: Total time for which application threads were stopped: 0,0000596 seconds, Stopping threads took: 0,0000211 seconds
2015-12-17T16:29:47.632-0500: 4969,886: Total time for which application threads were stopped: 0,0001245 seconds, Stopping threads took: 0,0000265 seconds
2015-12-17T16:29:48.632-0500: 4970,886: Total time for which application threads were stopped: 0,0001365 seconds, Stopping threads took: 0,0000483 seconds
2015-12-17T16:29:50.756-0500: 4973,010: Total time for which application threads were stopped: 0,0001662 seconds, Stopping threads took: 0,0000421 seconds
2015-12-17T16:29:50.824-0500: 4973,078: Total time for which application threads were stopped: 0,0006430 seconds, Stopping threads took: 0,0000198 seconds
2015-12-17T16:29:50.863-0500: 4973,117: Total time for which application threads were stopped: 0,0001593 seconds, Stopping threads took: 0,0000404 seconds
2015-12-17T16:29:50.863-0500: 4973,117: Total time for which application threads were stopped: 0,0001358 seconds, Stopping threads took: 0,0000717 seconds
2015-12-17T16:29:50.866-0500: 4973,120: Total time for which application threads were stopped: 0,0001768 seconds, Stopping threads took: 0,0000621 seconds
2015-12-17T16:29:50.866-0500: 4973,120: Total time for which application threads were stopped: 0,0000390 seconds, Stopping threads took: 0,0000084 seconds
2015-12-17T16:29:51.695-0500: 4973,949: Total time for which application threads were stopped: 0,0001812 seconds, Stopping threads took: 0,0000607 seconds
2015-12-17T16:29:51.763-0500: 4974,017: Total time for which application threads were stopped: 0,0001317 seconds, Stopping threads took: 0,0000274 seconds
2015-12-17T16:29:51.763-0500: 4974,017: Total time for which application threads were stopped: 0,0001467 seconds, Stopping threads took: 0,0000783 seconds
2015-12-17T16:29:51.763-0500: 4974,017: Total time for which application threads were stopped: 0,0000649 seconds, Stopping threads took: 0,0000198 seconds
2015-12-17T16:29:51.764-0500: 4974,018: Total time for which application threads were stopped: 0,0000586 seconds, Stopping threads took: 0,0000186 seconds
2015-12-17T16:29:51.764-0500: 4974,018: Total time for which application threads were stopped: 0,0000577 seconds, Stopping threads took: 0,0000177 seconds
2015-12-17T16:29:51.764-0500: 4974,018: Total time for which application threads were stopped: 0,0000557 seconds, Stopping threads took: 0,0000089 seconds
2015-12-17T16:29:51.764-0500: 4974,018: Total time for which application threads were stopped: 0,0000396 seconds, Stopping threads took: 0,0000056 seconds
2015-12-17T16:29:51.765-0500: 4974,019: Total time for which application threads were stopped: 0,0000397 seconds, Stopping threads took: 0,0000069 seconds
2015-12-17T16:29:51.765-0500: 4974,019: Total time for which application threads were stopped: 0,0000391 seconds, Stopping threads took: 0,0000063 seconds
2015-12-17T16:29:51.765-0500: 4974,019: Total time for which application threads were stopped: 0,0000388 seconds, Stopping threads took: 0,0000063 seconds
2015-12-17T16:29:51.765-0500: 4974,019: Total time for which application threads were stopped: 0,0000431 seconds, Stopping threads took: 0,0000076 seconds
2015-12-17T16:29:51.765-0500: 4974,019: Total time for which application threads were stopped: 0,0000443 seconds, Stopping threads took: 0,0000084 seconds
2015-12-17T16:29:51.765-0500: 4974,019: Total time for which application threads were stopped: 0,0000397 seconds, Stopping threads took: 0,0000070 seconds
2015-12-17T16:29:51.765-0500: 4974,019: Total time for which application threads were stopped: 0,0000390 seconds, Stopping threads took: 0,0000064 seconds
2015-12-17T16:29:51.765-0500: 4974,019: Total time for which application threads were stopped: 0,0000406 seconds, Stopping threads took: 0,0000065 seconds
2015-12-17T16:29:51.765-0500: 4974,019: Total time for which application threads were stopped: 0,0000389 seconds, Stopping threads took: 0,0000064 seconds
2015-12-17T16:29:51.765-0500: 4974,019: Total time for which application threads were stopped: 0,0000389 seconds, Stopping threads took: 0,0000064 seconds
2015-12-17T16:29:51.765-0500: 4974,019: Total time for which application threads were stopped: 0,0000387 seconds, Stopping threads took: 0,0000063 seconds
2015-12-17T16:29:51.765-0500: 4974,019: Total time for which application threads were stopped: 0,0000386 seconds, Stopping threads took: 0,0000062 seconds
2015-12-17T16:29:51.765-0500: 4974,019: Total time for which application threads were stopped: 0,0000387 seconds, Stopping threads took: 0,0000065 seconds
2015-12-17T16:29:51.765-0500: 4974,019: Total time for which application threads were stopped: 0,0000386 seconds, Stopping threads took: 0,0000064 seconds
2015-12-17T16:29:51.765-0500: 4974,019: Total time for which application threads were stopped: 0,0001468 seconds, Stopping threads took: 0,0000065 seconds
2015-12-17T16:29:51.766-0500: 4974,020: Total time for which application threads were stopped: 0,0000422 seconds, Stopping threads took: 0,0000065 seconds
2015-12-17T16:29:51.766-0500: 4974,020: Total time for which application threads were stopped: 0,0000396 seconds, Stopping threads took: 0,0000064 seconds
2015-12-17T16:29:51.766-0500: 4974,020: Total time for which application threads were stopped: 0,0000399 seconds, Stopping threads took: 0,0000069 seconds
2015-12-17T16:29:51.766-0500: 4974,020: Total time for which application threads were stopped: 0,0000701 seconds, Stopping threads took: 0,0000133 seconds
2015-12-17T16:29:51.766-0500: 4974,020: Total time for which application threads were stopped: 0,0000454 seconds, Stopping threads took: 0,0000078 seconds
2015-12-17T16:29:51.766-0500: 4974,020: Total time for which application threads were stopped: 0,0000631 seconds, Stopping threads took: 0,0000127 seconds
2015-12-17T16:29:52.766-0500: 4975,020: Total time for which application threads were stopped: 0,0000771 seconds, Stopping threads took: 0,0000204 seconds
2015-12-17T16:29:53.778-0500: 4976,032: Total time for which application threads were stopped: 0,0001331 seconds, Stopping threads took: 0,0000293 seconds
2015-12-17T16:29:56.361-0500: 4978,615: Total time for which application threads were stopped: 0,0001868 seconds, Stopping threads took: 0,0000675 seconds
2015-12-17T16:29:56.362-0500: 4978,616: Total time for which application threads were stopped: 0,0000556 seconds, Stopping threads took: 0,0000163 seconds
2015-12-17T16:29:56.362-0500: 4978,616: Total time for which application threads were stopped: 0,0000618 seconds, Stopping threads took: 0,0000150 seconds
2015-12-17T16:29:56.362-0500: 4978,616: Total time for which application threads were stopped: 0,0000903 seconds, Stopping threads took: 0,0000408 seconds
2015-12-17T16:29:56.362-0500: 4978,616: Total time for which application threads were stopped: 0,0000497 seconds, Stopping threads took: 0,0000176 seconds
2015-12-17T16:29:56.362-0500: 4978,616: Total time for which application threads were stopped: 0,0000383 seconds, Stopping threads took: 0,0000100 seconds
2015-12-17T16:29:56.362-0500: 4978,616: Total time for which application threads were stopped: 0,0000368 seconds, Stopping threads took: 0,0000092 seconds
2015-12-17T16:29:56.362-0500: 4978,616: Total time for which application threads were stopped: 0,0000354 seconds, Stopping threads took: 0,0000082 seconds
2015-12-17T16:29:56.362-0500: 4978,616: Total time for which application threads were stopped: 0,0000386 seconds, Stopping threads took: 0,0000081 seconds
2015-12-17T16:29:56.362-0500: 4978,616: Total time for which application threads were stopped: 0,0000335 seconds, Stopping threads took: 0,0000064 seconds
2015-12-17T16:29:56.362-0500: 4978,616: Total time for which application threads were stopped: 0,0000431 seconds, Stopping threads took: 0,0000142 seconds
2015-12-17T16:29:56.362-0500: 4978,616: Total time for which application threads were stopped: 0,0000440 seconds, Stopping threads took: 0,0000153 seconds
2015-12-17T16:29:56.363-0500: 4978,617: Total time for which application threads were stopped: 0,0000451 seconds, Stopping threads took: 0,0000155 seconds
2015-12-17T16:29:56.363-0500: 4978,617: Total time for which application threads were stopped: 0,0000467 seconds, Stopping threads took: 0,0000160 seconds
2015-12-17T16:29:56.363-0500: 4978,617: Total time for which application threads were stopped: 0,0000404 seconds, Stopping threads took: 0,0000108 seconds
2015-12-17T16:29:56.363-0500: 4978,617: Total time for which application threads were stopped: 0,0000365 seconds, Stopping threads took: 0,0000080 seconds
2015-12-17T16:29:56.363-0500: 4978,617: Total time for which application threads were stopped: 0,0000377 seconds, Stopping threads took: 0,0000090 seconds
2015-12-17T16:29:56.363-0500: 4978,617: Total time for which application threads were stopped: 0,0000364 seconds, Stopping threads took: 0,0000084 seconds
2015-12-17T16:29:56.364-0500: 4978,618: Total time for which application threads were stopped: 0,0001500 seconds, Stopping threads took: 0,0000251 seconds
2015-12-17T16:29:56.364-0500: 4978,618: Total time for which application threads were stopped: 0,0005709 seconds, Stopping threads took: 0,0000386 seconds
2015-12-17T16:29:56.375-0500: 4978,629: Total time for which application threads were stopped: 0,0001078 seconds, Stopping threads took: 0,0000273 seconds
2015-12-17T16:29:56.402-0500: 4978,656: Total time for which application threads were stopped: 0,0000901 seconds, Stopping threads took: 0,0000290 seconds
2015-12-17T16:29:56.409-0500: 4978,663: Total time for which application threads were stopped: 0,0000811 seconds, Stopping threads took: 0,0000203 seconds
2015-12-17T16:29:56.409-0500: 4978,663: Total time for which application threads were stopped: 0,0000538 seconds, Stopping threads took: 0,0000198 seconds
2015-12-17T16:29:56.409-0500: 4978,663: Total time for which application threads were stopped: 0,0000392 seconds, Stopping threads took: 0,0000059 seconds
2015-12-17T16:29:56.436-0500: 4978,690: Total time for which application threads were stopped: 0,0000558 seconds, Stopping threads took: 0,0000184 seconds
2015-12-17T16:29:56.436-0500: 4978,690: Total time for which application threads were stopped: 0,0000615 seconds, Stopping threads took: 0,0000305 seconds
2015-12-17T16:29:56.436-0500: 4978,690: Total time for which application threads were stopped: 0,0000600 seconds, Stopping threads took: 0,0000302 seconds
2015-12-17T16:29:56.436-0500: 4978,690: Total time for which application threads were stopped: 0,0000310 seconds, Stopping threads took: 0,0000086 seconds
2015-12-17T16:29:56.436-0500: 4978,690: Total time for which application threads were stopped: 0,0000274 seconds, Stopping threads took: 0,0000071 seconds
2015-12-17T16:29:56.436-0500: 4978,690: Total time for which application threads were stopped: 0,0000309 seconds, Stopping threads took: 0,0000065 seconds
2015-12-17T16:29:56.437-0500: 4978,691: Total time for which application threads were stopped: 0,0000792 seconds, Stopping threads took: 0,0000336 seconds
2015-12-17T16:29:56.462-0500: 4978,716: Total time for which application threads were stopped: 0,0001342 seconds, Stopping threads took: 0,0000569 seconds
2015-12-17T16:29:56.486-0500: 4978,740: Total time for which application threads were stopped: 0,0001119 seconds, Stopping threads took: 0,0000298 seconds
2015-12-17T16:29:56.488-0500: 4978,742: Total time for which application threads were stopped: 0,0000434 seconds, Stopping threads took: 0,0000096 seconds
2015-12-17T16:29:56.491-0500: 4978,745: Total time for which application threads were stopped: 0,0000537 seconds, Stopping threads took: 0,0000222 seconds
2015-12-17T16:29:56.495-0500: 4978,749: Total time for which application threads were stopped: 0,0000718 seconds, Stopping threads took: 0,0000239 seconds
2015-12-17T16:29:56.495-0500: 4978,749: Total time for which application threads were stopped: 0,0000525 seconds, Stopping threads took: 0,0000151 seconds
2015-12-17T16:29:56.495-0500: 4978,749: Total time for which application threads were stopped: 0,0000625 seconds, Stopping threads took: 0,0000235 seconds
2015-12-17T16:29:56.521-0500: 4978,775: Total time for which application threads were stopped: 0,0000837 seconds, Stopping threads took: 0,0000159 seconds
2015-12-17T16:29:56.784-0500: 4979,038: Total time for which application threads were stopped: 0,0000867 seconds, Stopping threads took: 0,0000313 seconds
2015-12-17T16:29:57.393-0500: 4979,647: [GC (CMS Initial Mark) [1 CMS-initial-mark: 22210K(393216K)] 69554K(502464K), 0,0050746 secs] [Times: user=0,02 sys=0,00, real=0,00 secs] 
2015-12-17T16:29:57.398-0500: 4979,652: Total time for which application threads were stopped: 0,0052791 seconds, Stopping threads took: 0,0000936 seconds
2015-12-17T16:29:57.398-0500: 4979,652: [CMS-concurrent-mark-start]
2015-12-17T16:29:57.403-0500: 4979,657: Total time for which application threads were stopped: 0,0001372 seconds, Stopping threads took: 0,0000452 seconds
2015-12-17T16:29:57.403-0500: 4979,657: Total time for which application threads were stopped: 0,0001091 seconds, Stopping threads took: 0,0000789 seconds
2015-12-17T16:29:57.415-0500: 4979,669: [CMS-concurrent-mark: 0,016/0,017 secs] [Times: user=0,06 sys=0,00, real=0,02 secs] 
2015-12-17T16:29:57.415-0500: 4979,669: [CMS-concurrent-preclean-start]
2015-12-17T16:29:57.416-0500: 4979,670: [CMS-concurrent-preclean: 0,001/0,001 secs] [Times: user=0,00 sys=0,00, real=0,00 secs] 
2015-12-17T16:29:57.416-0500: 4979,670: [CMS-concurrent-abortable-preclean-start]
2015-12-17T16:29:57.822-0500: 4980,076: Total time for which application threads were stopped: 0,0001311 seconds, Stopping threads took: 0,0000312 seconds
2015-12-17T16:29:59.313-0500: 4981,567: Total time for which application threads were stopped: 0,0000889 seconds, Stopping threads took: 0,0000175 seconds
2015-12-17T16:29:59.314-0500: 4981,568: Total time for which application threads were stopped: 0,0001283 seconds, Stopping threads took: 0,0000645 seconds
{Heap before GC invocations=17 (full 2):
 par new generation   total 109248K, used 106574K [0x00000000e0000000, 0x00000000e8000000, 0x00000000e8000000)
  eden space 87424K, 100% used [0x00000000e0000000, 0x00000000e5560000, 0x00000000e5560000)
  from space 21824K,  87% used [0x00000000e6ab0000, 0x00000000e7d638c8, 0x00000000e8000000)
  to   space 21824K,   0% used [0x00000000e5560000, 0x00000000e5560000, 0x00000000e6ab0000)
 concurrent mark-sweep generation total 393216K, used 22210K [0x00000000e8000000, 0x0000000100000000, 0x0000000100000000)
 Metaspace       used 37170K, capacity 37730K, committed 37948K, reserved 1083392K
  class space    used 3932K, capacity 4093K, committed 4120K, reserved 1048576K
2015-12-17T16:29:59.595-0500: 4981,849: [GC (Allocation Failure) 2015-12-17T16:29:59.595-0500: 4981,849: [ParNew
Desired survivor size 20112992 bytes, new threshold 7 (max 8)
- age   1:    9513376 bytes,    9513376 total
- age   2:     130968 bytes,    9644344 total
- age   3:     156184 bytes,    9800528 total
- age   4:    1856744 bytes,   11657272 total
- age   5:     528904 bytes,   12186176 total
- age   6:    3137936 bytes,   15324112 total
- age   7:    6944576 bytes,   22268688 total
: 106574K->21824K(109248K), 0,0146047 secs] 128785K->45351K(502464K), 0,0146896 secs] [Times: user=0,04 sys=0,00, real=0,02 secs] 
Heap after GC invocations=18 (full 2):
 par new generation   total 109248K, used 21824K [0x00000000e0000000, 0x00000000e8000000, 0x00000000e8000000)
  eden space 87424K,   0% used [0x00000000e0000000, 0x00000000e0000000, 0x00000000e5560000)
  from space 21824K, 100% used [0x00000000e5560000, 0x00000000e6ab0000, 0x00000000e6ab0000)
  to   space 21824K,   0% used [0x00000000e6ab0000, 0x00000000e6ab0000, 0x00000000e8000000)
 concurrent mark-sweep generation total 393216K, used 23527K [0x00000000e8000000, 0x0000000100000000, 0x0000000100000000)
 Metaspace       used 37170K, capacity 37730K, committed 37948K, reserved 1083392K
  class space    used 3932K, capacity 4093K, committed 4120K, reserved 1048576K
}
2015-12-17T16:29:59.610-0500: 4981,864: Total time for which application threads were stopped: 0,0149097 seconds, Stopping threads took: 0,0000324 seconds
2015-12-17T16:29:59.615-0500: 4981,869: Total time for which application threads were stopped: 0,0047564 seconds, Stopping threads took: 0,0046607 seconds
2015-12-17T16:29:59.867-0500: 4982,121: Total time for which application threads were stopped: 0,0001321 seconds, Stopping threads took: 0,0000293 seconds
2015-12-17T16:29:59.968-0500: 4982,222: [CMS-concurrent-abortable-preclean: 0,723/2,552 secs] [Times: user=2,69 sys=0,03, real=2,56 secs] 
2015-12-17T16:29:59.972-0500: 4982,225: [GC (CMS Final Remark) [YG occupancy: 79628 K (109248 K)]{Heap before GC invocations=18 (full 2):
 par new generation   total 109248K, used 79628K [0x00000000e0000000, 0x00000000e8000000, 0x00000000e8000000)
  eden space 87424K,  66% used [0x00000000e0000000, 0x00000000e3873378, 0x00000000e5560000)
  from space 21824K, 100% used [0x00000000e5560000, 0x00000000e6ab0000, 0x00000000e6ab0000)
  to   space 21824K,   0% used [0x00000000e6ab0000, 0x00000000e6ab0000, 0x00000000e8000000)
 concurrent mark-sweep generation total 393216K, used 23527K [0x00000000e8000000, 0x0000000100000000, 0x0000000100000000)
 Metaspace       used 37177K, capacity 37730K, committed 37948K, reserved 1083392K
  class space    used 3932K, capacity 4093K, committed 4120K, reserved 1048576K
2015-12-17T16:29:59.972-0500: 4982,226: [GC (CMS Final Remark) 2015-12-17T16:29:59.972-0500: 4982,226: [ParNew
Desired survivor size 20112992 bytes, new threshold 8 (max 8)
- age   1:    5235040 bytes,    5235040 total
- age   2:    4451816 bytes,    9686856 total
- age   3:     130968 bytes,    9817824 total
- age   4:     155800 bytes,    9973624 total
- age   5:    1701992 bytes,   11675616 total
- age   6:     457784 bytes,   12133400 total
- age   7:    3136792 bytes,   15270192 total
: 79628K->21824K(109248K), 0,0253177 secs] 103156K->52960K(502464K), 0,0253689 secs] [Times: user=0,10 sys=0,00, real=0,02 secs] 
Heap after GC invocations=19 (full 2):
 par new generation   total 109248K, used 21824K [0x00000000e0000000, 0x00000000e8000000, 0x00000000e8000000)
  eden space 87424K,   0% used [0x00000000e0000000, 0x00000000e0000000, 0x00000000e5560000)
  from space 21824K, 100% used [0x00000000e6ab0000, 0x00000000e8000000, 0x00000000e8000000)
  to   space 21824K,   0% used [0x00000000e5560000, 0x00000000e5560000, 0x00000000e6ab0000)
 concurrent mark-sweep generation total 393216K, used 31136K [0x00000000e8000000, 0x0000000100000000, 0x0000000100000000)
 Metaspace       used 37177K, capacity 37730K, committed 37948K, reserved 1083392K
  class space    used 3932K, capacity 4093K, committed 4120K, reserved 1048576K
}
2015-12-17T16:29:59.997-0500: 4982,251: [Rescan (parallel) , 0,0038084 secs]2015-12-17T16:30:00.001-0500: 4982,255: [weak refs processing, 0,0019225 secs]2015-12-17T16:30:00.003-0500: 4982,257: [class unloading, 0,0108844 secs]2015-12-17T16:30:00.014-0500: 4982,268: [scrub symbol table, 0,0028105 secs]2015-12-17T16:30:00.016-0500: 4982,270: [scrub string table, 0,0005960 secs][1 CMS-remark: 31136K(393216K)] 52960K(502464K), 0,0472047 secs] [Times: user=0,16 sys=0,00, real=0,04 secs] 
2015-12-17T16:30:00.019-0500: 4982,273: Total time for which application threads were stopped: 0,0505163 seconds, Stopping threads took: 0,0031843 seconds
2015-12-17T16:30:00.028-0500: 4982,282: [CMS-concurrent-sweep-start]
2015-12-17T16:30:00.036-0500: 4982,290: [CMS-concurrent-sweep: 0,008/0,008 secs] [Times: user=0,03 sys=0,00, real=0,00 secs] 
2015-12-17T16:30:00.036-0500: 4982,290: [CMS-concurrent-reset-start]
2015-12-17T16:30:00.037-0500: 4982,291: [CMS-concurrent-reset: 0,002/0,002 secs] [Times: user=0,00 sys=0,00, real=0,00 secs] 
2015-12-17T16:30:00.672-0500: 4982,926: Total time for which application threads were stopped: 0,0001883 seconds, Stopping threads took: 0,0000380 seconds
2015-12-17T16:30:00.675-0500: 4982,929: Total time for which application threads were stopped: 0,0001605 seconds, Stopping threads took: 0,0000272 seconds
2015-12-17T16:30:00.676-0500: 4982,930: Total time for which application threads were stopped: 0,0000494 seconds, Stopping threads took: 0,0000188 seconds
2015-12-17T16:30:00.676-0500: 4982,930: Total time for which application threads were stopped: 0,0000389 seconds, Stopping threads took: 0,0000101 seconds
2015-12-17T16:30:00.676-0500: 4982,930: Total time for which application threads were stopped: 0,0000374 seconds, Stopping threads took: 0,0000093 seconds
2015-12-17T16:30:00.677-0500: 4982,931: Total time for which application threads were stopped: 0,0000675 seconds, Stopping threads took: 0,0000194 seconds
2015-12-17T16:30:01.677-0500: 4983,931: Total time for which application threads were stopped: 0,0001917 seconds, Stopping threads took: 0,0000479 seconds
2015-12-17T16:30:02.678-0500: 4984,932: Total time for which application threads were stopped: 0,0000790 seconds, Stopping threads took: 0,0000188 seconds
2015-12-17T16:30:06.678-0500: 4988,932: Total time for which application threads were stopped: 0,0001896 seconds, Stopping threads took: 0,0000470 seconds
2015-12-17T16:30:16.679-0500: 4998,933: Total time for which application threads were stopped: 0,0001801 seconds, Stopping threads took: 0,0000457 seconds
2015-12-17T16:30:26.680-0500: 5008,934: Total time for which application threads were stopped: 0,0000982 seconds, Stopping threads took: 0,0000360 seconds
2015-12-17T16:30:28.681-0500: 5010,935: Total time for which application threads were stopped: 0,0000776 seconds, Stopping threads took: 0,0000213 seconds
2015-12-17T16:30:50.866-0500: 5033,120: Total time for which application threads were stopped: 0,0002140 seconds, Stopping threads took: 0,0000642 seconds
2015-12-17T16:31:25.870-0500: 5068,124: Total time for which application threads were stopped: 0,0000829 seconds, Stopping threads took: 0,0000217 seconds
2015-12-17T16:31:26.870-0500: 5069,124: Total time for which application threads were stopped: 0,0002486 seconds, Stopping threads took: 0,0000862 seconds
2015-12-17T16:31:27.855-0500: 5070,109: Total time for which application threads were stopped: 0,0001359 seconds, Stopping threads took: 0,0000254 seconds
{Heap before GC invocations=19 (full 2):
 par new generation   total 109248K, used 109221K [0x00000000e0000000, 0x00000000e8000000, 0x00000000e8000000)
  eden space 87424K,  99% used [0x00000000e0000000, 0x00000000e55596b8, 0x00000000e5560000)
  from space 21824K, 100% used [0x00000000e6ab0000, 0x00000000e8000000, 0x00000000e8000000)
  to   space 21824K,   0% used [0x00000000e5560000, 0x00000000e5560000, 0x00000000e6ab0000)
 concurrent mark-sweep generation total 393216K, used 28635K [0x00000000e8000000, 0x0000000100000000, 0x0000000100000000)
 Metaspace       used 37148K, capacity 37656K, committed 37948K, reserved 1083392K
  class space    used 3923K, capacity 4076K, committed 4120K, reserved 1048576K
2015-12-17T16:31:27.891-0500: 5070,145: [GC (Allocation Failure) 2015-12-17T16:31:27.891-0500: 5070,145: [ParNew
Desired survivor size 20112992 bytes, new threshold 8 (max 8)
- age   1:    1265368 bytes,    1265368 total
- age   2:    5036944 bytes,    6302312 total
- age   3:    4232496 bytes,   10534808 total
- age   4:     130968 bytes,   10665776 total
- age   5:     155800 bytes,   10821576 total
- age   6:    1607864 bytes,   12429440 total
- age   7:     441616 bytes,   12871056 total
- age   8:    3136744 bytes,   16007800 total
: 109221K->21824K(109248K), 0,0107299 secs] 137857K->50459K(502464K), 0,0108303 secs] [Times: user=0,04 sys=0,00, real=0,01 secs] 
Heap after GC invocations=20 (full 2):
 par new generation   total 109248K, used 21824K [0x00000000e0000000, 0x00000000e8000000, 0x00000000e8000000)
  eden space 87424K,   0% used [0x00000000e0000000, 0x00000000e0000000, 0x00000000e5560000)
  from space 21824K, 100% used [0x00000000e5560000, 0x00000000e6ab0000, 0x00000000e6ab0000)
  to   space 21824K,   0% used [0x00000000e6ab0000, 0x00000000e6ab0000, 0x00000000e8000000)
 concurrent mark-sweep generation total 393216K, used 28635K [0x00000000e8000000, 0x0000000100000000, 0x0000000100000000)
 Metaspace       used 37148K, capacity 37656K, committed 37948K, reserved 1083392K
  class space    used 3923K, capacity 4076K, committed 4120K, reserved 1048576K
}
2015-12-17T16:31:27.902-0500: 5070,156: Total time for which application threads were stopped: 0,0186881 seconds, Stopping threads took: 0,0076705 seconds
2015-12-17T16:31:27.902-0500: 5070,156: Total time for which application threads were stopped: 0,0002348 seconds, Stopping threads took: 0,0001055 seconds
2015-12-17T16:31:27.907-0500: 5070,161: Total time for which application threads were stopped: 0,0049653 seconds, Stopping threads took: 0,0048572 seconds
{Heap before GC invocations=20 (full 2):
 par new generation   total 109248K, used 109248K [0x00000000e0000000, 0x00000000e8000000, 0x00000000e8000000)
  eden space 87424K, 100% used [0x00000000e0000000, 0x00000000e5560000, 0x00000000e5560000)
  from space 21824K, 100% used [0x00000000e5560000, 0x00000000e6ab0000, 0x00000000e6ab0000)
  to   space 21824K,   0% used [0x00000000e6ab0000, 0x00000000e6ab0000, 0x00000000e8000000)
 concurrent mark-sweep generation total 393216K, used 28635K [0x00000000e8000000, 0x0000000100000000, 0x0000000100000000)
 Metaspace       used 37156K, capacity 37662K, committed 37948K, reserved 1083392K
  class space    used 3923K, capacity 4077K, committed 4120K, reserved 1048576K
2015-12-17T16:31:27.959-0500: 5070,213: [GC (Allocation Failure) 2015-12-17T16:31:27.959-0500: 5070,213: [ParNew
Desired survivor size 20112992 bytes, new threshold 8 (max 8)
- age   1:    1046000 bytes,    1046000 total
- age   2:     846864 bytes,    1892864 total
- age   3:    5036944 bytes,    6929808 total
- age   4:    4231032 bytes,   11160840 total
- age   5:     130968 bytes,   11291808 total
- age   6:     155800 bytes,   11447608 total
- age   7:    1607864 bytes,   13055472 total
- age   8:     441616 bytes,   13497088 total
: 109248K->18677K(109248K), 0,0180563 secs] 137883K->50377K(502464K), 0,0181460 secs] [Times: user=0,05 sys=0,00, real=0,01 secs] 
Heap after GC invocations=21 (full 2):
 par new generation   total 109248K, used 18677K [0x00000000e0000000, 0x00000000e8000000, 0x00000000e8000000)
  eden space 87424K,   0% used [0x00000000e0000000, 0x00000000e0000000, 0x00000000e5560000)
  from space 21824K,  85% used [0x00000000e6ab0000, 0x00000000e7ced7d0, 0x00000000e8000000)
  to   space 21824K,   0% used [0x00000000e5560000, 0x00000000e5560000, 0x00000000e6ab0000)
 concurrent mark-sweep generation total 393216K, used 31699K [0x00000000e8000000, 0x0000000100000000, 0x0000000100000000)
 Metaspace       used 37156K, capacity 37662K, committed 37948K, reserved 1083392K
  class space    used 3923K, capacity 4077K, committed 4120K, reserved 1048576K
}
2015-12-17T16:31:27.978-0500: 5070,232: Total time for which application threads were stopped: 0,0184335 seconds, Stopping threads took: 0,0000314 seconds
2015-12-17T16:31:27.978-0500: 5070,232: Total time for which application threads were stopped: 0,0001499 seconds, Stopping threads took: 0,0000357 seconds
2015-12-17T16:31:27.978-0500: 5070,232: Total time for which application threads were stopped: 0,0000567 seconds, Stopping threads took: 0,0000083 seconds
2015-12-17T16:31:28.056-0500: 5070,310: Total time for which application threads were stopped: 0,0001668 seconds, Stopping threads took: 0,0000300 seconds
2015-12-17T16:31:28.068-0500: 5070,322: Total time for which application threads were stopped: 0,0037410 seconds, Stopping threads took: 0,0035995 seconds
2015-12-17T16:31:28.069-0500: 5070,323: Total time for which application threads were stopped: 0,0000735 seconds, Stopping threads took: 0,0000315 seconds
2015-12-17T16:31:28.069-0500: 5070,323: Total time for which application threads were stopped: 0,0000432 seconds, Stopping threads took: 0,0000076 seconds
2015-12-17T16:31:28.077-0500: 5070,331: Total time for which application threads were stopped: 0,0001216 seconds, Stopping threads took: 0,0000248 seconds
2015-12-17T16:31:28.077-0500: 5070,331: Total time for which application threads were stopped: 0,0000561 seconds, Stopping threads took: 0,0000217 seconds
2015-12-17T16:31:28.081-0500: 5070,335: Total time for which application threads were stopped: 0,0002563 seconds, Stopping threads took: 0,0000498 seconds
2015-12-17T16:31:28.087-0500: 5070,341: Total time for which application threads were stopped: 0,0001162 seconds, Stopping threads took: 0,0000317 seconds
2015-12-17T16:31:28.101-0500: 5070,355: Total time for which application threads were stopped: 0,0001254 seconds, Stopping threads took: 0,0000456 seconds
2015-12-17T16:31:28.101-0500: 5070,355: Total time for which application threads were stopped: 0,0000459 seconds, Stopping threads took: 0,0000158 seconds
2015-12-17T16:31:28.101-0500: 5070,355: Total time for which application threads were stopped: 0,0001127 seconds, Stopping threads took: 0,0000751 seconds
2015-12-17T16:31:28.102-0500: 5070,356: Total time for which application threads were stopped: 0,0000737 seconds, Stopping threads took: 0,0000219 seconds
2015-12-17T16:31:28.102-0500: 5070,356: Total time for which application threads were stopped: 0,0000464 seconds, Stopping threads took: 0,0000185 seconds
2015-12-17T16:31:28.102-0500: 5070,356: Total time for which application threads were stopped: 0,0000378 seconds, Stopping threads took: 0,0000139 seconds
2015-12-17T16:31:28.102-0500: 5070,356: Total time for which application threads were stopped: 0,0000450 seconds, Stopping threads took: 0,0000159 seconds
2015-12-17T16:31:28.111-0500: 5070,365: Total time for which application threads were stopped: 0,0001400 seconds, Stopping threads took: 0,0000281 seconds
2015-12-17T16:31:29.112-0500: 5071,366: Total time for which application threads were stopped: 0,0001276 seconds, Stopping threads took: 0,0000279 seconds
2015-12-17T16:31:29.772-0500: 5072,026: Total time for which application threads were stopped: 0,0001087 seconds, Stopping threads took: 0,0000335 seconds
2015-12-17T16:31:29.773-0500: 5072,027: Total time for which application threads were stopped: 0,0000940 seconds, Stopping threads took: 0,0000341 seconds
2015-12-17T16:31:29.779-0500: 5072,033: Total time for which application threads were stopped: 0,0001010 seconds, Stopping threads took: 0,0000240 seconds
2015-12-17T16:31:29.782-0500: 5072,036: Total time for which application threads were stopped: 0,0000976 seconds, Stopping threads took: 0,0000206 seconds
2015-12-17T16:31:29.784-0500: 5072,038: Total time for which application threads were stopped: 0,0001296 seconds, Stopping threads took: 0,0000393 seconds
2015-12-17T16:31:29.784-0500: 5072,038: Total time for which application threads were stopped: 0,0000716 seconds, Stopping threads took: 0,0000247 seconds
2015-12-17T16:31:29.807-0500: 5072,061: Total time for which application threads were stopped: 0,0001917 seconds, Stopping threads took: 0,0000843 seconds
2015-12-17T16:31:29.807-0500: 5072,061: Total time for which application threads were stopped: 0,0000489 seconds, Stopping threads took: 0,0000198 seconds
2015-12-17T16:31:30.889-0500: 5073,143: Total time for which application threads were stopped: 0,0001510 seconds, Stopping threads took: 0,0000396 seconds
2015-12-17T16:31:30.890-0500: 5073,144: Total time for which application threads were stopped: 0,0001276 seconds, Stopping threads took: 0,0000366 seconds
2015-12-17T16:31:30.921-0500: 5073,175: Total time for which application threads were stopped: 0,0000979 seconds, Stopping threads took: 0,0000183 seconds
2015-12-17T16:31:30.922-0500: 5073,176: Total time for which application threads were stopped: 0,0000570 seconds, Stopping threads took: 0,0000090 seconds
2015-12-17T16:31:30.922-0500: 5073,176: Total time for which application threads were stopped: 0,0000462 seconds, Stopping threads took: 0,0000060 seconds
2015-12-17T16:31:30.922-0500: 5073,176: Total time for which application threads were stopped: 0,0000338 seconds, Stopping threads took: 0,0000044 seconds
2015-12-17T16:31:30.922-0500: 5073,176: Total time for which application threads were stopped: 0,0000297 seconds, Stopping threads took: 0,0000042 seconds
2015-12-17T16:31:30.922-0500: 5073,176: Total time for which application threads were stopped: 0,0000345 seconds, Stopping threads took: 0,0000050 seconds
2015-12-17T16:31:30.922-0500: 5073,176: Total time for which application threads were stopped: 0,0000594 seconds, Stopping threads took: 0,0000116 seconds
2015-12-17T16:31:30.923-0500: 5073,177: Total time for which application threads were stopped: 0,0002493 seconds, Stopping threads took: 0,0000492 seconds
2015-12-17T16:31:32.939-0500: 5075,193: Total time for which application threads were stopped: 0,0001127 seconds, Stopping threads took: 0,0000203 seconds
{Heap before GC invocations=21 (full 2):
 par new generation   total 109248K, used 106101K [0x00000000e0000000, 0x00000000e8000000, 0x00000000e8000000)
  eden space 87424K, 100% used [0x00000000e0000000, 0x00000000e5560000, 0x00000000e5560000)
  from space 21824K,  85% used [0x00000000e6ab0000, 0x00000000e7ced7d0, 0x00000000e8000000)
  to   space 21824K,   0% used [0x00000000e5560000, 0x00000000e5560000, 0x00000000e6ab0000)
 concurrent mark-sweep generation total 393216K, used 31699K [0x00000000e8000000, 0x0000000100000000, 0x0000000100000000)
 Metaspace       used 37325K, capacity 37846K, committed 38332K, reserved 1083392K
  class space    used 3939K, capacity 4119K, committed 4248K, reserved 1048576K
2015-12-17T16:31:33.701-0500: 5075,955: [GC (Allocation Failure) 2015-12-17T16:31:33.702-0500: 5075,956: [ParNew
Desired survivor size 20112992 bytes, new threshold 8 (max 8)
- age   1:    1029224 bytes,    1029224 total
- age   2:     131056 bytes,    1160280 total
- age   3:     758304 bytes,    1918584 total
- age   4:    5036944 bytes,    6955528 total
- age   5:    4224624 bytes,   11180152 total
- age   6:     130968 bytes,   11311120 total
- age   7:     155800 bytes,   11466920 total
- age   8:    1579720 bytes,   13046640 total
: 106101K->17545K(109248K), 0,0096908 secs] 137801K->49678K(502464K), 0,0097863 secs] [Times: user=0,02 sys=0,00, real=0,01 secs] 
Heap after GC invocations=22 (full 2):
 par new generation   total 109248K, used 17545K [0x00000000e0000000, 0x00000000e8000000, 0x00000000e8000000)
  eden space 87424K,   0% used [0x00000000e0000000, 0x00000000e0000000, 0x00000000e5560000)
  from space 21824K,  80% used [0x00000000e5560000, 0x00000000e6682540, 0x00000000e6ab0000)
  to   space 21824K,   0% used [0x00000000e6ab0000, 0x00000000e6ab0000, 0x00000000e8000000)
 concurrent mark-sweep generation total 393216K, used 32133K [0x00000000e8000000, 0x0000000100000000, 0x0000000100000000)
 Metaspace       used 37325K, capacity 37846K, committed 38332K, reserved 1083392K
  class space    used 3939K, capacity 4119K, committed 4248K, reserved 1048576K
}
2015-12-17T16:31:33.711-0500: 5075,965: Total time for which application threads were stopped: 0,0100481 seconds, Stopping threads took: 0,0001020 seconds
2015-12-17T16:31:33.712-0500: 5075,966: Total time for which application threads were stopped: 0,0001338 seconds, Stopping threads took: 0,0000345 seconds
2015-12-17T16:31:33.718-0500: 5075,972: Total time for which application threads were stopped: 0,0001328 seconds, Stopping threads took: 0,0000318 seconds
2015-12-17T16:31:33.726-0500: 5075,980: Total time for which application threads were stopped: 0,0000844 seconds, Stopping threads took: 0,0000213 seconds
2015-12-17T16:31:33.726-0500: 5075,980: Total time for which application threads were stopped: 0,0000462 seconds, Stopping threads took: 0,0000102 seconds
2015-12-17T16:31:33.726-0500: 5075,980: Total time for which application threads were stopped: 0,0000330 seconds, Stopping threads took: 0,0000079 seconds
2015-12-17T16:31:33.727-0500: 5075,981: Total time for which application threads were stopped: 0,0000325 seconds, Stopping threads took: 0,0000069 seconds
2015-12-17T16:31:33.727-0500: 5075,981: Total time for which application threads were stopped: 0,0000275 seconds, Stopping threads took: 0,0000054 seconds
2015-12-17T16:31:33.727-0500: 5075,981: Total time for which application threads were stopped: 0,0000405 seconds, Stopping threads took: 0,0000053 seconds
2015-12-17T16:31:33.727-0500: 5075,981: Total time for which application threads were stopped: 0,0000406 seconds, Stopping threads took: 0,0000098 seconds
2015-12-17T16:31:33.727-0500: 5075,981: Total time for which application threads were stopped: 0,0000321 seconds, Stopping threads took: 0,0000075 seconds
2015-12-17T16:31:33.727-0500: 5075,981: Total time for which application threads were stopped: 0,0001049 seconds, Stopping threads took: 0,0000060 seconds
2015-12-17T16:31:33.727-0500: 5075,981: Total time for which application threads were stopped: 0,0000335 seconds, Stopping threads took: 0,0000062 seconds
2015-12-17T16:31:33.734-0500: 5075,988: Total time for which application threads were stopped: 0,0001834 seconds, Stopping threads took: 0,0001104 seconds
2015-12-17T16:31:33.734-0500: 5075,988: Total time for which application threads were stopped: 0,0000797 seconds, Stopping threads took: 0,0000333 seconds
2015-12-17T16:31:34.734-0500: 5076,988: Total time for which application threads were stopped: 0,0000916 seconds, Stopping threads took: 0,0000205 seconds
2015-12-17T16:31:34.978-0500: 5077,232: Total time for which application threads were stopped: 0,0248941 seconds, Stopping threads took: 0,0247956 seconds
2015-12-17T16:31:36.592-0500: 5078,846: Total time for which application threads were stopped: 0,0001000 seconds, Stopping threads took: 0,0000281 seconds
2015-12-17T16:31:36.593-0500: 5078,846: Total time for which application threads were stopped: 0,0000578 seconds, Stopping threads took: 0,0000179 seconds
{Heap before GC invocations=22 (full 2):
 par new generation   total 109248K, used 104969K [0x00000000e0000000, 0x00000000e8000000, 0x00000000e8000000)
  eden space 87424K, 100% used [0x00000000e0000000, 0x00000000e5560000, 0x00000000e5560000)
  from space 21824K,  80% used [0x00000000e5560000, 0x00000000e6682540, 0x00000000e6ab0000)
  to   space 21824K,   0% used [0x00000000e6ab0000, 0x00000000e6ab0000, 0x00000000e8000000)
 concurrent mark-sweep generation total 393216K, used 32133K [0x00000000e8000000, 0x0000000100000000, 0x0000000100000000)
 Metaspace       used 38803K, capacity 39322K, committed 39576K, reserved 1085440K
  class space    used 4021K, capacity 4183K, committed 4248K, reserved 1048576K
2015-12-17T16:31:36.939-0500: 5079,193: [GC (Allocation Failure) 2015-12-17T16:31:36.939-0500: 5079,193: [ParNew
Desired survivor size 20112992 bytes, new threshold 6 (max 8)
- age   1:   10347824 bytes,   10347824 total
- age   2:     846448 bytes,   11194272 total
- age   3:     130688 bytes,   11324960 total
- age   4:     756472 bytes,   12081432 total
- age   5:    5004160 bytes,   17085592 total
- age   6:    4224544 bytes,   21310136 total
- age   7:     130968 bytes,   21441104 total
- age   8:     155800 bytes,   21596904 total
: 104969K->21824K(109248K), 0,0323266 secs] 137102K->56537K(502464K), 0,0323928 secs] [Times: user=0,09 sys=0,00, real=0,04 secs] 
Heap after GC invocations=23 (full 2):
 par new generation   total 109248K, used 21824K [0x00000000e0000000, 0x00000000e8000000, 0x00000000e8000000)
  eden space 87424K,   0% used [0x00000000e0000000, 0x00000000e0000000, 0x00000000e5560000)
  from space 21824K, 100% used [0x00000000e6ab0000, 0x00000000e8000000, 0x00000000e8000000)
  to   space 21824K,   0% used [0x00000000e5560000, 0x00000000e5560000, 0x00000000e6ab0000)
 concurrent mark-sweep generation total 393216K, used 34713K [0x00000000e8000000, 0x0000000100000000, 0x0000000100000000)
 Metaspace       used 38803K, capacity 39322K, committed 39576K, reserved 1085440K
  class space    used 4021K, capacity 4183K, committed 4248K, reserved 1048576K
}
2015-12-17T16:31:36.971-0500: 5079,225: Total time for which application threads were stopped: 0,0326625 seconds, Stopping threads took: 0,0000385 seconds
2015-12-17T16:31:37.077-0500: 5079,331: Total time for which application threads were stopped: 0,0001305 seconds, Stopping threads took: 0,0000373 seconds
{Heap before GC invocations=23 (full 2):
 par new generation   total 109248K, used 109248K [0x00000000e0000000, 0x00000000e8000000, 0x00000000e8000000)
  eden space 87424K, 100% used [0x00000000e0000000, 0x00000000e5560000, 0x00000000e5560000)
  from space 21824K, 100% used [0x00000000e6ab0000, 0x00000000e8000000, 0x00000000e8000000)
  to   space 21824K,   0% used [0x00000000e5560000, 0x00000000e5560000, 0x00000000e6ab0000)
 concurrent mark-sweep generation total 393216K, used 34713K [0x00000000e8000000, 0x0000000100000000, 0x0000000100000000)
 Metaspace       used 38815K, capacity 39322K, committed 39576K, reserved 1085440K
  class space    used 4021K, capacity 4183K, committed 4248K, reserved 1048576K
2015-12-17T16:31:37.301-0500: 5079,555: [GC (Allocation Failure) 2015-12-17T16:31:37.301-0500: 5079,555: [ParNew
Desired survivor size 20112992 bytes, new threshold 8 (max 8)
- age   1:    3904440 bytes,    3904440 total
- age   2:    6070120 bytes,    9974560 total
- age   3:     846072 bytes,   10820632 total
- age   4:     130688 bytes,   10951320 total
- age   5:     756472 bytes,   11707792 total
- age   6:    5004160 bytes,   16711952 total
: 109248K->21824K(109248K), 0,0149353 secs] 143961K->60960K(502464K), 0,0150287 secs] [Times: user=0,06 sys=0,00, real=0,01 secs] 
Heap after GC invocations=24 (full 2):
 par new generation   total 109248K, used 21824K [0x00000000e0000000, 0x00000000e8000000, 0x00000000e8000000)
  eden space 87424K,   0% used [0x00000000e0000000, 0x00000000e0000000, 0x00000000e5560000)
  from space 21824K, 100% used [0x00000000e5560000, 0x00000000e6ab0000, 0x00000000e6ab0000)
  to   space 21824K,   0% used [0x00000000e6ab0000, 0x00000000e6ab0000, 0x00000000e8000000)
 concurrent mark-sweep generation total 393216K, used 39136K [0x00000000e8000000, 0x0000000100000000, 0x0000000100000000)
 Metaspace       used 38815K, capacity 39322K, committed 39576K, reserved 1085440K
  class space    used 4021K, capacity 4183K, committed 4248K, reserved 1048576K
}
2015-12-17T16:31:37.316-0500: 5079,570: Total time for which application threads were stopped: 0,0152232 seconds, Stopping threads took: 0,0000359 seconds
2015-12-17T16:31:37.764-0500: 5080,018: Total time for which application threads were stopped: 0,0001161 seconds, Stopping threads took: 0,0000277 seconds
2015-12-17T16:31:37.767-0500: 5080,021: Total time for which application threads were stopped: 0,0001151 seconds, Stopping threads took: 0,0000247 seconds
2015-12-17T16:31:37.767-0500: 5080,021: Total time for which application threads were stopped: 0,0000923 seconds, Stopping threads took: 0,0000176 seconds
2015-12-17T16:31:37.767-0500: 5080,021: Total time for which application threads were stopped: 0,0000603 seconds, Stopping threads took: 0,0000137 seconds
2015-12-17T16:31:38.767-0500: 5081,021: Total time for which application threads were stopped: 0,0001329 seconds, Stopping threads took: 0,0000347 seconds
2015-12-17T16:32:07.113-0500: 5109,367: Total time for which application threads were stopped: 0,0001183 seconds, Stopping threads took: 0,0000398 seconds
2015-12-17T16:32:08.113-0500: 5110,367: Total time for which application threads were stopped: 0,0001250 seconds, Stopping threads took: 0,0000228 seconds
2015-12-17T16:32:20.114-0500: 5122,368: Total time for which application threads were stopped: 0,0000810 seconds, Stopping threads took: 0,0000216 seconds
2015-12-17T16:32:29.808-0500: 5132,062: Total time for which application threads were stopped: 0,0000955 seconds, Stopping threads took: 0,0000313 seconds
2015-12-17T16:33:34.814-0500: 5197,069: Total time for which application threads were stopped: 0,0003179 seconds, Stopping threads took: 0,0001045 seconds
2015-12-17T16:33:37.815-0500: 5200,069: Total time for which application threads were stopped: 0,0000963 seconds, Stopping threads took: 0,0000251 seconds
2015-12-17T16:33:55.817-0500: 5218,071: Total time for which application threads were stopped: 0,0001219 seconds, Stopping threads took: 0,0000331 seconds
2015-12-17T16:33:58.817-0500: 5221,071: Total time for which application threads were stopped: 0,0001038 seconds, Stopping threads took: 0,0000274 seconds
2015-12-17T16:34:07.818-0500: 5230,072: Total time for which application threads were stopped: 0,0001238 seconds, Stopping threads took: 0,0000413 seconds
2015-12-17T16:34:10.818-0500: 5233,072: Total time for which application threads were stopped: 0,0001111 seconds, Stopping threads took: 0,0000227 seconds
2015-12-17T16:34:27.820-0500: 5250,074: Total time for which application threads were stopped: 0,0001232 seconds, Stopping threads took: 0,0000322 seconds
2015-12-17T16:34:28.820-0500: 5251,074: Total time for which application threads were stopped: 0,0001963 seconds, Stopping threads took: 0,0000491 seconds
2015-12-17T16:34:52.822-0500: 5275,076: Total time for which application threads were stopped: 0,0002198 seconds, Stopping threads took: 0,0000753 seconds
2015-12-17T16:36:01.829-0500: 5344,083: Total time for which application threads were stopped: 0,0001013 seconds, Stopping threads took: 0,0000358 seconds
2015-12-17T16:36:22.831-0500: 5365,085: Total time for which application threads were stopped: 0,0001793 seconds, Stopping threads took: 0,0000849 seconds
2015-12-17T16:36:31.832-0500: 5374,086: Total time for which application threads were stopped: 0,0000881 seconds, Stopping threads took: 0,0000257 seconds
2015-12-17T16:39:25.848-0500: 5548,102: Total time for which application threads were stopped: 0,0001808 seconds, Stopping threads took: 0,0000664 seconds
2015-12-17T16:39:31.291-0500: 5553,545: Total time for which application threads were stopped: 0,0001982 seconds, Stopping threads took: 0,0000479 seconds
2015-12-17T16:39:31.291-0500: 5553,545: Total time for which application threads were stopped: 0,0001471 seconds, Stopping threads took: 0,0000191 seconds
2015-12-17T16:39:31.306-0500: 5553,560: Total time for which application threads were stopped: 0,0001373 seconds, Stopping threads took: 0,0000264 seconds
2015-12-17T16:39:31.306-0500: 5553,560: Total time for which application threads were stopped: 0,0000747 seconds, Stopping threads took: 0,0000123 seconds
2015-12-17T16:39:32.306-0500: 5554,560: Total time for which application threads were stopped: 0,0001005 seconds, Stopping threads took: 0,0000185 seconds
2015-12-17T16:39:33.306-0500: 5555,560: Total time for which application threads were stopped: 0,0000828 seconds, Stopping threads took: 0,0000229 seconds
2015-12-17T16:39:38.645-0500: 5560,899: Total time for which application threads were stopped: 0,0001291 seconds, Stopping threads took: 0,0000302 seconds
2015-12-17T16:40:44.746-0500: 5627,000: Total time for which application threads were stopped: 0,0002611 seconds, Stopping threads took: 0,0000727 seconds
2015-12-17T16:40:45.747-0500: 5628,001: Total time for which application threads were stopped: 0,0001974 seconds, Stopping threads took: 0,0000570 seconds
2015-12-17T16:40:46.040-0500: 5628,294: Total time for which application threads were stopped: 0,0001915 seconds, Stopping threads took: 0,0000325 seconds
2015-12-17T16:40:46.541-0500: 5628,795: Total time for which application threads were stopped: 0,0001103 seconds, Stopping threads took: 0,0000284 seconds
2015-12-17T16:40:46.896-0500: 5629,150: Total time for which application threads were stopped: 0,0001146 seconds, Stopping threads took: 0,0000326 seconds
2015-12-17T16:40:55.741-0500: 5637,995: Total time for which application threads were stopped: 0,0001333 seconds, Stopping threads took: 0,0000414 seconds
2015-12-17T16:40:56.741-0500: 5638,995: Total time for which application threads were stopped: 0,0001036 seconds, Stopping threads took: 0,0000232 seconds
2015-12-17T16:40:59.271-0500: 5641,525: Total time for which application threads were stopped: 0,0001026 seconds, Stopping threads took: 0,0000219 seconds
2015-12-17T16:41:00.272-0500: 5642,526: Total time for which application threads were stopped: 0,0003861 seconds, Stopping threads took: 0,0000935 seconds
2015-12-17T16:41:11.282-0500: 5653,536: Total time for which application threads were stopped: 0,0003033 seconds, Stopping threads took: 0,0000587 seconds
2015-12-17T16:41:11.286-0500: 5653,540: Total time for which application threads were stopped: 0,0001146 seconds, Stopping threads took: 0,0000237 seconds
2015-12-17T16:41:12.286-0500: 5654,540: Total time for which application threads were stopped: 0,0001862 seconds, Stopping threads took: 0,0000484 seconds
2015-12-17T16:41:12.636-0500: 5654,890: Total time for which application threads were stopped: 0,0000949 seconds, Stopping threads took: 0,0000168 seconds
2015-12-17T16:41:13.071-0500: 5655,325: Total time for which application threads were stopped: 0,0001101 seconds, Stopping threads took: 0,0000302 seconds
2015-12-17T16:41:13.694-0500: 5655,948: Total time for which application threads were stopped: 0,0001087 seconds, Stopping threads took: 0,0000296 seconds
2015-12-17T16:41:13.987-0500: 5656,241: Total time for which application threads were stopped: 0,0000997 seconds, Stopping threads took: 0,0000221 seconds
2015-12-17T16:41:14.473-0500: 5656,727: Total time for which application threads were stopped: 0,0001093 seconds, Stopping threads took: 0,0000305 seconds
2015-12-17T16:41:15.025-0500: 5657,279: Total time for which application threads were stopped: 0,0001200 seconds, Stopping threads took: 0,0000288 seconds
2015-12-17T16:41:15.736-0500: 5657,990: Total time for which application threads were stopped: 0,0001105 seconds, Stopping threads took: 0,0000298 seconds
2015-12-17T16:41:47.014-0500: 5689,268: Total time for which application threads were stopped: 0,0001658 seconds, Stopping threads took: 0,0000513 seconds
2015-12-17T16:42:45.501-0500: 5747,755: Total time for which application threads were stopped: 0,0001150 seconds, Stopping threads took: 0,0000386 seconds
2015-12-17T16:42:46.501-0500: 5748,755: Total time for which application threads were stopped: 0,0000881 seconds, Stopping threads took: 0,0000244 seconds
2015-12-17T16:44:01.507-0500: 5823,761: Total time for which application threads were stopped: 0,0000949 seconds, Stopping threads took: 0,0000324 seconds
2015-12-17T16:44:04.508-0500: 5826,762: Total time for which application threads were stopped: 0,0000850 seconds, Stopping threads took: 0,0000233 seconds
2015-12-17T16:44:17.515-0500: 5839,769: Total time for which application threads were stopped: 0,0001008 seconds, Stopping threads took: 0,0000192 seconds
2015-12-17T16:44:18.516-0500: 5840,770: Total time for which application threads were stopped: 0,0001354 seconds, Stopping threads took: 0,0000337 seconds
2015-12-17T16:44:18.600-0500: 5840,854: Total time for which application threads were stopped: 0,0001111 seconds, Stopping threads took: 0,0000308 seconds
2015-12-17T16:44:19.600-0500: 5841,854: Total time for which application threads were stopped: 0,0001362 seconds, Stopping threads took: 0,0000225 seconds
2015-12-17T16:44:28.460-0500: 5850,714: Total time for which application threads were stopped: 0,0001167 seconds, Stopping threads took: 0,0000393 seconds
2015-12-17T16:44:37.130-0500: 5859,384: Total time for which application threads were stopped: 0,0000966 seconds, Stopping threads took: 0,0000171 seconds
2015-12-17T16:44:37.650-0500: 5859,904: Total time for which application threads were stopped: 0,0000982 seconds, Stopping threads took: 0,0000175 seconds
2015-12-17T16:44:38.066-0500: 5860,320: Total time for which application threads were stopped: 0,0001938 seconds, Stopping threads took: 0,0000942 seconds
2015-12-17T16:44:38.338-0500: 5860,592: Total time for which application threads were stopped: 0,0001224 seconds, Stopping threads took: 0,0000375 seconds
2015-12-17T16:44:38.564-0500: 5860,818: Total time for which application threads were stopped: 0,0001089 seconds, Stopping threads took: 0,0000298 seconds
2015-12-17T16:44:38.772-0500: 5861,026: Total time for which application threads were stopped: 0,0001339 seconds, Stopping threads took: 0,0000584 seconds
2015-12-17T16:44:39.772-0500: 5862,026: Total time for which application threads were stopped: 0,0000887 seconds, Stopping threads took: 0,0000236 seconds
2015-12-17T16:46:13.780-0500: 5956,034: Total time for which application threads were stopped: 0,0000968 seconds, Stopping threads took: 0,0000363 seconds
2015-12-17T16:46:26.357-0500: 5968,611: Total time for which application threads were stopped: 0,0002255 seconds, Stopping threads took: 0,0000331 seconds
2015-12-17T16:46:28.086-0500: 5970,340: Total time for which application threads were stopped: 0,0002274 seconds, Stopping threads took: 0,0001030 seconds
2015-12-17T16:46:28.134-0500: 5970,388: Total time for which application threads were stopped: 0,0001102 seconds, Stopping threads took: 0,0000201 seconds
2015-12-17T16:46:39.128-0500: 5981,382: Total time for which application threads were stopped: 0,0001034 seconds, Stopping threads took: 0,0000225 seconds
2015-12-17T16:46:40.047-0500: 5982,301: Total time for which application threads were stopped: 0,0001477 seconds, Stopping threads took: 0,0000291 seconds
2015-12-17T16:46:40.095-0500: 5982,349: Total time for which application threads were stopped: 0,0001555 seconds, Stopping threads took: 0,0000348 seconds
2015-12-17T16:46:42.924-0500: 5985,178: Total time for which application threads were stopped: 0,0001225 seconds, Stopping threads took: 0,0000254 seconds
2015-12-17T16:46:43.861-0500: 5986,115: Total time for which application threads were stopped: 0,0001101 seconds, Stopping threads took: 0,0000222 seconds
2015-12-17T16:46:43.931-0500: 5986,185: Total time for which application threads were stopped: 0,0001179 seconds, Stopping threads took: 0,0000305 seconds
2015-12-17T16:47:27.883-0500: 6030,137: Total time for which application threads were stopped: 0,0001643 seconds, Stopping threads took: 0,0000404 seconds
2015-12-17T16:47:28.735-0500: 6030,989: Total time for which application threads were stopped: 0,0001539 seconds, Stopping threads took: 0,0000300 seconds
2015-12-17T16:47:28.736-0500: 6030,990: Total time for which application threads were stopped: 0,0000964 seconds, Stopping threads took: 0,0000215 seconds
2015-12-17T16:47:28.815-0500: 6031,069: Total time for which application threads were stopped: 0,0003254 seconds, Stopping threads took: 0,0000497 seconds
2015-12-17T16:48:10.819-0500: 6073,073: Total time for which application threads were stopped: 0,0001060 seconds, Stopping threads took: 0,0000412 seconds
2015-12-17T16:48:12.819-0500: 6075,073: Total time for which application threads were stopped: 0,0000919 seconds, Stopping threads took: 0,0000246 seconds
2015-12-17T16:48:14.819-0500: 6077,073: Total time for which application threads were stopped: 0,0001643 seconds, Stopping threads took: 0,0000542 seconds
2015-12-17T16:48:15.875-0500: 6078,129: Total time for which application threads were stopped: 0,0001259 seconds, Stopping threads took: 0,0000271 seconds
{Heap before GC invocations=24 (full 2):
 par new generation   total 109248K, used 109238K [0x00000000e0000000, 0x00000000e8000000, 0x00000000e8000000)
  eden space 87424K,  99% used [0x00000000e0000000, 0x00000000e555dbd8, 0x00000000e5560000)
  from space 21824K, 100% used [0x00000000e5560000, 0x00000000e6ab0000, 0x00000000e6ab0000)
  to   space 21824K,   0% used [0x00000000e6ab0000, 0x00000000e6ab0000, 0x00000000e8000000)
 concurrent mark-sweep generation total 393216K, used 39136K [0x00000000e8000000, 0x0000000100000000, 0x0000000100000000)
 Metaspace       used 38931K, capacity 39462K, committed 39832K, reserved 1085440K
  class space    used 4023K, capacity 4185K, committed 4248K, reserved 1048576K
2015-12-17T16:48:15.926-0500: 6078,180: [GC (Allocation Failure) 2015-12-17T16:48:15.926-0500: 6078,180: [ParNew
Desired survivor size 20112992 bytes, new threshold 8 (max 8)
- age   1:    2471832 bytes,    2471832 total
- age   2:       2056 bytes,    2473888 total
- age   3:     832880 bytes,    3306768 total
- age   4:     740200 bytes,    4046968 total
- age   5:     130688 bytes,    4177656 total
- age   6:     744504 bytes,    4922160 total
- age   7:    5004112 bytes,    9926272 total
: 109238K->15634K(109248K), 0,0141490 secs] 148375K->54770K(502464K), 0,0142230 secs] [Times: user=0,05 sys=0,00, real=0,02 secs] 
Heap after GC invocations=25 (full 2):
 par new generation   total 109248K, used 15634K [0x00000000e0000000, 0x00000000e8000000, 0x00000000e8000000)
  eden space 87424K,   0% used [0x00000000e0000000, 0x00000000e0000000, 0x00000000e5560000)
  from space 21824K,  71% used [0x00000000e6ab0000, 0x00000000e79f4940, 0x00000000e8000000)
  to   space 21824K,   0% used [0x00000000e5560000, 0x00000000e5560000, 0x00000000e6ab0000)
 concurrent mark-sweep generation total 393216K, used 39136K [0x00000000e8000000, 0x0000000100000000, 0x0000000100000000)
 Metaspace       used 38931K, capacity 39462K, committed 39832K, reserved 1085440K
  class space    used 4023K, capacity 4185K, committed 4248K, reserved 1048576K
}
2015-12-17T16:48:15.940-0500: 6078,194: Total time for which application threads were stopped: 0,0144222 seconds, Stopping threads took: 0,0000370 seconds
2015-12-17T16:48:15.940-0500: 6078,194: Total time for which application threads were stopped: 0,0001966 seconds, Stopping threads took: 0,0000281 seconds
2015-12-17T16:48:15.940-0500: 6078,194: Total time for which application threads were stopped: 0,0000780 seconds, Stopping threads took: 0,0000261 seconds
2015-12-17T16:48:15.941-0500: 6078,195: Total time for which application threads were stopped: 0,0000873 seconds, Stopping threads took: 0,0000227 seconds
{Heap before GC invocations=25 (full 2):
 par new generation   total 109248K, used 103058K [0x00000000e0000000, 0x00000000e8000000, 0x00000000e8000000)
  eden space 87424K, 100% used [0x00000000e0000000, 0x00000000e5560000, 0x00000000e5560000)
  from space 21824K,  71% used [0x00000000e6ab0000, 0x00000000e79f4940, 0x00000000e8000000)
  to   space 21824K,   0% used [0x00000000e5560000, 0x00000000e5560000, 0x00000000e6ab0000)
 concurrent mark-sweep generation total 393216K, used 39136K [0x00000000e8000000, 0x0000000100000000, 0x0000000100000000)
 Metaspace       used 38943K, capacity 39468K, committed 39832K, reserved 1085440K
  class space    used 4024K, capacity 4186K, committed 4248K, reserved 1048576K
2015-12-17T16:48:15.998-0500: 6078,252: [GC (Allocation Failure) 2015-12-17T16:48:15.998-0500: 6078,252: [ParNew
Desired survivor size 20112992 bytes, new threshold 8 (max 8)
- age   1:     212272 bytes,     212272 total
- age   2:    2131168 bytes,    2343440 total
- age   3:       2056 bytes,    2345496 total
- age   4:     826536 bytes,    3172032 total
- age   5:     737384 bytes,    3909416 total
- age   6:     130592 bytes,    4040008 total
- age   7:     719528 bytes,    4759536 total
- age   8:    5036896 bytes,    9796432 total
: 103058K->12572K(109248K), 0,0130990 secs] 142194K->51709K(502464K), 0,0131952 secs] [Times: user=0,03 sys=0,00, real=0,02 secs] 
Heap after GC invocations=26 (full 2):
 par new generation   total 109248K, used 12572K [0x00000000e0000000, 0x00000000e8000000, 0x00000000e8000000)
  eden space 87424K,   0% used [0x00000000e0000000, 0x00000000e0000000, 0x00000000e5560000)
  from space 21824K,  57% used [0x00000000e5560000, 0x00000000e61a7340, 0x00000000e6ab0000)
  to   space 21824K,   0% used [0x00000000e6ab0000, 0x00000000e6ab0000, 0x00000000e8000000)
 concurrent mark-sweep generation total 393216K, used 39136K [0x00000000e8000000, 0x0000000100000000, 0x0000000100000000)
 Metaspace       used 38943K, capacity 39468K, committed 39832K, reserved 1085440K
  class space    used 4024K, capacity 4186K, committed 4248K, reserved 1048576K
}
2015-12-17T16:48:16.011-0500: 6078,265: Total time for which application threads were stopped: 0,0134074 seconds, Stopping threads took: 0,0000322 seconds
2015-12-17T16:48:16.012-0500: 6078,266: Total time for which application threads were stopped: 0,0001412 seconds, Stopping threads took: 0,0000369 seconds
2015-12-17T16:48:16.012-0500: 6078,266: Total time for which application threads were stopped: 0,0000669 seconds, Stopping threads took: 0,0000166 seconds
2015-12-17T16:48:16.106-0500: 6078,360: Total time for which application threads were stopped: 0,0002522 seconds, Stopping threads took: 0,0001360 seconds
2015-12-17T16:48:16.115-0500: 6078,369: Total time for which application threads were stopped: 0,0001429 seconds, Stopping threads took: 0,0000543 seconds
2015-12-17T16:48:16.116-0500: 6078,370: Total time for which application threads were stopped: 0,0001453 seconds, Stopping threads took: 0,0000742 seconds
2015-12-17T16:48:16.124-0500: 6078,378: Total time for which application threads were stopped: 0,0001652 seconds, Stopping threads took: 0,0000674 seconds
2015-12-17T16:48:16.124-0500: 6078,378: Total time for which application threads were stopped: 0,0001038 seconds, Stopping threads took: 0,0000537 seconds
2015-12-17T16:48:16.126-0500: 6078,380: Total time for which application threads were stopped: 0,0001087 seconds, Stopping threads took: 0,0000347 seconds
2015-12-17T16:48:16.127-0500: 6078,381: Total time for which application threads were stopped: 0,0000528 seconds, Stopping threads took: 0,0000187 seconds
2015-12-17T16:48:16.131-0500: 6078,385: Total time for which application threads were stopped: 0,0001282 seconds, Stopping threads took: 0,0000279 seconds
2015-12-17T16:48:16.132-0500: 6078,386: Total time for which application threads were stopped: 0,0000942 seconds, Stopping threads took: 0,0000192 seconds
2015-12-17T16:48:16.134-0500: 6078,388: Total time for which application threads were stopped: 0,0002032 seconds, Stopping threads took: 0,0000631 seconds
2015-12-17T16:48:16.134-0500: 6078,388: Total time for which application threads were stopped: 0,0001997 seconds, Stopping threads took: 0,0001495 seconds
2015-12-17T16:48:16.139-0500: 6078,393: Total time for which application threads were stopped: 0,0053945 seconds, Stopping threads took: 0,0052965 seconds
2015-12-17T16:48:16.140-0500: 6078,394: Total time for which application threads were stopped: 0,0000770 seconds, Stopping threads took: 0,0000247 seconds
2015-12-17T16:48:16.146-0500: 6078,400: Total time for which application threads were stopped: 0,0001262 seconds, Stopping threads took: 0,0000308 seconds
2015-12-17T16:48:16.146-0500: 6078,400: Total time for which application threads were stopped: 0,0000970 seconds, Stopping threads took: 0,0000225 seconds
2015-12-17T16:48:16.146-0500: 6078,400: Total time for which application threads were stopped: 0,0000360 seconds, Stopping threads took: 0,0000122 seconds
2015-12-17T16:48:16.146-0500: 6078,400: Total time for which application threads were stopped: 0,0000323 seconds, Stopping threads took: 0,0000105 seconds
2015-12-17T16:48:16.146-0500: 6078,400: Total time for which application threads were stopped: 0,0000317 seconds, Stopping threads took: 0,0000090 seconds
2015-12-17T16:48:16.160-0500: 6078,413: Total time for which application threads were stopped: 0,0012623 seconds, Stopping threads took: 0,0011595 seconds
2015-12-17T16:48:17.160-0500: 6079,414: Total time for which application threads were stopped: 0,0001281 seconds, Stopping threads took: 0,0000338 seconds
2015-12-17T16:48:19.196-0500: 6081,450: Total time for which application threads were stopped: 0,0001204 seconds, Stopping threads took: 0,0000373 seconds
2015-12-17T16:48:19.197-0500: 6081,451: Total time for which application threads were stopped: 0,0001432 seconds, Stopping threads took: 0,0000885 seconds
2015-12-17T16:48:19.198-0500: 6081,451: Total time for which application threads were stopped: 0,0000944 seconds, Stopping threads took: 0,0000301 seconds
2015-12-17T16:48:19.221-0500: 6081,475: Total time for which application threads were stopped: 0,0001497 seconds, Stopping threads took: 0,0000336 seconds
2015-12-17T16:48:19.221-0500: 6081,475: Total time for which application threads were stopped: 0,0001073 seconds, Stopping threads took: 0,0000493 seconds
2015-12-17T16:48:19.224-0500: 6081,478: Total time for which application threads were stopped: 0,0001211 seconds, Stopping threads took: 0,0000300 seconds
2015-12-17T16:48:19.224-0500: 6081,478: Total time for which application threads were stopped: 0,0000337 seconds, Stopping threads took: 0,0000102 seconds
2015-12-17T16:48:20.203-0500: 6082,457: Total time for which application threads were stopped: 0,0000904 seconds, Stopping threads took: 0,0000204 seconds
2015-12-17T16:48:20.203-0500: 6082,457: Total time for which application threads were stopped: 0,0000880 seconds, Stopping threads took: 0,0000106 seconds
2015-12-17T16:48:20.255-0500: 6082,509: Total time for which application threads were stopped: 0,0001083 seconds, Stopping threads took: 0,0000214 seconds
2015-12-17T16:48:20.255-0500: 6082,509: Total time for which application threads were stopped: 0,0000800 seconds, Stopping threads took: 0,0000098 seconds
2015-12-17T16:48:20.256-0500: 6082,510: Total time for which application threads were stopped: 0,0000520 seconds, Stopping threads took: 0,0000082 seconds
2015-12-17T16:48:20.256-0500: 6082,510: Total time for which application threads were stopped: 0,0000429 seconds, Stopping threads took: 0,0000058 seconds
2015-12-17T16:48:20.256-0500: 6082,510: Total time for which application threads were stopped: 0,0000357 seconds, Stopping threads took: 0,0000043 seconds
2015-12-17T16:48:20.256-0500: 6082,510: Total time for which application threads were stopped: 0,0001497 seconds, Stopping threads took: 0,0000043 seconds
2015-12-17T16:48:20.256-0500: 6082,510: Total time for which application threads were stopped: 0,0000561 seconds, Stopping threads took: 0,0000099 seconds
2015-12-17T16:48:20.256-0500: 6082,510: Total time for which application threads were stopped: 0,0000440 seconds, Stopping threads took: 0,0000134 seconds
2015-12-17T16:48:20.257-0500: 6082,511: Total time for which application threads were stopped: 0,0000341 seconds, Stopping threads took: 0,0000044 seconds
2015-12-17T16:48:22.238-0500: 6084,492: Total time for which application threads were stopped: 0,0001836 seconds, Stopping threads took: 0,0000971 seconds
2015-12-17T16:48:22.250-0500: 6084,504: Total time for which application threads were stopped: 0,0001249 seconds, Stopping threads took: 0,0000326 seconds
2015-12-17T16:48:27.250-0500: 6089,504: Total time for which application threads were stopped: 0,0000860 seconds, Stopping threads took: 0,0000223 seconds
2015-12-17T16:49:06.254-0500: 6128,508: Total time for which application threads were stopped: 0,0000933 seconds, Stopping threads took: 0,0000236 seconds
2015-12-17T16:49:09.254-0500: 6131,508: Total time for which application threads were stopped: 0,0000838 seconds, Stopping threads took: 0,0000215 seconds
2015-12-17T16:49:09.553-0500: 6131,807: Total time for which application threads were stopped: 0,0001191 seconds, Stopping threads took: 0,0000261 seconds
{Heap before GC invocations=26 (full 2):
 par new generation   total 109248K, used 99990K [0x00000000e0000000, 0x00000000e8000000, 0x00000000e8000000)
  eden space 87424K,  99% used [0x00000000e0000000, 0x00000000e555e6e0, 0x00000000e5560000)
  from space 21824K,  57% used [0x00000000e5560000, 0x00000000e61a7340, 0x00000000e6ab0000)
  to   space 21824K,   0% used [0x00000000e6ab0000, 0x00000000e6ab0000, 0x00000000e8000000)
 concurrent mark-sweep generation total 393216K, used 39136K [0x00000000e8000000, 0x0000000100000000, 0x0000000100000000)
 Metaspace       used 39298K, capacity 39904K, committed 40216K, reserved 1085440K
  class space    used 4059K, capacity 4260K, committed 4376K, reserved 1048576K
2015-12-17T16:49:09.558-0500: 6131,812: [GC (Allocation Failure) 2015-12-17T16:49:09.558-0500: 6131,812: [ParNew
Desired survivor size 20112992 bytes, new threshold 8 (max 8)
- age   1:    2210656 bytes,    2210656 total
- age   2:      68408 bytes,    2279064 total
- age   3:     932160 bytes,    3211224 total
- age   4:       2056 bytes,    3213280 total
- age   5:     825416 bytes,    4038696 total
- age   6:     730688 bytes,    4769384 total
- age   7:     130592 bytes,    4899976 total
- age   8:     719408 bytes,    5619384 total
: 99990K->8457K(109248K), 0,0207838 secs] 139126K->52480K(502464K), 0,0208520 secs] [Times: user=0,03 sys=0,00, real=0,02 secs] 
Heap after GC invocations=27 (full 2):
 par new generation   total 109248K, used 8457K [0x00000000e0000000, 0x00000000e8000000, 0x00000000e8000000)
  eden space 87424K,   0% used [0x00000000e0000000, 0x00000000e0000000, 0x00000000e5560000)
  from space 21824K,  38% used [0x00000000e6ab0000, 0x00000000e72f25e8, 0x00000000e8000000)
  to   space 21824K,   0% used [0x00000000e5560000, 0x00000000e5560000, 0x00000000e6ab0000)
 concurrent mark-sweep generation total 393216K, used 44023K [0x00000000e8000000, 0x0000000100000000, 0x0000000100000000)
 Metaspace       used 39298K, capacity 39904K, committed 40216K, reserved 1085440K
  class space    used 4059K, capacity 4260K, committed 4376K, reserved 1048576K
}
2015-12-17T16:49:09.579-0500: 6131,833: Total time for which application threads were stopped: 0,0210628 seconds, Stopping threads took: 0,0000221 seconds
2015-12-17T16:49:09.584-0500: 6131,838: Total time for which application threads were stopped: 0,0001661 seconds, Stopping threads took: 0,0000724 seconds
2015-12-17T16:49:09.584-0500: 6131,838: Total time for which application threads were stopped: 0,0001354 seconds, Stopping threads took: 0,0000477 seconds
2015-12-17T16:49:09.584-0500: 6131,838: Total time for which application threads were stopped: 0,0000496 seconds, Stopping threads took: 0,0000116 seconds
2015-12-17T16:49:09.584-0500: 6131,838: Total time for which application threads were stopped: 0,0000478 seconds, Stopping threads took: 0,0000109 seconds
2015-12-17T16:49:09.584-0500: 6131,838: Total time for which application threads were stopped: 0,0000766 seconds, Stopping threads took: 0,0000319 seconds
{Heap before GC invocations=27 (full 2):
 par new generation   total 109248K, used 95881K [0x00000000e0000000, 0x00000000e8000000, 0x00000000e8000000)
  eden space 87424K, 100% used [0x00000000e0000000, 0x00000000e5560000, 0x00000000e5560000)
  from space 21824K,  38% used [0x00000000e6ab0000, 0x00000000e72f25e8, 0x00000000e8000000)
  to   space 21824K,   0% used [0x00000000e5560000, 0x00000000e5560000, 0x00000000e6ab0000)
 concurrent mark-sweep generation total 393216K, used 44023K [0x00000000e8000000, 0x0000000100000000, 0x0000000100000000)
 Metaspace       used 39303K, capacity 39904K, committed 40216K, reserved 1085440K
  class space    used 4059K, capacity 4260K, committed 4376K, reserved 1048576K
2015-12-17T16:49:09.638-0500: 6131,892: [GC (Allocation Failure) 2015-12-17T16:49:09.638-0500: 6131,892: [ParNew
Desired survivor size 20112992 bytes, new threshold 8 (max 8)
- age   1:    1242800 bytes,    1242800 total
- age   2:    1734176 bytes,    2976976 total
- age   3:      68360 bytes,    3045336 total
- age   4:     792672 bytes,    3838008 total
- age   5:        568 bytes,    3838576 total
- age   6:     652952 bytes,    4491528 total
- age   7:      48184 bytes,    4539712 total
- age   8:       3984 bytes,    4543696 total
: 95881K->5160K(109248K), 0,0079078 secs] 139904K->49395K(502464K), 0,0079907 secs] [Times: user=0,03 sys=0,00, real=0,01 secs] 
Heap after GC invocations=28 (full 2):
 par new generation   total 109248K, used 5160K [0x00000000e0000000, 0x00000000e8000000, 0x00000000e8000000)
  eden space 87424K,   0% used [0x00000000e0000000, 0x00000000e0000000, 0x00000000e5560000)
  from space 21824K,  23% used [0x00000000e5560000, 0x00000000e5a6a100, 0x00000000e6ab0000)
  to   space 21824K,   0% used [0x00000000e6ab0000, 0x00000000e6ab0000, 0x00000000e8000000)
 concurrent mark-sweep generation total 393216K, used 44235K [0x00000000e8000000, 0x0000000100000000, 0x0000000100000000)
 Metaspace       used 39303K, capacity 39904K, committed 40216K, reserved 1085440K
  class space    used 4059K, capacity 4260K, committed 4376K, reserved 1048576K
}
2015-12-17T16:49:09.646-0500: 6131,900: Total time for which application threads were stopped: 0,0081925 seconds, Stopping threads took: 0,0000298 seconds
2015-12-17T16:49:09.646-0500: 6131,900: Total time for which application threads were stopped: 0,0001502 seconds, Stopping threads took: 0,0000331 seconds
{Heap before GC invocations=28 (full 2):
 par new generation   total 109248K, used 92584K [0x00000000e0000000, 0x00000000e8000000, 0x00000000e8000000)
  eden space 87424K, 100% used [0x00000000e0000000, 0x00000000e5560000, 0x00000000e5560000)
  from space 21824K,  23% used [0x00000000e5560000, 0x00000000e5a6a100, 0x00000000e6ab0000)
  to   space 21824K,   0% used [0x00000000e6ab0000, 0x00000000e6ab0000, 0x00000000e8000000)
 concurrent mark-sweep generation total 393216K, used 44235K [0x00000000e8000000, 0x0000000100000000, 0x0000000100000000)
 Metaspace       used 39306K, capacity 39904K, committed 40216K, reserved 1085440K
  class space    used 4059K, capacity 4260K, committed 4376K, reserved 1048576K
2015-12-17T16:49:09.708-0500: 6131,962: [GC (Allocation Failure) 2015-12-17T16:49:09.708-0500: 6131,962: [ParNew
Desired survivor size 20112992 bytes, new threshold 8 (max 8)
- age   1:     198896 bytes,     198896 total
- age   2:     991712 bytes,    1190608 total
- age   3:    1725224 bytes,    2915832 total
- age   4:      68360 bytes,    2984192 total
- age   5:     792712 bytes,    3776904 total
- age   6:        568 bytes,    3777472 total
- age   7:     652952 bytes,    4430424 total
- age   8:      48184 bytes,    4478608 total
: 92584K->5959K(109248K), 0,0062344 secs] 136819K->50198K(502464K), 0,0063084 secs] [Times: user=0,01 sys=0,00, real=0,00 secs] 
Heap after GC invocations=29 (full 2):
 par new generation   total 109248K, used 5959K [0x00000000e0000000, 0x00000000e8000000, 0x00000000e8000000)
  eden space 87424K,   0% used [0x00000000e0000000, 0x00000000e0000000, 0x00000000e5560000)
  from space 21824K,  27% used [0x00000000e6ab0000, 0x00000000e7081dd0, 0x00000000e8000000)
  to   space 21824K,   0% used [0x00000000e5560000, 0x00000000e5560000, 0x00000000e6ab0000)
 concurrent mark-sweep generation total 393216K, used 44239K [0x00000000e8000000, 0x0000000100000000, 0x0000000100000000)
 Metaspace       used 39306K, capacity 39904K, committed 40216K, reserved 1085440K
  class space    used 4059K, capacity 4260K, committed 4376K, reserved 1048576K
}
2015-12-17T16:49:09.714-0500: 6131,968: Total time for which application threads were stopped: 0,0065006 seconds, Stopping threads took: 0,0000280 seconds
2015-12-17T16:49:09.715-0500: 6131,969: Total time for which application threads were stopped: 0,0001296 seconds, Stopping threads took: 0,0000334 seconds
2015-12-17T16:49:09.737-0500: 6131,991: Total time for which application threads were stopped: 0,0001380 seconds, Stopping threads took: 0,0000282 seconds
2015-12-17T16:49:09.745-0500: 6131,999: Total time for which application threads were stopped: 0,0002186 seconds, Stopping threads took: 0,0000984 seconds
2015-12-17T16:49:09.747-0500: 6132,001: Total time for which application threads were stopped: 0,0003194 seconds, Stopping threads took: 0,0001261 seconds
2015-12-17T16:49:09.748-0500: 6132,002: Total time for which application threads were stopped: 0,0000942 seconds, Stopping threads took: 0,0000316 seconds
2015-12-17T16:49:09.748-0500: 6132,002: Total time for which application threads were stopped: 0,0000639 seconds, Stopping threads took: 0,0000118 seconds
2015-12-17T16:49:09.748-0500: 6132,002: Total time for which application threads were stopped: 0,0000505 seconds, Stopping threads took: 0,0000114 seconds
2015-12-17T16:49:09.748-0500: 6132,002: Total time for which application threads were stopped: 0,0000375 seconds, Stopping threads took: 0,0000077 seconds
2015-12-17T16:49:09.748-0500: 6132,002: Total time for which application threads were stopped: 0,0000376 seconds, Stopping threads took: 0,0000082 seconds
2015-12-17T16:49:09.748-0500: 6132,002: Total time for which application threads were stopped: 0,0000465 seconds, Stopping threads took: 0,0000088 seconds
2015-12-17T16:49:09.748-0500: 6132,002: Total time for which application threads were stopped: 0,0000509 seconds, Stopping threads took: 0,0000097 seconds
2015-12-17T16:49:09.762-0500: 6132,016: Total time for which application threads were stopped: 0,0001291 seconds, Stopping threads took: 0,0000237 seconds
2015-12-17T16:49:09.763-0500: 6132,017: Total time for which application threads were stopped: 0,0001281 seconds, Stopping threads took: 0,0000901 seconds
2015-12-17T16:49:09.766-0500: 6132,020: Total time for which application threads were stopped: 0,0001209 seconds, Stopping threads took: 0,0000551 seconds
2015-12-17T16:49:09.766-0500: 6132,020: Total time for which application threads were stopped: 0,0000499 seconds, Stopping threads took: 0,0000225 seconds
2015-12-17T16:49:09.766-0500: 6132,020: Total time for which application threads were stopped: 0,0000403 seconds, Stopping threads took: 0,0000131 seconds
2015-12-17T16:49:09.766-0500: 6132,020: Total time for which application threads were stopped: 0,0000395 seconds, Stopping threads took: 0,0000123 seconds
2015-12-17T16:49:09.787-0500: 6132,041: Total time for which application threads were stopped: 0,0001284 seconds, Stopping threads took: 0,0000232 seconds
2015-12-17T16:49:12.455-0500: 6134,709: Total time for which application threads were stopped: 0,0001436 seconds, Stopping threads took: 0,0000240 seconds
2015-12-17T16:49:12.476-0500: 6134,730: Total time for which application threads were stopped: 0,0001182 seconds, Stopping threads took: 0,0000218 seconds
2015-12-17T16:49:12.477-0500: 6134,731: Total time for which application threads were stopped: 0,0005209 seconds, Stopping threads took: 0,0000917 seconds
2015-12-17T16:49:12.479-0500: 6134,733: Total time for which application threads were stopped: 0,0001186 seconds, Stopping threads took: 0,0000204 seconds
2015-12-17T16:49:12.483-0500: 6134,737: Total time for which application threads were stopped: 0,0001804 seconds, Stopping threads took: 0,0000294 seconds
2015-12-17T16:49:12.483-0500: 6134,737: Total time for which application threads were stopped: 0,0000901 seconds, Stopping threads took: 0,0000116 seconds
2015-12-17T16:49:12.485-0500: 6134,739: Total time for which application threads were stopped: 0,0000786 seconds, Stopping threads took: 0,0000178 seconds
2015-12-17T16:49:12.485-0500: 6134,739: Total time for which application threads were stopped: 0,0000517 seconds, Stopping threads took: 0,0000090 seconds
2015-12-17T16:49:13.544-0500: 6135,798: Total time for which application threads were stopped: 0,0001052 seconds, Stopping threads took: 0,0000250 seconds
2015-12-17T16:49:13.545-0500: 6135,799: Total time for which application threads were stopped: 0,0000942 seconds, Stopping threads took: 0,0000198 seconds
2015-12-17T16:49:13.611-0500: 6135,865: Total time for which application threads were stopped: 0,0001894 seconds, Stopping threads took: 0,0000227 seconds
2015-12-17T16:49:13.611-0500: 6135,865: Total time for which application threads were stopped: 0,0000854 seconds, Stopping threads took: 0,0000138 seconds
2015-12-17T16:49:13.611-0500: 6135,865: Total time for which application threads were stopped: 0,0000712 seconds, Stopping threads took: 0,0000091 seconds
2015-12-17T16:49:13.612-0500: 6135,866: Total time for which application threads were stopped: 0,0000490 seconds, Stopping threads took: 0,0000060 seconds
2015-12-17T16:49:13.612-0500: 6135,866: Total time for which application threads were stopped: 0,0000847 seconds, Stopping threads took: 0,0000206 seconds
2015-12-17T16:49:13.612-0500: 6135,866: Total time for which application threads were stopped: 0,0000454 seconds, Stopping threads took: 0,0000086 seconds
2015-12-17T16:49:13.612-0500: 6135,866: Total time for which application threads were stopped: 0,0000550 seconds, Stopping threads took: 0,0000090 seconds
2015-12-17T16:49:13.612-0500: 6135,866: Total time for which application threads were stopped: 0,0000528 seconds, Stopping threads took: 0,0000073 seconds
2015-12-17T16:49:13.613-0500: 6135,867: Total time for which application threads were stopped: 0,0000851 seconds, Stopping threads took: 0,0000114 seconds
2015-12-17T16:49:15.633-0500: 6137,887: Total time for which application threads were stopped: 0,0001224 seconds, Stopping threads took: 0,0000329 seconds
2015-12-17T16:49:15.633-0500: 6137,887: Total time for which application threads were stopped: 0,0000717 seconds, Stopping threads took: 0,0000093 seconds
2015-12-17T16:49:19.222-0500: 6141,476: Total time for which application threads were stopped: 0,0001576 seconds, Stopping threads took: 0,0000246 seconds
2015-12-17T16:49:23.222-0500: 6145,476: Total time for which application threads were stopped: 0,0001038 seconds, Stopping threads took: 0,0000274 seconds
2015-12-17T16:49:24.222-0500: 6146,476: Total time for which application threads were stopped: 0,0001198 seconds, Stopping threads took: 0,0000278 seconds
2015-12-17T16:49:48.433-0500: 6170,687: Total time for which application threads were stopped: 0,0001341 seconds, Stopping threads took: 0,0000447 seconds
{Heap before GC invocations=29 (full 2):
 par new generation   total 109248K, used 93383K [0x00000000e0000000, 0x00000000e8000000, 0x00000000e8000000)
  eden space 87424K, 100% used [0x00000000e0000000, 0x00000000e5560000, 0x00000000e5560000)
  from space 21824K,  27% used [0x00000000e6ab0000, 0x00000000e7081dd0, 0x00000000e8000000)
  to   space 21824K,   0% used [0x00000000e5560000, 0x00000000e5560000, 0x00000000e6ab0000)
 concurrent mark-sweep generation total 393216K, used 44239K [0x00000000e8000000, 0x0000000100000000, 0x0000000100000000)
 Metaspace       used 39503K, capacity 40274K, committed 40472K, reserved 1085440K
  class space    used 4074K, capacity 4301K, committed 4376K, reserved 1048576K
2015-12-17T16:49:48.478-0500: 6170,732: [GC (Allocation Failure) 2015-12-17T16:49:48.478-0500: 6170,732: [ParNew
Desired survivor size 20112992 bytes, new threshold 8 (max 8)
- age   1:    2811952 bytes,    2811952 total
- age   2:      76392 bytes,    2888344 total
- age   3:     238280 bytes,    3126624 total
- age   4:    1595720 bytes,    4722344 total
- age   5:      68360 bytes,    4790704 total
- age   6:     792448 bytes,    5583152 total
- age   7:        568 bytes,    5583720 total
- age   8:     652888 bytes,    6236608 total
: 93383K->7241K(109248K), 0,0061085 secs] 137622K->51529K(502464K), 0,0062298 secs] [Times: user=0,01 sys=0,01, real=0,01 secs] 
Heap after GC invocations=30 (full 2):
 par new generation   total 109248K, used 7241K [0x00000000e0000000, 0x00000000e8000000, 0x00000000e8000000)
  eden space 87424K,   0% used [0x00000000e0000000, 0x00000000e0000000, 0x00000000e5560000)
  from space 21824K,  33% used [0x00000000e5560000, 0x00000000e5c72670, 0x00000000e6ab0000)
  to   space 21824K,   0% used [0x00000000e6ab0000, 0x00000000e6ab0000, 0x00000000e8000000)
 concurrent mark-sweep generation total 393216K, used 44288K [0x00000000e8000000, 0x0000000100000000, 0x0000000100000000)
 Metaspace       used 39503K, capacity 40274K, committed 40472K, reserved 1085440K
  class space    used 4074K, capacity 4301K, committed 4376K, reserved 1048576K
}
2015-12-17T16:49:48.484-0500: 6170,738: Total time for which application threads were stopped: 0,0065402 seconds, Stopping threads took: 0,0000446 seconds
2015-12-17T16:49:48.491-0500: 6170,745: Total time for which application threads were stopped: 0,0001740 seconds, Stopping threads took: 0,0000478 seconds
2015-12-17T16:49:48.491-0500: 6170,745: Total time for which application threads were stopped: 0,0001056 seconds, Stopping threads took: 0,0000367 seconds
2015-12-17T16:49:48.491-0500: 6170,745: Total time for which application threads were stopped: 0,0000722 seconds, Stopping threads took: 0,0000178 seconds
2015-12-17T16:49:48.491-0500: 6170,745: Total time for which application threads were stopped: 0,0000663 seconds, Stopping threads took: 0,0000168 seconds
{Heap before GC invocations=30 (full 2):
 par new generation   total 109248K, used 94665K [0x00000000e0000000, 0x00000000e8000000, 0x00000000e8000000)
  eden space 87424K, 100% used [0x00000000e0000000, 0x00000000e5560000, 0x00000000e5560000)
  from space 21824K,  33% used [0x00000000e5560000, 0x00000000e5c72670, 0x00000000e6ab0000)
  to   space 21824K,   0% used [0x00000000e6ab0000, 0x00000000e6ab0000, 0x00000000e8000000)
 concurrent mark-sweep generation total 393216K, used 44288K [0x00000000e8000000, 0x0000000100000000, 0x0000000100000000)
 Metaspace       used 39513K, capacity 40286K, committed 40472K, reserved 1085440K
  class space    used 4075K, capacity 4303K, committed 4376K, reserved 1048576K
2015-12-17T16:49:48.536-0500: 6170,790: [GC (Allocation Failure) 2015-12-17T16:49:48.536-0500: 6170,790: [ParNew
Desired survivor size 20112992 bytes, new threshold 8 (max 8)
- age   1:     103560 bytes,     103560 total
- age   2:    2345808 bytes,    2449368 total
- age   3:      76392 bytes,    2525760 total
- age   4:     237976 bytes,    2763736 total
- age   5:     966432 bytes,    3730168 total
- age   6:       3528 bytes,    3733696 total
- age   7:     218216 bytes,    3951912 total
- age   8:        568 bytes,    3952480 total
: 94665K->6532K(109248K), 0,0049263 secs] 138953K->51461K(502464K), 0,0050127 secs] [Times: user=0,02 sys=0,00, real=0,01 secs] 
Heap after GC invocations=31 (full 2):
 par new generation   total 109248K, used 6532K [0x00000000e0000000, 0x00000000e8000000, 0x00000000e8000000)
  eden space 87424K,   0% used [0x00000000e0000000, 0x00000000e0000000, 0x00000000e5560000)
  from space 21824K,  29% used [0x00000000e6ab0000, 0x00000000e71112f0, 0x00000000e8000000)
  to   space 21824K,   0% used [0x00000000e5560000, 0x00000000e5560000, 0x00000000e6ab0000)
 concurrent mark-sweep generation total 393216K, used 44928K [0x00000000e8000000, 0x0000000100000000, 0x0000000100000000)
 Metaspace       used 39513K, capacity 40286K, committed 40472K, reserved 1085440K
  class space    used 4075K, capacity 4303K, committed 4376K, reserved 1048576K
}
2015-12-17T16:49:48.541-0500: 6170,795: Total time for which application threads were stopped: 0,0052196 seconds, Stopping threads took: 0,0000397 seconds
2015-12-17T16:49:48.541-0500: 6170,795: Total time for which application threads were stopped: 0,0001417 seconds, Stopping threads took: 0,0000373 seconds
2015-12-17T16:49:48.541-0500: 6170,795: Total time for which application threads were stopped: 0,0000705 seconds, Stopping threads took: 0,0000197 seconds
2015-12-17T16:49:48.590-0500: 6170,844: Total time for which application threads were stopped: 0,0001790 seconds, Stopping threads took: 0,0000595 seconds
2015-12-17T16:49:48.596-0500: 6170,850: Total time for which application threads were stopped: 0,0001562 seconds, Stopping threads took: 0,0000471 seconds
2015-12-17T16:49:48.597-0500: 6170,851: Total time for which application threads were stopped: 0,0000651 seconds, Stopping threads took: 0,0000234 seconds
2015-12-17T16:49:48.597-0500: 6170,851: Total time for which application threads were stopped: 0,0000378 seconds, Stopping threads took: 0,0000090 seconds
2015-12-17T16:49:48.597-0500: 6170,851: Total time for which application threads were stopped: 0,0000581 seconds, Stopping threads took: 0,0000299 seconds
2015-12-17T16:49:48.597-0500: 6170,851: Total time for which application threads were stopped: 0,0000486 seconds, Stopping threads took: 0,0000211 seconds
2015-12-17T16:49:48.597-0500: 6170,851: Total time for which application threads were stopped: 0,0000469 seconds, Stopping threads took: 0,0000210 seconds
2015-12-17T16:49:48.597-0500: 6170,851: Total time for which application threads were stopped: 0,0000371 seconds, Stopping threads took: 0,0000115 seconds
2015-12-17T16:49:48.597-0500: 6170,851: Total time for which application threads were stopped: 0,0000390 seconds, Stopping threads took: 0,0000127 seconds
2015-12-17T16:49:48.597-0500: 6170,851: Total time for which application threads were stopped: 0,0000400 seconds, Stopping threads took: 0,0000121 seconds
2015-12-17T16:49:48.610-0500: 6170,864: Total time for which application threads were stopped: 0,0001218 seconds, Stopping threads took: 0,0000316 seconds
2015-12-17T16:49:48.610-0500: 6170,864: Total time for which application threads were stopped: 0,0000432 seconds, Stopping threads took: 0,0000096 seconds
2015-12-17T16:49:48.615-0500: 6170,869: Total time for which application threads were stopped: 0,0002782 seconds, Stopping threads took: 0,0000652 seconds
2015-12-17T16:49:48.615-0500: 6170,869: Total time for which application threads were stopped: 0,0003241 seconds, Stopping threads took: 0,0000730 seconds
2015-12-17T16:49:48.628-0500: 6170,882: Total time for which application threads were stopped: 0,0001793 seconds, Stopping threads took: 0,0000372 seconds
2015-12-17T16:49:49.969-0500: 6172,223: Total time for which application threads were stopped: 0,0001177 seconds, Stopping threads took: 0,0000249 seconds
2015-12-17T16:49:49.978-0500: 6172,232: Total time for which application threads were stopped: 0,0001268 seconds, Stopping threads took: 0,0000184 seconds
2015-12-17T16:49:49.978-0500: 6172,232: Total time for which application threads were stopped: 0,0000516 seconds, Stopping threads took: 0,0000106 seconds
2015-12-17T16:49:49.980-0500: 6172,234: Total time for which application threads were stopped: 0,0001277 seconds, Stopping threads took: 0,0000241 seconds
2015-12-17T16:49:49.980-0500: 6172,234: Total time for which application threads were stopped: 0,0000385 seconds, Stopping threads took: 0,0000054 seconds
2015-12-17T16:49:51.007-0500: 6173,261: Total time for which application threads were stopped: 0,0001288 seconds, Stopping threads took: 0,0000392 seconds
2015-12-17T16:49:51.053-0500: 6173,307: Total time for which application threads were stopped: 0,0001810 seconds, Stopping threads took: 0,0000408 seconds
2015-12-17T16:49:51.056-0500: 6173,310: Total time for which application threads were stopped: 0,0001068 seconds, Stopping threads took: 0,0000193 seconds
2015-12-17T16:49:51.056-0500: 6173,310: Total time for which application threads were stopped: 0,0000591 seconds, Stopping threads took: 0,0000138 seconds
2015-12-17T16:49:51.056-0500: 6173,310: Total time for which application threads were stopped: 0,0000343 seconds, Stopping threads took: 0,0000064 seconds
2015-12-17T16:49:51.056-0500: 6173,310: Total time for which application threads were stopped: 0,0000315 seconds, Stopping threads took: 0,0000053 seconds
2015-12-17T16:49:51.056-0500: 6173,310: Total time for which application threads were stopped: 0,0000306 seconds, Stopping threads took: 0,0000039 seconds
2015-12-17T16:49:51.056-0500: 6173,310: Total time for which application threads were stopped: 0,0000338 seconds, Stopping threads took: 0,0000068 seconds
2015-12-17T16:49:51.057-0500: 6173,311: Total time for which application threads were stopped: 0,0000545 seconds, Stopping threads took: 0,0000121 seconds
2015-12-17T16:49:53.065-0500: 6175,319: Total time for which application threads were stopped: 0,0001146 seconds, Stopping threads took: 0,0000305 seconds
2015-12-17T16:49:53.732-0500: 6175,986: Total time for which application threads were stopped: 0,0001106 seconds, Stopping threads took: 0,0000281 seconds
2015-12-17T16:49:53.741-0500: 6175,995: Total time for which application threads were stopped: 0,0000813 seconds, Stopping threads took: 0,0000185 seconds
2015-12-17T16:49:53.741-0500: 6175,995: Total time for which application threads were stopped: 0,0000560 seconds, Stopping threads took: 0,0000195 seconds
2015-12-17T16:49:53.741-0500: 6175,995: Total time for which application threads were stopped: 0,0000525 seconds, Stopping threads took: 0,0000179 seconds
2015-12-17T16:49:53.742-0500: 6175,996: Total time for which application threads were stopped: 0,0000529 seconds, Stopping threads took: 0,0000171 seconds
2015-12-17T16:49:53.742-0500: 6175,996: Total time for which application threads were stopped: 0,0000529 seconds, Stopping threads took: 0,0000162 seconds
2015-12-17T16:49:53.742-0500: 6175,996: Total time for which application threads were stopped: 0,0000527 seconds, Stopping threads took: 0,0000155 seconds
2015-12-17T16:49:53.742-0500: 6175,996: Total time for which application threads were stopped: 0,0000528 seconds, Stopping threads took: 0,0000160 seconds
2015-12-17T16:49:53.742-0500: 6175,996: Total time for which application threads were stopped: 0,0000249 seconds, Stopping threads took: 0,0000038 seconds
2015-12-17T16:49:53.742-0500: 6175,996: Total time for which application threads were stopped: 0,0000365 seconds, Stopping threads took: 0,0000134 seconds
2015-12-17T16:49:53.754-0500: 6176,008: Total time for which application threads were stopped: 0,0001174 seconds, Stopping threads took: 0,0000315 seconds
2015-12-17T16:49:53.754-0500: 6176,008: Total time for which application threads were stopped: 0,0000920 seconds, Stopping threads took: 0,0000244 seconds
2015-12-17T16:49:54.754-0500: 6177,008: Total time for which application threads were stopped: 0,0001181 seconds, Stopping threads took: 0,0000277 seconds
2015-12-17T16:49:55.073-0500: 6177,327: Total time for which application threads were stopped: 0,0001777 seconds, Stopping threads took: 0,0000227 seconds
2015-12-17T16:50:01.831-0500: 6184,085: Total time for which application threads were stopped: 0,0001593 seconds, Stopping threads took: 0,0000355 seconds
2015-12-17T16:50:01.831-0500: 6184,085: Total time for which application threads were stopped: 0,0000696 seconds, Stopping threads took: 0,0000103 seconds
{Heap before GC invocations=31 (full 2):
 par new generation   total 109248K, used 93956K [0x00000000e0000000, 0x00000000e8000000, 0x00000000e8000000)
  eden space 87424K, 100% used [0x00000000e0000000, 0x00000000e5560000, 0x00000000e5560000)
  from space 21824K,  29% used [0x00000000e6ab0000, 0x00000000e71112f0, 0x00000000e8000000)
  to   space 21824K,   0% used [0x00000000e5560000, 0x00000000e5560000, 0x00000000e6ab0000)
 concurrent mark-sweep generation total 393216K, used 44928K [0x00000000e8000000, 0x0000000100000000, 0x0000000100000000)
 Metaspace       used 41133K, capacity 41962K, committed 42136K, reserved 1087488K
  class space    used 4180K, capacity 4423K, committed 4504K, reserved 1048576K
2015-12-17T16:50:01.910-0500: 6184,164: [GC (Allocation Failure) 2015-12-17T16:50:01.910-0500: 6184,164: [ParNew
Desired survivor size 20112992 bytes, new threshold 8 (max 8)
- age   1:    6390376 bytes,    6390376 total
- age   2:      84296 bytes,    6474672 total
- age   3:    1508800 bytes,    7983472 total
- age   4:      76392 bytes,    8059864 total
- age   5:     237976 bytes,    8297840 total
- age   6:     965992 bytes,    9263832 total
- age   7:       3528 bytes,    9267360 total
- age   8:     218080 bytes,    9485440 total
: 93956K->10221K(109248K), 0,0085145 secs] 138885K->55150K(502464K), 0,0085883 secs] [Times: user=0,02 sys=0,00, real=0,00 secs] 
Heap after GC invocations=32 (full 2):
 par new generation   total 109248K, used 10221K [0x00000000e0000000, 0x00000000e8000000, 0x00000000e8000000)
  eden space 87424K,   0% used [0x00000000e0000000, 0x00000000e0000000, 0x00000000e5560000)
  from space 21824K,  46% used [0x00000000e5560000, 0x00000000e5f5b670, 0x00000000e6ab0000)
  to   space 21824K,   0% used [0x00000000e6ab0000, 0x00000000e6ab0000, 0x00000000e8000000)
 concurrent mark-sweep generation total 393216K, used 44929K [0x00000000e8000000, 0x0000000100000000, 0x0000000100000000)
 Metaspace       used 41133K, capacity 41962K, committed 42136K, reserved 1087488K
  class space    used 4180K, capacity 4423K, committed 4504K, reserved 1048576K
}
2015-12-17T16:50:01.919-0500: 6184,173: Total time for which application threads were stopped: 0,0088077 seconds, Stopping threads took: 0,0000471 seconds
2015-12-17T16:50:01.919-0500: 6184,173: Total time for which application threads were stopped: 0,0001276 seconds, Stopping threads took: 0,0000324 seconds
{Heap before GC invocations=32 (full 2):
 par new generation   total 109248K, used 97645K [0x00000000e0000000, 0x00000000e8000000, 0x00000000e8000000)
  eden space 87424K, 100% used [0x00000000e0000000, 0x00000000e5560000, 0x00000000e5560000)
  from space 21824K,  46% used [0x00000000e5560000, 0x00000000e5f5b670, 0x00000000e6ab0000)
  to   space 21824K,   0% used [0x00000000e6ab0000, 0x00000000e6ab0000, 0x00000000e8000000)
 concurrent mark-sweep generation total 393216K, used 44929K [0x00000000e8000000, 0x0000000100000000, 0x0000000100000000)
 Metaspace       used 41196K, capacity 42026K, committed 42136K, reserved 1087488K
  class space    used 4181K, capacity 4423K, committed 4504K, reserved 1048576K
2015-12-17T16:50:02.232-0500: 6184,486: [GC (Allocation Failure) 2015-12-17T16:50:02.232-0500: 6184,486: [ParNew
Desired survivor size 20112992 bytes, new threshold 8 (max 8)
- age   1:    4497576 bytes,    4497576 total
- age   2:    3004632 bytes,    7502208 total
- age   3:      84296 bytes,    7586504 total
- age   4:     928200 bytes,    8514704 total
- age   5:       1112 bytes,    8515816 total
- age   6:     100680 bytes,    8616496 total
- age   7:     490472 bytes,    9106968 total
- age   8:       3528 bytes,    9110496 total
: 97645K->11236K(109248K), 0,0091962 secs] 142574K->56381K(502464K), 0,0092611 secs] [Times: user=0,03 sys=0,00, real=0,01 secs] 
Heap after GC invocations=33 (full 2):
 par new generation   total 109248K, used 11236K [0x00000000e0000000, 0x00000000e8000000, 0x00000000e8000000)
  eden space 87424K,   0% used [0x00000000e0000000, 0x00000000e0000000, 0x00000000e5560000)
  from space 21824K,  51% used [0x00000000e6ab0000, 0x00000000e75a9320, 0x00000000e8000000)
  to   space 21824K,   0% used [0x00000000e5560000, 0x00000000e5560000, 0x00000000e6ab0000)
 concurrent mark-sweep generation total 393216K, used 45144K [0x00000000e8000000, 0x0000000100000000, 0x0000000100000000)
 Metaspace       used 41196K, capacity 42026K, committed 42136K, reserved 1087488K
  class space    used 4181K, capacity 4423K, committed 4504K, reserved 1048576K
}
2015-12-17T16:50:02.241-0500: 6184,495: Total time for which application threads were stopped: 0,0095222 seconds, Stopping threads took: 0,0000827 seconds
2015-12-17T16:50:02.241-0500: 6184,495: Total time for which application threads were stopped: 0,0001183 seconds, Stopping threads took: 0,0000333 seconds
2015-12-17T16:50:02.750-0500: 6185,004: Total time for which application threads were stopped: 0,0001238 seconds, Stopping threads took: 0,0000325 seconds
2015-12-17T16:50:02.753-0500: 6185,007: Total time for which application threads were stopped: 0,0001743 seconds, Stopping threads took: 0,0000985 seconds
2015-12-17T16:50:02.753-0500: 6185,007: Total time for which application threads were stopped: 0,0000707 seconds, Stopping threads took: 0,0000121 seconds
2015-12-17T16:50:02.754-0500: 6185,007: Total time for which application threads were stopped: 0,0001242 seconds, Stopping threads took: 0,0000687 seconds
2015-12-17T16:50:07.429-0500: 6189,683: Total time for which application threads were stopped: 0,0001180 seconds, Stopping threads took: 0,0000219 seconds
2015-12-17T16:50:08.429-0500: 6190,683: Total time for which application threads were stopped: 0,0001007 seconds, Stopping threads took: 0,0000247 seconds
2015-12-17T16:50:09.867-0500: 6192,121: Total time for which application threads were stopped: 0,0001512 seconds, Stopping threads took: 0,0000490 seconds
2015-12-17T16:50:09.868-0500: 6192,122: Total time for which application threads were stopped: 0,0001846 seconds, Stopping threads took: 0,0000258 seconds
2015-12-17T16:50:09.869-0500: 6192,123: Total time for which application threads were stopped: 0,0001325 seconds, Stopping threads took: 0,0000166 seconds
2015-12-17T16:50:09.870-0500: 6192,124: Total time for which application threads were stopped: 0,0001498 seconds, Stopping threads took: 0,0000546 seconds
2015-12-17T16:50:09.872-0500: 6192,126: Total time for which application threads were stopped: 0,0001002 seconds, Stopping threads took: 0,0000244 seconds
2015-12-17T16:50:09.872-0500: 6192,126: Total time for which application threads were stopped: 0,0000726 seconds, Stopping threads took: 0,0000110 seconds
2015-12-17T16:50:09.916-0500: 6192,170: Total time for which application threads were stopped: 0,0001158 seconds, Stopping threads took: 0,0000328 seconds
2015-12-17T16:50:32.315-0500: 6214,569: Total time for which application threads were stopped: 0,0001001 seconds, Stopping threads took: 0,0000181 seconds
2015-12-17T16:50:33.244-0500: 6215,498: Total time for which application threads were stopped: 0,0001386 seconds, Stopping threads took: 0,0000363 seconds
2015-12-17T16:50:33.340-0500: 6215,594: Total time for which application threads were stopped: 0,0001820 seconds, Stopping threads took: 0,0000449 seconds
2015-12-17T16:50:33.368-0500: 6215,622: Total time for which application threads were stopped: 0,0001303 seconds, Stopping threads took: 0,0000290 seconds
2015-12-17T16:50:33.397-0500: 6215,651: Total time for which application threads were stopped: 0,0001393 seconds, Stopping threads took: 0,0000379 seconds
2015-12-17T16:50:33.426-0500: 6215,680: Total time for which application threads were stopped: 0,0001760 seconds, Stopping threads took: 0,0000329 seconds
2015-12-17T16:50:35.923-0500: 6218,177: Total time for which application threads were stopped: 0,0001782 seconds, Stopping threads took: 0,0000195 seconds
2015-12-17T16:50:36.686-0500: 6218,940: Total time for which application threads were stopped: 0,0001339 seconds, Stopping threads took: 0,0000319 seconds
2015-12-17T16:50:39.658-0500: 6221,912: Total time for which application threads were stopped: 0,0001139 seconds, Stopping threads took: 0,0000303 seconds
2015-12-17T16:50:40.424-0500: 6222,678: Total time for which application threads were stopped: 0,0001217 seconds, Stopping threads took: 0,0000310 seconds
2015-12-17T16:50:40.472-0500: 6222,726: Total time for which application threads were stopped: 0,0001449 seconds, Stopping threads took: 0,0000225 seconds
2015-12-17T16:50:40.506-0500: 6222,760: Total time for which application threads were stopped: 0,0001023 seconds, Stopping threads took: 0,0000199 seconds
2015-12-17T16:50:40.534-0500: 6222,788: Total time for which application threads were stopped: 0,0001199 seconds, Stopping threads took: 0,0000328 seconds
2015-12-17T16:50:40.556-0500: 6222,810: Total time for which application threads were stopped: 0,0001284 seconds, Stopping threads took: 0,0000228 seconds
2015-12-17T16:50:49.980-0500: 6232,234: Total time for which application threads were stopped: 0,0001019 seconds, Stopping threads took: 0,0000324 seconds
2015-12-17T16:51:47.985-0500: 6290,239: Total time for which application threads were stopped: 0,0000999 seconds, Stopping threads took: 0,0000344 seconds
2015-12-17T16:51:52.331-0500: 6294,585: Total time for which application threads were stopped: 0,0000977 seconds, Stopping threads took: 0,0000183 seconds
2015-12-17T16:51:53.146-0500: 6295,400: Total time for which application threads were stopped: 0,0001872 seconds, Stopping threads took: 0,0000365 seconds
2015-12-17T16:51:54.146-0500: 6296,400: Total time for which application threads were stopped: 0,0002214 seconds, Stopping threads took: 0,0000559 seconds
2015-12-17T16:52:27.011-0500: 6329,265: Total time for which application threads were stopped: 0,0001107 seconds, Stopping threads took: 0,0000296 seconds
2015-12-17T16:52:28.337-0500: 6330,591: Total time for which application threads were stopped: 0,0001273 seconds, Stopping threads took: 0,0000285 seconds
2015-12-17T16:52:30.563-0500: 6332,817: Total time for which application threads were stopped: 0,0001228 seconds, Stopping threads took: 0,0000306 seconds
2015-12-17T16:52:31.467-0500: 6333,721: Total time for which application threads were stopped: 0,0001086 seconds, Stopping threads took: 0,0000221 seconds
2015-12-17T16:52:44.179-0500: 6346,433: Total time for which application threads were stopped: 0,0001221 seconds, Stopping threads took: 0,0000407 seconds
2015-12-17T16:52:45.101-0500: 6347,355: Total time for which application threads were stopped: 0,0001320 seconds, Stopping threads took: 0,0000263 seconds
2015-12-17T16:52:46.397-0500: 6348,651: Total time for which application threads were stopped: 0,0000988 seconds, Stopping threads took: 0,0000172 seconds
2015-12-17T16:52:47.287-0500: 6349,541: Total time for which application threads were stopped: 0,0001213 seconds, Stopping threads took: 0,0000211 seconds
2015-12-17T16:53:04.735-0500: 6366,988: Total time for which application threads were stopped: 0,0001084 seconds, Stopping threads took: 0,0000303 seconds
2015-12-17T16:53:05.760-0500: 6368,014: Total time for which application threads were stopped: 0,0001234 seconds, Stopping threads took: 0,0000364 seconds
2015-12-17T16:53:06.761-0500: 6369,015: Total time for which application threads were stopped: 0,0000881 seconds, Stopping threads took: 0,0000230 seconds
2015-12-17T16:53:44.764-0500: 6407,018: Total time for which application threads were stopped: 0,0001063 seconds, Stopping threads took: 0,0000381 seconds
2015-12-17T16:54:50.859-0500: 6473,113: Total time for which application threads were stopped: 0,0002160 seconds, Stopping threads took: 0,0001044 seconds
2015-12-17T16:54:52.108-0500: 6474,362: Total time for which application threads were stopped: 0,0001143 seconds, Stopping threads took: 0,0000321 seconds
2015-12-17T16:55:06.637-0500: 6488,891: Total time for which application threads were stopped: 0,0002397 seconds, Stopping threads took: 0,0000867 seconds
2015-12-17T16:55:07.557-0500: 6489,811: Total time for which application threads were stopped: 0,0001253 seconds, Stopping threads took: 0,0000313 seconds
2015-12-17T16:55:14.558-0500: 6496,812: Total time for which application threads were stopped: 0,0001186 seconds, Stopping threads took: 0,0000298 seconds
2015-12-17T16:56:23.564-0500: 6565,818: Total time for which application threads were stopped: 0,0001645 seconds, Stopping threads took: 0,0000564 seconds
2015-12-17T16:56:32.457-0500: 6574,711: Total time for which application threads were stopped: 0,0001080 seconds, Stopping threads took: 0,0000330 seconds
2015-12-17T16:56:32.457-0500: 6574,711: Total time for which application threads were stopped: 0,0000866 seconds, Stopping threads took: 0,0000330 seconds
2015-12-17T16:56:32.458-0500: 6574,712: Total time for which application threads were stopped: 0,0000426 seconds, Stopping threads took: 0,0000093 seconds
2015-12-17T16:56:32.460-0500: 6574,714: Total time for which application threads were stopped: 0,0001640 seconds, Stopping threads took: 0,0000701 seconds
2015-12-17T16:56:32.460-0500: 6574,714: Total time for which application threads were stopped: 0,0000538 seconds, Stopping threads took: 0,0000141 seconds
2015-12-17T16:56:32.461-0500: 6574,715: Total time for which application threads were stopped: 0,0000695 seconds, Stopping threads took: 0,0000197 seconds
2015-12-17T16:56:33.048-0500: 6575,302: Total time for which application threads were stopped: 0,0001109 seconds, Stopping threads took: 0,0000268 seconds
2015-12-17T16:56:34.848-0500: 6577,102: Total time for which application threads were stopped: 0,0001219 seconds, Stopping threads took: 0,0000450 seconds
2015-12-17T16:56:34.850-0500: 6577,104: Total time for which application threads were stopped: 0,0000594 seconds, Stopping threads took: 0,0000218 seconds
2015-12-17T16:56:34.851-0500: 6577,105: Total time for which application threads were stopped: 0,0000531 seconds, Stopping threads took: 0,0000210 seconds
2015-12-17T16:56:34.851-0500: 6577,105: Total time for which application threads were stopped: 0,0001498 seconds, Stopping threads took: 0,0000728 seconds
2015-12-17T16:56:34.852-0500: 6577,106: Total time for which application threads were stopped: 0,0000515 seconds, Stopping threads took: 0,0000144 seconds
2015-12-17T16:56:35.008-0500: 6577,262: Total time for which application threads were stopped: 0,0001482 seconds, Stopping threads took: 0,0000572 seconds
{Heap before GC invocations=33 (full 2):
 par new generation   total 109248K, used 98660K [0x00000000e0000000, 0x00000000e8000000, 0x00000000e8000000)
  eden space 87424K, 100% used [0x00000000e0000000, 0x00000000e5560000, 0x00000000e5560000)
  from space 21824K,  51% used [0x00000000e6ab0000, 0x00000000e75a9320, 0x00000000e8000000)
  to   space 21824K,   0% used [0x00000000e5560000, 0x00000000e5560000, 0x00000000e6ab0000)
 concurrent mark-sweep generation total 393216K, used 45144K [0x00000000e8000000, 0x0000000100000000, 0x0000000100000000)
 Metaspace       used 41241K, capacity 42034K, committed 42136K, reserved 1087488K
  class space    used 4181K, capacity 4423K, committed 4504K, reserved 1048576K
2015-12-17T16:56:35.065-0500: 6577,319: [GC (Allocation Failure) 2015-12-17T16:56:35.065-0500: 6577,319: [ParNew
Desired survivor size 20112992 bytes, new threshold 8 (max 8)
- age   1:    7716032 bytes,    7716032 total
- age   2:      94672 bytes,    7810704 total
- age   3:    1511896 bytes,    9322600 total
- age   4:      84296 bytes,    9406896 total
- age   5:     899352 bytes,   10306248 total
- age   6:       1112 bytes,   10307360 total
- age   7:     100680 bytes,   10408040 total
- age   8:     475392 bytes,   10883432 total
: 98660K->14954K(109248K), 0,0072686 secs] 143805K->60103K(502464K), 0,0073467 secs] [Times: user=0,02 sys=0,00, real=0,01 secs] 
Heap after GC invocations=34 (full 2):
 par new generation   total 109248K, used 14954K [0x00000000e0000000, 0x00000000e8000000, 0x00000000e8000000)
  eden space 87424K,   0% used [0x00000000e0000000, 0x00000000e0000000, 0x00000000e5560000)
  from space 21824K,  68% used [0x00000000e5560000, 0x00000000e63faab8, 0x00000000e6ab0000)
  to   space 21824K,   0% used [0x00000000e6ab0000, 0x00000000e6ab0000, 0x00000000e8000000)
 concurrent mark-sweep generation total 393216K, used 45148K [0x00000000e8000000, 0x0000000100000000, 0x0000000100000000)
 Metaspace       used 41241K, capacity 42034K, committed 42136K, reserved 1087488K
  class space    used 4181K, capacity 4423K, committed 4504K, reserved 1048576K
}
2015-12-17T16:56:35.073-0500: 6577,327: Total time for which application threads were stopped: 0,0075246 seconds, Stopping threads took: 0,0000323 seconds
2015-12-17T16:56:35.102-0500: 6577,356: Total time for which application threads were stopped: 0,0001289 seconds, Stopping threads took: 0,0000409 seconds
2015-12-17T16:56:35.686-0500: 6577,940: Total time for which application threads were stopped: 0,0001547 seconds, Stopping threads took: 0,0000239 seconds
2015-12-17T16:56:35.686-0500: 6577,940: Total time for which application threads were stopped: 0,0001182 seconds, Stopping threads took: 0,0000314 seconds
2015-12-17T16:56:35.686-0500: 6577,940: Total time for which application threads were stopped: 0,0000705 seconds, Stopping threads took: 0,0000191 seconds
2015-12-17T16:56:35.688-0500: 6577,942: Total time for which application threads were stopped: 0,0001555 seconds, Stopping threads took: 0,0000857 seconds
2015-12-17T16:56:35.688-0500: 6577,942: Total time for which application threads were stopped: 0,0000629 seconds, Stopping threads took: 0,0000130 seconds
2015-12-17T16:56:35.688-0500: 6577,942: Total time for which application threads were stopped: 0,0000423 seconds, Stopping threads took: 0,0000117 seconds
2015-12-17T16:56:35.688-0500: 6577,942: Total time for which application threads were stopped: 0,0000424 seconds, Stopping threads took: 0,0000093 seconds
2015-12-17T16:56:35.688-0500: 6577,942: Total time for which application threads were stopped: 0,0000413 seconds, Stopping threads took: 0,0000100 seconds
2015-12-17T16:56:35.903-0500: 6578,157: Total time for which application threads were stopped: 0,0001124 seconds, Stopping threads took: 0,0000447 seconds
2015-12-17T16:56:36.903-0500: 6579,157: Total time for which application threads were stopped: 0,0000889 seconds, Stopping threads took: 0,0000233 seconds
2015-12-17T16:56:41.669-0500: 6583,923: Total time for which application threads were stopped: 0,0001671 seconds, Stopping threads took: 0,0000492 seconds
2015-12-17T16:56:42.669-0500: 6584,923: Total time for which application threads were stopped: 0,0000885 seconds, Stopping threads took: 0,0000208 seconds
2015-12-17T16:56:42.686-0500: 6584,940: Total time for which application threads were stopped: 0,0001122 seconds, Stopping threads took: 0,0000231 seconds
2015-12-17T16:56:42.687-0500: 6584,941: Total time for which application threads were stopped: 0,0000734 seconds, Stopping threads took: 0,0000120 seconds
2015-12-17T16:56:42.691-0500: 6584,945: Total time for which application threads were stopped: 0,0001741 seconds, Stopping threads took: 0,0000312 seconds
2015-12-17T16:56:42.692-0500: 6584,946: Total time for which application threads were stopped: 0,0002494 seconds, Stopping threads took: 0,0000455 seconds
2015-12-17T16:56:42.693-0500: 6584,947: Total time for which application threads were stopped: 0,0001076 seconds, Stopping threads took: 0,0000196 seconds
2015-12-17T16:56:42.755-0500: 6585,009: Total time for which application threads were stopped: 0,0001211 seconds, Stopping threads took: 0,0000190 seconds
2015-12-17T16:56:42.780-0500: 6585,034: Total time for which application threads were stopped: 0,0002430 seconds, Stopping threads took: 0,0000260 seconds
2015-12-17T16:56:42.806-0500: 6585,060: Total time for which application threads were stopped: 0,0001165 seconds, Stopping threads took: 0,0000220 seconds
2015-12-17T16:56:42.833-0500: 6585,087: Total time for which application threads were stopped: 0,0001451 seconds, Stopping threads took: 0,0000259 seconds
2015-12-17T16:56:43.834-0500: 6586,088: Total time for which application threads were stopped: 0,0000926 seconds, Stopping threads took: 0,0000246 seconds
2015-12-17T16:58:35.844-0500: 6698,098: Total time for which application threads were stopped: 0,0001056 seconds, Stopping threads took: 0,0000368 seconds
2015-12-17T16:58:48.845-0500: 6711,099: Total time for which application threads were stopped: 0,0001010 seconds, Stopping threads took: 0,0000255 seconds
2015-12-17T16:59:20.848-0500: 6743,102: Total time for which application threads were stopped: 0,0000989 seconds, Stopping threads took: 0,0000344 seconds
2015-12-17T16:59:22.848-0500: 6745,102: Total time for which application threads were stopped: 0,0000907 seconds, Stopping threads took: 0,0000234 seconds
2015-12-17T17:01:01.857-0500: 6844,111: Total time for which application threads were stopped: 0,0001081 seconds, Stopping threads took: 0,0000354 seconds
2015-12-17T17:03:58.873-0500: 7021,127: Total time for which application threads were stopped: 0,0000934 seconds, Stopping threads took: 0,0000281 seconds
2015-12-17T17:05:22.880-0500: 7105,134: Total time for which application threads were stopped: 0,0002399 seconds, Stopping threads took: 0,0000945 seconds
2015-12-17T17:11:38.026-0500: 7480,280: Total time for which application threads were stopped: 0,0001469 seconds, Stopping threads took: 0,0000553 seconds
2015-12-17T17:11:39.026-0500: 7481,280: Total time for which application threads were stopped: 0,0001304 seconds, Stopping threads took: 0,0000312 seconds
2015-12-17T17:12:29.492-0500: 7531,746: Total time for which application threads were stopped: 0,0265142 seconds, Stopping threads took: 0,0264077 seconds
2015-12-17T17:12:30.493-0500: 7532,747: Total time for which application threads were stopped: 0,0000908 seconds, Stopping threads took: 0,0000299 seconds
2015-12-17T17:12:32.493-0500: 7534,747: Total time for which application threads were stopped: 0,0000810 seconds, Stopping threads took: 0,0000211 seconds
2015-12-17T17:14:19.819-0500: 7642,073: Total time for which application threads were stopped: 0,0001132 seconds, Stopping threads took: 0,0000393 seconds
2015-12-17T17:14:19.819-0500: 7642,073: Total time for which application threads were stopped: 0,0000650 seconds, Stopping threads took: 0,0000206 seconds
2015-12-17T17:14:59.823-0500: 7682,077: Total time for which application threads were stopped: 0,0001235 seconds, Stopping threads took: 0,0000421 seconds
2015-12-17T17:15:05.247-0500: 7687,501: Total time for which application threads were stopped: 0,0000925 seconds, Stopping threads took: 0,0000311 seconds
2015-12-17T17:15:05.248-0500: 7687,502: Total time for which application threads were stopped: 0,0000915 seconds, Stopping threads took: 0,0000374 seconds
2015-12-17T17:15:05.248-0500: 7687,502: Total time for which application threads were stopped: 0,0000782 seconds, Stopping threads took: 0,0000236 seconds
2015-12-17T17:15:05.415-0500: 7687,669: Total time for which application threads were stopped: 0,0001492 seconds, Stopping threads took: 0,0000380 seconds
2015-12-17T17:15:06.415-0500: 7688,669: Total time for which application threads were stopped: 0,0000919 seconds, Stopping threads took: 0,0000220 seconds
{Heap before GC invocations=34 (full 2):
 par new generation   total 109248K, used 102378K [0x00000000e0000000, 0x00000000e8000000, 0x00000000e8000000)
  eden space 87424K, 100% used [0x00000000e0000000, 0x00000000e5560000, 0x00000000e5560000)
  from space 21824K,  68% used [0x00000000e5560000, 0x00000000e63faab8, 0x00000000e6ab0000)
  to   space 21824K,   0% used [0x00000000e6ab0000, 0x00000000e6ab0000, 0x00000000e8000000)
 concurrent mark-sweep generation total 393216K, used 45148K [0x00000000e8000000, 0x0000000100000000, 0x0000000100000000)
 Metaspace       used 41295K, capacity 42034K, committed 42136K, reserved 1087488K
  class space    used 4182K, capacity 4423K, committed 4504K, reserved 1048576K
2015-12-17T17:15:07.916-0500: 7690,170: [GC (Allocation Failure) 2015-12-17T17:15:07.916-0500: 7690,170: [ParNew
Desired survivor size 20112992 bytes, new threshold 8 (max 8)
- age   1:    2159384 bytes,    2159384 total
- age   2:     427568 bytes,    2586952 total
- age   3:      94248 bytes,    2681200 total
- age   4:    1319424 bytes,    4000624 total
- age   5:      84296 bytes,    4084920 total
- age   6:     898952 bytes,    4983872 total
- age   7:       1112 bytes,    4984984 total
- age   8:     100680 bytes,    5085664 total
: 102378K->7652K(109248K), 0,0074518 secs] 147527K->53269K(502464K), 0,0075533 secs] [Times: user=0,02 sys=0,01, real=0,01 secs] 
Heap after GC invocations=35 (full 2):
 par new generation   total 109248K, used 7652K [0x00000000e0000000, 0x00000000e8000000, 0x00000000e8000000)
  eden space 87424K,   0% used [0x00000000e0000000, 0x00000000e0000000, 0x00000000e5560000)
  from space 21824K,  35% used [0x00000000e6ab0000, 0x00000000e7229200, 0x00000000e8000000)
  to   space 21824K,   0% used [0x00000000e5560000, 0x00000000e5560000, 0x00000000e6ab0000)
 concurrent mark-sweep generation total 393216K, used 45617K [0x00000000e8000000, 0x0000000100000000, 0x0000000100000000)
 Metaspace       used 41295K, capacity 42034K, committed 42136K, reserved 1087488K
  class space    used 4182K, capacity 4423K, committed 4504K, reserved 1048576K
}
2015-12-17T17:15:07.923-0500: 7690,177: Total time for which application threads were stopped: 0,0349689 seconds, Stopping threads took: 0,0000288 seconds
{Heap before GC invocations=35 (full 2):
 par new generation   total 109248K, used 95076K [0x00000000e0000000, 0x00000000e8000000, 0x00000000e8000000)
  eden space 87424K, 100% used [0x00000000e0000000, 0x00000000e5560000, 0x00000000e5560000)
  from space 21824K,  35% used [0x00000000e6ab0000, 0x00000000e7229200, 0x00000000e8000000)
  to   space 21824K,   0% used [0x00000000e5560000, 0x00000000e5560000, 0x00000000e6ab0000)
 concurrent mark-sweep generation total 393216K, used 45617K [0x00000000e8000000, 0x0000000100000000, 0x0000000100000000)
 Metaspace       used 41303K, capacity 42034K, committed 42136K, reserved 1087488K
  class space    used 4183K, capacity 4423K, committed 4504K, reserved 1048576K
2015-12-17T17:15:08.224-0500: 7690,478: [GC (Allocation Failure) 2015-12-17T17:15:08.224-0500: 7690,478: [ParNew
Desired survivor size 20112992 bytes, new threshold 8 (max 8)
- age   1:    6058152 bytes,    6058152 total
- age   2:     615128 bytes,    6673280 total
- age   3:     148656 bytes,    6821936 total
- age   4:      92200 bytes,    6914136 total
- age   5:    1219824 bytes,    8133960 total
- age   6:      84136 bytes,    8218096 total
- age   7:     897144 bytes,    9115240 total
- age   8:       1112 bytes,    9116352 total
: 95076K->10523K(109248K), 0,0060154 secs] 140693K->56240K(502464K), 0,0060747 secs] [Times: user=0,02 sys=0,00, real=0,01 secs] 
Heap after GC invocations=36 (full 2):
 par new generation   total 109248K, used 10523K [0x00000000e0000000, 0x00000000e8000000, 0x00000000e8000000)
  eden space 87424K,   0% used [0x00000000e0000000, 0x00000000e0000000, 0x00000000e5560000)
  from space 21824K,  48% used [0x00000000e5560000, 0x00000000e5fa6df0, 0x00000000e6ab0000)
  to   space 21824K,   0% used [0x00000000e6ab0000, 0x00000000e6ab0000, 0x00000000e8000000)
 concurrent mark-sweep generation total 393216K, used 45717K [0x00000000e8000000, 0x0000000100000000, 0x0000000100000000)
 Metaspace       used 41303K, capacity 42034K, committed 42136K, reserved 1087488K
  class space    used 4183K, capacity 4423K, committed 4504K, reserved 1048576K
}
2015-12-17T17:15:08.230-0500: 7690,484: Total time for which application threads were stopped: 0,0062529 seconds, Stopping threads took: 0,0000231 seconds
2015-12-17T17:15:08.982-0500: 7691,236: Total time for which application threads were stopped: 0,0003178 seconds, Stopping threads took: 0,0001709 seconds
2015-12-17T17:15:08.982-0500: 7691,236: Total time for which application threads were stopped: 0,0001384 seconds, Stopping threads took: 0,0000419 seconds
2015-12-17T17:15:08.983-0500: 7691,237: Total time for which application threads were stopped: 0,0002507 seconds, Stopping threads took: 0,0001217 seconds
2015-12-17T17:15:08.984-0500: 7691,238: Total time for which application threads were stopped: 0,0001589 seconds, Stopping threads took: 0,0000875 seconds
2015-12-17T17:15:08.984-0500: 7691,238: Total time for which application threads were stopped: 0,0001694 seconds, Stopping threads took: 0,0001015 seconds
2015-12-17T17:15:08.984-0500: 7691,238: Total time for which application threads were stopped: 0,0001798 seconds, Stopping threads took: 0,0000706 seconds
2015-12-17T17:15:09.984-0500: 7692,238: Total time for which application threads were stopped: 0,0001133 seconds, Stopping threads took: 0,0000279 seconds
2015-12-17T17:15:18.985-0500: 7701,239: Total time for which application threads were stopped: 0,0000876 seconds, Stopping threads took: 0,0000234 seconds
2015-12-17T17:15:20.953-0500: 7703,207: Total time for which application threads were stopped: 0,0001076 seconds, Stopping threads took: 0,0000291 seconds
2015-12-17T17:15:21.954-0500: 7704,208: Total time for which application threads were stopped: 0,0000864 seconds, Stopping threads took: 0,0000205 seconds
2015-12-17T17:15:22.915-0500: 7705,169: Total time for which application threads were stopped: 0,0001230 seconds, Stopping threads took: 0,0000256 seconds
2015-12-17T17:15:22.916-0500: 7705,170: Total time for which application threads were stopped: 0,0001734 seconds, Stopping threads took: 0,0000830 seconds
2015-12-17T17:15:22.916-0500: 7705,170: Total time for which application threads were stopped: 0,0000969 seconds, Stopping threads took: 0,0000157 seconds
2015-12-17T17:15:22.917-0500: 7705,171: Total time for which application threads were stopped: 0,0000638 seconds, Stopping threads took: 0,0000236 seconds
2015-12-17T17:15:22.917-0500: 7705,171: Total time for which application threads were stopped: 0,0000638 seconds, Stopping threads took: 0,0000239 seconds
2015-12-17T17:15:23.067-0500: 7705,321: Total time for which application threads were stopped: 0,0001326 seconds, Stopping threads took: 0,0000232 seconds
2015-12-17T17:15:23.094-0500: 7705,348: Total time for which application threads were stopped: 0,0001793 seconds, Stopping threads took: 0,0000410 seconds
2015-12-17T17:15:23.120-0500: 7705,374: Total time for which application threads were stopped: 0,0001023 seconds, Stopping threads took: 0,0000184 seconds
2015-12-17T17:15:23.353-0500: 7705,607: Total time for which application threads were stopped: 0,0001913 seconds, Stopping threads took: 0,0001017 seconds
2015-12-17T17:15:24.353-0500: 7706,607: Total time for which application threads were stopped: 0,0003775 seconds, Stopping threads took: 0,0000857 seconds
2015-12-17T17:15:38.443-0500: 7720,697: Total time for which application threads were stopped: 0,0001036 seconds, Stopping threads took: 0,0000269 seconds
2015-12-17T17:15:38.750-0500: 7721,004: Total time for which application threads were stopped: 0,0007144 seconds, Stopping threads took: 0,0000296 seconds
2015-12-17T17:15:38.750-0500: 7721,004: Total time for which application threads were stopped: 0,0000642 seconds, Stopping threads took: 0,0000212 seconds
2015-12-17T17:15:39.750-0500: 7722,004: Total time for which application threads were stopped: 0,0000946 seconds, Stopping threads took: 0,0000234 seconds
2015-12-17T17:16:18.754-0500: 7761,008: Total time for which application threads were stopped: 0,0001140 seconds, Stopping threads took: 0,0000391 seconds
2015-12-17T17:16:30.756-0500: 7773,010: Total time for which application threads were stopped: 0,0001917 seconds, Stopping threads took: 0,0000458 seconds
2015-12-17T17:19:42.495-0500: 7964,749: Total time for which application threads were stopped: 0,0001211 seconds, Stopping threads took: 0,0000418 seconds
2015-12-17T17:19:42.495-0500: 7964,749: Total time for which application threads were stopped: 0,0000832 seconds, Stopping threads took: 0,0000225 seconds
2015-12-17T17:21:12.504-0500: 8054,758: Total time for which application threads were stopped: 0,0000870 seconds, Stopping threads took: 0,0000297 seconds
2015-12-17T17:21:46.999-0500: 8089,253: Total time for which application threads were stopped: 0,0001035 seconds, Stopping threads took: 0,0000236 seconds
2015-12-17T17:22:56.006-0500: 8158,260: Total time for which application threads were stopped: 0,0000943 seconds, Stopping threads took: 0,0000340 seconds
2015-12-17T17:22:59.295-0500: 8161,549: Total time for which application threads were stopped: 0,0001802 seconds, Stopping threads took: 0,0000364 seconds
2015-12-17T17:23:22.319-0500: 8184,573: Total time for which application threads were stopped: 0,0001196 seconds, Stopping threads took: 0,0000226 seconds
2015-12-17T17:23:22.319-0500: 8184,573: Total time for which application threads were stopped: 0,0000533 seconds, Stopping threads took: 0,0000081 seconds
2015-12-17T17:23:22.426-0500: 8184,680: Total time for which application threads were stopped: 0,0001689 seconds, Stopping threads took: 0,0000531 seconds
2015-12-17T17:23:22.427-0500: 8184,681: Total time for which application threads were stopped: 0,0001050 seconds, Stopping threads took: 0,0000382 seconds
2015-12-17T17:23:22.552-0500: 8184,806: Total time for which application threads were stopped: 0,0001232 seconds, Stopping threads took: 0,0000204 seconds
2015-12-17T17:23:24.590-0500: 8186,844: Total time for which application threads were stopped: 0,0001222 seconds, Stopping threads took: 0,0000277 seconds
2015-12-17T17:23:28.590-0500: 8190,844: Total time for which application threads were stopped: 0,0001208 seconds, Stopping threads took: 0,0000293 seconds
2015-12-17T17:23:32.591-0500: 8194,845: Total time for which application threads were stopped: 0,0001609 seconds, Stopping threads took: 0,0000410 seconds
2015-12-17T17:23:41.592-0500: 8203,846: Total time for which application threads were stopped: 0,0001270 seconds, Stopping threads took: 0,0000491 seconds
2015-12-17T17:23:42.592-0500: 8204,846: Total time for which application threads were stopped: 0,0000811 seconds, Stopping threads took: 0,0000216 seconds
2015-12-17T17:24:22.427-0500: 8244,681: Total time for which application threads were stopped: 0,0001493 seconds, Stopping threads took: 0,0000483 seconds
2015-12-17T17:24:35.429-0500: 8257,683: Total time for which application threads were stopped: 0,0001754 seconds, Stopping threads took: 0,0000434 seconds
2015-12-17T17:27:31.360-0500: 8433,614: Total time for which application threads were stopped: 0,0001478 seconds, Stopping threads took: 0,0000502 seconds
2015-12-17T17:27:32.360-0500: 8434,614: Total time for which application threads were stopped: 0,0000807 seconds, Stopping threads took: 0,0000222 seconds
2015-12-17T17:27:32.533-0500: 8434,787: Total time for which application threads were stopped: 0,0001492 seconds, Stopping threads took: 0,0000384 seconds
2015-12-17T17:27:32.610-0500: 8434,864: Total time for which application threads were stopped: 0,0001244 seconds, Stopping threads took: 0,0000274 seconds
2015-12-17T17:27:32.638-0500: 8434,892: Total time for which application threads were stopped: 0,0001321 seconds, Stopping threads took: 0,0000240 seconds
2015-12-17T17:27:32.759-0500: 8435,013: Total time for which application threads were stopped: 0,0001247 seconds, Stopping threads took: 0,0000222 seconds
2015-12-17T17:27:32.978-0500: 8435,232: Total time for which application threads were stopped: 0,0001784 seconds, Stopping threads took: 0,0000297 seconds
2015-12-17T17:27:53.516-0500: 8455,770: Total time for which application threads were stopped: 0,0001169 seconds, Stopping threads took: 0,0000410 seconds
2015-12-17T17:27:54.410-0500: 8456,664: Total time for which application threads were stopped: 0,0002668 seconds, Stopping threads took: 0,0000249 seconds
2015-12-17T17:27:54.497-0500: 8456,751: Total time for which application threads were stopped: 0,0001782 seconds, Stopping threads took: 0,0000241 seconds
2015-12-17T17:27:54.526-0500: 8456,780: Total time for which application threads were stopped: 0,0001278 seconds, Stopping threads took: 0,0000345 seconds
2015-12-17T17:27:54.550-0500: 8456,804: Total time for which application threads were stopped: 0,0001313 seconds, Stopping threads took: 0,0000272 seconds
2015-12-17T17:27:54.779-0500: 8457,033: Total time for which application threads were stopped: 0,0001360 seconds, Stopping threads took: 0,0000460 seconds
2015-12-17T17:28:27.898-0500: 8490,152: Total time for which application threads were stopped: 0,0001613 seconds, Stopping threads took: 0,0000586 seconds
2015-12-17T17:28:40.354-0500: 8502,608: Total time for which application threads were stopped: 0,0002238 seconds, Stopping threads took: 0,0000642 seconds
2015-12-17T17:28:40.468-0500: 8502,722: Total time for which application threads were stopped: 0,0001187 seconds, Stopping threads took: 0,0000219 seconds
2015-12-17T17:28:40.468-0500: 8502,722: Total time for which application threads were stopped: 0,0000584 seconds, Stopping threads took: 0,0000104 seconds
2015-12-17T17:28:41.469-0500: 8503,723: Total time for which application threads were stopped: 0,0001841 seconds, Stopping threads took: 0,0000474 seconds
2015-12-17T17:29:47.532-0500: 8569,786: Total time for which application threads were stopped: 0,0002144 seconds, Stopping threads took: 0,0001257 seconds
2015-12-17T17:29:48.293-0500: 8570,547: Total time for which application threads were stopped: 0,0001650 seconds, Stopping threads took: 0,0000329 seconds
2015-12-17T17:29:48.370-0500: 8570,624: Total time for which application threads were stopped: 0,0001274 seconds, Stopping threads took: 0,0000225 seconds
2015-12-17T17:29:48.403-0500: 8570,657: Total time for which application threads were stopped: 0,0001445 seconds, Stopping threads took: 0,0000213 seconds
2015-12-17T17:29:48.426-0500: 8570,680: Total time for which application threads were stopped: 0,0001113 seconds, Stopping threads took: 0,0000209 seconds
2015-12-17T17:29:48.454-0500: 8570,708: Total time for which application threads were stopped: 0,0001334 seconds, Stopping threads took: 0,0000304 seconds
2015-12-17T17:30:32.169-0500: 8614,423: Total time for which application threads were stopped: 0,0001173 seconds, Stopping threads took: 0,0000418 seconds
2015-12-17T17:30:32.903-0500: 8615,157: Total time for which application threads were stopped: 0,0000959 seconds, Stopping threads took: 0,0000177 seconds
2015-12-17T17:30:32.954-0500: 8615,207: Total time for which application threads were stopped: 0,0001052 seconds, Stopping threads took: 0,0000213 seconds
2015-12-17T17:30:32.974-0500: 8615,228: Total time for which application threads were stopped: 0,0001478 seconds, Stopping threads took: 0,0000468 seconds
2015-12-17T17:30:32.999-0500: 8615,253: Total time for which application threads were stopped: 0,0001112 seconds, Stopping threads took: 0,0000308 seconds
2015-12-17T17:30:33.025-0500: 8615,279: Total time for which application threads were stopped: 0,0000923 seconds, Stopping threads took: 0,0000166 seconds
2015-12-17T17:31:14.191-0500: 8656,445: Total time for which application threads were stopped: 0,0001073 seconds, Stopping threads took: 0,0000290 seconds
2015-12-17T17:31:15.192-0500: 8657,446: Total time for which application threads were stopped: 0,0001829 seconds, Stopping threads took: 0,0000445 seconds
2015-12-17T17:31:43.455-0500: 8685,709: Total time for which application threads were stopped: 0,0001111 seconds, Stopping threads took: 0,0000330 seconds
2015-12-17T17:31:44.293-0500: 8686,547: Total time for which application threads were stopped: 0,0001200 seconds, Stopping threads took: 0,0000218 seconds
2015-12-17T17:31:44.808-0500: 8687,062: Total time for which application threads were stopped: 0,0001103 seconds, Stopping threads took: 0,0000312 seconds
2015-12-17T17:31:45.265-0500: 8687,519: Total time for which application threads were stopped: 0,0002131 seconds, Stopping threads took: 0,0000581 seconds
2015-12-17T17:31:45.769-0500: 8688,023: Total time for which application threads were stopped: 0,0001081 seconds, Stopping threads took: 0,0000311 seconds
2015-12-17T17:31:53.452-0500: 8695,706: Total time for which application threads were stopped: 0,0000963 seconds, Stopping threads took: 0,0000186 seconds
2015-12-17T17:32:03.406-0500: 8705,660: Total time for which application threads were stopped: 0,0001125 seconds, Stopping threads took: 0,0000297 seconds
2015-12-17T17:32:04.049-0500: 8706,303: Total time for which application threads were stopped: 0,0001095 seconds, Stopping threads took: 0,0000299 seconds
2015-12-17T17:33:39.909-0500: 8802,163: Total time for which application threads were stopped: 0,0001258 seconds, Stopping threads took: 0,0000423 seconds
2015-12-17T17:33:40.839-0500: 8803,093: Total time for which application threads were stopped: 0,0001261 seconds, Stopping threads took: 0,0000240 seconds
2015-12-17T17:33:53.266-0500: 8815,520: Total time for which application threads were stopped: 0,0000949 seconds, Stopping threads took: 0,0000206 seconds
2015-12-17T17:33:54.452-0500: 8816,706: Total time for which application threads were stopped: 0,0001280 seconds, Stopping threads took: 0,0000317 seconds
2015-12-17T17:33:54.538-0500: 8816,792: Total time for which application threads were stopped: 0,0001051 seconds, Stopping threads took: 0,0000180 seconds
2015-12-17T17:33:54.560-0500: 8816,814: Total time for which application threads were stopped: 0,0001359 seconds, Stopping threads took: 0,0000282 seconds
2015-12-17T17:33:54.600-0500: 8816,854: Total time for which application threads were stopped: 0,0001077 seconds, Stopping threads took: 0,0000338 seconds
2015-12-17T17:33:54.627-0500: 8816,881: Total time for which application threads were stopped: 0,0001788 seconds, Stopping threads took: 0,0000278 seconds
2015-12-17T17:33:55.627-0500: 8817,881: Total time for which application threads were stopped: 0,0000826 seconds, Stopping threads took: 0,0000211 seconds
2015-12-17T17:34:22.040-0500: 8844,294: Total time for which application threads were stopped: 0,0001845 seconds, Stopping threads took: 0,0000642 seconds
2015-12-17T17:34:22.152-0500: 8844,406: Total time for which application threads were stopped: 0,0001976 seconds, Stopping threads took: 0,0001002 seconds
2015-12-17T17:34:22.162-0500: 8844,416: Total time for which application threads were stopped: 0,0001558 seconds, Stopping threads took: 0,0000324 seconds
2015-12-17T17:34:22.544-0500: 8844,798: Total time for which application threads were stopped: 0,0001053 seconds, Stopping threads took: 0,0000354 seconds
2015-12-17T17:34:23.545-0500: 8845,799: Total time for which application threads were stopped: 0,0000783 seconds, Stopping threads took: 0,0000200 seconds
2015-12-17T17:34:31.822-0500: 8854,076: Total time for which application threads were stopped: 0,0001165 seconds, Stopping threads took: 0,0000420 seconds
2015-12-17T17:34:31.848-0500: 8854,102: Total time for which application threads were stopped: 0,0007834 seconds, Stopping threads took: 0,0000251 seconds
2015-12-17T17:34:32.657-0500: 8854,911: Total time for which application threads were stopped: 0,0001576 seconds, Stopping threads took: 0,0000204 seconds
2015-12-17T17:34:32.657-0500: 8854,911: Total time for which application threads were stopped: 0,0000737 seconds, Stopping threads took: 0,0000186 seconds
2015-12-17T17:34:32.658-0500: 8854,912: Total time for which application threads were stopped: 0,0001903 seconds, Stopping threads took: 0,0000287 seconds
2015-12-17T17:34:32.659-0500: 8854,913: Total time for which application threads were stopped: 0,0001818 seconds, Stopping threads took: 0,0000357 seconds
2015-12-17T17:34:32.660-0500: 8854,914: Total time for which application threads were stopped: 0,0001799 seconds, Stopping threads took: 0,0000345 seconds
2015-12-17T17:34:32.661-0500: 8854,915: Total time for which application threads were stopped: 0,0001143 seconds, Stopping threads took: 0,0000225 seconds
2015-12-17T17:34:32.662-0500: 8854,916: Total time for which application threads were stopped: 0,0001506 seconds, Stopping threads took: 0,0000889 seconds
2015-12-17T17:34:32.704-0500: 8854,958: Total time for which application threads were stopped: 0,0001133 seconds, Stopping threads took: 0,0000308 seconds
2015-12-17T17:34:32.733-0500: 8854,987: Total time for which application threads were stopped: 0,0000982 seconds, Stopping threads took: 0,0000221 seconds
2015-12-17T17:34:32.758-0500: 8855,012: Total time for which application threads were stopped: 0,0001370 seconds, Stopping threads took: 0,0000276 seconds
2015-12-17T17:34:32.787-0500: 8855,041: Total time for which application threads were stopped: 0,0001171 seconds, Stopping threads took: 0,0000375 seconds
2015-12-17T17:34:33.787-0500: 8856,041: Total time for which application threads were stopped: 0,0000792 seconds, Stopping threads took: 0,0000204 seconds
2015-12-17T17:34:37.176-0500: 8859,430: Total time for which application threads were stopped: 0,0001075 seconds, Stopping threads took: 0,0000309 seconds
2015-12-17T17:34:37.865-0500: 8860,119: Total time for which application threads were stopped: 0,0001254 seconds, Stopping threads took: 0,0000300 seconds
2015-12-17T17:34:37.925-0500: 8860,179: Total time for which application threads were stopped: 0,0001103 seconds, Stopping threads took: 0,0000199 seconds
2015-12-17T17:34:37.949-0500: 8860,203: Total time for which application threads were stopped: 0,0001216 seconds, Stopping threads took: 0,0000393 seconds
2015-12-17T17:34:37.975-0500: 8860,229: Total time for which application threads were stopped: 0,0001711 seconds, Stopping threads took: 0,0000209 seconds
2015-12-17T17:34:37.995-0500: 8860,249: Total time for which application threads were stopped: 0,0001511 seconds, Stopping threads took: 0,0000398 seconds
2015-12-17T17:34:53.304-0500: 8875,558: Total time for which application threads were stopped: 0,0001042 seconds, Stopping threads took: 0,0000285 seconds
2015-12-17T17:34:53.675-0500: 8875,929: Total time for which application threads were stopped: 0,0001851 seconds, Stopping threads took: 0,0000834 seconds
2015-12-17T17:34:53.675-0500: 8875,929: Total time for which application threads were stopped: 0,0000696 seconds, Stopping threads took: 0,0000268 seconds
2015-12-17T17:34:53.675-0500: 8875,929: Total time for which application threads were stopped: 0,0000635 seconds, Stopping threads took: 0,0000238 seconds
2015-12-17T17:34:53.675-0500: 8875,929: Total time for which application threads were stopped: 0,0000502 seconds, Stopping threads took: 0,0000064 seconds
2015-12-17T17:34:54.334-0500: 8876,588: Total time for which application threads were stopped: 0,0001338 seconds, Stopping threads took: 0,0000197 seconds
2015-12-17T17:34:54.335-0500: 8876,589: Total time for which application threads were stopped: 0,0000786 seconds, Stopping threads took: 0,0000144 seconds
2015-12-17T17:34:54.345-0500: 8876,599: Total time for which application threads were stopped: 0,0001263 seconds, Stopping threads took: 0,0000296 seconds
2015-12-17T17:34:56.605-0500: 8878,859: Total time for which application threads were stopped: 0,0001083 seconds, Stopping threads took: 0,0000213 seconds
2015-12-17T17:34:56.608-0500: 8878,862: Total time for which application threads were stopped: 0,0000981 seconds, Stopping threads took: 0,0000203 seconds
2015-12-17T17:34:56.609-0500: 8878,863: Total time for which application threads were stopped: 0,0000934 seconds, Stopping threads took: 0,0000139 seconds
2015-12-17T17:34:56.609-0500: 8878,863: Total time for which application threads were stopped: 0,0001757 seconds, Stopping threads took: 0,0000298 seconds
2015-12-17T17:34:56.610-0500: 8878,864: Total time for which application threads were stopped: 0,0000774 seconds, Stopping threads took: 0,0000243 seconds
2015-12-17T17:34:56.661-0500: 8878,915: Total time for which application threads were stopped: 0,0001218 seconds, Stopping threads took: 0,0000231 seconds
2015-12-17T17:34:56.663-0500: 8878,917: Total time for which application threads were stopped: 0,0001003 seconds, Stopping threads took: 0,0000190 seconds
2015-12-17T17:34:56.663-0500: 8878,917: Total time for which application threads were stopped: 0,0000700 seconds, Stopping threads took: 0,0000118 seconds
2015-12-17T17:34:56.690-0500: 8878,944: Total time for which application threads were stopped: 0,0001099 seconds, Stopping threads took: 0,0000238 seconds
2015-12-17T17:34:56.718-0500: 8878,972: Total time for which application threads were stopped: 0,0001123 seconds, Stopping threads took: 0,0000255 seconds
{Heap before GC invocations=36 (full 2):
 par new generation   total 109248K, used 97947K [0x00000000e0000000, 0x00000000e8000000, 0x00000000e8000000)
  eden space 87424K, 100% used [0x00000000e0000000, 0x00000000e5560000, 0x00000000e5560000)
  from space 21824K,  48% used [0x00000000e5560000, 0x00000000e5fa6df0, 0x00000000e6ab0000)
  to   space 21824K,   0% used [0x00000000e6ab0000, 0x00000000e6ab0000, 0x00000000e8000000)
 concurrent mark-sweep generation total 393216K, used 45717K [0x00000000e8000000, 0x0000000100000000, 0x0000000100000000)
 Metaspace       used 42328K, capacity 43122K, committed 43288K, reserved 1087488K
  class space    used 4304K, capacity 4551K, committed 4632K, reserved 1048576K
2015-12-17T17:34:56.743-0500: 8878,997: [GC (Allocation Failure) 2015-12-17T17:34:56.743-0500: 8878,997: [ParNew
Desired survivor size 20112992 bytes, new threshold 8 (max 8)
- age   1:    1656640 bytes,    1656640 total
- age   2:      28112 bytes,    1684752 total
- age   3:     320296 bytes,    2005048 total
- age   4:      81432 bytes,    2086480 total
- age   5:      92160 bytes,    2178640 total
- age   6:    1219136 bytes,    3397776 total
- age   7:      84136 bytes,    3481912 total
- age   8:     896368 bytes,    4378280 total
: 97947K->7250K(109248K), 0,0240948 secs] 143664K->52968K(502464K), 0,0241720 secs] [Times: user=0,03 sys=0,00, real=0,02 secs] 
Heap after GC invocations=37 (full 2):
 par new generation   total 109248K, used 7250K [0x00000000e0000000, 0x00000000e8000000, 0x00000000e8000000)
  eden space 87424K,   0% used [0x00000000e0000000, 0x00000000e0000000, 0x00000000e5560000)
  from space 21824K,  33% used [0x00000000e6ab0000, 0x00000000e71c4840, 0x00000000e8000000)
  to   space 21824K,   0% used [0x00000000e5560000, 0x00000000e5560000, 0x00000000e6ab0000)
 concurrent mark-sweep generation total 393216K, used 45718K [0x00000000e8000000, 0x0000000100000000, 0x0000000100000000)
 Metaspace       used 42328K, capacity 43122K, committed 43288K, reserved 1087488K
  class space    used 4304K, capacity 4551K, committed 4632K, reserved 1048576K
}
2015-12-17T17:34:56.767-0500: 8879,021: Total time for which application threads were stopped: 0,0243352 seconds, Stopping threads took: 0,0000213 seconds
2015-12-17T17:34:56.767-0500: 8879,021: Total time for which application threads were stopped: 0,0001166 seconds, Stopping threads took: 0,0000425 seconds
2015-12-17T17:34:57.767-0500: 8880,021: Total time for which application threads were stopped: 0,0001286 seconds, Stopping threads took: 0,0000468 seconds
2015-12-17T17:39:38.722-0500: 9160,976: Total time for which application threads were stopped: 0,0001323 seconds, Stopping threads took: 0,0000320 seconds
2015-12-17T17:39:38.744-0500: 9160,998: Total time for which application threads were stopped: 0,0000940 seconds, Stopping threads took: 0,0000226 seconds
2015-12-17T17:39:38.769-0500: 9161,023: Total time for which application threads were stopped: 0,0001569 seconds, Stopping threads took: 0,0000630 seconds
2015-12-17T17:39:38.770-0500: 9161,024: Total time for which application threads were stopped: 0,0000695 seconds, Stopping threads took: 0,0000198 seconds
2015-12-17T17:39:40.799-0500: 9163,053: Total time for which application threads were stopped: 0,0001704 seconds, Stopping threads took: 0,0000381 seconds
2015-12-17T17:39:41.281-0500: 9163,535: Total time for which application threads were stopped: 0,0001573 seconds, Stopping threads took: 0,0000510 seconds
2015-12-17T17:39:41.281-0500: 9163,535: Total time for which application threads were stopped: 0,0001018 seconds, Stopping threads took: 0,0000305 seconds
2015-12-17T17:39:41.281-0500: 9163,535: Total time for which application threads were stopped: 0,0000830 seconds, Stopping threads took: 0,0000306 seconds
2015-12-17T17:39:41.282-0500: 9163,536: Total time for which application threads were stopped: 0,0000894 seconds, Stopping threads took: 0,0000199 seconds
2015-12-17T17:39:41.282-0500: 9163,536: Total time for which application threads were stopped: 0,0000422 seconds, Stopping threads took: 0,0000048 seconds
2015-12-17T17:39:41.282-0500: 9163,536: Total time for which application threads were stopped: 0,0000591 seconds, Stopping threads took: 0,0000195 seconds
2015-12-17T17:39:41.283-0500: 9163,537: Total time for which application threads were stopped: 0,0000582 seconds, Stopping threads took: 0,0000172 seconds
2015-12-17T17:39:43.685-0500: 9165,939: Total time for which application threads were stopped: 0,0003535 seconds, Stopping threads took: 0,0000893 seconds
{Heap before GC invocations=37 (full 2):
 par new generation   total 109248K, used 94674K [0x00000000e0000000, 0x00000000e8000000, 0x00000000e8000000)
  eden space 87424K, 100% used [0x00000000e0000000, 0x00000000e5560000, 0x00000000e5560000)
  from space 21824K,  33% used [0x00000000e6ab0000, 0x00000000e71c4840, 0x00000000e8000000)
  to   space 21824K,   0% used [0x00000000e5560000, 0x00000000e5560000, 0x00000000e6ab0000)
 concurrent mark-sweep generation total 393216K, used 45718K [0x00000000e8000000, 0x0000000100000000, 0x0000000100000000)
 Metaspace       used 42331K, capacity 43122K, committed 43288K, reserved 1087488K
  class space    used 4304K, capacity 4551K, committed 4632K, reserved 1048576K
2015-12-17T17:39:43.982-0500: 9166,236: [GC (Allocation Failure) 2015-12-17T17:39:43.982-0500: 9166,236: [ParNew
Desired survivor size 20112992 bytes, new threshold 8 (max 8)
- age   1:    6294968 bytes,    6294968 total
- age   2:     741296 bytes,    7036264 total
- age   3:       6784 bytes,    7043048 total
- age   4:     303728 bytes,    7346776 total
- age   5:      81432 bytes,    7428208 total
- age   6:      92160 bytes,    7520368 total
- age   7:    1219096 bytes,    8739464 total
- age   8:      84136 bytes,    8823600 total
: 94674K->10340K(109248K), 0,0291509 secs] 140392K->56940K(502464K), 0,0292546 secs] [Times: user=0,08 sys=0,00, real=0,03 secs] 
Heap after GC invocations=38 (full 2):
 par new generation   total 109248K, used 10340K [0x00000000e0000000, 0x00000000e8000000, 0x00000000e8000000)
  eden space 87424K,   0% used [0x00000000e0000000, 0x00000000e0000000, 0x00000000e5560000)
  from space 21824K,  47% used [0x00000000e5560000, 0x00000000e5f793d0, 0x00000000e6ab0000)
  to   space 21824K,   0% used [0x00000000e6ab0000, 0x00000000e6ab0000, 0x00000000e8000000)
 concurrent mark-sweep generation total 393216K, used 46599K [0x00000000e8000000, 0x0000000100000000, 0x0000000100000000)
 Metaspace       used 42331K, capacity 43122K, committed 43288K, reserved 1087488K
  class space    used 4304K, capacity 4551K, committed 4632K, reserved 1048576K
}
2015-12-17T17:39:44.012-0500: 9166,266: Total time for which application threads were stopped: 0,0294757 seconds, Stopping threads took: 0,0000411 seconds
2015-12-17T17:39:44.014-0500: 9166,268: Total time for which application threads were stopped: 0,0003567 seconds, Stopping threads took: 0,0001142 seconds
2015-12-17T17:39:44.586-0500: 9166,840: Total time for which application threads were stopped: 0,0001927 seconds, Stopping threads took: 0,0000585 seconds
2015-12-17T17:39:44.586-0500: 9166,840: Total time for which application threads were stopped: 0,0001576 seconds, Stopping threads took: 0,0000602 seconds
2015-12-17T17:39:44.588-0500: 9166,842: Total time for which application threads were stopped: 0,0001245 seconds, Stopping threads took: 0,0000411 seconds
2015-12-17T17:39:44.588-0500: 9166,842: Total time for which application threads were stopped: 0,0001438 seconds, Stopping threads took: 0,0000665 seconds
2015-12-17T17:39:44.588-0500: 9166,842: Total time for which application threads were stopped: 0,0002162 seconds, Stopping threads took: 0,0000204 seconds
2015-12-17T17:39:44.588-0500: 9166,842: Total time for which application threads were stopped: 0,0001069 seconds, Stopping threads took: 0,0000526 seconds
2015-12-17T17:39:44.588-0500: 9166,842: Total time for which application threads were stopped: 0,0000830 seconds, Stopping threads took: 0,0000283 seconds
2015-12-17T17:39:44.589-0500: 9166,842: Total time for which application threads were stopped: 0,0000861 seconds, Stopping threads took: 0,0000333 seconds
2015-12-17T17:39:44.589-0500: 9166,843: Total time for which application threads were stopped: 0,0001153 seconds, Stopping threads took: 0,0000494 seconds
2015-12-17T17:39:44.589-0500: 9166,843: Total time for which application threads were stopped: 0,0000849 seconds, Stopping threads took: 0,0000284 seconds
2015-12-17T17:39:44.589-0500: 9166,843: Total time for which application threads were stopped: 0,0000885 seconds, Stopping threads took: 0,0000347 seconds
2015-12-17T17:39:44.589-0500: 9166,843: Total time for which application threads were stopped: 0,0000809 seconds, Stopping threads took: 0,0000268 seconds
2015-12-17T17:39:45.589-0500: 9167,843: Total time for which application threads were stopped: 0,0000826 seconds, Stopping threads took: 0,0000208 seconds
2015-12-17T17:40:18.592-0500: 9200,846: Total time for which application threads were stopped: 0,0000901 seconds, Stopping threads took: 0,0000313 seconds
2015-12-17T17:40:27.593-0500: 9209,847: Total time for which application threads were stopped: 0,0000803 seconds, Stopping threads took: 0,0000198 seconds
2015-12-17T17:40:28.298-0500: 9210,552: Total time for which application threads were stopped: 0,0001481 seconds, Stopping threads took: 0,0000360 seconds
2015-12-17T17:40:29.298-0500: 9211,552: Total time for which application threads were stopped: 0,0000797 seconds, Stopping threads took: 0,0000186 seconds
2015-12-17T17:40:32.630-0500: 9214,884: Total time for which application threads were stopped: 0,0001475 seconds, Stopping threads took: 0,0000367 seconds
2015-12-17T17:40:32.631-0500: 9214,885: Total time for which application threads were stopped: 0,0001192 seconds, Stopping threads took: 0,0000205 seconds
2015-12-17T17:40:32.632-0500: 9214,886: Total time for which application threads were stopped: 0,0000877 seconds, Stopping threads took: 0,0000158 seconds
2015-12-17T17:40:59.802-0500: 9242,056: Total time for which application threads were stopped: 0,0001651 seconds, Stopping threads took: 0,0000365 seconds
2015-12-17T17:41:00.369-0500: 9242,623: Total time for which application threads were stopped: 0,0001351 seconds, Stopping threads took: 0,0000326 seconds
2015-12-17T17:41:00.370-0500: 9242,624: Total time for which application threads were stopped: 0,0000654 seconds, Stopping threads took: 0,0000095 seconds
2015-12-17T17:41:00.371-0500: 9242,625: Total time for which application threads were stopped: 0,0000916 seconds, Stopping threads took: 0,0000187 seconds
2015-12-17T17:41:01.371-0500: 9243,625: Total time for which application threads were stopped: 0,0000890 seconds, Stopping threads took: 0,0000211 seconds
2015-12-17T17:42:08.541-0500: 9310,795: Total time for which application threads were stopped: 0,0001752 seconds, Stopping threads took: 0,0000451 seconds
2015-12-17T17:42:09.541-0500: 9311,795: Total time for which application threads were stopped: 0,0001002 seconds, Stopping threads took: 0,0000208 seconds
2015-12-17T17:42:09.589-0500: 9311,843: Total time for which application threads were stopped: 0,0001458 seconds, Stopping threads took: 0,0000224 seconds
2015-12-17T17:42:13.329-0500: 9315,583: Total time for which application threads were stopped: 0,0000960 seconds, Stopping threads took: 0,0000208 seconds
2015-12-17T17:42:14.069-0500: 9316,323: Total time for which application threads were stopped: 0,0001883 seconds, Stopping threads took: 0,0000378 seconds
2015-12-17T17:42:15.069-0500: 9317,323: Total time for which application threads were stopped: 0,0000850 seconds, Stopping threads took: 0,0000221 seconds
2015-12-17T17:42:23.967-0500: 9326,221: Total time for which application threads were stopped: 0,0000918 seconds, Stopping threads took: 0,0000189 seconds
2015-12-17T17:43:20.414-0500: 9382,668: Total time for which application threads were stopped: 0,0001585 seconds, Stopping threads took: 0,0000422 seconds
2015-12-17T17:43:21.414-0500: 9383,668: Total time for which application threads were stopped: 0,0001246 seconds, Stopping threads took: 0,0000295 seconds
2015-12-17T17:43:43.508-0500: 9405,762: Total time for which application threads were stopped: 0,0001057 seconds, Stopping threads took: 0,0000273 seconds
2015-12-17T17:43:44.071-0500: 9406,325: Total time for which application threads were stopped: 0,0001057 seconds, Stopping threads took: 0,0000236 seconds
2015-12-17T17:43:44.143-0500: 9406,397: Total time for which application threads were stopped: 0,0001091 seconds, Stopping threads took: 0,0000248 seconds
2015-12-17T17:43:44.169-0500: 9406,423: Total time for which application threads were stopped: 0,0001222 seconds, Stopping threads took: 0,0000196 seconds
2015-12-17T17:43:44.194-0500: 9406,448: Total time for which application threads were stopped: 0,0001353 seconds, Stopping threads took: 0,0000288 seconds
2015-12-17T17:43:44.230-0500: 9406,484: Total time for which application threads were stopped: 0,0001298 seconds, Stopping threads took: 0,0000308 seconds
2015-12-17T17:43:45.230-0500: 9407,484: Total time for which application threads were stopped: 0,0000774 seconds, Stopping threads took: 0,0000199 seconds
2015-12-17T17:43:45.451-0500: 9407,705: Total time for which application threads were stopped: 0,0001090 seconds, Stopping threads took: 0,0000294 seconds
2015-12-17T17:43:45.939-0500: 9408,193: Total time for which application threads were stopped: 0,0001027 seconds, Stopping threads took: 0,0000215 seconds
2015-12-17T17:43:54.120-0500: 9416,374: Total time for which application threads were stopped: 0,0001687 seconds, Stopping threads took: 0,0000206 seconds
2015-12-17T17:43:54.678-0500: 9416,932: Total time for which application threads were stopped: 0,0001183 seconds, Stopping threads took: 0,0000215 seconds
2015-12-17T17:43:54.802-0500: 9417,056: Total time for which application threads were stopped: 0,0001009 seconds, Stopping threads took: 0,0000174 seconds
2015-12-17T17:43:54.833-0500: 9417,087: Total time for which application threads were stopped: 0,0001210 seconds, Stopping threads took: 0,0000228 seconds
2015-12-17T17:43:54.864-0500: 9417,118: Total time for which application threads were stopped: 0,0001395 seconds, Stopping threads took: 0,0000264 seconds
2015-12-17T17:43:54.886-0500: 9417,140: Total time for which application threads were stopped: 0,0001487 seconds, Stopping threads took: 0,0000271 seconds
2015-12-17T17:44:31.297-0500: 9453,551: Total time for which application threads were stopped: 0,0001151 seconds, Stopping threads took: 0,0000386 seconds
2015-12-17T17:44:32.689-0500: 9454,943: Total time for which application threads were stopped: 0,0003248 seconds, Stopping threads took: 0,0001083 seconds
2015-12-17T17:44:32.753-0500: 9455,007: Total time for which application threads were stopped: 0,0001375 seconds, Stopping threads took: 0,0000234 seconds
2015-12-17T17:44:32.779-0500: 9455,033: Total time for which application threads were stopped: 0,0001003 seconds, Stopping threads took: 0,0000264 seconds
2015-12-17T17:44:32.801-0500: 9455,055: Total time for which application threads were stopped: 0,0001438 seconds, Stopping threads took: 0,0000457 seconds
2015-12-17T17:44:32.825-0500: 9455,079: Total time for which application threads were stopped: 0,0001213 seconds, Stopping threads took: 0,0000292 seconds
2015-12-17T17:44:33.826-0500: 9456,080: Total time for which application threads were stopped: 0,0000809 seconds, Stopping threads took: 0,0000214 seconds
2015-12-17T17:44:34.527-0500: 9456,781: Total time for which application threads were stopped: 0,0001159 seconds, Stopping threads took: 0,0000288 seconds
2015-12-17T17:44:35.209-0500: 9457,463: Total time for which application threads were stopped: 0,0001238 seconds, Stopping threads took: 0,0000292 seconds
2015-12-17T17:44:35.256-0500: 9457,510: Total time for which application threads were stopped: 0,0001242 seconds, Stopping threads took: 0,0000220 seconds
2015-12-17T17:44:35.283-0500: 9457,537: Total time for which application threads were stopped: 0,0001361 seconds, Stopping threads took: 0,0000251 seconds
2015-12-17T17:44:35.309-0500: 9457,563: Total time for which application threads were stopped: 0,0001129 seconds, Stopping threads took: 0,0000182 seconds
2015-12-17T17:44:35.330-0500: 9457,584: Total time for which application threads were stopped: 0,0001066 seconds, Stopping threads took: 0,0000185 seconds
2015-12-17T17:46:20.081-0500: 9562,335: Total time for which application threads were stopped: 0,0247500 seconds, Stopping threads took: 0,0246562 seconds
2015-12-17T17:46:21.822-0500: 9564,076: Total time for which application threads were stopped: 0,0001283 seconds, Stopping threads took: 0,0000353 seconds
2015-12-17T17:46:21.967-0500: 9564,221: Total time for which application threads were stopped: 0,0001661 seconds, Stopping threads took: 0,0000374 seconds
2015-12-17T17:46:21.996-0500: 9564,250: Total time for which application threads were stopped: 0,0001033 seconds, Stopping threads took: 0,0000267 seconds
2015-12-17T17:46:22.022-0500: 9564,276: Total time for which application threads were stopped: 0,0001076 seconds, Stopping threads took: 0,0000188 seconds
2015-12-17T17:46:22.603-0500: 9564,857: Total time for which application threads were stopped: 0,0001623 seconds, Stopping threads took: 0,0000253 seconds
2015-12-17T17:49:01.003-0500: 9723,257: Total time for which application threads were stopped: 0,0001464 seconds, Stopping threads took: 0,0000386 seconds
2015-12-17T17:49:02.217-0500: 9724,471: Total time for which application threads were stopped: 0,0001777 seconds, Stopping threads took: 0,0000217 seconds
2015-12-17T17:49:02.274-0500: 9724,528: Total time for which application threads were stopped: 0,0001135 seconds, Stopping threads took: 0,0000225 seconds
2015-12-17T17:49:02.303-0500: 9724,557: Total time for which application threads were stopped: 0,0001068 seconds, Stopping threads took: 0,0000214 seconds
2015-12-17T17:49:02.326-0500: 9724,580: Total time for which application threads were stopped: 0,0001083 seconds, Stopping threads took: 0,0000215 seconds
2015-12-17T17:49:02.352-0500: 9724,606: Total time for which application threads were stopped: 0,0000905 seconds, Stopping threads took: 0,0000166 seconds
2015-12-17T17:49:03.198-0500: 9725,452: Total time for which application threads were stopped: 0,0001081 seconds, Stopping threads took: 0,0000202 seconds
2015-12-17T17:49:03.889-0500: 9726,143: Total time for which application threads were stopped: 0,0001029 seconds, Stopping threads took: 0,0000267 seconds
2015-12-17T17:49:03.950-0500: 9726,204: Total time for which application threads were stopped: 0,0003098 seconds, Stopping threads took: 0,0000258 seconds
2015-12-17T17:49:03.988-0500: 9726,242: Total time for which application threads were stopped: 0,0001354 seconds, Stopping threads took: 0,0000306 seconds
2015-12-17T17:49:04.011-0500: 9726,265: Total time for which application threads were stopped: 0,0001206 seconds, Stopping threads took: 0,0000330 seconds
2015-12-17T17:49:04.033-0500: 9726,287: Total time for which application threads were stopped: 0,0001037 seconds, Stopping threads took: 0,0000212 seconds
2015-12-17T17:49:52.232-0500: 9774,486: Total time for which application threads were stopped: 0,0001168 seconds, Stopping threads took: 0,0000380 seconds
2015-12-17T17:49:53.196-0500: 9775,450: Total time for which application threads were stopped: 0,0001142 seconds, Stopping threads took: 0,0000249 seconds
2015-12-17T17:49:53.279-0500: 9775,533: Total time for which application threads were stopped: 0,0001156 seconds, Stopping threads took: 0,0000214 seconds
2015-12-17T17:49:53.330-0500: 9775,584: Total time for which application threads were stopped: 0,0001185 seconds, Stopping threads took: 0,0000191 seconds
2015-12-17T17:49:53.361-0500: 9775,615: Total time for which application threads were stopped: 0,0001862 seconds, Stopping threads took: 0,0000523 seconds
2015-12-17T17:49:53.390-0500: 9775,644: Total time for which application threads were stopped: 0,0001186 seconds, Stopping threads took: 0,0000204 seconds
2015-12-17T17:49:56.591-0500: 9778,845: Total time for which application threads were stopped: 0,0001696 seconds, Stopping threads took: 0,0000474 seconds
2015-12-17T17:49:56.625-0500: 9778,879: Total time for which application threads were stopped: 0,0001087 seconds, Stopping threads took: 0,0000216 seconds
2015-12-17T17:49:59.596-0500: 9781,850: Total time for which application threads were stopped: 0,0001319 seconds, Stopping threads took: 0,0000327 seconds
2015-12-17T17:50:05.159-0500: 9787,413: Total time for which application threads were stopped: 0,0000969 seconds, Stopping threads took: 0,0000207 seconds
2015-12-17T17:50:05.261-0500: 9787,515: Total time for which application threads were stopped: 0,0001292 seconds, Stopping threads took: 0,0000275 seconds
2015-12-17T17:50:05.275-0500: 9787,529: Total time for which application threads were stopped: 0,0000928 seconds, Stopping threads took: 0,0000182 seconds
2015-12-17T17:50:05.287-0500: 9787,541: Total time for which application threads were stopped: 0,0000919 seconds, Stopping threads took: 0,0000168 seconds
2015-12-17T17:50:05.301-0500: 9787,555: Total time for which application threads were stopped: 0,0001106 seconds, Stopping threads took: 0,0000171 seconds
2015-12-17T17:51:06.828-0500: 9849,082: Total time for which application threads were stopped: 0,0001097 seconds, Stopping threads took: 0,0000319 seconds
2015-12-17T17:51:06.947-0500: 9849,201: Total time for which application threads were stopped: 0,0001430 seconds, Stopping threads took: 0,0000230 seconds
2015-12-17T17:51:06.967-0500: 9849,221: Total time for which application threads were stopped: 0,0001188 seconds, Stopping threads took: 0,0000223 seconds
2015-12-17T17:51:06.981-0500: 9849,235: Total time for which application threads were stopped: 0,0001253 seconds, Stopping threads took: 0,0000237 seconds
2015-12-17T17:51:07.003-0500: 9849,257: Total time for which application threads were stopped: 0,0001176 seconds, Stopping threads took: 0,0000206 seconds
2015-12-17T17:51:09.866-0500: 9852,120: Total time for which application threads were stopped: 0,0002707 seconds, Stopping threads took: 0,0000272 seconds
2015-12-17T17:51:09.953-0500: 9852,207: Total time for which application threads were stopped: 0,0001255 seconds, Stopping threads took: 0,0000210 seconds
2015-12-17T17:51:09.973-0500: 9852,227: Total time for which application threads were stopped: 0,0001083 seconds, Stopping threads took: 0,0000292 seconds
2015-12-17T17:51:09.989-0500: 9852,243: Total time for which application threads were stopped: 0,0001075 seconds, Stopping threads took: 0,0000283 seconds
2015-12-17T17:51:10.004-0500: 9852,258: Total time for which application threads were stopped: 0,0001020 seconds, Stopping threads took: 0,0000251 seconds
2015-12-17T17:51:55.006-0500: 9897,260: Total time for which application threads were stopped: 0,0001161 seconds, Stopping threads took: 0,0000388 seconds
2015-12-17T17:51:56.006-0500: 9898,260: Total time for which application threads were stopped: 0,0001534 seconds, Stopping threads took: 0,0000363 seconds
2015-12-17T18:02:55.379-0500: 10557,633: Total time for which application threads were stopped: 0,0001287 seconds, Stopping threads took: 0,0000320 seconds
2015-12-17T18:02:56.380-0500: 10558,634: Total time for which application threads were stopped: 0,0000795 seconds, Stopping threads took: 0,0000189 seconds
2015-12-17T18:03:26.925-0500: 10589,178: Total time for which application threads were stopped: 0,0001150 seconds, Stopping threads took: 0,0000384 seconds
2015-12-17T18:03:28.671-0500: 10590,925: Total time for which application threads were stopped: 0,0001236 seconds, Stopping threads took: 0,0000266 seconds
2015-12-17T18:03:29.065-0500: 10591,319: Total time for which application threads were stopped: 0,0001107 seconds, Stopping threads took: 0,0000187 seconds
2015-12-17T18:03:29.392-0500: 10591,646: Total time for which application threads were stopped: 0,0001115 seconds, Stopping threads took: 0,0000202 seconds
2015-12-17T18:03:29.634-0500: 10591,888: Total time for which application threads were stopped: 0,0001151 seconds, Stopping threads took: 0,0000330 seconds
2015-12-17T18:03:29.971-0500: 10592,225: Total time for which application threads were stopped: 0,0001113 seconds, Stopping threads took: 0,0000330 seconds
2015-12-17T18:03:30.297-0500: 10592,551: Total time for which application threads were stopped: 0,0000993 seconds, Stopping threads took: 0,0000203 seconds
2015-12-17T18:03:30.544-0500: 10592,798: Total time for which application threads were stopped: 0,0001139 seconds, Stopping threads took: 0,0000318 seconds
2015-12-17T18:03:30.808-0500: 10593,062: Total time for which application threads were stopped: 0,0001107 seconds, Stopping threads took: 0,0000340 seconds
2015-12-17T18:03:31.080-0500: 10593,334: Total time for which application threads were stopped: 0,0001138 seconds, Stopping threads took: 0,0000325 seconds
2015-12-17T18:03:31.421-0500: 10593,675: Total time for which application threads were stopped: 0,0001113 seconds, Stopping threads took: 0,0000325 seconds
2015-12-17T18:03:31.657-0500: 10593,911: Total time for which application threads were stopped: 0,0001122 seconds, Stopping threads took: 0,0000331 seconds
2015-12-17T18:03:31.967-0500: 10594,221: Total time for which application threads were stopped: 0,0001089 seconds, Stopping threads took: 0,0000300 seconds
2015-12-17T18:03:32.432-0500: 10594,686: Total time for which application threads were stopped: 0,0001047 seconds, Stopping threads took: 0,0000290 seconds
2015-12-17T18:03:32.737-0500: 10594,991: Total time for which application threads were stopped: 0,0001033 seconds, Stopping threads took: 0,0000279 seconds
{Heap before GC invocations=38 (full 2):
 par new generation   total 109248K, used 97764K [0x00000000e0000000, 0x00000000e8000000, 0x00000000e8000000)
  eden space 87424K, 100% used [0x00000000e0000000, 0x00000000e5560000, 0x00000000e5560000)
  from space 21824K,  47% used [0x00000000e5560000, 0x00000000e5f793d0, 0x00000000e6ab0000)
  to   space 21824K,   0% used [0x00000000e6ab0000, 0x00000000e6ab0000, 0x00000000e8000000)
 concurrent mark-sweep generation total 393216K, used 46599K [0x00000000e8000000, 0x0000000100000000, 0x0000000100000000)
 Metaspace       used 42388K, capacity 43186K, committed 43288K, reserved 1087488K
  class space    used 4305K, capacity 4551K, committed 4632K, reserved 1048576K
2015-12-17T18:03:32.738-0500: 10594,992: [GC (Allocation Failure) 2015-12-17T18:03:32.738-0500: 10594,992: [ParNew
Desired survivor size 20112992 bytes, new threshold 8 (max 8)
- age   1:     561624 bytes,     561624 total
- age   2:     321112 bytes,     882736 total
- age   3:     262496 bytes,    1145232 total
- age   4:       2864 bytes,    1148096 total
- age   5:      48872 bytes,    1196968 total
- age   6:      79160 bytes,    1276128 total
- age   7:      92048 bytes,    1368176 total
- age   8:    1219096 bytes,    2587272 total
: 97764K->6961K(109248K), 0,0045326 secs] 144364K->53645K(502464K), 0,0045808 secs] [Times: user=0,01 sys=0,00, real=0,01 secs] 
Heap after GC invocations=39 (full 2):
 par new generation   total 109248K, used 6961K [0x00000000e0000000, 0x00000000e8000000, 0x00000000e8000000)
  eden space 87424K,   0% used [0x00000000e0000000, 0x00000000e0000000, 0x00000000e5560000)
  from space 21824K,  31% used [0x00000000e6ab0000, 0x00000000e717c600, 0x00000000e8000000)
  to   space 21824K,   0% used [0x00000000e5560000, 0x00000000e5560000, 0x00000000e6ab0000)
 concurrent mark-sweep generation total 393216K, used 46684K [0x00000000e8000000, 0x0000000100000000, 0x0000000100000000)
 Metaspace       used 42388K, capacity 43186K, committed 43288K, reserved 1087488K
  class space    used 4305K, capacity 4551K, committed 4632K, reserved 1048576K
}
2015-12-17T18:03:32.743-0500: 10594,997: Total time for which application threads were stopped: 0,0047400 seconds, Stopping threads took: 0,0000178 seconds
2015-12-17T18:03:32.743-0500: 10594,997: Total time for which application threads were stopped: 0,0000847 seconds, Stopping threads took: 0,0000215 seconds
2015-12-17T18:03:32.743-0500: 10594,997: Total time for which application threads were stopped: 0,0000415 seconds, Stopping threads took: 0,0000142 seconds
2015-12-17T18:03:32.929-0500: 10595,183: Total time for which application threads were stopped: 0,0001140 seconds, Stopping threads took: 0,0000354 seconds
2015-12-17T18:03:33.193-0500: 10595,447: Total time for which application threads were stopped: 0,0001112 seconds, Stopping threads took: 0,0000308 seconds
2015-12-17T18:03:57.968-0500: 10620,222: Total time for which application threads were stopped: 0,0001872 seconds, Stopping threads took: 0,0000393 seconds
2015-12-17T18:04:14.771-0500: 10637,025: Total time for which application threads were stopped: 0,0001179 seconds, Stopping threads took: 0,0000327 seconds
2015-12-17T18:04:15.350-0500: 10637,604: Total time for which application threads were stopped: 0,0001004 seconds, Stopping threads took: 0,0000260 seconds
2015-12-17T18:04:15.882-0500: 10638,136: Total time for which application threads were stopped: 0,0001165 seconds, Stopping threads took: 0,0000320 seconds
2015-12-17T18:04:16.672-0500: 10638,926: Total time for which application threads were stopped: 0,0001325 seconds, Stopping threads took: 0,0000277 seconds
2015-12-17T18:04:17.313-0500: 10639,567: Total time for which application threads were stopped: 0,0001057 seconds, Stopping threads took: 0,0000294 seconds
2015-12-17T18:04:18.313-0500: 10640,567: Total time for which application threads were stopped: 0,0001771 seconds, Stopping threads took: 0,0000409 seconds
2015-12-17T18:04:35.279-0500: 10657,533: Total time for which application threads were stopped: 0,0001417 seconds, Stopping threads took: 0,0000287 seconds
2015-12-17T18:04:35.346-0500: 10657,600: Total time for which application threads were stopped: 0,0001119 seconds, Stopping threads took: 0,0000205 seconds
2015-12-17T18:04:36.896-0500: 10659,150: Total time for which application threads were stopped: 0,0001645 seconds, Stopping threads took: 0,0000735 seconds
2015-12-17T18:05:26.696-0500: 10708,950: Total time for which application threads were stopped: 0,0001295 seconds, Stopping threads took: 0,0000289 seconds
2015-12-17T18:05:41.528-0500: 10723,782: Total time for which application threads were stopped: 0,0001032 seconds, Stopping threads took: 0,0000269 seconds
2015-12-17T18:05:41.639-0500: 10723,893: Total time for which application threads were stopped: 0,0001632 seconds, Stopping threads took: 0,0000205 seconds
2015-12-17T18:05:41.656-0500: 10723,910: Total time for which application threads were stopped: 0,0000969 seconds, Stopping threads took: 0,0000186 seconds
2015-12-17T18:05:41.670-0500: 10723,924: Total time for which application threads were stopped: 0,0002862 seconds, Stopping threads took: 0,0000708 seconds
2015-12-17T18:05:41.687-0500: 10723,941: Total time for which application threads were stopped: 0,0000949 seconds, Stopping threads took: 0,0000197 seconds
2015-12-17T18:05:42.687-0500: 10724,941: Total time for which application threads were stopped: 0,0001136 seconds, Stopping threads took: 0,0000395 seconds
2015-12-17T18:05:43.527-0500: 10725,781: Total time for which application threads were stopped: 0,0001114 seconds, Stopping threads took: 0,0000306 seconds
2015-12-17T18:05:44.235-0500: 10726,489: Total time for which application threads were stopped: 0,0000980 seconds, Stopping threads took: 0,0000167 seconds
2015-12-17T18:05:44.303-0500: 10726,557: Total time for which application threads were stopped: 0,0004123 seconds, Stopping threads took: 0,0000907 seconds
2015-12-17T18:05:44.327-0500: 10726,581: Total time for which application threads were stopped: 0,0001194 seconds, Stopping threads took: 0,0000206 seconds
2015-12-17T18:05:44.353-0500: 10726,607: Total time for which application threads were stopped: 0,0001079 seconds, Stopping threads took: 0,0000191 seconds
2015-12-17T18:05:44.377-0500: 10726,631: Total time for which application threads were stopped: 0,0001144 seconds, Stopping threads took: 0,0000310 seconds
2015-12-17T18:13:49.868-0500: 11212,122: Total time for which application threads were stopped: 0,0006167 seconds, Stopping threads took: 0,0000270 seconds
2015-12-17T18:13:49.948-0500: 11212,202: Total time for which application threads were stopped: 0,0002401 seconds, Stopping threads took: 0,0001681 seconds
2015-12-17T18:13:50.113-0500: 11212,367: Total time for which application threads were stopped: 0,0000890 seconds, Stopping threads took: 0,0000176 seconds
2015-12-17T18:13:50.113-0500: 11212,367: Total time for which application threads were stopped: 0,0000426 seconds, Stopping threads took: 0,0000085 seconds
2015-12-17T18:13:50.113-0500: 11212,367: Total time for which application threads were stopped: 0,0001028 seconds, Stopping threads took: 0,0000569 seconds
2015-12-17T18:13:50.113-0500: 11212,367: Total time for which application threads were stopped: 0,0000422 seconds, Stopping threads took: 0,0000095 seconds
2015-12-17T18:13:50.159-0500: 11212,413: Total time for which application threads were stopped: 0,0000713 seconds, Stopping threads took: 0,0000159 seconds
2015-12-17T18:13:50.160-0500: 11212,414: Total time for which application threads were stopped: 0,0000565 seconds, Stopping threads took: 0,0000192 seconds
2015-12-17T18:13:50.276-0500: 11212,530: Total time for which application threads were stopped: 0,0002670 seconds, Stopping threads took: 0,0002139 seconds
Heap
 par new generation   total 109248K, used 25106K [0x00000000e0000000, 0x00000000e8000000, 0x00000000e8000000)
  eden space 87424K,  20% used [0x00000000e0000000, 0x00000000e11b8528, 0x00000000e5560000)
  from space 21824K,  31% used [0x00000000e6ab0000, 0x00000000e717c600, 0x00000000e8000000)
  to   space 21824K,   0% used [0x00000000e5560000, 0x00000000e5560000, 0x00000000e6ab0000)
 concurrent mark-sweep generation total 393216K, used 46684K [0x00000000e8000000, 0x0000000100000000, 0x0000000100000000)
 Metaspace       used 42436K, capacity 43282K, committed 43544K, reserved 1087488K
  class space    used 4311K, capacity 4583K, committed 4632K, reserved 1048576K
