Java HotSpot(TM) 64-Bit Server VM (25.66-b17) for linux-amd64 JRE (1.8.0_66-b17), built on Oct  6 2015 17:28:34 by "java_re" with gcc 4.3.0 20080428 (Red Hat 4.3.0-8)
Memory: 4k page, physical 8074228k(2148644k free), swap 8285180k(8285160k free)
CommandLine flags: -XX:CMSInitiatingOccupancyFraction=50 -XX:CMSMaxAbortablePrecleanTime=6000 -XX:+CMSParallelRemarkEnabled -XX:+CMSScavengeBeforeRemark -XX:ConcGCThreads=4 -XX:InitialHeapSize=536870912 -XX:MaxHeapSize=536870912 -XX:MaxTenuringThreshold=8 -XX:NewRatio=3 -XX:OldPLABSize=16 -XX:ParallelGCThreads=4 -XX:+ParallelRefProcEnabled -XX:PretenureSizeThreshold=67108864 -XX:+PrintGC -XX:+PrintGCApplicationStoppedTime -XX:+PrintGCDateStamps -XX:+PrintGCDetails -XX:+PrintGCTimeStamps -XX:+PrintHeapAtGC -XX:+PrintTenuringDistribution -XX:SurvivorRatio=4 -XX:TargetSurvivorRatio=90 -XX:ThreadStackSize=256 -XX:+UseCMSInitiatingOccupancyOnly -XX:+UseCompressedClassPointers -XX:+UseCompressedOops -XX:+UseConcMarkSweepGC -XX:+UseParNewGC 
2015-12-04T15:07:18.061-0500: 0,783: Total time for which application threads were stopped: 0,0001216 seconds, Stopping threads took: 0,0000233 seconds
2015-12-04T15:07:18.334-0500: 1,056: Total time for which application threads were stopped: 0,0001042 seconds, Stopping threads took: 0,0000226 seconds
2015-12-04T15:07:18.440-0500: 1,161: Total time for which application threads were stopped: 0,0001166 seconds, Stopping threads took: 0,0000240 seconds
2015-12-04T15:07:18.513-0500: 1,234: Total time for which application threads were stopped: 0,0001413 seconds, Stopping threads took: 0,0000222 seconds
2015-12-04T15:07:18.522-0500: 1,243: Total time for which application threads were stopped: 0,0001436 seconds, Stopping threads took: 0,0000268 seconds
2015-12-04T15:07:18.544-0500: 1,266: Total time for which application threads were stopped: 0,0001196 seconds, Stopping threads took: 0,0000132 seconds
{Heap before GC invocations=0 (full 0):
 par new generation   total 109248K, used 87424K [0x00000000e0000000, 0x00000000e8000000, 0x00000000e8000000)
  eden space 87424K, 100% used [0x00000000e0000000, 0x00000000e5560000, 0x00000000e5560000)
  from space 21824K,   0% used [0x00000000e5560000, 0x00000000e5560000, 0x00000000e6ab0000)
  to   space 21824K,   0% used [0x00000000e6ab0000, 0x00000000e6ab0000, 0x00000000e8000000)
 concurrent mark-sweep generation total 393216K, used 0K [0x00000000e8000000, 0x0000000100000000, 0x0000000100000000)
 Metaspace       used 10060K, capacity 10248K, committed 10496K, reserved 1058816K
  class space    used 1150K, capacity 1180K, committed 1280K, reserved 1048576K
2015-12-04T15:07:19.020-0500: 1,741: [GC (Allocation Failure) 2015-12-04T15:07:19.020-0500: 1,741: [ParNew
Desired survivor size 20112992 bytes, new threshold 8 (max 8)
- age   1:    5681952 bytes,    5681952 total
: 87424K->5612K(109248K), 0,0076432 secs] 87424K->5612K(502464K), 0,0077264 secs] [Times: user=0,02 sys=0,00, real=0,00 secs] 
Heap after GC invocations=1 (full 0):
 par new generation   total 109248K, used 5612K [0x00000000e0000000, 0x00000000e8000000, 0x00000000e8000000)
  eden space 87424K,   0% used [0x00000000e0000000, 0x00000000e0000000, 0x00000000e5560000)
  from space 21824K,  25% used [0x00000000e6ab0000, 0x00000000e702b220, 0x00000000e8000000)
  to   space 21824K,   0% used [0x00000000e5560000, 0x00000000e5560000, 0x00000000e6ab0000)
 concurrent mark-sweep generation total 393216K, used 0K [0x00000000e8000000, 0x0000000100000000, 0x0000000100000000)
 Metaspace       used 10060K, capacity 10248K, committed 10496K, reserved 1058816K
  class space    used 1150K, capacity 1180K, committed 1280K, reserved 1048576K
}
2015-12-04T15:07:19.028-0500: 1,749: Total time for which application threads were stopped: 0,0079276 seconds, Stopping threads took: 0,0000298 seconds
2015-12-04T15:07:19.175-0500: 1,896: Total time for which application threads were stopped: 0,0002194 seconds, Stopping threads took: 0,0000404 seconds
2015-12-04T15:07:20.175-0500: 2,896: Total time for which application threads were stopped: 0,0000934 seconds, Stopping threads took: 0,0000190 seconds
2015-12-04T15:07:20.503-0500: 3,225: Total time for which application threads were stopped: 0,0002133 seconds, Stopping threads took: 0,0000157 seconds
2015-12-04T15:07:20.507-0500: 3,228: Total time for which application threads were stopped: 0,0001853 seconds, Stopping threads took: 0,0000134 seconds
2015-12-04T15:07:20.529-0500: 3,251: Total time for which application threads were stopped: 0,0002103 seconds, Stopping threads took: 0,0000271 seconds
2015-12-04T15:07:20.959-0500: 3,681: Total time for which application threads were stopped: 0,0002152 seconds, Stopping threads took: 0,0000274 seconds
2015-12-04T15:07:21.325-0500: 4,047: Total time for which application threads were stopped: 0,0002280 seconds, Stopping threads took: 0,0000236 seconds
2015-12-04T15:07:21.402-0500: 4,124: Total time for which application threads were stopped: 0,0003011 seconds, Stopping threads took: 0,0001049 seconds
2015-12-04T15:07:21.427-0500: 4,148: Total time for which application threads were stopped: 0,0000821 seconds, Stopping threads took: 0,0000292 seconds
2015-12-04T15:07:21.427-0500: 4,149: Total time for which application threads were stopped: 0,0001705 seconds, Stopping threads took: 0,0001277 seconds
2015-12-04T15:07:21.443-0500: 4,164: Total time for which application threads were stopped: 0,0001036 seconds, Stopping threads took: 0,0000290 seconds
2015-12-04T15:07:21.802-0500: 4,524: Total time for which application threads were stopped: 0,0000978 seconds, Stopping threads took: 0,0000191 seconds
{Heap before GC invocations=1 (full 0):
 par new generation   total 109248K, used 93036K [0x00000000e0000000, 0x00000000e8000000, 0x00000000e8000000)
  eden space 87424K, 100% used [0x00000000e0000000, 0x00000000e5560000, 0x00000000e5560000)
  from space 21824K,  25% used [0x00000000e6ab0000, 0x00000000e702b220, 0x00000000e8000000)
  to   space 21824K,   0% used [0x00000000e5560000, 0x00000000e5560000, 0x00000000e6ab0000)
 concurrent mark-sweep generation total 393216K, used 0K [0x00000000e8000000, 0x0000000100000000, 0x0000000100000000)
 Metaspace       used 19447K, capacity 19800K, committed 19840K, reserved 1067008K
  class space    used 2289K, capacity 2422K, committed 2432K, reserved 1048576K
2015-12-04T15:07:22.501-0500: 5,223: [GC (Allocation Failure) 2015-12-04T15:07:22.501-0500: 5,223: [ParNew
Desired survivor size 20112992 bytes, new threshold 8 (max 8)
- age   1:    8927544 bytes,    8927544 total
- age   2:    2510544 bytes,   11438088 total
: 93036K->11986K(109248K), 0,0089765 secs] 93036K->11986K(502464K), 0,0090525 secs] [Times: user=0,04 sys=0,00, real=0,00 secs] 
Heap after GC invocations=2 (full 0):
 par new generation   total 109248K, used 11986K [0x00000000e0000000, 0x00000000e8000000, 0x00000000e8000000)
  eden space 87424K,   0% used [0x00000000e0000000, 0x00000000e0000000, 0x00000000e5560000)
  from space 21824K,  54% used [0x00000000e5560000, 0x00000000e61148d0, 0x00000000e6ab0000)
  to   space 21824K,   0% used [0x00000000e6ab0000, 0x00000000e6ab0000, 0x00000000e8000000)
 concurrent mark-sweep generation total 393216K, used 0K [0x00000000e8000000, 0x0000000100000000, 0x0000000100000000)
 Metaspace       used 19447K, capacity 19800K, committed 19840K, reserved 1067008K
  class space    used 2289K, capacity 2422K, committed 2432K, reserved 1048576K
}
2015-12-04T15:07:22.510-0500: 5,232: Total time for which application threads were stopped: 0,0092022 seconds, Stopping threads took: 0,0000395 seconds
2015-12-04T15:07:22.511-0500: 5,233: Total time for which application threads were stopped: 0,0001079 seconds, Stopping threads took: 0,0000428 seconds
2015-12-04T15:07:22.511-0500: 5,233: Total time for which application threads were stopped: 0,0000534 seconds, Stopping threads took: 0,0000162 seconds
2015-12-04T15:07:22.513-0500: 5,235: Total time for which application threads were stopped: 0,0000840 seconds, Stopping threads took: 0,0000351 seconds
2015-12-04T15:07:22.516-0500: 5,238: Total time for which application threads were stopped: 0,0002116 seconds, Stopping threads took: 0,0001354 seconds
2015-12-04T15:07:22.546-0500: 5,268: Total time for which application threads were stopped: 0,0002253 seconds, Stopping threads took: 0,0000298 seconds
2015-12-04T15:07:22.569-0500: 5,290: Total time for which application threads were stopped: 0,0002799 seconds, Stopping threads took: 0,0000350 seconds
2015-12-04T15:07:22.591-0500: 5,312: Total time for which application threads were stopped: 0,0002550 seconds, Stopping threads took: 0,0000229 seconds
{Heap before GC invocations=2 (full 0):
 par new generation   total 109248K, used 99399K [0x00000000e0000000, 0x00000000e8000000, 0x00000000e8000000)
  eden space 87424K,  99% used [0x00000000e0000000, 0x00000000e555d520, 0x00000000e5560000)
  from space 21824K,  54% used [0x00000000e5560000, 0x00000000e61148d0, 0x00000000e6ab0000)
  to   space 21824K,   0% used [0x00000000e6ab0000, 0x00000000e6ab0000, 0x00000000e8000000)
 concurrent mark-sweep generation total 393216K, used 0K [0x00000000e8000000, 0x0000000100000000, 0x0000000100000000)
 Metaspace       used 20793K, capacity 21086K, committed 21248K, reserved 1069056K
  class space    used 2439K, capacity 2551K, committed 2560K, reserved 1048576K
2015-12-04T15:07:22.775-0500: 5,497: [GC (Allocation Failure) 2015-12-04T15:07:22.775-0500: 5,497: [ParNew
Desired survivor size 20112992 bytes, new threshold 8 (max 8)
- age   1:    2029296 bytes,    2029296 total
- age   2:    3628800 bytes,    5658096 total
- age   3:    2481280 bytes,    8139376 total
: 99399K->11623K(109248K), 0,0073235 secs] 99399K->11623K(502464K), 0,0073929 secs] [Times: user=0,02 sys=0,00, real=0,01 secs] 
Heap after GC invocations=3 (full 0):
 par new generation   total 109248K, used 11623K [0x00000000e0000000, 0x00000000e8000000, 0x00000000e8000000)
  eden space 87424K,   0% used [0x00000000e0000000, 0x00000000e0000000, 0x00000000e5560000)
  from space 21824K,  53% used [0x00000000e6ab0000, 0x00000000e7609ca8, 0x00000000e8000000)
  to   space 21824K,   0% used [0x00000000e5560000, 0x00000000e5560000, 0x00000000e6ab0000)
 concurrent mark-sweep generation total 393216K, used 0K [0x00000000e8000000, 0x0000000100000000, 0x0000000100000000)
 Metaspace       used 20793K, capacity 21086K, committed 21248K, reserved 1069056K
  class space    used 2439K, capacity 2551K, committed 2560K, reserved 1048576K
}
2015-12-04T15:07:22.783-0500: 5,504: Total time for which application threads were stopped: 0,0075791 seconds, Stopping threads took: 0,0000231 seconds
2015-12-04T15:07:22.783-0500: 5,505: Total time for which application threads were stopped: 0,0000820 seconds, Stopping threads took: 0,0000326 seconds
2015-12-04T15:07:22.788-0500: 5,510: Total time for which application threads were stopped: 0,0001014 seconds, Stopping threads took: 0,0000462 seconds
2015-12-04T15:07:22.805-0500: 5,526: Total time for which application threads were stopped: 0,0000758 seconds, Stopping threads took: 0,0000185 seconds
2015-12-04T15:07:22.829-0500: 5,551: Total time for which application threads were stopped: 0,0000870 seconds, Stopping threads took: 0,0000270 seconds
2015-12-04T15:07:22.939-0500: 5,660: Total time for which application threads were stopped: 0,0001231 seconds, Stopping threads took: 0,0000340 seconds
{Heap before GC invocations=3 (full 0):
 par new generation   total 109248K, used 99047K [0x00000000e0000000, 0x00000000e8000000, 0x00000000e8000000)
  eden space 87424K, 100% used [0x00000000e0000000, 0x00000000e5560000, 0x00000000e5560000)
  from space 21824K,  53% used [0x00000000e6ab0000, 0x00000000e7609ca8, 0x00000000e8000000)
  to   space 21824K,   0% used [0x00000000e5560000, 0x00000000e5560000, 0x00000000e6ab0000)
 concurrent mark-sweep generation total 393216K, used 0K [0x00000000e8000000, 0x0000000100000000, 0x0000000100000000)
 Metaspace       used 21763K, capacity 22168K, committed 22292K, reserved 1069056K
  class space    used 2571K, capacity 2716K, committed 2760K, reserved 1048576K
2015-12-04T15:07:22.995-0500: 5,717: [GC (Allocation Failure) 2015-12-04T15:07:22.995-0500: 5,717: [ParNew
Desired survivor size 20112992 bytes, new threshold 8 (max 8)
- age   1:     861608 bytes,     861608 total
- age   2:    1004888 bytes,    1866496 total
- age   3:    3623072 bytes,    5489568 total
- age   4:    2481120 bytes,    7970688 total
: 99047K->9283K(109248K), 0,0094492 secs] 99047K->9283K(502464K), 0,0096036 secs] [Times: user=0,03 sys=0,00, real=0,01 secs] 
Heap after GC invocations=4 (full 0):
 par new generation   total 109248K, used 9283K [0x00000000e0000000, 0x00000000e8000000, 0x00000000e8000000)
  eden space 87424K,   0% used [0x00000000e0000000, 0x00000000e0000000, 0x00000000e5560000)
  from space 21824K,  42% used [0x00000000e5560000, 0x00000000e5e70ec8, 0x00000000e6ab0000)
  to   space 21824K,   0% used [0x00000000e6ab0000, 0x00000000e6ab0000, 0x00000000e8000000)
 concurrent mark-sweep generation total 393216K, used 0K [0x00000000e8000000, 0x0000000100000000, 0x0000000100000000)
 Metaspace       used 21763K, capacity 22168K, committed 22292K, reserved 1069056K
  class space    used 2571K, capacity 2716K, committed 2760K, reserved 1048576K
}
2015-12-04T15:07:23.005-0500: 5,726: Total time for which application threads were stopped: 0,0098606 seconds, Stopping threads took: 0,0000352 seconds
2015-12-04T15:07:23.005-0500: 5,727: [GC (CMS Initial Mark) [1 CMS-initial-mark: 0K(393216K)] 10447K(502464K), 0,0023702 secs] [Times: user=0,01 sys=0,00, real=0,00 secs] 
2015-12-04T15:07:23.008-0500: 5,729: Total time for which application threads were stopped: 0,0026205 seconds, Stopping threads took: 0,0000768 seconds
2015-12-04T15:07:23.008-0500: 5,729: [CMS-concurrent-mark-start]
2015-12-04T15:07:23.008-0500: 5,730: Total time for which application threads were stopped: 0,0000661 seconds, Stopping threads took: 0,0000145 seconds
2015-12-04T15:07:23.009-0500: 5,731: [CMS-concurrent-mark: 0,000/0,001 secs] [Times: user=0,00 sys=0,01, real=0,00 secs] 
2015-12-04T15:07:23.009-0500: 5,731: [CMS-concurrent-preclean-start]
2015-12-04T15:07:23.010-0500: 5,731: [CMS-concurrent-preclean: 0,001/0,001 secs] [Times: user=0,00 sys=0,00, real=0,00 secs] 
2015-12-04T15:07:23.010-0500: 5,731: [GC (CMS Final Remark) [YG occupancy: 10447 K (109248 K)]2015-12-04T15:07:23.010-0500: 5,732: [Rescan (parallel) , 0,0017166 secs]2015-12-04T15:07:23.012-0500: 5,733: [weak refs processing, 0,0004991 secs]2015-12-04T15:07:23.012-0500: 5,734: [class unloading, 0,0025629 secs]2015-12-04T15:07:23.015-0500: 5,736: [scrub symbol table, 0,0015500 secs]2015-12-04T15:07:23.016-0500: 5,738: [scrub string table, 0,0003547 secs][1 CMS-remark: 0K(393216K)] 10447K(502464K), 0,0074752 secs] [Times: user=0,01 sys=0,00, real=0,01 secs] 
2015-12-04T15:07:23.018-0500: 5,739: Total time for which application threads were stopped: 0,0075432 seconds, Stopping threads took: 0,0000145 seconds
2015-12-04T15:07:23.018-0500: 5,739: [CMS-concurrent-sweep-start]
{Heap before GC invocations=4 (full 1):
 par new generation   total 109248K, used 10447K [0x00000000e0000000, 0x00000000e8000000, 0x00000000e8000000)
  eden space 87424K,   1% used [0x00000000e0000000, 0x00000000e0122d88, 0x00000000e5560000)
  from space 21824K,  42% used [0x00000000e5560000, 0x00000000e5e70ec8, 0x00000000e6ab0000)
  to   space 21824K,   0% used [0x00000000e6ab0000, 0x00000000e6ab0000, 0x00000000e8000000)
 concurrent mark-sweep generation total 393216K, used 0K [0x00000000e8000000, 0x0000000100000000, 0x0000000100000000)
 Metaspace       used 21786K, capacity 22168K, committed 22292K, reserved 1069056K
  class space    used 2572K, capacity 2716K, committed 2760K, reserved 1048576K
2015-12-04T15:07:23.018-0500: 5,739: [GC (GCLocker Initiated GC) 2015-12-04T15:07:23.018-0500: 5,739: [ParNew
Desired survivor size 20112992 bytes, new threshold 8 (max 8)
- age   1:      21528 bytes,      21528 total
- age   2:     182064 bytes,     203592 total
- age   3:    1004888 bytes,    1208480 total
- age   4:    3622896 bytes,    4831376 total
- age   5:    2481240 bytes,    7312616 total
: 10447K->12537K(109248K), 0,0049677 secs] 10447K->12537K(502464K), 0,0050079 secs] [Times: user=0,01 sys=0,00, real=0,01 secs] 
Heap after GC invocations=5 (full 1):
 par new generation   total 109248K, used 12537K [0x00000000e0000000, 0x00000000e8000000, 0x00000000e8000000)
  eden space 87424K,   0% used [0x00000000e0000000, 0x00000000e0000000, 0x00000000e5560000)
  from space 21824K,  57% used [0x00000000e6ab0000, 0x00000000e76ee438, 0x00000000e8000000)
  to   space 21824K,   0% used [0x00000000e5560000, 0x00000000e5560000, 0x00000000e6ab0000)
 concurrent mark-sweep generation total 393216K, used 0K [0x00000000e8000000, 0x0000000100000000, 0x0000000100000000)
 Metaspace       used 21786K, capacity 22168K, committed 22292K, reserved 1069056K
  class space    used 2572K, capacity 2716K, committed 2760K, reserved 1048576K
}
2015-12-04T15:07:23.023-0500: 5,744: Total time for which application threads were stopped: 0,0051395 seconds, Stopping threads took: 0,0000250 seconds
2015-12-04T15:07:23.023-0500: 5,744: [CMS-concurrent-sweep: 0,005/0,005 secs] [Times: user=0,01 sys=0,00, real=0,01 secs] 
2015-12-04T15:07:23.023-0500: 5,744: [CMS-concurrent-reset-start]
2015-12-04T15:07:23.024-0500: 5,746: [CMS-concurrent-reset: 0,002/0,002 secs] [Times: user=0,00 sys=0,00, real=0,00 secs] 
2015-12-04T15:07:23.029-0500: 5,750: Total time for which application threads were stopped: 0,0003692 seconds, Stopping threads took: 0,0002726 seconds
2015-12-04T15:07:23.035-0500: 5,757: Total time for which application threads were stopped: 0,0000788 seconds, Stopping threads took: 0,0000235 seconds
2015-12-04T15:07:23.039-0500: 5,760: Total time for which application threads were stopped: 0,0000709 seconds, Stopping threads took: 0,0000285 seconds
2015-12-04T15:07:23.039-0500: 5,761: Total time for which application threads were stopped: 0,0000400 seconds, Stopping threads took: 0,0000094 seconds
2015-12-04T15:07:23.040-0500: 5,762: Total time for which application threads were stopped: 0,0000791 seconds, Stopping threads took: 0,0000429 seconds
2015-12-04T15:07:23.114-0500: 5,836: Total time for which application threads were stopped: 0,0003740 seconds, Stopping threads took: 0,0000305 seconds
2015-12-04T15:07:23.137-0500: 5,859: Total time for which application threads were stopped: 0,0000718 seconds, Stopping threads took: 0,0000286 seconds
2015-12-04T15:07:23.182-0500: 5,904: Total time for which application threads were stopped: 0,0000786 seconds, Stopping threads took: 0,0000275 seconds
2015-12-04T15:07:23.183-0500: 5,905: Total time for which application threads were stopped: 0,0001116 seconds, Stopping threads took: 0,0000663 seconds
2015-12-04T15:07:23.183-0500: 5,905: Total time for which application threads were stopped: 0,0000909 seconds, Stopping threads took: 0,0000506 seconds
2015-12-04T15:07:23.184-0500: 5,905: Total time for which application threads were stopped: 0,0000543 seconds, Stopping threads took: 0,0000124 seconds
2015-12-04T15:07:23.184-0500: 5,906: Total time for which application threads were stopped: 0,0000681 seconds, Stopping threads took: 0,0000247 seconds
2015-12-04T15:07:23.188-0500: 5,909: Total time for which application threads were stopped: 0,0000938 seconds, Stopping threads took: 0,0000226 seconds
2015-12-04T15:07:23.190-0500: 5,911: Total time for which application threads were stopped: 0,0003289 seconds, Stopping threads took: 0,0000928 seconds
2015-12-04T15:07:23.191-0500: 5,912: Total time for which application threads were stopped: 0,0000694 seconds, Stopping threads took: 0,0000272 seconds
2015-12-04T15:07:23.192-0500: 5,914: Total time for which application threads were stopped: 0,0000828 seconds, Stopping threads took: 0,0000254 seconds
2015-12-04T15:07:23.195-0500: 5,916: Total time for which application threads were stopped: 0,0000795 seconds, Stopping threads took: 0,0000254 seconds
2015-12-04T15:07:23.195-0500: 5,916: Total time for which application threads were stopped: 0,0000541 seconds, Stopping threads took: 0,0000190 seconds
2015-12-04T15:07:23.318-0500: 6,039: Total time for which application threads were stopped: 0,0004765 seconds, Stopping threads took: 0,0000284 seconds
2015-12-04T15:07:23.338-0500: 6,060: Total time for which application threads were stopped: 0,0002672 seconds, Stopping threads took: 0,0000259 seconds
2015-12-04T15:07:23.431-0500: 6,152: Total time for which application threads were stopped: 0,0001950 seconds, Stopping threads took: 0,0001290 seconds
2015-12-04T15:07:23.724-0500: 6,445: Total time for which application threads were stopped: 0,0025377 seconds, Stopping threads took: 0,0024577 seconds
2015-12-04T15:07:24.005-0500: 6,727: Total time for which application threads were stopped: 0,0002927 seconds, Stopping threads took: 0,0000262 seconds
2015-12-04T15:07:24.253-0500: 6,974: Total time for which application threads were stopped: 0,0001998 seconds, Stopping threads took: 0,0001099 seconds
2015-12-04T15:07:24.253-0500: 6,975: Total time for which application threads were stopped: 0,0001508 seconds, Stopping threads took: 0,0001053 seconds
2015-12-04T15:07:24.253-0500: 6,975: Total time for which application threads were stopped: 0,0000629 seconds, Stopping threads took: 0,0000220 seconds
2015-12-04T15:07:24.254-0500: 6,975: Total time for which application threads were stopped: 0,0000652 seconds, Stopping threads took: 0,0000342 seconds
2015-12-04T15:07:24.254-0500: 6,975: Total time for which application threads were stopped: 0,0000500 seconds, Stopping threads took: 0,0000292 seconds
2015-12-04T15:07:24.269-0500: 6,990: Total time for which application threads were stopped: 0,0000668 seconds, Stopping threads took: 0,0000196 seconds
2015-12-04T15:07:24.269-0500: 6,990: Total time for which application threads were stopped: 0,0000727 seconds, Stopping threads took: 0,0000457 seconds
2015-12-04T15:07:25.269-0500: 7,991: Total time for which application threads were stopped: 0,0000978 seconds, Stopping threads took: 0,0000287 seconds
2015-12-04T15:07:25.818-0500: 8,539: Total time for which application threads were stopped: 0,0000698 seconds, Stopping threads took: 0,0000361 seconds
2015-12-04T15:07:25.818-0500: 8,539: Total time for which application threads were stopped: 0,0000417 seconds, Stopping threads took: 0,0000148 seconds
2015-12-04T15:07:25.820-0500: 8,542: Total time for which application threads were stopped: 0,0000521 seconds, Stopping threads took: 0,0000311 seconds
2015-12-04T15:07:25.821-0500: 8,543: Total time for which application threads were stopped: 0,0000309 seconds, Stopping threads took: 0,0000106 seconds
2015-12-04T15:07:25.822-0500: 8,543: Total time for which application threads were stopped: 0,0000226 seconds, Stopping threads took: 0,0000073 seconds
2015-12-04T15:07:25.863-0500: 8,585: Total time for which application threads were stopped: 0,0000629 seconds, Stopping threads took: 0,0000264 seconds
2015-12-04T15:07:25.864-0500: 8,585: Total time for which application threads were stopped: 0,0000289 seconds, Stopping threads took: 0,0000097 seconds
2015-12-04T15:07:25.871-0500: 8,593: Total time for which application threads were stopped: 0,0002643 seconds, Stopping threads took: 0,0000262 seconds
2015-12-04T15:07:25.872-0500: 8,593: Total time for which application threads were stopped: 0,0000397 seconds, Stopping threads took: 0,0000059 seconds
2015-12-04T15:07:25.872-0500: 8,593: Total time for which application threads were stopped: 0,0000257 seconds, Stopping threads took: 0,0000067 seconds
2015-12-04T15:07:25.877-0500: 8,599: Total time for which application threads were stopped: 0,0000493 seconds, Stopping threads took: 0,0000222 seconds
2015-12-04T15:07:25.877-0500: 8,599: Total time for which application threads were stopped: 0,0000422 seconds, Stopping threads took: 0,0000152 seconds
2015-12-04T15:07:25.879-0500: 8,601: Total time for which application threads were stopped: 0,0001301 seconds, Stopping threads took: 0,0000890 seconds
2015-12-04T15:07:25.954-0500: 8,676: Total time for which application threads were stopped: 0,0001819 seconds, Stopping threads took: 0,0001151 seconds
2015-12-04T15:07:25.954-0500: 8,676: Total time for which application threads were stopped: 0,0000576 seconds, Stopping threads took: 0,0000232 seconds
2015-12-04T15:07:25.979-0500: 8,701: Total time for which application threads were stopped: 0,0001793 seconds, Stopping threads took: 0,0000519 seconds
2015-12-04T15:07:25.980-0500: 8,701: Total time for which application threads were stopped: 0,0000474 seconds, Stopping threads took: 0,0000122 seconds
2015-12-04T15:07:26.003-0500: 8,725: Total time for which application threads were stopped: 0,0001306 seconds, Stopping threads took: 0,0000885 seconds
2015-12-04T15:07:26.004-0500: 8,725: Total time for which application threads were stopped: 0,0001559 seconds, Stopping threads took: 0,0001229 seconds
2015-12-04T15:07:26.004-0500: 8,725: Total time for which application threads were stopped: 0,0000526 seconds, Stopping threads took: 0,0000371 seconds
2015-12-04T15:07:26.004-0500: 8,725: Total time for which application threads were stopped: 0,0000212 seconds, Stopping threads took: 0,0000074 seconds
2015-12-04T15:07:26.004-0500: 8,725: Total time for which application threads were stopped: 0,0000330 seconds, Stopping threads took: 0,0000075 seconds
2015-12-04T15:07:26.004-0500: 8,726: Total time for which application threads were stopped: 0,0000870 seconds, Stopping threads took: 0,0000058 seconds
2015-12-04T15:07:26.004-0500: 8,726: Total time for which application threads were stopped: 0,0000525 seconds, Stopping threads took: 0,0000243 seconds
2015-12-04T15:07:27.004-0500: 9,726: Total time for which application threads were stopped: 0,0000704 seconds, Stopping threads took: 0,0000215 seconds
2015-12-04T15:07:27.553-0500: 10,275: Total time for which application threads were stopped: 0,0001013 seconds, Stopping threads took: 0,0000456 seconds
2015-12-04T15:08:18.783-0500: 61,504: Total time for which application threads were stopped: 0,0000766 seconds, Stopping threads took: 0,0000188 seconds
2015-12-04T15:09:20.947-0500: 123,669: Total time for which application threads were stopped: 0,0000968 seconds, Stopping threads took: 0,0000262 seconds
2015-12-04T15:09:20.947-0500: 123,669: Total time for which application threads were stopped: 0,0000312 seconds, Stopping threads took: 0,0000091 seconds
2015-12-04T15:09:20.947-0500: 123,669: Total time for which application threads were stopped: 0,0000358 seconds, Stopping threads took: 0,0000074 seconds
2015-12-04T15:09:20.947-0500: 123,669: Total time for which application threads were stopped: 0,0000254 seconds, Stopping threads took: 0,0000074 seconds
2015-12-04T15:09:20.948-0500: 123,669: Total time for which application threads were stopped: 0,0000284 seconds, Stopping threads took: 0,0000067 seconds
2015-12-04T15:09:20.948-0500: 123,669: Total time for which application threads were stopped: 0,0000311 seconds, Stopping threads took: 0,0000053 seconds
2015-12-04T15:09:20.948-0500: 123,669: Total time for which application threads were stopped: 0,0000574 seconds, Stopping threads took: 0,0000195 seconds
2015-12-04T15:09:20.948-0500: 123,669: Total time for which application threads were stopped: 0,0000284 seconds, Stopping threads took: 0,0000078 seconds
2015-12-04T15:09:20.949-0500: 123,671: Total time for which application threads were stopped: 0,0000610 seconds, Stopping threads took: 0,0000168 seconds
2015-12-04T15:09:21.044-0500: 123,765: Total time for which application threads were stopped: 0,0000650 seconds, Stopping threads took: 0,0000156 seconds
2015-12-04T15:09:21.045-0500: 123,766: Total time for which application threads were stopped: 0,0000566 seconds, Stopping threads took: 0,0000152 seconds
2015-12-04T15:09:21.048-0500: 123,769: Total time for which application threads were stopped: 0,0012274 seconds, Stopping threads took: 0,0011650 seconds
2015-12-04T15:09:21.049-0500: 123,770: Total time for which application threads were stopped: 0,0000847 seconds, Stopping threads took: 0,0000187 seconds
2015-12-04T15:09:21.063-0500: 123,785: Total time for which application threads were stopped: 0,0000897 seconds, Stopping threads took: 0,0000333 seconds
2015-12-04T15:09:21.080-0500: 123,801: Total time for which application threads were stopped: 0,0000997 seconds, Stopping threads took: 0,0000345 seconds
2015-12-04T15:09:21.080-0500: 123,802: Total time for which application threads were stopped: 0,0000673 seconds, Stopping threads took: 0,0000304 seconds
2015-12-04T15:09:21.080-0500: 123,802: Total time for which application threads were stopped: 0,0000285 seconds, Stopping threads took: 0,0000075 seconds
2015-12-04T15:09:21.082-0500: 123,803: Total time for which application threads were stopped: 0,0001121 seconds, Stopping threads took: 0,0000113 seconds
2015-12-04T15:09:21.084-0500: 123,806: Total time for which application threads were stopped: 0,0001301 seconds, Stopping threads took: 0,0000681 seconds
2015-12-04T15:09:21.084-0500: 123,806: Total time for which application threads were stopped: 0,0000590 seconds, Stopping threads took: 0,0000286 seconds
2015-12-04T15:09:21.086-0500: 123,807: Total time for which application threads were stopped: 0,0000984 seconds, Stopping threads took: 0,0000317 seconds
2015-12-04T15:09:21.086-0500: 123,807: Total time for which application threads were stopped: 0,0000592 seconds, Stopping threads took: 0,0000119 seconds
2015-12-04T15:09:21.088-0500: 123,810: Total time for which application threads were stopped: 0,0008357 seconds, Stopping threads took: 0,0007233 seconds
2015-12-04T15:09:21.089-0500: 123,811: Total time for which application threads were stopped: 0,0000642 seconds, Stopping threads took: 0,0000199 seconds
2015-12-04T15:09:21.091-0500: 123,812: Total time for which application threads were stopped: 0,0002437 seconds, Stopping threads took: 0,0001864 seconds
2015-12-04T15:09:21.092-0500: 123,814: Total time for which application threads were stopped: 0,0000630 seconds, Stopping threads took: 0,0000175 seconds
2015-12-04T15:09:21.119-0500: 123,841: Total time for which application threads were stopped: 0,0001110 seconds, Stopping threads took: 0,0000570 seconds
2015-12-04T15:09:21.119-0500: 123,841: Total time for which application threads were stopped: 0,0001058 seconds, Stopping threads took: 0,0000827 seconds
2015-12-04T15:09:21.120-0500: 123,842: Total time for which application threads were stopped: 0,0000703 seconds, Stopping threads took: 0,0000135 seconds
2015-12-04T15:09:21.121-0500: 123,842: Total time for which application threads were stopped: 0,0000327 seconds, Stopping threads took: 0,0000093 seconds
2015-12-04T15:09:21.121-0500: 123,842: Total time for which application threads were stopped: 0,0000366 seconds, Stopping threads took: 0,0000157 seconds
2015-12-04T15:09:21.134-0500: 123,856: Total time for which application threads were stopped: 0,0001151 seconds, Stopping threads took: 0,0000658 seconds
2015-12-04T15:09:21.135-0500: 123,856: Total time for which application threads were stopped: 0,0000547 seconds, Stopping threads took: 0,0000173 seconds
2015-12-04T15:09:21.174-0500: 123,895: Total time for which application threads were stopped: 0,0001123 seconds, Stopping threads took: 0,0000367 seconds
2015-12-04T15:09:21.175-0500: 123,896: Total time for which application threads were stopped: 0,0001123 seconds, Stopping threads took: 0,0000392 seconds
2015-12-04T15:09:21.187-0500: 123,909: Total time for which application threads were stopped: 0,0000584 seconds, Stopping threads took: 0,0000183 seconds
2015-12-04T15:09:21.188-0500: 123,909: Total time for which application threads were stopped: 0,0000621 seconds, Stopping threads took: 0,0000067 seconds
2015-12-04T15:09:21.217-0500: 123,939: Total time for which application threads were stopped: 0,0001053 seconds, Stopping threads took: 0,0000476 seconds
2015-12-04T15:09:21.218-0500: 123,939: Total time for which application threads were stopped: 0,0000739 seconds, Stopping threads took: 0,0000327 seconds
2015-12-04T15:09:21.229-0500: 123,951: Total time for which application threads were stopped: 0,0000930 seconds, Stopping threads took: 0,0000364 seconds
2015-12-04T15:09:21.229-0500: 123,951: Total time for which application threads were stopped: 0,0000234 seconds, Stopping threads took: 0,0000063 seconds
2015-12-04T15:09:21.232-0500: 123,953: Total time for which application threads were stopped: 0,0000559 seconds, Stopping threads took: 0,0000139 seconds
2015-12-04T15:09:21.232-0500: 123,954: Total time for which application threads were stopped: 0,0000828 seconds, Stopping threads took: 0,0000112 seconds
{Heap before GC invocations=5 (full 1):
 par new generation   total 109248K, used 99961K [0x00000000e0000000, 0x00000000e8000000, 0x00000000e8000000)
  eden space 87424K, 100% used [0x00000000e0000000, 0x00000000e5560000, 0x00000000e5560000)
  from space 21824K,  57% used [0x00000000e6ab0000, 0x00000000e76ee438, 0x00000000e8000000)
  to   space 21824K,   0% used [0x00000000e5560000, 0x00000000e5560000, 0x00000000e6ab0000)
 concurrent mark-sweep generation total 393216K, used 0K [0x00000000e8000000, 0x0000000100000000, 0x0000000100000000)
 Metaspace       used 28236K, capacity 28576K, committed 28872K, reserved 1075200K
  class space    used 3345K, capacity 3468K, committed 3528K, reserved 1048576K
2015-12-04T15:09:21.285-0500: 124,006: [GC (Allocation Failure) 2015-12-04T15:09:21.285-0500: 124,006: [ParNew
Desired survivor size 20112992 bytes, new threshold 8 (max 8)
- age   1:    9858144 bytes,    9858144 total
- age   2:       4480 bytes,    9862624 total
- age   3:     179056 bytes,   10041680 total
- age   4:     268952 bytes,   10310632 total
- age   5:    3577768 bytes,   13888400 total
- age   6:    2456648 bytes,   16345048 total
: 99961K->17115K(109248K), 0,0199387 secs] 99961K->17115K(502464K), 0,0200799 secs] [Times: user=0,04 sys=0,01, real=0,02 secs] 
Heap after GC invocations=6 (full 1):
 par new generation   total 109248K, used 17115K [0x00000000e0000000, 0x00000000e8000000, 0x00000000e8000000)
  eden space 87424K,   0% used [0x00000000e0000000, 0x00000000e0000000, 0x00000000e5560000)
  from space 21824K,  78% used [0x00000000e5560000, 0x00000000e6616d68, 0x00000000e6ab0000)
  to   space 21824K,   0% used [0x00000000e6ab0000, 0x00000000e6ab0000, 0x00000000e8000000)
 concurrent mark-sweep generation total 393216K, used 0K [0x00000000e8000000, 0x0000000100000000, 0x0000000100000000)
 Metaspace       used 28236K, capacity 28576K, committed 28872K, reserved 1075200K
  class space    used 3345K, capacity 3468K, committed 3528K, reserved 1048576K
}
2015-12-04T15:09:21.305-0500: 124,027: Total time for which application threads were stopped: 0,0203226 seconds, Stopping threads took: 0,0000320 seconds
2015-12-04T15:09:21.308-0500: 124,030: Total time for which application threads were stopped: 0,0000920 seconds, Stopping threads took: 0,0000484 seconds
2015-12-04T15:09:21.388-0500: 124,110: Total time for which application threads were stopped: 0,0003027 seconds, Stopping threads took: 0,0000288 seconds
2015-12-04T15:09:21.390-0500: 124,111: Total time for which application threads were stopped: 0,0000871 seconds, Stopping threads took: 0,0000180 seconds
2015-12-04T15:09:21.390-0500: 124,111: Total time for which application threads were stopped: 0,0000360 seconds, Stopping threads took: 0,0000107 seconds
2015-12-04T15:09:21.390-0500: 124,111: Total time for which application threads were stopped: 0,0000304 seconds, Stopping threads took: 0,0000088 seconds
2015-12-04T15:09:21.390-0500: 124,112: Total time for which application threads were stopped: 0,0000562 seconds, Stopping threads took: 0,0000177 seconds
2015-12-04T15:09:21.390-0500: 124,112: Total time for which application threads were stopped: 0,0000350 seconds, Stopping threads took: 0,0000094 seconds
2015-12-04T15:09:21.409-0500: 124,131: Total time for which application threads were stopped: 0,0000870 seconds, Stopping threads took: 0,0000240 seconds
2015-12-04T15:09:21.409-0500: 124,131: Total time for which application threads were stopped: 0,0000626 seconds, Stopping threads took: 0,0000350 seconds
2015-12-04T15:09:21.409-0500: 124,131: Total time for which application threads were stopped: 0,0000255 seconds, Stopping threads took: 0,0000042 seconds
2015-12-04T15:09:21.409-0500: 124,131: Total time for which application threads were stopped: 0,0000244 seconds, Stopping threads took: 0,0000035 seconds
2015-12-04T15:09:21.409-0500: 124,131: Total time for which application threads were stopped: 0,0000235 seconds, Stopping threads took: 0,0000033 seconds
2015-12-04T15:09:21.590-0500: 124,312: Total time for which application threads were stopped: 0,0001143 seconds, Stopping threads took: 0,0000485 seconds
2015-12-04T15:09:21.591-0500: 124,313: Total time for which application threads were stopped: 0,0000820 seconds, Stopping threads took: 0,0000406 seconds
2015-12-04T15:09:21.592-0500: 124,313: Total time for which application threads were stopped: 0,0000513 seconds, Stopping threads took: 0,0000154 seconds
2015-12-04T15:09:21.592-0500: 124,314: Total time for which application threads were stopped: 0,0000651 seconds, Stopping threads took: 0,0000195 seconds
2015-12-04T15:09:21.592-0500: 124,314: Total time for which application threads were stopped: 0,0000322 seconds, Stopping threads took: 0,0000093 seconds
2015-12-04T15:09:21.592-0500: 124,314: Total time for which application threads were stopped: 0,0000387 seconds, Stopping threads took: 0,0000078 seconds
2015-12-04T15:09:21.593-0500: 124,314: Total time for which application threads were stopped: 0,0000211 seconds, Stopping threads took: 0,0000038 seconds
2015-12-04T15:09:21.593-0500: 124,314: Total time for which application threads were stopped: 0,0000355 seconds, Stopping threads took: 0,0000101 seconds
2015-12-04T15:09:21.593-0500: 124,314: Total time for which application threads were stopped: 0,0000256 seconds, Stopping threads took: 0,0000059 seconds
2015-12-04T15:09:21.593-0500: 124,314: Total time for which application threads were stopped: 0,0000400 seconds, Stopping threads took: 0,0000076 seconds
2015-12-04T15:09:21.593-0500: 124,314: Total time for which application threads were stopped: 0,0000265 seconds, Stopping threads took: 0,0000067 seconds
2015-12-04T15:09:21.593-0500: 124,314: Total time for which application threads were stopped: 0,0000264 seconds, Stopping threads took: 0,0000058 seconds
2015-12-04T15:09:21.593-0500: 124,314: Total time for which application threads were stopped: 0,0000237 seconds, Stopping threads took: 0,0000047 seconds
2015-12-04T15:09:21.593-0500: 124,314: Total time for which application threads were stopped: 0,0000230 seconds, Stopping threads took: 0,0000045 seconds
2015-12-04T15:09:21.593-0500: 124,314: Total time for which application threads were stopped: 0,0000301 seconds, Stopping threads took: 0,0000083 seconds
2015-12-04T15:09:21.593-0500: 124,315: Total time for which application threads were stopped: 0,0000223 seconds, Stopping threads took: 0,0000053 seconds
2015-12-04T15:09:21.593-0500: 124,315: Total time for which application threads were stopped: 0,0000254 seconds, Stopping threads took: 0,0000058 seconds
2015-12-04T15:09:21.593-0500: 124,315: Total time for which application threads were stopped: 0,0000234 seconds, Stopping threads took: 0,0000047 seconds
2015-12-04T15:09:21.593-0500: 124,315: Total time for which application threads were stopped: 0,0000201 seconds, Stopping threads took: 0,0000036 seconds
2015-12-04T15:09:21.593-0500: 124,315: Total time for which application threads were stopped: 0,0000338 seconds, Stopping threads took: 0,0000094 seconds
2015-12-04T15:09:21.593-0500: 124,315: Total time for which application threads were stopped: 0,0000252 seconds, Stopping threads took: 0,0000058 seconds
2015-12-04T15:09:21.593-0500: 124,315: Total time for which application threads were stopped: 0,0000278 seconds, Stopping threads took: 0,0000072 seconds
2015-12-04T15:09:21.593-0500: 124,315: Total time for which application threads were stopped: 0,0000224 seconds, Stopping threads took: 0,0000053 seconds
2015-12-04T15:09:21.593-0500: 124,315: Total time for which application threads were stopped: 0,0000976 seconds, Stopping threads took: 0,0000048 seconds
2015-12-04T15:09:21.594-0500: 124,315: Total time for which application threads were stopped: 0,0000228 seconds, Stopping threads took: 0,0000050 seconds
2015-12-04T15:09:21.594-0500: 124,315: Total time for which application threads were stopped: 0,0000215 seconds, Stopping threads took: 0,0000046 seconds
2015-12-04T15:09:21.594-0500: 124,315: Total time for which application threads were stopped: 0,0000213 seconds, Stopping threads took: 0,0000046 seconds
2015-12-04T15:09:21.594-0500: 124,315: Total time for which application threads were stopped: 0,0000237 seconds, Stopping threads took: 0,0000050 seconds
2015-12-04T15:09:21.594-0500: 124,315: Total time for which application threads were stopped: 0,0000246 seconds, Stopping threads took: 0,0000046 seconds
2015-12-04T15:09:21.594-0500: 124,315: Total time for which application threads were stopped: 0,0000216 seconds, Stopping threads took: 0,0000036 seconds
2015-12-04T15:09:21.594-0500: 124,316: Total time for which application threads were stopped: 0,0000259 seconds, Stopping threads took: 0,0000063 seconds
2015-12-04T15:09:21.594-0500: 124,316: Total time for which application threads were stopped: 0,0000547 seconds, Stopping threads took: 0,0000202 seconds
2015-12-04T15:09:21.594-0500: 124,316: Total time for which application threads were stopped: 0,0000477 seconds, Stopping threads took: 0,0000176 seconds
2015-12-04T15:09:21.596-0500: 124,317: Total time for which application threads were stopped: 0,0000662 seconds, Stopping threads took: 0,0000347 seconds
2015-12-04T15:09:21.690-0500: 124,411: Total time for which application threads were stopped: 0,0003153 seconds, Stopping threads took: 0,0000165 seconds
2015-12-04T15:09:22.333-0500: 125,055: Total time for which application threads were stopped: 0,0001283 seconds, Stopping threads took: 0,0000155 seconds
2015-12-04T15:09:22.333-0500: 125,055: Total time for which application threads were stopped: 0,0000557 seconds, Stopping threads took: 0,0000084 seconds
2015-12-04T15:09:22.333-0500: 125,055: Total time for which application threads were stopped: 0,0000560 seconds, Stopping threads took: 0,0000077 seconds
2015-12-04T15:09:22.333-0500: 125,055: Total time for which application threads were stopped: 0,0000310 seconds, Stopping threads took: 0,0000065 seconds
2015-12-04T15:09:22.333-0500: 125,055: Total time for which application threads were stopped: 0,0000305 seconds, Stopping threads took: 0,0000070 seconds
2015-12-04T15:09:22.335-0500: 125,057: Total time for which application threads were stopped: 0,0000785 seconds, Stopping threads took: 0,0000174 seconds
2015-12-04T15:09:22.336-0500: 125,058: Total time for which application threads were stopped: 0,0005899 seconds, Stopping threads took: 0,0004847 seconds
2015-12-04T15:09:22.337-0500: 125,058: Total time for which application threads were stopped: 0,0001329 seconds, Stopping threads took: 0,0000191 seconds
2015-12-04T15:09:23.337-0500: 126,058: Total time for which application threads were stopped: 0,0000718 seconds, Stopping threads took: 0,0000206 seconds
2015-12-04T15:09:24.337-0500: 127,059: Total time for which application threads were stopped: 0,0004087 seconds, Stopping threads took: 0,0001210 seconds
2015-12-04T15:09:24.530-0500: 127,251: Total time for which application threads were stopped: 0,0000959 seconds, Stopping threads took: 0,0000158 seconds
2015-12-04T15:09:24.530-0500: 127,251: Total time for which application threads were stopped: 0,0000336 seconds, Stopping threads took: 0,0000074 seconds
2015-12-04T15:09:24.530-0500: 127,251: Total time for which application threads were stopped: 0,0000312 seconds, Stopping threads took: 0,0000063 seconds
2015-12-04T15:09:24.530-0500: 127,251: Total time for which application threads were stopped: 0,0000266 seconds, Stopping threads took: 0,0000037 seconds
2015-12-04T15:09:24.530-0500: 127,251: Total time for which application threads were stopped: 0,0000292 seconds, Stopping threads took: 0,0000060 seconds
2015-12-04T15:09:24.532-0500: 127,254: Total time for which application threads were stopped: 0,0000764 seconds, Stopping threads took: 0,0000165 seconds
2015-12-04T15:09:24.532-0500: 127,254: Total time for which application threads were stopped: 0,0000869 seconds, Stopping threads took: 0,0000202 seconds
2015-12-04T15:09:24.533-0500: 127,255: Total time for which application threads were stopped: 0,0000665 seconds, Stopping threads took: 0,0000260 seconds
2015-12-04T15:09:24.533-0500: 127,255: Total time for which application threads were stopped: 0,0000670 seconds, Stopping threads took: 0,0000319 seconds
2015-12-04T15:09:24.534-0500: 127,255: Total time for which application threads were stopped: 0,0000399 seconds, Stopping threads took: 0,0000198 seconds
2015-12-04T15:09:25.534-0500: 128,255: Total time for which application threads were stopped: 0,0000657 seconds, Stopping threads took: 0,0000186 seconds
2015-12-04T15:09:27.555-0500: 130,277: Total time for which application threads were stopped: 0,0000882 seconds, Stopping threads took: 0,0000335 seconds
2015-12-04T15:09:31.556-0500: 134,277: Total time for which application threads were stopped: 0,0002612 seconds, Stopping threads took: 0,0000851 seconds
2015-12-04T15:09:40.557-0500: 143,278: Total time for which application threads were stopped: 0,0000935 seconds, Stopping threads took: 0,0000239 seconds
2015-12-04T15:09:43.558-0500: 146,280: Total time for which application threads were stopped: 0,0001657 seconds, Stopping threads took: 0,0000445 seconds
2015-12-04T15:09:51.559-0500: 154,280: Total time for which application threads were stopped: 0,0000755 seconds, Stopping threads took: 0,0000206 seconds
2015-12-04T15:10:00.560-0500: 163,281: Total time for which application threads were stopped: 0,0001890 seconds, Stopping threads took: 0,0000701 seconds
2015-12-04T15:10:12.561-0500: 175,283: Total time for which application threads were stopped: 0,0001112 seconds, Stopping threads took: 0,0000289 seconds
2015-12-04T15:10:15.555-0500: 178,276: Total time for which application threads were stopped: 0,0001132 seconds, Stopping threads took: 0,0000261 seconds
2015-12-04T15:10:15.555-0500: 178,277: Total time for which application threads were stopped: 0,0000647 seconds, Stopping threads took: 0,0000173 seconds
2015-12-04T15:10:15.557-0500: 178,278: Total time for which application threads were stopped: 0,0000440 seconds, Stopping threads took: 0,0000131 seconds
2015-12-04T15:10:19.557-0500: 182,279: Total time for which application threads were stopped: 0,0001714 seconds, Stopping threads took: 0,0000479 seconds
2015-12-04T15:10:21.558-0500: 184,279: Total time for which application threads were stopped: 0,0000688 seconds, Stopping threads took: 0,0000196 seconds
2015-12-04T15:10:24.534-0500: 187,255: Total time for which application threads were stopped: 0,0000680 seconds, Stopping threads took: 0,0000153 seconds
2015-12-04T15:10:28.534-0500: 191,256: Total time for which application threads were stopped: 0,0000962 seconds, Stopping threads took: 0,0000351 seconds
2015-12-04T15:10:40.535-0500: 203,257: Total time for which application threads were stopped: 0,0000722 seconds, Stopping threads took: 0,0000192 seconds
2015-12-04T15:10:49.536-0500: 212,258: Total time for which application threads were stopped: 0,0001424 seconds, Stopping threads took: 0,0000362 seconds
2015-12-04T15:10:52.537-0500: 215,258: Total time for which application threads were stopped: 0,0000660 seconds, Stopping threads took: 0,0000179 seconds
2015-12-04T15:10:58.537-0500: 221,259: Total time for which application threads were stopped: 0,0000849 seconds, Stopping threads took: 0,0000296 seconds
2015-12-04T15:11:01.538-0500: 224,259: Total time for which application threads were stopped: 0,0000914 seconds, Stopping threads took: 0,0000220 seconds
2015-12-04T15:11:04.538-0500: 227,260: Total time for which application threads were stopped: 0,0000899 seconds, Stopping threads took: 0,0000295 seconds
2015-12-04T15:11:07.538-0500: 230,260: Total time for which application threads were stopped: 0,0000888 seconds, Stopping threads took: 0,0000236 seconds
2015-12-04T15:11:13.539-0500: 236,261: Total time for which application threads were stopped: 0,0000711 seconds, Stopping threads took: 0,0000186 seconds
2015-12-04T15:11:19.540-0500: 242,261: Total time for which application threads were stopped: 0,0001441 seconds, Stopping threads took: 0,0000393 seconds
2015-12-04T15:11:25.541-0500: 248,262: Total time for which application threads were stopped: 0,0001513 seconds, Stopping threads took: 0,0000377 seconds
2015-12-04T15:11:31.542-0500: 254,263: Total time for which application threads were stopped: 0,0000811 seconds, Stopping threads took: 0,0000292 seconds
2015-12-04T15:11:37.542-0500: 260,264: Total time for which application threads were stopped: 0,0000773 seconds, Stopping threads took: 0,0000215 seconds
2015-12-04T15:11:48.543-0500: 271,265: Total time for which application threads were stopped: 0,0001012 seconds, Stopping threads took: 0,0000269 seconds
2015-12-04T15:12:09.545-0500: 292,267: Total time for which application threads were stopped: 0,0001305 seconds, Stopping threads took: 0,0000488 seconds
2015-12-04T15:12:12.546-0500: 295,267: Total time for which application threads were stopped: 0,0000688 seconds, Stopping threads took: 0,0000192 seconds
2015-12-04T15:12:21.547-0500: 304,268: Total time for which application threads were stopped: 0,0000791 seconds, Stopping threads took: 0,0000276 seconds
2015-12-04T15:12:30.547-0500: 313,269: Total time for which application threads were stopped: 0,0000827 seconds, Stopping threads took: 0,0000304 seconds
2015-12-04T15:12:47.554-0500: 330,276: Total time for which application threads were stopped: 0,0000873 seconds, Stopping threads took: 0,0000213 seconds
2015-12-04T15:12:59.555-0500: 342,277: Total time for which application threads were stopped: 0,0000902 seconds, Stopping threads took: 0,0000308 seconds
2015-12-04T15:13:09.556-0500: 352,278: Total time for which application threads were stopped: 0,0001550 seconds, Stopping threads took: 0,0000407 seconds
2015-12-04T15:13:20.557-0500: 363,279: Total time for which application threads were stopped: 0,0000935 seconds, Stopping threads took: 0,0000194 seconds
2015-12-04T15:13:32.558-0500: 375,279: Total time for which application threads were stopped: 0,0000947 seconds, Stopping threads took: 0,0000347 seconds
2015-12-04T15:13:36.558-0500: 379,280: Total time for which application threads were stopped: 0,0001422 seconds, Stopping threads took: 0,0000388 seconds
2015-12-04T15:13:59.563-0500: 402,285: Total time for which application threads were stopped: 0,0001847 seconds, Stopping threads took: 0,0000672 seconds
2015-12-04T15:14:08.564-0500: 411,286: Total time for which application threads were stopped: 0,0001415 seconds, Stopping threads took: 0,0000375 seconds
2015-12-04T15:14:11.565-0500: 414,286: Total time for which application threads were stopped: 0,0001297 seconds, Stopping threads took: 0,0000355 seconds
2015-12-04T15:14:32.567-0500: 435,288: Total time for which application threads were stopped: 0,0001417 seconds, Stopping threads took: 0,0000503 seconds
2015-12-04T15:14:44.568-0500: 447,290: Total time for which application threads were stopped: 0,0001190 seconds, Stopping threads took: 0,0000308 seconds
2015-12-04T15:14:53.569-0500: 456,291: Total time for which application threads were stopped: 0,0002281 seconds, Stopping threads took: 0,0000519 seconds
2015-12-04T15:14:59.570-0500: 462,291: Total time for which application threads were stopped: 0,0000732 seconds, Stopping threads took: 0,0000277 seconds
2015-12-04T15:15:02.570-0500: 465,292: Total time for which application threads were stopped: 0,0000864 seconds, Stopping threads took: 0,0000233 seconds
2015-12-04T15:15:06.571-0500: 469,292: Total time for which application threads were stopped: 0,0002441 seconds, Stopping threads took: 0,0000492 seconds
2015-12-04T15:15:14.572-0500: 477,293: Total time for which application threads were stopped: 0,0000666 seconds, Stopping threads took: 0,0000180 seconds
2015-12-04T15:15:17.572-0500: 480,294: Total time for which application threads were stopped: 0,0000739 seconds, Stopping threads took: 0,0000196 seconds
2015-12-04T15:15:18.572-0500: 481,294: Total time for which application threads were stopped: 0,0001243 seconds, Stopping threads took: 0,0000318 seconds
2015-12-04T15:15:23.573-0500: 486,294: Total time for which application threads were stopped: 0,0000876 seconds, Stopping threads took: 0,0000239 seconds
2015-12-04T15:15:26.573-0500: 489,295: Total time for which application threads were stopped: 0,0001491 seconds, Stopping threads took: 0,0000535 seconds
2015-12-04T15:16:26.578-0500: 549,300: Total time for which application threads were stopped: 0,0000880 seconds, Stopping threads took: 0,0000276 seconds
2015-12-04T15:16:38.581-0500: 561,302: Total time for which application threads were stopped: 0,0000785 seconds, Stopping threads took: 0,0000262 seconds
2015-12-04T15:17:05.583-0500: 588,304: Total time for which application threads were stopped: 0,0000825 seconds, Stopping threads took: 0,0000294 seconds
2015-12-04T15:17:17.584-0500: 600,305: Total time for which application threads were stopped: 0,0000767 seconds, Stopping threads took: 0,0000279 seconds
2015-12-04T15:17:20.584-0500: 603,306: Total time for which application threads were stopped: 0,0000805 seconds, Stopping threads took: 0,0000290 seconds
2015-12-04T15:17:23.584-0500: 606,306: Total time for which application threads were stopped: 0,0000699 seconds, Stopping threads took: 0,0000190 seconds
2015-12-04T15:17:26.585-0500: 609,306: Total time for which application threads were stopped: 0,0000692 seconds, Stopping threads took: 0,0000192 seconds
2015-12-04T15:17:29.585-0500: 612,307: Total time for which application threads were stopped: 0,0000752 seconds, Stopping threads took: 0,0000192 seconds
2015-12-04T15:17:35.586-0500: 618,307: Total time for which application threads were stopped: 0,0000727 seconds, Stopping threads took: 0,0000191 seconds
2015-12-04T15:17:41.586-0500: 624,308: Total time for which application threads were stopped: 0,0000708 seconds, Stopping threads took: 0,0000192 seconds
2015-12-04T15:17:44.587-0500: 627,308: Total time for which application threads were stopped: 0,0000725 seconds, Stopping threads took: 0,0000200 seconds
2015-12-04T15:18:26.590-0500: 669,312: Total time for which application threads were stopped: 0,0000807 seconds, Stopping threads took: 0,0000295 seconds
2015-12-04T15:18:58.593-0500: 701,314: Total time for which application threads were stopped: 0,0000822 seconds, Stopping threads took: 0,0000310 seconds
2015-12-04T15:19:07.594-0500: 710,315: Total time for which application threads were stopped: 0,0001247 seconds, Stopping threads took: 0,0000344 seconds
2015-12-04T15:19:34.596-0500: 737,318: Total time for which application threads were stopped: 0,0000836 seconds, Stopping threads took: 0,0000310 seconds
2015-12-04T15:19:58.599-0500: 761,320: Total time for which application threads were stopped: 0,0001294 seconds, Stopping threads took: 0,0000481 seconds
2015-12-04T15:20:19.601-0500: 782,322: Total time for which application threads were stopped: 0,0001201 seconds, Stopping threads took: 0,0000328 seconds
2015-12-04T15:20:25.601-0500: 788,323: Total time for which application threads were stopped: 0,0000967 seconds, Stopping threads took: 0,0000350 seconds
2015-12-04T15:20:31.602-0500: 794,324: Total time for which application threads were stopped: 0,0001334 seconds, Stopping threads took: 0,0000309 seconds
2015-12-04T15:21:04.605-0500: 827,327: Total time for which application threads were stopped: 0,0001007 seconds, Stopping threads took: 0,0000393 seconds
2015-12-04T15:21:10.606-0500: 833,327: Total time for which application threads were stopped: 0,0000936 seconds, Stopping threads took: 0,0000251 seconds
2015-12-04T15:21:55.610-0500: 878,331: Total time for which application threads were stopped: 0,0000982 seconds, Stopping threads took: 0,0000372 seconds
2015-12-04T15:22:05.611-0500: 888,332: Total time for which application threads were stopped: 0,0000912 seconds, Stopping threads took: 0,0000247 seconds
2015-12-04T15:22:07.611-0500: 890,332: Total time for which application threads were stopped: 0,0000706 seconds, Stopping threads took: 0,0000185 seconds
2015-12-04T15:22:16.612-0500: 899,333: Total time for which application threads were stopped: 0,0000886 seconds, Stopping threads took: 0,0000249 seconds
2015-12-04T15:22:34.613-0500: 917,335: Total time for which application threads were stopped: 0,0000772 seconds, Stopping threads took: 0,0000307 seconds
2015-12-04T15:23:13.617-0500: 956,339: Total time for which application threads were stopped: 0,0000792 seconds, Stopping threads took: 0,0000302 seconds
2015-12-04T15:23:55.621-0500: 998,342: Total time for which application threads were stopped: 0,0000903 seconds, Stopping threads took: 0,0000334 seconds
2015-12-04T15:23:58.621-0500: 1001,343: Total time for which application threads were stopped: 0,0001246 seconds, Stopping threads took: 0,0000352 seconds
2015-12-04T15:24:01.621-0500: 1004,343: Total time for which application threads were stopped: 0,0000693 seconds, Stopping threads took: 0,0000188 seconds
2015-12-04T15:25:03.031-0500: 1065,753: Total time for which application threads were stopped: 0,0000903 seconds, Stopping threads took: 0,0000386 seconds
2015-12-04T15:25:03.032-0500: 1065,753: Total time for which application threads were stopped: 0,0000436 seconds, Stopping threads took: 0,0000196 seconds
2015-12-04T15:25:03.032-0500: 1065,753: Total time for which application threads were stopped: 0,0000346 seconds, Stopping threads took: 0,0000097 seconds
2015-12-04T15:25:03.032-0500: 1065,753: Total time for which application threads were stopped: 0,0000312 seconds, Stopping threads took: 0,0000070 seconds
2015-12-04T15:25:03.032-0500: 1065,753: Total time for which application threads were stopped: 0,0000525 seconds, Stopping threads took: 0,0000295 seconds
2015-12-04T15:25:03.054-0500: 1065,775: Total time for which application threads were stopped: 0,0000649 seconds, Stopping threads took: 0,0000133 seconds
2015-12-04T15:25:03.439-0500: 1066,161: Total time for which application threads were stopped: 0,0003678 seconds, Stopping threads took: 0,0000243 seconds
2015-12-04T15:25:03.597-0500: 1066,318: Total time for which application threads were stopped: 0,0001349 seconds, Stopping threads took: 0,0000308 seconds
2015-12-04T15:25:03.597-0500: 1066,318: Total time for which application threads were stopped: 0,0000611 seconds, Stopping threads took: 0,0000219 seconds
2015-12-04T15:25:04.597-0500: 1067,318: Total time for which application threads were stopped: 0,0000768 seconds, Stopping threads took: 0,0000197 seconds
2015-12-04T15:25:04.761-0500: 1067,482: Total time for which application threads were stopped: 0,0000956 seconds, Stopping threads took: 0,0000290 seconds
2015-12-04T15:25:04.761-0500: 1067,482: Total time for which application threads were stopped: 0,0000378 seconds, Stopping threads took: 0,0000055 seconds
2015-12-04T15:25:04.761-0500: 1067,483: Total time for which application threads were stopped: 0,0000735 seconds, Stopping threads took: 0,0000244 seconds
2015-12-04T15:25:04.764-0500: 1067,486: Total time for which application threads were stopped: 0,0001497 seconds, Stopping threads took: 0,0000403 seconds
2015-12-04T15:25:04.771-0500: 1067,492: Total time for which application threads were stopped: 0,0001095 seconds, Stopping threads took: 0,0000305 seconds
2015-12-04T15:25:04.771-0500: 1067,493: Total time for which application threads were stopped: 0,0000526 seconds, Stopping threads took: 0,0000202 seconds
2015-12-04T15:25:04.771-0500: 1067,493: Total time for which application threads were stopped: 0,0000406 seconds, Stopping threads took: 0,0000176 seconds
2015-12-04T15:25:04.771-0500: 1067,493: Total time for which application threads were stopped: 0,0000332 seconds, Stopping threads took: 0,0000099 seconds
2015-12-04T15:25:04.771-0500: 1067,493: Total time for which application threads were stopped: 0,0000309 seconds, Stopping threads took: 0,0000081 seconds
2015-12-04T15:25:04.771-0500: 1067,493: Total time for which application threads were stopped: 0,0000281 seconds, Stopping threads took: 0,0000067 seconds
2015-12-04T15:25:04.773-0500: 1067,495: Total time for which application threads were stopped: 0,0000974 seconds, Stopping threads took: 0,0000292 seconds
2015-12-04T15:25:04.780-0500: 1067,501: Total time for which application threads were stopped: 0,0001240 seconds, Stopping threads took: 0,0000452 seconds
2015-12-04T15:25:05.780-0500: 1068,502: Total time for which application threads were stopped: 0,0000799 seconds, Stopping threads took: 0,0000191 seconds
2015-12-04T15:25:08.839-0500: 1071,561: Total time for which application threads were stopped: 0,0000904 seconds, Stopping threads took: 0,0000220 seconds
2015-12-04T15:25:08.840-0500: 1071,561: Total time for which application threads were stopped: 0,0000577 seconds, Stopping threads took: 0,0000232 seconds
2015-12-04T15:25:08.840-0500: 1071,562: Total time for which application threads were stopped: 0,0000714 seconds, Stopping threads took: 0,0000137 seconds
2015-12-04T15:25:08.845-0500: 1071,567: Total time for which application threads were stopped: 0,0001297 seconds, Stopping threads took: 0,0000424 seconds
2015-12-04T15:25:08.870-0500: 1071,592: Total time for which application threads were stopped: 0,0001282 seconds, Stopping threads took: 0,0000538 seconds
2015-12-04T15:25:08.870-0500: 1071,592: Total time for which application threads were stopped: 0,0000859 seconds, Stopping threads took: 0,0000540 seconds
2015-12-04T15:25:09.787-0500: 1072,508: Total time for which application threads were stopped: 0,0000832 seconds, Stopping threads took: 0,0000193 seconds
2015-12-04T15:25:09.787-0500: 1072,509: Total time for which application threads were stopped: 0,0000278 seconds, Stopping threads took: 0,0000064 seconds
2015-12-04T15:25:09.787-0500: 1072,509: Total time for which application threads were stopped: 0,0000605 seconds, Stopping threads took: 0,0000125 seconds
2015-12-04T15:25:09.804-0500: 1072,525: Total time for which application threads were stopped: 0,0001174 seconds, Stopping threads took: 0,0000238 seconds
2015-12-04T15:25:09.804-0500: 1072,526: Total time for which application threads were stopped: 0,0001318 seconds, Stopping threads took: 0,0000137 seconds
2015-12-04T15:25:10.557-0500: 1073,278: Total time for which application threads were stopped: 0,0000813 seconds, Stopping threads took: 0,0000271 seconds
2015-12-04T15:25:11.557-0500: 1074,278: Total time for which application threads were stopped: 0,0001185 seconds, Stopping threads took: 0,0000450 seconds
2015-12-04T15:25:16.557-0500: 1079,279: Total time for which application threads were stopped: 0,0001486 seconds, Stopping threads took: 0,0000803 seconds
2015-12-04T15:25:17.558-0500: 1080,279: Total time for which application threads were stopped: 0,0001537 seconds, Stopping threads took: 0,0000421 seconds
2015-12-04T15:25:29.561-0500: 1092,283: Total time for which application threads were stopped: 0,0000856 seconds, Stopping threads took: 0,0000194 seconds
2015-12-04T15:25:52.563-0500: 1115,285: Total time for which application threads were stopped: 0,0000820 seconds, Stopping threads took: 0,0000314 seconds
2015-12-04T15:26:26.566-0500: 1149,287: Total time for which application threads were stopped: 0,0000982 seconds, Stopping threads took: 0,0000346 seconds
2015-12-04T15:26:32.026-0500: 1154,747: Total time for which application threads were stopped: 0,0000739 seconds, Stopping threads took: 0,0000204 seconds
2015-12-04T15:26:32.026-0500: 1154,748: Total time for which application threads were stopped: 0,0000247 seconds, Stopping threads took: 0,0000059 seconds
2015-12-04T15:26:32.026-0500: 1154,748: Total time for which application threads were stopped: 0,0000415 seconds, Stopping threads took: 0,0000071 seconds
2015-12-04T15:26:32.037-0500: 1154,758: Total time for which application threads were stopped: 0,0001788 seconds, Stopping threads took: 0,0001005 seconds
2015-12-04T15:26:32.037-0500: 1154,759: Total time for which application threads were stopped: 0,0000409 seconds, Stopping threads took: 0,0000074 seconds
2015-12-04T15:26:35.203-0500: 1157,925: Total time for which application threads were stopped: 0,0000870 seconds, Stopping threads took: 0,0000199 seconds
2015-12-04T15:26:35.203-0500: 1157,925: Total time for which application threads were stopped: 0,0000273 seconds, Stopping threads took: 0,0000061 seconds
2015-12-04T15:26:35.204-0500: 1157,925: Total time for which application threads were stopped: 0,0000572 seconds, Stopping threads took: 0,0000106 seconds
2015-12-04T15:26:35.222-0500: 1157,943: Total time for which application threads were stopped: 0,0001177 seconds, Stopping threads took: 0,0000292 seconds
2015-12-04T15:27:15.225-0500: 1197,947: Total time for which application threads were stopped: 0,0000870 seconds, Stopping threads took: 0,0000318 seconds
2015-12-04T15:27:40.227-0500: 1222,949: Total time for which application threads were stopped: 0,0000828 seconds, Stopping threads took: 0,0000315 seconds
2015-12-04T15:28:10.230-0500: 1252,952: Total time for which application threads were stopped: 0,0001162 seconds, Stopping threads took: 0,0000418 seconds
2015-12-04T15:28:13.060-0500: 1255,781: Total time for which application threads were stopped: 0,0000893 seconds, Stopping threads took: 0,0000280 seconds
2015-12-04T15:28:13.060-0500: 1255,781: Total time for which application threads were stopped: 0,0000344 seconds, Stopping threads took: 0,0000103 seconds
2015-12-04T15:28:13.060-0500: 1255,782: Total time for which application threads were stopped: 0,0000691 seconds, Stopping threads took: 0,0000224 seconds
2015-12-04T15:28:13.071-0500: 1255,793: Total time for which application threads were stopped: 0,0000892 seconds, Stopping threads took: 0,0000220 seconds
2015-12-04T15:28:14.307-0500: 1257,028: Total time for which application threads were stopped: 0,0000769 seconds, Stopping threads took: 0,0000256 seconds
2015-12-04T15:28:14.326-0500: 1257,048: Total time for which application threads were stopped: 0,0000776 seconds, Stopping threads took: 0,0000274 seconds
2015-12-04T15:28:14.327-0500: 1257,048: Total time for which application threads were stopped: 0,0000587 seconds, Stopping threads took: 0,0000164 seconds
2015-12-04T15:28:14.339-0500: 1257,060: Total time for which application threads were stopped: 0,0001541 seconds, Stopping threads took: 0,0000286 seconds
2015-12-04T15:30:01.348-0500: 1364,070: Total time for which application threads were stopped: 0,0000803 seconds, Stopping threads took: 0,0000315 seconds
2015-12-04T15:30:34.352-0500: 1397,073: Total time for which application threads were stopped: 0,0000837 seconds, Stopping threads took: 0,0000314 seconds
2015-12-04T15:32:01.360-0500: 1484,081: Total time for which application threads were stopped: 0,0001896 seconds, Stopping threads took: 0,0000672 seconds
2015-12-04T15:32:07.360-0500: 1490,082: Total time for which application threads were stopped: 0,0001170 seconds, Stopping threads took: 0,0000311 seconds
2015-12-04T15:34:04.372-0500: 1607,093: Total time for which application threads were stopped: 0,0002099 seconds, Stopping threads took: 0,0000672 seconds
2015-12-04T15:34:07.372-0500: 1610,094: Total time for which application threads were stopped: 0,0001583 seconds, Stopping threads took: 0,0000413 seconds
2015-12-04T15:34:37.375-0500: 1640,097: Total time for which application threads were stopped: 0,0000805 seconds, Stopping threads took: 0,0000311 seconds
2015-12-04T15:35:26.719-0500: 1689,441: Total time for which application threads were stopped: 0,0001078 seconds, Stopping threads took: 0,0000350 seconds
2015-12-04T15:35:26.719-0500: 1689,441: Total time for which application threads were stopped: 0,0000442 seconds, Stopping threads took: 0,0000102 seconds
2015-12-04T15:35:26.720-0500: 1689,441: Total time for which application threads were stopped: 0,0000567 seconds, Stopping threads took: 0,0000088 seconds
2015-12-04T15:35:26.736-0500: 1689,457: Total time for which application threads were stopped: 0,0001102 seconds, Stopping threads took: 0,0000223 seconds
2015-12-04T15:35:26.736-0500: 1689,458: Total time for which application threads were stopped: 0,0000657 seconds, Stopping threads took: 0,0000088 seconds
2015-12-04T15:35:29.013-0500: 1691,734: Total time for which application threads were stopped: 0,0000818 seconds, Stopping threads took: 0,0000216 seconds
2015-12-04T15:35:29.013-0500: 1691,734: Total time for which application threads were stopped: 0,0000285 seconds, Stopping threads took: 0,0000062 seconds
2015-12-04T15:35:29.013-0500: 1691,735: Total time for which application threads were stopped: 0,0000398 seconds, Stopping threads took: 0,0000063 seconds
2015-12-04T15:35:29.025-0500: 1691,746: Total time for which application threads were stopped: 0,0010153 seconds, Stopping threads took: 0,0007383 seconds
2015-12-04T15:35:30.576-0500: 1693,297: Total time for which application threads were stopped: 0,0000875 seconds, Stopping threads took: 0,0000213 seconds
2015-12-04T15:36:09.579-0500: 1732,301: Total time for which application threads were stopped: 0,0000897 seconds, Stopping threads took: 0,0000347 seconds
2015-12-04T15:36:42.582-0500: 1765,304: Total time for which application threads were stopped: 0,0000817 seconds, Stopping threads took: 0,0000297 seconds
2015-12-04T15:36:49.583-0500: 1772,304: Total time for which application threads were stopped: 0,0000796 seconds, Stopping threads took: 0,0000299 seconds
2015-12-04T15:36:57.447-0500: 1780,169: Total time for which application threads were stopped: 0,0000903 seconds, Stopping threads took: 0,0000272 seconds
2015-12-04T15:36:57.447-0500: 1780,169: Total time for which application threads were stopped: 0,0000531 seconds, Stopping threads took: 0,0000301 seconds
2015-12-04T15:36:57.448-0500: 1780,169: Total time for which application threads were stopped: 0,0000542 seconds, Stopping threads took: 0,0000198 seconds
2015-12-04T15:36:57.457-0500: 1780,179: Total time for which application threads were stopped: 0,0002214 seconds, Stopping threads took: 0,0001041 seconds
2015-12-04T15:36:57.457-0500: 1780,179: Total time for which application threads were stopped: 0,0000478 seconds, Stopping threads took: 0,0000114 seconds
2015-12-04T15:36:58.371-0500: 1781,093: Total time for which application threads were stopped: 0,0000713 seconds, Stopping threads took: 0,0000171 seconds
2015-12-04T15:36:58.372-0500: 1781,093: Total time for which application threads were stopped: 0,0000376 seconds, Stopping threads took: 0,0000089 seconds
2015-12-04T15:36:58.372-0500: 1781,093: Total time for which application threads were stopped: 0,0000451 seconds, Stopping threads took: 0,0000077 seconds
2015-12-04T15:36:58.389-0500: 1781,111: Total time for which application threads were stopped: 0,0001048 seconds, Stopping threads took: 0,0000208 seconds
2015-12-04T15:40:07.406-0500: 1970,128: Total time for which application threads were stopped: 0,0001421 seconds, Stopping threads took: 0,0000515 seconds
2015-12-04T15:41:32.293-0500: 2055,015: Total time for which application threads were stopped: 0,0000971 seconds, Stopping threads took: 0,0000331 seconds
2015-12-04T15:41:32.293-0500: 2055,015: Total time for which application threads were stopped: 0,0000458 seconds, Stopping threads took: 0,0000106 seconds
2015-12-04T15:41:32.344-0500: 2055,065: Total time for which application threads were stopped: 0,0001346 seconds, Stopping threads took: 0,0000281 seconds
2015-12-04T15:41:32.345-0500: 2055,067: Total time for which application threads were stopped: 0,0000886 seconds, Stopping threads took: 0,0000227 seconds
2015-12-04T15:41:32.345-0500: 2055,067: Total time for which application threads were stopped: 0,0000729 seconds, Stopping threads took: 0,0000083 seconds
2015-12-04T15:41:32.346-0500: 2055,067: Total time for which application threads were stopped: 0,0000669 seconds, Stopping threads took: 0,0000299 seconds
2015-12-04T15:41:32.346-0500: 2055,067: Total time for which application threads were stopped: 0,0000674 seconds, Stopping threads took: 0,0000304 seconds
2015-12-04T15:41:32.346-0500: 2055,067: Total time for which application threads were stopped: 0,0000592 seconds, Stopping threads took: 0,0000158 seconds
2015-12-04T15:41:32.367-0500: 2055,089: Total time for which application threads were stopped: 0,0001435 seconds, Stopping threads took: 0,0000740 seconds
2015-12-04T15:41:32.367-0500: 2055,089: Total time for which application threads were stopped: 0,0000902 seconds, Stopping threads took: 0,0000321 seconds
2015-12-04T15:41:32.368-0500: 2055,089: Total time for which application threads were stopped: 0,0000900 seconds, Stopping threads took: 0,0000374 seconds
2015-12-04T15:41:32.368-0500: 2055,090: Total time for which application threads were stopped: 0,0000614 seconds, Stopping threads took: 0,0000238 seconds
2015-12-04T15:41:32.368-0500: 2055,090: Total time for which application threads were stopped: 0,0000396 seconds, Stopping threads took: 0,0000132 seconds
2015-12-04T15:41:32.386-0500: 2055,108: Total time for which application threads were stopped: 0,0000692 seconds, Stopping threads took: 0,0000179 seconds
2015-12-04T15:41:32.386-0500: 2055,108: Total time for which application threads were stopped: 0,0000358 seconds, Stopping threads took: 0,0000106 seconds
2015-12-04T15:41:32.387-0500: 2055,108: Total time for which application threads were stopped: 0,0000501 seconds, Stopping threads took: 0,0000167 seconds
2015-12-04T15:41:32.388-0500: 2055,110: Total time for which application threads were stopped: 0,0000923 seconds, Stopping threads took: 0,0000242 seconds
2015-12-04T15:41:32.388-0500: 2055,110: Total time for which application threads were stopped: 0,0000669 seconds, Stopping threads took: 0,0000186 seconds
2015-12-04T15:41:32.389-0500: 2055,110: Total time for which application threads were stopped: 0,0000772 seconds, Stopping threads took: 0,0000176 seconds
2015-12-04T15:41:32.389-0500: 2055,110: Total time for which application threads were stopped: 0,0000988 seconds, Stopping threads took: 0,0000448 seconds
2015-12-04T15:41:32.389-0500: 2055,110: Total time for which application threads were stopped: 0,0001122 seconds, Stopping threads took: 0,0000122 seconds
2015-12-04T15:41:32.389-0500: 2055,111: Total time for which application threads were stopped: 0,0000714 seconds, Stopping threads took: 0,0000273 seconds
2015-12-04T15:41:32.389-0500: 2055,111: Total time for which application threads were stopped: 0,0000440 seconds, Stopping threads took: 0,0000153 seconds
2015-12-04T15:41:32.389-0500: 2055,111: Total time for which application threads were stopped: 0,0000717 seconds, Stopping threads took: 0,0000179 seconds
2015-12-04T15:41:32.389-0500: 2055,111: Total time for which application threads were stopped: 0,0000572 seconds, Stopping threads took: 0,0000146 seconds
2015-12-04T15:41:32.421-0500: 2055,143: Total time for which application threads were stopped: 0,0000840 seconds, Stopping threads took: 0,0000178 seconds
2015-12-04T15:41:32.423-0500: 2055,144: Total time for which application threads were stopped: 0,0000502 seconds, Stopping threads took: 0,0000116 seconds
2015-12-04T15:41:32.423-0500: 2055,144: Total time for which application threads were stopped: 0,0000252 seconds, Stopping threads took: 0,0000052 seconds
2015-12-04T15:41:32.423-0500: 2055,145: Total time for which application threads were stopped: 0,0000666 seconds, Stopping threads took: 0,0000210 seconds
2015-12-04T15:41:32.424-0500: 2055,146: Total time for which application threads were stopped: 0,0000815 seconds, Stopping threads took: 0,0000253 seconds
2015-12-04T15:41:32.425-0500: 2055,146: Total time for which application threads were stopped: 0,0001060 seconds, Stopping threads took: 0,0000699 seconds
2015-12-04T15:41:32.613-0500: 2055,335: Total time for which application threads were stopped: 0,0000996 seconds, Stopping threads took: 0,0000257 seconds
2015-12-04T15:41:32.613-0500: 2055,335: Total time for which application threads were stopped: 0,0000431 seconds, Stopping threads took: 0,0000177 seconds
2015-12-04T15:41:32.613-0500: 2055,335: Total time for which application threads were stopped: 0,0000409 seconds, Stopping threads took: 0,0000165 seconds
2015-12-04T15:41:32.614-0500: 2055,335: Total time for which application threads were stopped: 0,0000500 seconds, Stopping threads took: 0,0000163 seconds
{Heap before GC invocations=6 (full 1):
 par new generation   total 109248K, used 104539K [0x00000000e0000000, 0x00000000e8000000, 0x00000000e8000000)
  eden space 87424K, 100% used [0x00000000e0000000, 0x00000000e5560000, 0x00000000e5560000)
  from space 21824K,  78% used [0x00000000e5560000, 0x00000000e6616d68, 0x00000000e6ab0000)
  to   space 21824K,   0% used [0x00000000e6ab0000, 0x00000000e6ab0000, 0x00000000e8000000)
 concurrent mark-sweep generation total 393216K, used 0K [0x00000000e8000000, 0x0000000100000000, 0x0000000100000000)
 Metaspace       used 30746K, capacity 31182K, committed 31432K, reserved 1077248K
  class space    used 3532K, capacity 3671K, committed 3784K, reserved 1048576K
2015-12-04T15:41:33.068-0500: 2055,789: [GC (Allocation Failure) 2015-12-04T15:41:33.068-0500: 2055,790: [ParNew
Desired survivor size 20112992 bytes, new threshold 8 (max 8)
- age   1:    2775280 bytes,    2775280 total
- age   2:    4543616 bytes,    7318896 total
- age   3:       2456 bytes,    7321352 total
- age   4:     179056 bytes,    7500408 total
- age   5:     267352 bytes,    7767760 total
- age   6:    3564936 bytes,   11332696 total
- age   7:    2456416 bytes,   13789112 total
: 104539K->19154K(109248K), 0,0181747 secs] 104539K->19154K(502464K), 0,0182686 secs] [Times: user=0,06 sys=0,01, real=0,02 secs] 
Heap after GC invocations=7 (full 1):
 par new generation   total 109248K, used 19154K [0x00000000e0000000, 0x00000000e8000000, 0x00000000e8000000)
  eden space 87424K,   0% used [0x00000000e0000000, 0x00000000e0000000, 0x00000000e5560000)
  from space 21824K,  87% used [0x00000000e6ab0000, 0x00000000e7d64930, 0x00000000e8000000)
  to   space 21824K,   0% used [0x00000000e5560000, 0x00000000e5560000, 0x00000000e6ab0000)
 concurrent mark-sweep generation total 393216K, used 0K [0x00000000e8000000, 0x0000000100000000, 0x0000000100000000)
 Metaspace       used 30746K, capacity 31182K, committed 31432K, reserved 1077248K
  class space    used 3532K, capacity 3671K, committed 3784K, reserved 1048576K
}
2015-12-04T15:41:33.086-0500: 2055,808: Total time for which application threads were stopped: 0,0185604 seconds, Stopping threads took: 0,0000519 seconds
2015-12-04T15:41:33.089-0500: 2055,811: Total time for which application threads were stopped: 0,0001219 seconds, Stopping threads took: 0,0000445 seconds
2015-12-04T15:41:33.089-0500: 2055,811: Total time for which application threads were stopped: 0,0000857 seconds, Stopping threads took: 0,0000351 seconds
2015-12-04T15:41:33.089-0500: 2055,811: Total time for which application threads were stopped: 0,0000988 seconds, Stopping threads took: 0,0000292 seconds
2015-12-04T15:41:33.089-0500: 2055,811: Total time for which application threads were stopped: 0,0000558 seconds, Stopping threads took: 0,0000246 seconds
2015-12-04T15:41:33.089-0500: 2055,811: Total time for which application threads were stopped: 0,0000437 seconds, Stopping threads took: 0,0000109 seconds
2015-12-04T15:41:33.089-0500: 2055,811: Total time for which application threads were stopped: 0,0000354 seconds, Stopping threads took: 0,0000080 seconds
2015-12-04T15:41:33.090-0500: 2055,811: Total time for which application threads were stopped: 0,0000517 seconds, Stopping threads took: 0,0000231 seconds
2015-12-04T15:41:33.090-0500: 2055,811: Total time for which application threads were stopped: 0,0000346 seconds, Stopping threads took: 0,0000077 seconds
2015-12-04T15:41:33.090-0500: 2055,811: Total time for which application threads were stopped: 0,0000421 seconds, Stopping threads took: 0,0000157 seconds
2015-12-04T15:41:33.090-0500: 2055,811: Total time for which application threads were stopped: 0,0001330 seconds, Stopping threads took: 0,0000206 seconds
2015-12-04T15:41:33.090-0500: 2055,811: Total time for which application threads were stopped: 0,0000705 seconds, Stopping threads took: 0,0000176 seconds
2015-12-04T15:41:33.093-0500: 2055,814: Total time for which application threads were stopped: 0,0000835 seconds, Stopping threads took: 0,0000238 seconds
{Heap before GC invocations=7 (full 1):
 par new generation   total 109248K, used 106578K [0x00000000e0000000, 0x00000000e8000000, 0x00000000e8000000)
  eden space 87424K, 100% used [0x00000000e0000000, 0x00000000e5560000, 0x00000000e5560000)
  from space 21824K,  87% used [0x00000000e6ab0000, 0x00000000e7d64930, 0x00000000e8000000)
  to   space 21824K,   0% used [0x00000000e5560000, 0x00000000e5560000, 0x00000000e6ab0000)
 concurrent mark-sweep generation total 393216K, used 0K [0x00000000e8000000, 0x0000000100000000, 0x0000000100000000)
 Metaspace       used 30800K, capacity 31246K, committed 31688K, reserved 1077248K
  class space    used 3532K, capacity 3671K, committed 3784K, reserved 1048576K
2015-12-04T15:41:33.150-0500: 2055,872: [GC (Allocation Failure) 2015-12-04T15:41:33.150-0500: 2055,872: [ParNew
Desired survivor size 20112992 bytes, new threshold 8 (max 8)
- age   1:     975112 bytes,     975112 total
- age   2:    1209304 bytes,    2184416 total
- age   3:    4457696 bytes,    6642112 total
- age   4:       1848 bytes,    6643960 total
- age   5:     158112 bytes,    6802072 total
- age   6:     257488 bytes,    7059560 total
- age   7:    3442952 bytes,   10502512 total
- age   8:    2154720 bytes,   12657232 total
: 106578K->16484K(109248K), 0,0089939 secs] 106578K->16484K(502464K), 0,0090664 secs] [Times: user=0,03 sys=0,00, real=0,01 secs] 
Heap after GC invocations=8 (full 1):
 par new generation   total 109248K, used 16484K [0x00000000e0000000, 0x00000000e8000000, 0x00000000e8000000)
  eden space 87424K,   0% used [0x00000000e0000000, 0x00000000e0000000, 0x00000000e5560000)
  from space 21824K,  75% used [0x00000000e5560000, 0x00000000e65790c0, 0x00000000e6ab0000)
  to   space 21824K,   0% used [0x00000000e6ab0000, 0x00000000e6ab0000, 0x00000000e8000000)
 concurrent mark-sweep generation total 393216K, used 0K [0x00000000e8000000, 0x0000000100000000, 0x0000000100000000)
 Metaspace       used 30800K, capacity 31246K, committed 31688K, reserved 1077248K
  class space    used 3532K, capacity 3671K, committed 3784K, reserved 1048576K
}
2015-12-04T15:41:33.160-0500: 2055,881: Total time for which application threads were stopped: 0,0092370 seconds, Stopping threads took: 0,0000205 seconds
2015-12-04T15:41:33.160-0500: 2055,881: Total time for which application threads were stopped: 0,0001392 seconds, Stopping threads took: 0,0000478 seconds
2015-12-04T15:41:33.229-0500: 2055,950: Total time for which application threads were stopped: 0,0001319 seconds, Stopping threads took: 0,0000254 seconds
2015-12-04T15:41:33.242-0500: 2055,963: Total time for which application threads were stopped: 0,0001496 seconds, Stopping threads took: 0,0000679 seconds
2015-12-04T15:41:33.242-0500: 2055,964: Total time for which application threads were stopped: 0,0000582 seconds, Stopping threads took: 0,0000225 seconds
2015-12-04T15:41:33.242-0500: 2055,964: Total time for which application threads were stopped: 0,0000317 seconds, Stopping threads took: 0,0000088 seconds
2015-12-04T15:41:33.258-0500: 2055,979: Total time for which application threads were stopped: 0,0000968 seconds, Stopping threads took: 0,0000320 seconds
2015-12-04T15:41:33.287-0500: 2056,008: Total time for which application threads were stopped: 0,0000977 seconds, Stopping threads took: 0,0000280 seconds
2015-12-04T15:41:33.287-0500: 2056,009: Total time for which application threads were stopped: 0,0000564 seconds, Stopping threads took: 0,0000189 seconds
2015-12-04T15:41:33.530-0500: 2056,251: Total time for which application threads were stopped: 0,0001270 seconds, Stopping threads took: 0,0000183 seconds
2015-12-04T15:41:33.532-0500: 2056,253: Total time for which application threads were stopped: 0,0000826 seconds, Stopping threads took: 0,0000214 seconds
2015-12-04T15:41:33.532-0500: 2056,254: Total time for which application threads were stopped: 0,0000613 seconds, Stopping threads took: 0,0000209 seconds
2015-12-04T15:41:33.533-0500: 2056,255: Total time for which application threads were stopped: 0,0000598 seconds, Stopping threads took: 0,0000207 seconds
2015-12-04T15:41:33.534-0500: 2056,255: Total time for which application threads were stopped: 0,0000643 seconds, Stopping threads took: 0,0000202 seconds
2015-12-04T15:41:33.534-0500: 2056,256: Total time for which application threads were stopped: 0,0000553 seconds, Stopping threads took: 0,0000228 seconds
2015-12-04T15:41:33.537-0500: 2056,258: Total time for which application threads were stopped: 0,0000642 seconds, Stopping threads took: 0,0000232 seconds
2015-12-04T15:41:33.539-0500: 2056,261: Total time for which application threads were stopped: 0,0001048 seconds, Stopping threads took: 0,0000149 seconds
2015-12-04T15:41:33.540-0500: 2056,261: Total time for which application threads were stopped: 0,0000674 seconds, Stopping threads took: 0,0000085 seconds
2015-12-04T15:41:33.584-0500: 2056,306: Total time for which application threads were stopped: 0,0000834 seconds, Stopping threads took: 0,0000269 seconds
2015-12-04T15:41:33.585-0500: 2056,306: Total time for which application threads were stopped: 0,0001093 seconds, Stopping threads took: 0,0000670 seconds
2015-12-04T15:41:33.585-0500: 2056,306: Total time for which application threads were stopped: 0,0000766 seconds, Stopping threads took: 0,0000513 seconds
2015-12-04T15:41:33.585-0500: 2056,307: Total time for which application threads were stopped: 0,0000306 seconds, Stopping threads took: 0,0000063 seconds
2015-12-04T15:41:33.586-0500: 2056,307: Total time for which application threads were stopped: 0,0000648 seconds, Stopping threads took: 0,0000275 seconds
2015-12-04T15:41:33.589-0500: 2056,310: Total time for which application threads were stopped: 0,0000854 seconds, Stopping threads took: 0,0000199 seconds
2015-12-04T15:41:33.590-0500: 2056,311: Total time for which application threads were stopped: 0,0001330 seconds, Stopping threads took: 0,0000881 seconds
2015-12-04T15:41:34.590-0500: 2057,311: Total time for which application threads were stopped: 0,0001736 seconds, Stopping threads took: 0,0000393 seconds
2015-12-04T15:42:32.390-0500: 2115,111: Total time for which application threads were stopped: 0,0002020 seconds, Stopping threads took: 0,0000671 seconds
2015-12-04T15:44:01.398-0500: 2204,120: Total time for which application threads were stopped: 0,0000773 seconds, Stopping threads took: 0,0000301 seconds
2015-12-04T15:44:34.401-0500: 2237,123: Total time for which application threads were stopped: 0,0002479 seconds, Stopping threads took: 0,0001341 seconds
2015-12-04T15:46:49.414-0500: 2372,136: Total time for which application threads were stopped: 0,0001963 seconds, Stopping threads took: 0,0000699 seconds
2015-12-04T15:47:16.417-0500: 2399,139: Total time for which application threads were stopped: 0,0001408 seconds, Stopping threads took: 0,0000493 seconds
2015-12-04T15:48:34.425-0500: 2477,146: Total time for which application threads were stopped: 0,0001029 seconds, Stopping threads took: 0,0000392 seconds
2015-12-04T15:49:53.900-0500: 2556,621: Total time for which application threads were stopped: 0,0001167 seconds, Stopping threads took: 0,0000339 seconds
2015-12-04T15:49:53.900-0500: 2556,622: Total time for which application threads were stopped: 0,0000468 seconds, Stopping threads took: 0,0000096 seconds
2015-12-04T15:49:53.953-0500: 2556,674: Total time for which application threads were stopped: 0,0000897 seconds, Stopping threads took: 0,0000251 seconds
2015-12-04T15:49:53.953-0500: 2556,674: Total time for which application threads were stopped: 0,0000558 seconds, Stopping threads took: 0,0000069 seconds
2015-12-04T15:49:54.953-0500: 2557,675: Total time for which application threads were stopped: 0,0000706 seconds, Stopping threads took: 0,0000188 seconds
2015-12-04T15:49:55.917-0500: 2558,638: Total time for which application threads were stopped: 0,0001905 seconds, Stopping threads took: 0,0000389 seconds
{Heap before GC invocations=8 (full 1):
 par new generation   total 109248K, used 103908K [0x00000000e0000000, 0x00000000e8000000, 0x00000000e8000000)
  eden space 87424K, 100% used [0x00000000e0000000, 0x00000000e5560000, 0x00000000e5560000)
  from space 21824K,  75% used [0x00000000e5560000, 0x00000000e65790c0, 0x00000000e6ab0000)
  to   space 21824K,   0% used [0x00000000e6ab0000, 0x00000000e6ab0000, 0x00000000e8000000)
 concurrent mark-sweep generation total 393216K, used 0K [0x00000000e8000000, 0x0000000100000000, 0x0000000100000000)
 Metaspace       used 31070K, capacity 31578K, committed 31944K, reserved 1077248K
  class space    used 3551K, capacity 3737K, committed 3784K, reserved 1048576K
2015-12-04T15:49:55.919-0500: 2558,640: [GC (Allocation Failure) 2015-12-04T15:49:55.919-0500: 2558,640: [ParNew
Desired survivor size 20112992 bytes, new threshold 8 (max 8)
- age   1:    2790568 bytes,    2790568 total
- age   2:     128448 bytes,    2919016 total
- age   3:    1164680 bytes,    4083696 total
- age   4:    4448520 bytes,    8532216 total
- age   5:       1768 bytes,    8533984 total
- age   6:     156976 bytes,    8690960 total
- age   7:     257128 bytes,    8948088 total
- age   8:    3441808 bytes,   12389896 total
: 103908K->15065K(109248K), 0,0371516 secs] 103908K->17368K(502464K), 0,0372821 secs] [Times: user=0,12 sys=0,00, real=0,04 secs] 
Heap after GC invocations=9 (full 1):
 par new generation   total 109248K, used 15065K [0x00000000e0000000, 0x00000000e8000000, 0x00000000e8000000)
  eden space 87424K,   0% used [0x00000000e0000000, 0x00000000e0000000, 0x00000000e5560000)
  from space 21824K,  69% used [0x00000000e6ab0000, 0x00000000e7966578, 0x00000000e8000000)
  to   space 21824K,   0% used [0x00000000e5560000, 0x00000000e5560000, 0x00000000e6ab0000)
 concurrent mark-sweep generation total 393216K, used 2303K [0x00000000e8000000, 0x0000000100000000, 0x0000000100000000)
 Metaspace       used 31070K, capacity 31578K, committed 31944K, reserved 1077248K
  class space    used 3551K, capacity 3737K, committed 3784K, reserved 1048576K
}
2015-12-04T15:49:55.956-0500: 2558,678: Total time for which application threads were stopped: 0,0375784 seconds, Stopping threads took: 0,0000291 seconds
2015-12-04T15:49:55.957-0500: 2558,678: Total time for which application threads were stopped: 0,0001770 seconds, Stopping threads took: 0,0000611 seconds
2015-12-04T15:49:55.973-0500: 2558,695: Total time for which application threads were stopped: 0,0001701 seconds, Stopping threads took: 0,0000381 seconds
{Heap before GC invocations=9 (full 1):
 par new generation   total 109248K, used 102489K [0x00000000e0000000, 0x00000000e8000000, 0x00000000e8000000)
  eden space 87424K, 100% used [0x00000000e0000000, 0x00000000e5560000, 0x00000000e5560000)
  from space 21824K,  69% used [0x00000000e6ab0000, 0x00000000e7966578, 0x00000000e8000000)
  to   space 21824K,   0% used [0x00000000e5560000, 0x00000000e5560000, 0x00000000e6ab0000)
 concurrent mark-sweep generation total 393216K, used 2303K [0x00000000e8000000, 0x0000000100000000, 0x0000000100000000)
 Metaspace       used 31086K, capacity 31578K, committed 31944K, reserved 1077248K
  class space    used 3551K, capacity 3737K, committed 3784K, reserved 1048576K
2015-12-04T15:49:56.078-0500: 2558,800: [GC (Allocation Failure) 2015-12-04T15:49:56.078-0500: 2558,800: [ParNew
Desired survivor size 20112992 bytes, new threshold 8 (max 8)
- age   1:    1819648 bytes,    1819648 total
- age   2:    2591256 bytes,    4410904 total
- age   3:     128136 bytes,    4539040 total
- age   4:    1130688 bytes,    5669728 total
- age   5:    4448408 bytes,   10118136 total
- age   6:       1768 bytes,   10119904 total
- age   7:     152248 bytes,   10272152 total
- age   8:     256176 bytes,   10528328 total
: 102489K->16122K(109248K), 0,0188045 secs] 104792K->21972K(502464K), 0,0188727 secs] [Times: user=0,03 sys=0,01, real=0,02 secs] 
Heap after GC invocations=10 (full 1):
 par new generation   total 109248K, used 16122K [0x00000000e0000000, 0x00000000e8000000, 0x00000000e8000000)
  eden space 87424K,   0% used [0x00000000e0000000, 0x00000000e0000000, 0x00000000e5560000)
  from space 21824K,  73% used [0x00000000e5560000, 0x00000000e651eb90, 0x00000000e6ab0000)
  to   space 21824K,   0% used [0x00000000e6ab0000, 0x00000000e6ab0000, 0x00000000e8000000)
 concurrent mark-sweep generation total 393216K, used 5850K [0x00000000e8000000, 0x0000000100000000, 0x0000000100000000)
 Metaspace       used 31086K, capacity 31578K, committed 31944K, reserved 1077248K
  class space    used 3551K, capacity 3737K, committed 3784K, reserved 1048576K
}
2015-12-04T15:49:56.097-0500: 2558,819: Total time for which application threads were stopped: 0,0190843 seconds, Stopping threads took: 0,0000364 seconds
2015-12-04T15:49:56.098-0500: 2558,819: Total time for which application threads were stopped: 0,0003538 seconds, Stopping threads took: 0,0002722 seconds
2015-12-04T15:49:56.098-0500: 2558,819: Total time for which application threads were stopped: 0,0000503 seconds, Stopping threads took: 0,0000090 seconds
{Heap before GC invocations=10 (full 1):
 par new generation   total 109248K, used 103546K [0x00000000e0000000, 0x00000000e8000000, 0x00000000e8000000)
  eden space 87424K, 100% used [0x00000000e0000000, 0x00000000e5560000, 0x00000000e5560000)
  from space 21824K,  73% used [0x00000000e5560000, 0x00000000e651eb90, 0x00000000e6ab0000)
  to   space 21824K,   0% used [0x00000000e6ab0000, 0x00000000e6ab0000, 0x00000000e8000000)
 concurrent mark-sweep generation total 393216K, used 5850K [0x00000000e8000000, 0x0000000100000000, 0x0000000100000000)
 Metaspace       used 31097K, capacity 31578K, committed 31944K, reserved 1077248K
  class space    used 3551K, capacity 3737K, committed 3784K, reserved 1048576K
2015-12-04T15:49:56.160-0500: 2558,881: [GC (Allocation Failure) 2015-12-04T15:49:56.160-0500: 2558,881: [ParNew
Desired survivor size 20112992 bytes, new threshold 8 (max 8)
- age   1:     565040 bytes,     565040 total
- age   2:    1569928 bytes,    2134968 total
- age   3:    2587880 bytes,    4722848 total
- age   4:     128136 bytes,    4850984 total
- age   5:    1130688 bytes,    5981672 total
- age   6:    4448408 bytes,   10430080 total
- age   7:       1768 bytes,   10431848 total
- age   8:     151768 bytes,   10583616 total
: 103546K->13143K(109248K), 0,0112498 secs] 109396K->19249K(502464K), 0,0113208 secs] [Times: user=0,04 sys=0,00, real=0,01 secs] 
Heap after GC invocations=11 (full 1):
 par new generation   total 109248K, used 13143K [0x00000000e0000000, 0x00000000e8000000, 0x00000000e8000000)
  eden space 87424K,   0% used [0x00000000e0000000, 0x00000000e0000000, 0x00000000e5560000)
  from space 21824K,  60% used [0x00000000e6ab0000, 0x00000000e7785f50, 0x00000000e8000000)
  to   space 21824K,   0% used [0x00000000e5560000, 0x00000000e5560000, 0x00000000e6ab0000)
 concurrent mark-sweep generation total 393216K, used 6105K [0x00000000e8000000, 0x0000000100000000, 0x0000000100000000)
 Metaspace       used 31097K, capacity 31578K, committed 31944K, reserved 1077248K
  class space    used 3551K, capacity 3737K, committed 3784K, reserved 1048576K
}
2015-12-04T15:49:56.171-0500: 2558,893: Total time for which application threads were stopped: 0,0115046 seconds, Stopping threads took: 0,0000289 seconds
2015-12-04T15:49:56.171-0500: 2558,893: Total time for which application threads were stopped: 0,0001447 seconds, Stopping threads took: 0,0000406 seconds
2015-12-04T15:49:56.171-0500: 2558,893: Total time for which application threads were stopped: 0,0000650 seconds, Stopping threads took: 0,0000197 seconds
2015-12-04T15:49:56.189-0500: 2558,911: Total time for which application threads were stopped: 0,0001481 seconds, Stopping threads took: 0,0000264 seconds
2015-12-04T15:49:56.190-0500: 2558,911: Total time for which application threads were stopped: 0,0000799 seconds, Stopping threads took: 0,0000218 seconds
2015-12-04T15:49:57.190-0500: 2559,911: Total time for which application threads were stopped: 0,0000751 seconds, Stopping threads took: 0,0000191 seconds
{Heap before GC invocations=11 (full 1):
 par new generation   total 109248K, used 100567K [0x00000000e0000000, 0x00000000e8000000, 0x00000000e8000000)
  eden space 87424K, 100% used [0x00000000e0000000, 0x00000000e5560000, 0x00000000e5560000)
  from space 21824K,  60% used [0x00000000e6ab0000, 0x00000000e7785f50, 0x00000000e8000000)
  to   space 21824K,   0% used [0x00000000e5560000, 0x00000000e5560000, 0x00000000e6ab0000)
 concurrent mark-sweep generation total 393216K, used 6105K [0x00000000e8000000, 0x0000000100000000, 0x0000000100000000)
 Metaspace       used 31197K, capacity 31748K, committed 31944K, reserved 1077248K
  class space    used 3559K, capacity 3744K, committed 3784K, reserved 1048576K
2015-12-04T15:50:26.455-0500: 2589,177: [GC (Allocation Failure) 2015-12-04T15:50:26.455-0500: 2589,177: [ParNew
Desired survivor size 20112992 bytes, new threshold 8 (max 8)
- age   1:    2007400 bytes,    2007400 total
- age   2:      21096 bytes,    2028496 total
- age   3:     228904 bytes,    2257400 total
- age   4:    2580192 bytes,    4837592 total
- age   5:     128136 bytes,    4965728 total
- age   6:    1130688 bytes,    6096416 total
- age   7:    4448264 bytes,   10544680 total
- age   8:       1768 bytes,   10546448 total
: 100567K->15865K(109248K), 0,0150202 secs] 106673K->22123K(502464K), 0,0150884 secs] [Times: user=0,05 sys=0,00, real=0,01 secs] 
Heap after GC invocations=12 (full 1):
 par new generation   total 109248K, used 15865K [0x00000000e0000000, 0x00000000e8000000, 0x00000000e8000000)
  eden space 87424K,   0% used [0x00000000e0000000, 0x00000000e0000000, 0x00000000e5560000)
  from space 21824K,  72% used [0x00000000e5560000, 0x00000000e64de6a8, 0x00000000e6ab0000)
  to   space 21824K,   0% used [0x00000000e6ab0000, 0x00000000e6ab0000, 0x00000000e8000000)
 concurrent mark-sweep generation total 393216K, used 6257K [0x00000000e8000000, 0x0000000100000000, 0x0000000100000000)
 Metaspace       used 31197K, capacity 31748K, committed 31944K, reserved 1077248K
  class space    used 3559K, capacity 3744K, committed 3784K, reserved 1048576K
}
2015-12-04T15:50:26.470-0500: 2589,192: Total time for which application threads were stopped: 0,0152843 seconds, Stopping threads took: 0,0000351 seconds
2015-12-04T15:50:26.471-0500: 2589,192: Total time for which application threads were stopped: 0,0006733 seconds, Stopping threads took: 0,0005707 seconds
2015-12-04T15:50:26.471-0500: 2589,193: Total time for which application threads were stopped: 0,0000884 seconds, Stopping threads took: 0,0000162 seconds
{Heap before GC invocations=12 (full 1):
 par new generation   total 109248K, used 103289K [0x00000000e0000000, 0x00000000e8000000, 0x00000000e8000000)
  eden space 87424K, 100% used [0x00000000e0000000, 0x00000000e5560000, 0x00000000e5560000)
  from space 21824K,  72% used [0x00000000e5560000, 0x00000000e64de6a8, 0x00000000e6ab0000)
  to   space 21824K,   0% used [0x00000000e6ab0000, 0x00000000e6ab0000, 0x00000000e8000000)
 concurrent mark-sweep generation total 393216K, used 6257K [0x00000000e8000000, 0x0000000100000000, 0x0000000100000000)
 Metaspace       used 31224K, capacity 31766K, committed 31944K, reserved 1077248K
  class space    used 3561K, capacity 3747K, committed 3784K, reserved 1048576K
2015-12-04T15:50:26.532-0500: 2589,253: [GC (Allocation Failure) 2015-12-04T15:50:26.532-0500: 2589,253: [ParNew
Desired survivor size 20112992 bytes, new threshold 8 (max 8)
- age   1:     603584 bytes,     603584 total
- age   2:    1631608 bytes,    2235192 total
- age   3:      20992 bytes,    2256184 total
- age   4:     228592 bytes,    2484776 total
- age   5:    2580192 bytes,    5064968 total
- age   6:     128136 bytes,    5193104 total
- age   7:    1130688 bytes,    6323792 total
- age   8:    4448264 bytes,   10772056 total
: 103289K->12359K(109248K), 0,0140650 secs] 109547K->18619K(502464K), 0,0141316 secs] [Times: user=0,05 sys=0,00, real=0,01 secs] 
Heap after GC invocations=13 (full 1):
 par new generation   total 109248K, used 12359K [0x00000000e0000000, 0x00000000e8000000, 0x00000000e8000000)
  eden space 87424K,   0% used [0x00000000e0000000, 0x00000000e0000000, 0x00000000e5560000)
  from space 21824K,  56% used [0x00000000e6ab0000, 0x00000000e76c1d80, 0x00000000e8000000)
  to   space 21824K,   0% used [0x00000000e5560000, 0x00000000e5560000, 0x00000000e6ab0000)
 concurrent mark-sweep generation total 393216K, used 6259K [0x00000000e8000000, 0x0000000100000000, 0x0000000100000000)
 Metaspace       used 31224K, capacity 31766K, committed 31944K, reserved 1077248K
  class space    used 3561K, capacity 3747K, committed 3784K, reserved 1048576K
}
2015-12-04T15:50:26.546-0500: 2589,268: Total time for which application threads were stopped: 0,0143187 seconds, Stopping threads took: 0,0000266 seconds
2015-12-04T15:50:26.546-0500: 2589,268: Total time for which application threads were stopped: 0,0001461 seconds, Stopping threads took: 0,0000478 seconds
2015-12-04T15:50:27.547-0500: 2590,268: Total time for which application threads were stopped: 0,0001431 seconds, Stopping threads took: 0,0000329 seconds
2015-12-04T15:50:44.994-0500: 2607,716: Total time for which application threads were stopped: 0,0000959 seconds, Stopping threads took: 0,0000266 seconds
2015-12-04T15:50:44.995-0500: 2607,716: Total time for which application threads were stopped: 0,0000659 seconds, Stopping threads took: 0,0000131 seconds
2015-12-04T15:50:44.996-0500: 2607,718: Total time for which application threads were stopped: 0,0000857 seconds, Stopping threads took: 0,0000345 seconds
2015-12-04T15:50:44.997-0500: 2607,718: Total time for which application threads were stopped: 0,0000519 seconds, Stopping threads took: 0,0000109 seconds
2015-12-04T15:50:45.002-0500: 2607,723: Total time for which application threads were stopped: 0,0001007 seconds, Stopping threads took: 0,0000263 seconds
2015-12-04T15:50:45.002-0500: 2607,724: Total time for which application threads were stopped: 0,0000611 seconds, Stopping threads took: 0,0000131 seconds
2015-12-04T15:50:45.004-0500: 2607,726: Total time for which application threads were stopped: 0,0000767 seconds, Stopping threads took: 0,0000234 seconds
2015-12-04T15:50:45.005-0500: 2607,726: Total time for which application threads were stopped: 0,0001560 seconds, Stopping threads took: 0,0001113 seconds
2015-12-04T15:50:45.011-0500: 2607,733: Total time for which application threads were stopped: 0,0004559 seconds, Stopping threads took: 0,0003579 seconds
2015-12-04T15:50:45.376-0500: 2608,097: Total time for which application threads were stopped: 0,0001205 seconds, Stopping threads took: 0,0000213 seconds
2015-12-04T15:50:45.376-0500: 2608,097: Total time for which application threads were stopped: 0,0000695 seconds, Stopping threads took: 0,0000134 seconds
2015-12-04T15:50:45.378-0500: 2608,100: Total time for which application threads were stopped: 0,0000975 seconds, Stopping threads took: 0,0000171 seconds
2015-12-04T15:50:45.379-0500: 2608,100: Total time for which application threads were stopped: 0,0000313 seconds, Stopping threads took: 0,0000048 seconds
2015-12-04T15:50:46.379-0500: 2609,100: Total time for which application threads were stopped: 0,0000853 seconds, Stopping threads took: 0,0000208 seconds
{Heap before GC invocations=13 (full 1):
 par new generation   total 109248K, used 99779K [0x00000000e0000000, 0x00000000e8000000, 0x00000000e8000000)
  eden space 87424K,  99% used [0x00000000e0000000, 0x00000000e555eeb8, 0x00000000e5560000)
  from space 21824K,  56% used [0x00000000e6ab0000, 0x00000000e76c1d80, 0x00000000e8000000)
  to   space 21824K,   0% used [0x00000000e5560000, 0x00000000e5560000, 0x00000000e6ab0000)
 concurrent mark-sweep generation total 393216K, used 6259K [0x00000000e8000000, 0x0000000100000000, 0x0000000100000000)
 Metaspace       used 31302K, capacity 31766K, committed 31944K, reserved 1077248K
  class space    used 3561K, capacity 3747K, committed 3784K, reserved 1048576K
2015-12-04T15:50:46.857-0500: 2609,578: [GC (Allocation Failure) 2015-12-04T15:50:46.857-0500: 2609,578: [ParNew
Desired survivor size 20112992 bytes, new threshold 8 (max 8)
- age   1:    2128584 bytes,    2128584 total
- age   2:       3976 bytes,    2132560 total
- age   3:     299760 bytes,    2432320 total
- age   4:      20992 bytes,    2453312 total
- age   5:     228592 bytes,    2681904 total
- age   6:    2577280 bytes,    5259184 total
- age   7:     128136 bytes,    5387320 total
- age   8:    1111160 bytes,    6498480 total
: 99779K->13362K(109248K), 0,0178203 secs] 106038K->24352K(502464K), 0,0179081 secs] [Times: user=0,06 sys=0,00, real=0,02 secs] 
Heap after GC invocations=14 (full 1):
 par new generation   total 109248K, used 13362K [0x00000000e0000000, 0x00000000e8000000, 0x00000000e8000000)
  eden space 87424K,   0% used [0x00000000e0000000, 0x00000000e0000000, 0x00000000e5560000)
  from space 21824K,  61% used [0x00000000e5560000, 0x00000000e626c830, 0x00000000e6ab0000)
  to   space 21824K,   0% used [0x00000000e6ab0000, 0x00000000e6ab0000, 0x00000000e8000000)
 concurrent mark-sweep generation total 393216K, used 10990K [0x00000000e8000000, 0x0000000100000000, 0x0000000100000000)
 Metaspace       used 31302K, capacity 31766K, committed 31944K, reserved 1077248K
  class space    used 3561K, capacity 3747K, committed 3784K, reserved 1048576K
}
2015-12-04T15:50:46.875-0500: 2609,596: Total time for which application threads were stopped: 0,0181483 seconds, Stopping threads took: 0,0000354 seconds
2015-12-04T15:50:46.879-0500: 2609,601: Total time for which application threads were stopped: 0,0001268 seconds, Stopping threads took: 0,0000276 seconds
2015-12-04T15:50:46.879-0500: 2609,601: Total time for which application threads were stopped: 0,0001066 seconds, Stopping threads took: 0,0000391 seconds
{Heap before GC invocations=14 (full 1):
 par new generation   total 109248K, used 100786K [0x00000000e0000000, 0x00000000e8000000, 0x00000000e8000000)
  eden space 87424K, 100% used [0x00000000e0000000, 0x00000000e5560000, 0x00000000e5560000)
  from space 21824K,  61% used [0x00000000e5560000, 0x00000000e626c830, 0x00000000e6ab0000)
  to   space 21824K,   0% used [0x00000000e6ab0000, 0x00000000e6ab0000, 0x00000000e8000000)
 concurrent mark-sweep generation total 393216K, used 10990K [0x00000000e8000000, 0x0000000100000000, 0x0000000100000000)
 Metaspace       used 31306K, capacity 31772K, committed 31944K, reserved 1077248K
  class space    used 3561K, capacity 3748K, committed 3784K, reserved 1048576K
2015-12-04T15:50:46.940-0500: 2609,661: [GC (Allocation Failure) 2015-12-04T15:50:46.940-0500: 2609,661: [ParNew
Desired survivor size 20112992 bytes, new threshold 8 (max 8)
- age   1:     156184 bytes,     156184 total
- age   2:    1689496 bytes,    1845680 total
- age   3:       3976 bytes,    1849656 total
- age   4:     299448 bytes,    2149104 total
- age   5:      20992 bytes,    2170096 total
- age   6:     228592 bytes,    2398688 total
- age   7:    2577280 bytes,    4975968 total
- age   8:     128136 bytes,    5104104 total
: 100786K->6833K(109248K), 0,0088140 secs] 111776K->18916K(502464K), 0,0088884 secs] [Times: user=0,03 sys=0,00, real=0,00 secs] 
Heap after GC invocations=15 (full 1):
 par new generation   total 109248K, used 6833K [0x00000000e0000000, 0x00000000e8000000, 0x00000000e8000000)
  eden space 87424K,   0% used [0x00000000e0000000, 0x00000000e0000000, 0x00000000e5560000)
  from space 21824K,  31% used [0x00000000e6ab0000, 0x00000000e715c740, 0x00000000e8000000)
  to   space 21824K,   0% used [0x00000000e5560000, 0x00000000e5560000, 0x00000000e6ab0000)
 concurrent mark-sweep generation total 393216K, used 12083K [0x00000000e8000000, 0x0000000100000000, 0x0000000100000000)
 Metaspace       used 31306K, capacity 31772K, committed 31944K, reserved 1077248K
  class space    used 3561K, capacity 3748K, committed 3784K, reserved 1048576K
}
2015-12-04T15:50:46.949-0500: 2609,670: Total time for which application threads were stopped: 0,0090665 seconds, Stopping threads took: 0,0000296 seconds
2015-12-04T15:50:46.949-0500: 2609,671: Total time for which application threads were stopped: 0,0001422 seconds, Stopping threads took: 0,0000396 seconds
2015-12-04T15:50:46.949-0500: 2609,671: Total time for which application threads were stopped: 0,0001226 seconds, Stopping threads took: 0,0000467 seconds
2015-12-04T15:50:47.001-0500: 2609,722: Total time for which application threads were stopped: 0,0001423 seconds, Stopping threads took: 0,0000290 seconds
2015-12-04T15:50:47.021-0500: 2609,742: Total time for which application threads were stopped: 0,0011478 seconds, Stopping threads took: 0,0010466 seconds
2015-12-04T15:50:47.021-0500: 2609,743: Total time for which application threads were stopped: 0,0000707 seconds, Stopping threads took: 0,0000240 seconds
2015-12-04T15:50:47.022-0500: 2609,743: Total time for which application threads were stopped: 0,0000576 seconds, Stopping threads took: 0,0000205 seconds
2015-12-04T15:50:47.022-0500: 2609,743: Total time for which application threads were stopped: 0,0000513 seconds, Stopping threads took: 0,0000200 seconds
2015-12-04T15:50:47.022-0500: 2609,744: Total time for which application threads were stopped: 0,0000509 seconds, Stopping threads took: 0,0000198 seconds
2015-12-04T15:50:47.022-0500: 2609,744: Total time for which application threads were stopped: 0,0000442 seconds, Stopping threads took: 0,0000096 seconds
2015-12-04T15:50:47.022-0500: 2609,744: Total time for which application threads were stopped: 0,0000415 seconds, Stopping threads took: 0,0000172 seconds
2015-12-04T15:50:47.026-0500: 2609,748: Total time for which application threads were stopped: 0,0001883 seconds, Stopping threads took: 0,0001023 seconds
2015-12-04T15:50:48.026-0500: 2610,748: Total time for which application threads were stopped: 0,0000853 seconds, Stopping threads took: 0,0000185 seconds
2015-12-04T15:51:01.028-0500: 2623,749: Total time for which application threads were stopped: 0,0000661 seconds, Stopping threads took: 0,0000178 seconds
2015-12-04T15:51:35.031-0500: 2657,753: Total time for which application threads were stopped: 0,0001740 seconds, Stopping threads took: 0,0000660 seconds
2015-12-04T15:51:37.031-0500: 2659,753: Total time for which application threads were stopped: 0,0001612 seconds, Stopping threads took: 0,0000427 seconds
2015-12-04T15:51:40.032-0500: 2662,754: Total time for which application threads were stopped: 0,0001446 seconds, Stopping threads took: 0,0000381 seconds
2015-12-04T15:51:45.379-0500: 2668,100: Total time for which application threads were stopped: 0,0001413 seconds, Stopping threads took: 0,0000493 seconds
{Heap before GC invocations=15 (full 1):
 par new generation   total 109248K, used 94257K [0x00000000e0000000, 0x00000000e8000000, 0x00000000e8000000)
  eden space 87424K, 100% used [0x00000000e0000000, 0x00000000e5560000, 0x00000000e5560000)
  from space 21824K,  31% used [0x00000000e6ab0000, 0x00000000e715c740, 0x00000000e8000000)
  to   space 21824K,   0% used [0x00000000e5560000, 0x00000000e5560000, 0x00000000e6ab0000)
 concurrent mark-sweep generation total 393216K, used 12083K [0x00000000e8000000, 0x0000000100000000, 0x0000000100000000)
 Metaspace       used 31404K, capacity 31924K, committed 32200K, reserved 1077248K
  class space    used 3566K, capacity 3753K, committed 3784K, reserved 1048576K
2015-12-04T15:52:01.133-0500: 2683,855: [GC (Allocation Failure) 2015-12-04T15:52:01.133-0500: 2683,855: [ParNew
Desired survivor size 20112992 bytes, new threshold 8 (max 8)
- age   1:    2573080 bytes,    2573080 total
- age   2:      87552 bytes,    2660632 total
- age   3:     911192 bytes,    3571824 total
- age   4:       3976 bytes,    3575800 total
- age   5:     296656 bytes,    3872456 total
- age   6:      20992 bytes,    3893448 total
- age   7:     228568 bytes,    4122016 total
- age   8:    2572664 bytes,    6694680 total
: 94257K->8426K(109248K), 0,0121603 secs] 106340K->20636K(502464K), 0,0122096 secs] [Times: user=0,05 sys=0,00, real=0,01 secs] 
Heap after GC invocations=16 (full 1):
 par new generation   total 109248K, used 8426K [0x00000000e0000000, 0x00000000e8000000, 0x00000000e8000000)
  eden space 87424K,   0% used [0x00000000e0000000, 0x00000000e0000000, 0x00000000e5560000)
  from space 21824K,  38% used [0x00000000e5560000, 0x00000000e5d9a8f0, 0x00000000e6ab0000)
  to   space 21824K,   0% used [0x00000000e6ab0000, 0x00000000e6ab0000, 0x00000000e8000000)
 concurrent mark-sweep generation total 393216K, used 12210K [0x00000000e8000000, 0x0000000100000000, 0x0000000100000000)
 Metaspace       used 31404K, capacity 31924K, committed 32200K, reserved 1077248K
  class space    used 3566K, capacity 3753K, committed 3784K, reserved 1048576K
}
2015-12-04T15:52:01.145-0500: 2683,867: Total time for which application threads were stopped: 0,0124143 seconds, Stopping threads took: 0,0000287 seconds
2015-12-04T15:52:01.147-0500: 2683,868: Total time for which application threads were stopped: 0,0001537 seconds, Stopping threads took: 0,0000790 seconds
2015-12-04T15:52:01.147-0500: 2683,869: Total time for which application threads were stopped: 0,0000843 seconds, Stopping threads took: 0,0000338 seconds
2015-12-04T15:52:01.147-0500: 2683,869: Total time for which application threads were stopped: 0,0000725 seconds, Stopping threads took: 0,0000235 seconds
{Heap before GC invocations=16 (full 1):
 par new generation   total 109248K, used 95850K [0x00000000e0000000, 0x00000000e8000000, 0x00000000e8000000)
  eden space 87424K, 100% used [0x00000000e0000000, 0x00000000e5560000, 0x00000000e5560000)
  from space 21824K,  38% used [0x00000000e5560000, 0x00000000e5d9a8f0, 0x00000000e6ab0000)
  to   space 21824K,   0% used [0x00000000e6ab0000, 0x00000000e6ab0000, 0x00000000e8000000)
 concurrent mark-sweep generation total 393216K, used 12210K [0x00000000e8000000, 0x0000000100000000, 0x0000000100000000)
 Metaspace       used 31409K, capacity 31924K, committed 32200K, reserved 1077248K
  class space    used 3566K, capacity 3753K, committed 3784K, reserved 1048576K
2015-12-04T15:52:01.191-0500: 2683,913: [GC (Allocation Failure) 2015-12-04T15:52:01.191-0500: 2683,913: [ParNew
Desired survivor size 20112992 bytes, new threshold 8 (max 8)
- age   1:     247072 bytes,     247072 total
- age   2:    2195888 bytes,    2442960 total
- age   3:      87552 bytes,    2530512 total
- age   4:     910880 bytes,    3441392 total
- age   5:       3976 bytes,    3445368 total
- age   6:     296656 bytes,    3742024 total
- age   7:      20992 bytes,    3763016 total
- age   8:     228568 bytes,    3991584 total
: 95850K->4554K(109248K), 0,0094603 secs] 108060K->19461K(502464K), 0,0095350 secs] [Times: user=0,02 sys=0,00, real=0,02 secs] 
Heap after GC invocations=17 (full 1):
 par new generation   total 109248K, used 4554K [0x00000000e0000000, 0x00000000e8000000, 0x00000000e8000000)
  eden space 87424K,   0% used [0x00000000e0000000, 0x00000000e0000000, 0x00000000e5560000)
  from space 21824K,  20% used [0x00000000e6ab0000, 0x00000000e6f22b30, 0x00000000e8000000)
  to   space 21824K,   0% used [0x00000000e5560000, 0x00000000e5560000, 0x00000000e6ab0000)
 concurrent mark-sweep generation total 393216K, used 14907K [0x00000000e8000000, 0x0000000100000000, 0x0000000100000000)
 Metaspace       used 31409K, capacity 31924K, committed 32200K, reserved 1077248K
  class space    used 3566K, capacity 3753K, committed 3784K, reserved 1048576K
}
2015-12-04T15:52:01.201-0500: 2683,923: Total time for which application threads were stopped: 0,0097486 seconds, Stopping threads took: 0,0000613 seconds
2015-12-04T15:52:01.203-0500: 2683,924: Total time for which application threads were stopped: 0,0001220 seconds, Stopping threads took: 0,0000403 seconds
2015-12-04T15:52:01.265-0500: 2683,987: Total time for which application threads were stopped: 0,0001226 seconds, Stopping threads took: 0,0000247 seconds
2015-12-04T15:52:01.266-0500: 2683,988: Total time for which application threads were stopped: 0,0000744 seconds, Stopping threads took: 0,0000147 seconds
2015-12-04T15:52:01.274-0500: 2683,996: Total time for which application threads were stopped: 0,0001382 seconds, Stopping threads took: 0,0000289 seconds
2015-12-04T15:52:01.279-0500: 2684,001: Total time for which application threads were stopped: 0,0001779 seconds, Stopping threads took: 0,0000311 seconds
{Heap before GC invocations=17 (full 1):
 par new generation   total 109248K, used 91978K [0x00000000e0000000, 0x00000000e8000000, 0x00000000e8000000)
  eden space 87424K,  99% used [0x00000000e0000000, 0x00000000e555ff60, 0x00000000e5560000)
  from space 21824K,  20% used [0x00000000e6ab0000, 0x00000000e6f22b30, 0x00000000e8000000)
  to   space 21824K,   0% used [0x00000000e5560000, 0x00000000e5560000, 0x00000000e6ab0000)
 concurrent mark-sweep generation total 393216K, used 14907K [0x00000000e8000000, 0x0000000100000000, 0x0000000100000000)
 Metaspace       used 31615K, capacity 32280K, committed 32584K, reserved 1077248K
  class space    used 3588K, capacity 3792K, committed 3912K, reserved 1048576K
2015-12-04T15:52:02.030-0500: 2684,752: [GC (Allocation Failure) 2015-12-04T15:52:02.030-0500: 2684,752: [ParNew
Desired survivor size 20112992 bytes, new threshold 8 (max 8)
- age   1:    1714968 bytes,    1714968 total
- age   2:      70168 bytes,    1785136 total
- age   3:    1458664 bytes,    3243800 total
- age   4:      87552 bytes,    3331352 total
- age   5:     910064 bytes,    4241416 total
- age   6:       3976 bytes,    4245392 total
- age   7:     296656 bytes,    4542048 total
- age   8:      20888 bytes,    4562936 total
: 91978K->6444K(109248K), 0,0069888 secs] 106885K->21577K(502464K), 0,0070497 secs] [Times: user=0,02 sys=0,00, real=0,01 secs] 
Heap after GC invocations=18 (full 1):
 par new generation   total 109248K, used 6444K [0x00000000e0000000, 0x00000000e8000000, 0x00000000e8000000)
  eden space 87424K,   0% used [0x00000000e0000000, 0x00000000e0000000, 0x00000000e5560000)
  from space 21824K,  29% used [0x00000000e5560000, 0x00000000e5bab2d0, 0x00000000e6ab0000)
  to   space 21824K,   0% used [0x00000000e6ab0000, 0x00000000e6ab0000, 0x00000000e8000000)
 concurrent mark-sweep generation total 393216K, used 15133K [0x00000000e8000000, 0x0000000100000000, 0x0000000100000000)
 Metaspace       used 31615K, capacity 32280K, committed 32584K, reserved 1077248K
  class space    used 3588K, capacity 3792K, committed 3912K, reserved 1048576K
}
2015-12-04T15:52:02.037-0500: 2684,759: Total time for which application threads were stopped: 0,0071962 seconds, Stopping threads took: 0,0000185 seconds
2015-12-04T15:52:02.038-0500: 2684,759: Total time for which application threads were stopped: 0,0001456 seconds, Stopping threads took: 0,0000456 seconds
2015-12-04T15:52:02.038-0500: 2684,759: Total time for which application threads were stopped: 0,0000747 seconds, Stopping threads took: 0,0000263 seconds
2015-12-04T15:52:02.038-0500: 2684,760: Total time for which application threads were stopped: 0,0001722 seconds, Stopping threads took: 0,0000212 seconds
{Heap before GC invocations=18 (full 1):
 par new generation   total 109248K, used 93868K [0x00000000e0000000, 0x00000000e8000000, 0x00000000e8000000)
  eden space 87424K, 100% used [0x00000000e0000000, 0x00000000e5560000, 0x00000000e5560000)
  from space 21824K,  29% used [0x00000000e5560000, 0x00000000e5bab2d0, 0x00000000e6ab0000)
  to   space 21824K,   0% used [0x00000000e6ab0000, 0x00000000e6ab0000, 0x00000000e8000000)
 concurrent mark-sweep generation total 393216K, used 15133K [0x00000000e8000000, 0x0000000100000000, 0x0000000100000000)
 Metaspace       used 31620K, capacity 32280K, committed 32584K, reserved 1077248K
  class space    used 3588K, capacity 3792K, committed 3912K, reserved 1048576K
2015-12-04T15:52:02.084-0500: 2684,805: [GC (Allocation Failure) 2015-12-04T15:52:02.084-0500: 2684,805: [ParNew
Desired survivor size 20112992 bytes, new threshold 8 (max 8)
- age   1:     867400 bytes,     867400 total
- age   2:    1405176 bytes,    2272576 total
- age   3:      70168 bytes,    2342744 total
- age   4:     899328 bytes,    3242072 total
- age   5:       2064 bytes,    3244136 total
- age   6:     332256 bytes,    3576392 total
- age   7:       3976 bytes,    3580368 total
- age   8:     296656 bytes,    3877024 total
: 93868K->5183K(109248K), 0,0053984 secs] 109001K->20337K(502464K), 0,0054600 secs] [Times: user=0,02 sys=0,00, real=0,00 secs] 
Heap after GC invocations=19 (full 1):
 par new generation   total 109248K, used 5183K [0x00000000e0000000, 0x00000000e8000000, 0x00000000e8000000)
  eden space 87424K,   0% used [0x00000000e0000000, 0x00000000e0000000, 0x00000000e5560000)
  from space 21824K,  23% used [0x00000000e6ab0000, 0x00000000e6fbfd40, 0x00000000e8000000)
  to   space 21824K,   0% used [0x00000000e5560000, 0x00000000e5560000, 0x00000000e6ab0000)
 concurrent mark-sweep generation total 393216K, used 15154K [0x00000000e8000000, 0x0000000100000000, 0x0000000100000000)
 Metaspace       used 31620K, capacity 32280K, committed 32584K, reserved 1077248K
  class space    used 3588K, capacity 3792K, committed 3912K, reserved 1048576K
}
2015-12-04T15:52:02.089-0500: 2684,811: Total time for which application threads were stopped: 0,0056365 seconds, Stopping threads took: 0,0000268 seconds
2015-12-04T15:52:02.091-0500: 2684,813: Total time for which application threads were stopped: 0,0001621 seconds, Stopping threads took: 0,0000350 seconds
{Heap before GC invocations=19 (full 1):
 par new generation   total 109248K, used 92607K [0x00000000e0000000, 0x00000000e8000000, 0x00000000e8000000)
  eden space 87424K, 100% used [0x00000000e0000000, 0x00000000e5560000, 0x00000000e5560000)
  from space 21824K,  23% used [0x00000000e6ab0000, 0x00000000e6fbfd40, 0x00000000e8000000)
  to   space 21824K,   0% used [0x00000000e5560000, 0x00000000e5560000, 0x00000000e6ab0000)
 concurrent mark-sweep generation total 393216K, used 15154K [0x00000000e8000000, 0x0000000100000000, 0x0000000100000000)
 Metaspace       used 31639K, capacity 32280K, committed 32584K, reserved 1077248K
  class space    used 3588K, capacity 3792K, committed 3912K, reserved 1048576K
2015-12-04T15:52:02.163-0500: 2684,884: [GC (Allocation Failure) 2015-12-04T15:52:02.163-0500: 2684,884: [ParNew
Desired survivor size 20112992 bytes, new threshold 8 (max 8)
- age   1:     567568 bytes,     567568 total
- age   2:     143720 bytes,     711288 total
- age   3:    1395432 bytes,    2106720 total
- age   4:      70168 bytes,    2176888 total
- age   5:     899328 bytes,    3076216 total
- age   6:       2064 bytes,    3078280 total
- age   7:     332256 bytes,    3410536 total
- age   8:       3976 bytes,    3414512 total
: 92607K->4652K(109248K), 0,0061380 secs] 107761K->20099K(502464K), 0,0062160 secs] [Times: user=0,02 sys=0,00, real=0,00 secs] 
Heap after GC invocations=20 (full 1):
 par new generation   total 109248K, used 4652K [0x00000000e0000000, 0x00000000e8000000, 0x00000000e8000000)
  eden space 87424K,   0% used [0x00000000e0000000, 0x00000000e0000000, 0x00000000e5560000)
  from space 21824K,  21% used [0x00000000e5560000, 0x00000000e59eb178, 0x00000000e6ab0000)
  to   space 21824K,   0% used [0x00000000e6ab0000, 0x00000000e6ab0000, 0x00000000e8000000)
 concurrent mark-sweep generation total 393216K, used 15447K [0x00000000e8000000, 0x0000000100000000, 0x0000000100000000)
 Metaspace       used 31639K, capacity 32280K, committed 32584K, reserved 1077248K
  class space    used 3588K, capacity 3792K, committed 3912K, reserved 1048576K
}
2015-12-04T15:52:02.169-0500: 2684,891: Total time for which application threads were stopped: 0,0063959 seconds, Stopping threads took: 0,0000335 seconds
2015-12-04T15:52:02.174-0500: 2684,896: Total time for which application threads were stopped: 0,0001248 seconds, Stopping threads took: 0,0000317 seconds
2015-12-04T15:52:02.181-0500: 2684,903: Total time for which application threads were stopped: 0,0001423 seconds, Stopping threads took: 0,0000560 seconds
2015-12-04T15:52:03.182-0500: 2685,903: Total time for which application threads were stopped: 0,0000764 seconds, Stopping threads took: 0,0000197 seconds
2015-12-04T15:52:19.183-0500: 2701,905: Total time for which application threads were stopped: 0,0001933 seconds, Stopping threads took: 0,0000749 seconds
{Heap before GC invocations=20 (full 1):
 par new generation   total 109248K, used 92076K [0x00000000e0000000, 0x00000000e8000000, 0x00000000e8000000)
  eden space 87424K, 100% used [0x00000000e0000000, 0x00000000e5560000, 0x00000000e5560000)
  from space 21824K,  21% used [0x00000000e5560000, 0x00000000e59eb178, 0x00000000e6ab0000)
  to   space 21824K,   0% used [0x00000000e6ab0000, 0x00000000e6ab0000, 0x00000000e8000000)
 concurrent mark-sweep generation total 393216K, used 15447K [0x00000000e8000000, 0x0000000100000000, 0x0000000100000000)
 Metaspace       used 31691K, capacity 32362K, committed 32584K, reserved 1077248K
  class space    used 3591K, capacity 3796K, committed 3912K, reserved 1048576K
2015-12-04T15:52:35.322-0500: 2718,043: [GC (Allocation Failure) 2015-12-04T15:52:35.322-0500: 2718,044: [ParNew
Desired survivor size 20112992 bytes, new threshold 8 (max 8)
- age   1:    2282640 bytes,    2282640 total
- age   2:     351616 bytes,    2634256 total
- age   3:     142792 bytes,    2777048 total
- age   4:    1372392 bytes,    4149440 total
- age   5:      70168 bytes,    4219608 total
- age   6:     895056 bytes,    5114664 total
- age   7:       2064 bytes,    5116728 total
- age   8:     297536 bytes,    5414264 total
: 92076K->6185K(109248K), 0,0108970 secs] 107523K->21636K(502464K), 0,0110494 secs] [Times: user=0,03 sys=0,00, real=0,01 secs] 
Heap after GC invocations=21 (full 1):
 par new generation   total 109248K, used 6185K [0x00000000e0000000, 0x00000000e8000000, 0x00000000e8000000)
  eden space 87424K,   0% used [0x00000000e0000000, 0x00000000e0000000, 0x00000000e5560000)
  from space 21824K,  28% used [0x00000000e6ab0000, 0x00000000e70ba6d0, 0x00000000e8000000)
  to   space 21824K,   0% used [0x00000000e5560000, 0x00000000e5560000, 0x00000000e6ab0000)
 concurrent mark-sweep generation total 393216K, used 15451K [0x00000000e8000000, 0x0000000100000000, 0x0000000100000000)
 Metaspace       used 31691K, capacity 32362K, committed 32584K, reserved 1077248K
  class space    used 3591K, capacity 3796K, committed 3912K, reserved 1048576K
}
2015-12-04T15:52:35.333-0500: 2718,055: Total time for which application threads were stopped: 0,0113474 seconds, Stopping threads took: 0,0000360 seconds
2015-12-04T15:52:35.334-0500: 2718,055: Total time for which application threads were stopped: 0,0001408 seconds, Stopping threads took: 0,0000342 seconds
2015-12-04T15:52:35.334-0500: 2718,055: Total time for which application threads were stopped: 0,0000766 seconds, Stopping threads took: 0,0000201 seconds
2015-12-04T15:52:35.334-0500: 2718,055: Total time for which application threads were stopped: 0,0000544 seconds, Stopping threads took: 0,0000164 seconds
{Heap before GC invocations=21 (full 1):
 par new generation   total 109248K, used 93609K [0x00000000e0000000, 0x00000000e8000000, 0x00000000e8000000)
  eden space 87424K, 100% used [0x00000000e0000000, 0x00000000e5560000, 0x00000000e5560000)
  from space 21824K,  28% used [0x00000000e6ab0000, 0x00000000e70ba6d0, 0x00000000e8000000)
  to   space 21824K,   0% used [0x00000000e5560000, 0x00000000e5560000, 0x00000000e6ab0000)
 concurrent mark-sweep generation total 393216K, used 15451K [0x00000000e8000000, 0x0000000100000000, 0x0000000100000000)
 Metaspace       used 31697K, capacity 32368K, committed 32584K, reserved 1077248K
  class space    used 3592K, capacity 3797K, committed 3912K, reserved 1048576K
2015-12-04T15:52:35.386-0500: 2718,107: [GC (Allocation Failure) 2015-12-04T15:52:35.386-0500: 2718,107: [ParNew
Desired survivor size 20112992 bytes, new threshold 8 (max 8)
- age   1:      85752 bytes,      85752 total
- age   2:    1848144 bytes,    1933896 total
- age   3:     351288 bytes,    2285184 total
- age   4:     142480 bytes,    2427664 total
- age   5:     787728 bytes,    3215392 total
- age   6:       2176 bytes,    3217568 total
- age   7:     325504 bytes,    3543072 total
- age   8:       2064 bytes,    3545136 total
: 93609K->6611K(109248K), 0,0056834 secs] 109060K->22356K(502464K), 0,0057468 secs] [Times: user=0,02 sys=0,00, real=0,00 secs] 
Heap after GC invocations=22 (full 1):
 par new generation   total 109248K, used 6611K [0x00000000e0000000, 0x00000000e8000000, 0x00000000e8000000)
  eden space 87424K,   0% used [0x00000000e0000000, 0x00000000e0000000, 0x00000000e5560000)
  from space 21824K,  30% used [0x00000000e5560000, 0x00000000e5bd4c40, 0x00000000e6ab0000)
  to   space 21824K,   0% used [0x00000000e6ab0000, 0x00000000e6ab0000, 0x00000000e8000000)
 concurrent mark-sweep generation total 393216K, used 15745K [0x00000000e8000000, 0x0000000100000000, 0x0000000100000000)
 Metaspace       used 31697K, capacity 32368K, committed 32584K, reserved 1077248K
  class space    used 3592K, capacity 3797K, committed 3912K, reserved 1048576K
}
2015-12-04T15:52:35.391-0500: 2718,113: Total time for which application threads were stopped: 0,0059234 seconds, Stopping threads took: 0,0000212 seconds
2015-12-04T15:52:35.392-0500: 2718,113: Total time for which application threads were stopped: 0,0001253 seconds, Stopping threads took: 0,0000328 seconds
2015-12-04T15:52:35.392-0500: 2718,113: Total time for which application threads were stopped: 0,0000776 seconds, Stopping threads took: 0,0000337 seconds
2015-12-04T15:52:35.427-0500: 2718,149: Total time for which application threads were stopped: 0,0001604 seconds, Stopping threads took: 0,0000388 seconds
2015-12-04T15:52:35.435-0500: 2718,156: Total time for which application threads were stopped: 0,0001990 seconds, Stopping threads took: 0,0000874 seconds
{Heap before GC invocations=22 (full 1):
 par new generation   total 109248K, used 94035K [0x00000000e0000000, 0x00000000e8000000, 0x00000000e8000000)
  eden space 87424K, 100% used [0x00000000e0000000, 0x00000000e5560000, 0x00000000e5560000)
  from space 21824K,  30% used [0x00000000e5560000, 0x00000000e5bd4c40, 0x00000000e6ab0000)
  to   space 21824K,   0% used [0x00000000e6ab0000, 0x00000000e6ab0000, 0x00000000e8000000)
 concurrent mark-sweep generation total 393216K, used 15745K [0x00000000e8000000, 0x0000000100000000, 0x0000000100000000)
 Metaspace       used 31772K, capacity 32520K, committed 32840K, reserved 1079296K
  class space    used 3595K, capacity 3802K, committed 3912K, reserved 1048576K
2015-12-04T15:52:35.984-0500: 2718,705: [GC (Allocation Failure) 2015-12-04T15:52:35.984-0500: 2718,705: [ParNew
Desired survivor size 20112992 bytes, new threshold 8 (max 8)
- age   1:    2437568 bytes,    2437568 total
- age   2:      82616 bytes,    2520184 total
- age   3:    1101856 bytes,    3622040 total
- age   4:     351288 bytes,    3973328 total
- age   5:     142480 bytes,    4115808 total
- age   6:     786992 bytes,    4902800 total
- age   7:       2176 bytes,    4904976 total
- age   8:     325296 bytes,    5230272 total
: 94035K->5690K(109248K), 0,0066031 secs] 109780K->21438K(502464K), 0,0067049 secs] [Times: user=0,02 sys=0,00, real=0,00 secs] 
Heap after GC invocations=23 (full 1):
 par new generation   total 109248K, used 5690K [0x00000000e0000000, 0x00000000e8000000, 0x00000000e8000000)
  eden space 87424K,   0% used [0x00000000e0000000, 0x00000000e0000000, 0x00000000e5560000)
  from space 21824K,  26% used [0x00000000e6ab0000, 0x00000000e703ea98, 0x00000000e8000000)
  to   space 21824K,   0% used [0x00000000e5560000, 0x00000000e5560000, 0x00000000e6ab0000)
 concurrent mark-sweep generation total 393216K, used 15747K [0x00000000e8000000, 0x0000000100000000, 0x0000000100000000)
 Metaspace       used 31772K, capacity 32520K, committed 32840K, reserved 1079296K
  class space    used 3595K, capacity 3802K, committed 3912K, reserved 1048576K
}
2015-12-04T15:52:35.990-0500: 2718,712: Total time for which application threads were stopped: 0,0069421 seconds, Stopping threads took: 0,0000336 seconds
2015-12-04T15:52:35.991-0500: 2718,712: Total time for which application threads were stopped: 0,0001411 seconds, Stopping threads took: 0,0000430 seconds
2015-12-04T15:52:35.991-0500: 2718,712: Total time for which application threads were stopped: 0,0000621 seconds, Stopping threads took: 0,0000161 seconds
2015-12-04T15:52:35.991-0500: 2718,713: Total time for which application threads were stopped: 0,0000538 seconds, Stopping threads took: 0,0000248 seconds
{Heap before GC invocations=23 (full 1):
 par new generation   total 109248K, used 93114K [0x00000000e0000000, 0x00000000e8000000, 0x00000000e8000000)
  eden space 87424K, 100% used [0x00000000e0000000, 0x00000000e5560000, 0x00000000e5560000)
  from space 21824K,  26% used [0x00000000e6ab0000, 0x00000000e703ea98, 0x00000000e8000000)
  to   space 21824K,   0% used [0x00000000e5560000, 0x00000000e5560000, 0x00000000e6ab0000)
 concurrent mark-sweep generation total 393216K, used 15747K [0x00000000e8000000, 0x0000000100000000, 0x0000000100000000)
 Metaspace       used 31773K, capacity 32520K, committed 32840K, reserved 1079296K
  class space    used 3596K, capacity 3802K, committed 3912K, reserved 1048576K
2015-12-04T15:52:36.054-0500: 2718,775: [GC (Allocation Failure) 2015-12-04T15:52:36.054-0500: 2718,775: [ParNew
Desired survivor size 20112992 bytes, new threshold 8 (max 8)
- age   1:     250624 bytes,     250624 total
- age   2:    2120496 bytes,    2371120 total
- age   3:      82616 bytes,    2453736 total
- age   4:     841512 bytes,    3295248 total
- age   5:       3136 bytes,    3298384 total
- age   6:       3320 bytes,    3301704 total
- age   7:     311984 bytes,    3613688 total
- age   8:       2176 bytes,    3615864 total
: 93114K->6402K(109248K), 0,0052783 secs] 108862K->22473K(502464K), 0,0053453 secs] [Times: user=0,01 sys=0,00, real=0,00 secs] 
Heap after GC invocations=24 (full 1):
 par new generation   total 109248K, used 6402K [0x00000000e0000000, 0x00000000e8000000, 0x00000000e8000000)
  eden space 87424K,   0% used [0x00000000e0000000, 0x00000000e0000000, 0x00000000e5560000)
  from space 21824K,  29% used [0x00000000e5560000, 0x00000000e5ba0ad0, 0x00000000e6ab0000)
  to   space 21824K,   0% used [0x00000000e6ab0000, 0x00000000e6ab0000, 0x00000000e8000000)
 concurrent mark-sweep generation total 393216K, used 16070K [0x00000000e8000000, 0x0000000100000000, 0x0000000100000000)
 Metaspace       used 31773K, capacity 32520K, committed 32840K, reserved 1079296K
  class space    used 3596K, capacity 3802K, committed 3912K, reserved 1048576K
}
2015-12-04T15:52:36.059-0500: 2718,781: Total time for which application threads were stopped: 0,0055086 seconds, Stopping threads took: 0,0000304 seconds
2015-12-04T15:52:36.059-0500: 2718,781: Total time for which application threads were stopped: 0,0001187 seconds, Stopping threads took: 0,0000283 seconds
2015-12-04T15:52:36.059-0500: 2718,781: Total time for which application threads were stopped: 0,0000679 seconds, Stopping threads took: 0,0000239 seconds
2015-12-04T15:52:36.109-0500: 2718,831: Total time for which application threads were stopped: 0,0001287 seconds, Stopping threads took: 0,0000311 seconds
2015-12-04T15:52:36.116-0500: 2718,837: Total time for which application threads were stopped: 0,0001320 seconds, Stopping threads took: 0,0000356 seconds
2015-12-04T15:52:37.116-0500: 2719,838: Total time for which application threads were stopped: 0,0001391 seconds, Stopping threads took: 0,0000333 seconds
2015-12-04T15:53:01.119-0500: 2743,840: Total time for which application threads were stopped: 0,0000846 seconds, Stopping threads took: 0,0000302 seconds
2015-12-04T15:53:12.120-0500: 2754,841: Total time for which application threads were stopped: 0,0000675 seconds, Stopping threads took: 0,0000192 seconds
{Heap before GC invocations=24 (full 1):
 par new generation   total 109248K, used 93826K [0x00000000e0000000, 0x00000000e8000000, 0x00000000e8000000)
  eden space 87424K, 100% used [0x00000000e0000000, 0x00000000e5560000, 0x00000000e5560000)
  from space 21824K,  29% used [0x00000000e5560000, 0x00000000e5ba0ad0, 0x00000000e6ab0000)
  to   space 21824K,   0% used [0x00000000e6ab0000, 0x00000000e6ab0000, 0x00000000e8000000)
 concurrent mark-sweep generation total 393216K, used 16070K [0x00000000e8000000, 0x0000000100000000, 0x0000000100000000)
 Metaspace       used 31826K, capacity 32718K, committed 32840K, reserved 1079296K
  class space    used 3598K, capacity 3804K, committed 3912K, reserved 1048576K
2015-12-04T15:53:12.992-0500: 2755,714: [GC (Allocation Failure) 2015-12-04T15:53:12.992-0500: 2755,714: [ParNew
Desired survivor size 20112992 bytes, new threshold 8 (max 8)
- age   1:    1813968 bytes,    1813968 total
- age   2:      78760 bytes,    1892728 total
- age   3:    1374584 bytes,    3267312 total
- age   4:      82616 bytes,    3349928 total
- age   5:     837136 bytes,    4187064 total
- age   6:       3136 bytes,    4190200 total
- age   7:       3320 bytes,    4193520 total
- age   8:     311984 bytes,    4505504 total
: 93826K->5619K(109248K), 0,0094108 secs] 109897K->21692K(502464K), 0,0094916 secs] [Times: user=0,02 sys=0,01, real=0,01 secs] 
Heap after GC invocations=25 (full 1):
 par new generation   total 109248K, used 5619K [0x00000000e0000000, 0x00000000e8000000, 0x00000000e8000000)
  eden space 87424K,   0% used [0x00000000e0000000, 0x00000000e0000000, 0x00000000e5560000)
  from space 21824K,  25% used [0x00000000e6ab0000, 0x00000000e702cf70, 0x00000000e8000000)
  to   space 21824K,   0% used [0x00000000e5560000, 0x00000000e5560000, 0x00000000e6ab0000)
 concurrent mark-sweep generation total 393216K, used 16072K [0x00000000e8000000, 0x0000000100000000, 0x0000000100000000)
 Metaspace       used 31826K, capacity 32718K, committed 32840K, reserved 1079296K
  class space    used 3598K, capacity 3804K, committed 3912K, reserved 1048576K
}
2015-12-04T15:53:13.002-0500: 2755,723: Total time for which application threads were stopped: 0,0097022 seconds, Stopping threads took: 0,0000267 seconds
2015-12-04T15:53:13.002-0500: 2755,724: Total time for which application threads were stopped: 0,0001742 seconds, Stopping threads took: 0,0000453 seconds
2015-12-04T15:53:13.003-0500: 2755,724: Total time for which application threads were stopped: 0,0001399 seconds, Stopping threads took: 0,0000364 seconds
2015-12-04T15:53:13.003-0500: 2755,724: Total time for which application threads were stopped: 0,0001070 seconds, Stopping threads took: 0,0000470 seconds
{Heap before GC invocations=25 (full 1):
 par new generation   total 109248K, used 93043K [0x00000000e0000000, 0x00000000e8000000, 0x00000000e8000000)
  eden space 87424K, 100% used [0x00000000e0000000, 0x00000000e5560000, 0x00000000e5560000)
  from space 21824K,  25% used [0x00000000e6ab0000, 0x00000000e702cf70, 0x00000000e8000000)
  to   space 21824K,   0% used [0x00000000e5560000, 0x00000000e5560000, 0x00000000e6ab0000)
 concurrent mark-sweep generation total 393216K, used 16072K [0x00000000e8000000, 0x0000000100000000, 0x0000000100000000)
 Metaspace       used 31833K, capacity 32724K, committed 32840K, reserved 1079296K
  class space    used 3598K, capacity 3805K, committed 3912K, reserved 1048576K
2015-12-04T15:53:13.048-0500: 2755,769: [GC (Allocation Failure) 2015-12-04T15:53:13.048-0500: 2755,769: [ParNew
Desired survivor size 20112992 bytes, new threshold 8 (max 8)
- age   1:     846352 bytes,     846352 total
- age   2:    1352016 bytes,    2198368 total
- age   3:      78760 bytes,    2277128 total
- age   4:     823912 bytes,    3101040 total
- age   5:       1912 bytes,    3102952 total
- age   6:     245952 bytes,    3348904 total
- age   7:       3136 bytes,    3352040 total
- age   8:       3320 bytes,    3355360 total
: 93043K->6531K(109248K), 0,0058340 secs] 109116K->22914K(502464K), 0,0059104 secs] [Times: user=0,01 sys=0,00, real=0,01 secs] 
Heap after GC invocations=26 (full 1):
 par new generation   total 109248K, used 6531K [0x00000000e0000000, 0x00000000e8000000, 0x00000000e8000000)
  eden space 87424K,   0% used [0x00000000e0000000, 0x00000000e0000000, 0x00000000e5560000)
  from space 21824K,  29% used [0x00000000e5560000, 0x00000000e5bc0d88, 0x00000000e6ab0000)
  to   space 21824K,   0% used [0x00000000e6ab0000, 0x00000000e6ab0000, 0x00000000e8000000)
 concurrent mark-sweep generation total 393216K, used 16383K [0x00000000e8000000, 0x0000000100000000, 0x0000000100000000)
 Metaspace       used 31833K, capacity 32724K, committed 32840K, reserved 1079296K
  class space    used 3598K, capacity 3805K, committed 3912K, reserved 1048576K
}
2015-12-04T15:53:13.053-0500: 2755,775: Total time for which application threads were stopped: 0,0060826 seconds, Stopping threads took: 0,0000269 seconds
2015-12-04T15:53:13.054-0500: 2755,775: Total time for which application threads were stopped: 0,0001383 seconds, Stopping threads took: 0,0000396 seconds
2015-12-04T15:53:13.142-0500: 2755,863: Total time for which application threads were stopped: 0,0002070 seconds, Stopping threads took: 0,0000980 seconds
2015-12-04T15:53:13.149-0500: 2755,870: Total time for which application threads were stopped: 0,0001230 seconds, Stopping threads took: 0,0000344 seconds
{Heap before GC invocations=26 (full 1):
 par new generation   total 109248K, used 93955K [0x00000000e0000000, 0x00000000e8000000, 0x00000000e8000000)
  eden space 87424K, 100% used [0x00000000e0000000, 0x00000000e5560000, 0x00000000e5560000)
  from space 21824K,  29% used [0x00000000e5560000, 0x00000000e5bc0d88, 0x00000000e6ab0000)
  to   space 21824K,   0% used [0x00000000e6ab0000, 0x00000000e6ab0000, 0x00000000e8000000)
 concurrent mark-sweep generation total 393216K, used 16383K [0x00000000e8000000, 0x0000000100000000, 0x0000000100000000)
 Metaspace       used 31880K, capacity 32818K, committed 33096K, reserved 1079296K
  class space    used 3603K, capacity 3811K, committed 3912K, reserved 1048576K
2015-12-04T15:53:13.640-0500: 2756,361: [GC (Allocation Failure) 2015-12-04T15:53:13.640-0500: 2756,361: [ParNew
Desired survivor size 20112992 bytes, new threshold 8 (max 8)
- age   1:    1608704 bytes,    1608704 total
- age   2:     129328 bytes,    1738032 total
- age   3:    1320704 bytes,    3058736 total
- age   4:      78760 bytes,    3137496 total
- age   5:     821656 bytes,    3959152 total
- age   6:       1912 bytes,    3961064 total
- age   7:     245952 bytes,    4207016 total
- age   8:       3136 bytes,    4210152 total
: 93955K->5415K(109248K), 0,0060824 secs] 110338K->21802K(502464K), 0,0061435 secs] [Times: user=0,01 sys=0,00, real=0,01 secs] 
Heap after GC invocations=27 (full 1):
 par new generation   total 109248K, used 5415K [0x00000000e0000000, 0x00000000e8000000, 0x00000000e8000000)
  eden space 87424K,   0% used [0x00000000e0000000, 0x00000000e0000000, 0x00000000e5560000)
  from space 21824K,  24% used [0x00000000e6ab0000, 0x00000000e6ff9fb0, 0x00000000e8000000)
  to   space 21824K,   0% used [0x00000000e5560000, 0x00000000e5560000, 0x00000000e6ab0000)
 concurrent mark-sweep generation total 393216K, used 16386K [0x00000000e8000000, 0x0000000100000000, 0x0000000100000000)
 Metaspace       used 31880K, capacity 32818K, committed 33096K, reserved 1079296K
  class space    used 3603K, capacity 3811K, committed 3912K, reserved 1048576K
}
2015-12-04T15:53:13.646-0500: 2756,367: Total time for which application threads were stopped: 0,0063071 seconds, Stopping threads took: 0,0000302 seconds
2015-12-04T15:53:13.647-0500: 2756,368: Total time for which application threads were stopped: 0,0000955 seconds, Stopping threads took: 0,0000279 seconds
2015-12-04T15:53:13.647-0500: 2756,368: Total time for which application threads were stopped: 0,0000696 seconds, Stopping threads took: 0,0000157 seconds
{Heap before GC invocations=27 (full 1):
 par new generation   total 109248K, used 92811K [0x00000000e0000000, 0x00000000e8000000, 0x00000000e8000000)
  eden space 87424K,  99% used [0x00000000e0000000, 0x00000000e5558e80, 0x00000000e5560000)
  from space 21824K,  24% used [0x00000000e6ab0000, 0x00000000e6ff9fb0, 0x00000000e8000000)
  to   space 21824K,   0% used [0x00000000e5560000, 0x00000000e5560000, 0x00000000e6ab0000)
 concurrent mark-sweep generation total 393216K, used 16386K [0x00000000e8000000, 0x0000000100000000, 0x0000000100000000)
 Metaspace       used 31883K, capacity 32818K, committed 33096K, reserved 1079296K
  class space    used 3603K, capacity 3811K, committed 3912K, reserved 1048576K
2015-12-04T15:53:13.695-0500: 2756,416: [GC (Allocation Failure) 2015-12-04T15:53:13.695-0500: 2756,417: [ParNew
Desired survivor size 20112992 bytes, new threshold 8 (max 8)
- age   1:    1262392 bytes,    1262392 total
- age   2:    1255752 bytes,    2518144 total
- age   3:     129016 bytes,    2647160 total
- age   4:     748192 bytes,    3395352 total
- age   5:       2680 bytes,    3398032 total
- age   6:     247832 bytes,    3645864 total
- age   7:       1912 bytes,    3647776 total
- age   8:     245952 bytes,    3893728 total
: 92811K->4821K(109248K), 0,0059073 secs] 109197K->21211K(502464K), 0,0059707 secs] [Times: user=0,02 sys=0,00, real=0,01 secs] 
Heap after GC invocations=28 (full 1):
 par new generation   total 109248K, used 4821K [0x00000000e0000000, 0x00000000e8000000, 0x00000000e8000000)
  eden space 87424K,   0% used [0x00000000e0000000, 0x00000000e0000000, 0x00000000e5560000)
  from space 21824K,  22% used [0x00000000e5560000, 0x00000000e5a15640, 0x00000000e6ab0000)
  to   space 21824K,   0% used [0x00000000e6ab0000, 0x00000000e6ab0000, 0x00000000e8000000)
 concurrent mark-sweep generation total 393216K, used 16389K [0x00000000e8000000, 0x0000000100000000, 0x0000000100000000)
 Metaspace       used 31883K, capacity 32818K, committed 33096K, reserved 1079296K
  class space    used 3603K, capacity 3811K, committed 3912K, reserved 1048576K
}
2015-12-04T15:53:13.701-0500: 2756,422: Total time for which application threads were stopped: 0,0061413 seconds, Stopping threads took: 0,0000290 seconds
2015-12-04T15:53:13.701-0500: 2756,423: Total time for which application threads were stopped: 0,0002184 seconds, Stopping threads took: 0,0000445 seconds
2015-12-04T15:53:13.702-0500: 2756,423: Total time for which application threads were stopped: 0,0000953 seconds, Stopping threads took: 0,0000271 seconds
{Heap before GC invocations=28 (full 1):
 par new generation   total 109248K, used 92245K [0x00000000e0000000, 0x00000000e8000000, 0x00000000e8000000)
  eden space 87424K, 100% used [0x00000000e0000000, 0x00000000e5560000, 0x00000000e5560000)
  from space 21824K,  22% used [0x00000000e5560000, 0x00000000e5a15640, 0x00000000e6ab0000)
  to   space 21824K,   0% used [0x00000000e6ab0000, 0x00000000e6ab0000, 0x00000000e8000000)
 concurrent mark-sweep generation total 393216K, used 16389K [0x00000000e8000000, 0x0000000100000000, 0x0000000100000000)
 Metaspace       used 31883K, capacity 32818K, committed 33096K, reserved 1079296K
  class space    used 3603K, capacity 3811K, committed 3912K, reserved 1048576K
2015-12-04T15:53:13.756-0500: 2756,478: [GC (Allocation Failure) 2015-12-04T15:53:13.756-0500: 2756,478: [ParNew
Desired survivor size 20112992 bytes, new threshold 8 (max 8)
- age   1:     630064 bytes,     630064 total
- age   2:     957016 bytes,    1587080 total
- age   3:    1237056 bytes,    2824136 total
- age   4:     129016 bytes,    2953152 total
- age   5:     748192 bytes,    3701344 total
- age   6:       2680 bytes,    3704024 total
- age   7:     247832 bytes,    3951856 total
- age   8:       1912 bytes,    3953768 total
: 92245K->5834K(109248K), 0,0070435 secs] 108635K->22468K(502464K), 0,0071142 secs] [Times: user=0,02 sys=0,00, real=0,01 secs] 
Heap after GC invocations=29 (full 1):
 par new generation   total 109248K, used 5834K [0x00000000e0000000, 0x00000000e8000000, 0x00000000e8000000)
  eden space 87424K,   0% used [0x00000000e0000000, 0x00000000e0000000, 0x00000000e5560000)
  from space 21824K,  26% used [0x00000000e6ab0000, 0x00000000e7062a38, 0x00000000e8000000)
  to   space 21824K,   0% used [0x00000000e5560000, 0x00000000e5560000, 0x00000000e6ab0000)
 concurrent mark-sweep generation total 393216K, used 16633K [0x00000000e8000000, 0x0000000100000000, 0x0000000100000000)
 Metaspace       used 31883K, capacity 32818K, committed 33096K, reserved 1079296K
  class space    used 3603K, capacity 3811K, committed 3912K, reserved 1048576K
}
2015-12-04T15:53:13.763-0500: 2756,485: Total time for which application threads were stopped: 0,0072825 seconds, Stopping threads took: 0,0000288 seconds
2015-12-04T15:53:13.788-0500: 2756,509: Total time for which application threads were stopped: 0,0021592 seconds, Stopping threads took: 0,0020712 seconds
2015-12-04T15:53:13.794-0500: 2756,516: Total time for which application threads were stopped: 0,0001289 seconds, Stopping threads took: 0,0000288 seconds
2015-12-04T15:53:13.798-0500: 2756,519: Total time for which application threads were stopped: 0,0001661 seconds, Stopping threads took: 0,0000189 seconds
{Heap before GC invocations=29 (full 1):
 par new generation   total 109248K, used 93258K [0x00000000e0000000, 0x00000000e8000000, 0x00000000e8000000)
  eden space 87424K, 100% used [0x00000000e0000000, 0x00000000e5560000, 0x00000000e5560000)
  from space 21824K,  26% used [0x00000000e6ab0000, 0x00000000e7062a38, 0x00000000e8000000)
  to   space 21824K,   0% used [0x00000000e5560000, 0x00000000e5560000, 0x00000000e6ab0000)
 concurrent mark-sweep generation total 393216K, used 16633K [0x00000000e8000000, 0x0000000100000000, 0x0000000100000000)
 Metaspace       used 31921K, capacity 32888K, committed 33096K, reserved 1079296K
  class space    used 3605K, capacity 3813K, committed 3912K, reserved 1048576K
2015-12-04T15:53:42.422-0500: 2785,144: [GC (Allocation Failure) 2015-12-04T15:53:42.422-0500: 2785,144: [ParNew
Desired survivor size 20112992 bytes, new threshold 8 (max 8)
- age   1:    2574880 bytes,    2574880 total
- age   2:      75640 bytes,    2650520 total
- age   3:     233040 bytes,    2883560 total
- age   4:    1224296 bytes,    4107856 total
- age   5:     129016 bytes,    4236872 total
- age   6:     746584 bytes,    4983456 total
- age   7:       2680 bytes,    4986136 total
- age   8:     247832 bytes,    5233968 total
: 93258K->5396K(109248K), 0,0088063 secs] 109892K->22031K(502464K), 0,0088893 secs] [Times: user=0,03 sys=0,00, real=0,00 secs] 
Heap after GC invocations=30 (full 1):
 par new generation   total 109248K, used 5396K [0x00000000e0000000, 0x00000000e8000000, 0x00000000e8000000)
  eden space 87424K,   0% used [0x00000000e0000000, 0x00000000e0000000, 0x00000000e5560000)
  from space 21824K,  24% used [0x00000000e5560000, 0x00000000e5aa5160, 0x00000000e6ab0000)
  to   space 21824K,   0% used [0x00000000e6ab0000, 0x00000000e6ab0000, 0x00000000e8000000)
 concurrent mark-sweep generation total 393216K, used 16635K [0x00000000e8000000, 0x0000000100000000, 0x0000000100000000)
 Metaspace       used 31921K, capacity 32888K, committed 33096K, reserved 1079296K
  class space    used 3605K, capacity 3813K, committed 3912K, reserved 1048576K
}
2015-12-04T15:53:42.431-0500: 2785,153: Total time for which application threads were stopped: 0,0090820 seconds, Stopping threads took: 0,0000383 seconds
2015-12-04T15:53:42.432-0500: 2785,153: Total time for which application threads were stopped: 0,0001446 seconds, Stopping threads took: 0,0000360 seconds
2015-12-04T15:53:42.432-0500: 2785,153: Total time for which application threads were stopped: 0,0000785 seconds, Stopping threads took: 0,0000176 seconds
2015-12-04T15:53:42.432-0500: 2785,153: Total time for which application threads were stopped: 0,0000480 seconds, Stopping threads took: 0,0000190 seconds
{Heap before GC invocations=30 (full 1):
 par new generation   total 109248K, used 92820K [0x00000000e0000000, 0x00000000e8000000, 0x00000000e8000000)
  eden space 87424K, 100% used [0x00000000e0000000, 0x00000000e5560000, 0x00000000e5560000)
  from space 21824K,  24% used [0x00000000e5560000, 0x00000000e5aa5160, 0x00000000e6ab0000)
  to   space 21824K,   0% used [0x00000000e6ab0000, 0x00000000e6ab0000, 0x00000000e8000000)
 concurrent mark-sweep generation total 393216K, used 16635K [0x00000000e8000000, 0x0000000100000000, 0x0000000100000000)
 Metaspace       used 31921K, capacity 32888K, committed 33096K, reserved 1079296K
  class space    used 3605K, capacity 3813K, committed 3912K, reserved 1048576K
2015-12-04T15:53:42.483-0500: 2785,205: [GC (Allocation Failure) 2015-12-04T15:53:42.483-0500: 2785,205: [ParNew
Desired survivor size 20112992 bytes, new threshold 8 (max 8)
- age   1:     153400 bytes,     153400 total
- age   2:    2113344 bytes,    2266744 total
- age   3:      75640 bytes,    2342384 total
- age   4:     232728 bytes,    2575112 total
- age   5:     626520 bytes,    3201632 total
- age   6:       3664 bytes,    3205296 total
- age   7:     247504 bytes,    3452800 total
- age   8:       2680 bytes,    3455480 total
: 92820K->5353K(109248K), 0,0067663 secs] 109455K->22235K(502464K), 0,0068256 secs] [Times: user=0,03 sys=0,00, real=0,00 secs] 
Heap after GC invocations=31 (full 1):
 par new generation   total 109248K, used 5353K [0x00000000e0000000, 0x00000000e8000000, 0x00000000e8000000)
  eden space 87424K,   0% used [0x00000000e0000000, 0x00000000e0000000, 0x00000000e5560000)
  from space 21824K,  24% used [0x00000000e6ab0000, 0x00000000e6fea7f0, 0x00000000e8000000)
  to   space 21824K,   0% used [0x00000000e5560000, 0x00000000e5560000, 0x00000000e6ab0000)
 concurrent mark-sweep generation total 393216K, used 16881K [0x00000000e8000000, 0x0000000100000000, 0x0000000100000000)
 Metaspace       used 31921K, capacity 32888K, committed 33096K, reserved 1079296K
  class space    used 3605K, capacity 3813K, committed 3912K, reserved 1048576K
}
2015-12-04T15:53:42.490-0500: 2785,212: Total time for which application threads were stopped: 0,0070042 seconds, Stopping threads took: 0,0000269 seconds
2015-12-04T15:53:42.490-0500: 2785,212: Total time for which application threads were stopped: 0,0001475 seconds, Stopping threads took: 0,0000375 seconds
2015-12-04T15:53:42.490-0500: 2785,212: Total time for which application threads were stopped: 0,0000863 seconds, Stopping threads took: 0,0000191 seconds
2015-12-04T15:53:42.535-0500: 2785,256: Total time for which application threads were stopped: 0,0001539 seconds, Stopping threads took: 0,0000339 seconds
2015-12-04T15:53:42.541-0500: 2785,263: Total time for which application threads were stopped: 0,0001461 seconds, Stopping threads took: 0,0000324 seconds
2015-12-04T15:53:42.555-0500: 2785,277: Total time for which application threads were stopped: 0,0001118 seconds, Stopping threads took: 0,0000316 seconds
2015-12-04T15:53:42.694-0500: 2785,416: Total time for which application threads were stopped: 0,0005656 seconds, Stopping threads took: 0,0000204 seconds
2015-12-04T15:53:48.973-0500: 2791,694: Total time for which application threads were stopped: 0,0001326 seconds, Stopping threads took: 0,0000506 seconds
2015-12-04T15:53:48.973-0500: 2791,695: Total time for which application threads were stopped: 0,0001556 seconds, Stopping threads took: 0,0000216 seconds
2015-12-04T15:53:48.974-0500: 2791,695: Total time for which application threads were stopped: 0,0000717 seconds, Stopping threads took: 0,0000127 seconds
2015-12-04T15:53:48.998-0500: 2791,719: Total time for which application threads were stopped: 0,0005287 seconds, Stopping threads took: 0,0000418 seconds
2015-12-04T15:53:49.034-0500: 2791,756: Total time for which application threads were stopped: 0,0001760 seconds, Stopping threads took: 0,0000876 seconds
2015-12-04T15:53:49.035-0500: 2791,757: Total time for which application threads were stopped: 0,0001214 seconds, Stopping threads took: 0,0000194 seconds
2015-12-04T15:53:49.036-0500: 2791,757: Total time for which application threads were stopped: 0,0001175 seconds, Stopping threads took: 0,0000380 seconds
2015-12-04T15:53:49.036-0500: 2791,758: Total time for which application threads were stopped: 0,0000986 seconds, Stopping threads took: 0,0000313 seconds
2015-12-04T15:53:49.037-0500: 2791,758: Total time for which application threads were stopped: 0,0001125 seconds, Stopping threads took: 0,0000308 seconds
2015-12-04T15:53:49.037-0500: 2791,759: Total time for which application threads were stopped: 0,0000806 seconds, Stopping threads took: 0,0000205 seconds
2015-12-04T15:53:49.037-0500: 2791,759: Total time for which application threads were stopped: 0,0000539 seconds, Stopping threads took: 0,0000168 seconds
2015-12-04T15:53:50.040-0500: 2792,761: Total time for which application threads were stopped: 0,0000714 seconds, Stopping threads took: 0,0000178 seconds
2015-12-04T15:53:50.600-0500: 2793,322: Total time for which application threads were stopped: 0,0001095 seconds, Stopping threads took: 0,0000279 seconds
2015-12-04T15:53:51.600-0500: 2794,322: Total time for which application threads were stopped: 0,0000734 seconds, Stopping threads took: 0,0000200 seconds
2015-12-04T15:53:52.387-0500: 2795,109: Total time for which application threads were stopped: 0,0001002 seconds, Stopping threads took: 0,0000216 seconds
2015-12-04T15:53:52.387-0500: 2795,109: Total time for which application threads were stopped: 0,0000388 seconds, Stopping threads took: 0,0000064 seconds
2015-12-04T15:53:52.394-0500: 2795,116: Total time for which application threads were stopped: 0,0001717 seconds, Stopping threads took: 0,0000276 seconds
2015-12-04T15:53:52.394-0500: 2795,116: Total time for which application threads were stopped: 0,0000702 seconds, Stopping threads took: 0,0000217 seconds
2015-12-04T15:53:52.395-0500: 2795,116: Total time for which application threads were stopped: 0,0000803 seconds, Stopping threads took: 0,0000290 seconds
2015-12-04T15:53:52.395-0500: 2795,117: Total time for which application threads were stopped: 0,0001228 seconds, Stopping threads took: 0,0000830 seconds
2015-12-04T15:53:53.395-0500: 2796,117: Total time for which application threads were stopped: 0,0001376 seconds, Stopping threads took: 0,0000320 seconds
2015-12-04T15:53:53.402-0500: 2796,124: Total time for which application threads were stopped: 0,0001348 seconds, Stopping threads took: 0,0000302 seconds
2015-12-04T15:53:53.434-0500: 2796,155: Total time for which application threads were stopped: 0,0000975 seconds, Stopping threads took: 0,0000177 seconds
2015-12-04T15:53:53.434-0500: 2796,156: Total time for which application threads were stopped: 0,0000450 seconds, Stopping threads took: 0,0000076 seconds
2015-12-04T15:53:53.434-0500: 2796,156: Total time for which application threads were stopped: 0,0000342 seconds, Stopping threads took: 0,0000054 seconds
2015-12-04T15:53:53.434-0500: 2796,156: Total time for which application threads were stopped: 0,0000328 seconds, Stopping threads took: 0,0000051 seconds
2015-12-04T15:53:53.434-0500: 2796,156: Total time for which application threads were stopped: 0,0000308 seconds, Stopping threads took: 0,0000056 seconds
2015-12-04T15:53:53.434-0500: 2796,156: Total time for which application threads were stopped: 0,0000296 seconds, Stopping threads took: 0,0000048 seconds
2015-12-04T15:53:53.434-0500: 2796,156: Total time for which application threads were stopped: 0,0000296 seconds, Stopping threads took: 0,0000047 seconds
2015-12-04T15:53:53.434-0500: 2796,156: Total time for which application threads were stopped: 0,0000295 seconds, Stopping threads took: 0,0000048 seconds
2015-12-04T15:53:53.434-0500: 2796,156: Total time for which application threads were stopped: 0,0000294 seconds, Stopping threads took: 0,0000047 seconds
2015-12-04T15:53:53.434-0500: 2796,156: Total time for which application threads were stopped: 0,0000296 seconds, Stopping threads took: 0,0000048 seconds
2015-12-04T15:53:53.434-0500: 2796,156: Total time for which application threads were stopped: 0,0000297 seconds, Stopping threads took: 0,0000048 seconds
2015-12-04T15:53:53.434-0500: 2796,156: Total time for which application threads were stopped: 0,0000283 seconds, Stopping threads took: 0,0000036 seconds
2015-12-04T15:53:53.435-0500: 2796,156: Total time for which application threads were stopped: 0,0000287 seconds, Stopping threads took: 0,0000037 seconds
2015-12-04T15:53:53.435-0500: 2796,156: Total time for which application threads were stopped: 0,0000306 seconds, Stopping threads took: 0,0000036 seconds
2015-12-04T15:53:53.435-0500: 2796,156: Total time for which application threads were stopped: 0,0000297 seconds, Stopping threads took: 0,0000050 seconds
2015-12-04T15:53:53.435-0500: 2796,156: Total time for which application threads were stopped: 0,0000300 seconds, Stopping threads took: 0,0000047 seconds
2015-12-04T15:53:53.435-0500: 2796,156: Total time for which application threads were stopped: 0,0000298 seconds, Stopping threads took: 0,0000049 seconds
2015-12-04T15:53:53.435-0500: 2796,156: Total time for which application threads were stopped: 0,0000295 seconds, Stopping threads took: 0,0000048 seconds
2015-12-04T15:53:53.435-0500: 2796,156: Total time for which application threads were stopped: 0,0000293 seconds, Stopping threads took: 0,0000047 seconds
2015-12-04T15:53:53.435-0500: 2796,156: Total time for which application threads were stopped: 0,0000296 seconds, Stopping threads took: 0,0000048 seconds
2015-12-04T15:53:53.435-0500: 2796,156: Total time for which application threads were stopped: 0,0000314 seconds, Stopping threads took: 0,0000051 seconds
2015-12-04T15:53:53.435-0500: 2796,157: Total time for which application threads were stopped: 0,0001449 seconds, Stopping threads took: 0,0000115 seconds
2015-12-04T15:53:53.435-0500: 2796,157: Total time for which application threads were stopped: 0,0000417 seconds, Stopping threads took: 0,0000078 seconds
2015-12-04T15:53:53.435-0500: 2796,157: Total time for which application threads were stopped: 0,0000331 seconds, Stopping threads took: 0,0000061 seconds
2015-12-04T15:53:53.435-0500: 2796,157: Total time for which application threads were stopped: 0,0000313 seconds, Stopping threads took: 0,0000051 seconds
2015-12-04T15:53:53.435-0500: 2796,157: Total time for which application threads were stopped: 0,0000309 seconds, Stopping threads took: 0,0000051 seconds
2015-12-04T15:53:53.435-0500: 2796,157: Total time for which application threads were stopped: 0,0000313 seconds, Stopping threads took: 0,0000051 seconds
2015-12-04T15:53:53.436-0500: 2796,157: Total time for which application threads were stopped: 0,0000317 seconds, Stopping threads took: 0,0000054 seconds
2015-12-04T15:53:55.449-0500: 2798,170: Total time for which application threads were stopped: 0,0001378 seconds, Stopping threads took: 0,0000396 seconds
2015-12-04T15:54:11.755-0500: 2814,477: Total time for which application threads were stopped: 0,0000986 seconds, Stopping threads took: 0,0000286 seconds
2015-12-04T15:54:11.779-0500: 2814,501: Total time for which application threads were stopped: 0,0001091 seconds, Stopping threads took: 0,0000352 seconds
2015-12-04T15:54:11.780-0500: 2814,501: Total time for which application threads were stopped: 0,0000872 seconds, Stopping threads took: 0,0000097 seconds
2015-12-04T15:54:11.780-0500: 2814,501: Total time for which application threads were stopped: 0,0000349 seconds, Stopping threads took: 0,0000075 seconds
2015-12-04T15:54:11.780-0500: 2814,502: Total time for which application threads were stopped: 0,0000342 seconds, Stopping threads took: 0,0000070 seconds
2015-12-04T15:54:11.780-0500: 2814,502: Total time for which application threads were stopped: 0,0000341 seconds, Stopping threads took: 0,0000070 seconds
2015-12-04T15:54:11.780-0500: 2814,502: Total time for which application threads were stopped: 0,0000343 seconds, Stopping threads took: 0,0000070 seconds
2015-12-04T15:54:11.780-0500: 2814,502: Total time for which application threads were stopped: 0,0000433 seconds, Stopping threads took: 0,0000160 seconds
2015-12-04T15:54:11.781-0500: 2814,502: Total time for which application threads were stopped: 0,0000449 seconds, Stopping threads took: 0,0000042 seconds
2015-12-04T15:54:11.781-0500: 2814,502: Total time for which application threads were stopped: 0,0000510 seconds, Stopping threads took: 0,0000181 seconds
2015-12-04T15:54:11.781-0500: 2814,502: Total time for which application threads were stopped: 0,0000483 seconds, Stopping threads took: 0,0000102 seconds
2015-12-04T15:54:11.781-0500: 2814,503: Total time for which application threads were stopped: 0,0000363 seconds, Stopping threads took: 0,0000075 seconds
2015-12-04T15:54:11.781-0500: 2814,503: Total time for which application threads were stopped: 0,0000288 seconds, Stopping threads took: 0,0000064 seconds
2015-12-04T15:54:11.781-0500: 2814,503: Total time for which application threads were stopped: 0,0000297 seconds, Stopping threads took: 0,0000076 seconds
2015-12-04T15:54:11.781-0500: 2814,503: Total time for which application threads were stopped: 0,0000249 seconds, Stopping threads took: 0,0000051 seconds
2015-12-04T15:54:11.781-0500: 2814,503: Total time for which application threads were stopped: 0,0000246 seconds, Stopping threads took: 0,0000051 seconds
2015-12-04T15:54:11.781-0500: 2814,503: Total time for which application threads were stopped: 0,0000242 seconds, Stopping threads took: 0,0000050 seconds
2015-12-04T15:54:11.782-0500: 2814,503: Total time for which application threads were stopped: 0,0000262 seconds, Stopping threads took: 0,0000055 seconds
2015-12-04T15:54:11.782-0500: 2814,503: Total time for which application threads were stopped: 0,0000244 seconds, Stopping threads took: 0,0000051 seconds
2015-12-04T15:54:11.782-0500: 2814,503: Total time for which application threads were stopped: 0,0000243 seconds, Stopping threads took: 0,0000049 seconds
2015-12-04T15:54:11.782-0500: 2814,503: Total time for which application threads were stopped: 0,0000244 seconds, Stopping threads took: 0,0000050 seconds
2015-12-04T15:54:11.782-0500: 2814,503: Total time for which application threads were stopped: 0,0000931 seconds, Stopping threads took: 0,0000050 seconds
2015-12-04T15:54:11.787-0500: 2814,508: Total time for which application threads were stopped: 0,0000965 seconds, Stopping threads took: 0,0000335 seconds
2015-12-04T15:54:11.866-0500: 2814,587: Total time for which application threads were stopped: 0,0000924 seconds, Stopping threads took: 0,0000180 seconds
2015-12-04T15:54:11.866-0500: 2814,587: Total time for which application threads were stopped: 0,0000578 seconds, Stopping threads took: 0,0000308 seconds
2015-12-04T15:54:11.866-0500: 2814,588: Total time for which application threads were stopped: 0,0000291 seconds, Stopping threads took: 0,0000087 seconds
2015-12-04T15:54:11.868-0500: 2814,589: Total time for which application threads were stopped: 0,0000347 seconds, Stopping threads took: 0,0000093 seconds
2015-12-04T15:54:11.868-0500: 2814,589: Total time for which application threads were stopped: 0,0000555 seconds, Stopping threads took: 0,0000260 seconds
2015-12-04T15:54:11.888-0500: 2814,609: Total time for which application threads were stopped: 0,0000484 seconds, Stopping threads took: 0,0000129 seconds
2015-12-04T15:54:11.892-0500: 2814,613: Total time for which application threads were stopped: 0,0001227 seconds, Stopping threads took: 0,0000301 seconds
2015-12-04T15:54:11.909-0500: 2814,631: Total time for which application threads were stopped: 0,0000703 seconds, Stopping threads took: 0,0000130 seconds
2015-12-04T15:54:11.934-0500: 2814,656: Total time for which application threads were stopped: 0,0005271 seconds, Stopping threads took: 0,0000268 seconds
2015-12-04T15:54:12.184-0500: 2814,906: Total time for which application threads were stopped: 0,0005149 seconds, Stopping threads took: 0,0000306 seconds
2015-12-04T15:54:12.185-0500: 2814,906: Total time for which application threads were stopped: 0,0001903 seconds, Stopping threads took: 0,0000209 seconds
2015-12-04T15:54:13.185-0500: 2815,906: Total time for which application threads were stopped: 0,0001183 seconds, Stopping threads took: 0,0000257 seconds
2015-12-04T15:54:13.401-0500: 2816,122: Total time for which application threads were stopped: 0,0008906 seconds, Stopping threads took: 0,0000326 seconds
2015-12-04T15:54:13.405-0500: 2816,127: Total time for which application threads were stopped: 0,0000945 seconds, Stopping threads took: 0,0000228 seconds
2015-12-04T15:54:13.569-0500: 2816,290: Total time for which application threads were stopped: 0,0001112 seconds, Stopping threads took: 0,0000221 seconds
2015-12-04T15:54:14.569-0500: 2817,291: Total time for which application threads were stopped: 0,0000817 seconds, Stopping threads took: 0,0000217 seconds
2015-12-04T15:54:15.569-0500: 2818,291: Total time for which application threads were stopped: 0,0001551 seconds, Stopping threads took: 0,0000630 seconds
2015-12-04T15:54:16.570-0500: 2819,291: Total time for which application threads were stopped: 0,0001784 seconds, Stopping threads took: 0,0000429 seconds
2015-12-04T15:54:17.570-0500: 2820,291: Total time for which application threads were stopped: 0,0000792 seconds, Stopping threads took: 0,0000206 seconds
2015-12-04T15:54:18.570-0500: 2821,292: Total time for which application threads were stopped: 0,0001521 seconds, Stopping threads took: 0,0000362 seconds
2015-12-04T15:54:20.570-0500: 2823,292: Total time for which application threads were stopped: 0,0000975 seconds, Stopping threads took: 0,0000203 seconds
2015-12-04T15:54:23.571-0500: 2826,292: Total time for which application threads were stopped: 0,0001352 seconds, Stopping threads took: 0,0000340 seconds
2015-12-04T15:54:24.822-0500: 2827,544: Total time for which application threads were stopped: 0,0000884 seconds, Stopping threads took: 0,0000335 seconds
2015-12-04T15:54:24.932-0500: 2827,653: Total time for which application threads were stopped: 0,0000997 seconds, Stopping threads took: 0,0000313 seconds
{Heap before GC invocations=31 (full 1):
 par new generation   total 109248K, used 92526K [0x00000000e0000000, 0x00000000e8000000, 0x00000000e8000000)
  eden space 87424K,  99% used [0x00000000e0000000, 0x00000000e5521130, 0x00000000e5560000)
  from space 21824K,  24% used [0x00000000e6ab0000, 0x00000000e6fea7f0, 0x00000000e8000000)
  to   space 21824K,   0% used [0x00000000e5560000, 0x00000000e5560000, 0x00000000e6ab0000)
 concurrent mark-sweep generation total 393216K, used 16881K [0x00000000e8000000, 0x0000000100000000, 0x0000000100000000)
 Metaspace       used 34496K, capacity 35524K, committed 35784K, reserved 1081344K
  class space    used 3804K, capacity 3997K, committed 4040K, reserved 1048576K
2015-12-04T15:54:24.948-0500: 2827,669: [GC (Allocation Failure) 2015-12-04T15:54:24.948-0500: 2827,670: [ParNew
Desired survivor size 20112992 bytes, new threshold 8 (max 8)
- age   1:    5172112 bytes,    5172112 total
- age   2:      85000 bytes,    5257112 total
- age   3:    1376552 bytes,    6633664 total
- age   4:      75640 bytes,    6709304 total
- age   5:     232728 bytes,    6942032 total
- age   6:     624840 bytes,    7566872 total
- age   7:       3664 bytes,    7570536 total
- age   8:     247320 bytes,    7817856 total
: 92526K->8614K(109248K), 0,0077309 secs] 109407K->25499K(502464K), 0,0077963 secs] [Times: user=0,02 sys=0,00, real=0,01 secs] 
Heap after GC invocations=32 (full 1):
 par new generation   total 109248K, used 8614K [0x00000000e0000000, 0x00000000e8000000, 0x00000000e8000000)
  eden space 87424K,   0% used [0x00000000e0000000, 0x00000000e0000000, 0x00000000e5560000)
  from space 21824K,  39% used [0x00000000e5560000, 0x00000000e5dc9b50, 0x00000000e6ab0000)
  to   space 21824K,   0% used [0x00000000e6ab0000, 0x00000000e6ab0000, 0x00000000e8000000)
 concurrent mark-sweep generation total 393216K, used 16884K [0x00000000e8000000, 0x0000000100000000, 0x0000000100000000)
 Metaspace       used 34496K, capacity 35524K, committed 35784K, reserved 1081344K
  class space    used 3804K, capacity 3997K, committed 4040K, reserved 1048576K
}
2015-12-04T15:54:24.956-0500: 2827,677: Total time for which application threads were stopped: 0,0079492 seconds, Stopping threads took: 0,0000340 seconds
2015-12-04T15:54:24.956-0500: 2827,678: Total time for which application threads were stopped: 0,0003512 seconds, Stopping threads took: 0,0002630 seconds
2015-12-04T15:54:24.956-0500: 2827,678: Total time for which application threads were stopped: 0,0000602 seconds, Stopping threads took: 0,0000212 seconds
2015-12-04T15:54:24.961-0500: 2827,682: Total time for which application threads were stopped: 0,0000861 seconds, Stopping threads took: 0,0000255 seconds
2015-12-04T15:54:24.998-0500: 2827,720: Total time for which application threads were stopped: 0,0006011 seconds, Stopping threads took: 0,0000251 seconds
2015-12-04T15:54:25.001-0500: 2827,723: Total time for which application threads were stopped: 0,0008184 seconds, Stopping threads took: 0,0000351 seconds
2015-12-04T15:54:25.002-0500: 2827,723: Total time for which application threads were stopped: 0,0004493 seconds, Stopping threads took: 0,0000337 seconds
2015-12-04T15:54:25.008-0500: 2827,729: Total time for which application threads were stopped: 0,0006449 seconds, Stopping threads took: 0,0000300 seconds
2015-12-04T15:54:25.525-0500: 2828,246: Total time for which application threads were stopped: 0,0001167 seconds, Stopping threads took: 0,0000300 seconds
2015-12-04T15:54:25.525-0500: 2828,247: Total time for which application threads were stopped: 0,0000708 seconds, Stopping threads took: 0,0000144 seconds
2015-12-04T15:54:26.525-0500: 2829,247: Total time for which application threads were stopped: 0,0000852 seconds, Stopping threads took: 0,0000205 seconds
2015-12-04T15:54:34.732-0500: 2837,454: Total time for which application threads were stopped: 0,0000923 seconds, Stopping threads took: 0,0000303 seconds
2015-12-04T15:54:35.732-0500: 2838,454: Total time for which application threads were stopped: 0,0001144 seconds, Stopping threads took: 0,0000267 seconds
2015-12-04T15:54:44.733-0500: 2847,455: Total time for which application threads were stopped: 0,0001019 seconds, Stopping threads took: 0,0000283 seconds
2015-12-04T15:54:52.395-0500: 2855,116: Total time for which application threads were stopped: 0,0000885 seconds, Stopping threads took: 0,0000312 seconds
2015-12-04T15:54:52.395-0500: 2855,117: Total time for which application threads were stopped: 0,0001008 seconds, Stopping threads took: 0,0000186 seconds
2015-12-04T15:55:24.398-0500: 2887,120: Total time for which application threads were stopped: 0,0000813 seconds, Stopping threads took: 0,0000307 seconds
2015-12-04T15:55:29.399-0500: 2892,121: Total time for which application threads were stopped: 0,0001418 seconds, Stopping threads took: 0,0000382 seconds
2015-12-04T15:55:34.400-0500: 2897,121: Total time for which application threads were stopped: 0,0001088 seconds, Stopping threads took: 0,0000321 seconds
2015-12-04T15:55:35.400-0500: 2898,121: Total time for which application threads were stopped: 0,0000882 seconds, Stopping threads took: 0,0000201 seconds
2015-12-04T15:55:37.400-0500: 2900,122: Total time for which application threads were stopped: 0,0002013 seconds, Stopping threads took: 0,0000366 seconds
2015-12-04T15:55:38.186-0500: 2900,908: Total time for which application threads were stopped: 0,0001496 seconds, Stopping threads took: 0,0000571 seconds
2015-12-04T15:55:38.186-0500: 2900,908: Total time for which application threads were stopped: 0,0001491 seconds, Stopping threads took: 0,0000703 seconds
2015-12-04T15:55:38.189-0500: 2900,911: Total time for which application threads were stopped: 0,0001490 seconds, Stopping threads took: 0,0000507 seconds
2015-12-04T15:55:38.194-0500: 2900,916: Total time for which application threads were stopped: 0,0001456 seconds, Stopping threads took: 0,0000282 seconds
2015-12-04T15:55:38.196-0500: 2900,917: Total time for which application threads were stopped: 0,0001132 seconds, Stopping threads took: 0,0000227 seconds
2015-12-04T15:55:38.201-0500: 2900,922: Total time for which application threads were stopped: 0,0001378 seconds, Stopping threads took: 0,0000333 seconds
2015-12-04T15:55:38.201-0500: 2900,923: Total time for which application threads were stopped: 0,0000511 seconds, Stopping threads took: 0,0000102 seconds
2015-12-04T15:55:38.555-0500: 2901,276: Total time for which application threads were stopped: 0,0000929 seconds, Stopping threads took: 0,0000302 seconds
2015-12-04T15:55:39.555-0500: 2902,277: Total time for which application threads were stopped: 0,0000858 seconds, Stopping threads took: 0,0000224 seconds
2015-12-04T15:55:48.556-0500: 2911,278: Total time for which application threads were stopped: 0,0002075 seconds, Stopping threads took: 0,0000750 seconds
2015-12-04T15:56:01.557-0500: 2924,279: Total time for which application threads were stopped: 0,0000738 seconds, Stopping threads took: 0,0000217 seconds
2015-12-04T15:56:30.419-0500: 2953,140: Total time for which application threads were stopped: 0,0003860 seconds, Stopping threads took: 0,0000980 seconds
2015-12-04T15:56:30.420-0500: 2953,141: Total time for which application threads were stopped: 0,0000626 seconds, Stopping threads took: 0,0000126 seconds
2015-12-04T15:56:30.424-0500: 2953,146: Total time for which application threads were stopped: 0,0000906 seconds, Stopping threads took: 0,0000195 seconds
2015-12-04T15:56:30.424-0500: 2953,146: Total time for which application threads were stopped: 0,0000322 seconds, Stopping threads took: 0,0000051 seconds
2015-12-04T15:56:30.437-0500: 2953,158: Total time for which application threads were stopped: 0,0001156 seconds, Stopping threads took: 0,0000386 seconds
2015-12-04T15:56:30.437-0500: 2953,158: Total time for which application threads were stopped: 0,0000336 seconds, Stopping threads took: 0,0000082 seconds
2015-12-04T15:56:30.437-0500: 2953,159: Total time for which application threads were stopped: 0,0001723 seconds, Stopping threads took: 0,0000421 seconds
2015-12-04T15:56:30.438-0500: 2953,159: Total time for which application threads were stopped: 0,0001751 seconds, Stopping threads took: 0,0001282 seconds
2015-12-04T15:56:30.441-0500: 2953,163: Total time for which application threads were stopped: 0,0000934 seconds, Stopping threads took: 0,0000320 seconds
2015-12-04T15:56:30.444-0500: 2953,165: Total time for which application threads were stopped: 0,0000854 seconds, Stopping threads took: 0,0000167 seconds
2015-12-04T15:56:30.712-0500: 2953,434: Total time for which application threads were stopped: 0,0001180 seconds, Stopping threads took: 0,0000282 seconds
2015-12-04T15:56:30.712-0500: 2953,434: Total time for which application threads were stopped: 0,0000521 seconds, Stopping threads took: 0,0000085 seconds
2015-12-04T15:56:30.725-0500: 2953,446: Total time for which application threads were stopped: 0,0002650 seconds, Stopping threads took: 0,0000296 seconds
2015-12-04T15:56:30.725-0500: 2953,446: Total time for which application threads were stopped: 0,0000940 seconds, Stopping threads took: 0,0000079 seconds
2015-12-04T15:56:30.725-0500: 2953,447: Total time for which application threads were stopped: 0,0001538 seconds, Stopping threads took: 0,0000364 seconds
2015-12-04T15:56:31.676-0500: 2954,397: Total time for which application threads were stopped: 0,0015434 seconds, Stopping threads took: 0,0014323 seconds
2015-12-04T15:56:31.676-0500: 2954,398: Total time for which application threads were stopped: 0,0000599 seconds, Stopping threads took: 0,0000137 seconds
2015-12-04T15:56:31.678-0500: 2954,400: Total time for which application threads were stopped: 0,0000728 seconds, Stopping threads took: 0,0000191 seconds
2015-12-04T15:56:32.678-0500: 2955,400: Total time for which application threads were stopped: 0,0000955 seconds, Stopping threads took: 0,0000263 seconds
2015-12-04T15:56:34.379-0500: 2957,100: Total time for which application threads were stopped: 0,0001011 seconds, Stopping threads took: 0,0000261 seconds
2015-12-04T15:56:34.379-0500: 2957,101: Total time for which application threads were stopped: 0,0000623 seconds, Stopping threads took: 0,0000142 seconds
2015-12-04T15:56:35.379-0500: 2958,101: Total time for which application threads were stopped: 0,0000770 seconds, Stopping threads took: 0,0000202 seconds
2015-12-04T15:56:49.380-0500: 2972,102: Total time for which application threads were stopped: 0,0000818 seconds, Stopping threads took: 0,0000218 seconds
2015-12-04T15:57:15.383-0500: 2998,105: Total time for which application threads were stopped: 0,0000849 seconds, Stopping threads took: 0,0000309 seconds
2015-12-04T15:57:31.677-0500: 3014,398: Total time for which application threads were stopped: 0,0002179 seconds, Stopping threads took: 0,0001245 seconds
2015-12-04T15:57:31.678-0500: 3014,400: Total time for which application threads were stopped: 0,0001113 seconds, Stopping threads took: 0,0000306 seconds
2015-12-04T15:57:54.681-0500: 3037,402: Total time for which application threads were stopped: 0,0000786 seconds, Stopping threads took: 0,0000282 seconds
2015-12-04T15:58:00.681-0500: 3043,403: Total time for which application threads were stopped: 0,0000876 seconds, Stopping threads took: 0,0000293 seconds
2015-12-04T15:58:02.682-0500: 3045,403: Total time for which application threads were stopped: 0,0000900 seconds, Stopping threads took: 0,0000306 seconds
2015-12-04T15:58:03.375-0500: 3046,097: Total time for which application threads were stopped: 0,0001075 seconds, Stopping threads took: 0,0000250 seconds
{Heap before GC invocations=32 (full 1):
 par new generation   total 109248K, used 96038K [0x00000000e0000000, 0x00000000e8000000, 0x00000000e8000000)
  eden space 87424K, 100% used [0x00000000e0000000, 0x00000000e5560000, 0x00000000e5560000)
  from space 21824K,  39% used [0x00000000e5560000, 0x00000000e5dc9b50, 0x00000000e6ab0000)
  to   space 21824K,   0% used [0x00000000e6ab0000, 0x00000000e6ab0000, 0x00000000e8000000)
 concurrent mark-sweep generation total 393216K, used 16884K [0x00000000e8000000, 0x0000000100000000, 0x0000000100000000)
 Metaspace       used 34891K, capacity 35878K, committed 36040K, reserved 1081344K
  class space    used 3835K, capacity 4030K, committed 4040K, reserved 1048576K
2015-12-04T15:58:03.423-0500: 3046,144: [GC (Allocation Failure) 2015-12-04T15:58:03.423-0500: 3046,144: [ParNew
Desired survivor size 20112992 bytes, new threshold 8 (max 8)
- age   1:    4942488 bytes,    4942488 total
- age   2:    2670240 bytes,    7612728 total
- age   3:      85000 bytes,    7697728 total
- age   4:     828536 bytes,    8526264 total
- age   5:        680 bytes,    8526944 total
- age   6:     100528 bytes,    8627472 total
- age   7:     149496 bytes,    8776968 total
- age   8:       3664 bytes,    8780632 total
: 96038K->11482K(109248K), 0,0086476 secs] 112923K->28609K(502464K), 0,0087247 secs] [Times: user=0,03 sys=0,00, real=0,00 secs] 
Heap after GC invocations=33 (full 1):
 par new generation   total 109248K, used 11482K [0x00000000e0000000, 0x00000000e8000000, 0x00000000e8000000)
  eden space 87424K,   0% used [0x00000000e0000000, 0x00000000e0000000, 0x00000000e5560000)
  from space 21824K,  52% used [0x00000000e6ab0000, 0x00000000e75e6ba0, 0x00000000e8000000)
  to   space 21824K,   0% used [0x00000000e5560000, 0x00000000e5560000, 0x00000000e6ab0000)
 concurrent mark-sweep generation total 393216K, used 17127K [0x00000000e8000000, 0x0000000100000000, 0x0000000100000000)
 Metaspace       used 34891K, capacity 35878K, committed 36040K, reserved 1081344K
  class space    used 3835K, capacity 4030K, committed 4040K, reserved 1048576K
}
2015-12-04T15:58:03.431-0500: 3046,153: Total time for which application threads were stopped: 0,0089312 seconds, Stopping threads took: 0,0000513 seconds
2015-12-04T15:58:03.438-0500: 3046,159: Total time for which application threads were stopped: 0,0001770 seconds, Stopping threads took: 0,0000628 seconds
2015-12-04T15:58:03.438-0500: 3046,159: Total time for which application threads were stopped: 0,0000888 seconds, Stopping threads took: 0,0000270 seconds
2015-12-04T15:58:03.438-0500: 3046,160: Total time for which application threads were stopped: 0,0000669 seconds, Stopping threads took: 0,0000240 seconds
2015-12-04T15:58:03.438-0500: 3046,160: Total time for which application threads were stopped: 0,0000337 seconds, Stopping threads took: 0,0000082 seconds
{Heap before GC invocations=33 (full 1):
 par new generation   total 109248K, used 98906K [0x00000000e0000000, 0x00000000e8000000, 0x00000000e8000000)
  eden space 87424K, 100% used [0x00000000e0000000, 0x00000000e5560000, 0x00000000e5560000)
  from space 21824K,  52% used [0x00000000e6ab0000, 0x00000000e75e6ba0, 0x00000000e8000000)
  to   space 21824K,   0% used [0x00000000e5560000, 0x00000000e5560000, 0x00000000e6ab0000)
 concurrent mark-sweep generation total 393216K, used 17127K [0x00000000e8000000, 0x0000000100000000, 0x0000000100000000)
 Metaspace       used 34891K, capacity 35878K, committed 36040K, reserved 1081344K
  class space    used 3835K, capacity 4030K, committed 4040K, reserved 1048576K
2015-12-04T15:58:03.487-0500: 3046,209: [GC (Allocation Failure) 2015-12-04T15:58:03.487-0500: 3046,209: [ParNew
Desired survivor size 20112992 bytes, new threshold 8 (max 8)
- age   1:     186864 bytes,     186864 total
- age   2:    6617216 bytes,    6804080 total
- age   3:    2663352 bytes,    9467432 total
- age   4:      85000 bytes,    9552432 total
- age   5:     828536 bytes,   10380968 total
- age   6:        680 bytes,   10381648 total
- age   7:     100528 bytes,   10482176 total
- age   8:     149496 bytes,   10631672 total
: 98906K->11265K(109248K), 0,0117234 secs] 116033K->28396K(502464K), 0,0117904 secs] [Times: user=0,04 sys=0,00, real=0,01 secs] 
Heap after GC invocations=34 (full 1):
 par new generation   total 109248K, used 11265K [0x00000000e0000000, 0x00000000e8000000, 0x00000000e8000000)
  eden space 87424K,   0% used [0x00000000e0000000, 0x00000000e0000000, 0x00000000e5560000)
  from space 21824K,  51% used [0x00000000e5560000, 0x00000000e60606b8, 0x00000000e6ab0000)
  to   space 21824K,   0% used [0x00000000e6ab0000, 0x00000000e6ab0000, 0x00000000e8000000)
 concurrent mark-sweep generation total 393216K, used 17130K [0x00000000e8000000, 0x0000000100000000, 0x0000000100000000)
 Metaspace       used 34891K, capacity 35878K, committed 36040K, reserved 1081344K
  class space    used 3835K, capacity 4030K, committed 4040K, reserved 1048576K
}
2015-12-04T15:58:03.499-0500: 3046,220: Total time for which application threads were stopped: 0,0120047 seconds, Stopping threads took: 0,0000517 seconds
2015-12-04T15:58:03.499-0500: 3046,221: Total time for which application threads were stopped: 0,0001490 seconds, Stopping threads took: 0,0000443 seconds
2015-12-04T15:58:03.557-0500: 3046,279: Total time for which application threads were stopped: 0,0001531 seconds, Stopping threads took: 0,0000431 seconds
2015-12-04T15:58:03.558-0500: 3046,279: Total time for which application threads were stopped: 0,0001398 seconds, Stopping threads took: 0,0000389 seconds
2015-12-04T15:58:03.566-0500: 3046,287: Total time for which application threads were stopped: 0,0001569 seconds, Stopping threads took: 0,0000270 seconds
2015-12-04T15:58:03.566-0500: 3046,288: Total time for which application threads were stopped: 0,0000858 seconds, Stopping threads took: 0,0000334 seconds
2015-12-04T15:58:03.566-0500: 3046,288: Total time for which application threads were stopped: 0,0000401 seconds, Stopping threads took: 0,0000086 seconds
2015-12-04T15:58:03.566-0500: 3046,288: Total time for which application threads were stopped: 0,0000427 seconds, Stopping threads took: 0,0000087 seconds
2015-12-04T15:58:03.574-0500: 3046,296: Total time for which application threads were stopped: 0,0001177 seconds, Stopping threads took: 0,0000377 seconds
2015-12-04T15:58:03.574-0500: 3046,296: Total time for which application threads were stopped: 0,0000972 seconds, Stopping threads took: 0,0000518 seconds
2015-12-04T15:58:03.576-0500: 3046,297: Total time for which application threads were stopped: 0,0001132 seconds, Stopping threads took: 0,0000403 seconds
2015-12-04T15:58:03.576-0500: 3046,297: Total time for which application threads were stopped: 0,0000441 seconds, Stopping threads took: 0,0000082 seconds
2015-12-04T15:58:03.576-0500: 3046,297: Total time for which application threads were stopped: 0,0000334 seconds, Stopping threads took: 0,0000079 seconds
2015-12-04T15:58:03.576-0500: 3046,297: Total time for which application threads were stopped: 0,0000310 seconds, Stopping threads took: 0,0000071 seconds
2015-12-04T15:58:03.576-0500: 3046,297: Total time for which application threads were stopped: 0,0000310 seconds, Stopping threads took: 0,0000070 seconds
2015-12-04T15:58:03.576-0500: 3046,297: Total time for which application threads were stopped: 0,0000294 seconds, Stopping threads took: 0,0000069 seconds
2015-12-04T15:58:03.576-0500: 3046,297: Total time for which application threads were stopped: 0,0000296 seconds, Stopping threads took: 0,0000070 seconds
2015-12-04T15:58:03.576-0500: 3046,298: Total time for which application threads were stopped: 0,0000303 seconds, Stopping threads took: 0,0000070 seconds
2015-12-04T15:58:03.576-0500: 3046,298: Total time for which application threads were stopped: 0,0000317 seconds, Stopping threads took: 0,0000069 seconds
2015-12-04T15:58:03.576-0500: 3046,298: Total time for which application threads were stopped: 0,0000293 seconds, Stopping threads took: 0,0000068 seconds
2015-12-04T15:58:03.576-0500: 3046,298: Total time for which application threads were stopped: 0,0000294 seconds, Stopping threads took: 0,0000069 seconds
2015-12-04T15:58:03.576-0500: 3046,298: Total time for which application threads were stopped: 0,0000292 seconds, Stopping threads took: 0,0000068 seconds
2015-12-04T15:58:03.576-0500: 3046,298: Total time for which application threads were stopped: 0,0000327 seconds, Stopping threads took: 0,0000075 seconds
2015-12-04T15:58:03.576-0500: 3046,298: Total time for which application threads were stopped: 0,0000295 seconds, Stopping threads took: 0,0000069 seconds
2015-12-04T15:58:03.576-0500: 3046,298: Total time for which application threads were stopped: 0,0000291 seconds, Stopping threads took: 0,0000069 seconds
2015-12-04T15:58:03.576-0500: 3046,298: Total time for which application threads were stopped: 0,0000298 seconds, Stopping threads took: 0,0000069 seconds
2015-12-04T15:58:03.576-0500: 3046,298: Total time for which application threads were stopped: 0,0000294 seconds, Stopping threads took: 0,0000069 seconds
2015-12-04T15:58:03.576-0500: 3046,298: Total time for which application threads were stopped: 0,0000304 seconds, Stopping threads took: 0,0000070 seconds
2015-12-04T15:58:03.577-0500: 3046,298: Total time for which application threads were stopped: 0,0001118 seconds, Stopping threads took: 0,0000069 seconds
2015-12-04T15:58:03.579-0500: 3046,301: Total time for which application threads were stopped: 0,0000875 seconds, Stopping threads took: 0,0000237 seconds
2015-12-04T15:58:03.580-0500: 3046,301: Total time for which application threads were stopped: 0,0000829 seconds, Stopping threads took: 0,0000262 seconds
2015-12-04T15:58:03.584-0500: 3046,305: Total time for which application threads were stopped: 0,0001413 seconds, Stopping threads took: 0,0000601 seconds
2015-12-04T15:58:03.584-0500: 3046,306: Total time for which application threads were stopped: 0,0000743 seconds, Stopping threads took: 0,0000287 seconds
2015-12-04T15:58:03.585-0500: 3046,306: Total time for which application threads were stopped: 0,0000608 seconds, Stopping threads took: 0,0000227 seconds
2015-12-04T15:58:03.585-0500: 3046,306: Total time for which application threads were stopped: 0,0000518 seconds, Stopping threads took: 0,0000198 seconds
2015-12-04T15:58:03.585-0500: 3046,306: Total time for which application threads were stopped: 0,0000426 seconds, Stopping threads took: 0,0000151 seconds
2015-12-04T15:58:03.585-0500: 3046,306: Total time for which application threads were stopped: 0,0000472 seconds, Stopping threads took: 0,0000151 seconds
2015-12-04T15:58:03.594-0500: 3046,316: Total time for which application threads were stopped: 0,0001166 seconds, Stopping threads took: 0,0000263 seconds
2015-12-04T15:58:05.645-0500: 3048,366: Total time for which application threads were stopped: 0,0002104 seconds, Stopping threads took: 0,0000194 seconds
2015-12-04T15:58:05.647-0500: 3048,368: Total time for which application threads were stopped: 0,0001080 seconds, Stopping threads took: 0,0000188 seconds
2015-12-04T15:58:05.647-0500: 3048,368: Total time for which application threads were stopped: 0,0000431 seconds, Stopping threads took: 0,0000079 seconds
2015-12-04T15:58:05.648-0500: 3048,369: Total time for which application threads were stopped: 0,0001029 seconds, Stopping threads took: 0,0000352 seconds
2015-12-04T15:58:05.648-0500: 3048,369: Total time for which application threads were stopped: 0,0001135 seconds, Stopping threads took: 0,0000664 seconds
2015-12-04T15:58:06.555-0500: 3049,276: Total time for which application threads were stopped: 0,0001998 seconds, Stopping threads took: 0,0000445 seconds
2015-12-04T15:58:07.145-0500: 3049,866: Total time for which application threads were stopped: 0,0001381 seconds, Stopping threads took: 0,0000268 seconds
2015-12-04T15:58:07.152-0500: 3049,873: Total time for which application threads were stopped: 0,0001676 seconds, Stopping threads took: 0,0000316 seconds
2015-12-04T15:58:07.152-0500: 3049,873: Total time for which application threads were stopped: 0,0000672 seconds, Stopping threads took: 0,0000115 seconds
2015-12-04T15:58:07.153-0500: 3049,874: Total time for which application threads were stopped: 0,0001250 seconds, Stopping threads took: 0,0000128 seconds
2015-12-04T15:58:07.159-0500: 3049,881: Total time for which application threads were stopped: 0,0001482 seconds, Stopping threads took: 0,0000243 seconds
2015-12-04T15:58:07.159-0500: 3049,881: Total time for which application threads were stopped: 0,0000840 seconds, Stopping threads took: 0,0000124 seconds
2015-12-04T15:58:07.161-0500: 3049,883: Total time for which application threads were stopped: 0,0001764 seconds, Stopping threads took: 0,0000498 seconds
2015-12-04T15:58:07.162-0500: 3049,883: Total time for which application threads were stopped: 0,0000801 seconds, Stopping threads took: 0,0000216 seconds
2015-12-04T15:58:07.925-0500: 3050,646: Total time for which application threads were stopped: 0,0001337 seconds, Stopping threads took: 0,0000225 seconds
2015-12-04T15:58:07.925-0500: 3050,646: Total time for which application threads were stopped: 0,0000618 seconds, Stopping threads took: 0,0000098 seconds
2015-12-04T15:58:08.001-0500: 3050,723: Total time for which application threads were stopped: 0,0001602 seconds, Stopping threads took: 0,0000405 seconds
2015-12-04T15:58:09.975-0500: 3052,697: Total time for which application threads were stopped: 0,0001518 seconds, Stopping threads took: 0,0000510 seconds
2015-12-04T15:58:09.975-0500: 3052,697: Total time for which application threads were stopped: 0,0000555 seconds, Stopping threads took: 0,0000084 seconds
2015-12-04T15:58:09.976-0500: 3052,697: Total time for which application threads were stopped: 0,0000523 seconds, Stopping threads took: 0,0000108 seconds
2015-12-04T15:58:09.976-0500: 3052,697: Total time for which application threads were stopped: 0,0000557 seconds, Stopping threads took: 0,0000102 seconds
2015-12-04T15:58:09.976-0500: 3052,697: Total time for which application threads were stopped: 0,0000481 seconds, Stopping threads took: 0,0000084 seconds
2015-12-04T15:58:09.976-0500: 3052,697: Total time for which application threads were stopped: 0,0000758 seconds, Stopping threads took: 0,0000162 seconds
2015-12-04T15:58:09.976-0500: 3052,698: Total time for which application threads were stopped: 0,0000607 seconds, Stopping threads took: 0,0000122 seconds
2015-12-04T15:58:09.983-0500: 3052,704: Total time for which application threads were stopped: 0,0001300 seconds, Stopping threads took: 0,0000593 seconds
2015-12-04T15:58:09.990-0500: 3052,711: Total time for which application threads were stopped: 0,0000943 seconds, Stopping threads took: 0,0000179 seconds
2015-12-04T15:58:09.993-0500: 3052,714: Total time for which application threads were stopped: 0,0001171 seconds, Stopping threads took: 0,0000240 seconds
2015-12-04T15:58:09.999-0500: 3052,721: Total time for which application threads were stopped: 0,0001084 seconds, Stopping threads took: 0,0000284 seconds
2015-12-04T15:58:09.999-0500: 3052,721: Total time for which application threads were stopped: 0,0000888 seconds, Stopping threads took: 0,0000182 seconds
2015-12-04T15:58:10.000-0500: 3052,721: Total time for which application threads were stopped: 0,0001442 seconds, Stopping threads took: 0,0000286 seconds
2015-12-04T15:58:10.001-0500: 3052,722: Total time for which application threads were stopped: 0,0000548 seconds, Stopping threads took: 0,0000150 seconds
2015-12-04T15:58:10.001-0500: 3052,722: Total time for which application threads were stopped: 0,0000309 seconds, Stopping threads took: 0,0000083 seconds
2015-12-04T15:58:10.001-0500: 3052,722: Total time for which application threads were stopped: 0,0000253 seconds, Stopping threads took: 0,0000054 seconds
2015-12-04T15:58:10.014-0500: 3052,735: Total time for which application threads were stopped: 0,0000780 seconds, Stopping threads took: 0,0000209 seconds
2015-12-04T15:58:10.014-0500: 3052,736: Total time for which application threads were stopped: 0,0000346 seconds, Stopping threads took: 0,0000143 seconds
2015-12-04T15:58:10.015-0500: 3052,737: Total time for which application threads were stopped: 0,0000515 seconds, Stopping threads took: 0,0000101 seconds
2015-12-04T15:58:10.016-0500: 3052,737: Total time for which application threads were stopped: 0,0000441 seconds, Stopping threads took: 0,0000102 seconds
2015-12-04T15:58:10.016-0500: 3052,737: Total time for which application threads were stopped: 0,0000351 seconds, Stopping threads took: 0,0000082 seconds
2015-12-04T15:58:10.022-0500: 3052,744: Total time for which application threads were stopped: 0,0002268 seconds, Stopping threads took: 0,0001535 seconds
2015-12-04T15:58:10.023-0500: 3052,745: Total time for which application threads were stopped: 0,0000663 seconds, Stopping threads took: 0,0000138 seconds
2015-12-04T15:58:10.024-0500: 3052,745: Total time for which application threads were stopped: 0,0001171 seconds, Stopping threads took: 0,0000380 seconds
2015-12-04T15:58:10.026-0500: 3052,747: Total time for which application threads were stopped: 0,0000847 seconds, Stopping threads took: 0,0000187 seconds
2015-12-04T15:58:10.030-0500: 3052,751: Total time for which application threads were stopped: 0,0000726 seconds, Stopping threads took: 0,0000158 seconds
2015-12-04T15:58:10.035-0500: 3052,756: Total time for which application threads were stopped: 0,0001043 seconds, Stopping threads took: 0,0000257 seconds
2015-12-04T15:58:10.035-0500: 3052,756: Total time for which application threads were stopped: 0,0000456 seconds, Stopping threads took: 0,0000086 seconds
2015-12-04T15:58:10.035-0500: 3052,756: Total time for which application threads were stopped: 0,0000372 seconds, Stopping threads took: 0,0000072 seconds
2015-12-04T15:58:10.066-0500: 3052,788: Total time for which application threads were stopped: 0,0001061 seconds, Stopping threads took: 0,0000286 seconds
2015-12-04T15:58:10.073-0500: 3052,795: Total time for which application threads were stopped: 0,0001165 seconds, Stopping threads took: 0,0000267 seconds
2015-12-04T15:58:10.766-0500: 3053,487: Total time for which application threads were stopped: 0,0000948 seconds, Stopping threads took: 0,0000257 seconds
2015-12-04T15:58:11.497-0500: 3054,219: [GC (CMS Initial Mark) [1 CMS-initial-mark: 17130K(393216K)] 94273K(502464K), 0,0101908 secs] [Times: user=0,03 sys=0,00, real=0,01 secs] 
2015-12-04T15:58:11.507-0500: 3054,229: Total time for which application threads were stopped: 0,0103340 seconds, Stopping threads took: 0,0000266 seconds
2015-12-04T15:58:11.507-0500: 3054,229: [CMS-concurrent-mark-start]
2015-12-04T15:58:11.517-0500: 3054,238: [CMS-concurrent-mark: 0,009/0,009 secs] [Times: user=0,04 sys=0,00, real=0,01 secs] 
2015-12-04T15:58:11.517-0500: 3054,238: [CMS-concurrent-preclean-start]
2015-12-04T15:58:11.518-0500: 3054,240: [CMS-concurrent-preclean: 0,001/0,001 secs] [Times: user=0,00 sys=0,00, real=0,00 secs] 
2015-12-04T15:58:11.518-0500: 3054,240: [CMS-concurrent-abortable-preclean-start]
2015-12-04T15:58:12.508-0500: 3055,229: Total time for which application threads were stopped: 0,0000784 seconds, Stopping threads took: 0,0000194 seconds
2015-12-04T15:58:13.508-0500: 3056,229: Total time for which application threads were stopped: 0,0001707 seconds, Stopping threads took: 0,0000560 seconds
2015-12-04T15:58:14.508-0500: 3057,230: Total time for which application threads were stopped: 0,0000857 seconds, Stopping threads took: 0,0000241 seconds
2015-12-04T15:58:15.508-0500: 3058,230: Total time for which application threads were stopped: 0,0000810 seconds, Stopping threads took: 0,0000209 seconds
2015-12-04T15:58:16.508-0500: 3059,230: Total time for which application threads were stopped: 0,0000759 seconds, Stopping threads took: 0,0000192 seconds
 CMS: abort preclean due to time 2015-12-04T15:58:17.648-0500: 3060,370: [CMS-concurrent-abortable-preclean: 1,794/6,130 secs] [Times: user=1,97 sys=0,00, real=6,13 secs] 
2015-12-04T15:58:17.648-0500: 3060,370: [GC (CMS Final Remark) [YG occupancy: 87308 K (109248 K)]{Heap before GC invocations=34 (full 2):
 par new generation   total 109248K, used 87308K [0x00000000e0000000, 0x00000000e8000000, 0x00000000e8000000)
  eden space 87424K,  86% used [0x00000000e0000000, 0x00000000e4a42970, 0x00000000e5560000)
  from space 21824K,  51% used [0x00000000e5560000, 0x00000000e60606b8, 0x00000000e6ab0000)
  to   space 21824K,   0% used [0x00000000e6ab0000, 0x00000000e6ab0000, 0x00000000e8000000)
 concurrent mark-sweep generation total 393216K, used 17130K [0x00000000e8000000, 0x0000000100000000, 0x0000000100000000)
 Metaspace       used 36524K, capacity 37638K, committed 37820K, reserved 1083392K
  class space    used 3946K, capacity 4170K, committed 4244K, reserved 1048576K
2015-12-04T15:58:17.648-0500: 3060,370: [GC (CMS Final Remark) 2015-12-04T15:58:17.648-0500: 3060,370: [ParNew
Desired survivor size 20112992 bytes, new threshold 8 (max 8)
- age   1:    3114024 bytes,    3114024 total
- age   2:      83928 bytes,    3197952 total
- age   3:    5425344 bytes,    8623296 total
- age   4:    2657536 bytes,   11280832 total
- age   5:      85000 bytes,   11365832 total
- age   6:     828536 bytes,   12194368 total
- age   7:        680 bytes,   12195048 total
- age   8:     100528 bytes,   12295576 total
: 87308K->15370K(109248K), 0,0085673 secs] 104438K->32649K(502464K), 0,0086162 secs] [Times: user=0,03 sys=0,00, real=0,01 secs] 
Heap after GC invocations=35 (full 2):
 par new generation   total 109248K, used 15370K [0x00000000e0000000, 0x00000000e8000000, 0x00000000e8000000)
  eden space 87424K,   0% used [0x00000000e0000000, 0x00000000e0000000, 0x00000000e5560000)
  from space 21824K,  70% used [0x00000000e6ab0000, 0x00000000e79b2a20, 0x00000000e8000000)
  to   space 21824K,   0% used [0x00000000e5560000, 0x00000000e5560000, 0x00000000e6ab0000)
 concurrent mark-sweep generation total 393216K, used 17279K [0x00000000e8000000, 0x0000000100000000, 0x0000000100000000)
 Metaspace       used 36524K, capacity 37638K, committed 37820K, reserved 1083392K
  class space    used 3946K, capacity 4170K, committed 4244K, reserved 1048576K
}
2015-12-04T15:58:17.657-0500: 3060,379: [Rescan (parallel) , 0,0024341 secs]2015-12-04T15:58:17.660-0500: 3060,381: [weak refs processing, 0,0019094 secs]2015-12-04T15:58:17.661-0500: 3060,383: [class unloading, 0,0101079 secs]2015-12-04T15:58:17.672-0500: 3060,393: [scrub symbol table, 0,0030873 secs]2015-12-04T15:58:17.675-0500: 3060,396: [scrub string table, 0,0005753 secs][1 CMS-remark: 17279K(393216K)] 32649K(502464K), 0,0288012 secs] [Times: user=0,06 sys=0,00, real=0,03 secs] 
2015-12-04T15:58:17.677-0500: 3060,399: Total time for which application threads were stopped: 0,0289164 seconds, Stopping threads took: 0,0000310 seconds
2015-12-04T15:58:17.677-0500: 3060,399: [CMS-concurrent-sweep-start]
2015-12-04T15:58:17.678-0500: 3060,399: Total time for which application threads were stopped: 0,0001468 seconds, Stopping threads took: 0,0000909 seconds
2015-12-04T15:58:17.678-0500: 3060,399: Total time for which application threads were stopped: 0,0000510 seconds, Stopping threads took: 0,0000192 seconds
2015-12-04T15:58:17.678-0500: 3060,399: Total time for which application threads were stopped: 0,0000473 seconds, Stopping threads took: 0,0000179 seconds
2015-12-04T15:58:17.678-0500: 3060,399: Total time for which application threads were stopped: 0,0000576 seconds, Stopping threads took: 0,0000267 seconds
2015-12-04T15:58:17.678-0500: 3060,399: Total time for which application threads were stopped: 0,0000442 seconds, Stopping threads took: 0,0000052 seconds
2015-12-04T15:58:17.678-0500: 3060,400: Total time for which application threads were stopped: 0,0000269 seconds, Stopping threads took: 0,0000061 seconds
2015-12-04T15:58:17.678-0500: 3060,400: Total time for which application threads were stopped: 0,0000364 seconds, Stopping threads took: 0,0000052 seconds
2015-12-04T15:58:17.678-0500: 3060,400: Total time for which application threads were stopped: 0,0000264 seconds, Stopping threads took: 0,0000056 seconds
2015-12-04T15:58:17.678-0500: 3060,400: Total time for which application threads were stopped: 0,0000262 seconds, Stopping threads took: 0,0000053 seconds
2015-12-04T15:58:17.678-0500: 3060,400: Total time for which application threads were stopped: 0,0000262 seconds, Stopping threads took: 0,0000054 seconds
2015-12-04T15:58:17.678-0500: 3060,400: Total time for which application threads were stopped: 0,0000262 seconds, Stopping threads took: 0,0000054 seconds
2015-12-04T15:58:17.678-0500: 3060,400: Total time for which application threads were stopped: 0,0000349 seconds, Stopping threads took: 0,0000125 seconds
2015-12-04T15:58:17.678-0500: 3060,400: Total time for which application threads were stopped: 0,0000263 seconds, Stopping threads took: 0,0000054 seconds
2015-12-04T15:58:17.678-0500: 3060,400: Total time for which application threads were stopped: 0,0000261 seconds, Stopping threads took: 0,0000054 seconds
2015-12-04T15:58:17.679-0500: 3060,400: Total time for which application threads were stopped: 0,0000261 seconds, Stopping threads took: 0,0000054 seconds
2015-12-04T15:58:17.679-0500: 3060,400: Total time for which application threads were stopped: 0,0000262 seconds, Stopping threads took: 0,0000054 seconds
2015-12-04T15:58:17.679-0500: 3060,400: Total time for which application threads were stopped: 0,0000261 seconds, Stopping threads took: 0,0000054 seconds
2015-12-04T15:58:17.679-0500: 3060,400: Total time for which application threads were stopped: 0,0000962 seconds, Stopping threads took: 0,0000053 seconds
2015-12-04T15:58:17.679-0500: 3060,401: Total time for which application threads were stopped: 0,0000300 seconds, Stopping threads took: 0,0000056 seconds
2015-12-04T15:58:17.679-0500: 3060,401: Total time for which application threads were stopped: 0,0000241 seconds, Stopping threads took: 0,0000054 seconds
2015-12-04T15:58:17.679-0500: 3060,401: Total time for which application threads were stopped: 0,0000801 seconds, Stopping threads took: 0,0000128 seconds
2015-12-04T15:58:17.685-0500: 3060,407: [CMS-concurrent-sweep: 0,006/0,008 secs] [Times: user=0,01 sys=0,00, real=0,01 secs] 
2015-12-04T15:58:17.685-0500: 3060,407: [CMS-concurrent-reset-start]
2015-12-04T15:58:17.686-0500: 3060,407: [CMS-concurrent-reset: 0,001/0,001 secs] [Times: user=0,00 sys=0,00, real=0,00 secs] 
2015-12-04T15:58:18.680-0500: 3061,401: Total time for which application threads were stopped: 0,0001723 seconds, Stopping threads took: 0,0000228 seconds
2015-12-04T15:58:19.680-0500: 3062,401: Total time for which application threads were stopped: 0,0001197 seconds, Stopping threads took: 0,0000216 seconds
2015-12-04T15:58:20.680-0500: 3063,401: Total time for which application threads were stopped: 0,0000857 seconds, Stopping threads took: 0,0000213 seconds
2015-12-04T15:58:21.680-0500: 3064,402: Total time for which application threads were stopped: 0,0000939 seconds, Stopping threads took: 0,0000206 seconds
2015-12-04T15:58:22.774-0500: 3065,496: Total time for which application threads were stopped: 0,0001468 seconds, Stopping threads took: 0,0000421 seconds
2015-12-04T15:58:22.775-0500: 3065,496: Total time for which application threads were stopped: 0,0000650 seconds, Stopping threads took: 0,0000204 seconds
2015-12-04T15:58:22.800-0500: 3065,521: Total time for which application threads were stopped: 0,0001225 seconds, Stopping threads took: 0,0000325 seconds
2015-12-04T15:58:23.136-0500: 3065,857: Total time for which application threads were stopped: 0,0001007 seconds, Stopping threads took: 0,0000217 seconds
2015-12-04T15:58:23.138-0500: 3065,859: Total time for which application threads were stopped: 0,0001002 seconds, Stopping threads took: 0,0000472 seconds
2015-12-04T15:58:23.138-0500: 3065,859: Total time for which application threads were stopped: 0,0000414 seconds, Stopping threads took: 0,0000182 seconds
2015-12-04T15:58:23.138-0500: 3065,859: Total time for which application threads were stopped: 0,0000417 seconds, Stopping threads took: 0,0000081 seconds
2015-12-04T15:58:23.138-0500: 3065,860: Total time for which application threads were stopped: 0,0000373 seconds, Stopping threads took: 0,0000090 seconds
2015-12-04T15:58:23.138-0500: 3065,860: Total time for which application threads were stopped: 0,0000471 seconds, Stopping threads took: 0,0000054 seconds
2015-12-04T15:58:23.139-0500: 3065,861: Total time for which application threads were stopped: 0,0000378 seconds, Stopping threads took: 0,0000059 seconds
2015-12-04T15:58:23.351-0500: 3066,072: Total time for which application threads were stopped: 0,0001222 seconds, Stopping threads took: 0,0000259 seconds
2015-12-04T15:58:24.351-0500: 3067,073: Total time for which application threads were stopped: 0,0000844 seconds, Stopping threads took: 0,0000212 seconds
2015-12-04T15:58:33.352-0500: 3076,074: Total time for which application threads were stopped: 0,0001330 seconds, Stopping threads took: 0,0000448 seconds
2015-12-04T15:58:34.352-0500: 3077,074: Total time for which application threads were stopped: 0,0001791 seconds, Stopping threads took: 0,0000417 seconds
2015-12-04T15:58:49.354-0500: 3092,075: Total time for which application threads were stopped: 0,0000806 seconds, Stopping threads took: 0,0000209 seconds
2015-12-04T15:58:57.355-0500: 3100,076: Total time for which application threads were stopped: 0,0000955 seconds, Stopping threads took: 0,0000322 seconds
2015-12-04T15:58:58.355-0500: 3101,076: Total time for which application threads were stopped: 0,0001635 seconds, Stopping threads took: 0,0000413 seconds
2015-12-04T15:59:07.162-0500: 3109,884: Total time for which application threads were stopped: 0,0001388 seconds, Stopping threads took: 0,0000285 seconds
2015-12-04T15:59:32.165-0500: 3134,886: Total time for which application threads were stopped: 0,0001574 seconds, Stopping threads took: 0,0000550 seconds
2015-12-04T15:59:35.165-0500: 3137,887: Total time for which application threads were stopped: 0,0001782 seconds, Stopping threads took: 0,0000441 seconds
2015-12-04T15:59:39.166-0500: 3141,887: Total time for which application threads were stopped: 0,0000828 seconds, Stopping threads took: 0,0000283 seconds
2015-12-04T16:00:44.172-0500: 3206,894: Total time for which application threads were stopped: 0,0001904 seconds, Stopping threads took: 0,0000662 seconds
2015-12-04T16:00:57.174-0500: 3219,895: Total time for which application threads were stopped: 0,0001424 seconds, Stopping threads took: 0,0000430 seconds
2015-12-04T16:01:42.178-0500: 3264,900: Total time for which application threads were stopped: 0,0001361 seconds, Stopping threads took: 0,0000488 seconds
2015-12-04T16:01:50.179-0500: 3272,901: Total time for which application threads were stopped: 0,0000743 seconds, Stopping threads took: 0,0000195 seconds
2015-12-04T16:01:55.180-0500: 3277,901: Total time for which application threads were stopped: 0,0000842 seconds, Stopping threads took: 0,0000192 seconds
2015-12-04T16:01:56.180-0500: 3278,902: Total time for which application threads were stopped: 0,0002037 seconds, Stopping threads took: 0,0000706 seconds
2015-12-04T16:01:56.215-0500: 3278,937: Total time for which application threads were stopped: 0,0001881 seconds, Stopping threads took: 0,0000471 seconds
{Heap before GC invocations=35 (full 2):
 par new generation   total 109248K, used 102794K [0x00000000e0000000, 0x00000000e8000000, 0x00000000e8000000)
  eden space 87424K, 100% used [0x00000000e0000000, 0x00000000e5560000, 0x00000000e5560000)
  from space 21824K,  70% used [0x00000000e6ab0000, 0x00000000e79b2a20, 0x00000000e8000000)
  to   space 21824K,   0% used [0x00000000e5560000, 0x00000000e5560000, 0x00000000e6ab0000)
 concurrent mark-sweep generation total 393216K, used 15765K [0x00000000e8000000, 0x0000000100000000, 0x0000000100000000)
 Metaspace       used 36408K, capacity 37218K, committed 37820K, reserved 1083392K
  class space    used 3929K, capacity 4145K, committed 4244K, reserved 1048576K
2015-12-04T16:01:56.258-0500: 3278,979: [GC (Allocation Failure) 2015-12-04T16:01:56.258-0500: 3278,979: [ParNew
Desired survivor size 20112992 bytes, new threshold 8 (max 8)
- age   1:    2695624 bytes,    2695624 total
- age   2:    1808432 bytes,    4504056 total
- age   3:      83880 bytes,    4587936 total
- age   4:    5353384 bytes,    9941320 total
- age   5:    1120656 bytes,   11061976 total
- age   6:       1200 bytes,   11063176 total
- age   7:     244696 bytes,   11307872 total
- age   8:        680 bytes,   11308552 total
: 102794K->13910K(109248K), 0,0063464 secs] 118560K->29775K(502464K), 0,0064173 secs] [Times: user=0,03 sys=0,00, real=0,01 secs] 
Heap after GC invocations=36 (full 2):
 par new generation   total 109248K, used 13910K [0x00000000e0000000, 0x00000000e8000000, 0x00000000e8000000)
  eden space 87424K,   0% used [0x00000000e0000000, 0x00000000e0000000, 0x00000000e5560000)
  from space 21824K,  63% used [0x00000000e5560000, 0x00000000e62f58b0, 0x00000000e6ab0000)
  to   space 21824K,   0% used [0x00000000e6ab0000, 0x00000000e6ab0000, 0x00000000e8000000)
 concurrent mark-sweep generation total 393216K, used 15865K [0x00000000e8000000, 0x0000000100000000, 0x0000000100000000)
 Metaspace       used 36408K, capacity 37218K, committed 37820K, reserved 1083392K
  class space    used 3929K, capacity 4145K, committed 4244K, reserved 1048576K
}
2015-12-04T16:01:56.264-0500: 3278,986: Total time for which application threads were stopped: 0,0066216 seconds, Stopping threads took: 0,0000328 seconds
2015-12-04T16:01:56.265-0500: 3278,986: Total time for which application threads were stopped: 0,0001047 seconds, Stopping threads took: 0,0000397 seconds
2015-12-04T16:01:56.265-0500: 3278,986: Total time for which application threads were stopped: 0,0000603 seconds, Stopping threads took: 0,0000106 seconds
2015-12-04T16:01:56.265-0500: 3278,986: Total time for which application threads were stopped: 0,0000660 seconds, Stopping threads took: 0,0000279 seconds
{Heap before GC invocations=36 (full 2):
 par new generation   total 109248K, used 101334K [0x00000000e0000000, 0x00000000e8000000, 0x00000000e8000000)
  eden space 87424K, 100% used [0x00000000e0000000, 0x00000000e5560000, 0x00000000e5560000)
  from space 21824K,  63% used [0x00000000e5560000, 0x00000000e62f58b0, 0x00000000e6ab0000)
  to   space 21824K,   0% used [0x00000000e6ab0000, 0x00000000e6ab0000, 0x00000000e8000000)
 concurrent mark-sweep generation total 393216K, used 15865K [0x00000000e8000000, 0x0000000100000000, 0x0000000100000000)
 Metaspace       used 36408K, capacity 37218K, committed 37820K, reserved 1083392K
  class space    used 3929K, capacity 4145K, committed 4244K, reserved 1048576K
2015-12-04T16:01:56.308-0500: 3279,029: [GC (Allocation Failure) 2015-12-04T16:01:56.308-0500: 3279,030: [ParNew
Desired survivor size 20112992 bytes, new threshold 8 (max 8)
- age   1:     169056 bytes,     169056 total
- age   2:    2308952 bytes,    2478008 total
- age   3:    1803392 bytes,    4281400 total
- age   4:      83880 bytes,    4365280 total
- age   5:    5353384 bytes,    9718664 total
- age   6:    1082768 bytes,   10801432 total
- age   7:       1200 bytes,   10802632 total
- age   8:     243112 bytes,   11045744 total
: 101334K->13280K(109248K), 0,0059476 secs] 117199K->29146K(502464K), 0,0060251 secs] [Times: user=0,02 sys=0,00, real=0,01 secs] 
Heap after GC invocations=37 (full 2):
 par new generation   total 109248K, used 13280K [0x00000000e0000000, 0x00000000e8000000, 0x00000000e8000000)
  eden space 87424K,   0% used [0x00000000e0000000, 0x00000000e0000000, 0x00000000e5560000)
  from space 21824K,  60% used [0x00000000e6ab0000, 0x00000000e77a8140, 0x00000000e8000000)
  to   space 21824K,   0% used [0x00000000e5560000, 0x00000000e5560000, 0x00000000e6ab0000)
 concurrent mark-sweep generation total 393216K, used 15866K [0x00000000e8000000, 0x0000000100000000, 0x0000000100000000)
 Metaspace       used 36408K, capacity 37218K, committed 37820K, reserved 1083392K
  class space    used 3929K, capacity 4145K, committed 4244K, reserved 1048576K
}
2015-12-04T16:01:56.314-0500: 3279,036: Total time for which application threads were stopped: 0,0062228 seconds, Stopping threads took: 0,0000356 seconds
2015-12-04T16:01:56.314-0500: 3279,036: Total time for which application threads were stopped: 0,0001390 seconds, Stopping threads took: 0,0000329 seconds
2015-12-04T16:01:56.314-0500: 3279,036: Total time for which application threads were stopped: 0,0000650 seconds, Stopping threads took: 0,0000154 seconds
2015-12-04T16:01:56.359-0500: 3279,081: Total time for which application threads were stopped: 0,0001722 seconds, Stopping threads took: 0,0000335 seconds
2015-12-04T16:01:56.367-0500: 3279,088: Total time for which application threads were stopped: 0,0001509 seconds, Stopping threads took: 0,0000337 seconds
2015-12-04T16:01:56.367-0500: 3279,089: Total time for which application threads were stopped: 0,0000524 seconds, Stopping threads took: 0,0000140 seconds
2015-12-04T16:01:56.367-0500: 3279,089: Total time for which application threads were stopped: 0,0000365 seconds, Stopping threads took: 0,0000091 seconds
2015-12-04T16:01:56.374-0500: 3279,096: Total time for which application threads were stopped: 0,0001151 seconds, Stopping threads took: 0,0000342 seconds
2015-12-04T16:01:56.374-0500: 3279,096: Total time for which application threads were stopped: 0,0000670 seconds, Stopping threads took: 0,0000296 seconds
2015-12-04T16:01:56.375-0500: 3279,097: Total time for which application threads were stopped: 0,0000830 seconds, Stopping threads took: 0,0000160 seconds
2015-12-04T16:01:56.377-0500: 3279,098: Total time for which application threads were stopped: 0,0000962 seconds, Stopping threads took: 0,0000334 seconds
2015-12-04T16:01:56.377-0500: 3279,098: Total time for which application threads were stopped: 0,0000465 seconds, Stopping threads took: 0,0000187 seconds
2015-12-04T16:01:56.377-0500: 3279,098: Total time for which application threads were stopped: 0,0000401 seconds, Stopping threads took: 0,0000065 seconds
2015-12-04T16:01:56.377-0500: 3279,099: Total time for which application threads were stopped: 0,0000550 seconds, Stopping threads took: 0,0000140 seconds
2015-12-04T16:01:56.377-0500: 3279,099: Total time for which application threads were stopped: 0,0000465 seconds, Stopping threads took: 0,0000188 seconds
2015-12-04T16:01:56.377-0500: 3279,099: Total time for which application threads were stopped: 0,0000375 seconds, Stopping threads took: 0,0000090 seconds
2015-12-04T16:01:56.377-0500: 3279,099: Total time for which application threads were stopped: 0,0000319 seconds, Stopping threads took: 0,0000070 seconds
2015-12-04T16:01:56.377-0500: 3279,099: Total time for which application threads were stopped: 0,0000312 seconds, Stopping threads took: 0,0000070 seconds
2015-12-04T16:01:56.377-0500: 3279,099: Total time for which application threads were stopped: 0,0000312 seconds, Stopping threads took: 0,0000070 seconds
2015-12-04T16:01:56.377-0500: 3279,099: Total time for which application threads were stopped: 0,0000311 seconds, Stopping threads took: 0,0000068 seconds
2015-12-04T16:01:56.378-0500: 3279,099: Total time for which application threads were stopped: 0,0000310 seconds, Stopping threads took: 0,0000069 seconds
2015-12-04T16:01:56.378-0500: 3279,099: Total time for which application threads were stopped: 0,0000309 seconds, Stopping threads took: 0,0000069 seconds
2015-12-04T16:01:56.378-0500: 3279,099: Total time for which application threads were stopped: 0,0000347 seconds, Stopping threads took: 0,0000074 seconds
2015-12-04T16:01:56.378-0500: 3279,099: Total time for which application threads were stopped: 0,0000312 seconds, Stopping threads took: 0,0000069 seconds
2015-12-04T16:01:56.378-0500: 3279,099: Total time for which application threads were stopped: 0,0000312 seconds, Stopping threads took: 0,0000069 seconds
2015-12-04T16:01:56.378-0500: 3279,099: Total time for which application threads were stopped: 0,0000312 seconds, Stopping threads took: 0,0000070 seconds
2015-12-04T16:01:56.378-0500: 3279,099: Total time for which application threads were stopped: 0,0000311 seconds, Stopping threads took: 0,0000069 seconds
2015-12-04T16:01:56.378-0500: 3279,099: Total time for which application threads were stopped: 0,0000324 seconds, Stopping threads took: 0,0000069 seconds
2015-12-04T16:01:56.378-0500: 3279,099: Total time for which application threads were stopped: 0,0001090 seconds, Stopping threads took: 0,0000069 seconds
2015-12-04T16:01:56.379-0500: 3279,101: Total time for which application threads were stopped: 0,0000379 seconds, Stopping threads took: 0,0000079 seconds
2015-12-04T16:01:56.379-0500: 3279,101: Total time for which application threads were stopped: 0,0000333 seconds, Stopping threads took: 0,0000088 seconds
2015-12-04T16:01:56.380-0500: 3279,101: Total time for which application threads were stopped: 0,0000416 seconds, Stopping threads took: 0,0000136 seconds
2015-12-04T16:01:56.383-0500: 3279,105: Total time for which application threads were stopped: 0,0001376 seconds, Stopping threads took: 0,0000400 seconds
2015-12-04T16:01:56.384-0500: 3279,105: Total time for which application threads were stopped: 0,0000632 seconds, Stopping threads took: 0,0000208 seconds
2015-12-04T16:01:56.388-0500: 3279,109: Total time for which application threads were stopped: 0,0035535 seconds, Stopping threads took: 0,0034937 seconds
2015-12-04T16:01:56.388-0500: 3279,110: Total time for which application threads were stopped: 0,0000770 seconds, Stopping threads took: 0,0000246 seconds
2015-12-04T16:01:56.389-0500: 3279,110: Total time for which application threads were stopped: 0,0000408 seconds, Stopping threads took: 0,0000118 seconds
2015-12-04T16:01:56.389-0500: 3279,110: Total time for which application threads were stopped: 0,0000488 seconds, Stopping threads took: 0,0000239 seconds
2015-12-04T16:01:56.389-0500: 3279,110: Total time for which application threads were stopped: 0,0001216 seconds, Stopping threads took: 0,0000110 seconds
2015-12-04T16:01:56.399-0500: 3279,120: Total time for which application threads were stopped: 0,0001435 seconds, Stopping threads took: 0,0000302 seconds
2015-12-04T16:01:57.400-0500: 3280,122: Total time for which application threads were stopped: 0,0000801 seconds, Stopping threads took: 0,0000206 seconds
2015-12-04T16:01:58.159-0500: 3280,881: Total time for which application threads were stopped: 0,0001863 seconds, Stopping threads took: 0,0000321 seconds
2015-12-04T16:01:58.161-0500: 3280,883: Total time for which application threads were stopped: 0,0001335 seconds, Stopping threads took: 0,0000424 seconds
2015-12-04T16:01:58.162-0500: 3280,884: Total time for which application threads were stopped: 0,0001555 seconds, Stopping threads took: 0,0000621 seconds
2015-12-04T16:01:58.164-0500: 3280,885: Total time for which application threads were stopped: 0,0001493 seconds, Stopping threads took: 0,0000209 seconds
2015-12-04T16:01:58.164-0500: 3280,886: Total time for which application threads were stopped: 0,0000770 seconds, Stopping threads took: 0,0000139 seconds
2015-12-04T16:01:58.166-0500: 3280,887: Total time for which application threads were stopped: 0,0000847 seconds, Stopping threads took: 0,0000197 seconds
2015-12-04T16:01:58.166-0500: 3280,887: Total time for which application threads were stopped: 0,0000389 seconds, Stopping threads took: 0,0000069 seconds
2015-12-04T16:01:58.565-0500: 3281,286: Total time for which application threads were stopped: 0,0001565 seconds, Stopping threads took: 0,0000352 seconds
2015-12-04T16:01:58.749-0500: 3281,471: Total time for which application threads were stopped: 0,0001146 seconds, Stopping threads took: 0,0000266 seconds
2015-12-04T16:01:58.778-0500: 3281,500: Total time for which application threads were stopped: 0,0000994 seconds, Stopping threads took: 0,0000224 seconds
2015-12-04T16:01:58.783-0500: 3281,505: Total time for which application threads were stopped: 0,0001346 seconds, Stopping threads took: 0,0000221 seconds
2015-12-04T16:02:00.760-0500: 3283,482: Total time for which application threads were stopped: 0,0002388 seconds, Stopping threads took: 0,0000604 seconds
2015-12-04T16:02:00.763-0500: 3283,484: Total time for which application threads were stopped: 0,0001893 seconds, Stopping threads took: 0,0000345 seconds
2015-12-04T16:02:00.763-0500: 3283,485: Total time for which application threads were stopped: 0,0001379 seconds, Stopping threads took: 0,0000220 seconds
2015-12-04T16:02:00.764-0500: 3283,485: Total time for which application threads were stopped: 0,0001827 seconds, Stopping threads took: 0,0000428 seconds
2015-12-04T16:02:00.764-0500: 3283,485: Total time for which application threads were stopped: 0,0001548 seconds, Stopping threads took: 0,0000242 seconds
2015-12-04T16:02:00.764-0500: 3283,486: Total time for which application threads were stopped: 0,0001370 seconds, Stopping threads took: 0,0000275 seconds
2015-12-04T16:02:00.765-0500: 3283,486: Total time for which application threads were stopped: 0,0001034 seconds, Stopping threads took: 0,0000175 seconds
2015-12-04T16:02:00.776-0500: 3283,498: Total time for which application threads were stopped: 0,0001897 seconds, Stopping threads took: 0,0000694 seconds
2015-12-04T16:02:00.791-0500: 3283,513: Total time for which application threads were stopped: 0,0001313 seconds, Stopping threads took: 0,0000307 seconds
2015-12-04T16:02:00.805-0500: 3283,526: Total time for which application threads were stopped: 0,0001655 seconds, Stopping threads took: 0,0000768 seconds
2015-12-04T16:02:00.806-0500: 3283,527: Total time for which application threads were stopped: 0,0002635 seconds, Stopping threads took: 0,0001146 seconds
2015-12-04T16:02:00.806-0500: 3283,527: Total time for which application threads were stopped: 0,0001300 seconds, Stopping threads took: 0,0000789 seconds
2015-12-04T16:02:00.806-0500: 3283,528: Total time for which application threads were stopped: 0,0000701 seconds, Stopping threads took: 0,0000244 seconds
2015-12-04T16:02:00.807-0500: 3283,529: Total time for which application threads were stopped: 0,0001014 seconds, Stopping threads took: 0,0000207 seconds
2015-12-04T16:02:00.807-0500: 3283,529: Total time for which application threads were stopped: 0,0000515 seconds, Stopping threads took: 0,0000125 seconds
2015-12-04T16:02:00.809-0500: 3283,530: Total time for which application threads were stopped: 0,0003994 seconds, Stopping threads took: 0,0002182 seconds
2015-12-04T16:02:00.809-0500: 3283,531: Total time for which application threads were stopped: 0,0001762 seconds, Stopping threads took: 0,0000507 seconds
2015-12-04T16:02:00.810-0500: 3283,531: Total time for which application threads were stopped: 0,0000695 seconds, Stopping threads took: 0,0000215 seconds
2015-12-04T16:02:00.810-0500: 3283,531: Total time for which application threads were stopped: 0,0000602 seconds, Stopping threads took: 0,0000120 seconds
2015-12-04T16:02:00.810-0500: 3283,532: Total time for which application threads were stopped: 0,0000792 seconds, Stopping threads took: 0,0000188 seconds
2015-12-04T16:02:00.823-0500: 3283,545: Total time for which application threads were stopped: 0,0001229 seconds, Stopping threads took: 0,0000251 seconds
2015-12-04T16:02:00.824-0500: 3283,545: Total time for which application threads were stopped: 0,0000601 seconds, Stopping threads took: 0,0000108 seconds
2015-12-04T16:02:01.824-0500: 3284,545: Total time for which application threads were stopped: 0,0000920 seconds, Stopping threads took: 0,0000210 seconds
2015-12-04T16:02:03.824-0500: 3286,546: Total time for which application threads were stopped: 0,0000796 seconds, Stopping threads took: 0,0000185 seconds
2015-12-04T16:02:04.824-0500: 3287,546: Total time for which application threads were stopped: 0,0000971 seconds, Stopping threads took: 0,0000181 seconds
2015-12-04T16:02:05.825-0500: 3288,546: Total time for which application threads were stopped: 0,0001061 seconds, Stopping threads took: 0,0000231 seconds
2015-12-04T16:02:06.825-0500: 3289,546: Total time for which application threads were stopped: 0,0000858 seconds, Stopping threads took: 0,0000213 seconds
2015-12-04T16:02:11.825-0500: 3294,547: Total time for which application threads were stopped: 0,0002030 seconds, Stopping threads took: 0,0000468 seconds
2015-12-04T16:02:12.826-0500: 3295,547: Total time for which application threads were stopped: 0,0000830 seconds, Stopping threads took: 0,0000206 seconds
2015-12-04T16:02:13.421-0500: 3296,142: Total time for which application threads were stopped: 0,0002318 seconds, Stopping threads took: 0,0001025 seconds
2015-12-04T16:02:13.421-0500: 3296,143: Total time for which application threads were stopped: 0,0000780 seconds, Stopping threads took: 0,0000207 seconds
{Heap before GC invocations=37 (full 2):
 par new generation   total 109248K, used 100704K [0x00000000e0000000, 0x00000000e8000000, 0x00000000e8000000)
  eden space 87424K, 100% used [0x00000000e0000000, 0x00000000e5560000, 0x00000000e5560000)
  from space 21824K,  60% used [0x00000000e6ab0000, 0x00000000e77a8140, 0x00000000e8000000)
  to   space 21824K,   0% used [0x00000000e5560000, 0x00000000e5560000, 0x00000000e6ab0000)
 concurrent mark-sweep generation total 393216K, used 15866K [0x00000000e8000000, 0x0000000100000000, 0x0000000100000000)
 Metaspace       used 37972K, capacity 38868K, committed 39188K, reserved 1083392K
  class space    used 4025K, capacity 4250K, committed 4372K, reserved 1048576K
2015-12-04T16:02:13.451-0500: 3296,173: [GC (Allocation Failure) 2015-12-04T16:02:13.451-0500: 3296,173: [ParNew
Desired survivor size 20112992 bytes, new threshold 8 (max 8)
- age   1:    4306816 bytes,    4306816 total
- age   2:      83904 bytes,    4390720 total
- age   3:    1136664 bytes,    5527384 total
- age   4:    1784032 bytes,    7311416 total
- age   5:      83880 bytes,    7395296 total
- age   6:    3125024 bytes,   10520320 total
- age   7:    1082608 bytes,   11602928 total
- age   8:       1200 bytes,   11604128 total
: 100704K->12920K(109248K), 0,0081304 secs] 116570K->29027K(502464K), 0,0082077 secs] [Times: user=0,03 sys=0,00, real=0,01 secs] 
Heap after GC invocations=38 (full 2):
 par new generation   total 109248K, used 12920K [0x00000000e0000000, 0x00000000e8000000, 0x00000000e8000000)
  eden space 87424K,   0% used [0x00000000e0000000, 0x00000000e0000000, 0x00000000e5560000)
  from space 21824K,  59% used [0x00000000e5560000, 0x00000000e61fe0d8, 0x00000000e6ab0000)
  to   space 21824K,   0% used [0x00000000e6ab0000, 0x00000000e6ab0000, 0x00000000e8000000)
 concurrent mark-sweep generation total 393216K, used 16107K [0x00000000e8000000, 0x0000000100000000, 0x0000000100000000)
 Metaspace       used 37972K, capacity 38868K, committed 39188K, reserved 1083392K
  class space    used 4025K, capacity 4250K, committed 4372K, reserved 1048576K
}
2015-12-04T16:02:13.460-0500: 3296,181: Total time for which application threads were stopped: 0,0083851 seconds, Stopping threads took: 0,0000260 seconds
2015-12-04T16:02:13.460-0500: 3296,182: Total time for which application threads were stopped: 0,0001820 seconds, Stopping threads took: 0,0000294 seconds
2015-12-04T16:02:13.800-0500: 3296,521: Total time for which application threads were stopped: 0,0001097 seconds, Stopping threads took: 0,0000323 seconds
2015-12-04T16:02:13.802-0500: 3296,523: Total time for which application threads were stopped: 0,0000714 seconds, Stopping threads took: 0,0000242 seconds
2015-12-04T16:02:13.802-0500: 3296,523: Total time for which application threads were stopped: 0,0000597 seconds, Stopping threads took: 0,0000309 seconds
2015-12-04T16:02:13.802-0500: 3296,523: Total time for which application threads were stopped: 0,0000527 seconds, Stopping threads took: 0,0000185 seconds
2015-12-04T16:02:13.802-0500: 3296,524: Total time for which application threads were stopped: 0,0000541 seconds, Stopping threads took: 0,0000164 seconds
2015-12-04T16:02:14.003-0500: 3296,724: Total time for which application threads were stopped: 0,0001902 seconds, Stopping threads took: 0,0000387 seconds
2015-12-04T16:02:18.003-0500: 3300,725: Total time for which application threads were stopped: 0,0000978 seconds, Stopping threads took: 0,0000249 seconds
2015-12-04T16:02:20.004-0500: 3302,725: Total time for which application threads were stopped: 0,0000897 seconds, Stopping threads took: 0,0000203 seconds
2015-12-04T16:02:29.005-0500: 3311,726: Total time for which application threads were stopped: 0,0000965 seconds, Stopping threads took: 0,0000322 seconds
2015-12-04T16:02:58.166-0500: 3340,887: Total time for which application threads were stopped: 0,0001394 seconds, Stopping threads took: 0,0000501 seconds
2015-12-04T16:02:59.166-0500: 3341,888: Total time for which application threads were stopped: 0,0000758 seconds, Stopping threads took: 0,0000195 seconds
2015-12-04T16:03:05.167-0500: 3347,888: Total time for which application threads were stopped: 0,0000839 seconds, Stopping threads took: 0,0000213 seconds
2015-12-04T16:03:26.169-0500: 3368,890: Total time for which application threads were stopped: 0,0000785 seconds, Stopping threads took: 0,0000205 seconds
2015-12-04T16:03:35.170-0500: 3377,891: Total time for which application threads were stopped: 0,0001942 seconds, Stopping threads took: 0,0000665 seconds
2015-12-04T16:03:39.170-0500: 3381,892: Total time for which application threads were stopped: 0,0000821 seconds, Stopping threads took: 0,0000223 seconds
2015-12-04T16:03:40.686-0500: 3383,408: Total time for which application threads were stopped: 0,0001624 seconds, Stopping threads took: 0,0000688 seconds
{Heap before GC invocations=38 (full 2):
 par new generation   total 109248K, used 100344K [0x00000000e0000000, 0x00000000e8000000, 0x00000000e8000000)
  eden space 87424K, 100% used [0x00000000e0000000, 0x00000000e5560000, 0x00000000e5560000)
  from space 21824K,  59% used [0x00000000e5560000, 0x00000000e61fe0d8, 0x00000000e6ab0000)
  to   space 21824K,   0% used [0x00000000e6ab0000, 0x00000000e6ab0000, 0x00000000e8000000)
 concurrent mark-sweep generation total 393216K, used 16107K [0x00000000e8000000, 0x0000000100000000, 0x0000000100000000)
 Metaspace       used 38003K, capacity 38868K, committed 39188K, reserved 1083392K
  class space    used 4027K, capacity 4250K, committed 4372K, reserved 1048576K
2015-12-04T16:03:40.791-0500: 3383,513: [GC (Allocation Failure) 2015-12-04T16:03:40.791-0500: 3383,513: [ParNew
Desired survivor size 20112992 bytes, new threshold 8 (max 8)
- age   1:    2703896 bytes,    2703896 total
- age   2:    2131136 bytes,    4835032 total
- age   3:      83904 bytes,    4918936 total
- age   4:     800144 bytes,    5719080 total
- age   5:     577272 bytes,    6296352 total
- age   6:       1360 bytes,    6297712 total
- age   7:    4776744 bytes,   11074456 total
- age   8:    1082160 bytes,   12156616 total
: 100344K->13908K(109248K), 0,0071581 secs] 116451K->30017K(502464K), 0,0072116 secs] [Times: user=0,02 sys=0,00, real=0,01 secs] 
Heap after GC invocations=39 (full 2):
 par new generation   total 109248K, used 13908K [0x00000000e0000000, 0x00000000e8000000, 0x00000000e8000000)
  eden space 87424K,   0% used [0x00000000e0000000, 0x00000000e0000000, 0x00000000e5560000)
  from space 21824K,  63% used [0x00000000e6ab0000, 0x00000000e78453f0, 0x00000000e8000000)
  to   space 21824K,   0% used [0x00000000e5560000, 0x00000000e5560000, 0x00000000e6ab0000)
 concurrent mark-sweep generation total 393216K, used 16108K [0x00000000e8000000, 0x0000000100000000, 0x0000000100000000)
 Metaspace       used 38003K, capacity 38868K, committed 39188K, reserved 1083392K
  class space    used 4027K, capacity 4250K, committed 4372K, reserved 1048576K
}
2015-12-04T16:03:40.798-0500: 3383,520: Total time for which application threads were stopped: 0,0074343 seconds, Stopping threads took: 0,0000278 seconds
2015-12-04T16:03:40.799-0500: 3383,520: Total time for which application threads were stopped: 0,0000854 seconds, Stopping threads took: 0,0000173 seconds
2015-12-04T16:03:40.799-0500: 3383,520: Total time for which application threads were stopped: 0,0000736 seconds, Stopping threads took: 0,0000169 seconds
2015-12-04T16:03:40.799-0500: 3383,520: Total time for which application threads were stopped: 0,0000471 seconds, Stopping threads took: 0,0000072 seconds
{Heap before GC invocations=39 (full 2):
 par new generation   total 109248K, used 101332K [0x00000000e0000000, 0x00000000e8000000, 0x00000000e8000000)
  eden space 87424K, 100% used [0x00000000e0000000, 0x00000000e5560000, 0x00000000e5560000)
  from space 21824K,  63% used [0x00000000e6ab0000, 0x00000000e78453f0, 0x00000000e8000000)
  to   space 21824K,   0% used [0x00000000e5560000, 0x00000000e5560000, 0x00000000e6ab0000)
 concurrent mark-sweep generation total 393216K, used 16108K [0x00000000e8000000, 0x0000000100000000, 0x0000000100000000)
 Metaspace       used 38003K, capacity 38868K, committed 39188K, reserved 1083392K
  class space    used 4027K, capacity 4250K, committed 4372K, reserved 1048576K
2015-12-04T16:03:40.844-0500: 3383,565: [GC (Allocation Failure) 2015-12-04T16:03:40.844-0500: 3383,565: [ParNew
Desired survivor size 20112992 bytes, new threshold 8 (max 8)
- age   1:     254976 bytes,     254976 total
- age   2:    2136888 bytes,    2391864 total
- age   3:    2124136 bytes,    4516000 total
- age   4:      83888 bytes,    4599888 total
- age   5:     800144 bytes,    5400032 total
- age   6:     577272 bytes,    5977304 total
- age   7:       1360 bytes,    5978664 total
- age   8:    4743152 bytes,   10721816 total
: 101332K->13790K(109248K), 0,0084558 secs] 117441K->30968K(502464K), 0,0085264 secs] [Times: user=0,03 sys=0,00, real=0,01 secs] 
Heap after GC invocations=40 (full 2):
 par new generation   total 109248K, used 13790K [0x00000000e0000000, 0x00000000e8000000, 0x00000000e8000000)
  eden space 87424K,   0% used [0x00000000e0000000, 0x00000000e0000000, 0x00000000e5560000)
  from space 21824K,  63% used [0x00000000e5560000, 0x00000000e62d7be8, 0x00000000e6ab0000)
  to   space 21824K,   0% used [0x00000000e6ab0000, 0x00000000e6ab0000, 0x00000000e8000000)
 concurrent mark-sweep generation total 393216K, used 17177K [0x00000000e8000000, 0x0000000100000000, 0x0000000100000000)
 Metaspace       used 38003K, capacity 38868K, committed 39188K, reserved 1083392K
  class space    used 4027K, capacity 4250K, committed 4372K, reserved 1048576K
}
2015-12-04T16:03:40.853-0500: 3383,574: Total time for which application threads were stopped: 0,0086979 seconds, Stopping threads took: 0,0000271 seconds
2015-12-04T16:03:40.853-0500: 3383,574: Total time for which application threads were stopped: 0,0001413 seconds, Stopping threads took: 0,0000350 seconds
2015-12-04T16:03:40.853-0500: 3383,574: Total time for which application threads were stopped: 0,0000762 seconds, Stopping threads took: 0,0000194 seconds
2015-12-04T16:03:40.929-0500: 3383,650: Total time for which application threads were stopped: 0,0002036 seconds, Stopping threads took: 0,0000886 seconds
2015-12-04T16:03:40.936-0500: 3383,658: Total time for which application threads were stopped: 0,0001775 seconds, Stopping threads took: 0,0000629 seconds
2015-12-04T16:03:40.936-0500: 3383,658: Total time for which application threads were stopped: 0,0000576 seconds, Stopping threads took: 0,0000141 seconds
2015-12-04T16:03:40.936-0500: 3383,658: Total time for which application threads were stopped: 0,0000356 seconds, Stopping threads took: 0,0000098 seconds
2015-12-04T16:03:40.937-0500: 3383,658: Total time for which application threads were stopped: 0,0000423 seconds, Stopping threads took: 0,0000118 seconds
2015-12-04T16:03:40.937-0500: 3383,658: Total time for which application threads were stopped: 0,0000616 seconds, Stopping threads took: 0,0000265 seconds
2015-12-04T16:03:40.937-0500: 3383,658: Total time for which application threads were stopped: 0,0000456 seconds, Stopping threads took: 0,0000145 seconds
2015-12-04T16:03:40.937-0500: 3383,658: Total time for which application threads were stopped: 0,0000434 seconds, Stopping threads took: 0,0000207 seconds
2015-12-04T16:03:40.937-0500: 3383,658: Total time for which application threads were stopped: 0,0000289 seconds, Stopping threads took: 0,0000069 seconds
2015-12-04T16:03:40.937-0500: 3383,658: Total time for which application threads were stopped: 0,0000288 seconds, Stopping threads took: 0,0000073 seconds
2015-12-04T16:03:40.937-0500: 3383,658: Total time for which application threads were stopped: 0,0000280 seconds, Stopping threads took: 0,0000066 seconds
2015-12-04T16:03:40.937-0500: 3383,659: Total time for which application threads were stopped: 0,0000353 seconds, Stopping threads took: 0,0000135 seconds
2015-12-04T16:03:40.945-0500: 3383,666: Total time for which application threads were stopped: 0,0000919 seconds, Stopping threads took: 0,0000232 seconds
2015-12-04T16:03:40.946-0500: 3383,667: Total time for which application threads were stopped: 0,0000486 seconds, Stopping threads took: 0,0000122 seconds
2015-12-04T16:03:40.946-0500: 3383,667: Total time for which application threads were stopped: 0,0000357 seconds, Stopping threads took: 0,0000088 seconds
2015-12-04T16:03:40.946-0500: 3383,667: Total time for which application threads were stopped: 0,0000292 seconds, Stopping threads took: 0,0000074 seconds
2015-12-04T16:03:40.946-0500: 3383,667: Total time for which application threads were stopped: 0,0000298 seconds, Stopping threads took: 0,0000072 seconds
2015-12-04T16:03:40.946-0500: 3383,667: Total time for which application threads were stopped: 0,0000281 seconds, Stopping threads took: 0,0000069 seconds
2015-12-04T16:03:40.946-0500: 3383,667: Total time for which application threads were stopped: 0,0000333 seconds, Stopping threads took: 0,0000069 seconds
2015-12-04T16:03:40.946-0500: 3383,668: Total time for which application threads were stopped: 0,0000327 seconds, Stopping threads took: 0,0000087 seconds
2015-12-04T16:03:40.946-0500: 3383,668: Total time for which application threads were stopped: 0,0000296 seconds, Stopping threads took: 0,0000070 seconds
2015-12-04T16:03:40.946-0500: 3383,668: Total time for which application threads were stopped: 0,0000282 seconds, Stopping threads took: 0,0000070 seconds
2015-12-04T16:03:40.946-0500: 3383,668: Total time for which application threads were stopped: 0,0000294 seconds, Stopping threads took: 0,0000071 seconds
2015-12-04T16:03:40.946-0500: 3383,668: Total time for which application threads were stopped: 0,0000280 seconds, Stopping threads took: 0,0000069 seconds
2015-12-04T16:03:40.946-0500: 3383,668: Total time for which application threads were stopped: 0,0000290 seconds, Stopping threads took: 0,0000068 seconds
2015-12-04T16:03:40.978-0500: 3383,699: Total time for which application threads were stopped: 0,0001273 seconds, Stopping threads took: 0,0000325 seconds
2015-12-04T16:03:40.978-0500: 3383,700: Total time for which application threads were stopped: 0,0000870 seconds, Stopping threads took: 0,0000478 seconds
2015-12-04T16:03:40.987-0500: 3383,708: Total time for which application threads were stopped: 0,0001212 seconds, Stopping threads took: 0,0000307 seconds
2015-12-04T16:03:40.993-0500: 3383,715: Total time for which application threads were stopped: 0,0001624 seconds, Stopping threads took: 0,0000659 seconds
2015-12-04T16:03:40.996-0500: 3383,717: Total time for which application threads were stopped: 0,0026649 seconds, Stopping threads took: 0,0025737 seconds
2015-12-04T16:03:40.996-0500: 3383,718: Total time for which application threads were stopped: 0,0001992 seconds, Stopping threads took: 0,0001197 seconds
2015-12-04T16:03:40.996-0500: 3383,718: Total time for which application threads were stopped: 0,0000963 seconds, Stopping threads took: 0,0000164 seconds
2015-12-04T16:03:41.001-0500: 3383,723: Total time for which application threads were stopped: 0,0001032 seconds, Stopping threads took: 0,0000216 seconds
2015-12-04T16:03:41.001-0500: 3383,723: Total time for which application threads were stopped: 0,0000403 seconds, Stopping threads took: 0,0000094 seconds
2015-12-04T16:03:41.001-0500: 3383,723: Total time for which application threads were stopped: 0,0000350 seconds, Stopping threads took: 0,0000078 seconds
2015-12-04T16:03:41.009-0500: 3383,730: Total time for which application threads were stopped: 0,0001019 seconds, Stopping threads took: 0,0000243 seconds
2015-12-04T16:03:42.009-0500: 3384,731: Total time for which application threads were stopped: 0,0000888 seconds, Stopping threads took: 0,0000231 seconds
2015-12-04T16:03:42.314-0500: 3385,035: Total time for which application threads were stopped: 0,0001596 seconds, Stopping threads took: 0,0000319 seconds
2015-12-04T16:03:42.333-0500: 3385,054: Total time for which application threads were stopped: 0,0002359 seconds, Stopping threads took: 0,0001138 seconds
2015-12-04T16:03:42.334-0500: 3385,055: Total time for which application threads were stopped: 0,0001256 seconds, Stopping threads took: 0,0000358 seconds
2015-12-04T16:03:42.335-0500: 3385,057: Total time for which application threads were stopped: 0,0001173 seconds, Stopping threads took: 0,0000230 seconds
2015-12-04T16:03:42.335-0500: 3385,057: Total time for which application threads were stopped: 0,0000472 seconds, Stopping threads took: 0,0000100 seconds
2015-12-04T16:03:42.338-0500: 3385,059: Total time for which application threads were stopped: 0,0001593 seconds, Stopping threads took: 0,0000504 seconds
2015-12-04T16:03:42.339-0500: 3385,060: Total time for which application threads were stopped: 0,0006547 seconds, Stopping threads took: 0,0003758 seconds
2015-12-04T16:03:42.554-0500: 3385,275: Total time for which application threads were stopped: 0,0001049 seconds, Stopping threads took: 0,0000302 seconds
2015-12-04T16:03:42.554-0500: 3385,275: Total time for which application threads were stopped: 0,0000636 seconds, Stopping threads took: 0,0000088 seconds
2015-12-04T16:03:42.554-0500: 3385,276: Total time for which application threads were stopped: 0,0000460 seconds, Stopping threads took: 0,0000064 seconds
2015-12-04T16:03:42.554-0500: 3385,276: Total time for which application threads were stopped: 0,0000401 seconds, Stopping threads took: 0,0000055 seconds
2015-12-04T16:03:42.555-0500: 3385,276: Total time for which application threads were stopped: 0,0000424 seconds, Stopping threads took: 0,0000052 seconds
2015-12-04T16:03:42.555-0500: 3385,276: Total time for which application threads were stopped: 0,0000419 seconds, Stopping threads took: 0,0000147 seconds
2015-12-04T16:03:42.555-0500: 3385,276: Total time for which application threads were stopped: 0,0000401 seconds, Stopping threads took: 0,0000053 seconds
2015-12-04T16:03:42.555-0500: 3385,277: Total time for which application threads were stopped: 0,0000512 seconds, Stopping threads took: 0,0000169 seconds
2015-12-04T16:03:42.555-0500: 3385,277: Total time for which application threads were stopped: 0,0000448 seconds, Stopping threads took: 0,0000160 seconds
2015-12-04T16:03:42.555-0500: 3385,277: Total time for which application threads were stopped: 0,0000570 seconds, Stopping threads took: 0,0000084 seconds
2015-12-04T16:03:43.417-0500: 3386,138: Total time for which application threads were stopped: 0,0002520 seconds, Stopping threads took: 0,0001461 seconds
2015-12-04T16:03:45.539-0500: 3388,260: Total time for which application threads were stopped: 0,0002417 seconds, Stopping threads took: 0,0001452 seconds
2015-12-04T16:03:45.547-0500: 3388,269: Total time for which application threads were stopped: 0,0001134 seconds, Stopping threads took: 0,0000264 seconds
2015-12-04T16:03:45.547-0500: 3388,269: Total time for which application threads were stopped: 0,0000655 seconds, Stopping threads took: 0,0000213 seconds
2015-12-04T16:03:45.550-0500: 3388,272: Total time for which application threads were stopped: 0,0000996 seconds, Stopping threads took: 0,0000245 seconds
2015-12-04T16:03:45.554-0500: 3388,276: Total time for which application threads were stopped: 0,0001125 seconds, Stopping threads took: 0,0000221 seconds
2015-12-04T16:03:45.558-0500: 3388,279: Total time for which application threads were stopped: 0,0001053 seconds, Stopping threads took: 0,0000317 seconds
2015-12-04T16:03:45.558-0500: 3388,279: Total time for which application threads were stopped: 0,0000436 seconds, Stopping threads took: 0,0000186 seconds
2015-12-04T16:03:45.558-0500: 3388,280: Total time for which application threads were stopped: 0,0000414 seconds, Stopping threads took: 0,0000180 seconds
2015-12-04T16:03:45.558-0500: 3388,280: Total time for which application threads were stopped: 0,0000407 seconds, Stopping threads took: 0,0000177 seconds
2015-12-04T16:03:45.558-0500: 3388,280: Total time for which application threads were stopped: 0,0000843 seconds, Stopping threads took: 0,0000478 seconds
2015-12-04T16:03:45.558-0500: 3388,280: Total time for which application threads were stopped: 0,0000483 seconds, Stopping threads took: 0,0000200 seconds
2015-12-04T16:03:45.559-0500: 3388,280: Total time for which application threads were stopped: 0,0000522 seconds, Stopping threads took: 0,0000137 seconds
2015-12-04T16:03:45.559-0500: 3388,280: Total time for which application threads were stopped: 0,0000423 seconds, Stopping threads took: 0,0000136 seconds
2015-12-04T16:03:45.559-0500: 3388,280: Total time for which application threads were stopped: 0,0000478 seconds, Stopping threads took: 0,0000145 seconds
2015-12-04T16:03:45.559-0500: 3388,281: Total time for which application threads were stopped: 0,0000475 seconds, Stopping threads took: 0,0000178 seconds
2015-12-04T16:03:45.559-0500: 3388,281: Total time for which application threads were stopped: 0,0000553 seconds, Stopping threads took: 0,0000195 seconds
2015-12-04T16:03:45.560-0500: 3388,281: Total time for which application threads were stopped: 0,0000561 seconds, Stopping threads took: 0,0000212 seconds
2015-12-04T16:03:45.570-0500: 3388,291: Total time for which application threads were stopped: 0,0001044 seconds, Stopping threads took: 0,0000215 seconds
2015-12-04T16:03:45.570-0500: 3388,292: Total time for which application threads were stopped: 0,0000651 seconds, Stopping threads took: 0,0000112 seconds
2015-12-04T16:03:46.570-0500: 3389,292: Total time for which application threads were stopped: 0,0000857 seconds, Stopping threads took: 0,0000198 seconds
2015-12-04T16:03:49.600-0500: 3392,321: Total time for which application threads were stopped: 0,0005559 seconds, Stopping threads took: 0,0000295 seconds
2015-12-04T16:03:49.600-0500: 3392,322: Total time for which application threads were stopped: 0,0002388 seconds, Stopping threads took: 0,0000092 seconds
2015-12-04T16:03:49.625-0500: 3392,346: Total time for which application threads were stopped: 0,0001473 seconds, Stopping threads took: 0,0000616 seconds
2015-12-04T16:03:49.626-0500: 3392,347: Total time for which application threads were stopped: 0,0000703 seconds, Stopping threads took: 0,0000229 seconds
2015-12-04T16:03:49.626-0500: 3392,347: Total time for which application threads were stopped: 0,0000552 seconds, Stopping threads took: 0,0000128 seconds
2015-12-04T16:03:49.627-0500: 3392,349: Total time for which application threads were stopped: 0,0001465 seconds, Stopping threads took: 0,0000083 seconds
2015-12-04T16:03:49.651-0500: 3392,372: Total time for which application threads were stopped: 0,0001193 seconds, Stopping threads took: 0,0000362 seconds
2015-12-04T16:03:49.653-0500: 3392,375: Total time for which application threads were stopped: 0,0002752 seconds, Stopping threads took: 0,0002031 seconds
2015-12-04T16:03:49.655-0500: 3392,377: Total time for which application threads were stopped: 0,0000863 seconds, Stopping threads took: 0,0000245 seconds
2015-12-04T16:03:49.658-0500: 3392,379: Total time for which application threads were stopped: 0,0001069 seconds, Stopping threads took: 0,0000364 seconds
2015-12-04T16:03:49.659-0500: 3392,381: Total time for which application threads were stopped: 0,0001242 seconds, Stopping threads took: 0,0000596 seconds
2015-12-04T16:03:49.661-0500: 3392,382: Total time for which application threads were stopped: 0,0001093 seconds, Stopping threads took: 0,0000365 seconds
2015-12-04T16:03:49.662-0500: 3392,384: Total time for which application threads were stopped: 0,0001273 seconds, Stopping threads took: 0,0000640 seconds
2015-12-04T16:03:49.664-0500: 3392,386: Total time for which application threads were stopped: 0,0000732 seconds, Stopping threads took: 0,0000209 seconds
2015-12-04T16:03:49.666-0500: 3392,387: Total time for which application threads were stopped: 0,0001153 seconds, Stopping threads took: 0,0000493 seconds
2015-12-04T16:03:49.667-0500: 3392,389: Total time for which application threads were stopped: 0,0001310 seconds, Stopping threads took: 0,0000654 seconds
2015-12-04T16:03:49.670-0500: 3392,392: Total time for which application threads were stopped: 0,0008807 seconds, Stopping threads took: 0,0007700 seconds
2015-12-04T16:03:49.672-0500: 3392,394: Total time for which application threads were stopped: 0,0001551 seconds, Stopping threads took: 0,0000459 seconds
2015-12-04T16:03:49.674-0500: 3392,396: Total time for which application threads were stopped: 0,0003795 seconds, Stopping threads took: 0,0000879 seconds
2015-12-04T16:03:49.677-0500: 3392,398: Total time for which application threads were stopped: 0,0001295 seconds, Stopping threads took: 0,0000483 seconds
2015-12-04T16:03:49.679-0500: 3392,400: Total time for which application threads were stopped: 0,0001105 seconds, Stopping threads took: 0,0000352 seconds
2015-12-04T16:03:49.680-0500: 3392,402: Total time for which application threads were stopped: 0,0000980 seconds, Stopping threads took: 0,0000342 seconds
2015-12-04T16:03:49.682-0500: 3392,403: Total time for which application threads were stopped: 0,0001022 seconds, Stopping threads took: 0,0000391 seconds
2015-12-04T16:03:49.683-0500: 3392,405: Total time for which application threads were stopped: 0,0001345 seconds, Stopping threads took: 0,0000377 seconds
2015-12-04T16:03:49.685-0500: 3392,406: Total time for which application threads were stopped: 0,0001717 seconds, Stopping threads took: 0,0000464 seconds
2015-12-04T16:03:49.920-0500: 3392,641: Total time for which application threads were stopped: 0,0002022 seconds, Stopping threads took: 0,0000514 seconds
{Heap before GC invocations=40 (full 2):
 par new generation   total 109248K, used 101214K [0x00000000e0000000, 0x00000000e8000000, 0x00000000e8000000)
  eden space 87424K, 100% used [0x00000000e0000000, 0x00000000e5560000, 0x00000000e5560000)
  from space 21824K,  63% used [0x00000000e5560000, 0x00000000e62d7be8, 0x00000000e6ab0000)
  to   space 21824K,   0% used [0x00000000e6ab0000, 0x00000000e6ab0000, 0x00000000e8000000)
 concurrent mark-sweep generation total 393216K, used 17177K [0x00000000e8000000, 0x0000000100000000, 0x0000000100000000)
 Metaspace       used 40064K, capacity 40960K, committed 41236K, reserved 1085440K
  class space    used 4130K, capacity 4354K, committed 4372K, reserved 1048576K
2015-12-04T16:03:49.955-0500: 3392,676: [GC (Allocation Failure) 2015-12-04T16:03:49.955-0500: 3392,676: [ParNew
Desired survivor size 20112992 bytes, new threshold 8 (max 8)
- age   1:    8686832 bytes,    8686832 total
- age   2:      83472 bytes,    8770304 total
- age   3:    1388416 bytes,   10158720 total
- age   4:    2121968 bytes,   12280688 total
- age   5:      83888 bytes,   12364576 total
- age   6:     799952 bytes,   13164528 total
- age   7:     577272 bytes,   13741800 total
- age   8:       1360 bytes,   13743160 total
: 101214K->14522K(109248K), 0,0085271 secs] 118392K->34156K(502464K), 0,0085951 secs] [Times: user=0,03 sys=0,01, real=0,01 secs] 
Heap after GC invocations=41 (full 2):
 par new generation   total 109248K, used 14522K [0x00000000e0000000, 0x00000000e8000000, 0x00000000e8000000)
  eden space 87424K,   0% used [0x00000000e0000000, 0x00000000e0000000, 0x00000000e5560000)
  from space 21824K,  66% used [0x00000000e6ab0000, 0x00000000e78de900, 0x00000000e8000000)
  to   space 21824K,   0% used [0x00000000e5560000, 0x00000000e5560000, 0x00000000e6ab0000)
 concurrent mark-sweep generation total 393216K, used 19634K [0x00000000e8000000, 0x0000000100000000, 0x0000000100000000)
 Metaspace       used 40064K, capacity 40960K, committed 41236K, reserved 1085440K
  class space    used 4130K, capacity 4354K, committed 4372K, reserved 1048576K
}
2015-12-04T16:03:49.963-0500: 3392,685: Total time for which application threads were stopped: 0,0087829 seconds, Stopping threads took: 0,0000261 seconds
2015-12-04T16:03:49.963-0500: 3392,685: Total time for which application threads were stopped: 0,0001164 seconds, Stopping threads took: 0,0000388 seconds
2015-12-04T16:03:50.235-0500: 3392,956: Total time for which application threads were stopped: 0,0001891 seconds, Stopping threads took: 0,0000515 seconds
{Heap before GC invocations=41 (full 2):
 par new generation   total 109248K, used 101946K [0x00000000e0000000, 0x00000000e8000000, 0x00000000e8000000)
  eden space 87424K, 100% used [0x00000000e0000000, 0x00000000e5560000, 0x00000000e5560000)
  from space 21824K,  66% used [0x00000000e6ab0000, 0x00000000e78de900, 0x00000000e8000000)
  to   space 21824K,   0% used [0x00000000e5560000, 0x00000000e5560000, 0x00000000e6ab0000)
 concurrent mark-sweep generation total 393216K, used 19634K [0x00000000e8000000, 0x0000000100000000, 0x0000000100000000)
 Metaspace       used 40174K, capacity 41088K, committed 41236K, reserved 1085440K
  class space    used 4133K, capacity 4354K, committed 4372K, reserved 1048576K
2015-12-04T16:03:50.521-0500: 3393,243: [GC (Allocation Failure) 2015-12-04T16:03:50.522-0500: 3393,243: [ParNew
Desired survivor size 20112992 bytes, new threshold 8 (max 8)
- age   1:    4771336 bytes,    4771336 total
- age   2:    4068248 bytes,    8839584 total
- age   3:      83472 bytes,    8923056 total
- age   4:    1388112 bytes,   10311168 total
- age   5:    2121968 bytes,   12433136 total
- age   6:      83888 bytes,   12517024 total
- age   7:     799952 bytes,   13316976 total
- age   8:     577272 bytes,   13894248 total
: 101946K->19110K(109248K), 0,0136350 secs] 121580K->38745K(502464K), 0,0137056 secs] [Times: user=0,05 sys=0,00, real=0,01 secs] 
Heap after GC invocations=42 (full 2):
 par new generation   total 109248K, used 19110K [0x00000000e0000000, 0x00000000e8000000, 0x00000000e8000000)
  eden space 87424K,   0% used [0x00000000e0000000, 0x00000000e0000000, 0x00000000e5560000)
  from space 21824K,  87% used [0x00000000e5560000, 0x00000000e6809870, 0x00000000e6ab0000)
  to   space 21824K,   0% used [0x00000000e6ab0000, 0x00000000e6ab0000, 0x00000000e8000000)
 concurrent mark-sweep generation total 393216K, used 19635K [0x00000000e8000000, 0x0000000100000000, 0x0000000100000000)
 Metaspace       used 40174K, capacity 41088K, committed 41236K, reserved 1085440K
  class space    used 4133K, capacity 4354K, committed 4372K, reserved 1048576K
}
2015-12-04T16:03:50.535-0500: 3393,257: Total time for which application threads were stopped: 0,0139299 seconds, Stopping threads took: 0,0000276 seconds
2015-12-04T16:03:50.930-0500: 3393,652: Total time for which application threads were stopped: 0,0001254 seconds, Stopping threads took: 0,0000311 seconds
2015-12-04T16:03:50.933-0500: 3393,654: Total time for which application threads were stopped: 0,0001056 seconds, Stopping threads took: 0,0000342 seconds
2015-12-04T16:03:50.933-0500: 3393,655: Total time for which application threads were stopped: 0,0001215 seconds, Stopping threads took: 0,0000272 seconds
2015-12-04T16:03:50.934-0500: 3393,655: Total time for which application threads were stopped: 0,0000620 seconds, Stopping threads took: 0,0000259 seconds
2015-12-04T16:03:50.934-0500: 3393,655: Total time for which application threads were stopped: 0,0000508 seconds, Stopping threads took: 0,0000244 seconds
2015-12-04T16:03:50.934-0500: 3393,655: Total time for which application threads were stopped: 0,0000498 seconds, Stopping threads took: 0,0000242 seconds
2015-12-04T16:03:50.934-0500: 3393,656: Total time for which application threads were stopped: 0,0000496 seconds, Stopping threads took: 0,0000062 seconds
2015-12-04T16:03:50.934-0500: 3393,656: Total time for which application threads were stopped: 0,0000825 seconds, Stopping threads took: 0,0000533 seconds
2015-12-04T16:03:50.935-0500: 3393,656: Total time for which application threads were stopped: 0,0000366 seconds, Stopping threads took: 0,0000057 seconds
2015-12-04T16:03:50.935-0500: 3393,656: Total time for which application threads were stopped: 0,0000501 seconds, Stopping threads took: 0,0000054 seconds
2015-12-04T16:03:50.935-0500: 3393,657: Total time for which application threads were stopped: 0,0002066 seconds, Stopping threads took: 0,0000939 seconds
2015-12-04T16:03:50.943-0500: 3393,665: Total time for which application threads were stopped: 0,0001737 seconds, Stopping threads took: 0,0001082 seconds
2015-12-04T16:03:50.943-0500: 3393,665: Total time for which application threads were stopped: 0,0000592 seconds, Stopping threads took: 0,0000303 seconds
2015-12-04T16:03:50.943-0500: 3393,665: Total time for which application threads were stopped: 0,0000387 seconds, Stopping threads took: 0,0000108 seconds
2015-12-04T16:03:50.944-0500: 3393,665: Total time for which application threads were stopped: 0,0001334 seconds, Stopping threads took: 0,0000317 seconds
2015-12-04T16:03:51.140-0500: 3393,861: Total time for which application threads were stopped: 0,0001881 seconds, Stopping threads took: 0,0000983 seconds
2015-12-04T16:03:52.140-0500: 3394,861: Total time for which application threads were stopped: 0,0001959 seconds, Stopping threads took: 0,0000473 seconds
2015-12-04T16:03:53.140-0500: 3395,862: Total time for which application threads were stopped: 0,0000987 seconds, Stopping threads took: 0,0000248 seconds
2015-12-04T16:03:54.140-0500: 3396,862: Total time for which application threads were stopped: 0,0001587 seconds, Stopping threads took: 0,0000397 seconds
2015-12-04T16:03:59.141-0500: 3401,863: Total time for which application threads were stopped: 0,0001869 seconds, Stopping threads took: 0,0000466 seconds
2015-12-04T16:04:06.142-0500: 3408,863: Total time for which application threads were stopped: 0,0001002 seconds, Stopping threads took: 0,0000331 seconds
2015-12-04T16:04:07.142-0500: 3409,864: Total time for which application threads were stopped: 0,0001199 seconds, Stopping threads took: 0,0000230 seconds
2015-12-04T16:04:10.142-0500: 3412,864: Total time for which application threads were stopped: 0,0001405 seconds, Stopping threads took: 0,0000202 seconds
2015-12-04T16:04:19.143-0500: 3421,865: Total time for which application threads were stopped: 0,0000915 seconds, Stopping threads took: 0,0000211 seconds
2015-12-04T16:04:20.144-0500: 3422,865: Total time for which application threads were stopped: 0,0002457 seconds, Stopping threads took: 0,0000451 seconds
2015-12-04T16:04:29.145-0500: 3431,866: Total time for which application threads were stopped: 0,0001258 seconds, Stopping threads took: 0,0000430 seconds
2015-12-04T16:04:34.145-0500: 3436,867: Total time for which application threads were stopped: 0,0001184 seconds, Stopping threads took: 0,0000291 seconds
2015-12-04T16:04:37.970-0500: 3440,691: Total time for which application threads were stopped: 0,0001049 seconds, Stopping threads took: 0,0000338 seconds
2015-12-04T16:04:37.970-0500: 3440,692: Total time for which application threads were stopped: 0,0001554 seconds, Stopping threads took: 0,0000333 seconds
2015-12-04T16:04:37.974-0500: 3440,695: Total time for which application threads were stopped: 0,0001126 seconds, Stopping threads took: 0,0000326 seconds
2015-12-04T16:04:37.974-0500: 3440,696: Total time for which application threads were stopped: 0,0000502 seconds, Stopping threads took: 0,0000196 seconds
2015-12-04T16:04:37.982-0500: 3440,704: Total time for which application threads were stopped: 0,0001262 seconds, Stopping threads took: 0,0000247 seconds
2015-12-04T16:04:38.622-0500: 3441,343: Total time for which application threads were stopped: 0,0000898 seconds, Stopping threads took: 0,0000284 seconds
2015-12-04T16:04:40.595-0500: 3443,317: Total time for which application threads were stopped: 0,0001860 seconds, Stopping threads took: 0,0000373 seconds
2015-12-04T16:04:40.601-0500: 3443,322: Total time for which application threads were stopped: 0,0001358 seconds, Stopping threads took: 0,0000270 seconds
2015-12-04T16:04:40.602-0500: 3443,324: Total time for which application threads were stopped: 0,0001959 seconds, Stopping threads took: 0,0000983 seconds
2015-12-04T16:04:40.603-0500: 3443,325: Total time for which application threads were stopped: 0,0001188 seconds, Stopping threads took: 0,0000320 seconds
2015-12-04T16:04:40.604-0500: 3443,326: Total time for which application threads were stopped: 0,0001198 seconds, Stopping threads took: 0,0000347 seconds
2015-12-04T16:04:40.617-0500: 3443,338: Total time for which application threads were stopped: 0,0001293 seconds, Stopping threads took: 0,0000505 seconds
2015-12-04T16:04:40.617-0500: 3443,339: Total time for which application threads were stopped: 0,0000767 seconds, Stopping threads took: 0,0000340 seconds
2015-12-04T16:04:40.618-0500: 3443,339: Total time for which application threads were stopped: 0,0000679 seconds, Stopping threads took: 0,0000275 seconds
2015-12-04T16:04:40.618-0500: 3443,340: Total time for which application threads were stopped: 0,0000697 seconds, Stopping threads took: 0,0000336 seconds
2015-12-04T16:04:40.619-0500: 3443,341: Total time for which application threads were stopped: 0,0000729 seconds, Stopping threads took: 0,0000412 seconds
2015-12-04T16:04:40.620-0500: 3443,341: Total time for which application threads were stopped: 0,0000413 seconds, Stopping threads took: 0,0000099 seconds
2015-12-04T16:04:40.620-0500: 3443,342: Total time for which application threads were stopped: 0,0000494 seconds, Stopping threads took: 0,0000132 seconds
2015-12-04T16:04:40.621-0500: 3443,342: Total time for which application threads were stopped: 0,0000674 seconds, Stopping threads took: 0,0000297 seconds
2015-12-04T16:04:40.621-0500: 3443,343: Total time for which application threads were stopped: 0,0000684 seconds, Stopping threads took: 0,0000367 seconds
2015-12-04T16:04:40.622-0500: 3443,343: Total time for which application threads were stopped: 0,0000526 seconds, Stopping threads took: 0,0000160 seconds
2015-12-04T16:04:40.622-0500: 3443,344: Total time for which application threads were stopped: 0,0000677 seconds, Stopping threads took: 0,0000186 seconds
2015-12-04T16:04:40.623-0500: 3443,344: Total time for which application threads were stopped: 0,0000514 seconds, Stopping threads took: 0,0000165 seconds
2015-12-04T16:04:40.623-0500: 3443,345: Total time for which application threads were stopped: 0,0000420 seconds, Stopping threads took: 0,0000113 seconds
2015-12-04T16:04:40.624-0500: 3443,345: Total time for which application threads were stopped: 0,0000416 seconds, Stopping threads took: 0,0000123 seconds
2015-12-04T16:04:40.624-0500: 3443,346: Total time for which application threads were stopped: 0,0000332 seconds, Stopping threads took: 0,0000093 seconds
2015-12-04T16:04:40.624-0500: 3443,346: Total time for which application threads were stopped: 0,0000996 seconds, Stopping threads took: 0,0000658 seconds
2015-12-04T16:04:40.628-0500: 3443,350: Total time for which application threads were stopped: 0,0000931 seconds, Stopping threads took: 0,0000344 seconds
2015-12-04T16:04:40.628-0500: 3443,350: Total time for which application threads were stopped: 0,0000545 seconds, Stopping threads took: 0,0000194 seconds
2015-12-04T16:04:40.629-0500: 3443,351: Total time for which application threads were stopped: 0,0001032 seconds, Stopping threads took: 0,0000731 seconds
2015-12-04T16:04:40.631-0500: 3443,352: Total time for which application threads were stopped: 0,0002281 seconds, Stopping threads took: 0,0000453 seconds
{Heap before GC invocations=42 (full 2):
 par new generation   total 109248K, used 106534K [0x00000000e0000000, 0x00000000e8000000, 0x00000000e8000000)
  eden space 87424K, 100% used [0x00000000e0000000, 0x00000000e5560000, 0x00000000e5560000)
  from space 21824K,  87% used [0x00000000e5560000, 0x00000000e6809870, 0x00000000e6ab0000)
  to   space 21824K,   0% used [0x00000000e6ab0000, 0x00000000e6ab0000, 0x00000000e8000000)
 concurrent mark-sweep generation total 393216K, used 19635K [0x00000000e8000000, 0x0000000100000000, 0x0000000100000000)
 Metaspace       used 40199K, capacity 41088K, committed 41236K, reserved 1085440K
  class space    used 4133K, capacity 4354K, committed 4372K, reserved 1048576K
2015-12-04T16:04:40.980-0500: 3443,702: [GC (Allocation Failure) 2015-12-04T16:04:40.980-0500: 3443,702: [ParNew
Desired survivor size 20112992 bytes, new threshold 8 (max 8)
- age   1:    9724872 bytes,    9724872 total
- age   2:     133568 bytes,    9858440 total
- age   3:    1561976 bytes,   11420416 total
- age   4:      83472 bytes,   11503888 total
- age   5:    1387464 bytes,   12891352 total
- age   6:    2107864 bytes,   14999216 total
- age   7:      83888 bytes,   15083104 total
- age   8:     799952 bytes,   15883056 total
: 106534K->19545K(109248K), 0,0110361 secs] 126169K->39749K(502464K), 0,0111132 secs] [Times: user=0,03 sys=0,00, real=0,00 secs] 
Heap after GC invocations=43 (full 2):
 par new generation   total 109248K, used 19545K [0x00000000e0000000, 0x00000000e8000000, 0x00000000e8000000)
  eden space 87424K,   0% used [0x00000000e0000000, 0x00000000e0000000, 0x00000000e5560000)
  from space 21824K,  89% used [0x00000000e6ab0000, 0x00000000e7dc6680, 0x00000000e8000000)
  to   space 21824K,   0% used [0x00000000e5560000, 0x00000000e5560000, 0x00000000e6ab0000)
 concurrent mark-sweep generation total 393216K, used 20204K [0x00000000e8000000, 0x0000000100000000, 0x0000000100000000)
 Metaspace       used 40199K, capacity 41088K, committed 41236K, reserved 1085440K
  class space    used 4133K, capacity 4354K, committed 4372K, reserved 1048576K
}
2015-12-04T16:04:40.992-0500: 3443,713: Total time for which application threads were stopped: 0,0113615 seconds, Stopping threads took: 0,0000583 seconds
2015-12-04T16:04:41.020-0500: 3443,741: Total time for which application threads were stopped: 0,0001293 seconds, Stopping threads took: 0,0000628 seconds
2015-12-04T16:04:41.580-0500: 3444,302: Total time for which application threads were stopped: 0,0001685 seconds, Stopping threads took: 0,0000601 seconds
2015-12-04T16:04:41.581-0500: 3444,302: Total time for which application threads were stopped: 0,0002988 seconds, Stopping threads took: 0,0002593 seconds
2015-12-04T16:04:41.581-0500: 3444,303: Total time for which application threads were stopped: 0,0001057 seconds, Stopping threads took: 0,0000538 seconds
2015-12-04T16:04:41.582-0500: 3444,303: Total time for which application threads were stopped: 0,0000634 seconds, Stopping threads took: 0,0000105 seconds
2015-12-04T16:04:41.786-0500: 3444,508: Total time for which application threads were stopped: 0,0000883 seconds, Stopping threads took: 0,0000286 seconds
2015-12-04T16:04:42.339-0500: 3445,061: Total time for which application threads were stopped: 0,0001815 seconds, Stopping threads took: 0,0000425 seconds
2015-12-04T16:04:46.553-0500: 3449,274: Total time for which application threads were stopped: 0,0001094 seconds, Stopping threads took: 0,0000214 seconds
2015-12-04T16:04:48.556-0500: 3451,278: Total time for which application threads were stopped: 0,0001340 seconds, Stopping threads took: 0,0000284 seconds
2015-12-04T16:04:54.809-0500: 3457,531: Total time for which application threads were stopped: 0,0000989 seconds, Stopping threads took: 0,0000287 seconds
2015-12-04T16:04:55.809-0500: 3458,531: Total time for which application threads were stopped: 0,0001284 seconds, Stopping threads took: 0,0000221 seconds
2015-12-04T16:04:55.866-0500: 3458,588: Total time for which application threads were stopped: 0,0001220 seconds, Stopping threads took: 0,0000264 seconds
2015-12-04T16:04:55.867-0500: 3458,588: Total time for which application threads were stopped: 0,0000599 seconds, Stopping threads took: 0,0000117 seconds
2015-12-04T16:04:55.870-0500: 3458,591: Total time for which application threads were stopped: 0,0001143 seconds, Stopping threads took: 0,0000293 seconds
2015-12-04T16:04:55.870-0500: 3458,592: Total time for which application threads were stopped: 0,0000494 seconds, Stopping threads took: 0,0000113 seconds
2015-12-04T16:04:55.871-0500: 3458,592: Total time for which application threads were stopped: 0,0000661 seconds, Stopping threads took: 0,0000194 seconds
2015-12-04T16:04:55.953-0500: 3458,675: Total time for which application threads were stopped: 0,0001813 seconds, Stopping threads took: 0,0000417 seconds
2015-12-04T16:04:55.956-0500: 3458,677: Total time for which application threads were stopped: 0,0004706 seconds, Stopping threads took: 0,0000689 seconds
2015-12-04T16:04:56.500-0500: 3459,222: Total time for which application threads were stopped: 0,0001151 seconds, Stopping threads took: 0,0000392 seconds
2015-12-04T16:04:56.501-0500: 3459,222: Total time for which application threads were stopped: 0,0000677 seconds, Stopping threads took: 0,0000075 seconds
2015-12-04T16:04:57.501-0500: 3460,223: Total time for which application threads were stopped: 0,0001104 seconds, Stopping threads took: 0,0000265 seconds
2015-12-04T16:05:49.506-0500: 3512,227: Total time for which application threads were stopped: 0,0000770 seconds, Stopping threads took: 0,0000210 seconds
2015-12-04T16:05:59.648-0500: 3522,369: Total time for which application threads were stopped: 0,0001122 seconds, Stopping threads took: 0,0000329 seconds
2015-12-04T16:06:00.648-0500: 3523,369: Total time for which application threads were stopped: 0,0001183 seconds, Stopping threads took: 0,0000221 seconds
2015-12-04T16:06:00.655-0500: 3523,377: Total time for which application threads were stopped: 0,0000889 seconds, Stopping threads took: 0,0000170 seconds
2015-12-04T16:06:00.798-0500: 3523,520: Total time for which application threads were stopped: 0,0006966 seconds, Stopping threads took: 0,0000358 seconds
2015-12-04T16:06:00.877-0500: 3523,599: Total time for which application threads were stopped: 0,0001032 seconds, Stopping threads took: 0,0000290 seconds
2015-12-04T16:06:01.023-0500: 3523,744: Total time for which application threads were stopped: 0,0001964 seconds, Stopping threads took: 0,0000743 seconds
2015-12-04T16:06:01.180-0500: 3523,901: Total time for which application threads were stopped: 0,0002317 seconds, Stopping threads took: 0,0001069 seconds
2015-12-04T16:06:01.226-0500: 3523,947: Total time for which application threads were stopped: 0,0001443 seconds, Stopping threads took: 0,0000267 seconds
2015-12-04T16:06:01.470-0500: 3524,191: Total time for which application threads were stopped: 0,0001103 seconds, Stopping threads took: 0,0000245 seconds
2015-12-04T16:06:01.673-0500: 3524,395: Total time for which application threads were stopped: 0,0001639 seconds, Stopping threads took: 0,0000323 seconds
2015-12-04T16:06:01.675-0500: 3524,396: Total time for which application threads were stopped: 0,0002528 seconds, Stopping threads took: 0,0001558 seconds
2015-12-04T16:06:02.675-0500: 3525,396: Total time for which application threads were stopped: 0,0000896 seconds, Stopping threads took: 0,0000226 seconds
2015-12-04T16:06:04.144-0500: 3526,865: Total time for which application threads were stopped: 0,0001399 seconds, Stopping threads took: 0,0000434 seconds
2015-12-04T16:06:04.146-0500: 3526,867: Total time for which application threads were stopped: 0,0003167 seconds, Stopping threads took: 0,0001628 seconds
2015-12-04T16:06:04.146-0500: 3526,867: Total time for which application threads were stopped: 0,0001274 seconds, Stopping threads took: 0,0000486 seconds
2015-12-04T16:06:04.147-0500: 3526,869: Total time for which application threads were stopped: 0,0000725 seconds, Stopping threads took: 0,0000127 seconds
2015-12-04T16:06:04.150-0500: 3526,872: Total time for which application threads were stopped: 0,0000999 seconds, Stopping threads took: 0,0000215 seconds
2015-12-04T16:06:04.151-0500: 3526,873: Total time for which application threads were stopped: 0,0000862 seconds, Stopping threads took: 0,0000259 seconds
2015-12-04T16:06:04.151-0500: 3526,873: Total time for which application threads were stopped: 0,0000504 seconds, Stopping threads took: 0,0000193 seconds
2015-12-04T16:06:05.152-0500: 3527,873: Total time for which application threads were stopped: 0,0000772 seconds, Stopping threads took: 0,0000198 seconds
2015-12-04T16:06:05.340-0500: 3528,062: Total time for which application threads were stopped: 0,0001233 seconds, Stopping threads took: 0,0000326 seconds
2015-12-04T16:06:05.344-0500: 3528,065: Total time for which application threads were stopped: 0,0002225 seconds, Stopping threads took: 0,0000782 seconds
2015-12-04T16:06:05.425-0500: 3528,146: Total time for which application threads were stopped: 0,0001090 seconds, Stopping threads took: 0,0000216 seconds
2015-12-04T16:06:05.895-0500: 3528,616: Total time for which application threads were stopped: 0,0001111 seconds, Stopping threads took: 0,0000292 seconds
2015-12-04T16:06:06.895-0500: 3529,617: Total time for which application threads were stopped: 0,0000879 seconds, Stopping threads took: 0,0000202 seconds
2015-12-04T16:06:09.613-0500: 3532,335: Total time for which application threads were stopped: 0,0000997 seconds, Stopping threads took: 0,0000300 seconds
2015-12-04T16:06:10.613-0500: 3533,335: Total time for which application threads were stopped: 0,0001127 seconds, Stopping threads took: 0,0000296 seconds
2015-12-04T16:06:10.725-0500: 3533,447: Total time for which application threads were stopped: 0,0001705 seconds, Stopping threads took: 0,0000252 seconds
2015-12-04T16:06:10.790-0500: 3533,512: Total time for which application threads were stopped: 0,0001080 seconds, Stopping threads took: 0,0000223 seconds
2015-12-04T16:06:11.249-0500: 3533,971: Total time for which application threads were stopped: 0,0001308 seconds, Stopping threads took: 0,0000226 seconds
2015-12-04T16:06:12.250-0500: 3534,971: Total time for which application threads were stopped: 0,0001989 seconds, Stopping threads took: 0,0000444 seconds
2015-12-04T16:07:26.256-0500: 3608,978: Total time for which application threads were stopped: 0,0001863 seconds, Stopping threads took: 0,0000466 seconds
2015-12-04T16:08:19.261-0500: 3661,983: Total time for which application threads were stopped: 0,0001006 seconds, Stopping threads took: 0,0000258 seconds
2015-12-04T16:09:53.270-0500: 3755,992: Total time for which application threads were stopped: 0,0000776 seconds, Stopping threads took: 0,0000196 seconds
2015-12-04T16:09:55.270-0500: 3757,992: Total time for which application threads were stopped: 0,0000788 seconds, Stopping threads took: 0,0000202 seconds
{Heap before GC invocations=43 (full 2):
 par new generation   total 109248K, used 106969K [0x00000000e0000000, 0x00000000e8000000, 0x00000000e8000000)
  eden space 87424K, 100% used [0x00000000e0000000, 0x00000000e5560000, 0x00000000e5560000)
  from space 21824K,  89% used [0x00000000e6ab0000, 0x00000000e7dc6680, 0x00000000e8000000)
  to   space 21824K,   0% used [0x00000000e5560000, 0x00000000e5560000, 0x00000000e6ab0000)
 concurrent mark-sweep generation total 393216K, used 20204K [0x00000000e8000000, 0x0000000100000000, 0x0000000100000000)
 Metaspace       used 41351K, capacity 42248K, committed 42388K, reserved 1087488K
  class space    used 4257K, capacity 4482K, committed 4500K, reserved 1048576K
2015-12-04T16:10:16.553-0500: 3779,274: [GC (Allocation Failure) 2015-12-04T16:10:16.553-0500: 3779,274: [ParNew
Desired survivor size 20112992 bytes, new threshold 8 (max 8)
- age   1:    1477664 bytes,    1477664 total
- age   2:     285512 bytes,    1763176 total
- age   3:     133144 bytes,    1896320 total
- age   4:    1289368 bytes,    3185688 total
- age   5:      83472 bytes,    3269160 total
- age   6:    1387064 bytes,    4656224 total
- age   7:    2107752 bytes,    6763976 total
- age   8:      83888 bytes,    6847864 total
: 106969K->13587K(109248K), 0,0119283 secs] 127173K->34575K(502464K), 0,0119982 secs] [Times: user=0,02 sys=0,01, real=0,01 secs] 
Heap after GC invocations=44 (full 2):
 par new generation   total 109248K, used 13587K [0x00000000e0000000, 0x00000000e8000000, 0x00000000e8000000)
  eden space 87424K,   0% used [0x00000000e0000000, 0x00000000e0000000, 0x00000000e5560000)
  from space 21824K,  62% used [0x00000000e5560000, 0x00000000e62a4ec0, 0x00000000e6ab0000)
  to   space 21824K,   0% used [0x00000000e6ab0000, 0x00000000e6ab0000, 0x00000000e8000000)
 concurrent mark-sweep generation total 393216K, used 20987K [0x00000000e8000000, 0x0000000100000000, 0x0000000100000000)
 Metaspace       used 41351K, capacity 42248K, committed 42388K, reserved 1087488K
  class space    used 4257K, capacity 4482K, committed 4500K, reserved 1048576K
}
2015-12-04T16:10:16.565-0500: 3779,286: Total time for which application threads were stopped: 0,0121629 seconds, Stopping threads took: 0,0000235 seconds
2015-12-04T16:10:17.565-0500: 3780,286: Total time for which application threads were stopped: 0,0000772 seconds, Stopping threads took: 0,0000192 seconds
2015-12-04T16:10:18.565-0500: 3781,286: Total time for which application threads were stopped: 0,0000844 seconds, Stopping threads took: 0,0000210 seconds
2015-12-04T16:10:43.567-0500: 3806,288: Total time for which application threads were stopped: 0,0000797 seconds, Stopping threads took: 0,0000209 seconds
2015-12-04T16:10:46.567-0500: 3809,289: Total time for which application threads were stopped: 0,0001112 seconds, Stopping threads took: 0,0000291 seconds
2015-12-04T16:11:39.573-0500: 3862,294: Total time for which application threads were stopped: 0,0000819 seconds, Stopping threads took: 0,0000213 seconds
2015-12-04T16:13:30.582-0500: 3973,304: Total time for which application threads were stopped: 0,0003647 seconds, Stopping threads took: 0,0001038 seconds
2015-12-04T16:14:58.590-0500: 4061,312: Total time for which application threads were stopped: 0,0000914 seconds, Stopping threads took: 0,0000324 seconds
2015-12-04T16:15:18.592-0500: 4081,313: Total time for which application threads were stopped: 0,0000943 seconds, Stopping threads took: 0,0000225 seconds
2015-12-04T16:16:04.596-0500: 4127,318: Total time for which application threads were stopped: 0,0002995 seconds, Stopping threads took: 0,0000630 seconds
2015-12-04T16:16:06.596-0500: 4129,318: Total time for which application threads were stopped: 0,0000810 seconds, Stopping threads took: 0,0000206 seconds
2015-12-04T16:16:07.597-0500: 4130,318: Total time for which application threads were stopped: 0,0001231 seconds, Stopping threads took: 0,0000334 seconds
2015-12-04T16:16:13.597-0500: 4136,319: Total time for which application threads were stopped: 0,0000879 seconds, Stopping threads took: 0,0000234 seconds
2015-12-04T16:16:15.597-0500: 4138,319: Total time for which application threads were stopped: 0,0000862 seconds, Stopping threads took: 0,0000224 seconds
2015-12-04T16:16:27.599-0500: 4150,320: Total time for which application threads were stopped: 0,0000900 seconds, Stopping threads took: 0,0000207 seconds
2015-12-04T16:16:39.600-0500: 4162,321: Total time for which application threads were stopped: 0,0000784 seconds, Stopping threads took: 0,0000198 seconds
2015-12-04T16:16:58.601-0500: 4181,323: Total time for which application threads were stopped: 0,0000851 seconds, Stopping threads took: 0,0000224 seconds
2015-12-04T16:17:42.606-0500: 4225,327: Total time for which application threads were stopped: 0,0000760 seconds, Stopping threads took: 0,0000196 seconds
2015-12-04T16:19:01.612-0500: 4304,334: Total time for which application threads were stopped: 0,0000737 seconds, Stopping threads took: 0,0000200 seconds
2015-12-04T16:19:03.613-0500: 4306,334: Total time for which application threads were stopped: 0,0000775 seconds, Stopping threads took: 0,0000202 seconds
2015-12-04T16:21:19.624-0500: 4442,346: Total time for which application threads were stopped: 0,0001106 seconds, Stopping threads took: 0,0000372 seconds
2015-12-04T16:22:39.632-0500: 4522,353: Total time for which application threads were stopped: 0,0001585 seconds, Stopping threads took: 0,0000355 seconds
2015-12-04T16:23:01.634-0500: 4544,356: Total time for which application threads were stopped: 0,0000839 seconds, Stopping threads took: 0,0000214 seconds
2015-12-04T16:23:40.861-0500: 4583,582: Total time for which application threads were stopped: 0,0000945 seconds, Stopping threads took: 0,0000283 seconds
2015-12-04T16:23:41.861-0500: 4584,582: Total time for which application threads were stopped: 0,0000783 seconds, Stopping threads took: 0,0000180 seconds
2015-12-04T16:23:42.940-0500: 4585,661: Total time for which application threads were stopped: 0,0000985 seconds, Stopping threads took: 0,0000289 seconds
2015-12-04T16:23:43.111-0500: 4585,832: Total time for which application threads were stopped: 0,0001207 seconds, Stopping threads took: 0,0000260 seconds
2015-12-04T16:23:43.613-0500: 4586,335: Total time for which application threads were stopped: 0,0001280 seconds, Stopping threads took: 0,0000178 seconds
2015-12-04T16:23:44.613-0500: 4587,335: Total time for which application threads were stopped: 0,0000832 seconds, Stopping threads took: 0,0000207 seconds
2015-12-04T16:23:55.624-0500: 4598,346: Total time for which application threads were stopped: 0,0000851 seconds, Stopping threads took: 0,0000293 seconds
2015-12-04T16:23:57.624-0500: 4600,346: Total time for which application threads were stopped: 0,0000780 seconds, Stopping threads took: 0,0000207 seconds
2015-12-04T16:23:58.625-0500: 4601,346: Total time for which application threads were stopped: 0,0000866 seconds, Stopping threads took: 0,0000289 seconds
2015-12-04T16:24:01.625-0500: 4604,346: Total time for which application threads were stopped: 0,0001330 seconds, Stopping threads took: 0,0000335 seconds
2015-12-04T16:24:10.628-0500: 4613,350: Total time for which application threads were stopped: 0,0000858 seconds, Stopping threads took: 0,0000201 seconds
2015-12-04T16:24:12.628-0500: 4615,350: Total time for which application threads were stopped: 0,0000787 seconds, Stopping threads took: 0,0000208 seconds
2015-12-04T16:24:15.629-0500: 4618,350: Total time for which application threads were stopped: 0,0000870 seconds, Stopping threads took: 0,0000313 seconds
2015-12-04T16:24:49.632-0500: 4652,353: Total time for which application threads were stopped: 0,0000970 seconds, Stopping threads took: 0,0000302 seconds
2015-12-04T16:30:27.661-0500: 4990,382: Total time for which application threads were stopped: 0,0000795 seconds, Stopping threads took: 0,0000209 seconds
2015-12-04T16:31:12.665-0500: 5035,386: Total time for which application threads were stopped: 0,0002847 seconds, Stopping threads took: 0,0000526 seconds
2015-12-04T16:33:37.677-0500: 5180,399: Total time for which application threads were stopped: 0,0000778 seconds, Stopping threads took: 0,0000209 seconds
2015-12-04T16:37:51.700-0500: 5434,421: Total time for which application threads were stopped: 0,0000870 seconds, Stopping threads took: 0,0000212 seconds
{Heap before GC invocations=44 (full 2):
 par new generation   total 109248K, used 101011K [0x00000000e0000000, 0x00000000e8000000, 0x00000000e8000000)
  eden space 87424K, 100% used [0x00000000e0000000, 0x00000000e5560000, 0x00000000e5560000)
  from space 21824K,  62% used [0x00000000e5560000, 0x00000000e62a4ec0, 0x00000000e6ab0000)
  to   space 21824K,   0% used [0x00000000e6ab0000, 0x00000000e6ab0000, 0x00000000e8000000)
 concurrent mark-sweep generation total 393216K, used 20987K [0x00000000e8000000, 0x0000000100000000, 0x0000000100000000)
 Metaspace       used 41401K, capacity 42312K, committed 42644K, reserved 1087488K
  class space    used 4257K, capacity 4482K, committed 4500K, reserved 1048576K
2015-12-04T16:39:51.587-0500: 5554,309: [GC (Allocation Failure) 2015-12-04T16:39:51.598-0500: 5554,320: [ParNew
Desired survivor size 20112992 bytes, new threshold 8 (max 8)
- age   1:     133400 bytes,     133400 total
- age   2:     647000 bytes,     780400 total
- age   3:     278928 bytes,    1059328 total
- age   4:     133144 bytes,    1192472 total
- age   5:    1288360 bytes,    2480832 total
- age   6:      83472 bytes,    2564304 total
- age   7:    1386984 bytes,    3951288 total
- age   8:    2075880 bytes,    6027168 total
: 101011K->8138K(109248K), 0,0164010 secs] 121999K->29210K(502464K), 0,0271748 secs] [Times: user=0,05 sys=0,00, real=0,03 secs] 
Heap after GC invocations=45 (full 2):
 par new generation   total 109248K, used 8138K [0x00000000e0000000, 0x00000000e8000000, 0x00000000e8000000)
  eden space 87424K,   0% used [0x00000000e0000000, 0x00000000e0000000, 0x00000000e5560000)
  from space 21824K,  37% used [0x00000000e6ab0000, 0x00000000e72a2b78, 0x00000000e8000000)
  to   space 21824K,   0% used [0x00000000e5560000, 0x00000000e5560000, 0x00000000e6ab0000)
 concurrent mark-sweep generation total 393216K, used 21071K [0x00000000e8000000, 0x0000000100000000, 0x0000000100000000)
 Metaspace       used 41401K, capacity 42312K, committed 42644K, reserved 1087488K
  class space    used 4257K, capacity 4482K, committed 4500K, reserved 1048576K
}
2015-12-04T16:39:51.615-0500: 5554,336: Total time for which application threads were stopped: 0,0275622 seconds, Stopping threads took: 0,0000662 seconds
2015-12-04T16:40:32.587-0500: 5595,308: Total time for which application threads were stopped: 0,0001218 seconds, Stopping threads took: 0,0000305 seconds
2015-12-04T16:40:33.111-0500: 5595,833: Total time for which application threads were stopped: 0,0000973 seconds, Stopping threads took: 0,0000212 seconds
2015-12-04T16:40:34.111-0500: 5596,833: Total time for which application threads were stopped: 0,0001200 seconds, Stopping threads took: 0,0000296 seconds
2015-12-04T16:40:34.233-0500: 5596,955: Total time for which application threads were stopped: 0,0001968 seconds, Stopping threads took: 0,0000961 seconds
2015-12-04T16:40:34.312-0500: 5597,034: Total time for which application threads were stopped: 0,0001312 seconds, Stopping threads took: 0,0000241 seconds
2015-12-04T16:40:34.821-0500: 5597,542: Total time for which application threads were stopped: 0,0001101 seconds, Stopping threads took: 0,0000227 seconds
2015-12-04T16:40:35.821-0500: 5598,543: Total time for which application threads were stopped: 0,0000955 seconds, Stopping threads took: 0,0000214 seconds
2015-12-04T16:41:49.828-0500: 5672,550: Total time for which application threads were stopped: 0,0000745 seconds, Stopping threads took: 0,0000196 seconds
2015-12-04T16:44:30.842-0500: 5833,564: Total time for which application threads were stopped: 0,0000980 seconds, Stopping threads took: 0,0000326 seconds
2015-12-04T16:46:14.852-0500: 5937,573: Total time for which application threads were stopped: 0,0001409 seconds, Stopping threads took: 0,0000420 seconds
2015-12-04T16:49:25.868-0500: 6128,590: Total time for which application threads were stopped: 0,0000777 seconds, Stopping threads took: 0,0000229 seconds
2015-12-04T16:49:25.980-0500: 6128,701: Total time for which application threads were stopped: 0,0001257 seconds, Stopping threads took: 0,0000253 seconds
2015-12-04T16:49:26.980-0500: 6129,702: Total time for which application threads were stopped: 0,0000970 seconds, Stopping threads took: 0,0000232 seconds
2015-12-04T16:49:28.397-0500: 6131,118: Total time for which application threads were stopped: 0,0001148 seconds, Stopping threads took: 0,0000436 seconds
2015-12-04T16:49:28.397-0500: 6131,118: Total time for which application threads were stopped: 0,0000852 seconds, Stopping threads took: 0,0000340 seconds
2015-12-04T16:49:28.555-0500: 6131,276: Total time for which application threads were stopped: 0,0000994 seconds, Stopping threads took: 0,0000306 seconds
2015-12-04T16:49:30.556-0500: 6133,278: Total time for which application threads were stopped: 0,0001261 seconds, Stopping threads took: 0,0000455 seconds
2015-12-04T17:01:05.822-0500: 6145,117: Total time for which application threads were stopped: 0,0001183 seconds, Stopping threads took: 0,0000285 seconds
2015-12-04T17:01:07.987-0500: 6147,282: Total time for which application threads were stopped: 0,0001165 seconds, Stopping threads took: 0,0000254 seconds
2015-12-04T17:01:13.999-0500: 6153,294: Total time for which application threads were stopped: 0,0001079 seconds, Stopping threads took: 0,0000367 seconds
2015-12-04T17:01:14.000-0500: 6153,294: Total time for which application threads were stopped: 0,0000917 seconds, Stopping threads took: 0,0000395 seconds
2015-12-04T17:01:16.988-0500: 6156,282: Total time for which application threads were stopped: 0,0001184 seconds, Stopping threads took: 0,0000241 seconds
2015-12-04T17:01:19.984-0500: 6159,279: Total time for which application threads were stopped: 0,0000937 seconds, Stopping threads took: 0,0000194 seconds
2015-12-04T17:01:19.989-0500: 6159,283: Total time for which application threads were stopped: 0,0000950 seconds, Stopping threads took: 0,0000175 seconds
2015-12-04T17:01:22.992-0500: 6162,287: Total time for which application threads were stopped: 0,0001796 seconds, Stopping threads took: 0,0000934 seconds
2015-12-04T17:01:22.993-0500: 6162,287: Total time for which application threads were stopped: 0,0000807 seconds, Stopping threads took: 0,0000263 seconds
2015-12-04T17:01:25.995-0500: 6165,290: Total time for which application threads were stopped: 0,0000975 seconds, Stopping threads took: 0,0000229 seconds
2015-12-04T17:01:44.019-0500: 6183,314: Total time for which application threads were stopped: 0,0000783 seconds, Stopping threads took: 0,0000208 seconds
2015-12-04T17:01:47.024-0500: 6186,319: Total time for which application threads were stopped: 0,0001348 seconds, Stopping threads took: 0,0000396 seconds
2015-12-04T17:02:50.044-0500: 6249,338: Total time for which application threads were stopped: 0,0000887 seconds, Stopping threads took: 0,0000228 seconds
2015-12-04T17:10:32.393-0500: 6711,398: Total time for which application threads were stopped: 0,0001135 seconds, Stopping threads took: 0,0000206 seconds
2015-12-04T17:10:38.394-0500: 6717,398: Total time for which application threads were stopped: 0,0000966 seconds, Stopping threads took: 0,0000232 seconds
2015-12-04T17:13:02.408-0500: 6861,413: Total time for which application threads were stopped: 0,0001072 seconds, Stopping threads took: 0,0000216 seconds
2015-12-04T17:13:05.409-0500: 6864,413: Total time for which application threads were stopped: 0,0000821 seconds, Stopping threads took: 0,0000198 seconds
2015-12-04T17:13:47.413-0500: 6906,417: Total time for which application threads were stopped: 0,0000733 seconds, Stopping threads took: 0,0000200 seconds
2015-12-04T17:13:56.414-0500: 6915,418: Total time for which application threads were stopped: 0,0001221 seconds, Stopping threads took: 0,0000273 seconds
2015-12-04T17:13:59.414-0500: 6918,419: Total time for which application threads were stopped: 0,0000761 seconds, Stopping threads took: 0,0000193 seconds
2015-12-04T17:14:14.416-0500: 6933,420: Total time for which application threads were stopped: 0,0000951 seconds, Stopping threads took: 0,0000253 seconds
2015-12-04T17:14:29.418-0500: 6948,422: Total time for which application threads were stopped: 0,0000881 seconds, Stopping threads took: 0,0000217 seconds
2015-12-04T17:15:05.421-0500: 6984,426: Total time for which application threads were stopped: 0,0000759 seconds, Stopping threads took: 0,0000185 seconds
2015-12-04T17:16:11.428-0500: 7050,432: Total time for which application threads were stopped: 0,0000731 seconds, Stopping threads took: 0,0000187 seconds
2015-12-04T17:16:29.430-0500: 7068,435: Total time for which application threads were stopped: 0,0003646 seconds, Stopping threads took: 0,0000464 seconds
{Heap before GC invocations=45 (full 2):
 par new generation   total 109248K, used 95562K [0x00000000e0000000, 0x00000000e8000000, 0x00000000e8000000)
  eden space 87424K, 100% used [0x00000000e0000000, 0x00000000e5560000, 0x00000000e5560000)
  from space 21824K,  37% used [0x00000000e6ab0000, 0x00000000e72a2b78, 0x00000000e8000000)
  to   space 21824K,   0% used [0x00000000e5560000, 0x00000000e5560000, 0x00000000e6ab0000)
 concurrent mark-sweep generation total 393216K, used 21071K [0x00000000e8000000, 0x0000000100000000, 0x0000000100000000)
 Metaspace       used 41443K, capacity 42312K, committed 42644K, reserved 1087488K
  class space    used 4258K, capacity 4482K, committed 4500K, reserved 1048576K
2015-12-04T17:20:20.282-0500: 7299,286: [GC (Allocation Failure) 2015-12-04T17:20:20.304-0500: 7299,309: [ParNew
Desired survivor size 20112992 bytes, new threshold 8 (max 8)
- age   1:     241424 bytes,     241424 total
- age   2:      32040 bytes,     273464 total
- age   3:     593440 bytes,     866904 total
- age   4:     278848 bytes,    1145752 total
- age   5:     133144 bytes,    1278896 total
- age   6:    1280248 bytes,    2559144 total
- age   7:      83472 bytes,    2642616 total
- age   8:    1386952 bytes,    4029568 total
: 95562K->5054K(109248K), 0,0345878 secs] 116634K->28175K(502464K), 0,0570124 secs] [Times: user=0,04 sys=0,00, real=0,06 secs] 
Heap after GC invocations=46 (full 2):
 par new generation   total 109248K, used 5054K [0x00000000e0000000, 0x00000000e8000000, 0x00000000e8000000)
  eden space 87424K,   0% used [0x00000000e0000000, 0x00000000e0000000, 0x00000000e5560000)
  from space 21824K,  23% used [0x00000000e5560000, 0x00000000e5a4fb70, 0x00000000e6ab0000)
  to   space 21824K,   0% used [0x00000000e6ab0000, 0x00000000e6ab0000, 0x00000000e8000000)
 concurrent mark-sweep generation total 393216K, used 23120K [0x00000000e8000000, 0x0000000100000000, 0x0000000100000000)
 Metaspace       used 41443K, capacity 42312K, committed 42644K, reserved 1087488K
  class space    used 4258K, capacity 4482K, committed 4500K, reserved 1048576K
}
2015-12-04T17:20:20.339-0500: 7299,343: Total time for which application threads were stopped: 0,0571808 seconds, Stopping threads took: 0,0000218 seconds
2015-12-04T17:21:46.515-0500: 7385,519: Total time for which application threads were stopped: 0,0001868 seconds, Stopping threads took: 0,0000246 seconds
2015-12-04T17:21:47.515-0500: 7386,520: Total time for which application threads were stopped: 0,0001685 seconds, Stopping threads took: 0,0000242 seconds
2015-12-04T17:21:47.660-0500: 7386,665: Total time for which application threads were stopped: 0,0001002 seconds, Stopping threads took: 0,0000214 seconds
2015-12-04T17:21:47.844-0500: 7386,848: Total time for which application threads were stopped: 0,0001355 seconds, Stopping threads took: 0,0000251 seconds
2015-12-04T17:21:48.332-0500: 7387,337: Total time for which application threads were stopped: 0,0000923 seconds, Stopping threads took: 0,0000298 seconds
2015-12-04T17:21:49.332-0500: 7388,337: Total time for which application threads were stopped: 0,0000713 seconds, Stopping threads took: 0,0000169 seconds
2015-12-04T17:21:51.336-0500: 7390,340: Total time for which application threads were stopped: 0,0000933 seconds, Stopping threads took: 0,0000285 seconds
2015-12-04T17:21:52.336-0500: 7391,341: Total time for which application threads were stopped: 0,0001052 seconds, Stopping threads took: 0,0000409 seconds
2015-12-04T17:21:52.367-0500: 7391,371: Total time for which application threads were stopped: 0,0000875 seconds, Stopping threads took: 0,0000185 seconds
2015-12-04T17:21:53.367-0500: 7392,372: Total time for which application threads were stopped: 0,0002513 seconds, Stopping threads took: 0,0000952 seconds
2015-12-04T17:21:59.368-0500: 7398,372: Total time for which application threads were stopped: 0,0000790 seconds, Stopping threads took: 0,0000210 seconds
2015-12-04T17:22:11.679-0500: 7410,683: Total time for which application threads were stopped: 0,0000900 seconds, Stopping threads took: 0,0000274 seconds
2015-12-04T17:22:12.679-0500: 7411,683: Total time for which application threads were stopped: 0,0001346 seconds, Stopping threads took: 0,0000460 seconds
2015-12-04T17:22:12.904-0500: 7411,908: Total time for which application threads were stopped: 0,0001080 seconds, Stopping threads took: 0,0000336 seconds
2015-12-04T17:22:13.904-0500: 7412,908: Total time for which application threads were stopped: 0,0004616 seconds, Stopping threads took: 0,0001072 seconds
2015-12-04T17:22:39.642-0500: 7438,646: Total time for which application threads were stopped: 0,0001215 seconds, Stopping threads took: 0,0000279 seconds
2015-12-04T17:22:39.686-0500: 7438,690: Total time for which application threads were stopped: 0,0000846 seconds, Stopping threads took: 0,0000277 seconds
2015-12-04T17:22:39.686-0500: 7438,690: Total time for which application threads were stopped: 0,0000584 seconds, Stopping threads took: 0,0000295 seconds
2015-12-04T17:22:39.686-0500: 7438,691: Total time for which application threads were stopped: 0,0000502 seconds, Stopping threads took: 0,0000201 seconds
2015-12-04T17:22:39.687-0500: 7438,691: Total time for which application threads were stopped: 0,0000476 seconds, Stopping threads took: 0,0000200 seconds
2015-12-04T17:22:40.687-0500: 7439,691: Total time for which application threads were stopped: 0,0001042 seconds, Stopping threads took: 0,0000242 seconds
2015-12-04T17:22:41.687-0500: 7440,691: Total time for which application threads were stopped: 0,0000831 seconds, Stopping threads took: 0,0000199 seconds
2015-12-04T17:22:43.944-0500: 7442,948: Total time for which application threads were stopped: 0,0001464 seconds, Stopping threads took: 0,0000368 seconds
2015-12-04T17:22:43.945-0500: 7442,949: Total time for which application threads were stopped: 0,0001032 seconds, Stopping threads took: 0,0000349 seconds
2015-12-04T17:22:43.945-0500: 7442,950: Total time for which application threads were stopped: 0,0001600 seconds, Stopping threads took: 0,0001103 seconds
2015-12-04T17:22:43.946-0500: 7442,950: Total time for which application threads were stopped: 0,0001346 seconds, Stopping threads took: 0,0000374 seconds
2015-12-04T17:22:43.947-0500: 7442,951: Total time for which application threads were stopped: 0,0001331 seconds, Stopping threads took: 0,0000830 seconds
2015-12-04T17:22:43.947-0500: 7442,951: Total time for which application threads were stopped: 0,0000670 seconds, Stopping threads took: 0,0000220 seconds
2015-12-04T17:22:43.949-0500: 7442,953: Total time for which application threads were stopped: 0,0002549 seconds, Stopping threads took: 0,0001074 seconds
2015-12-04T17:22:43.949-0500: 7442,954: Total time for which application threads were stopped: 0,0000630 seconds, Stopping threads took: 0,0000262 seconds
2015-12-04T17:22:43.950-0500: 7442,954: Total time for which application threads were stopped: 0,0000472 seconds, Stopping threads took: 0,0000138 seconds
2015-12-04T17:22:43.950-0500: 7442,954: Total time for which application threads were stopped: 0,0000409 seconds, Stopping threads took: 0,0000121 seconds
2015-12-04T17:22:43.951-0500: 7442,955: Total time for which application threads were stopped: 0,0000635 seconds, Stopping threads took: 0,0000229 seconds
2015-12-04T17:22:43.951-0500: 7442,955: Total time for which application threads were stopped: 0,0000508 seconds, Stopping threads took: 0,0000243 seconds
2015-12-04T17:22:43.954-0500: 7442,958: Total time for which application threads were stopped: 0,0000805 seconds, Stopping threads took: 0,0000194 seconds
2015-12-04T17:22:43.954-0500: 7442,958: Total time for which application threads were stopped: 0,0000887 seconds, Stopping threads took: 0,0000549 seconds
2015-12-04T17:22:43.955-0500: 7442,959: Total time for which application threads were stopped: 0,0000518 seconds, Stopping threads took: 0,0000227 seconds
2015-12-04T17:22:43.955-0500: 7442,959: Total time for which application threads were stopped: 0,0001449 seconds, Stopping threads took: 0,0001097 seconds
2015-12-04T17:22:43.955-0500: 7442,960: Total time for which application threads were stopped: 0,0000406 seconds, Stopping threads took: 0,0000195 seconds
2015-12-04T17:22:43.956-0500: 7442,960: Total time for which application threads were stopped: 0,0000404 seconds, Stopping threads took: 0,0000194 seconds
2015-12-04T17:22:43.956-0500: 7442,960: Total time for which application threads were stopped: 0,0001488 seconds, Stopping threads took: 0,0000172 seconds
{Heap before GC invocations=46 (full 2):
 par new generation   total 109248K, used 92478K [0x00000000e0000000, 0x00000000e8000000, 0x00000000e8000000)
  eden space 87424K, 100% used [0x00000000e0000000, 0x00000000e5560000, 0x00000000e5560000)
  from space 21824K,  23% used [0x00000000e5560000, 0x00000000e5a4fb70, 0x00000000e6ab0000)
  to   space 21824K,   0% used [0x00000000e6ab0000, 0x00000000e6ab0000, 0x00000000e8000000)
 concurrent mark-sweep generation total 393216K, used 23120K [0x00000000e8000000, 0x0000000100000000, 0x0000000100000000)
 Metaspace       used 41487K, capacity 42380K, committed 42644K, reserved 1087488K
  class space    used 4259K, capacity 4482K, committed 4500K, reserved 1048576K
2015-12-04T17:22:44.244-0500: 7443,248: [GC (Allocation Failure) 2015-12-04T17:22:44.244-0500: 7443,248: [ParNew
Desired survivor size 20112992 bytes, new threshold 8 (max 8)
- age   1:    9352976 bytes,    9352976 total
- age   2:     209528 bytes,    9562504 total
- age   3:      23344 bytes,    9585848 total
- age   4:     588768 bytes,   10174616 total
- age   5:     265848 bytes,   10440464 total
- age   6:     133144 bytes,   10573608 total
- age   7:    1280208 bytes,   11853816 total
- age   8:      83472 bytes,   11937288 total
: 92478K->13534K(109248K), 0,0381735 secs] 115599K->38015K(502464K), 0,0382463 secs] [Times: user=0,12 sys=0,00, real=0,04 secs] 
Heap after GC invocations=47 (full 2):
 par new generation   total 109248K, used 13534K [0x00000000e0000000, 0x00000000e8000000, 0x00000000e8000000)
  eden space 87424K,   0% used [0x00000000e0000000, 0x00000000e0000000, 0x00000000e5560000)
  from space 21824K,  62% used [0x00000000e6ab0000, 0x00000000e77e79e0, 0x00000000e8000000)
  to   space 21824K,   0% used [0x00000000e5560000, 0x00000000e5560000, 0x00000000e6ab0000)
 concurrent mark-sweep generation total 393216K, used 24480K [0x00000000e8000000, 0x0000000100000000, 0x0000000100000000)
 Metaspace       used 41487K, capacity 42380K, committed 42644K, reserved 1087488K
  class space    used 4259K, capacity 4482K, committed 4500K, reserved 1048576K
}
2015-12-04T17:22:44.282-0500: 7443,286: Total time for which application threads were stopped: 0,0384431 seconds, Stopping threads took: 0,0000271 seconds
2015-12-04T17:22:44.286-0500: 7443,290: Total time for which application threads were stopped: 0,0002842 seconds, Stopping threads took: 0,0000463 seconds
2015-12-04T17:22:45.058-0500: 7444,063: Total time for which application threads were stopped: 0,0005149 seconds, Stopping threads took: 0,0004245 seconds
2015-12-04T17:22:45.059-0500: 7444,063: Total time for which application threads were stopped: 0,0001576 seconds, Stopping threads took: 0,0000931 seconds
2015-12-04T17:22:45.059-0500: 7444,063: Total time for which application threads were stopped: 0,0001385 seconds, Stopping threads took: 0,0000957 seconds
2015-12-04T17:22:45.059-0500: 7444,064: Total time for which application threads were stopped: 0,0001615 seconds, Stopping threads took: 0,0001093 seconds
2015-12-04T17:22:45.062-0500: 7444,067: Total time for which application threads were stopped: 0,0000826 seconds, Stopping threads took: 0,0000270 seconds
2015-12-04T17:22:45.062-0500: 7444,067: Total time for which application threads were stopped: 0,0000434 seconds, Stopping threads took: 0,0000117 seconds
2015-12-04T17:22:45.063-0500: 7444,067: Total time for which application threads were stopped: 0,0000430 seconds, Stopping threads took: 0,0000086 seconds
2015-12-04T17:22:45.064-0500: 7444,068: Total time for which application threads were stopped: 0,0000466 seconds, Stopping threads took: 0,0000116 seconds
2015-12-04T17:22:45.064-0500: 7444,068: Total time for which application threads were stopped: 0,0000347 seconds, Stopping threads took: 0,0000088 seconds
2015-12-04T17:22:45.064-0500: 7444,068: Total time for which application threads were stopped: 0,0000326 seconds, Stopping threads took: 0,0000081 seconds
2015-12-04T17:22:46.064-0500: 7445,068: Total time for which application threads were stopped: 0,0001884 seconds, Stopping threads took: 0,0000430 seconds
2015-12-04T17:22:47.627-0500: 7446,631: Total time for which application threads were stopped: 0,0000910 seconds, Stopping threads took: 0,0000281 seconds
2015-12-04T17:22:48.627-0500: 7447,632: Total time for which application threads were stopped: 0,0000803 seconds, Stopping threads took: 0,0000189 seconds
2015-12-04T17:22:48.885-0500: 7447,889: Total time for which application threads were stopped: 0,0001928 seconds, Stopping threads took: 0,0000385 seconds
2015-12-04T17:22:48.886-0500: 7447,890: Total time for which application threads were stopped: 0,0000951 seconds, Stopping threads took: 0,0000296 seconds
2015-12-04T17:22:48.886-0500: 7447,890: Total time for which application threads were stopped: 0,0000744 seconds, Stopping threads took: 0,0000311 seconds
2015-12-04T17:22:48.887-0500: 7447,892: Total time for which application threads were stopped: 0,0000793 seconds, Stopping threads took: 0,0000328 seconds
2015-12-04T17:22:53.352-0500: 7452,356: Total time for which application threads were stopped: 0,0000934 seconds, Stopping threads took: 0,0000258 seconds
2015-12-04T17:22:54.300-0500: 7453,304: Total time for which application threads were stopped: 0,0000992 seconds, Stopping threads took: 0,0000187 seconds
2015-12-04T17:22:54.302-0500: 7453,306: Total time for which application threads were stopped: 0,0001897 seconds, Stopping threads took: 0,0000922 seconds
2015-12-04T17:22:59.925-0500: 7458,930: Total time for which application threads were stopped: 0,0000914 seconds, Stopping threads took: 0,0000225 seconds
2015-12-04T17:23:00.875-0500: 7459,880: Total time for which application threads were stopped: 0,0001199 seconds, Stopping threads took: 0,0000226 seconds
2015-12-04T17:23:01.876-0500: 7460,880: Total time for which application threads were stopped: 0,0000980 seconds, Stopping threads took: 0,0000218 seconds
2015-12-04T17:23:02.522-0500: 7461,526: Total time for which application threads were stopped: 0,0000894 seconds, Stopping threads took: 0,0000285 seconds
2015-12-04T17:23:03.492-0500: 7462,497: Total time for which application threads were stopped: 0,0000991 seconds, Stopping threads took: 0,0000183 seconds
2015-12-04T17:23:25.495-0500: 7484,499: Total time for which application threads were stopped: 0,0001074 seconds, Stopping threads took: 0,0000369 seconds
2015-12-04T17:24:32.297-0500: 7551,302: Total time for which application threads were stopped: 0,0001356 seconds, Stopping threads took: 0,0000323 seconds
2015-12-04T17:24:34.362-0500: 7553,366: Total time for which application threads were stopped: 0,0001006 seconds, Stopping threads took: 0,0000213 seconds
{Heap before GC invocations=47 (full 2):
 par new generation   total 109248K, used 100958K [0x00000000e0000000, 0x00000000e8000000, 0x00000000e8000000)
  eden space 87424K, 100% used [0x00000000e0000000, 0x00000000e5560000, 0x00000000e5560000)
  from space 21824K,  62% used [0x00000000e6ab0000, 0x00000000e77e79e0, 0x00000000e8000000)
  to   space 21824K,   0% used [0x00000000e5560000, 0x00000000e5560000, 0x00000000e6ab0000)
 concurrent mark-sweep generation total 393216K, used 24480K [0x00000000e8000000, 0x0000000100000000, 0x0000000100000000)
 Metaspace       used 41588K, capacity 42444K, committed 42644K, reserved 1087488K
  class space    used 4259K, capacity 4482K, committed 4500K, reserved 1048576K
2015-12-04T17:32:18.298-0500: 8017,302: [GC (Allocation Failure) 2015-12-04T17:32:18.298-0500: 8017,302: [ParNew
Desired survivor size 20112992 bytes, new threshold 8 (max 8)
- age   1:     343840 bytes,     343840 total
- age   2:     333568 bytes,     677408 total
- age   3:     129888 bytes,     807296 total
- age   4:      22992 bytes,     830288 total
- age   5:     297048 bytes,    1127336 total
- age   6:       9824 bytes,    1137160 total
- age   7:     132960 bytes,    1270120 total
- age   8:    1266104 bytes,    2536224 total
: 100958K->9499K(109248K), 0,0097225 secs] 125439K->34064K(502464K), 0,0098516 secs] [Times: user=0,03 sys=0,00, real=0,00 secs] 
Heap after GC invocations=48 (full 2):
 par new generation   total 109248K, used 9499K [0x00000000e0000000, 0x00000000e8000000, 0x00000000e8000000)
  eden space 87424K,   0% used [0x00000000e0000000, 0x00000000e0000000, 0x00000000e5560000)
  from space 21824K,  43% used [0x00000000e5560000, 0x00000000e5ea6e60, 0x00000000e6ab0000)
  to   space 21824K,   0% used [0x00000000e6ab0000, 0x00000000e6ab0000, 0x00000000e8000000)
 concurrent mark-sweep generation total 393216K, used 24564K [0x00000000e8000000, 0x0000000100000000, 0x0000000100000000)
 Metaspace       used 41588K, capacity 42444K, committed 42644K, reserved 1087488K
  class space    used 4259K, capacity 4482K, committed 4500K, reserved 1048576K
}
2015-12-04T17:32:18.308-0500: 8017,312: Total time for which application threads were stopped: 0,0101272 seconds, Stopping threads took: 0,0000246 seconds
2015-12-04T17:44:45.413-0500: 8764,417: Total time for which application threads were stopped: 0,0000933 seconds, Stopping threads took: 0,0000209 seconds
2015-12-04T17:47:19.427-0500: 8918,432: Total time for which application threads were stopped: 0,0000843 seconds, Stopping threads took: 0,0000298 seconds
2015-12-04T17:47:20.427-0500: 8919,432: Total time for which application threads were stopped: 0,0000822 seconds, Stopping threads took: 0,0000219 seconds
2015-12-04T17:52:52.520-0500: 9251,524: Total time for which application threads were stopped: 0,0000919 seconds, Stopping threads took: 0,0000259 seconds
2015-12-04T17:52:54.274-0500: 9253,278: Total time for which application threads were stopped: 0,0000868 seconds, Stopping threads took: 0,0000254 seconds
2015-12-04T17:52:55.305-0500: 9254,309: Total time for which application threads were stopped: 0,0000847 seconds, Stopping threads took: 0,0000277 seconds
2015-12-04T17:53:38.298-0500: 9271,280: Total time for which application threads were stopped: 0,0001042 seconds, Stopping threads took: 0,0000298 seconds
2015-12-04T17:53:40.293-0500: 9273,276: Total time for which application threads were stopped: 0,0000798 seconds, Stopping threads took: 0,0000198 seconds
2015-12-04T17:53:43.295-0500: 9276,278: Total time for which application threads were stopped: 0,0000955 seconds, Stopping threads took: 0,0000252 seconds
2015-12-04T17:53:44.295-0500: 9277,278: Total time for which application threads were stopped: 0,0001577 seconds, Stopping threads took: 0,0000279 seconds
2015-12-04T17:53:46.294-0500: 9279,277: Total time for which application threads were stopped: 0,0000925 seconds, Stopping threads took: 0,0000234 seconds
2015-12-04T18:09:55.741-0500: 10248,724: Total time for which application threads were stopped: 0,0001058 seconds, Stopping threads took: 0,0000408 seconds
2015-12-04T18:09:56.741-0500: 10249,724: Total time for which application threads were stopped: 0,0001028 seconds, Stopping threads took: 0,0000249 seconds
2015-12-04T18:10:00.065-0500: 10253,047: Total time for which application threads were stopped: 0,0001365 seconds, Stopping threads took: 0,0000467 seconds
2015-12-04T18:10:00.303-0500: 10253,286: Total time for which application threads were stopped: 0,0001016 seconds, Stopping threads took: 0,0000201 seconds
2015-12-04T18:10:01.304-0500: 10254,286: Total time for which application threads were stopped: 0,0001071 seconds, Stopping threads took: 0,0000233 seconds
2015-12-04T18:10:02.049-0500: 10255,031: Total time for which application threads were stopped: 0,0000897 seconds, Stopping threads took: 0,0000271 seconds
{Heap before GC invocations=48 (full 2):
 par new generation   total 109248K, used 96923K [0x00000000e0000000, 0x00000000e8000000, 0x00000000e8000000)
  eden space 87424K, 100% used [0x00000000e0000000, 0x00000000e5560000, 0x00000000e5560000)
  from space 21824K,  43% used [0x00000000e5560000, 0x00000000e5ea6e60, 0x00000000e6ab0000)
  to   space 21824K,   0% used [0x00000000e6ab0000, 0x00000000e6ab0000, 0x00000000e8000000)
 concurrent mark-sweep generation total 393216K, used 24564K [0x00000000e8000000, 0x0000000100000000, 0x0000000100000000)
 Metaspace       used 41592K, capacity 42444K, committed 42644K, reserved 1087488K
  class space    used 4260K, capacity 4482K, committed 4500K, reserved 1048576K
2015-12-04T18:10:02.067-0500: 10255,050: [GC (Allocation Failure) 2015-12-04T18:10:02.067-0500: 10255,050: [ParNew
Desired survivor size 20112992 bytes, new threshold 8 (max 8)
- age   1:     301064 bytes,     301064 total
- age   2:     244280 bytes,     545344 total
- age   3:     303208 bytes,     848552 total
- age   4:      92520 bytes,     941072 total
- age   5:      16208 bytes,     957280 total
- age   6:     268600 bytes,    1225880 total
- age   7:       9824 bytes,    1235704 total
- age   8:     132960 bytes,    1368664 total
: 96923K->3355K(109248K), 0,0062084 secs] 121488K->29166K(502464K), 0,0062606 secs] [Times: user=0,01 sys=0,01, real=0,01 secs] 
Heap after GC invocations=49 (full 2):
 par new generation   total 109248K, used 3355K [0x00000000e0000000, 0x00000000e8000000, 0x00000000e8000000)
  eden space 87424K,   0% used [0x00000000e0000000, 0x00000000e0000000, 0x00000000e5560000)
  from space 21824K,  15% used [0x00000000e6ab0000, 0x00000000e6df6e58, 0x00000000e8000000)
  to   space 21824K,   0% used [0x00000000e5560000, 0x00000000e5560000, 0x00000000e6ab0000)
 concurrent mark-sweep generation total 393216K, used 25810K [0x00000000e8000000, 0x0000000100000000, 0x0000000100000000)
 Metaspace       used 41592K, capacity 42444K, committed 42644K, reserved 1087488K
  class space    used 4260K, capacity 4482K, committed 4500K, reserved 1048576K
}
2015-12-04T18:10:02.073-0500: 10255,056: Total time for which application threads were stopped: 0,0228824 seconds, Stopping threads took: 0,0000305 seconds
2015-12-04T18:19:19.429-0500: 10812,412: Total time for which application threads were stopped: 0,0226113 seconds, Stopping threads took: 0,0224275 seconds
2015-12-04T18:19:19.429-0500: 10812,412: Total time for which application threads were stopped: 0,0000533 seconds, Stopping threads took: 0,0000110 seconds
2015-12-04T18:19:19.517-0500: 10812,499: Total time for which application threads were stopped: 0,0142302 seconds, Stopping threads took: 0,0141331 seconds
2015-12-04T18:19:19.639-0500: 10812,622: Total time for which application threads were stopped: 0,0004085 seconds, Stopping threads took: 0,0000315 seconds
2015-12-04T18:19:19.759-0500: 10812,742: Total time for which application threads were stopped: 0,0120469 seconds, Stopping threads took: 0,0119561 seconds
2015-12-04T18:19:21.009-0500: 10813,992: Total time for which application threads were stopped: 0,2498004 seconds, Stopping threads took: 0,2495808 seconds
2015-12-04T18:19:22.769-0500: 10815,751: Total time for which application threads were stopped: 0,0096456 seconds, Stopping threads took: 0,0094573 seconds
2015-12-04T18:19:27.879-0500: 10820,862: Total time for which application threads were stopped: 0,0001410 seconds, Stopping threads took: 0,0000331 seconds
2015-12-04T18:19:27.977-0500: 10820,960: Total time for which application threads were stopped: 0,0550647 seconds, Stopping threads took: 0,0549638 seconds
2015-12-04T18:19:28.036-0500: 10821,018: Total time for which application threads were stopped: 0,0576935 seconds, Stopping threads took: 0,0356670 seconds
2015-12-04T18:19:29.424-0500: 10822,407: Total time for which application threads were stopped: 0,0411682 seconds, Stopping threads took: 0,0408243 seconds
2015-12-04T18:19:29.425-0500: 10822,408: Total time for which application threads were stopped: 0,0001342 seconds, Stopping threads took: 0,0000695 seconds
2015-12-04T18:19:29.425-0500: 10822,408: Total time for which application threads were stopped: 0,0000495 seconds, Stopping threads took: 0,0000214 seconds
2015-12-04T18:19:29.425-0500: 10822,408: Total time for which application threads were stopped: 0,0000302 seconds, Stopping threads took: 0,0000071 seconds
2015-12-04T18:19:29.426-0500: 10822,409: Total time for which application threads were stopped: 0,0003784 seconds, Stopping threads took: 0,0003468 seconds
2015-12-04T18:19:29.426-0500: 10822,409: Total time for which application threads were stopped: 0,0000448 seconds, Stopping threads took: 0,0000106 seconds
2015-12-04T18:19:29.426-0500: 10822,409: Total time for which application threads were stopped: 0,0000409 seconds, Stopping threads took: 0,0000151 seconds
2015-12-04T18:20:20.498-0500: 10873,481: Total time for which application threads were stopped: 0,1093014 seconds, Stopping threads took: 0,0000276 seconds
2015-12-04T18:20:23.987-0500: 10876,969: Total time for which application threads were stopped: 0,0003186 seconds, Stopping threads took: 0,0001315 seconds
2015-12-04T18:33:11.470-0500: 11644,453: Total time for which application threads were stopped: 0,0001229 seconds, Stopping threads took: 0,0000352 seconds
2015-12-04T18:33:58.344-0500: 11691,327: Total time for which application threads were stopped: 0,0052020 seconds, Stopping threads took: 0,0051117 seconds
2015-12-04T18:33:58.440-0500: 11691,423: Total time for which application threads were stopped: 0,0370057 seconds, Stopping threads took: 0,0368955 seconds
2015-12-04T18:33:58.459-0500: 11691,441: Total time for which application threads were stopped: 0,0024330 seconds, Stopping threads took: 0,0022740 seconds
2015-12-04T18:33:58.496-0500: 11691,479: Total time for which application threads were stopped: 0,0000970 seconds, Stopping threads took: 0,0000230 seconds
2015-12-04T18:33:58.497-0500: 11691,479: Total time for which application threads were stopped: 0,0000642 seconds, Stopping threads took: 0,0000215 seconds
2015-12-04T18:33:58.587-0500: 11691,570: Total time for which application threads were stopped: 0,0263658 seconds, Stopping threads took: 0,0254594 seconds
2015-12-04T18:33:58.927-0500: 11691,910: Total time for which application threads were stopped: 0,0215102 seconds, Stopping threads took: 0,0214150 seconds
2015-12-04T18:33:58.976-0500: 11691,958: Total time for which application threads were stopped: 0,0001299 seconds, Stopping threads took: 0,0000559 seconds
2015-12-04T18:33:58.976-0500: 11691,958: Total time for which application threads were stopped: 0,0000588 seconds, Stopping threads took: 0,0000242 seconds
2015-12-04T18:33:58.977-0500: 11691,960: Total time for which application threads were stopped: 0,0000428 seconds, Stopping threads took: 0,0000078 seconds
2015-12-04T18:33:58.977-0500: 11691,960: Total time for which application threads were stopped: 0,0000416 seconds, Stopping threads took: 0,0000104 seconds
2015-12-04T18:33:58.977-0500: 11691,960: Total time for which application threads were stopped: 0,0000343 seconds, Stopping threads took: 0,0000047 seconds
2015-12-04T18:33:58.977-0500: 11691,960: Total time for which application threads were stopped: 0,0000334 seconds, Stopping threads took: 0,0000067 seconds
2015-12-04T18:33:58.978-0500: 11691,960: Total time for which application threads were stopped: 0,0000344 seconds, Stopping threads took: 0,0000061 seconds
2015-12-04T18:33:58.978-0500: 11691,960: Total time for which application threads were stopped: 0,0000352 seconds, Stopping threads took: 0,0000075 seconds
2015-12-04T18:33:58.978-0500: 11691,960: Total time for which application threads were stopped: 0,0000311 seconds, Stopping threads took: 0,0000061 seconds
2015-12-04T18:33:58.978-0500: 11691,960: Total time for which application threads were stopped: 0,0000308 seconds, Stopping threads took: 0,0000060 seconds
2015-12-04T18:33:58.999-0500: 11691,981: Total time for which application threads were stopped: 0,0000699 seconds, Stopping threads took: 0,0000309 seconds
2015-12-04T18:33:58.999-0500: 11691,981: Total time for which application threads were stopped: 0,0001412 seconds, Stopping threads took: 0,0000298 seconds
2015-12-04T18:33:59.015-0500: 11691,997: Total time for which application threads were stopped: 0,0000354 seconds, Stopping threads took: 0,0000067 seconds
2015-12-04T18:33:59.100-0500: 11692,083: Total time for which application threads were stopped: 0,0000771 seconds, Stopping threads took: 0,0000243 seconds
2015-12-04T18:33:59.100-0500: 11692,083: Total time for which application threads were stopped: 0,0000554 seconds, Stopping threads took: 0,0000322 seconds
2015-12-04T18:33:59.101-0500: 11692,083: Total time for which application threads were stopped: 0,0000533 seconds, Stopping threads took: 0,0000298 seconds
2015-12-04T18:33:59.101-0500: 11692,083: Total time for which application threads were stopped: 0,0001279 seconds, Stopping threads took: 0,0000297 seconds
2015-12-04T18:33:59.101-0500: 11692,084: Total time for which application threads were stopped: 0,0000531 seconds, Stopping threads took: 0,0000299 seconds
2015-12-04T18:33:59.101-0500: 11692,084: Total time for which application threads were stopped: 0,0000530 seconds, Stopping threads took: 0,0000297 seconds
2015-12-04T18:33:59.132-0500: 11692,115: Total time for which application threads were stopped: 0,0147957 seconds, Stopping threads took: 0,0147357 seconds
2015-12-04T18:33:59.136-0500: 11692,119: Total time for which application threads were stopped: 0,0001164 seconds, Stopping threads took: 0,0000629 seconds
2015-12-04T18:33:59.507-0500: 11692,490: Total time for which application threads were stopped: 0,0275298 seconds, Stopping threads took: 0,0274674 seconds
Heap
 par new generation   total 109248K, used 57318K [0x00000000e0000000, 0x00000000e8000000, 0x00000000e8000000)
  eden space 87424K,  61% used [0x00000000e0000000, 0x00000000e34b29d0, 0x00000000e5560000)
  from space 21824K,  15% used [0x00000000e6ab0000, 0x00000000e6df6e58, 0x00000000e8000000)
  to   space 21824K,   0% used [0x00000000e5560000, 0x00000000e5560000, 0x00000000e6ab0000)
 concurrent mark-sweep generation total 393216K, used 25810K [0x00000000e8000000, 0x0000000100000000, 0x0000000100000000)
 Metaspace       used 41640K, capacity 42512K, committed 42644K, reserved 1087488K
  class space    used 4266K, capacity 4482K, committed 4500K, reserved 1048576K
