Java HotSpot(TM) 64-Bit Server VM (25.66-b17) for linux-amd64 JRE (1.8.0_66-b17), built on Oct  6 2015 17:28:34 by "java_re" with gcc 4.3.0 20080428 (Red Hat 4.3.0-8)
Memory: 4k page, physical 8074228k(571012k free), swap 8285180k(7533732k free)
CommandLine flags: -XX:CMSInitiatingOccupancyFraction=50 -XX:CMSMaxAbortablePrecleanTime=6000 -XX:+CMSParallelRemarkEnabled -XX:+CMSScavengeBeforeRemark -XX:ConcGCThreads=4 -XX:InitialHeapSize=536870912 -XX:MaxHeapSize=536870912 -XX:MaxTenuringThreshold=8 -XX:NewRatio=3 -XX:OldPLABSize=16 -XX:ParallelGCThreads=4 -XX:+ParallelRefProcEnabled -XX:PretenureSizeThreshold=67108864 -XX:+PrintGC -XX:+PrintGCApplicationStoppedTime -XX:+PrintGCDateStamps -XX:+PrintGCDetails -XX:+PrintGCTimeStamps -XX:+PrintHeapAtGC -XX:+PrintTenuringDistribution -XX:SurvivorRatio=4 -XX:TargetSurvivorRatio=90 -XX:ThreadStackSize=256 -XX:+UseCMSInitiatingOccupancyOnly -XX:+UseCompressedClassPointers -XX:+UseCompressedOops -XX:+UseConcMarkSweepGC -XX:+UseParNewGC 
2015-12-07T10:59:43.180-0500: 0,613: Total time for which application threads were stopped: 0,0000880 seconds, Stopping threads took: 0,0000147 seconds
2015-12-07T10:59:43.870-0500: 1,303: Total time for which application threads were stopped: 0,0001254 seconds, Stopping threads took: 0,0000136 seconds
2015-12-07T10:59:44.171-0500: 1,604: Total time for which application threads were stopped: 0,0001163 seconds, Stopping threads took: 0,0000232 seconds
2015-12-07T10:59:44.318-0500: 1,751: Total time for which application threads were stopped: 0,0001329 seconds, Stopping threads took: 0,0000215 seconds
2015-12-07T10:59:44.420-0500: 1,852: Total time for which application threads were stopped: 0,0001756 seconds, Stopping threads took: 0,0000254 seconds
2015-12-07T10:59:44.441-0500: 1,873: Total time for which application threads were stopped: 0,0001586 seconds, Stopping threads took: 0,0000218 seconds
2015-12-07T10:59:44.461-0500: 1,893: Total time for which application threads were stopped: 0,0001339 seconds, Stopping threads took: 0,0000289 seconds
2015-12-07T10:59:45.461-0500: 2,894: Total time for which application threads were stopped: 0,0003344 seconds, Stopping threads took: 0,0000739 seconds
{Heap before GC invocations=0 (full 0):
 par new generation   total 109248K, used 87424K [0x00000000e0000000, 0x00000000e8000000, 0x00000000e8000000)
  eden space 87424K, 100% used [0x00000000e0000000, 0x00000000e5560000, 0x00000000e5560000)
  from space 21824K,   0% used [0x00000000e5560000, 0x00000000e5560000, 0x00000000e6ab0000)
  to   space 21824K,   0% used [0x00000000e6ab0000, 0x00000000e6ab0000, 0x00000000e8000000)
 concurrent mark-sweep generation total 393216K, used 0K [0x00000000e8000000, 0x0000000100000000, 0x0000000100000000)
 Metaspace       used 10062K, capacity 10248K, committed 10496K, reserved 1058816K
  class space    used 1149K, capacity 1180K, committed 1280K, reserved 1048576K
2015-12-07T10:59:45.576-0500: 3,009: [GC (Allocation Failure) 2015-12-07T10:59:45.576-0500: 3,009: [ParNew
Desired survivor size 20112992 bytes, new threshold 8 (max 8)
- age   1:    5678776 bytes,    5678776 total
: 87424K->5607K(109248K), 0,1242440 secs] 87424K->5607K(502464K), 0,1243353 secs] [Times: user=0,17 sys=0,21, real=0,12 secs] 
Heap after GC invocations=1 (full 0):
 par new generation   total 109248K, used 5607K [0x00000000e0000000, 0x00000000e8000000, 0x00000000e8000000)
  eden space 87424K,   0% used [0x00000000e0000000, 0x00000000e0000000, 0x00000000e5560000)
  from space 21824K,  25% used [0x00000000e6ab0000, 0x00000000e7029c58, 0x00000000e8000000)
  to   space 21824K,   0% used [0x00000000e5560000, 0x00000000e5560000, 0x00000000e6ab0000)
 concurrent mark-sweep generation total 393216K, used 0K [0x00000000e8000000, 0x0000000100000000, 0x0000000100000000)
 Metaspace       used 10062K, capacity 10248K, committed 10496K, reserved 1058816K
  class space    used 1149K, capacity 1180K, committed 1280K, reserved 1048576K
}
2015-12-07T10:59:45.701-0500: 3,133: Total time for which application threads were stopped: 0,1244820 seconds, Stopping threads took: 0,0000301 seconds
2015-12-07T10:59:46.046-0500: 3,479: Total time for which application threads were stopped: 0,0001603 seconds, Stopping threads took: 0,0000200 seconds
2015-12-07T10:59:46.612-0500: 4,044: Total time for which application threads were stopped: 0,0001233 seconds, Stopping threads took: 0,0000144 seconds
2015-12-07T10:59:47.600-0500: 5,032: Total time for which application threads were stopped: 0,0002234 seconds, Stopping threads took: 0,0000262 seconds
2015-12-07T10:59:47.601-0500: 5,033: Total time for which application threads were stopped: 0,0001449 seconds, Stopping threads took: 0,0000219 seconds
2015-12-07T10:59:47.633-0500: 5,065: Total time for which application threads were stopped: 0,0001841 seconds, Stopping threads took: 0,0000286 seconds
2015-12-07T10:59:47.967-0500: 5,400: Total time for which application threads were stopped: 0,0002137 seconds, Stopping threads took: 0,0000184 seconds
2015-12-07T10:59:48.967-0500: 6,400: Total time for which application threads were stopped: 0,0000815 seconds, Stopping threads took: 0,0000171 seconds
2015-12-07T10:59:49.105-0500: 6,538: Total time for which application threads were stopped: 0,0000875 seconds, Stopping threads took: 0,0000332 seconds
2015-12-07T10:59:49.106-0500: 6,539: Total time for which application threads were stopped: 0,0000839 seconds, Stopping threads took: 0,0000318 seconds
2015-12-07T10:59:49.106-0500: 6,539: Total time for which application threads were stopped: 0,0001094 seconds, Stopping threads took: 0,0000628 seconds
2015-12-07T10:59:49.121-0500: 6,554: Total time for which application threads were stopped: 0,0001728 seconds, Stopping threads took: 0,0000924 seconds
2015-12-07T10:59:49.125-0500: 6,558: Total time for which application threads were stopped: 0,0001123 seconds, Stopping threads took: 0,0000204 seconds
2015-12-07T10:59:49.126-0500: 6,558: Total time for which application threads were stopped: 0,0001330 seconds, Stopping threads took: 0,0000544 seconds
2015-12-07T10:59:49.126-0500: 6,558: Total time for which application threads were stopped: 0,0000882 seconds, Stopping threads took: 0,0000219 seconds
2015-12-07T10:59:49.126-0500: 6,559: Total time for which application threads were stopped: 0,0001118 seconds, Stopping threads took: 0,0000419 seconds
2015-12-07T10:59:49.126-0500: 6,559: Total time for which application threads were stopped: 0,0000884 seconds, Stopping threads took: 0,0000268 seconds
2015-12-07T10:59:49.126-0500: 6,559: Total time for which application threads were stopped: 0,0000624 seconds, Stopping threads took: 0,0000159 seconds
2015-12-07T10:59:49.127-0500: 6,559: Total time for which application threads were stopped: 0,0000802 seconds, Stopping threads took: 0,0000237 seconds
2015-12-07T10:59:49.127-0500: 6,559: Total time for which application threads were stopped: 0,0000643 seconds, Stopping threads took: 0,0000150 seconds
2015-12-07T10:59:49.127-0500: 6,560: Total time for which application threads were stopped: 0,0000473 seconds, Stopping threads took: 0,0000057 seconds
2015-12-07T10:59:49.127-0500: 6,560: Total time for which application threads were stopped: 0,0000543 seconds, Stopping threads took: 0,0000053 seconds
2015-12-07T10:59:49.127-0500: 6,560: Total time for which application threads were stopped: 0,0000550 seconds, Stopping threads took: 0,0000050 seconds
2015-12-07T10:59:49.127-0500: 6,560: Total time for which application threads were stopped: 0,0000552 seconds, Stopping threads took: 0,0000053 seconds
2015-12-07T10:59:49.127-0500: 6,560: Total time for which application threads were stopped: 0,0000540 seconds, Stopping threads took: 0,0000048 seconds
2015-12-07T10:59:49.127-0500: 6,560: Total time for which application threads were stopped: 0,0000485 seconds, Stopping threads took: 0,0000071 seconds
2015-12-07T10:59:49.128-0500: 6,560: Total time for which application threads were stopped: 0,0000561 seconds, Stopping threads took: 0,0000056 seconds
2015-12-07T10:59:49.128-0500: 6,560: Total time for which application threads were stopped: 0,0000457 seconds, Stopping threads took: 0,0000053 seconds
2015-12-07T10:59:49.128-0500: 6,560: Total time for which application threads were stopped: 0,0000454 seconds, Stopping threads took: 0,0000050 seconds
2015-12-07T10:59:49.128-0500: 6,560: Total time for which application threads were stopped: 0,0000449 seconds, Stopping threads took: 0,0000050 seconds
2015-12-07T10:59:49.128-0500: 6,560: Total time for which application threads were stopped: 0,0000457 seconds, Stopping threads took: 0,0000052 seconds
2015-12-07T10:59:49.128-0500: 6,560: Total time for which application threads were stopped: 0,0000453 seconds, Stopping threads took: 0,0000050 seconds
2015-12-07T10:59:49.128-0500: 6,560: Total time for which application threads were stopped: 0,0000459 seconds, Stopping threads took: 0,0000051 seconds
2015-12-07T10:59:49.128-0500: 6,561: Total time for which application threads were stopped: 0,0000454 seconds, Stopping threads took: 0,0000054 seconds
2015-12-07T10:59:49.128-0500: 6,561: Total time for which application threads were stopped: 0,0000555 seconds, Stopping threads took: 0,0000127 seconds
2015-12-07T10:59:49.128-0500: 6,561: Total time for which application threads were stopped: 0,0001322 seconds, Stopping threads took: 0,0000255 seconds
2015-12-07T10:59:49.128-0500: 6,561: Total time for which application threads were stopped: 0,0000443 seconds, Stopping threads took: 0,0000154 seconds
2015-12-07T10:59:49.128-0500: 6,561: Total time for which application threads were stopped: 0,0000397 seconds, Stopping threads took: 0,0000125 seconds
2015-12-07T10:59:49.129-0500: 6,561: Total time for which application threads were stopped: 0,0001030 seconds, Stopping threads took: 0,0000223 seconds
2015-12-07T10:59:49.129-0500: 6,561: Total time for which application threads were stopped: 0,0000329 seconds, Stopping threads took: 0,0000052 seconds
2015-12-07T10:59:49.129-0500: 6,561: Total time for which application threads were stopped: 0,0000528 seconds, Stopping threads took: 0,0000141 seconds
2015-12-07T10:59:49.131-0500: 6,564: Total time for which application threads were stopped: 0,0001558 seconds, Stopping threads took: 0,0001041 seconds
2015-12-07T10:59:49.132-0500: 6,564: Total time for which application threads were stopped: 0,0000754 seconds, Stopping threads took: 0,0000263 seconds
2015-12-07T10:59:49.132-0500: 6,565: Total time for which application threads were stopped: 0,0001299 seconds, Stopping threads took: 0,0000812 seconds
2015-12-07T10:59:49.132-0500: 6,565: Total time for which application threads were stopped: 0,0000804 seconds, Stopping threads took: 0,0000433 seconds
2015-12-07T10:59:49.133-0500: 6,565: Total time for which application threads were stopped: 0,0001104 seconds, Stopping threads took: 0,0000709 seconds
2015-12-07T10:59:49.133-0500: 6,565: Total time for which application threads were stopped: 0,0000674 seconds, Stopping threads took: 0,0000341 seconds
2015-12-07T10:59:49.134-0500: 6,566: Total time for which application threads were stopped: 0,0000918 seconds, Stopping threads took: 0,0000509 seconds
2015-12-07T10:59:49.134-0500: 6,567: Total time for which application threads were stopped: 0,0002983 seconds, Stopping threads took: 0,0002601 seconds
2015-12-07T10:59:49.135-0500: 6,567: Total time for which application threads were stopped: 0,0000956 seconds, Stopping threads took: 0,0000562 seconds
2015-12-07T10:59:49.135-0500: 6,568: Total time for which application threads were stopped: 0,0004988 seconds, Stopping threads took: 0,0004401 seconds
2015-12-07T10:59:49.138-0500: 6,571: Total time for which application threads were stopped: 0,0001136 seconds, Stopping threads took: 0,0000439 seconds
2015-12-07T10:59:49.138-0500: 6,571: Total time for which application threads were stopped: 0,0000814 seconds, Stopping threads took: 0,0000411 seconds
2015-12-07T10:59:49.138-0500: 6,571: Total time for which application threads were stopped: 0,0000591 seconds, Stopping threads took: 0,0000302 seconds
2015-12-07T10:59:49.141-0500: 6,573: Total time for which application threads were stopped: 0,0021571 seconds, Stopping threads took: 0,0021035 seconds
2015-12-07T10:59:49.141-0500: 6,573: Total time for which application threads were stopped: 0,0000439 seconds, Stopping threads took: 0,0000192 seconds
2015-12-07T10:59:49.141-0500: 6,573: Total time for which application threads were stopped: 0,0000622 seconds, Stopping threads took: 0,0000274 seconds
2015-12-07T10:59:49.141-0500: 6,573: Total time for which application threads were stopped: 0,0000520 seconds, Stopping threads took: 0,0000240 seconds
2015-12-07T10:59:49.144-0500: 6,576: Total time for which application threads were stopped: 0,0000560 seconds, Stopping threads took: 0,0000100 seconds
2015-12-07T10:59:49.144-0500: 6,577: Total time for which application threads were stopped: 0,0000610 seconds, Stopping threads took: 0,0000255 seconds
2015-12-07T10:59:49.144-0500: 6,577: Total time for which application threads were stopped: 0,0000620 seconds, Stopping threads took: 0,0000271 seconds
2015-12-07T10:59:49.144-0500: 6,577: Total time for which application threads were stopped: 0,0000500 seconds, Stopping threads took: 0,0000194 seconds
2015-12-07T10:59:49.144-0500: 6,577: Total time for which application threads were stopped: 0,0000486 seconds, Stopping threads took: 0,0000068 seconds
2015-12-07T10:59:49.145-0500: 6,577: Total time for which application threads were stopped: 0,0000567 seconds, Stopping threads took: 0,0000284 seconds
2015-12-07T10:59:49.145-0500: 6,577: Total time for which application threads were stopped: 0,0000428 seconds, Stopping threads took: 0,0000080 seconds
2015-12-07T10:59:49.145-0500: 6,577: Total time for which application threads were stopped: 0,0000384 seconds, Stopping threads took: 0,0000131 seconds
2015-12-07T10:59:49.145-0500: 6,578: Total time for which application threads were stopped: 0,0000396 seconds, Stopping threads took: 0,0000196 seconds
2015-12-07T10:59:49.145-0500: 6,578: Total time for which application threads were stopped: 0,0000416 seconds, Stopping threads took: 0,0000126 seconds
2015-12-07T10:59:49.146-0500: 6,578: Total time for which application threads were stopped: 0,0000701 seconds, Stopping threads took: 0,0000292 seconds
2015-12-07T10:59:49.146-0500: 6,579: Total time for which application threads were stopped: 0,0000347 seconds, Stopping threads took: 0,0000077 seconds
2015-12-07T10:59:49.146-0500: 6,579: Total time for which application threads were stopped: 0,0000452 seconds, Stopping threads took: 0,0000081 seconds
2015-12-07T10:59:49.147-0500: 6,579: Total time for which application threads were stopped: 0,0000444 seconds, Stopping threads took: 0,0000192 seconds
2015-12-07T10:59:49.148-0500: 6,580: Total time for which application threads were stopped: 0,0000565 seconds, Stopping threads took: 0,0000121 seconds
2015-12-07T10:59:49.148-0500: 6,580: Total time for which application threads were stopped: 0,0000395 seconds, Stopping threads took: 0,0000084 seconds
2015-12-07T10:59:49.148-0500: 6,580: Total time for which application threads were stopped: 0,0000428 seconds, Stopping threads took: 0,0000069 seconds
2015-12-07T10:59:49.148-0500: 6,581: Total time for which application threads were stopped: 0,0000327 seconds, Stopping threads took: 0,0000072 seconds
2015-12-07T10:59:49.148-0500: 6,581: Total time for which application threads were stopped: 0,0000477 seconds, Stopping threads took: 0,0000065 seconds
2015-12-07T10:59:49.148-0500: 6,581: Total time for which application threads were stopped: 0,0000300 seconds, Stopping threads took: 0,0000055 seconds
2015-12-07T10:59:49.148-0500: 6,581: Total time for which application threads were stopped: 0,0000271 seconds, Stopping threads took: 0,0000049 seconds
2015-12-07T10:59:49.148-0500: 6,581: Total time for which application threads were stopped: 0,0000274 seconds, Stopping threads took: 0,0000050 seconds
2015-12-07T10:59:49.148-0500: 6,581: Total time for which application threads were stopped: 0,0000267 seconds, Stopping threads took: 0,0000049 seconds
2015-12-07T10:59:49.148-0500: 6,581: Total time for which application threads were stopped: 0,0000269 seconds, Stopping threads took: 0,0000049 seconds
2015-12-07T10:59:49.148-0500: 6,581: Total time for which application threads were stopped: 0,0000265 seconds, Stopping threads took: 0,0000048 seconds
2015-12-07T10:59:49.149-0500: 6,581: Total time for which application threads were stopped: 0,0000807 seconds, Stopping threads took: 0,0000049 seconds
2015-12-07T10:59:49.149-0500: 6,581: Total time for which application threads were stopped: 0,0000289 seconds, Stopping threads took: 0,0000051 seconds
2015-12-07T10:59:49.149-0500: 6,581: Total time for which application threads were stopped: 0,0000720 seconds, Stopping threads took: 0,0000049 seconds
2015-12-07T10:59:49.266-0500: 6,699: Total time for which application threads were stopped: 0,0002098 seconds, Stopping threads took: 0,0000206 seconds
2015-12-07T10:59:49.279-0500: 6,711: Total time for which application threads were stopped: 0,0001757 seconds, Stopping threads took: 0,0001030 seconds
2015-12-07T10:59:49.282-0500: 6,714: Total time for which application threads were stopped: 0,0000900 seconds, Stopping threads took: 0,0000278 seconds
2015-12-07T10:59:49.282-0500: 6,715: Total time for which application threads were stopped: 0,0000637 seconds, Stopping threads took: 0,0000114 seconds
2015-12-07T10:59:49.282-0500: 6,715: Total time for which application threads were stopped: 0,0000584 seconds, Stopping threads took: 0,0000164 seconds
2015-12-07T10:59:49.349-0500: 6,782: Total time for which application threads were stopped: 0,0002687 seconds, Stopping threads took: 0,0001494 seconds
2015-12-07T10:59:49.387-0500: 6,820: Total time for which application threads were stopped: 0,0000690 seconds, Stopping threads took: 0,0000273 seconds
2015-12-07T10:59:49.488-0500: 6,921: Total time for which application threads were stopped: 0,0000864 seconds, Stopping threads took: 0,0000311 seconds
2015-12-07T10:59:50.064-0500: 7,496: Total time for which application threads were stopped: 0,0002353 seconds, Stopping threads took: 0,0001388 seconds
2015-12-07T10:59:51.064-0500: 8,497: Total time for which application threads were stopped: 0,0000735 seconds, Stopping threads took: 0,0000199 seconds
{Heap before GC invocations=1 (full 0):
 par new generation   total 109248K, used 93031K [0x00000000e0000000, 0x00000000e8000000, 0x00000000e8000000)
  eden space 87424K, 100% used [0x00000000e0000000, 0x00000000e5560000, 0x00000000e5560000)
  from space 21824K,  25% used [0x00000000e6ab0000, 0x00000000e7029c58, 0x00000000e8000000)
  to   space 21824K,   0% used [0x00000000e5560000, 0x00000000e5560000, 0x00000000e6ab0000)
 concurrent mark-sweep generation total 393216K, used 0K [0x00000000e8000000, 0x0000000100000000, 0x0000000100000000)
 Metaspace       used 19427K, capacity 19800K, committed 19840K, reserved 1067008K
  class space    used 2279K, capacity 2422K, committed 2432K, reserved 1048576K
2015-12-07T10:59:51.590-0500: 9,022: [GC (Allocation Failure) 2015-12-07T10:59:51.590-0500: 9,023: [ParNew
Desired survivor size 20112992 bytes, new threshold 8 (max 8)
- age   1:    9821416 bytes,    9821416 total
- age   2:    2505560 bytes,   12326976 total
: 93031K->14727K(109248K), 0,0157003 secs] 93031K->14727K(502464K), 0,0157716 secs] [Times: user=0,04 sys=0,02, real=0,02 secs] 
Heap after GC invocations=2 (full 0):
 par new generation   total 109248K, used 14727K [0x00000000e0000000, 0x00000000e8000000, 0x00000000e8000000)
  eden space 87424K,   0% used [0x00000000e0000000, 0x00000000e0000000, 0x00000000e5560000)
  from space 21824K,  67% used [0x00000000e5560000, 0x00000000e63c1e00, 0x00000000e6ab0000)
  to   space 21824K,   0% used [0x00000000e6ab0000, 0x00000000e6ab0000, 0x00000000e8000000)
 concurrent mark-sweep generation total 393216K, used 0K [0x00000000e8000000, 0x0000000100000000, 0x0000000100000000)
 Metaspace       used 19427K, capacity 19800K, committed 19840K, reserved 1067008K
  class space    used 2279K, capacity 2422K, committed 2432K, reserved 1048576K
}
2015-12-07T10:59:51.606-0500: 9,038: Total time for which application threads were stopped: 0,0160127 seconds, Stopping threads took: 0,0001042 seconds
2015-12-07T10:59:51.609-0500: 9,041: Total time for which application threads were stopped: 0,0001349 seconds, Stopping threads took: 0,0000832 seconds
2015-12-07T10:59:51.609-0500: 9,042: Total time for which application threads were stopped: 0,0000661 seconds, Stopping threads took: 0,0000318 seconds
2015-12-07T10:59:51.609-0500: 9,042: Total time for which application threads were stopped: 0,0000345 seconds, Stopping threads took: 0,0000131 seconds
2015-12-07T10:59:51.609-0500: 9,042: Total time for which application threads were stopped: 0,0000519 seconds, Stopping threads took: 0,0000252 seconds
2015-12-07T10:59:51.880-0500: 9,313: Total time for which application threads were stopped: 0,0002366 seconds, Stopping threads took: 0,0000144 seconds
2015-12-07T10:59:51.906-0500: 9,338: Total time for which application threads were stopped: 0,0002804 seconds, Stopping threads took: 0,0000236 seconds
2015-12-07T10:59:51.934-0500: 9,367: Total time for which application threads were stopped: 0,0002536 seconds, Stopping threads took: 0,0000234 seconds
2015-12-07T10:59:51.957-0500: 9,389: Total time for which application threads were stopped: 0,0001710 seconds, Stopping threads took: 0,0000925 seconds
2015-12-07T10:59:51.991-0500: 9,423: Total time for which application threads were stopped: 0,0001675 seconds, Stopping threads took: 0,0000903 seconds
2015-12-07T10:59:52.031-0500: 9,464: Total time for which application threads were stopped: 0,0021787 seconds, Stopping threads took: 0,0020899 seconds
2015-12-07T10:59:52.035-0500: 9,468: Total time for which application threads were stopped: 0,0010311 seconds, Stopping threads took: 0,0009737 seconds
2015-12-07T10:59:52.035-0500: 9,468: Total time for which application threads were stopped: 0,0000720 seconds, Stopping threads took: 0,0000417 seconds
2015-12-07T10:59:52.126-0500: 9,558: Total time for which application threads were stopped: 0,0002487 seconds, Stopping threads took: 0,0001646 seconds
{Heap before GC invocations=2 (full 0):
 par new generation   total 109248K, used 102151K [0x00000000e0000000, 0x00000000e8000000, 0x00000000e8000000)
  eden space 87424K, 100% used [0x00000000e0000000, 0x00000000e5560000, 0x00000000e5560000)
  from space 21824K,  67% used [0x00000000e5560000, 0x00000000e63c1e00, 0x00000000e6ab0000)
  to   space 21824K,   0% used [0x00000000e6ab0000, 0x00000000e6ab0000, 0x00000000e8000000)
 concurrent mark-sweep generation total 393216K, used 0K [0x00000000e8000000, 0x0000000100000000, 0x0000000100000000)
 Metaspace       used 20618K, capacity 20926K, committed 20992K, reserved 1067008K
  class space    used 2407K, capacity 2519K, committed 2560K, reserved 1048576K
2015-12-07T10:59:52.130-0500: 9,563: [GC (Allocation Failure) 2015-12-07T10:59:52.130-0500: 9,563: [ParNew
Desired survivor size 20112992 bytes, new threshold 8 (max 8)
- age   1:    2906064 bytes,    2906064 total
- age   2:    4334368 bytes,    7240432 total
- age   3:    2481752 bytes,    9722184 total
: 102151K->14923K(109248K), 0,0085186 secs] 102151K->14923K(502464K), 0,0085860 secs] [Times: user=0,03 sys=0,01, real=0,01 secs] 
Heap after GC invocations=3 (full 0):
 par new generation   total 109248K, used 14923K [0x00000000e0000000, 0x00000000e8000000, 0x00000000e8000000)
  eden space 87424K,   0% used [0x00000000e0000000, 0x00000000e0000000, 0x00000000e5560000)
  from space 21824K,  68% used [0x00000000e6ab0000, 0x00000000e7942e00, 0x00000000e8000000)
  to   space 21824K,   0% used [0x00000000e5560000, 0x00000000e5560000, 0x00000000e6ab0000)
 concurrent mark-sweep generation total 393216K, used 0K [0x00000000e8000000, 0x0000000100000000, 0x0000000100000000)
 Metaspace       used 20618K, capacity 20926K, committed 20992K, reserved 1067008K
  class space    used 2407K, capacity 2519K, committed 2560K, reserved 1048576K
}
2015-12-07T10:59:52.139-0500: 9,571: Total time for which application threads were stopped: 0,0120432 seconds, Stopping threads took: 0,0033356 seconds
2015-12-07T10:59:52.139-0500: 9,572: Total time for which application threads were stopped: 0,0001175 seconds, Stopping threads took: 0,0000518 seconds
2015-12-07T10:59:52.141-0500: 9,574: Total time for which application threads were stopped: 0,0002068 seconds, Stopping threads took: 0,0001243 seconds
2015-12-07T10:59:52.143-0500: 9,575: Total time for which application threads were stopped: 0,0013634 seconds, Stopping threads took: 0,0013202 seconds
2015-12-07T10:59:52.149-0500: 9,581: Total time for which application threads were stopped: 0,0001488 seconds, Stopping threads took: 0,0000776 seconds
2015-12-07T10:59:52.172-0500: 9,604: Total time for which application threads were stopped: 0,0001689 seconds, Stopping threads took: 0,0000800 seconds
2015-12-07T10:59:52.202-0500: 9,635: Total time for which application threads were stopped: 0,0001450 seconds, Stopping threads took: 0,0000711 seconds
{Heap before GC invocations=3 (full 0):
 par new generation   total 109248K, used 102347K [0x00000000e0000000, 0x00000000e8000000, 0x00000000e8000000)
  eden space 87424K, 100% used [0x00000000e0000000, 0x00000000e5560000, 0x00000000e5560000)
  from space 21824K,  68% used [0x00000000e6ab0000, 0x00000000e7942e00, 0x00000000e8000000)
  to   space 21824K,   0% used [0x00000000e5560000, 0x00000000e5560000, 0x00000000e6ab0000)
 concurrent mark-sweep generation total 393216K, used 0K [0x00000000e8000000, 0x0000000100000000, 0x0000000100000000)
 Metaspace       used 20919K, capacity 21296K, committed 21552K, reserved 1069056K
  class space    used 2440K, capacity 2554K, committed 2560K, reserved 1048576K
2015-12-07T10:59:52.204-0500: 9,636: [GC (Allocation Failure) 2015-12-07T10:59:52.204-0500: 9,636: [ParNew
Desired survivor size 20112992 bytes, new threshold 8 (max 8)
- age   1:     438104 bytes,     438104 total
- age   2:    1760976 bytes,    2199080 total
- age   3:    4313376 bytes,    6512456 total
- age   4:    2481424 bytes,    8993880 total
: 102347K->12151K(109248K), 0,0066731 secs] 102347K->12151K(502464K), 0,0067384 secs] [Times: user=0,02 sys=0,00, real=0,00 secs] 
Heap after GC invocations=4 (full 0):
 par new generation   total 109248K, used 12151K [0x00000000e0000000, 0x00000000e8000000, 0x00000000e8000000)
  eden space 87424K,   0% used [0x00000000e0000000, 0x00000000e0000000, 0x00000000e5560000)
  from space 21824K,  55% used [0x00000000e5560000, 0x00000000e613df30, 0x00000000e6ab0000)
  to   space 21824K,   0% used [0x00000000e6ab0000, 0x00000000e6ab0000, 0x00000000e8000000)
 concurrent mark-sweep generation total 393216K, used 0K [0x00000000e8000000, 0x0000000100000000, 0x0000000100000000)
 Metaspace       used 20919K, capacity 21296K, committed 21552K, reserved 1069056K
  class space    used 2440K, capacity 2554K, committed 2560K, reserved 1048576K
}
2015-12-07T10:59:52.210-0500: 9,643: Total time for which application threads were stopped: 0,0069196 seconds, Stopping threads took: 0,0000677 seconds
2015-12-07T10:59:52.211-0500: 9,643: [GC (CMS Initial Mark) [1 CMS-initial-mark: 0K(393216K)] 12778K(502464K), 0,0018419 secs] [Times: user=0,01 sys=0,00, real=0,00 secs] 
2015-12-07T10:59:52.212-0500: 9,645: Total time for which application threads were stopped: 0,0019681 seconds, Stopping threads took: 0,0000521 seconds
2015-12-07T10:59:52.212-0500: 9,645: [CMS-concurrent-mark-start]
2015-12-07T10:59:52.214-0500: 9,646: [CMS-concurrent-mark: 0,001/0,001 secs] [Times: user=0,00 sys=0,00, real=0,00 secs] 
2015-12-07T10:59:52.214-0500: 9,646: [CMS-concurrent-preclean-start]
2015-12-07T10:59:52.215-0500: 9,647: [CMS-concurrent-preclean: 0,001/0,001 secs] [Times: user=0,00 sys=0,00, real=0,00 secs] 
2015-12-07T10:59:52.215-0500: 9,647: [CMS-concurrent-abortable-preclean-start]
2015-12-07T10:59:52.238-0500: 9,671: Total time for which application threads were stopped: 0,0000843 seconds, Stopping threads took: 0,0000184 seconds
2015-12-07T10:59:52.274-0500: 9,707: Total time for which application threads were stopped: 0,0000794 seconds, Stopping threads took: 0,0000271 seconds
2015-12-07T10:59:52.350-0500: 9,782: Total time for which application threads were stopped: 0,0001576 seconds, Stopping threads took: 0,0000722 seconds
{Heap before GC invocations=4 (full 1):
 par new generation   total 109248K, used 99575K [0x00000000e0000000, 0x00000000e8000000, 0x00000000e8000000)
  eden space 87424K, 100% used [0x00000000e0000000, 0x00000000e5560000, 0x00000000e5560000)
  from space 21824K,  55% used [0x00000000e5560000, 0x00000000e613df30, 0x00000000e6ab0000)
  to   space 21824K,   0% used [0x00000000e6ab0000, 0x00000000e6ab0000, 0x00000000e8000000)
 concurrent mark-sweep generation total 393216K, used 0K [0x00000000e8000000, 0x0000000100000000, 0x0000000100000000)
 Metaspace       used 21592K, capacity 22012K, committed 22216K, reserved 1069056K
  class space    used 2533K, capacity 2684K, committed 2712K, reserved 1048576K
2015-12-07T10:59:52.402-0500: 9,834: [GC (Allocation Failure) 2015-12-07T10:59:52.402-0500: 9,834: [ParNew
Desired survivor size 20112992 bytes, new threshold 8 (max 8)
- age   1:    1455888 bytes,    1455888 total
- age   2:     112864 bytes,    1568752 total
- age   3:    1760944 bytes,    3329696 total
- age   4:    4312096 bytes,    7641792 total
- age   5:    2481424 bytes,   10123216 total
: 99575K->11272K(109248K), 0,0064602 secs] 99575K->11272K(502464K), 0,0065294 secs] [Times: user=0,02 sys=0,00, real=0,01 secs] 
Heap after GC invocations=5 (full 1):
 par new generation   total 109248K, used 11272K [0x00000000e0000000, 0x00000000e8000000, 0x00000000e8000000)
  eden space 87424K,   0% used [0x00000000e0000000, 0x00000000e0000000, 0x00000000e5560000)
  from space 21824K,  51% used [0x00000000e6ab0000, 0x00000000e75b2070, 0x00000000e8000000)
  to   space 21824K,   0% used [0x00000000e5560000, 0x00000000e5560000, 0x00000000e6ab0000)
 concurrent mark-sweep generation total 393216K, used 0K [0x00000000e8000000, 0x0000000100000000, 0x0000000100000000)
 Metaspace       used 21592K, capacity 22012K, committed 22216K, reserved 1069056K
  class space    used 2533K, capacity 2684K, committed 2712K, reserved 1048576K
}
2015-12-07T10:59:52.408-0500: 9,841: Total time for which application threads were stopped: 0,0067487 seconds, Stopping threads took: 0,0000944 seconds
2015-12-07T10:59:52.408-0500: 9,841: [CMS-concurrent-abortable-preclean: 0,138/0,193 secs] [Times: user=0,39 sys=0,00, real=0,20 secs] 
2015-12-07T10:59:52.409-0500: 9,841: [GC (CMS Final Remark) [YG occupancy: 12001 K (109248 K)]{Heap before GC invocations=5 (full 1):
 par new generation   total 109248K, used 12001K [0x00000000e0000000, 0x00000000e8000000, 0x00000000e8000000)
  eden space 87424K,   0% used [0x00000000e0000000, 0x00000000e00b6668, 0x00000000e5560000)
  from space 21824K,  51% used [0x00000000e6ab0000, 0x00000000e75b2070, 0x00000000e8000000)
  to   space 21824K,   0% used [0x00000000e5560000, 0x00000000e5560000, 0x00000000e6ab0000)
 concurrent mark-sweep generation total 393216K, used 0K [0x00000000e8000000, 0x0000000100000000, 0x0000000100000000)
 Metaspace       used 21592K, capacity 22012K, committed 22216K, reserved 1069056K
  class space    used 2533K, capacity 2684K, committed 2712K, reserved 1048576K
2015-12-07T10:59:52.409-0500: 9,841: [GC (CMS Final Remark) 2015-12-07T10:59:52.409-0500: 9,841: [ParNew
Desired survivor size 20112992 bytes, new threshold 8 (max 8)
- age   1:     141832 bytes,     141832 total
- age   2:     927304 bytes,    1069136 total
- age   3:     112864 bytes,    1182000 total
- age   4:    1761016 bytes,    2943016 total
- age   5:    4312096 bytes,    7255112 total
- age   6:    2481424 bytes,    9736536 total
: 12001K->14947K(109248K), 0,0058911 secs] 12001K->14947K(502464K), 0,0059267 secs] [Times: user=0,03 sys=0,00, real=0,00 secs] 
Heap after GC invocations=6 (full 1):
 par new generation   total 109248K, used 14947K [0x00000000e0000000, 0x00000000e8000000, 0x00000000e8000000)
  eden space 87424K,   0% used [0x00000000e0000000, 0x00000000e0000000, 0x00000000e5560000)
  from space 21824K,  68% used [0x00000000e5560000, 0x00000000e63f8fd0, 0x00000000e6ab0000)
  to   space 21824K,   0% used [0x00000000e6ab0000, 0x00000000e6ab0000, 0x00000000e8000000)
 concurrent mark-sweep generation total 393216K, used 0K [0x00000000e8000000, 0x0000000100000000, 0x0000000100000000)
 Metaspace       used 21592K, capacity 22012K, committed 22216K, reserved 1069056K
  class space    used 2533K, capacity 2684K, committed 2712K, reserved 1048576K
}
2015-12-07T10:59:52.415-0500: 9,847: [Rescan (parallel) , 0,0021446 secs]2015-12-07T10:59:52.417-0500: 9,849: [weak refs processing, 0,0003863 secs]2015-12-07T10:59:52.417-0500: 9,850: [class unloading, 0,0026561 secs]2015-12-07T10:59:52.420-0500: 9,852: [scrub symbol table, 0,0023562 secs]2015-12-07T10:59:52.422-0500: 9,855: [scrub string table, 0,0003528 secs][1 CMS-remark: 0K(393216K)] 14947K(502464K), 0,0146556 secs] [Times: user=0,04 sys=0,00, real=0,01 secs] 
2015-12-07T10:59:52.423-0500: 9,856: Total time for which application threads were stopped: 0,0147668 seconds, Stopping threads took: 0,0000391 seconds
2015-12-07T10:59:52.423-0500: 9,856: [CMS-concurrent-sweep-start]
2015-12-07T10:59:52.423-0500: 9,856: [CMS-concurrent-sweep: 0,000/0,000 secs] [Times: user=0,00 sys=0,00, real=0,00 secs] 
2015-12-07T10:59:52.423-0500: 9,856: [CMS-concurrent-reset-start]
2015-12-07T10:59:52.426-0500: 9,859: [CMS-concurrent-reset: 0,003/0,003 secs] [Times: user=0,01 sys=0,01, real=0,01 secs] 
2015-12-07T10:59:52.454-0500: 9,886: Total time for which application threads were stopped: 0,0000869 seconds, Stopping threads took: 0,0000300 seconds
{Heap before GC invocations=6 (full 1):
 par new generation   total 109248K, used 102371K [0x00000000e0000000, 0x00000000e8000000, 0x00000000e8000000)
  eden space 87424K, 100% used [0x00000000e0000000, 0x00000000e5560000, 0x00000000e5560000)
  from space 21824K,  68% used [0x00000000e5560000, 0x00000000e63f8fd0, 0x00000000e6ab0000)
  to   space 21824K,   0% used [0x00000000e6ab0000, 0x00000000e6ab0000, 0x00000000e8000000)
 concurrent mark-sweep generation total 393216K, used 0K [0x00000000e8000000, 0x0000000100000000, 0x0000000100000000)
 Metaspace       used 21754K, capacity 22148K, committed 22216K, reserved 1069056K
  class space    used 2559K, capacity 2686K, committed 2712K, reserved 1048576K
2015-12-07T10:59:52.480-0500: 9,912: [GC (Allocation Failure) 2015-12-07T10:59:52.480-0500: 9,912: [ParNew
Desired survivor size 20112992 bytes, new threshold 8 (max 8)
- age   1:     505464 bytes,     505464 total
- age   2:        264 bytes,     505728 total
- age   3:     139128 bytes,     644856 total
- age   4:     112864 bytes,     757720 total
- age   5:    1761248 bytes,    2518968 total
- age   6:    4308464 bytes,    6827432 total
- age   7:    2481424 bytes,    9308856 total
: 102371K->11281K(109248K), 0,0065963 secs] 102371K->11281K(502464K), 0,0066563 secs] [Times: user=0,02 sys=0,00, real=0,01 secs] 
Heap after GC invocations=7 (full 1):
 par new generation   total 109248K, used 11281K [0x00000000e0000000, 0x00000000e8000000, 0x00000000e8000000)
  eden space 87424K,   0% used [0x00000000e0000000, 0x00000000e0000000, 0x00000000e5560000)
  from space 21824K,  51% used [0x00000000e6ab0000, 0x00000000e75b44b0, 0x00000000e8000000)
  to   space 21824K,   0% used [0x00000000e5560000, 0x00000000e5560000, 0x00000000e6ab0000)
 concurrent mark-sweep generation total 393216K, used 0K [0x00000000e8000000, 0x0000000100000000, 0x0000000100000000)
 Metaspace       used 21754K, capacity 22148K, committed 22216K, reserved 1069056K
  class space    used 2559K, capacity 2686K, committed 2712K, reserved 1048576K
}
2015-12-07T10:59:52.487-0500: 9,919: Total time for which application threads were stopped: 0,0068356 seconds, Stopping threads took: 0,0000431 seconds
2015-12-07T10:59:52.698-0500: 10,130: Total time for which application threads were stopped: 0,0003064 seconds, Stopping threads took: 0,0000281 seconds
2015-12-07T10:59:52.705-0500: 10,137: Total time for which application threads were stopped: 0,0000760 seconds, Stopping threads took: 0,0000349 seconds
2015-12-07T10:59:52.785-0500: 10,218: Total time for which application threads were stopped: 0,0000776 seconds, Stopping threads took: 0,0000256 seconds
2015-12-07T10:59:53.098-0500: 10,530: Total time for which application threads were stopped: 0,0054571 seconds, Stopping threads took: 0,0050439 seconds
2015-12-07T10:59:53.104-0500: 10,536: Total time for which application threads were stopped: 0,0002635 seconds, Stopping threads took: 0,0001968 seconds
2015-12-07T10:59:53.105-0500: 10,537: Total time for which application threads were stopped: 0,0001628 seconds, Stopping threads took: 0,0000915 seconds
2015-12-07T10:59:53.160-0500: 10,593: Total time for which application threads were stopped: 0,0001347 seconds, Stopping threads took: 0,0000377 seconds
2015-12-07T10:59:53.175-0500: 10,607: Total time for which application threads were stopped: 0,0004041 seconds, Stopping threads took: 0,0000387 seconds
2015-12-07T10:59:53.213-0500: 10,646: Total time for which application threads were stopped: 0,0001670 seconds, Stopping threads took: 0,0001024 seconds
2015-12-07T10:59:53.213-0500: 10,646: Total time for which application threads were stopped: 0,0000761 seconds, Stopping threads took: 0,0000334 seconds
2015-12-07T10:59:53.214-0500: 10,647: Total time for which application threads were stopped: 0,0000700 seconds, Stopping threads took: 0,0000348 seconds
2015-12-07T10:59:53.240-0500: 10,672: Total time for which application threads were stopped: 0,0003593 seconds, Stopping threads took: 0,0000196 seconds
2015-12-07T10:59:53.265-0500: 10,697: Total time for which application threads were stopped: 0,0001607 seconds, Stopping threads took: 0,0000830 seconds
2015-12-07T10:59:53.311-0500: 10,744: Total time for which application threads were stopped: 0,0002918 seconds, Stopping threads took: 0,0000284 seconds
2015-12-07T10:59:53.317-0500: 10,749: Total time for which application threads were stopped: 0,0000939 seconds, Stopping threads took: 0,0000475 seconds
2015-12-07T10:59:53.327-0500: 10,759: Total time for which application threads were stopped: 0,0000944 seconds, Stopping threads took: 0,0000224 seconds
2015-12-07T10:59:53.328-0500: 10,760: Total time for which application threads were stopped: 0,0001558 seconds, Stopping threads took: 0,0000758 seconds
2015-12-07T10:59:53.344-0500: 10,776: Total time for which application threads were stopped: 0,0000912 seconds, Stopping threads took: 0,0000222 seconds
2015-12-07T10:59:53.388-0500: 10,820: Total time for which application threads were stopped: 0,0001323 seconds, Stopping threads took: 0,0000419 seconds
2015-12-07T10:59:53.405-0500: 10,837: Total time for which application threads were stopped: 0,0000755 seconds, Stopping threads took: 0,0000155 seconds
2015-12-07T10:59:53.512-0500: 10,945: Total time for which application threads were stopped: 0,0000740 seconds, Stopping threads took: 0,0000258 seconds
2015-12-07T10:59:53.512-0500: 10,945: Total time for which application threads were stopped: 0,0000578 seconds, Stopping threads took: 0,0000199 seconds
2015-12-07T10:59:53.571-0500: 11,004: Total time for which application threads were stopped: 0,0001160 seconds, Stopping threads took: 0,0000514 seconds
2015-12-07T10:59:53.585-0500: 11,018: Total time for which application threads were stopped: 0,0000970 seconds, Stopping threads took: 0,0000266 seconds
2015-12-07T10:59:53.619-0500: 11,052: Total time for which application threads were stopped: 0,0000932 seconds, Stopping threads took: 0,0000219 seconds
2015-12-07T10:59:53.704-0500: 11,137: Total time for which application threads were stopped: 0,0001362 seconds, Stopping threads took: 0,0000566 seconds
2015-12-07T10:59:53.717-0500: 11,150: Total time for which application threads were stopped: 0,0001466 seconds, Stopping threads took: 0,0000637 seconds
2015-12-07T10:59:53.718-0500: 11,150: Total time for which application threads were stopped: 0,0000583 seconds, Stopping threads took: 0,0000208 seconds
2015-12-07T10:59:53.720-0500: 11,152: Total time for which application threads were stopped: 0,0000898 seconds, Stopping threads took: 0,0000285 seconds
2015-12-07T10:59:53.724-0500: 11,156: Total time for which application threads were stopped: 0,0002144 seconds, Stopping threads took: 0,0000880 seconds
2015-12-07T10:59:53.725-0500: 11,158: Total time for which application threads were stopped: 0,0000789 seconds, Stopping threads took: 0,0000305 seconds
2015-12-07T10:59:53.726-0500: 11,158: Total time for which application threads were stopped: 0,0000383 seconds, Stopping threads took: 0,0000117 seconds
{Heap before GC invocations=7 (full 1):
 par new generation   total 109248K, used 98705K [0x00000000e0000000, 0x00000000e8000000, 0x00000000e8000000)
  eden space 87424K, 100% used [0x00000000e0000000, 0x00000000e5560000, 0x00000000e5560000)
  from space 21824K,  51% used [0x00000000e6ab0000, 0x00000000e75b44b0, 0x00000000e8000000)
  to   space 21824K,   0% used [0x00000000e5560000, 0x00000000e5560000, 0x00000000e6ab0000)
 concurrent mark-sweep generation total 393216K, used 0K [0x00000000e8000000, 0x0000000100000000, 0x0000000100000000)
 Metaspace       used 25438K, capacity 25804K, committed 26008K, reserved 1073152K
  class space    used 2998K, capacity 3136K, committed 3224K, reserved 1048576K
2015-12-07T10:59:53.729-0500: 11,162: [GC (Allocation Failure) 2015-12-07T10:59:53.729-0500: 11,162: [ParNew
Desired survivor size 20112992 bytes, new threshold 8 (max 8)
- age   1:    4994104 bytes,    4994104 total
- age   2:     103400 bytes,    5097504 total
- age   3:        264 bytes,    5097768 total
- age   4:     137536 bytes,    5235304 total
- age   5:     111328 bytes,    5346632 total
- age   6:     310072 bytes,    5656704 total
- age   7:    4297600 bytes,    9954304 total
- age   8:    2481224 bytes,   12435528 total
: 98705K->15891K(109248K), 0,0133580 secs] 98705K->15891K(502464K), 0,0134312 secs] [Times: user=0,04 sys=0,00, real=0,01 secs] 
Heap after GC invocations=8 (full 1):
 par new generation   total 109248K, used 15891K [0x00000000e0000000, 0x00000000e8000000, 0x00000000e8000000)
  eden space 87424K,   0% used [0x00000000e0000000, 0x00000000e0000000, 0x00000000e5560000)
  from space 21824K,  72% used [0x00000000e5560000, 0x00000000e64e4f00, 0x00000000e6ab0000)
  to   space 21824K,   0% used [0x00000000e6ab0000, 0x00000000e6ab0000, 0x00000000e8000000)
 concurrent mark-sweep generation total 393216K, used 0K [0x00000000e8000000, 0x0000000100000000, 0x0000000100000000)
 Metaspace       used 25438K, capacity 25804K, committed 26008K, reserved 1073152K
  class space    used 2998K, capacity 3136K, committed 3224K, reserved 1048576K
}
2015-12-07T10:59:53.743-0500: 11,175: Total time for which application threads were stopped: 0,0135817 seconds, Stopping threads took: 0,0000227 seconds
2015-12-07T10:59:53.748-0500: 11,180: Total time for which application threads were stopped: 0,0001300 seconds, Stopping threads took: 0,0000364 seconds
2015-12-07T10:59:53.748-0500: 11,180: Total time for which application threads were stopped: 0,0000283 seconds, Stopping threads took: 0,0000086 seconds
2015-12-07T10:59:53.769-0500: 11,201: Total time for which application threads were stopped: 0,0001704 seconds, Stopping threads took: 0,0000855 seconds
2015-12-07T10:59:53.771-0500: 11,204: Total time for which application threads were stopped: 0,0001018 seconds, Stopping threads took: 0,0000296 seconds
2015-12-07T10:59:53.772-0500: 11,204: Total time for which application threads were stopped: 0,0001854 seconds, Stopping threads took: 0,0001484 seconds
2015-12-07T10:59:53.777-0500: 11,210: Total time for which application threads were stopped: 0,0001344 seconds, Stopping threads took: 0,0000577 seconds
2015-12-07T10:59:53.778-0500: 11,210: Total time for which application threads were stopped: 0,0000849 seconds, Stopping threads took: 0,0000352 seconds
2015-12-07T10:59:53.979-0500: 11,411: Total time for which application threads were stopped: 0,0223383 seconds, Stopping threads took: 0,0222265 seconds
2015-12-07T10:59:53.982-0500: 11,414: Total time for which application threads were stopped: 0,0003169 seconds, Stopping threads took: 0,0002205 seconds
2015-12-07T10:59:54.083-0500: 11,516: Total time for which application threads were stopped: 0,0006763 seconds, Stopping threads took: 0,0002956 seconds
2015-12-07T10:59:54.260-0500: 11,693: Total time for which application threads were stopped: 0,0001630 seconds, Stopping threads took: 0,0000649 seconds
2015-12-07T10:59:54.261-0500: 11,694: Total time for which application threads were stopped: 0,0001811 seconds, Stopping threads took: 0,0001312 seconds
2015-12-07T10:59:54.262-0500: 11,694: Total time for which application threads were stopped: 0,0001461 seconds, Stopping threads took: 0,0000783 seconds
2015-12-07T10:59:54.262-0500: 11,695: Total time for which application threads were stopped: 0,0001283 seconds, Stopping threads took: 0,0000290 seconds
2015-12-07T10:59:54.275-0500: 11,708: Total time for which application threads were stopped: 0,0000981 seconds, Stopping threads took: 0,0000317 seconds
2015-12-07T10:59:54.302-0500: 11,734: Total time for which application threads were stopped: 0,0001152 seconds, Stopping threads took: 0,0000649 seconds
2015-12-07T10:59:54.303-0500: 11,735: Total time for which application threads were stopped: 0,0000775 seconds, Stopping threads took: 0,0000231 seconds
2015-12-07T10:59:54.334-0500: 11,766: Total time for which application threads were stopped: 0,0001115 seconds, Stopping threads took: 0,0000539 seconds
2015-12-07T11:00:07.057-0500: 24,489: Total time for which application threads were stopped: 0,0000691 seconds, Stopping threads took: 0,0000269 seconds
2015-12-07T11:00:07.119-0500: 24,552: Total time for which application threads were stopped: 0,0002974 seconds, Stopping threads took: 0,0000278 seconds
2015-12-07T11:00:07.129-0500: 24,561: Total time for which application threads were stopped: 0,0000748 seconds, Stopping threads took: 0,0000300 seconds
2015-12-07T11:00:07.277-0500: 24,709: Total time for which application threads were stopped: 0,0001145 seconds, Stopping threads took: 0,0000313 seconds
2015-12-07T11:00:07.278-0500: 24,710: Total time for which application threads were stopped: 0,0000600 seconds, Stopping threads took: 0,0000167 seconds
2015-12-07T11:00:07.279-0500: 24,711: Total time for which application threads were stopped: 0,0000563 seconds, Stopping threads took: 0,0000157 seconds
2015-12-07T11:00:07.284-0500: 24,717: Total time for which application threads were stopped: 0,0000950 seconds, Stopping threads took: 0,0000272 seconds
2015-12-07T11:00:07.320-0500: 24,753: Total time for which application threads were stopped: 0,0001085 seconds, Stopping threads took: 0,0000421 seconds
2015-12-07T11:00:07.321-0500: 24,754: Total time for which application threads were stopped: 0,0000605 seconds, Stopping threads took: 0,0000140 seconds
2015-12-07T11:00:07.322-0500: 24,754: Total time for which application threads were stopped: 0,0000569 seconds, Stopping threads took: 0,0000242 seconds
2015-12-07T11:00:07.326-0500: 24,759: Total time for which application threads were stopped: 0,0000983 seconds, Stopping threads took: 0,0000299 seconds
2015-12-07T11:00:08.051-0500: 25,483: Total time for which application threads were stopped: 0,0001046 seconds, Stopping threads took: 0,0000387 seconds
2015-12-07T11:00:08.074-0500: 25,506: Total time for which application threads were stopped: 0,0003323 seconds, Stopping threads took: 0,0000323 seconds
2015-12-07T11:00:08.074-0500: 25,507: Total time for which application threads were stopped: 0,0001317 seconds, Stopping threads took: 0,0000153 seconds
2015-12-07T11:00:08.075-0500: 25,507: Total time for which application threads were stopped: 0,0000433 seconds, Stopping threads took: 0,0000105 seconds
2015-12-07T11:00:08.075-0500: 25,508: Total time for which application threads were stopped: 0,0000570 seconds, Stopping threads took: 0,0000226 seconds
2015-12-07T11:00:08.076-0500: 25,508: Total time for which application threads were stopped: 0,0000593 seconds, Stopping threads took: 0,0000258 seconds
2015-12-07T11:00:08.088-0500: 25,520: Total time for which application threads were stopped: 0,0001115 seconds, Stopping threads took: 0,0000482 seconds
2015-12-07T11:00:08.088-0500: 25,521: Total time for which application threads were stopped: 0,0000631 seconds, Stopping threads took: 0,0000300 seconds
2015-12-07T11:00:08.186-0500: 25,618: Total time for which application threads were stopped: 0,0000840 seconds, Stopping threads took: 0,0000232 seconds
2015-12-07T11:00:08.193-0500: 25,625: Total time for which application threads were stopped: 0,0005121 seconds, Stopping threads took: 0,0004534 seconds
2015-12-07T11:00:08.193-0500: 25,626: Total time for which application threads were stopped: 0,0000609 seconds, Stopping threads took: 0,0000251 seconds
2015-12-07T11:00:08.194-0500: 25,626: Total time for which application threads were stopped: 0,0000531 seconds, Stopping threads took: 0,0000120 seconds
2015-12-07T11:00:08.194-0500: 25,626: Total time for which application threads were stopped: 0,0000396 seconds, Stopping threads took: 0,0000116 seconds
2015-12-07T11:00:08.194-0500: 25,626: Total time for which application threads were stopped: 0,0000273 seconds, Stopping threads took: 0,0000069 seconds
2015-12-07T11:00:08.194-0500: 25,627: Total time for which application threads were stopped: 0,0000253 seconds, Stopping threads took: 0,0000062 seconds
2015-12-07T11:00:08.194-0500: 25,627: Total time for which application threads were stopped: 0,0000249 seconds, Stopping threads took: 0,0000061 seconds
2015-12-07T11:00:08.194-0500: 25,627: Total time for which application threads were stopped: 0,0000248 seconds, Stopping threads took: 0,0000062 seconds
2015-12-07T11:00:08.194-0500: 25,627: Total time for which application threads were stopped: 0,0000251 seconds, Stopping threads took: 0,0000064 seconds
2015-12-07T11:00:08.194-0500: 25,627: Total time for which application threads were stopped: 0,0000246 seconds, Stopping threads took: 0,0000061 seconds
2015-12-07T11:00:08.194-0500: 25,627: Total time for which application threads were stopped: 0,0000278 seconds, Stopping threads took: 0,0000079 seconds
2015-12-07T11:00:08.194-0500: 25,627: Total time for which application threads were stopped: 0,0000251 seconds, Stopping threads took: 0,0000066 seconds
2015-12-07T11:00:08.194-0500: 25,627: Total time for which application threads were stopped: 0,0000251 seconds, Stopping threads took: 0,0000067 seconds
2015-12-07T11:00:08.194-0500: 25,627: Total time for which application threads were stopped: 0,0000247 seconds, Stopping threads took: 0,0000065 seconds
2015-12-07T11:00:08.194-0500: 25,627: Total time for which application threads were stopped: 0,0000248 seconds, Stopping threads took: 0,0000065 seconds
2015-12-07T11:00:08.194-0500: 25,627: Total time for which application threads were stopped: 0,0000248 seconds, Stopping threads took: 0,0000066 seconds
2015-12-07T11:00:08.194-0500: 25,627: Total time for which application threads were stopped: 0,0000246 seconds, Stopping threads took: 0,0000065 seconds
2015-12-07T11:00:08.195-0500: 25,627: Total time for which application threads were stopped: 0,0000248 seconds, Stopping threads took: 0,0000065 seconds
2015-12-07T11:00:08.195-0500: 25,627: Total time for which application threads were stopped: 0,0000250 seconds, Stopping threads took: 0,0000065 seconds
2015-12-07T11:00:08.195-0500: 25,627: Total time for which application threads were stopped: 0,0000249 seconds, Stopping threads took: 0,0000066 seconds
2015-12-07T11:00:08.195-0500: 25,627: Total time for which application threads were stopped: 0,0001097 seconds, Stopping threads took: 0,0000066 seconds
2015-12-07T11:00:08.195-0500: 25,627: Total time for which application threads were stopped: 0,0000519 seconds, Stopping threads took: 0,0000103 seconds
2015-12-07T11:00:08.195-0500: 25,628: Total time for which application threads were stopped: 0,0000335 seconds, Stopping threads took: 0,0000095 seconds
2015-12-07T11:00:08.195-0500: 25,628: Total time for which application threads were stopped: 0,0000390 seconds, Stopping threads took: 0,0000111 seconds
2015-12-07T11:00:08.195-0500: 25,628: Total time for which application threads were stopped: 0,0000274 seconds, Stopping threads took: 0,0000069 seconds
2015-12-07T11:00:08.195-0500: 25,628: Total time for which application threads were stopped: 0,0000271 seconds, Stopping threads took: 0,0000064 seconds
2015-12-07T11:00:08.195-0500: 25,628: Total time for which application threads were stopped: 0,0000263 seconds, Stopping threads took: 0,0000061 seconds
2015-12-07T11:00:08.196-0500: 25,628: Total time for which application threads were stopped: 0,0000366 seconds, Stopping threads took: 0,0000098 seconds
2015-12-07T11:00:08.199-0500: 25,632: Total time for which application threads were stopped: 0,0000876 seconds, Stopping threads took: 0,0000301 seconds
2015-12-07T11:00:08.199-0500: 25,632: Total time for which application threads were stopped: 0,0000343 seconds, Stopping threads took: 0,0000088 seconds
2015-12-07T11:00:08.200-0500: 25,632: Total time for which application threads were stopped: 0,0000552 seconds, Stopping threads took: 0,0000184 seconds
2015-12-07T11:00:08.200-0500: 25,632: Total time for which application threads were stopped: 0,0000325 seconds, Stopping threads took: 0,0000116 seconds
2015-12-07T11:00:08.200-0500: 25,632: Total time for which application threads were stopped: 0,0000241 seconds, Stopping threads took: 0,0000042 seconds
2015-12-07T11:00:08.200-0500: 25,632: Total time for which application threads were stopped: 0,0000253 seconds, Stopping threads took: 0,0000062 seconds
2015-12-07T11:00:08.200-0500: 25,632: Total time for which application threads were stopped: 0,0000416 seconds, Stopping threads took: 0,0000178 seconds
2015-12-07T11:00:08.200-0500: 25,632: Total time for which application threads were stopped: 0,0000282 seconds, Stopping threads took: 0,0000069 seconds
2015-12-07T11:00:08.200-0500: 25,632: Total time for which application threads were stopped: 0,0000276 seconds, Stopping threads took: 0,0000070 seconds
2015-12-07T11:00:08.200-0500: 25,632: Total time for which application threads were stopped: 0,0000291 seconds, Stopping threads took: 0,0000073 seconds
2015-12-07T11:00:08.200-0500: 25,632: Total time for which application threads were stopped: 0,0000258 seconds, Stopping threads took: 0,0000062 seconds
2015-12-07T11:00:08.200-0500: 25,632: Total time for which application threads were stopped: 0,0000251 seconds, Stopping threads took: 0,0000059 seconds
2015-12-07T11:00:08.200-0500: 25,632: Total time for which application threads were stopped: 0,0000260 seconds, Stopping threads took: 0,0000060 seconds
2015-12-07T11:00:08.200-0500: 25,633: Total time for which application threads were stopped: 0,0000559 seconds, Stopping threads took: 0,0000331 seconds
2015-12-07T11:00:08.200-0500: 25,633: Total time for which application threads were stopped: 0,0000466 seconds, Stopping threads took: 0,0000237 seconds
2015-12-07T11:00:08.200-0500: 25,633: Total time for which application threads were stopped: 0,0000381 seconds, Stopping threads took: 0,0000149 seconds
2015-12-07T11:00:08.200-0500: 25,633: Total time for which application threads were stopped: 0,0000347 seconds, Stopping threads took: 0,0000138 seconds
2015-12-07T11:00:08.200-0500: 25,633: Total time for which application threads were stopped: 0,0000217 seconds, Stopping threads took: 0,0000036 seconds
2015-12-07T11:00:08.200-0500: 25,633: Total time for which application threads were stopped: 0,0000389 seconds, Stopping threads took: 0,0000156 seconds
2015-12-07T11:00:08.200-0500: 25,633: Total time for which application threads were stopped: 0,0000962 seconds, Stopping threads took: 0,0000118 seconds
2015-12-07T11:00:08.201-0500: 25,634: Total time for which application threads were stopped: 0,0000391 seconds, Stopping threads took: 0,0000098 seconds
2015-12-07T11:00:08.203-0500: 25,636: Total time for which application threads were stopped: 0,0004374 seconds, Stopping threads took: 0,0000228 seconds
2015-12-07T11:00:08.204-0500: 25,637: Total time for which application threads were stopped: 0,0002004 seconds, Stopping threads took: 0,0001427 seconds
2015-12-07T11:00:09.204-0500: 26,637: Total time for which application threads were stopped: 0,0000787 seconds, Stopping threads took: 0,0000219 seconds
2015-12-07T11:00:10.220-0500: 27,653: Total time for which application threads were stopped: 0,0000928 seconds, Stopping threads took: 0,0000303 seconds
2015-12-07T11:00:11.220-0500: 28,653: Total time for which application threads were stopped: 0,0001951 seconds, Stopping threads took: 0,0000424 seconds
2015-12-07T11:00:36.223-0500: 53,655: Total time for which application threads were stopped: 0,0000781 seconds, Stopping threads took: 0,0000297 seconds
2015-12-07T11:00:57.887-0500: 75,320: Total time for which application threads were stopped: 0,0000978 seconds, Stopping threads took: 0,0000327 seconds
2015-12-07T11:00:57.887-0500: 75,320: Total time for which application threads were stopped: 0,0000650 seconds, Stopping threads took: 0,0000343 seconds
2015-12-07T11:00:59.888-0500: 77,320: Total time for which application threads were stopped: 0,0000666 seconds, Stopping threads took: 0,0000192 seconds
2015-12-07T11:01:08.088-0500: 85,521: Total time for which application threads were stopped: 0,0001509 seconds, Stopping threads took: 0,0000387 seconds
2015-12-07T11:01:12.089-0500: 89,521: Total time for which application threads were stopped: 0,0000671 seconds, Stopping threads took: 0,0000195 seconds
2015-12-07T11:01:33.091-0500: 110,523: Total time for which application threads were stopped: 0,0000916 seconds, Stopping threads took: 0,0000335 seconds
2015-12-07T11:01:36.091-0500: 113,524: Total time for which application threads were stopped: 0,0001017 seconds, Stopping threads took: 0,0000300 seconds
2015-12-07T11:01:50.092-0500: 127,525: Total time for which application threads were stopped: 0,0001782 seconds, Stopping threads took: 0,0000645 seconds
2015-12-07T11:01:54.093-0500: 131,525: Total time for which application threads were stopped: 0,0001018 seconds, Stopping threads took: 0,0000277 seconds
2015-12-07T11:02:09.094-0500: 146,527: Total time for which application threads were stopped: 0,0001075 seconds, Stopping threads took: 0,0000288 seconds
2015-12-07T11:02:12.095-0500: 149,527: Total time for which application threads were stopped: 0,0001134 seconds, Stopping threads took: 0,0000434 seconds
2015-12-07T11:02:15.095-0500: 152,527: Total time for which application threads were stopped: 0,0000675 seconds, Stopping threads took: 0,0000190 seconds
2015-12-07T11:02:18.095-0500: 155,528: Total time for which application threads were stopped: 0,0001075 seconds, Stopping threads took: 0,0000377 seconds
2015-12-07T11:02:21.096-0500: 158,528: Total time for which application threads were stopped: 0,0001046 seconds, Stopping threads took: 0,0000273 seconds
2015-12-07T11:02:24.096-0500: 161,529: Total time for which application threads were stopped: 0,0000806 seconds, Stopping threads took: 0,0000202 seconds
2015-12-07T11:02:45.098-0500: 182,531: Total time for which application threads were stopped: 0,0000823 seconds, Stopping threads took: 0,0000197 seconds
2015-12-07T11:02:51.099-0500: 188,531: Total time for which application threads were stopped: 0,0000751 seconds, Stopping threads took: 0,0000268 seconds
2015-12-07T11:02:54.099-0500: 191,532: Total time for which application threads were stopped: 0,0000694 seconds, Stopping threads took: 0,0000196 seconds
2015-12-07T11:03:00.100-0500: 197,532: Total time for which application threads were stopped: 0,0000769 seconds, Stopping threads took: 0,0000213 seconds
2015-12-07T11:03:03.100-0500: 200,533: Total time for which application threads were stopped: 0,0000984 seconds, Stopping threads took: 0,0000280 seconds
2015-12-07T11:03:20.102-0500: 217,534: Total time for which application threads were stopped: 0,0000826 seconds, Stopping threads took: 0,0000314 seconds
2015-12-07T11:03:29.103-0500: 226,535: Total time for which application threads were stopped: 0,0000710 seconds, Stopping threads took: 0,0000203 seconds
2015-12-07T11:03:35.103-0500: 232,536: Total time for which application threads were stopped: 0,0001729 seconds, Stopping threads took: 0,0000453 seconds
2015-12-07T11:03:38.104-0500: 235,536: Total time for which application threads were stopped: 0,0001085 seconds, Stopping threads took: 0,0000239 seconds
2015-12-07T11:03:47.105-0500: 244,537: Total time for which application threads were stopped: 0,0001085 seconds, Stopping threads took: 0,0000421 seconds
2015-12-07T11:04:05.106-0500: 262,539: Total time for which application threads were stopped: 0,0000706 seconds, Stopping threads took: 0,0000202 seconds
2015-12-07T11:04:20.108-0500: 277,540: Total time for which application threads were stopped: 0,0001066 seconds, Stopping threads took: 0,0000390 seconds
2015-12-07T11:04:38.109-0500: 295,542: Total time for which application threads were stopped: 0,0000969 seconds, Stopping threads took: 0,0000261 seconds
2015-12-07T11:04:52.600-0500: 310,032: Total time for which application threads were stopped: 0,0000929 seconds, Stopping threads took: 0,0000381 seconds
2015-12-07T11:04:53.600-0500: 311,033: Total time for which application threads were stopped: 0,0004468 seconds, Stopping threads took: 0,0000777 seconds
2015-12-07T11:04:55.438-0500: 312,871: Total time for which application threads were stopped: 0,0001113 seconds, Stopping threads took: 0,0000260 seconds
2015-12-07T11:04:55.440-0500: 312,873: Total time for which application threads were stopped: 0,0000789 seconds, Stopping threads took: 0,0000162 seconds
2015-12-07T11:04:55.446-0500: 312,879: Total time for which application threads were stopped: 0,0001109 seconds, Stopping threads took: 0,0000314 seconds
2015-12-07T11:04:55.447-0500: 312,879: Total time for which application threads were stopped: 0,0000642 seconds, Stopping threads took: 0,0000211 seconds
2015-12-07T11:04:55.447-0500: 312,879: Total time for which application threads were stopped: 0,0000476 seconds, Stopping threads took: 0,0000145 seconds
2015-12-07T11:04:55.447-0500: 312,880: Total time for which application threads were stopped: 0,0000771 seconds, Stopping threads took: 0,0000154 seconds
2015-12-07T11:04:55.451-0500: 312,883: Total time for which application threads were stopped: 0,0000937 seconds, Stopping threads took: 0,0000254 seconds
2015-12-07T11:04:55.550-0500: 312,982: Total time for which application threads were stopped: 0,0000931 seconds, Stopping threads took: 0,0000215 seconds
2015-12-07T11:04:56.091-0500: 313,524: Total time for which application threads were stopped: 0,0001376 seconds, Stopping threads took: 0,0000519 seconds
2015-12-07T11:04:56.093-0500: 313,525: Total time for which application threads were stopped: 0,0001096 seconds, Stopping threads took: 0,0000232 seconds
2015-12-07T11:04:56.098-0500: 313,531: Total time for which application threads were stopped: 0,0006230 seconds, Stopping threads took: 0,0005304 seconds
2015-12-07T11:04:57.099-0500: 314,531: Total time for which application threads were stopped: 0,0000750 seconds, Stopping threads took: 0,0000206 seconds
2015-12-07T11:05:05.100-0500: 322,532: Total time for which application threads were stopped: 0,0001051 seconds, Stopping threads took: 0,0000280 seconds
2015-12-07T11:05:08.100-0500: 325,532: Total time for which application threads were stopped: 0,0001394 seconds, Stopping threads took: 0,0000340 seconds
2015-12-07T11:05:11.100-0500: 328,533: Total time for which application threads were stopped: 0,0001166 seconds, Stopping threads took: 0,0000311 seconds
2015-12-07T11:05:17.101-0500: 334,534: Total time for which application threads were stopped: 0,0001437 seconds, Stopping threads took: 0,0000491 seconds
2015-12-07T11:05:20.102-0500: 337,534: Total time for which application threads were stopped: 0,0001266 seconds, Stopping threads took: 0,0000334 seconds
2015-12-07T11:05:23.102-0500: 340,535: Total time for which application threads were stopped: 0,0001684 seconds, Stopping threads took: 0,0000383 seconds
2015-12-07T11:05:26.103-0500: 343,535: Total time for which application threads were stopped: 0,0000677 seconds, Stopping threads took: 0,0000186 seconds
2015-12-07T11:05:35.104-0500: 352,536: Total time for which application threads were stopped: 0,0001235 seconds, Stopping threads took: 0,0000429 seconds
2015-12-07T11:05:38.104-0500: 355,537: Total time for which application threads were stopped: 0,0001873 seconds, Stopping threads took: 0,0000639 seconds
2015-12-07T11:05:44.105-0500: 361,537: Total time for which application threads were stopped: 0,0000778 seconds, Stopping threads took: 0,0000262 seconds
2015-12-07T11:05:47.105-0500: 364,538: Total time for which application threads were stopped: 0,0001087 seconds, Stopping threads took: 0,0000384 seconds
2015-12-07T11:05:50.106-0500: 367,538: Total time for which application threads were stopped: 0,0000718 seconds, Stopping threads took: 0,0000193 seconds
2015-12-07T11:05:56.106-0500: 373,539: Total time for which application threads were stopped: 0,0001478 seconds, Stopping threads took: 0,0000541 seconds
2015-12-07T11:05:59.107-0500: 376,539: Total time for which application threads were stopped: 0,0001868 seconds, Stopping threads took: 0,0000637 seconds
2015-12-07T11:06:08.108-0500: 385,540: Total time for which application threads were stopped: 0,0001671 seconds, Stopping threads took: 0,0000422 seconds
2015-12-07T11:06:20.109-0500: 397,542: Total time for which application threads were stopped: 0,0000898 seconds, Stopping threads took: 0,0000314 seconds
2015-12-07T11:06:41.112-0500: 418,544: Total time for which application threads were stopped: 0,0003711 seconds, Stopping threads took: 0,0001037 seconds
2015-12-07T11:07:02.114-0500: 439,546: Total time for which application threads were stopped: 0,0001402 seconds, Stopping threads took: 0,0000490 seconds
2015-12-07T11:07:14.115-0500: 451,547: Total time for which application threads were stopped: 0,0000848 seconds, Stopping threads took: 0,0000301 seconds
2015-12-07T11:07:53.119-0500: 490,551: Total time for which application threads were stopped: 0,0001298 seconds, Stopping threads took: 0,0000400 seconds
2015-12-07T11:08:23.122-0500: 520,555: Total time for which application threads were stopped: 0,0001954 seconds, Stopping threads took: 0,0000686 seconds
2015-12-07T11:08:38.124-0500: 535,556: Total time for which application threads were stopped: 0,0001073 seconds, Stopping threads took: 0,0000277 seconds
2015-12-07T11:08:56.126-0500: 553,558: Total time for which application threads were stopped: 0,0001880 seconds, Stopping threads took: 0,0000715 seconds
2015-12-07T11:08:59.126-0500: 556,559: Total time for which application threads were stopped: 0,0001636 seconds, Stopping threads took: 0,0000398 seconds
2015-12-07T11:09:02.127-0500: 559,559: Total time for which application threads were stopped: 0,0000709 seconds, Stopping threads took: 0,0000188 seconds
2015-12-07T11:09:05.127-0500: 562,560: Total time for which application threads were stopped: 0,0001212 seconds, Stopping threads took: 0,0000309 seconds
2015-12-07T11:09:14.128-0500: 571,561: Total time for which application threads were stopped: 0,0001077 seconds, Stopping threads took: 0,0000370 seconds
2015-12-07T11:09:32.130-0500: 589,563: Total time for which application threads were stopped: 0,0001514 seconds, Stopping threads took: 0,0000393 seconds
2015-12-07T11:09:41.131-0500: 598,564: Total time for which application threads were stopped: 0,0001299 seconds, Stopping threads took: 0,0000343 seconds
2015-12-07T11:09:53.133-0500: 610,565: Total time for which application threads were stopped: 0,0001734 seconds, Stopping threads took: 0,0000633 seconds
2015-12-07T11:09:56.133-0500: 613,566: Total time for which application threads were stopped: 0,0000945 seconds, Stopping threads took: 0,0000252 seconds
2015-12-07T11:09:59.134-0500: 616,566: Total time for which application threads were stopped: 0,0001684 seconds, Stopping threads took: 0,0000411 seconds
2015-12-07T11:10:02.134-0500: 619,567: Total time for which application threads were stopped: 0,0001656 seconds, Stopping threads took: 0,0000445 seconds
2015-12-07T11:10:08.135-0500: 625,567: Total time for which application threads were stopped: 0,0001384 seconds, Stopping threads took: 0,0000372 seconds
2015-12-07T11:10:17.136-0500: 634,569: Total time for which application threads were stopped: 0,0001479 seconds, Stopping threads took: 0,0000512 seconds
2015-12-07T11:10:41.139-0500: 658,571: Total time for which application threads were stopped: 0,0001230 seconds, Stopping threads took: 0,0000446 seconds
2015-12-07T11:10:44.139-0500: 661,572: Total time for which application threads were stopped: 0,0001076 seconds, Stopping threads took: 0,0000286 seconds
2015-12-07T11:11:02.142-0500: 679,574: Total time for which application threads were stopped: 0,0000935 seconds, Stopping threads took: 0,0000266 seconds
2015-12-07T11:11:32.145-0500: 709,577: Total time for which application threads were stopped: 0,0001611 seconds, Stopping threads took: 0,0000597 seconds
2015-12-07T11:12:14.149-0500: 751,582: Total time for which application threads were stopped: 0,0001127 seconds, Stopping threads took: 0,0000350 seconds
2015-12-07T11:12:29.151-0500: 766,584: Total time for which application threads were stopped: 0,0001622 seconds, Stopping threads took: 0,0000411 seconds
2015-12-07T11:12:32.152-0500: 769,584: Total time for which application threads were stopped: 0,0001875 seconds, Stopping threads took: 0,0000415 seconds
2015-12-07T11:12:50.154-0500: 787,586: Total time for which application threads were stopped: 0,0001955 seconds, Stopping threads took: 0,0000676 seconds
2015-12-07T11:13:38.159-0500: 835,592: Total time for which application threads were stopped: 0,0001845 seconds, Stopping threads took: 0,0000614 seconds
2015-12-07T11:13:44.160-0500: 841,592: Total time for which application threads were stopped: 0,0001117 seconds, Stopping threads took: 0,0000401 seconds
2015-12-07T11:14:35.165-0500: 892,598: Total time for which application threads were stopped: 0,0001953 seconds, Stopping threads took: 0,0000688 seconds
2015-12-07T11:14:38.166-0500: 895,598: Total time for which application threads were stopped: 0,0203456 seconds, Stopping threads took: 0,0000571 seconds
2015-12-07T11:14:47.187-0500: 904,620: Total time for which application threads were stopped: 0,0001641 seconds, Stopping threads took: 0,0000443 seconds
2015-12-07T11:15:11.190-0500: 928,623: Total time for which application threads were stopped: 0,0001854 seconds, Stopping threads took: 0,0000664 seconds
2015-12-07T11:15:20.191-0500: 937,624: Total time for which application threads were stopped: 0,0001473 seconds, Stopping threads took: 0,0000377 seconds
2015-12-07T11:15:23.192-0500: 940,624: Total time for which application threads were stopped: 0,0002064 seconds, Stopping threads took: 0,0000703 seconds
2015-12-07T11:15:26.192-0500: 943,625: Total time for which application threads were stopped: 0,0001409 seconds, Stopping threads took: 0,0000338 seconds
2015-12-07T11:15:29.193-0500: 946,625: Total time for which application threads were stopped: 0,0001314 seconds, Stopping threads took: 0,0000344 seconds
2015-12-07T11:15:35.193-0500: 952,626: Total time for which application threads were stopped: 0,0001470 seconds, Stopping threads took: 0,0000385 seconds
2015-12-07T11:15:46.195-0500: 963,627: Total time for which application threads were stopped: 0,0001894 seconds, Stopping threads took: 0,0000706 seconds
2015-12-07T11:15:47.195-0500: 964,628: Total time for which application threads were stopped: 0,0001236 seconds, Stopping threads took: 0,0000314 seconds
2015-12-07T11:17:44.208-0500: 1081,640: Total time for which application threads were stopped: 0,0001980 seconds, Stopping threads took: 0,0000628 seconds
2015-12-07T11:18:38.214-0500: 1135,646: Total time for which application threads were stopped: 0,0001879 seconds, Stopping threads took: 0,0000642 seconds
2015-12-07T11:18:45.215-0500: 1142,647: Total time for which application threads were stopped: 0,0001279 seconds, Stopping threads took: 0,0000334 seconds
2015-12-07T11:18:47.215-0500: 1144,647: Total time for which application threads were stopped: 0,0001533 seconds, Stopping threads took: 0,0000395 seconds
2015-12-07T11:18:50.215-0500: 1147,648: Total time for which application threads were stopped: 0,0001378 seconds, Stopping threads took: 0,0000355 seconds
2015-12-07T11:19:11.218-0500: 1168,650: Total time for which application threads were stopped: 0,0002087 seconds, Stopping threads took: 0,0000667 seconds
2015-12-07T11:19:14.218-0500: 1171,651: Total time for which application threads were stopped: 0,0000771 seconds, Stopping threads took: 0,0000208 seconds
2015-12-07T11:19:32.220-0500: 1189,653: Total time for which application threads were stopped: 0,0002165 seconds, Stopping threads took: 0,0000660 seconds
2015-12-07T11:21:26.232-0500: 1303,665: Total time for which application threads were stopped: 0,0001861 seconds, Stopping threads took: 0,0000648 seconds
2015-12-07T11:21:47.235-0500: 1324,667: Total time for which application threads were stopped: 0,0002014 seconds, Stopping threads took: 0,0000701 seconds
2015-12-07T11:21:50.235-0500: 1327,668: Total time for which application threads were stopped: 0,0001264 seconds, Stopping threads took: 0,0000316 seconds
2015-12-07T11:22:35.240-0500: 1372,673: Total time for which application threads were stopped: 0,0001526 seconds, Stopping threads took: 0,0000532 seconds
2015-12-07T11:23:35.246-0500: 1432,679: Total time for which application threads were stopped: 0,0002043 seconds, Stopping threads took: 0,0000690 seconds
2015-12-07T11:23:47.248-0500: 1444,680: Total time for which application threads were stopped: 0,0001498 seconds, Stopping threads took: 0,0000395 seconds
2015-12-07T11:23:50.248-0500: 1447,681: Total time for which application threads were stopped: 0,0001634 seconds, Stopping threads took: 0,0000423 seconds
2015-12-07T11:24:26.252-0500: 1483,685: Total time for which application threads were stopped: 0,0000829 seconds, Stopping threads took: 0,0000298 seconds
2015-12-07T11:25:08.257-0500: 1525,690: Total time for which application threads were stopped: 0,0001720 seconds, Stopping threads took: 0,0000579 seconds
2015-12-07T11:25:11.258-0500: 1528,690: Total time for which application threads were stopped: 0,0001716 seconds, Stopping threads took: 0,0000391 seconds
2015-12-07T11:25:14.258-0500: 1531,691: Total time for which application threads were stopped: 0,0001519 seconds, Stopping threads took: 0,0000388 seconds
2015-12-07T11:28:11.277-0500: 1708,710: Total time for which application threads were stopped: 0,0001734 seconds, Stopping threads took: 0,0000631 seconds
2015-12-07T11:28:14.278-0500: 1711,710: Total time for which application threads were stopped: 0,0000870 seconds, Stopping threads took: 0,0000223 seconds
2015-12-07T11:30:29.291-0500: 1846,724: Total time for which application threads were stopped: 0,0000738 seconds, Stopping threads took: 0,0000209 seconds
2015-12-07T11:31:38.298-0500: 1915,730: Total time for which application threads were stopped: 0,0001063 seconds, Stopping threads took: 0,0000397 seconds
2015-12-07T11:33:23.307-0500: 2020,740: Total time for which application threads were stopped: 0,0001334 seconds, Stopping threads took: 0,0000526 seconds
2015-12-07T11:33:38.309-0500: 2035,741: Total time for which application threads were stopped: 0,0000931 seconds, Stopping threads took: 0,0000336 seconds
2015-12-07T11:33:55.310-0500: 2052,743: Total time for which application threads were stopped: 0,0001501 seconds, Stopping threads took: 0,0000532 seconds
2015-12-07T11:34:35.314-0500: 2092,746: Total time for which application threads were stopped: 0,0000921 seconds, Stopping threads took: 0,0000341 seconds
2015-12-07T11:35:25.319-0500: 2142,751: Total time for which application threads were stopped: 0,0000910 seconds, Stopping threads took: 0,0000335 seconds
2015-12-07T11:37:44.331-0500: 2281,764: Total time for which application threads were stopped: 0,0000785 seconds, Stopping threads took: 0,0000271 seconds
2015-12-07T11:38:30.035-0500: 2327,467: Total time for which application threads were stopped: 0,0001343 seconds, Stopping threads took: 0,0000484 seconds
{Heap before GC invocations=8 (full 1):
 par new generation   total 109248K, used 103315K [0x00000000e0000000, 0x00000000e8000000, 0x00000000e8000000)
  eden space 87424K, 100% used [0x00000000e0000000, 0x00000000e5560000, 0x00000000e5560000)
  from space 21824K,  72% used [0x00000000e5560000, 0x00000000e64e4f00, 0x00000000e6ab0000)
  to   space 21824K,   0% used [0x00000000e6ab0000, 0x00000000e6ab0000, 0x00000000e8000000)
 concurrent mark-sweep generation total 393216K, used 0K [0x00000000e8000000, 0x0000000100000000, 0x0000000100000000)
 Metaspace       used 31053K, capacity 31576K, committed 31896K, reserved 1077248K
  class space    used 3559K, capacity 3716K, committed 3736K, reserved 1048576K
2015-12-07T11:38:30.105-0500: 2327,537: [GC (Allocation Failure) 2015-12-07T11:38:30.105-0500: 2327,537: [ParNew
Desired survivor size 20112992 bytes, new threshold 8 (max 8)
- age   1:    9199688 bytes,    9199688 total
- age   2:    1877472 bytes,   11077160 total
- age   3:     103304 bytes,   11180464 total
- age   4:        264 bytes,   11180728 total
- age   5:     136480 bytes,   11317208 total
- age   6:     111104 bytes,   11428312 total
- age   7:     308408 bytes,   11736720 total
- age   8:    4228728 bytes,   15965448 total
: 103315K->19621K(109248K), 0,0208885 secs] 103315K->22268K(502464K), 0,0209713 secs] [Times: user=0,06 sys=0,02, real=0,02 secs] 
Heap after GC invocations=9 (full 1):
 par new generation   total 109248K, used 19621K [0x00000000e0000000, 0x00000000e8000000, 0x00000000e8000000)
  eden space 87424K,   0% used [0x00000000e0000000, 0x00000000e0000000, 0x00000000e5560000)
  from space 21824K,  89% used [0x00000000e6ab0000, 0x00000000e7dd9540, 0x00000000e8000000)
  to   space 21824K,   0% used [0x00000000e5560000, 0x00000000e5560000, 0x00000000e6ab0000)
 concurrent mark-sweep generation total 393216K, used 2647K [0x00000000e8000000, 0x0000000100000000, 0x0000000100000000)
 Metaspace       used 31053K, capacity 31576K, committed 31896K, reserved 1077248K
  class space    used 3559K, capacity 3716K, committed 3736K, reserved 1048576K
}
2015-12-07T11:38:30.126-0500: 2327,558: Total time for which application threads were stopped: 0,0211701 seconds, Stopping threads took: 0,0000546 seconds
2015-12-07T11:38:30.128-0500: 2327,561: Total time for which application threads were stopped: 0,0001706 seconds, Stopping threads took: 0,0001011 seconds
2015-12-07T11:38:30.136-0500: 2327,569: Total time for which application threads were stopped: 0,0000885 seconds, Stopping threads took: 0,0000223 seconds
2015-12-07T11:38:31.136-0500: 2328,569: Total time for which application threads were stopped: 0,0001121 seconds, Stopping threads took: 0,0000312 seconds
2015-12-07T11:38:31.567-0500: 2329,000: Total time for which application threads were stopped: 0,0001010 seconds, Stopping threads took: 0,0000182 seconds
2015-12-07T11:38:31.633-0500: 2329,066: Total time for which application threads were stopped: 0,0001104 seconds, Stopping threads took: 0,0000207 seconds
2015-12-07T11:38:32.161-0500: 2329,593: Total time for which application threads were stopped: 0,0001087 seconds, Stopping threads took: 0,0000285 seconds
2015-12-07T11:38:33.161-0500: 2330,594: Total time for which application threads were stopped: 0,0000733 seconds, Stopping threads took: 0,0000189 seconds
2015-12-07T11:38:37.161-0500: 2334,594: Total time for which application threads were stopped: 0,0000706 seconds, Stopping threads took: 0,0000186 seconds
2015-12-07T11:38:55.163-0500: 2352,596: Total time for which application threads were stopped: 0,0001080 seconds, Stopping threads took: 0,0000375 seconds
2015-12-07T11:38:56.163-0500: 2353,596: Total time for which application threads were stopped: 0,0000800 seconds, Stopping threads took: 0,0000211 seconds
2015-12-07T11:39:08.165-0500: 2365,597: Total time for which application threads were stopped: 0,0004400 seconds, Stopping threads took: 0,0001569 seconds
2015-12-07T11:39:11.165-0500: 2368,598: Total time for which application threads were stopped: 0,0001830 seconds, Stopping threads took: 0,0000459 seconds
2015-12-07T11:39:47.169-0500: 2404,601: Total time for which application threads were stopped: 0,0000940 seconds, Stopping threads took: 0,0000351 seconds
2015-12-07T11:40:37.173-0500: 2454,606: Total time for which application threads were stopped: 0,0001204 seconds, Stopping threads took: 0,0000451 seconds
2015-12-07T11:41:18.177-0500: 2495,609: Total time for which application threads were stopped: 0,0001106 seconds, Stopping threads took: 0,0000470 seconds
2015-12-07T11:41:18.645-0500: 2496,077: Total time for which application threads were stopped: 0,0001388 seconds, Stopping threads took: 0,0000431 seconds
2015-12-07T11:41:18.645-0500: 2496,078: Total time for which application threads were stopped: 0,0000729 seconds, Stopping threads took: 0,0000146 seconds
2015-12-07T11:41:18.646-0500: 2496,078: Total time for which application threads were stopped: 0,0001008 seconds, Stopping threads took: 0,0000312 seconds
2015-12-07T11:41:18.646-0500: 2496,078: Total time for which application threads were stopped: 0,0000511 seconds, Stopping threads took: 0,0000085 seconds
2015-12-07T11:41:18.706-0500: 2496,138: Total time for which application threads were stopped: 0,0001553 seconds, Stopping threads took: 0,0000555 seconds
2015-12-07T11:41:18.707-0500: 2496,139: Total time for which application threads were stopped: 0,0000925 seconds, Stopping threads took: 0,0000218 seconds
2015-12-07T11:41:18.710-0500: 2496,143: Total time for which application threads were stopped: 0,0001297 seconds, Stopping threads took: 0,0000324 seconds
2015-12-07T11:41:18.711-0500: 2496,143: Total time for which application threads were stopped: 0,0001073 seconds, Stopping threads took: 0,0000243 seconds
2015-12-07T11:41:19.711-0500: 2497,143: Total time for which application threads were stopped: 0,0000786 seconds, Stopping threads took: 0,0000196 seconds
2015-12-07T11:41:20.711-0500: 2498,143: Total time for which application threads were stopped: 0,0000916 seconds, Stopping threads took: 0,0000205 seconds
2015-12-07T11:41:20.993-0500: 2498,426: Total time for which application threads were stopped: 0,0001132 seconds, Stopping threads took: 0,0000197 seconds
2015-12-07T11:41:20.993-0500: 2498,426: Total time for which application threads were stopped: 0,0000479 seconds, Stopping threads took: 0,0000090 seconds
2015-12-07T11:41:21.380-0500: 2498,812: Total time for which application threads were stopped: 0,0001868 seconds, Stopping threads took: 0,0000424 seconds
2015-12-07T11:41:21.380-0500: 2498,812: Total time for which application threads were stopped: 0,0000981 seconds, Stopping threads took: 0,0000414 seconds
2015-12-07T11:41:22.380-0500: 2499,813: Total time for which application threads were stopped: 0,0000922 seconds, Stopping threads took: 0,0000246 seconds
2015-12-07T11:42:11.385-0500: 2548,817: Total time for which application threads were stopped: 0,0000813 seconds, Stopping threads took: 0,0000258 seconds
2015-12-07T11:42:21.380-0500: 2558,813: Total time for which application threads were stopped: 0,0002138 seconds, Stopping threads took: 0,0000435 seconds
2015-12-07T11:43:26.387-0500: 2623,819: Total time for which application threads were stopped: 0,0001972 seconds, Stopping threads took: 0,0000696 seconds
2015-12-07T11:43:42.388-0500: 2639,821: Total time for which application threads were stopped: 0,0001133 seconds, Stopping threads took: 0,0000380 seconds
2015-12-07T11:43:58.390-0500: 2655,822: Total time for which application threads were stopped: 0,0000713 seconds, Stopping threads took: 0,0000192 seconds
2015-12-07T11:44:01.390-0500: 2658,823: Total time for which application threads were stopped: 0,0000724 seconds, Stopping threads took: 0,0000197 seconds
2015-12-07T11:44:11.444-0500: 2668,876: Total time for which application threads were stopped: 0,0002181 seconds, Stopping threads took: 0,0000253 seconds
2015-12-07T11:44:14.439-0500: 2671,871: Total time for which application threads were stopped: 0,0001107 seconds, Stopping threads took: 0,0000364 seconds
2015-12-07T11:44:14.439-0500: 2671,871: Total time for which application threads were stopped: 0,0000273 seconds, Stopping threads took: 0,0000052 seconds
2015-12-07T11:44:15.439-0500: 2672,871: Total time for which application threads were stopped: 0,0000921 seconds, Stopping threads took: 0,0000233 seconds
2015-12-07T11:44:33.440-0500: 2690,873: Total time for which application threads were stopped: 0,0001016 seconds, Stopping threads took: 0,0000276 seconds
2015-12-07T11:48:56.468-0500: 2953,900: Total time for which application threads were stopped: 0,0000817 seconds, Stopping threads took: 0,0000283 seconds
2015-12-07T11:48:58.468-0500: 2955,900: Total time for which application threads were stopped: 0,0001250 seconds, Stopping threads took: 0,0000332 seconds
2015-12-07T11:49:27.470-0500: 2984,903: Total time for which application threads were stopped: 0,0001167 seconds, Stopping threads took: 0,0000368 seconds
2015-12-07T11:49:32.471-0500: 2989,904: Total time for which application threads were stopped: 0,0003996 seconds, Stopping threads took: 0,0001028 seconds
2015-12-07T11:49:33.471-0500: 2990,904: Total time for which application threads were stopped: 0,0000696 seconds, Stopping threads took: 0,0000189 seconds
2015-12-07T11:49:34.472-0500: 2991,904: Total time for which application threads were stopped: 0,0000872 seconds, Stopping threads took: 0,0000237 seconds
2015-12-07T11:49:59.474-0500: 3016,906: Total time for which application threads were stopped: 0,0001320 seconds, Stopping threads took: 0,0000482 seconds
2015-12-07T11:50:08.475-0500: 3025,907: Total time for which application threads were stopped: 0,0000747 seconds, Stopping threads took: 0,0000202 seconds
2015-12-07T11:50:34.477-0500: 3051,910: Total time for which application threads were stopped: 0,0000871 seconds, Stopping threads took: 0,0000325 seconds
2015-12-07T11:50:39.478-0500: 3056,910: Total time for which application threads were stopped: 0,0000722 seconds, Stopping threads took: 0,0000202 seconds
2015-12-07T11:50:55.479-0500: 3072,912: Total time for which application threads were stopped: 0,0001480 seconds, Stopping threads took: 0,0000529 seconds
2015-12-07T11:51:28.482-0500: 3105,915: Total time for which application threads were stopped: 0,0000902 seconds, Stopping threads took: 0,0000321 seconds
2015-12-07T11:51:47.484-0500: 3124,917: Total time for which application threads were stopped: 0,0000860 seconds, Stopping threads took: 0,0000211 seconds
2015-12-07T11:52:19.487-0500: 3156,919: Total time for which application threads were stopped: 0,0001033 seconds, Stopping threads took: 0,0000367 seconds
2015-12-07T11:53:32.493-0500: 3229,926: Total time for which application threads were stopped: 0,0000986 seconds, Stopping threads took: 0,0000350 seconds
2015-12-07T11:57:26.513-0500: 3463,946: Total time for which application threads were stopped: 0,0001429 seconds, Stopping threads took: 0,0000481 seconds
2015-12-07T11:58:38.520-0500: 3535,952: Total time for which application threads were stopped: 0,0000839 seconds, Stopping threads took: 0,0000305 seconds
2015-12-07T11:59:01.522-0500: 3558,954: Total time for which application threads were stopped: 0,0000777 seconds, Stopping threads took: 0,0000203 seconds
2015-12-07T11:59:38.525-0500: 3595,957: Total time for which application threads were stopped: 0,0000903 seconds, Stopping threads took: 0,0000316 seconds
2015-12-07T11:59:55.526-0500: 3612,959: Total time for which application threads were stopped: 0,0001065 seconds, Stopping threads took: 0,0000281 seconds
2015-12-07T12:00:31.529-0500: 3648,962: Total time for which application threads were stopped: 0,0000843 seconds, Stopping threads took: 0,0000326 seconds
2015-12-07T12:00:32.530-0500: 3649,962: Total time for which application threads were stopped: 0,0000715 seconds, Stopping threads took: 0,0000202 seconds
2015-12-07T12:00:50.531-0500: 3667,964: Total time for which application threads were stopped: 0,0001443 seconds, Stopping threads took: 0,0000545 seconds
2015-12-07T12:01:04.532-0500: 3681,965: Total time for which application threads were stopped: 0,0000872 seconds, Stopping threads took: 0,0000316 seconds
2015-12-07T12:01:32.535-0500: 3709,967: Total time for which application threads were stopped: 0,0001038 seconds, Stopping threads took: 0,0000275 seconds
2015-12-07T12:01:46.536-0500: 3723,969: Total time for which application threads were stopped: 0,0000858 seconds, Stopping threads took: 0,0000319 seconds
2015-12-07T12:03:11.544-0500: 3808,976: Total time for which application threads were stopped: 0,0001298 seconds, Stopping threads took: 0,0000532 seconds
2015-12-07T12:03:12.544-0500: 3809,976: Total time for which application threads were stopped: 0,0001315 seconds, Stopping threads took: 0,0000349 seconds
2015-12-07T12:03:14.544-0500: 3811,977: Total time for which application threads were stopped: 0,0000721 seconds, Stopping threads took: 0,0000194 seconds
2015-12-07T12:03:44.547-0500: 3841,980: Total time for which application threads were stopped: 0,0001487 seconds, Stopping threads took: 0,0000537 seconds
2015-12-07T12:03:45.548-0500: 3842,980: Total time for which application threads were stopped: 0,0001308 seconds, Stopping threads took: 0,0000524 seconds
2015-12-07T12:04:03.550-0500: 3860,982: Total time for which application threads were stopped: 0,0000767 seconds, Stopping threads took: 0,0000268 seconds
2015-12-07T12:04:37.553-0500: 3894,985: Total time for which application threads were stopped: 0,0001065 seconds, Stopping threads took: 0,0000386 seconds
2015-12-07T12:04:48.554-0500: 3905,986: Total time for which application threads were stopped: 0,0000758 seconds, Stopping threads took: 0,0000201 seconds
2015-12-07T12:04:50.554-0500: 3907,987: Total time for which application threads were stopped: 0,0001425 seconds, Stopping threads took: 0,0000456 seconds
2015-12-07T12:05:16.557-0500: 3933,989: Total time for which application threads were stopped: 0,0001856 seconds, Stopping threads took: 0,0000405 seconds
2015-12-07T12:07:16.569-0500: 4054,001: Total time for which application threads were stopped: 0,0000815 seconds, Stopping threads took: 0,0000303 seconds
2015-12-07T12:08:08.574-0500: 4106,006: Total time for which application threads were stopped: 0,0001412 seconds, Stopping threads took: 0,0000493 seconds
2015-12-07T12:08:26.576-0500: 4124,008: Total time for which application threads were stopped: 0,0001316 seconds, Stopping threads took: 0,0000339 seconds
2015-12-07T12:09:03.580-0500: 4161,012: Total time for which application threads were stopped: 0,0000938 seconds, Stopping threads took: 0,0000299 seconds
2015-12-07T12:09:20.442-0500: 4177,874: Total time for which application threads were stopped: 0,0001490 seconds, Stopping threads took: 0,0000593 seconds
2015-12-07T12:09:22.117-0500: 4179,549: Total time for which application threads were stopped: 0,0001232 seconds, Stopping threads took: 0,0000456 seconds
2015-12-07T12:09:22.117-0500: 4179,550: Total time for which application threads were stopped: 0,0000548 seconds, Stopping threads took: 0,0000083 seconds
2015-12-07T12:09:22.119-0500: 4179,552: Total time for which application threads were stopped: 0,0002341 seconds, Stopping threads took: 0,0001543 seconds
2015-12-07T12:09:22.119-0500: 4179,552: Total time for which application threads were stopped: 0,0000451 seconds, Stopping threads took: 0,0000080 seconds
2015-12-07T12:09:22.121-0500: 4179,553: Total time for which application threads were stopped: 0,0000831 seconds, Stopping threads took: 0,0000179 seconds
2015-12-07T12:09:22.127-0500: 4179,560: Total time for which application threads were stopped: 0,0000940 seconds, Stopping threads took: 0,0000206 seconds
2015-12-07T12:09:22.134-0500: 4179,567: Total time for which application threads were stopped: 0,0001100 seconds, Stopping threads took: 0,0000317 seconds
2015-12-07T12:09:22.290-0500: 4179,722: Total time for which application threads were stopped: 0,0001259 seconds, Stopping threads took: 0,0000240 seconds
2015-12-07T12:09:22.290-0500: 4179,723: Total time for which application threads were stopped: 0,0000952 seconds, Stopping threads took: 0,0000390 seconds
2015-12-07T12:09:22.291-0500: 4179,724: Total time for which application threads were stopped: 0,0001099 seconds, Stopping threads took: 0,0000387 seconds
2015-12-07T12:09:22.292-0500: 4179,724: Total time for which application threads were stopped: 0,0000561 seconds, Stopping threads took: 0,0000181 seconds
2015-12-07T12:09:23.687-0500: 4181,119: Total time for which application threads were stopped: 0,0001367 seconds, Stopping threads took: 0,0000187 seconds
2015-12-07T12:09:23.688-0500: 4181,120: Total time for which application threads were stopped: 0,0007221 seconds, Stopping threads took: 0,0004322 seconds
2015-12-07T12:09:23.690-0500: 4181,122: Total time for which application threads were stopped: 0,0000799 seconds, Stopping threads took: 0,0000271 seconds
2015-12-07T12:09:23.690-0500: 4181,122: Total time for which application threads were stopped: 0,0000275 seconds, Stopping threads took: 0,0000074 seconds
2015-12-07T12:09:24.690-0500: 4182,123: Total time for which application threads were stopped: 0,0000808 seconds, Stopping threads took: 0,0000194 seconds
2015-12-07T12:10:13.694-0500: 4231,127: Total time for which application threads were stopped: 0,0000821 seconds, Stopping threads took: 0,0000282 seconds
2015-12-07T12:10:23.688-0500: 4241,121: Total time for which application threads were stopped: 0,0000926 seconds, Stopping threads took: 0,0000246 seconds
2015-12-07T12:10:23.690-0500: 4241,123: Total time for which application threads were stopped: 0,0001002 seconds, Stopping threads took: 0,0000170 seconds
2015-12-07T12:12:14.700-0500: 4352,132: Total time for which application threads were stopped: 0,0000808 seconds, Stopping threads took: 0,0000272 seconds
2015-12-07T12:16:41.724-0500: 4619,157: Total time for which application threads were stopped: 0,0000717 seconds, Stopping threads took: 0,0000178 seconds
2015-12-07T12:16:50.725-0500: 4628,158: Total time for which application threads were stopped: 0,0000988 seconds, Stopping threads took: 0,0000256 seconds
2015-12-07T12:16:59.726-0500: 4637,159: Total time for which application threads were stopped: 0,0001509 seconds, Stopping threads took: 0,0000389 seconds
{Heap before GC invocations=9 (full 1):
 par new generation   total 109248K, used 107045K [0x00000000e0000000, 0x00000000e8000000, 0x00000000e8000000)
  eden space 87424K, 100% used [0x00000000e0000000, 0x00000000e5560000, 0x00000000e5560000)
  from space 21824K,  89% used [0x00000000e6ab0000, 0x00000000e7dd9540, 0x00000000e8000000)
  to   space 21824K,   0% used [0x00000000e5560000, 0x00000000e5560000, 0x00000000e6ab0000)
 concurrent mark-sweep generation total 393216K, used 2647K [0x00000000e8000000, 0x0000000100000000, 0x0000000100000000)
 Metaspace       used 31206K, capacity 31576K, committed 31896K, reserved 1077248K
  class space    used 3561K, capacity 3716K, committed 3736K, reserved 1048576K
2015-12-07T12:18:23.443-0500: 4720,875: [GC (Allocation Failure) 2015-12-07T12:18:23.443-0500: 4720,875: [ParNew
Desired survivor size 20112992 bytes, new threshold 8 (max 8)
- age   1:     392936 bytes,     392936 total
- age   2:    5418648 bytes,    5811584 total
- age   3:    1813824 bytes,    7625408 total
- age   4:      95032 bytes,    7720440 total
- age   5:        264 bytes,    7720704 total
- age   6:     120352 bytes,    7841056 total
- age   7:     103208 bytes,    7944264 total
- age   8:     297496 bytes,    8241760 total
: 107045K->13328K(109248K), 0,0443362 secs] 109692K->20377K(502464K), 0,0444212 secs] [Times: user=0,04 sys=0,04, real=0,05 secs] 
Heap after GC invocations=10 (full 1):
 par new generation   total 109248K, used 13328K [0x00000000e0000000, 0x00000000e8000000, 0x00000000e8000000)
  eden space 87424K,   0% used [0x00000000e0000000, 0x00000000e0000000, 0x00000000e5560000)
  from space 21824K,  61% used [0x00000000e5560000, 0x00000000e62641e0, 0x00000000e6ab0000)
  to   space 21824K,   0% used [0x00000000e6ab0000, 0x00000000e6ab0000, 0x00000000e8000000)
 concurrent mark-sweep generation total 393216K, used 7049K [0x00000000e8000000, 0x0000000100000000, 0x0000000100000000)
 Metaspace       used 31206K, capacity 31576K, committed 31896K, reserved 1077248K
  class space    used 3561K, capacity 3716K, committed 3736K, reserved 1048576K
}
2015-12-07T12:18:23.487-0500: 4720,920: Total time for which application threads were stopped: 0,0446361 seconds, Stopping threads took: 0,0000284 seconds
2015-12-07T12:18:24.487-0500: 4721,920: Total time for which application threads were stopped: 0,0000781 seconds, Stopping threads took: 0,0000207 seconds
2015-12-07T12:18:56.490-0500: 4753,923: Total time for which application threads were stopped: 0,0001422 seconds, Stopping threads took: 0,0000512 seconds
2015-12-07T12:18:59.491-0500: 4756,923: Total time for which application threads were stopped: 0,0000703 seconds, Stopping threads took: 0,0000191 seconds
2015-12-07T12:19:02.491-0500: 4759,924: Total time for which application threads were stopped: 0,0001025 seconds, Stopping threads took: 0,0000259 seconds
2015-12-07T12:19:05.491-0500: 4762,924: Total time for which application threads were stopped: 0,0001020 seconds, Stopping threads took: 0,0000265 seconds
2015-12-07T12:20:02.503-0500: 4819,935: Total time for which application threads were stopped: 0,0000790 seconds, Stopping threads took: 0,0000297 seconds
2015-12-07T12:21:16.509-0500: 4893,942: Total time for which application threads were stopped: 0,0001025 seconds, Stopping threads took: 0,0000342 seconds
2015-12-07T12:21:22.510-0500: 4899,942: Total time for which application threads were stopped: 0,0001372 seconds, Stopping threads took: 0,0000354 seconds
2015-12-07T12:21:44.512-0500: 4921,945: Total time for which application threads were stopped: 0,0000805 seconds, Stopping threads took: 0,0000265 seconds
2015-12-07T12:22:52.519-0500: 4989,951: Total time for which application threads were stopped: 0,0001133 seconds, Stopping threads took: 0,0000400 seconds
2015-12-07T12:23:28.522-0500: 5025,955: Total time for which application threads were stopped: 0,0000859 seconds, Stopping threads took: 0,0000312 seconds
2015-12-07T12:23:35.523-0500: 5032,955: Total time for which application threads were stopped: 0,0000749 seconds, Stopping threads took: 0,0000203 seconds
2015-12-07T12:26:11.537-0500: 5188,969: Total time for which application threads were stopped: 0,0001367 seconds, Stopping threads took: 0,0000484 seconds
2015-12-07T12:26:23.538-0500: 5200,970: Total time for which application threads were stopped: 0,0000790 seconds, Stopping threads took: 0,0000268 seconds
2015-12-07T12:26:28.538-0500: 5205,971: Total time for which application threads were stopped: 0,0000903 seconds, Stopping threads took: 0,0000223 seconds
2015-12-07T12:28:02.548-0500: 5299,980: Total time for which application threads were stopped: 0,0000943 seconds, Stopping threads took: 0,0000328 seconds
2015-12-07T12:28:04.548-0500: 5301,980: Total time for which application threads were stopped: 0,0000699 seconds, Stopping threads took: 0,0000184 seconds
2015-12-07T12:28:19.549-0500: 5316,982: Total time for which application threads were stopped: 0,0000849 seconds, Stopping threads took: 0,0000289 seconds
2015-12-07T12:35:53.589-0500: 5771,022: Total time for which application threads were stopped: 0,0003188 seconds, Stopping threads took: 0,0001076 seconds
2015-12-07T12:38:56.606-0500: 5954,038: Total time for which application threads were stopped: 0,0000833 seconds, Stopping threads took: 0,0000311 seconds
2015-12-07T12:39:23.608-0500: 5981,041: Total time for which application threads were stopped: 0,0000817 seconds, Stopping threads took: 0,0000192 seconds
2015-12-07T12:41:16.619-0500: 6094,052: Total time for which application threads were stopped: 0,0001526 seconds, Stopping threads took: 0,0000540 seconds
2015-12-07T12:44:46.656-0500: 6304,089: Total time for which application threads were stopped: 0,0177149 seconds, Stopping threads took: 0,0176535 seconds
2015-12-07T12:44:58.657-0500: 6316,090: Total time for which application threads were stopped: 0,0000775 seconds, Stopping threads took: 0,0000203 seconds
2015-12-07T12:51:47.694-0500: 6725,126: Total time for which application threads were stopped: 0,0000780 seconds, Stopping threads took: 0,0000262 seconds
2015-12-07T12:54:58.449-0500: 6915,881: Total time for which application threads were stopped: 0,0001741 seconds, Stopping threads took: 0,0000558 seconds
2015-12-07T12:54:58.779-0500: 6916,211: Total time for which application threads were stopped: 0,0001036 seconds, Stopping threads took: 0,0000230 seconds
2015-12-07T12:54:58.781-0500: 6916,214: Total time for which application threads were stopped: 0,0001453 seconds, Stopping threads took: 0,0000576 seconds
2015-12-07T12:54:58.783-0500: 6916,215: Total time for which application threads were stopped: 0,0001216 seconds, Stopping threads took: 0,0000154 seconds
2015-12-07T12:54:58.924-0500: 6916,356: Total time for which application threads were stopped: 0,0002526 seconds, Stopping threads took: 0,0000230 seconds
2015-12-07T12:54:58.926-0500: 6916,358: Total time for which application threads were stopped: 0,0000950 seconds, Stopping threads took: 0,0000183 seconds
2015-12-07T12:54:58.926-0500: 6916,358: Total time for which application threads were stopped: 0,0000995 seconds, Stopping threads took: 0,0000298 seconds
2015-12-07T12:54:59.342-0500: 6916,774: Total time for which application threads were stopped: 0,0001018 seconds, Stopping threads took: 0,0000171 seconds
2015-12-07T12:55:00.342-0500: 6917,774: Total time for which application threads were stopped: 0,0000980 seconds, Stopping threads took: 0,0000222 seconds
2015-12-07T12:55:00.353-0500: 6917,785: Total time for which application threads were stopped: 0,0001177 seconds, Stopping threads took: 0,0000246 seconds
2015-12-07T12:55:00.353-0500: 6917,785: Total time for which application threads were stopped: 0,0000936 seconds, Stopping threads took: 0,0000299 seconds
2015-12-07T12:55:00.458-0500: 6917,890: Total time for which application threads were stopped: 0,0001633 seconds, Stopping threads took: 0,0000302 seconds
2015-12-07T12:55:00.458-0500: 6917,891: Total time for which application threads were stopped: 0,0001941 seconds, Stopping threads took: 0,0001160 seconds
2015-12-07T12:56:00.459-0500: 6977,891: Total time for which application threads were stopped: 0,0001714 seconds, Stopping threads took: 0,0000341 seconds
{Heap before GC invocations=10 (full 1):
 par new generation   total 109248K, used 100752K [0x00000000e0000000, 0x00000000e8000000, 0x00000000e8000000)
  eden space 87424K, 100% used [0x00000000e0000000, 0x00000000e5560000, 0x00000000e5560000)
  from space 21824K,  61% used [0x00000000e5560000, 0x00000000e62641e0, 0x00000000e6ab0000)
  to   space 21824K,   0% used [0x00000000e6ab0000, 0x00000000e6ab0000, 0x00000000e8000000)
 concurrent mark-sweep generation total 393216K, used 7049K [0x00000000e8000000, 0x0000000100000000, 0x0000000100000000)
 Metaspace       used 31219K, capacity 31640K, committed 31896K, reserved 1077248K
  class space    used 3561K, capacity 3716K, committed 3736K, reserved 1048576K
2015-12-07T13:02:40.451-0500: 7377,883: [GC (Allocation Failure) 2015-12-07T13:02:40.476-0500: 7377,909: [ParNew
Desired survivor size 20112992 bytes, new threshold 8 (max 8)
- age   1:     187512 bytes,     187512 total
- age   2:     139744 bytes,     327256 total
- age   3:    5418616 bytes,    5745872 total
- age   4:    1813824 bytes,    7559696 total
- age   5:      95032 bytes,    7654728 total
- age   6:        264 bytes,    7654992 total
- age   7:     120352 bytes,    7775344 total
- age   8:     103208 bytes,    7878552 total
: 100752K->9352K(109248K), 0,0156527 secs] 107801K->16696K(502464K), 0,0409263 secs] [Times: user=0,05 sys=0,00, real=0,04 secs] 
