Java HotSpot(TM) 64-Bit Server VM (25.66-b17) for linux-amd64 JRE (1.8.0_66-b17), built on Oct  6 2015 17:28:34 by "java_re" with gcc 4.3.0 20080428 (Red Hat 4.3.0-8)
Memory: 4k page, physical 8074228k(437004k free), swap 8285180k(7932832k free)
CommandLine flags: -XX:CMSInitiatingOccupancyFraction=50 -XX:CMSMaxAbortablePrecleanTime=6000 -XX:+CMSParallelRemarkEnabled -XX:+CMSScavengeBeforeRemark -XX:ConcGCThreads=4 -XX:InitialHeapSize=536870912 -XX:MaxHeapSize=536870912 -XX:MaxTenuringThreshold=8 -XX:NewRatio=3 -XX:OldPLABSize=16 -XX:ParallelGCThreads=4 -XX:+ParallelRefProcEnabled -XX:PretenureSizeThreshold=67108864 -XX:+PrintGC -XX:+PrintGCApplicationStoppedTime -XX:+PrintGCDateStamps -XX:+PrintGCDetails -XX:+PrintGCTimeStamps -XX:+PrintHeapAtGC -XX:+PrintTenuringDistribution -XX:SurvivorRatio=4 -XX:TargetSurvivorRatio=90 -XX:ThreadStackSize=256 -XX:+UseCMSInitiatingOccupancyOnly -XX:+UseCompressedClassPointers -XX:+UseCompressedOops -XX:+UseConcMarkSweepGC -XX:+UseParNewGC 
2015-12-09T10:09:33.856-0500: 0,385: Total time for which application threads were stopped: 0,0000600 seconds, Stopping threads took: 0,0000107 seconds
2015-12-09T10:09:34.426-0500: 0,954: Total time for which application threads were stopped: 0,0001198 seconds, Stopping threads took: 0,0000234 seconds
2015-12-09T10:09:34.731-0500: 1,259: Total time for which application threads were stopped: 0,0001095 seconds, Stopping threads took: 0,0000251 seconds
2015-12-09T10:09:34.854-0500: 1,383: Total time for which application threads were stopped: 0,0001608 seconds, Stopping threads took: 0,0000130 seconds
2015-12-09T10:09:34.929-0500: 1,457: Total time for which application threads were stopped: 0,0001480 seconds, Stopping threads took: 0,0000258 seconds
2015-12-09T10:09:34.958-0500: 1,486: Total time for which application threads were stopped: 0,0001360 seconds, Stopping threads took: 0,0000258 seconds
2015-12-09T10:09:34.967-0500: 1,495: Total time for which application threads were stopped: 0,0001235 seconds, Stopping threads took: 0,0000255 seconds
{Heap before GC invocations=0 (full 0):
 par new generation   total 109248K, used 87424K [0x00000000e0000000, 0x00000000e8000000, 0x00000000e8000000)
  eden space 87424K, 100% used [0x00000000e0000000, 0x00000000e5560000, 0x00000000e5560000)
  from space 21824K,   0% used [0x00000000e5560000, 0x00000000e5560000, 0x00000000e6ab0000)
  to   space 21824K,   0% used [0x00000000e6ab0000, 0x00000000e6ab0000, 0x00000000e8000000)
 concurrent mark-sweep generation total 393216K, used 0K [0x00000000e8000000, 0x0000000100000000, 0x0000000100000000)
 Metaspace       used 10053K, capacity 10248K, committed 10496K, reserved 1058816K
  class space    used 1149K, capacity 1180K, committed 1280K, reserved 1048576K
2015-12-09T10:09:35.628-0500: 2,156: [GC (Allocation Failure) 2015-12-09T10:09:35.628-0500: 2,156: [ParNew
Desired survivor size 20112992 bytes, new threshold 8 (max 8)
- age   1:    5677416 bytes,    5677416 total
: 87424K->5612K(109248K), 0,0088420 secs] 87424K->5612K(502464K), 0,0089124 secs] [Times: user=0,02 sys=0,01, real=0,01 secs] 
Heap after GC invocations=1 (full 0):
 par new generation   total 109248K, used 5612K [0x00000000e0000000, 0x00000000e8000000, 0x00000000e8000000)
  eden space 87424K,   0% used [0x00000000e0000000, 0x00000000e0000000, 0x00000000e5560000)
  from space 21824K,  25% used [0x00000000e6ab0000, 0x00000000e702b1f8, 0x00000000e8000000)
  to   space 21824K,   0% used [0x00000000e5560000, 0x00000000e5560000, 0x00000000e6ab0000)
 concurrent mark-sweep generation total 393216K, used 0K [0x00000000e8000000, 0x0000000100000000, 0x0000000100000000)
 Metaspace       used 10053K, capacity 10248K, committed 10496K, reserved 1058816K
  class space    used 1149K, capacity 1180K, committed 1280K, reserved 1048576K
}
2015-12-09T10:09:35.637-0500: 2,165: Total time for which application threads were stopped: 0,0090746 seconds, Stopping threads took: 0,0000296 seconds
2015-12-09T10:09:35.856-0500: 2,385: Total time for which application threads were stopped: 0,0003105 seconds, Stopping threads took: 0,0000212 seconds
2015-12-09T10:09:36.857-0500: 3,385: Total time for which application threads were stopped: 0,0000986 seconds, Stopping threads took: 0,0000261 seconds
2015-12-09T10:09:37.010-0500: 3,538: Total time for which application threads were stopped: 0,0001596 seconds, Stopping threads took: 0,0000141 seconds
2015-12-09T10:09:37.012-0500: 3,540: Total time for which application threads were stopped: 0,0000847 seconds, Stopping threads took: 0,0000206 seconds
2015-12-09T10:09:37.044-0500: 3,572: Total time for which application threads were stopped: 0,0001612 seconds, Stopping threads took: 0,0000152 seconds
2015-12-09T10:09:37.432-0500: 3,961: Total time for which application threads were stopped: 0,0002278 seconds, Stopping threads took: 0,0000387 seconds
2015-12-09T10:09:37.543-0500: 4,071: Total time for which application threads were stopped: 0,0001803 seconds, Stopping threads took: 0,0000274 seconds
2015-12-09T10:09:37.860-0500: 4,388: Total time for which application threads were stopped: 0,0001861 seconds, Stopping threads took: 0,0001048 seconds
2015-12-09T10:09:37.945-0500: 4,474: Total time for which application threads were stopped: 0,0002341 seconds, Stopping threads took: 0,0000449 seconds
2015-12-09T10:09:37.976-0500: 4,504: Total time for which application threads were stopped: 0,0001155 seconds, Stopping threads took: 0,0000481 seconds
2015-12-09T10:09:37.976-0500: 4,504: Total time for which application threads were stopped: 0,0000596 seconds, Stopping threads took: 0,0000234 seconds
2015-12-09T10:09:38.003-0500: 4,531: Total time for which application threads were stopped: 0,0001183 seconds, Stopping threads took: 0,0000209 seconds
2015-12-09T10:09:38.024-0500: 4,552: Total time for which application threads were stopped: 0,0001472 seconds, Stopping threads took: 0,0000850 seconds
2015-12-09T10:09:38.292-0500: 4,820: Total time for which application threads were stopped: 0,0001292 seconds, Stopping threads took: 0,0000324 seconds
2015-12-09T10:09:38.989-0500: 5,517: Total time for which application threads were stopped: 0,0002087 seconds, Stopping threads took: 0,0000387 seconds
2015-12-09T10:09:38.990-0500: 5,518: Total time for which application threads were stopped: 0,0002453 seconds, Stopping threads took: 0,0001256 seconds
2015-12-09T10:09:38.990-0500: 5,519: Total time for which application threads were stopped: 0,0002686 seconds, Stopping threads took: 0,0001085 seconds
2015-12-09T10:09:39.000-0500: 5,528: Total time for which application threads were stopped: 0,0002506 seconds, Stopping threads took: 0,0001077 seconds
{Heap before GC invocations=1 (full 0):
 par new generation   total 109248K, used 93036K [0x00000000e0000000, 0x00000000e8000000, 0x00000000e8000000)
  eden space 87424K, 100% used [0x00000000e0000000, 0x00000000e5560000, 0x00000000e5560000)
  from space 21824K,  25% used [0x00000000e6ab0000, 0x00000000e702b1f8, 0x00000000e8000000)
  to   space 21824K,   0% used [0x00000000e5560000, 0x00000000e5560000, 0x00000000e6ab0000)
 concurrent mark-sweep generation total 393216K, used 0K [0x00000000e8000000, 0x0000000100000000, 0x0000000100000000)
 Metaspace       used 19461K, capacity 19864K, committed 20096K, reserved 1067008K
  class space    used 2282K, capacity 2422K, committed 2432K, reserved 1048576K
2015-12-09T10:09:39.019-0500: 5,547: [GC (Allocation Failure) 2015-12-09T10:09:39.019-0500: 5,547: [ParNew
Desired survivor size 20112992 bytes, new threshold 8 (max 8)
- age   1:    9796584 bytes,    9796584 total
- age   2:    2505416 bytes,   12302000 total
: 93036K->14735K(109248K), 0,0283769 secs] 93036K->14735K(502464K), 0,0284385 secs] [Times: user=0,03 sys=0,08, real=0,02 secs] 
Heap after GC invocations=2 (full 0):
 par new generation   total 109248K, used 14735K [0x00000000e0000000, 0x00000000e8000000, 0x00000000e8000000)
  eden space 87424K,   0% used [0x00000000e0000000, 0x00000000e0000000, 0x00000000e5560000)
  from space 21824K,  67% used [0x00000000e5560000, 0x00000000e63c3d00, 0x00000000e6ab0000)
  to   space 21824K,   0% used [0x00000000e6ab0000, 0x00000000e6ab0000, 0x00000000e8000000)
 concurrent mark-sweep generation total 393216K, used 0K [0x00000000e8000000, 0x0000000100000000, 0x0000000100000000)
 Metaspace       used 19461K, capacity 19864K, committed 20096K, reserved 1067008K
  class space    used 2282K, capacity 2422K, committed 2432K, reserved 1048576K
}
2015-12-09T10:09:39.047-0500: 5,575: Total time for which application threads were stopped: 0,0287023 seconds, Stopping threads took: 0,0000622 seconds
2015-12-09T10:09:39.052-0500: 5,580: Total time for which application threads were stopped: 0,0001080 seconds, Stopping threads took: 0,0000312 seconds
2015-12-09T10:09:39.053-0500: 5,582: Total time for which application threads were stopped: 0,0000920 seconds, Stopping threads took: 0,0000255 seconds
2015-12-09T10:09:39.054-0500: 5,582: Total time for which application threads were stopped: 0,0001259 seconds, Stopping threads took: 0,0000488 seconds
2015-12-09T10:09:39.054-0500: 5,582: Total time for which application threads were stopped: 0,0000981 seconds, Stopping threads took: 0,0000371 seconds
2015-12-09T10:09:39.057-0500: 5,585: Total time for which application threads were stopped: 0,0005051 seconds, Stopping threads took: 0,0002437 seconds
2015-12-09T10:09:39.057-0500: 5,585: Total time for which application threads were stopped: 0,0002000 seconds, Stopping threads took: 0,0000398 seconds
2015-12-09T10:09:39.057-0500: 5,585: Total time for which application threads were stopped: 0,0000745 seconds, Stopping threads took: 0,0000179 seconds
2015-12-09T10:09:39.057-0500: 5,586: Total time for which application threads were stopped: 0,0000968 seconds, Stopping threads took: 0,0000353 seconds
2015-12-09T10:09:39.058-0500: 5,586: Total time for which application threads were stopped: 0,0000433 seconds, Stopping threads took: 0,0000105 seconds
2015-12-09T10:09:39.058-0500: 5,586: Total time for which application threads were stopped: 0,0000360 seconds, Stopping threads took: 0,0000095 seconds
2015-12-09T10:09:39.150-0500: 5,678: Total time for which application threads were stopped: 0,0001309 seconds, Stopping threads took: 0,0000337 seconds
2015-12-09T10:09:39.151-0500: 5,679: Total time for which application threads were stopped: 0,0001335 seconds, Stopping threads took: 0,0000790 seconds
2015-12-09T10:09:39.151-0500: 5,679: Total time for which application threads were stopped: 0,0000834 seconds, Stopping threads took: 0,0000344 seconds
2015-12-09T10:09:39.151-0500: 5,679: Total time for which application threads were stopped: 0,0000938 seconds, Stopping threads took: 0,0000426 seconds
2015-12-09T10:09:39.151-0500: 5,679: Total time for which application threads were stopped: 0,0000707 seconds, Stopping threads took: 0,0000208 seconds
2015-12-09T10:09:39.151-0500: 5,680: Total time for which application threads were stopped: 0,0000621 seconds, Stopping threads took: 0,0000184 seconds
2015-12-09T10:09:39.152-0500: 5,680: Total time for which application threads were stopped: 0,0000652 seconds, Stopping threads took: 0,0000222 seconds
2015-12-09T10:09:39.166-0500: 5,694: Total time for which application threads were stopped: 0,0000796 seconds, Stopping threads took: 0,0000222 seconds
2015-12-09T10:09:39.166-0500: 5,694: Total time for which application threads were stopped: 0,0000777 seconds, Stopping threads took: 0,0000470 seconds
2015-12-09T10:09:39.169-0500: 5,697: Total time for which application threads were stopped: 0,0032892 seconds, Stopping threads took: 0,0032354 seconds
2015-12-09T10:09:39.170-0500: 5,698: Total time for which application threads were stopped: 0,0000915 seconds, Stopping threads took: 0,0000532 seconds
2015-12-09T10:09:39.170-0500: 5,698: Total time for which application threads were stopped: 0,0001280 seconds, Stopping threads took: 0,0000362 seconds
2015-12-09T10:09:39.194-0500: 5,722: Total time for which application threads were stopped: 0,0002968 seconds, Stopping threads took: 0,0000217 seconds
2015-12-09T10:09:39.214-0500: 5,742: Total time for which application threads were stopped: 0,0004005 seconds, Stopping threads took: 0,0000719 seconds
2015-12-09T10:09:39.239-0500: 5,767: Total time for which application threads were stopped: 0,0003685 seconds, Stopping threads took: 0,0001048 seconds
2015-12-09T10:09:39.279-0500: 5,807: Total time for which application threads were stopped: 0,0000935 seconds, Stopping threads took: 0,0000259 seconds
2015-12-09T10:09:39.279-0500: 5,807: Total time for which application threads were stopped: 0,0000577 seconds, Stopping threads took: 0,0000196 seconds
2015-12-09T10:09:39.279-0500: 5,807: Total time for which application threads were stopped: 0,0001188 seconds, Stopping threads took: 0,0000689 seconds
2015-12-09T10:09:39.279-0500: 5,808: Total time for which application threads were stopped: 0,0000527 seconds, Stopping threads took: 0,0000181 seconds
2015-12-09T10:09:39.280-0500: 5,808: Total time for which application threads were stopped: 0,0000362 seconds, Stopping threads took: 0,0000076 seconds
2015-12-09T10:09:39.280-0500: 5,808: Total time for which application threads were stopped: 0,0000419 seconds, Stopping threads took: 0,0000095 seconds
2015-12-09T10:09:39.280-0500: 5,808: Total time for which application threads were stopped: 0,0000455 seconds, Stopping threads took: 0,0000097 seconds
2015-12-09T10:09:39.280-0500: 5,808: Total time for which application threads were stopped: 0,0000413 seconds, Stopping threads took: 0,0000089 seconds
2015-12-09T10:09:39.280-0500: 5,808: Total time for which application threads were stopped: 0,0000407 seconds, Stopping threads took: 0,0000068 seconds
2015-12-09T10:09:39.280-0500: 5,808: Total time for which application threads were stopped: 0,0000479 seconds, Stopping threads took: 0,0000173 seconds
2015-12-09T10:09:39.283-0500: 5,811: Total time for which application threads were stopped: 0,0000370 seconds, Stopping threads took: 0,0000094 seconds
2015-12-09T10:09:39.295-0500: 5,823: Total time for which application threads were stopped: 0,0001460 seconds, Stopping threads took: 0,0000754 seconds
2015-12-09T10:09:39.359-0500: 5,887: Total time for which application threads were stopped: 0,0001608 seconds, Stopping threads took: 0,0000713 seconds
2015-12-09T10:09:39.362-0500: 5,891: Total time for which application threads were stopped: 0,0000663 seconds, Stopping threads took: 0,0000165 seconds
2015-12-09T10:09:39.363-0500: 5,891: Total time for which application threads were stopped: 0,0000355 seconds, Stopping threads took: 0,0000082 seconds
2015-12-09T10:09:39.363-0500: 5,891: Total time for which application threads were stopped: 0,0000709 seconds, Stopping threads took: 0,0000248 seconds
2015-12-09T10:09:39.370-0500: 5,898: Total time for which application threads were stopped: 0,0000520 seconds, Stopping threads took: 0,0000205 seconds
2015-12-09T10:09:39.370-0500: 5,898: Total time for which application threads were stopped: 0,0000506 seconds, Stopping threads took: 0,0000198 seconds
2015-12-09T10:09:39.370-0500: 5,898: Total time for which application threads were stopped: 0,0001175 seconds, Stopping threads took: 0,0000545 seconds
2015-12-09T10:09:39.370-0500: 5,899: Total time for which application threads were stopped: 0,0000513 seconds, Stopping threads took: 0,0000198 seconds
2015-12-09T10:09:39.371-0500: 5,899: Total time for which application threads were stopped: 0,0000400 seconds, Stopping threads took: 0,0000092 seconds
2015-12-09T10:09:39.371-0500: 5,899: Total time for which application threads were stopped: 0,0001040 seconds, Stopping threads took: 0,0000291 seconds
2015-12-09T10:09:39.376-0500: 5,905: Total time for which application threads were stopped: 0,0003839 seconds, Stopping threads took: 0,0003056 seconds
2015-12-09T10:09:39.377-0500: 5,905: Total time for which application threads were stopped: 0,0000354 seconds, Stopping threads took: 0,0000086 seconds
2015-12-09T10:09:39.377-0500: 5,905: Total time for which application threads were stopped: 0,0000569 seconds, Stopping threads took: 0,0000173 seconds
2015-12-09T10:09:39.379-0500: 5,907: Total time for which application threads were stopped: 0,0019726 seconds, Stopping threads took: 0,0019196 seconds
2015-12-09T10:09:39.379-0500: 5,907: Total time for which application threads were stopped: 0,0001676 seconds, Stopping threads took: 0,0000791 seconds
2015-12-09T10:09:39.380-0500: 5,908: Total time for which application threads were stopped: 0,0001238 seconds, Stopping threads took: 0,0000593 seconds
2015-12-09T10:09:39.380-0500: 5,908: Total time for which application threads were stopped: 0,0001108 seconds, Stopping threads took: 0,0000461 seconds
2015-12-09T10:09:39.396-0500: 5,924: Total time for which application threads were stopped: 0,0001692 seconds, Stopping threads took: 0,0000810 seconds
2015-12-09T10:09:39.398-0500: 5,926: Total time for which application threads were stopped: 0,0001183 seconds, Stopping threads took: 0,0000312 seconds
{Heap before GC invocations=2 (full 0):
 par new generation   total 109248K, used 102159K [0x00000000e0000000, 0x00000000e8000000, 0x00000000e8000000)
  eden space 87424K, 100% used [0x00000000e0000000, 0x00000000e5560000, 0x00000000e5560000)
  from space 21824K,  67% used [0x00000000e5560000, 0x00000000e63c3d00, 0x00000000e6ab0000)
  to   space 21824K,   0% used [0x00000000e6ab0000, 0x00000000e6ab0000, 0x00000000e8000000)
 concurrent mark-sweep generation total 393216K, used 0K [0x00000000e8000000, 0x0000000100000000, 0x0000000100000000)
 Metaspace       used 20626K, capacity 20926K, committed 20992K, reserved 1067008K
  class space    used 2407K, capacity 2519K, committed 2560K, reserved 1048576K
2015-12-09T10:09:39.403-0500: 5,931: [GC (Allocation Failure) 2015-12-09T10:09:39.403-0500: 5,931: [ParNew
Desired survivor size 20112992 bytes, new threshold 8 (max 8)
- age   1:    2701720 bytes,    2701720 total
- age   2:    4340504 bytes,    7042224 total
- age   3:    2482440 bytes,    9524664 total
: 102159K->14895K(109248K), 0,0123733 secs] 102159K->14895K(502464K), 0,0124547 secs] [Times: user=0,03 sys=0,01, real=0,01 secs] 
Heap after GC invocations=3 (full 0):
 par new generation   total 109248K, used 14895K [0x00000000e0000000, 0x00000000e8000000, 0x00000000e8000000)
  eden space 87424K,   0% used [0x00000000e0000000, 0x00000000e0000000, 0x00000000e5560000)
  from space 21824K,  68% used [0x00000000e6ab0000, 0x00000000e793bf60, 0x00000000e8000000)
  to   space 21824K,   0% used [0x00000000e5560000, 0x00000000e5560000, 0x00000000e6ab0000)
 concurrent mark-sweep generation total 393216K, used 0K [0x00000000e8000000, 0x0000000100000000, 0x0000000100000000)
 Metaspace       used 20626K, capacity 20926K, committed 20992K, reserved 1067008K
  class space    used 2407K, capacity 2519K, committed 2560K, reserved 1048576K
}
2015-12-09T10:09:39.415-0500: 5,943: Total time for which application threads were stopped: 0,0126407 seconds, Stopping threads took: 0,0000494 seconds
2015-12-09T10:09:39.428-0500: 5,956: Total time for which application threads were stopped: 0,0047506 seconds, Stopping threads took: 0,0046275 seconds
2015-12-09T10:09:39.428-0500: 5,956: Total time for which application threads were stopped: 0,0000817 seconds, Stopping threads took: 0,0000408 seconds
2015-12-09T10:09:39.428-0500: 5,956: Total time for which application threads were stopped: 0,0000677 seconds, Stopping threads took: 0,0000335 seconds
2015-12-09T10:09:39.428-0500: 5,956: Total time for which application threads were stopped: 0,0000421 seconds, Stopping threads took: 0,0000154 seconds
2015-12-09T10:09:39.439-0500: 5,967: Total time for which application threads were stopped: 0,0001563 seconds, Stopping threads took: 0,0000674 seconds
2015-12-09T10:09:39.442-0500: 5,971: Total time for which application threads were stopped: 0,0001200 seconds, Stopping threads took: 0,0000336 seconds
2015-12-09T10:09:39.443-0500: 5,971: Total time for which application threads were stopped: 0,0001011 seconds, Stopping threads took: 0,0000500 seconds
2015-12-09T10:09:39.447-0500: 5,975: Total time for which application threads were stopped: 0,0000779 seconds, Stopping threads took: 0,0000508 seconds
2015-12-09T10:09:39.455-0500: 5,983: Total time for which application threads were stopped: 0,0001535 seconds, Stopping threads took: 0,0000810 seconds
2015-12-09T10:09:39.456-0500: 5,984: Total time for which application threads were stopped: 0,0001183 seconds, Stopping threads took: 0,0000613 seconds
2015-12-09T10:09:39.461-0500: 5,989: Total time for which application threads were stopped: 0,0003915 seconds, Stopping threads took: 0,0001312 seconds
2015-12-09T10:09:39.462-0500: 5,990: Total time for which application threads were stopped: 0,0002573 seconds, Stopping threads took: 0,0001872 seconds
2015-12-09T10:09:39.462-0500: 5,990: Total time for which application threads were stopped: 0,0001025 seconds, Stopping threads took: 0,0000407 seconds
2015-12-09T10:09:39.465-0500: 5,993: Total time for which application threads were stopped: 0,0035167 seconds, Stopping threads took: 0,0034466 seconds
2015-12-09T10:09:39.473-0500: 6,001: Total time for which application threads were stopped: 0,0001364 seconds, Stopping threads took: 0,0000607 seconds
2015-12-09T10:09:39.478-0500: 6,006: Total time for which application threads were stopped: 0,0001261 seconds, Stopping threads took: 0,0000409 seconds
2015-12-09T10:09:39.488-0500: 6,016: Total time for which application threads were stopped: 0,0036914 seconds, Stopping threads took: 0,0035856 seconds
{Heap before GC invocations=3 (full 0):
 par new generation   total 109248K, used 102319K [0x00000000e0000000, 0x00000000e8000000, 0x00000000e8000000)
  eden space 87424K, 100% used [0x00000000e0000000, 0x00000000e5560000, 0x00000000e5560000)
  from space 21824K,  68% used [0x00000000e6ab0000, 0x00000000e793bf60, 0x00000000e8000000)
  to   space 21824K,   0% used [0x00000000e5560000, 0x00000000e5560000, 0x00000000e6ab0000)
 concurrent mark-sweep generation total 393216K, used 0K [0x00000000e8000000, 0x0000000100000000, 0x0000000100000000)
 Metaspace       used 20926K, capacity 21238K, committed 21296K, reserved 1069056K
  class space    used 2440K, capacity 2555K, committed 2560K, reserved 1048576K
2015-12-09T10:09:39.490-0500: 6,019: [GC (Allocation Failure) 2015-12-09T10:09:39.490-0500: 6,019: [ParNew
Desired survivor size 20112992 bytes, new threshold 8 (max 8)
- age   1:     460680 bytes,     460680 total
- age   2:    1751704 bytes,    2212384 total
- age   3:    4312744 bytes,    6525128 total
- age   4:    2482480 bytes,    9007608 total
: 102319K->10817K(109248K), 0,0061745 secs] 102319K->10817K(502464K), 0,0062222 secs] [Times: user=0,02 sys=0,00, real=0,00 secs] 
Heap after GC invocations=4 (full 0):
 par new generation   total 109248K, used 10817K [0x00000000e0000000, 0x00000000e8000000, 0x00000000e8000000)
  eden space 87424K,   0% used [0x00000000e0000000, 0x00000000e0000000, 0x00000000e5560000)
  from space 21824K,  49% used [0x00000000e5560000, 0x00000000e5ff07b8, 0x00000000e6ab0000)
  to   space 21824K,   0% used [0x00000000e6ab0000, 0x00000000e6ab0000, 0x00000000e8000000)
 concurrent mark-sweep generation total 393216K, used 0K [0x00000000e8000000, 0x0000000100000000, 0x0000000100000000)
 Metaspace       used 20926K, capacity 21238K, committed 21296K, reserved 1069056K
  class space    used 2440K, capacity 2555K, committed 2560K, reserved 1048576K
}
2015-12-09T10:09:39.497-0500: 6,025: Total time for which application threads were stopped: 0,0065095 seconds, Stopping threads took: 0,0001345 seconds
2015-12-09T10:09:39.499-0500: 6,027: Total time for which application threads were stopped: 0,0000880 seconds, Stopping threads took: 0,0000256 seconds
2015-12-09T10:09:39.506-0500: 6,034: Total time for which application threads were stopped: 0,0002545 seconds, Stopping threads took: 0,0000728 seconds
2015-12-09T10:09:39.553-0500: 6,082: Total time for which application threads were stopped: 0,0000818 seconds, Stopping threads took: 0,0000209 seconds
2015-12-09T10:09:39.620-0500: 6,149: Total time for which application threads were stopped: 0,0007548 seconds, Stopping threads took: 0,0006775 seconds
2015-12-09T10:09:39.621-0500: 6,149: Total time for which application threads were stopped: 0,0000451 seconds, Stopping threads took: 0,0000107 seconds
2015-12-09T10:09:39.634-0500: 6,162: Total time for which application threads were stopped: 0,0010904 seconds, Stopping threads took: 0,0010147 seconds
2015-12-09T10:09:39.645-0500: 6,173: Total time for which application threads were stopped: 0,0001785 seconds, Stopping threads took: 0,0001072 seconds
2015-12-09T10:09:39.648-0500: 6,177: Total time for which application threads were stopped: 0,0003737 seconds, Stopping threads took: 0,0003134 seconds
2015-12-09T10:09:39.652-0500: 6,180: Total time for which application threads were stopped: 0,0000968 seconds, Stopping threads took: 0,0000290 seconds
2015-12-09T10:09:39.652-0500: 6,180: Total time for which application threads were stopped: 0,0000912 seconds, Stopping threads took: 0,0000446 seconds
{Heap before GC invocations=4 (full 0):
 par new generation   total 109248K, used 98241K [0x00000000e0000000, 0x00000000e8000000, 0x00000000e8000000)
  eden space 87424K, 100% used [0x00000000e0000000, 0x00000000e5560000, 0x00000000e5560000)
  from space 21824K,  49% used [0x00000000e5560000, 0x00000000e5ff07b8, 0x00000000e6ab0000)
  to   space 21824K,   0% used [0x00000000e6ab0000, 0x00000000e6ab0000, 0x00000000e8000000)
 concurrent mark-sweep generation total 393216K, used 0K [0x00000000e8000000, 0x0000000100000000, 0x0000000100000000)
 Metaspace       used 21588K, capacity 22018K, committed 22216K, reserved 1069056K
  class space    used 2534K, capacity 2685K, committed 2712K, reserved 1048576K
2015-12-09T10:09:39.671-0500: 6,200: [GC (Allocation Failure) 2015-12-09T10:09:39.671-0500: 6,200: [ParNew
Desired survivor size 20112992 bytes, new threshold 8 (max 8)
- age   1:     969680 bytes,     969680 total
- age   2:     120008 bytes,    1089688 total
- age   3:    1751576 bytes,    2841264 total
- age   4:    4311432 bytes,    7152696 total
- age   5:    2482440 bytes,    9635136 total
: 98241K->13648K(109248K), 0,0059093 secs] 98241K->13648K(502464K), 0,0059773 secs] [Times: user=0,02 sys=0,00, real=0,00 secs] 
Heap after GC invocations=5 (full 0):
 par new generation   total 109248K, used 13648K [0x00000000e0000000, 0x00000000e8000000, 0x00000000e8000000)
  eden space 87424K,   0% used [0x00000000e0000000, 0x00000000e0000000, 0x00000000e5560000)
  from space 21824K,  62% used [0x00000000e6ab0000, 0x00000000e7804368, 0x00000000e8000000)
  to   space 21824K,   0% used [0x00000000e5560000, 0x00000000e5560000, 0x00000000e6ab0000)
 concurrent mark-sweep generation total 393216K, used 0K [0x00000000e8000000, 0x0000000100000000, 0x0000000100000000)
 Metaspace       used 21588K, capacity 22018K, committed 22216K, reserved 1069056K
  class space    used 2534K, capacity 2685K, committed 2712K, reserved 1048576K
}
2015-12-09T10:09:39.677-0500: 6,206: Total time for which application threads were stopped: 0,0061445 seconds, Stopping threads took: 0,0000482 seconds
2015-12-09T10:09:39.681-0500: 6,209: [GC (CMS Initial Mark) [1 CMS-initial-mark: 0K(393216K)] 17885K(502464K), 0,0029470 secs] [Times: user=0,01 sys=0,00, real=0,00 secs] 
2015-12-09T10:09:39.684-0500: 6,212: Total time for which application threads were stopped: 0,0030971 seconds, Stopping threads took: 0,0000543 seconds
2015-12-09T10:09:39.684-0500: 6,212: [CMS-concurrent-mark-start]
2015-12-09T10:09:39.684-0500: 6,212: [CMS-concurrent-mark: 0,000/0,000 secs] [Times: user=0,00 sys=0,00, real=0,00 secs] 
2015-12-09T10:09:39.684-0500: 6,212: [CMS-concurrent-preclean-start]
2015-12-09T10:09:39.685-0500: 6,213: [CMS-concurrent-preclean: 0,001/0,001 secs] [Times: user=0,00 sys=0,00, real=0,00 secs] 
2015-12-09T10:09:39.685-0500: 6,213: [CMS-concurrent-abortable-preclean-start]
2015-12-09T10:09:39.731-0500: 6,259: Total time for which application threads were stopped: 0,0001185 seconds, Stopping threads took: 0,0000273 seconds
2015-12-09T10:09:39.738-0500: 6,266: Total time for which application threads were stopped: 0,0001550 seconds, Stopping threads took: 0,0000770 seconds
{Heap before GC invocations=5 (full 1):
 par new generation   total 109248K, used 101072K [0x00000000e0000000, 0x00000000e8000000, 0x00000000e8000000)
  eden space 87424K, 100% used [0x00000000e0000000, 0x00000000e5560000, 0x00000000e5560000)
  from space 21824K,  62% used [0x00000000e6ab0000, 0x00000000e7804368, 0x00000000e8000000)
  to   space 21824K,   0% used [0x00000000e5560000, 0x00000000e5560000, 0x00000000e6ab0000)
 concurrent mark-sweep generation total 393216K, used 0K [0x00000000e8000000, 0x0000000100000000, 0x0000000100000000)
 Metaspace       used 21764K, capacity 22090K, committed 22216K, reserved 1069056K
  class space    used 2559K, capacity 2687K, committed 2712K, reserved 1048576K
2015-12-09T10:09:39.762-0500: 6,290: [GC (Allocation Failure) 2015-12-09T10:09:39.762-0500: 6,290: [ParNew
Desired survivor size 20112992 bytes, new threshold 8 (max 8)
- age   1:     939320 bytes,     939320 total
- age   2:     142640 bytes,    1081960 total
- age   3:     120008 bytes,    1201968 total
- age   4:    1751512 bytes,    2953480 total
- age   5:    4308232 bytes,    7261712 total
- age   6:    2482440 bytes,    9744152 total
: 101072K->12326K(109248K), 0,0063729 secs] 101072K->12326K(502464K), 0,0064438 secs] [Times: user=0,02 sys=0,00, real=0,00 secs] 
Heap after GC invocations=6 (full 1):
 par new generation   total 109248K, used 12326K [0x00000000e0000000, 0x00000000e8000000, 0x00000000e8000000)
  eden space 87424K,   0% used [0x00000000e0000000, 0x00000000e0000000, 0x00000000e5560000)
  from space 21824K,  56% used [0x00000000e5560000, 0x00000000e61698d0, 0x00000000e6ab0000)
  to   space 21824K,   0% used [0x00000000e6ab0000, 0x00000000e6ab0000, 0x00000000e8000000)
 concurrent mark-sweep generation total 393216K, used 0K [0x00000000e8000000, 0x0000000100000000, 0x0000000100000000)
 Metaspace       used 21764K, capacity 22090K, committed 22216K, reserved 1069056K
  class space    used 2559K, capacity 2687K, committed 2712K, reserved 1048576K
}
2015-12-09T10:09:39.769-0500: 6,297: Total time for which application threads were stopped: 0,0100356 seconds, Stopping threads took: 0,0034466 seconds
2015-12-09T10:09:39.796-0500: 6,325: Total time for which application threads were stopped: 0,0001076 seconds, Stopping threads took: 0,0000294 seconds
2015-12-09T10:09:39.797-0500: 6,325: [CMS-concurrent-abortable-preclean: 0,069/0,112 secs] [Times: user=0,29 sys=0,01, real=0,11 secs] 
2015-12-09T10:09:39.797-0500: 6,325: [GC (CMS Final Remark) [YG occupancy: 21770 K (109248 K)]{Heap before GC invocations=6 (full 1):
 par new generation   total 109248K, used 21770K [0x00000000e0000000, 0x00000000e8000000, 0x00000000e8000000)
  eden space 87424K,  10% used [0x00000000e0000000, 0x00000000e0939258, 0x00000000e5560000)
  from space 21824K,  56% used [0x00000000e5560000, 0x00000000e61698d0, 0x00000000e6ab0000)
  to   space 21824K,   0% used [0x00000000e6ab0000, 0x00000000e6ab0000, 0x00000000e8000000)
 concurrent mark-sweep generation total 393216K, used 0K [0x00000000e8000000, 0x0000000100000000, 0x0000000100000000)
 Metaspace       used 21847K, capacity 22250K, committed 22548K, reserved 1069056K
  class space    used 2565K, capacity 2719K, committed 2788K, reserved 1048576K
2015-12-09T10:09:39.797-0500: 6,325: [GC (CMS Final Remark) 2015-12-09T10:09:39.797-0500: 6,325: [ParNew
Desired survivor size 20112992 bytes, new threshold 8 (max 8)
- age   1:     103776 bytes,     103776 total
- age   2:      99352 bytes,     203128 total
- age   3:     142328 bytes,     345456 total
- age   4:     120008 bytes,     465464 total
- age   5:    1751528 bytes,    2216992 total
- age   6:    4308200 bytes,    6525192 total
- age   7:    2482488 bytes,    9007680 total
: 21770K->12344K(109248K), 0,0062494 secs] 21770K->12344K(502464K), 0,0062879 secs] [Times: user=0,02 sys=0,00, real=0,01 secs] 
Heap after GC invocations=7 (full 1):
 par new generation   total 109248K, used 12344K [0x00000000e0000000, 0x00000000e8000000, 0x00000000e8000000)
  eden space 87424K,   0% used [0x00000000e0000000, 0x00000000e0000000, 0x00000000e5560000)
  from space 21824K,  56% used [0x00000000e6ab0000, 0x00000000e76be3b0, 0x00000000e8000000)
  to   space 21824K,   0% used [0x00000000e5560000, 0x00000000e5560000, 0x00000000e6ab0000)
 concurrent mark-sweep generation total 393216K, used 0K [0x00000000e8000000, 0x0000000100000000, 0x0000000100000000)
 Metaspace       used 21847K, capacity 22250K, committed 22548K, reserved 1069056K
  class space    used 2565K, capacity 2719K, committed 2788K, reserved 1048576K
}
2015-12-09T10:09:39.803-0500: 6,331: [Rescan (parallel) , 0,0027828 secs]2015-12-09T10:09:39.806-0500: 6,334: [weak refs processing, 0,0010176 secs]2015-12-09T10:09:39.807-0500: 6,335: [class unloading, 0,0028138 secs]2015-12-09T10:09:39.810-0500: 6,338: [scrub symbol table, 0,0015637 secs]2015-12-09T10:09:39.811-0500: 6,339: [scrub string table, 0,0003241 secs][1 CMS-remark: 0K(393216K)] 12344K(502464K), 0,0156403 secs] [Times: user=0,04 sys=0,00, real=0,02 secs] 
2015-12-09T10:09:39.812-0500: 6,340: Total time for which application threads were stopped: 0,0157933 seconds, Stopping threads took: 0,0000953 seconds
2015-12-09T10:09:39.813-0500: 6,341: [CMS-concurrent-sweep-start]
2015-12-09T10:09:39.813-0500: 6,341: [CMS-concurrent-sweep: 0,000/0,000 secs] [Times: user=0,01 sys=0,00, real=0,00 secs] 
2015-12-09T10:09:39.813-0500: 6,341: [CMS-concurrent-reset-start]
2015-12-09T10:09:39.817-0500: 6,345: [CMS-concurrent-reset: 0,004/0,004 secs] [Times: user=0,00 sys=0,00, real=0,00 secs] 
2015-12-09T10:09:39.978-0500: 6,506: Total time for which application threads were stopped: 0,0003901 seconds, Stopping threads took: 0,0000289 seconds
2015-12-09T10:09:39.983-0500: 6,511: Total time for which application threads were stopped: 0,0000661 seconds, Stopping threads took: 0,0000198 seconds
2015-12-09T10:09:40.002-0500: 6,531: Total time for which application threads were stopped: 0,0001064 seconds, Stopping threads took: 0,0000212 seconds
2015-12-09T10:09:40.193-0500: 6,721: Total time for which application threads were stopped: 0,0001287 seconds, Stopping threads took: 0,0000331 seconds
2015-12-09T10:09:40.194-0500: 6,722: Total time for which application threads were stopped: 0,0000755 seconds, Stopping threads took: 0,0000194 seconds
2015-12-09T10:09:40.240-0500: 6,768: Total time for which application threads were stopped: 0,0001329 seconds, Stopping threads took: 0,0000435 seconds
2015-12-09T10:09:40.258-0500: 6,787: Total time for which application threads were stopped: 0,0052046 seconds, Stopping threads took: 0,0051391 seconds
2015-12-09T10:09:40.268-0500: 6,796: Total time for which application threads were stopped: 0,0000929 seconds, Stopping threads took: 0,0000215 seconds
2015-12-09T10:09:40.290-0500: 6,818: Total time for which application threads were stopped: 0,0000581 seconds, Stopping threads took: 0,0000157 seconds
2015-12-09T10:09:40.291-0500: 6,819: Total time for which application threads were stopped: 0,0002496 seconds, Stopping threads took: 0,0000195 seconds
2015-12-09T10:09:40.292-0500: 6,820: Total time for which application threads were stopped: 0,0000501 seconds, Stopping threads took: 0,0000184 seconds
2015-12-09T10:09:40.292-0500: 6,820: Total time for which application threads were stopped: 0,0000704 seconds, Stopping threads took: 0,0000400 seconds
2015-12-09T10:09:40.292-0500: 6,821: Total time for which application threads were stopped: 0,0000611 seconds, Stopping threads took: 0,0000375 seconds
2015-12-09T10:09:40.294-0500: 6,822: Total time for which application threads were stopped: 0,0000510 seconds, Stopping threads took: 0,0000168 seconds
2015-12-09T10:09:40.297-0500: 6,825: Total time for which application threads were stopped: 0,0000803 seconds, Stopping threads took: 0,0000268 seconds
2015-12-09T10:09:40.297-0500: 6,826: Total time for which application threads were stopped: 0,0000546 seconds, Stopping threads took: 0,0000230 seconds
2015-12-09T10:09:40.298-0500: 6,826: Total time for which application threads were stopped: 0,0000550 seconds, Stopping threads took: 0,0000159 seconds
2015-12-09T10:09:40.298-0500: 6,827: Total time for which application threads were stopped: 0,0000676 seconds, Stopping threads took: 0,0000230 seconds
2015-12-09T10:09:40.299-0500: 6,827: Total time for which application threads were stopped: 0,0000360 seconds, Stopping threads took: 0,0000083 seconds
2015-12-09T10:09:40.299-0500: 6,827: Total time for which application threads were stopped: 0,0000585 seconds, Stopping threads took: 0,0000213 seconds
2015-12-09T10:09:40.303-0500: 6,831: Total time for which application threads were stopped: 0,0002397 seconds, Stopping threads took: 0,0000234 seconds
2015-12-09T10:09:40.338-0500: 6,866: Total time for which application threads were stopped: 0,0001576 seconds, Stopping threads took: 0,0000814 seconds
2015-12-09T10:09:40.384-0500: 6,912: Total time for which application threads were stopped: 0,0000840 seconds, Stopping threads took: 0,0000395 seconds
2015-12-09T10:09:40.404-0500: 6,932: Total time for which application threads were stopped: 0,0001507 seconds, Stopping threads took: 0,0000172 seconds
2015-12-09T10:09:40.499-0500: 7,027: Total time for which application threads were stopped: 0,0001066 seconds, Stopping threads took: 0,0000253 seconds
2015-12-09T10:09:40.510-0500: 7,038: Total time for which application threads were stopped: 0,0000665 seconds, Stopping threads took: 0,0000114 seconds
2015-12-09T10:09:40.527-0500: 7,056: Total time for which application threads were stopped: 0,0000643 seconds, Stopping threads took: 0,0000175 seconds
2015-12-09T10:09:40.528-0500: 7,056: Total time for which application threads were stopped: 0,0001754 seconds, Stopping threads took: 0,0001082 seconds
2015-12-09T10:09:40.683-0500: 7,211: Total time for which application threads were stopped: 0,0001308 seconds, Stopping threads took: 0,0000465 seconds
2015-12-09T10:09:40.722-0500: 7,250: Total time for which application threads were stopped: 0,0000961 seconds, Stopping threads took: 0,0000299 seconds
2015-12-09T10:09:40.767-0500: 7,295: Total time for which application threads were stopped: 0,0001322 seconds, Stopping threads took: 0,0000415 seconds
2015-12-09T10:09:40.843-0500: 7,371: Total time for which application threads were stopped: 0,0003838 seconds, Stopping threads took: 0,0001179 seconds
2015-12-09T10:09:40.857-0500: 7,385: Total time for which application threads were stopped: 0,0001498 seconds, Stopping threads took: 0,0000661 seconds
2015-12-09T10:09:40.857-0500: 7,385: Total time for which application threads were stopped: 0,0001376 seconds, Stopping threads took: 0,0000852 seconds
2015-12-09T10:09:40.879-0500: 7,407: Total time for which application threads were stopped: 0,0029834 seconds, Stopping threads took: 0,0028656 seconds
2015-12-09T10:09:40.879-0500: 7,407: Total time for which application threads were stopped: 0,0001115 seconds, Stopping threads took: 0,0000283 seconds
2015-12-09T10:09:40.887-0500: 7,415: Total time for which application threads were stopped: 0,0001656 seconds, Stopping threads took: 0,0000983 seconds
2015-12-09T10:09:40.940-0500: 7,468: Total time for which application threads were stopped: 0,0061610 seconds, Stopping threads took: 0,0060845 seconds
2015-12-09T10:09:40.942-0500: 7,470: Total time for which application threads were stopped: 0,0001060 seconds, Stopping threads took: 0,0000318 seconds
2015-12-09T10:09:40.952-0500: 7,480: Total time for which application threads were stopped: 0,0018178 seconds, Stopping threads took: 0,0017183 seconds
2015-12-09T10:09:40.957-0500: 7,485: Total time for which application threads were stopped: 0,0037599 seconds, Stopping threads took: 0,0036652 seconds
2015-12-09T10:09:40.958-0500: 7,486: Total time for which application threads were stopped: 0,0000831 seconds, Stopping threads took: 0,0000192 seconds
2015-12-09T10:09:40.958-0500: 7,486: Total time for which application threads were stopped: 0,0000650 seconds, Stopping threads took: 0,0000163 seconds
{Heap before GC invocations=7 (full 1):
 par new generation   total 109248K, used 99768K [0x00000000e0000000, 0x00000000e8000000, 0x00000000e8000000)
  eden space 87424K, 100% used [0x00000000e0000000, 0x00000000e5560000, 0x00000000e5560000)
  from space 21824K,  56% used [0x00000000e6ab0000, 0x00000000e76be3b0, 0x00000000e8000000)
  to   space 21824K,   0% used [0x00000000e5560000, 0x00000000e5560000, 0x00000000e6ab0000)
 concurrent mark-sweep generation total 393216K, used 0K [0x00000000e8000000, 0x0000000100000000, 0x0000000100000000)
 Metaspace       used 25762K, capacity 26238K, committed 26596K, reserved 1073152K
  class space    used 3032K, capacity 3173K, committed 3300K, reserved 1048576K
2015-12-09T10:09:41.182-0500: 7,710: [GC (Allocation Failure) 2015-12-09T10:09:41.182-0500: 7,710: [ParNew
Desired survivor size 20112992 bytes, new threshold 8 (max 8)
- age   1:    9365552 bytes,    9365552 total
- age   2:      33568 bytes,    9399120 total
- age   3:      98304 bytes,    9497424 total
- age   4:     139144 bytes,    9636568 total
- age   5:     111160 bytes,    9747728 total
- age   6:     299664 bytes,   10047392 total
- age   7:    4296648 bytes,   14344040 total
- age   8:    2482016 bytes,   16826056 total
: 99768K->18388K(109248K), 0,0264794 secs] 99768K->18388K(502464K), 0,0265546 secs] [Times: user=0,07 sys=0,01, real=0,02 secs] 
Heap after GC invocations=8 (full 1):
 par new generation   total 109248K, used 18388K [0x00000000e0000000, 0x00000000e8000000, 0x00000000e8000000)
  eden space 87424K,   0% used [0x00000000e0000000, 0x00000000e0000000, 0x00000000e5560000)
  from space 21824K,  84% used [0x00000000e5560000, 0x00000000e6755290, 0x00000000e6ab0000)
  to   space 21824K,   0% used [0x00000000e6ab0000, 0x00000000e6ab0000, 0x00000000e8000000)
 concurrent mark-sweep generation total 393216K, used 0K [0x00000000e8000000, 0x0000000100000000, 0x0000000100000000)
 Metaspace       used 25762K, capacity 26238K, committed 26596K, reserved 1073152K
  class space    used 3032K, capacity 3173K, committed 3300K, reserved 1048576K
}
2015-12-09T10:09:41.208-0500: 7,736: Total time for which application threads were stopped: 0,0268388 seconds, Stopping threads took: 0,0001316 seconds
2015-12-09T10:09:41.211-0500: 7,739: Total time for which application threads were stopped: 0,0004328 seconds, Stopping threads took: 0,0003765 seconds
2015-12-09T10:09:41.220-0500: 7,748: Total time for which application threads were stopped: 0,0001084 seconds, Stopping threads took: 0,0000288 seconds
2015-12-09T10:09:41.291-0500: 7,819: Total time for which application threads were stopped: 0,0003982 seconds, Stopping threads took: 0,0000371 seconds
2015-12-09T10:09:41.323-0500: 7,851: Total time for which application threads were stopped: 0,0012682 seconds, Stopping threads took: 0,0009482 seconds
2015-12-09T10:09:41.581-0500: 8,110: Total time for which application threads were stopped: 0,0001216 seconds, Stopping threads took: 0,0000354 seconds
2015-12-09T10:09:41.582-0500: 8,110: Total time for which application threads were stopped: 0,0000920 seconds, Stopping threads took: 0,0000532 seconds
2015-12-09T10:09:41.582-0500: 8,110: Total time for which application threads were stopped: 0,0000537 seconds, Stopping threads took: 0,0000168 seconds
2015-12-09T10:09:41.583-0500: 8,111: Total time for which application threads were stopped: 0,0001821 seconds, Stopping threads took: 0,0001401 seconds
2015-12-09T10:09:41.583-0500: 8,111: Total time for which application threads were stopped: 0,0000471 seconds, Stopping threads took: 0,0000240 seconds
2015-12-09T10:09:41.598-0500: 8,127: Total time for which application threads were stopped: 0,0000820 seconds, Stopping threads took: 0,0000344 seconds
2015-12-09T10:09:41.621-0500: 8,149: Total time for which application threads were stopped: 0,0001046 seconds, Stopping threads took: 0,0000306 seconds
2015-12-09T10:09:41.638-0500: 8,166: Total time for which application threads were stopped: 0,0001780 seconds, Stopping threads took: 0,0000893 seconds
2015-12-09T10:09:41.641-0500: 8,170: Total time for which application threads were stopped: 0,0001584 seconds, Stopping threads took: 0,0000476 seconds
2015-12-09T10:09:41.668-0500: 8,196: Total time for which application threads were stopped: 0,0214282 seconds, Stopping threads took: 0,0213600 seconds
2015-12-09T10:09:41.677-0500: 8,205: Total time for which application threads were stopped: 0,0001793 seconds, Stopping threads took: 0,0001107 seconds
2015-12-09T10:09:42.677-0500: 9,205: Total time for which application threads were stopped: 0,0001556 seconds, Stopping threads took: 0,0000422 seconds
2015-12-09T10:10:50.684-0500: 77,212: Total time for which application threads were stopped: 0,0001749 seconds, Stopping threads took: 0,0000736 seconds
2015-12-09T10:11:00.685-0500: 87,213: Total time for which application threads were stopped: 0,0000752 seconds, Stopping threads took: 0,0000281 seconds
2015-12-09T10:11:20.686-0500: 107,215: Total time for which application threads were stopped: 0,0000842 seconds, Stopping threads took: 0,0000265 seconds
2015-12-09T10:12:35.693-0500: 182,221: Total time for which application threads were stopped: 0,0001091 seconds, Stopping threads took: 0,0000422 seconds
2015-12-09T10:14:10.701-0500: 277,229: Total time for which application threads were stopped: 0,0001955 seconds, Stopping threads took: 0,0000733 seconds
2015-12-09T10:36:06.825-0500: 1593,353: Total time for which application threads were stopped: 0,0376453 seconds, Stopping threads took: 0,0000650 seconds
2015-12-09T10:37:15.871-0500: 1662,399: Total time for which application threads were stopped: 0,0001098 seconds, Stopping threads took: 0,0000415 seconds
2015-12-09T10:39:40.885-0500: 1807,413: Total time for which application threads were stopped: 0,0000809 seconds, Stopping threads took: 0,0000319 seconds
2015-12-09T11:06:36.042-0500: 3422,570: Total time for which application threads were stopped: 0,0001855 seconds, Stopping threads took: 0,0000674 seconds
2015-12-09T11:08:06.051-0500: 3512,579: Total time for which application threads were stopped: 0,0002961 seconds, Stopping threads took: 0,0001209 seconds
2015-12-09T11:09:05.057-0500: 3571,585: Total time for which application threads were stopped: 0,0000983 seconds, Stopping threads took: 0,0000375 seconds
2015-12-09T11:12:10.075-0500: 3756,603: Total time for which application threads were stopped: 0,0001877 seconds, Stopping threads took: 0,0001027 seconds
2015-12-09T12:12:36.424-0500: 7382,952: Total time for which application threads were stopped: 0,0001086 seconds, Stopping threads took: 0,0000469 seconds
2015-12-09T12:13:06.427-0500: 7412,955: Total time for which application threads were stopped: 0,0000788 seconds, Stopping threads took: 0,0000301 seconds
2015-12-09T12:17:36.452-0500: 7682,981: Total time for which application threads were stopped: 0,0000738 seconds, Stopping threads took: 0,0000275 seconds
2015-12-09T13:22:06.830-0500: 11553,358: Total time for which application threads were stopped: 0,0001860 seconds, Stopping threads took: 0,0000655 seconds
2015-12-09T15:07:34.451-0500: 17880,979: Total time for which application threads were stopped: 0,0486339 seconds, Stopping threads took: 0,0485762 seconds
2015-12-09T15:07:35.363-0500: 17881,892: Total time for which application threads were stopped: 0,1381654 seconds, Stopping threads took: 0,0000364 seconds
2015-12-09T15:07:35.771-0500: 17882,300: Total time for which application threads were stopped: 0,0015633 seconds, Stopping threads took: 0,0013657 seconds
2015-12-09T15:07:36.772-0500: 17883,300: Total time for which application threads were stopped: 0,0001153 seconds, Stopping threads took: 0,0000236 seconds
2015-12-09T15:07:36.920-0500: 17883,448: Total time for which application threads were stopped: 0,0090272 seconds, Stopping threads took: 0,0088973 seconds
2015-12-09T15:07:38.311-0500: 17884,839: Total time for which application threads were stopped: 0,0024784 seconds, Stopping threads took: 0,0024069 seconds
2015-12-09T15:07:39.362-0500: 17885,890: Total time for which application threads were stopped: 0,0502157 seconds, Stopping threads took: 0,0501309 seconds
2015-12-09T15:07:40.106-0500: 17886,634: Total time for which application threads were stopped: 0,0003159 seconds, Stopping threads took: 0,0000272 seconds
2015-12-09T15:07:40.106-0500: 17886,634: Total time for which application threads were stopped: 0,0001121 seconds, Stopping threads took: 0,0000163 seconds
2015-12-09T15:07:40.139-0500: 17886,667: Total time for which application threads were stopped: 0,0000778 seconds, Stopping threads took: 0,0000178 seconds
2015-12-09T15:07:40.139-0500: 17886,667: Total time for which application threads were stopped: 0,0000489 seconds, Stopping threads took: 0,0000180 seconds
2015-12-09T15:07:40.773-0500: 17887,301: Total time for which application threads were stopped: 0,2942181 seconds, Stopping threads took: 0,2941371 seconds
2015-12-09T15:07:40.774-0500: 17887,302: Total time for which application threads were stopped: 0,0001781 seconds, Stopping threads took: 0,0001199 seconds
2015-12-09T15:07:41.357-0500: 17887,886: Total time for which application threads were stopped: 0,1134735 seconds, Stopping threads took: 0,1133487 seconds
2015-12-09T15:07:41.389-0500: 17887,917: Total time for which application threads were stopped: 0,0294654 seconds, Stopping threads took: 0,0293757 seconds
2015-12-09T15:07:41.405-0500: 17887,933: Total time for which application threads were stopped: 0,0153787 seconds, Stopping threads took: 0,0153020 seconds
2015-12-09T15:07:41.569-0500: 17888,097: Total time for which application threads were stopped: 0,0844734 seconds, Stopping threads took: 0,0844008 seconds
2015-12-09T15:07:41.579-0500: 17888,107: Total time for which application threads were stopped: 0,0089068 seconds, Stopping threads took: 0,0088142 seconds
2015-12-09T15:07:42.579-0500: 17889,107: Total time for which application threads were stopped: 0,0000934 seconds, Stopping threads took: 0,0000234 seconds
2015-12-09T15:08:25.583-0500: 17932,111: Total time for which application threads were stopped: 0,0001130 seconds, Stopping threads took: 0,0000408 seconds
2015-12-09T15:08:32.842-0500: 17939,370: Total time for which application threads were stopped: 0,0001080 seconds, Stopping threads took: 0,0000266 seconds
2015-12-09T15:08:40.792-0500: 17947,320: Total time for which application threads were stopped: 0,0001050 seconds, Stopping threads took: 0,0000234 seconds
2015-12-09T15:16:09.925-0500: 18396,453: Total time for which application threads were stopped: 0,0000985 seconds, Stopping threads took: 0,0000358 seconds
2015-12-09T15:16:10.061-0500: 18396,589: Total time for which application threads were stopped: 0,0325123 seconds, Stopping threads took: 0,0324444 seconds
2015-12-09T15:16:10.062-0500: 18396,590: Total time for which application threads were stopped: 0,0001640 seconds, Stopping threads took: 0,0001148 seconds
2015-12-09T15:16:10.062-0500: 18396,590: Total time for which application threads were stopped: 0,0001219 seconds, Stopping threads took: 0,0000740 seconds
2015-12-09T15:16:10.062-0500: 18396,590: Total time for which application threads were stopped: 0,0001224 seconds, Stopping threads took: 0,0000771 seconds
2015-12-09T15:16:10.066-0500: 18396,594: Total time for which application threads were stopped: 0,0037956 seconds, Stopping threads took: 0,0037662 seconds
2015-12-09T15:16:10.099-0500: 18396,627: Total time for which application threads were stopped: 0,0000806 seconds, Stopping threads took: 0,0000193 seconds
2015-12-09T15:16:10.102-0500: 18396,630: Total time for which application threads were stopped: 0,0000974 seconds, Stopping threads took: 0,0000359 seconds
2015-12-09T15:16:10.109-0500: 18396,637: Total time for which application threads were stopped: 0,0000997 seconds, Stopping threads took: 0,0000315 seconds
2015-12-09T15:16:10.369-0500: 18396,897: Total time for which application threads were stopped: 0,0255306 seconds, Stopping threads took: 0,0242766 seconds
2015-12-09T15:16:10.369-0500: 18396,897: Total time for which application threads were stopped: 0,0001205 seconds, Stopping threads took: 0,0000870 seconds
2015-12-09T15:16:10.369-0500: 18396,897: Total time for which application threads were stopped: 0,0000713 seconds, Stopping threads took: 0,0000275 seconds
2015-12-09T15:16:10.410-0500: 18396,939: Total time for which application threads were stopped: 0,0117779 seconds, Stopping threads took: 0,0113846 seconds
2015-12-09T15:16:10.445-0500: 18396,973: Total time for which application threads were stopped: 0,0313871 seconds, Stopping threads took: 0,0312991 seconds
2015-12-09T15:16:10.445-0500: 18396,973: Total time for which application threads were stopped: 0,0000603 seconds, Stopping threads took: 0,0000223 seconds
2015-12-09T15:16:10.446-0500: 18396,974: Total time for which application threads were stopped: 0,0000750 seconds, Stopping threads took: 0,0000235 seconds
2015-12-09T15:16:10.446-0500: 18396,974: Total time for which application threads were stopped: 0,0000576 seconds, Stopping threads took: 0,0000183 seconds
2015-12-09T15:16:10.446-0500: 18396,974: Total time for which application threads were stopped: 0,0000376 seconds, Stopping threads took: 0,0000076 seconds
2015-12-09T15:16:11.446-0500: 18397,975: Total time for which application threads were stopped: 0,0000814 seconds, Stopping threads took: 0,0000207 seconds
2015-12-09T15:16:12.618-0500: 18399,146: Total time for which application threads were stopped: 0,0000799 seconds, Stopping threads took: 0,0000214 seconds
2015-12-09T15:16:12.774-0500: 18399,302: Total time for which application threads were stopped: 0,0001980 seconds, Stopping threads took: 0,0000485 seconds
2015-12-09T15:16:12.931-0500: 18399,459: Total time for which application threads were stopped: 0,0138331 seconds, Stopping threads took: 0,0137457 seconds
2015-12-09T15:16:12.971-0500: 18399,499: Total time for which application threads were stopped: 0,0364992 seconds, Stopping threads took: 0,0363893 seconds
2015-12-09T15:16:12.997-0500: 18399,525: Total time for which application threads were stopped: 0,0263600 seconds, Stopping threads took: 0,0262521 seconds
2015-12-09T15:16:12.998-0500: 18399,526: Total time for which application threads were stopped: 0,0001985 seconds, Stopping threads took: 0,0001450 seconds
2015-12-09T15:16:13.032-0500: 18399,560: Total time for which application threads were stopped: 0,0118497 seconds, Stopping threads took: 0,0117837 seconds
2015-12-09T15:16:13.033-0500: 18399,561: Total time for which application threads were stopped: 0,0011530 seconds, Stopping threads took: 0,0011140 seconds
2015-12-09T15:16:13.166-0500: 18399,694: Total time for which application threads were stopped: 0,0002934 seconds, Stopping threads took: 0,0002429 seconds
2015-12-09T15:16:14.166-0500: 18400,694: Total time for which application threads were stopped: 0,0000840 seconds, Stopping threads took: 0,0000183 seconds
2015-12-09T15:16:16.187-0500: 18402,716: Total time for which application threads were stopped: 0,0214115 seconds, Stopping threads took: 0,0213494 seconds
2015-12-09T15:16:17.188-0500: 18403,716: Total time for which application threads were stopped: 0,0001626 seconds, Stopping threads took: 0,0000392 seconds
2015-12-09T15:17:03.192-0500: 18449,721: Total time for which application threads were stopped: 0,0001099 seconds, Stopping threads took: 0,0000389 seconds
2015-12-09T15:17:07.193-0500: 18453,721: Total time for which application threads were stopped: 0,0001640 seconds, Stopping threads took: 0,0000375 seconds
2015-12-09T15:17:12.998-0500: 18459,526: Total time for which application threads were stopped: 0,0002079 seconds, Stopping threads took: 0,0000640 seconds
2015-12-09T15:17:13.034-0500: 18459,562: Total time for which application threads were stopped: 0,0001200 seconds, Stopping threads took: 0,0000259 seconds
2015-12-09T15:28:18.040-0500: 19124,568: Total time for which application threads were stopped: 0,0001315 seconds, Stopping threads took: 0,0000371 seconds
2015-12-09T15:28:18.097-0500: 19124,625: Total time for which application threads were stopped: 0,0001334 seconds, Stopping threads took: 0,0000537 seconds
2015-12-09T15:28:19.097-0500: 19125,625: Total time for which application threads were stopped: 0,0000700 seconds, Stopping threads took: 0,0000158 seconds
2015-12-09T15:28:20.819-0500: 19127,347: Total time for which application threads were stopped: 0,0000706 seconds, Stopping threads took: 0,0000154 seconds
2015-12-09T15:28:21.819-0500: 19128,347: Total time for which application threads were stopped: 0,0001683 seconds, Stopping threads took: 0,0000380 seconds
2015-12-09T15:28:23.819-0500: 19130,348: Total time for which application threads were stopped: 0,0001483 seconds, Stopping threads took: 0,0000296 seconds
2015-12-09T15:28:33.475-0500: 19140,003: Total time for which application threads were stopped: 0,0001556 seconds, Stopping threads took: 0,0000859 seconds
2015-12-09T15:28:34.475-0500: 19141,003: Total time for which application threads were stopped: 0,0001007 seconds, Stopping threads took: 0,0000251 seconds
2015-12-09T15:28:47.554-0500: 19154,082: Total time for which application threads were stopped: 0,0000806 seconds, Stopping threads took: 0,0000289 seconds
2015-12-09T15:28:48.554-0500: 19155,082: Total time for which application threads were stopped: 0,0001114 seconds, Stopping threads took: 0,0000209 seconds
2015-12-09T15:28:51.555-0500: 19158,083: Total time for which application threads were stopped: 0,0000885 seconds, Stopping threads took: 0,0000228 seconds
2015-12-09T15:28:53.719-0500: 19160,256: Total time for which application threads were stopped: 0,0090542 seconds, Stopping threads took: 0,0000281 seconds
2015-12-09T15:28:54.728-0500: 19161,256: Total time for which application threads were stopped: 0,0000987 seconds, Stopping threads took: 0,0000234 seconds
2015-12-09T15:28:58.729-0500: 19165,257: Total time for which application threads were stopped: 0,0001066 seconds, Stopping threads took: 0,0000249 seconds
2015-12-09T15:28:59.729-0500: 19166,257: Total time for which application threads were stopped: 0,0001674 seconds, Stopping threads took: 0,0000396 seconds
2015-12-09T15:29:02.532-0500: 19169,060: Total time for which application threads were stopped: 0,0000808 seconds, Stopping threads took: 0,0000271 seconds
2015-12-09T15:29:02.532-0500: 19169,060: Total time for which application threads were stopped: 0,0000483 seconds, Stopping threads took: 0,0000206 seconds
2015-12-09T15:29:03.532-0500: 19170,060: Total time for which application threads were stopped: 0,0000706 seconds, Stopping threads took: 0,0000179 seconds
2015-12-09T15:29:13.533-0500: 19180,061: Total time for which application threads were stopped: 0,0001594 seconds, Stopping threads took: 0,0000384 seconds
2015-12-09T15:30:13.664-0500: 19240,192: Total time for which application threads were stopped: 0,0001610 seconds, Stopping threads took: 0,0000295 seconds
2015-12-09T15:30:14.664-0500: 19241,192: Total time for which application threads were stopped: 0,0001603 seconds, Stopping threads took: 0,0000392 seconds
2015-12-09T15:30:26.568-0500: 19253,096: Total time for which application threads were stopped: 0,0002002 seconds, Stopping threads took: 0,0001055 seconds
2015-12-09T15:30:27.568-0500: 19254,096: Total time for which application threads were stopped: 0,0001643 seconds, Stopping threads took: 0,0000389 seconds
2015-12-09T15:30:34.569-0500: 19261,097: Total time for which application threads were stopped: 0,0001299 seconds, Stopping threads took: 0,0000454 seconds
2015-12-09T15:30:39.569-0500: 19266,098: Total time for which application threads were stopped: 0,0000746 seconds, Stopping threads took: 0,0000182 seconds
2015-12-09T15:30:54.583-0500: 19281,112: Total time for which application threads were stopped: 0,0125711 seconds, Stopping threads took: 0,0124841 seconds
2015-12-09T15:31:58.476-0500: 19345,004: Total time for which application threads were stopped: 0,0001075 seconds, Stopping threads took: 0,0000269 seconds
2015-12-09T15:32:29.016-0500: 19375,544: Total time for which application threads were stopped: 0,0001303 seconds, Stopping threads took: 0,0000281 seconds
2015-12-09T15:32:33.016-0500: 19379,544: Total time for which application threads were stopped: 0,0000663 seconds, Stopping threads took: 0,0000163 seconds
2015-12-09T15:32:34.016-0500: 19380,545: Total time for which application threads were stopped: 0,0000708 seconds, Stopping threads took: 0,0000174 seconds
2015-12-09T15:35:04.519-0500: 19531,048: Total time for which application threads were stopped: 0,0000904 seconds, Stopping threads took: 0,0000282 seconds
2015-12-09T15:35:17.143-0500: 19543,671: Total time for which application threads were stopped: 0,0001512 seconds, Stopping threads took: 0,0000302 seconds
2015-12-09T15:35:18.143-0500: 19544,672: Total time for which application threads were stopped: 0,0001626 seconds, Stopping threads took: 0,0000384 seconds
2015-12-09T15:35:40.146-0500: 19566,674: Total time for which application threads were stopped: 0,0000845 seconds, Stopping threads took: 0,0000292 seconds
2015-12-09T15:35:47.147-0500: 19573,675: Total time for which application threads were stopped: 0,0000997 seconds, Stopping threads took: 0,0000238 seconds
2015-12-09T15:36:33.151-0500: 19619,680: Total time for which application threads were stopped: 0,0001861 seconds, Stopping threads took: 0,0000600 seconds
2015-12-09T15:37:08.155-0500: 19654,683: Total time for which application threads were stopped: 0,0000844 seconds, Stopping threads took: 0,0000293 seconds
2015-12-09T15:38:07.656-0500: 19714,184: Total time for which application threads were stopped: 0,0001057 seconds, Stopping threads took: 0,0000299 seconds
2015-12-09T15:38:07.964-0500: 19714,492: Total time for which application threads were stopped: 0,0000907 seconds, Stopping threads took: 0,0000187 seconds
2015-12-09T15:38:08.042-0500: 19714,570: Total time for which application threads were stopped: 0,0000986 seconds, Stopping threads took: 0,0000213 seconds
2015-12-09T15:38:08.042-0500: 19714,570: Total time for which application threads were stopped: 0,0000655 seconds, Stopping threads took: 0,0000128 seconds
2015-12-09T15:38:08.081-0500: 19714,609: Total time for which application threads were stopped: 0,0001133 seconds, Stopping threads took: 0,0000355 seconds
2015-12-09T15:38:08.081-0500: 19714,609: Total time for which application threads were stopped: 0,0000719 seconds, Stopping threads took: 0,0000093 seconds
2015-12-09T15:38:08.322-0500: 19714,850: Total time for which application threads were stopped: 0,0005073 seconds, Stopping threads took: 0,0000310 seconds
2015-12-09T15:38:08.424-0500: 19714,952: Total time for which application threads were stopped: 0,0000771 seconds, Stopping threads took: 0,0000174 seconds
2015-12-09T15:38:08.558-0500: 19715,086: Total time for which application threads were stopped: 0,0001621 seconds, Stopping threads took: 0,0000448 seconds
2015-12-09T15:38:08.630-0500: 19715,158: Total time for which application threads were stopped: 0,0000964 seconds, Stopping threads took: 0,0000339 seconds
2015-12-09T15:38:08.674-0500: 19715,202: Total time for which application threads were stopped: 0,0000905 seconds, Stopping threads took: 0,0000209 seconds
2015-12-09T15:38:08.674-0500: 19715,202: Total time for which application threads were stopped: 0,0000555 seconds, Stopping threads took: 0,0000141 seconds
2015-12-09T15:38:08.674-0500: 19715,202: Total time for which application threads were stopped: 0,0000538 seconds, Stopping threads took: 0,0000126 seconds
2015-12-09T15:38:08.674-0500: 19715,202: Total time for which application threads were stopped: 0,0000542 seconds, Stopping threads took: 0,0000128 seconds
2015-12-09T15:38:08.674-0500: 19715,202: Total time for which application threads were stopped: 0,0000381 seconds, Stopping threads took: 0,0000081 seconds
2015-12-09T15:38:08.674-0500: 19715,202: Total time for which application threads were stopped: 0,0000480 seconds, Stopping threads took: 0,0000069 seconds
2015-12-09T15:38:08.674-0500: 19715,203: Total time for which application threads were stopped: 0,0000363 seconds, Stopping threads took: 0,0000082 seconds
2015-12-09T15:38:08.675-0500: 19715,203: Total time for which application threads were stopped: 0,0000344 seconds, Stopping threads took: 0,0000069 seconds
2015-12-09T15:38:08.675-0500: 19715,203: Total time for which application threads were stopped: 0,0000343 seconds, Stopping threads took: 0,0000069 seconds
2015-12-09T15:38:08.675-0500: 19715,203: Total time for which application threads were stopped: 0,0000347 seconds, Stopping threads took: 0,0000070 seconds
2015-12-09T15:38:08.675-0500: 19715,203: Total time for which application threads were stopped: 0,0000344 seconds, Stopping threads took: 0,0000069 seconds
2015-12-09T15:38:08.675-0500: 19715,203: Total time for which application threads were stopped: 0,0000345 seconds, Stopping threads took: 0,0000070 seconds
2015-12-09T15:38:08.675-0500: 19715,203: Total time for which application threads were stopped: 0,0000341 seconds, Stopping threads took: 0,0000069 seconds
2015-12-09T15:38:08.675-0500: 19715,203: Total time for which application threads were stopped: 0,0000341 seconds, Stopping threads took: 0,0000069 seconds
2015-12-09T15:38:08.675-0500: 19715,203: Total time for which application threads were stopped: 0,0000344 seconds, Stopping threads took: 0,0000068 seconds
2015-12-09T15:38:08.675-0500: 19715,203: Total time for which application threads were stopped: 0,0000343 seconds, Stopping threads took: 0,0000069 seconds
2015-12-09T15:38:08.675-0500: 19715,203: Total time for which application threads were stopped: 0,0000342 seconds, Stopping threads took: 0,0000069 seconds
2015-12-09T15:38:08.675-0500: 19715,203: Total time for which application threads were stopped: 0,0000368 seconds, Stopping threads took: 0,0000076 seconds
2015-12-09T15:38:08.675-0500: 19715,203: Total time for which application threads were stopped: 0,0000346 seconds, Stopping threads took: 0,0000071 seconds
2015-12-09T15:38:08.675-0500: 19715,203: Total time for which application threads were stopped: 0,0000343 seconds, Stopping threads took: 0,0000069 seconds
2015-12-09T15:38:08.675-0500: 19715,203: Total time for which application threads were stopped: 0,0001417 seconds, Stopping threads took: 0,0000069 seconds
2015-12-09T15:38:08.686-0500: 19715,214: Total time for which application threads were stopped: 0,0000856 seconds, Stopping threads took: 0,0000207 seconds
2015-12-09T15:38:08.686-0500: 19715,214: Total time for which application threads were stopped: 0,0000414 seconds, Stopping threads took: 0,0000097 seconds
2015-12-09T15:38:08.686-0500: 19715,214: Total time for which application threads were stopped: 0,0000360 seconds, Stopping threads took: 0,0000066 seconds
2015-12-09T15:38:08.694-0500: 19715,222: Total time for which application threads were stopped: 0,0000725 seconds, Stopping threads took: 0,0000156 seconds
2015-12-09T15:38:08.694-0500: 19715,222: Total time for which application threads were stopped: 0,0000396 seconds, Stopping threads took: 0,0000068 seconds
2015-12-09T15:38:08.705-0500: 19715,233: Total time for which application threads were stopped: 0,0001011 seconds, Stopping threads took: 0,0000319 seconds
2015-12-09T15:38:08.736-0500: 19715,264: Total time for which application threads were stopped: 0,0124023 seconds, Stopping threads took: 0,0122490 seconds
2015-12-09T15:38:08.736-0500: 19715,264: Total time for which application threads were stopped: 0,0002944 seconds, Stopping threads took: 0,0002424 seconds
2015-12-09T15:38:08.736-0500: 19715,265: Total time for which application threads were stopped: 0,0001527 seconds, Stopping threads took: 0,0000973 seconds
2015-12-09T15:38:08.741-0500: 19715,269: Total time for which application threads were stopped: 0,0046775 seconds, Stopping threads took: 0,0045971 seconds
2015-12-09T15:38:08.741-0500: 19715,270: Total time for which application threads were stopped: 0,0000599 seconds, Stopping threads took: 0,0000319 seconds
2015-12-09T15:38:08.742-0500: 19715,270: Total time for which application threads were stopped: 0,0001256 seconds, Stopping threads took: 0,0000749 seconds
2015-12-09T15:38:08.742-0500: 19715,270: Total time for which application threads were stopped: 0,0001511 seconds, Stopping threads took: 0,0001080 seconds
2015-12-09T15:38:08.742-0500: 19715,270: Total time for which application threads were stopped: 0,0000927 seconds, Stopping threads took: 0,0000591 seconds
2015-12-09T15:38:08.742-0500: 19715,270: Total time for which application threads were stopped: 0,0000661 seconds, Stopping threads took: 0,0000347 seconds
2015-12-09T15:38:08.743-0500: 19715,272: Total time for which application threads were stopped: 0,0000575 seconds, Stopping threads took: 0,0000141 seconds
2015-12-09T15:38:08.743-0500: 19715,272: Total time for which application threads were stopped: 0,0000272 seconds, Stopping threads took: 0,0000048 seconds
2015-12-09T15:38:08.744-0500: 19715,272: Total time for which application threads were stopped: 0,0000334 seconds, Stopping threads took: 0,0000036 seconds
2015-12-09T15:38:08.744-0500: 19715,272: Total time for which application threads were stopped: 0,0000293 seconds, Stopping threads took: 0,0000052 seconds
2015-12-09T15:38:08.744-0500: 19715,272: Total time for which application threads were stopped: 0,0000252 seconds, Stopping threads took: 0,0000053 seconds
2015-12-09T15:38:08.744-0500: 19715,272: Total time for which application threads were stopped: 0,0000242 seconds, Stopping threads took: 0,0000046 seconds
2015-12-09T15:38:08.744-0500: 19715,272: Total time for which application threads were stopped: 0,0000225 seconds, Stopping threads took: 0,0000032 seconds
2015-12-09T15:38:08.744-0500: 19715,272: Total time for which application threads were stopped: 0,0000260 seconds, Stopping threads took: 0,0000052 seconds
2015-12-09T15:38:08.744-0500: 19715,272: Total time for which application threads were stopped: 0,0000239 seconds, Stopping threads took: 0,0000045 seconds
2015-12-09T15:38:08.744-0500: 19715,272: Total time for which application threads were stopped: 0,0000239 seconds, Stopping threads took: 0,0000045 seconds
2015-12-09T15:38:08.744-0500: 19715,272: Total time for which application threads were stopped: 0,0000884 seconds, Stopping threads took: 0,0000033 seconds
2015-12-09T15:38:09.744-0500: 19716,272: Total time for which application threads were stopped: 0,0000699 seconds, Stopping threads took: 0,0000166 seconds
2015-12-09T15:38:13.144-0500: 19719,672: Total time for which application threads were stopped: 0,0001432 seconds, Stopping threads took: 0,0000529 seconds
2015-12-09T15:38:13.177-0500: 19719,705: Total time for which application threads were stopped: 0,0001146 seconds, Stopping threads took: 0,0000211 seconds
2015-12-09T15:38:13.741-0500: 19720,269: Total time for which application threads were stopped: 0,0001867 seconds, Stopping threads took: 0,0000646 seconds
2015-12-09T15:38:13.741-0500: 19720,269: Total time for which application threads were stopped: 0,0002235 seconds, Stopping threads took: 0,0000996 seconds
2015-12-09T15:38:13.795-0500: 19720,323: Total time for which application threads were stopped: 0,0000983 seconds, Stopping threads took: 0,0000295 seconds
2015-12-09T15:38:14.196-0500: 19720,724: Total time for which application threads were stopped: 0,0000822 seconds, Stopping threads took: 0,0000258 seconds
2015-12-09T15:38:14.203-0500: 19720,731: Total time for which application threads were stopped: 0,0000432 seconds, Stopping threads took: 0,0000199 seconds
2015-12-09T15:38:14.204-0500: 19720,732: Total time for which application threads were stopped: 0,0000517 seconds, Stopping threads took: 0,0000292 seconds
2015-12-09T15:38:14.205-0500: 19720,733: Total time for which application threads were stopped: 0,0000330 seconds, Stopping threads took: 0,0000104 seconds
2015-12-09T15:38:14.297-0500: 19720,825: Total time for which application threads were stopped: 0,0000481 seconds, Stopping threads took: 0,0000104 seconds
2015-12-09T15:38:14.299-0500: 19720,827: Total time for which application threads were stopped: 0,0000519 seconds, Stopping threads took: 0,0000293 seconds
2015-12-09T15:38:14.392-0500: 19720,920: Total time for which application threads were stopped: 0,0000652 seconds, Stopping threads took: 0,0000249 seconds
2015-12-09T15:38:14.420-0500: 19720,948: Total time for which application threads were stopped: 0,0000458 seconds, Stopping threads took: 0,0000208 seconds
2015-12-09T15:38:14.420-0500: 19720,948: Total time for which application threads were stopped: 0,0000430 seconds, Stopping threads took: 0,0000202 seconds
2015-12-09T15:38:14.421-0500: 19720,949: Total time for which application threads were stopped: 0,0000535 seconds, Stopping threads took: 0,0000201 seconds
2015-12-09T15:38:14.485-0500: 19721,013: Total time for which application threads were stopped: 0,0000672 seconds, Stopping threads took: 0,0000204 seconds
2015-12-09T15:38:14.885-0500: 19721,413: Total time for which application threads were stopped: 0,0001072 seconds, Stopping threads took: 0,0000236 seconds
2015-12-09T15:38:14.901-0500: 19721,429: Total time for which application threads were stopped: 0,0000569 seconds, Stopping threads took: 0,0000198 seconds
2015-12-09T15:38:15.017-0500: 19721,545: Total time for which application threads were stopped: 0,0003782 seconds, Stopping threads took: 0,0000285 seconds
2015-12-09T15:38:15.481-0500: 19722,010: Total time for which application threads were stopped: 0,0000673 seconds, Stopping threads took: 0,0000145 seconds
2015-12-09T15:38:16.405-0500: 19722,933: Total time for which application threads were stopped: 0,0008227 seconds, Stopping threads took: 0,0000356 seconds
2015-12-09T15:38:16.406-0500: 19722,934: Total time for which application threads were stopped: 0,0005323 seconds, Stopping threads took: 0,0000274 seconds
2015-12-09T15:38:17.407-0500: 19723,935: Total time for which application threads were stopped: 0,0002458 seconds, Stopping threads took: 0,0001223 seconds
2015-12-09T15:38:18.407-0500: 19724,935: Total time for which application threads were stopped: 0,0001335 seconds, Stopping threads took: 0,0000281 seconds
2015-12-09T15:38:24.910-0500: 19731,438: Total time for which application threads were stopped: 0,0002585 seconds, Stopping threads took: 0,0000799 seconds
2015-12-09T15:38:26.910-0500: 19733,438: Total time for which application threads were stopped: 0,0001332 seconds, Stopping threads took: 0,0000296 seconds
2015-12-09T15:38:28.805-0500: 19735,333: Total time for which application threads were stopped: 0,0003726 seconds, Stopping threads took: 0,0000316 seconds
2015-12-09T15:38:28.823-0500: 19735,351: Total time for which application threads were stopped: 0,0003836 seconds, Stopping threads took: 0,0000330 seconds
2015-12-09T15:38:28.862-0500: 19735,391: Total time for which application threads were stopped: 0,0000643 seconds, Stopping threads took: 0,0000148 seconds
2015-12-09T15:38:29.120-0500: 19735,648: Total time for which application threads were stopped: 0,0000850 seconds, Stopping threads took: 0,0000281 seconds
2015-12-09T15:38:29.138-0500: 19735,666: Total time for which application threads were stopped: 0,0000822 seconds, Stopping threads took: 0,0000267 seconds
2015-12-09T15:38:29.267-0500: 19735,795: Total time for which application threads were stopped: 0,0003828 seconds, Stopping threads took: 0,0000278 seconds
2015-12-09T15:38:29.347-0500: 19735,875: Total time for which application threads were stopped: 0,0001719 seconds, Stopping threads took: 0,0000849 seconds
2015-12-09T15:38:29.356-0500: 19735,884: Total time for which application threads were stopped: 0,0002183 seconds, Stopping threads took: 0,0001679 seconds
2015-12-09T15:38:29.364-0500: 19735,892: Total time for which application threads were stopped: 0,0048267 seconds, Stopping threads took: 0,0047828 seconds
2015-12-09T15:38:29.368-0500: 19735,896: Total time for which application threads were stopped: 0,0000719 seconds, Stopping threads took: 0,0000267 seconds
2015-12-09T15:38:29.370-0500: 19735,899: Total time for which application threads were stopped: 0,0001631 seconds, Stopping threads took: 0,0001007 seconds
2015-12-09T15:38:29.377-0500: 19735,905: Total time for which application threads were stopped: 0,0026169 seconds, Stopping threads took: 0,0025754 seconds
2015-12-09T15:38:29.380-0500: 19735,908: Total time for which application threads were stopped: 0,0001501 seconds, Stopping threads took: 0,0000821 seconds
2015-12-09T15:38:29.383-0500: 19735,911: Total time for which application threads were stopped: 0,0000807 seconds, Stopping threads took: 0,0000258 seconds
2015-12-09T15:38:29.385-0500: 19735,913: Total time for which application threads were stopped: 0,0001519 seconds, Stopping threads took: 0,0001013 seconds
2015-12-09T15:38:29.387-0500: 19735,915: Total time for which application threads were stopped: 0,0000904 seconds, Stopping threads took: 0,0000286 seconds
2015-12-09T15:38:29.402-0500: 19735,930: Total time for which application threads were stopped: 0,0000986 seconds, Stopping threads took: 0,0000280 seconds
2015-12-09T15:38:29.404-0500: 19735,932: Total time for which application threads were stopped: 0,0001320 seconds, Stopping threads took: 0,0000625 seconds
2015-12-09T15:38:29.406-0500: 19735,934: Total time for which application threads were stopped: 0,0000898 seconds, Stopping threads took: 0,0000346 seconds
2015-12-09T15:38:29.408-0500: 19735,936: Total time for which application threads were stopped: 0,0000776 seconds, Stopping threads took: 0,0000278 seconds
2015-12-09T15:38:29.410-0500: 19735,938: Total time for which application threads were stopped: 0,0001109 seconds, Stopping threads took: 0,0000553 seconds
2015-12-09T15:38:29.412-0500: 19735,940: Total time for which application threads were stopped: 0,0000956 seconds, Stopping threads took: 0,0000445 seconds
2015-12-09T15:38:29.414-0500: 19735,942: Total time for which application threads were stopped: 0,0000961 seconds, Stopping threads took: 0,0000371 seconds
2015-12-09T15:38:29.416-0500: 19735,944: Total time for which application threads were stopped: 0,0001111 seconds, Stopping threads took: 0,0000362 seconds
2015-12-09T15:38:29.417-0500: 19735,945: Total time for which application threads were stopped: 0,0001299 seconds, Stopping threads took: 0,0000242 seconds
{Heap before GC invocations=8 (full 1):
 par new generation   total 109248K, used 105812K [0x00000000e0000000, 0x00000000e8000000, 0x00000000e8000000)
  eden space 87424K, 100% used [0x00000000e0000000, 0x00000000e5560000, 0x00000000e5560000)
  from space 21824K,  84% used [0x00000000e5560000, 0x00000000e6755290, 0x00000000e6ab0000)
  to   space 21824K,   0% used [0x00000000e6ab0000, 0x00000000e6ab0000, 0x00000000e8000000)
 concurrent mark-sweep generation total 393216K, used 0K [0x00000000e8000000, 0x0000000100000000, 0x0000000100000000)
 Metaspace       used 33077K, capacity 33592K, committed 33892K, reserved 1079296K
  class space    used 3727K, capacity 3876K, committed 3940K, reserved 1048576K
2015-12-09T15:38:29.594-0500: 19736,123: [GC (Allocation Failure) 2015-12-09T15:38:29.594-0500: 19736,123: [ParNew
Desired survivor size 20112992 bytes, new threshold 8 (max 8)
- age   1:   10298712 bytes,   10298712 total
- age   2:    5965912 bytes,   16264624 total
- age   3:      33488 bytes,   16298112 total
- age   4:      97888 bytes,   16396000 total
- age   5:     134256 bytes,   16530256 total
- age   6:     109696 bytes,   16639952 total
- age   7:     292320 bytes,   16932272 total
- age   8:    4113072 bytes,   21045344 total
: 105812K->21824K(109248K), 1,4880635 secs] 105812K->28193K(502464K), 1,4881281 secs] [Times: user=0,67 sys=0,00, real=1,49 secs] 
Heap after GC invocations=9 (full 1):
 par new generation   total 109248K, used 21824K [0x00000000e0000000, 0x00000000e8000000, 0x00000000e8000000)
  eden space 87424K,   0% used [0x00000000e0000000, 0x00000000e0000000, 0x00000000e5560000)
  from space 21824K, 100% used [0x00000000e6ab0000, 0x00000000e8000000, 0x00000000e8000000)
  to   space 21824K,   0% used [0x00000000e5560000, 0x00000000e5560000, 0x00000000e6ab0000)
 concurrent mark-sweep generation total 393216K, used 6369K [0x00000000e8000000, 0x0000000100000000, 0x0000000100000000)
 Metaspace       used 33077K, capacity 33592K, committed 33892K, reserved 1079296K
  class space    used 3727K, capacity 3876K, committed 3940K, reserved 1048576K
}
2015-12-09T15:38:31.083-0500: 19737,611: Total time for which application threads were stopped: 1,4883530 seconds, Stopping threads took: 0,0000260 seconds
2015-12-09T15:38:31.083-0500: 19737,611: Total time for which application threads were stopped: 0,0001492 seconds, Stopping threads took: 0,0000663 seconds
2015-12-09T15:38:31.220-0500: 19737,748: Total time for which application threads were stopped: 0,0144997 seconds, Stopping threads took: 0,0144060 seconds
2015-12-09T15:38:31.220-0500: 19737,748: Total time for which application threads were stopped: 0,0000647 seconds, Stopping threads took: 0,0000158 seconds
2015-12-09T15:38:31.221-0500: 19737,749: Total time for which application threads were stopped: 0,0003581 seconds, Stopping threads took: 0,0002945 seconds
2015-12-09T15:38:31.263-0500: 19737,791: Total time for which application threads were stopped: 0,0084675 seconds, Stopping threads took: 0,0083762 seconds
2015-12-09T15:38:31.264-0500: 19737,792: Total time for which application threads were stopped: 0,0002414 seconds, Stopping threads took: 0,0001847 seconds
2015-12-09T15:38:31.868-0500: 19738,397: Total time for which application threads were stopped: 0,0008153 seconds, Stopping threads took: 0,0006162 seconds
2015-12-09T15:38:32.711-0500: 19739,240: Total time for which application threads were stopped: 0,0002216 seconds, Stopping threads took: 0,0000574 seconds
{Heap before GC invocations=9 (full 1):
 par new generation   total 109248K, used 109248K [0x00000000e0000000, 0x00000000e8000000, 0x00000000e8000000)
  eden space 87424K, 100% used [0x00000000e0000000, 0x00000000e5560000, 0x00000000e5560000)
  from space 21824K, 100% used [0x00000000e6ab0000, 0x00000000e8000000, 0x00000000e8000000)
  to   space 21824K,   0% used [0x00000000e5560000, 0x00000000e5560000, 0x00000000e6ab0000)
 concurrent mark-sweep generation total 393216K, used 6369K [0x00000000e8000000, 0x0000000100000000, 0x0000000100000000)
 Metaspace       used 33625K, capacity 34104K, committed 34404K, reserved 1079296K
  class space    used 3747K, capacity 3876K, committed 3940K, reserved 1048576K
2015-12-09T15:38:33.175-0500: 19739,703: [GC (Allocation Failure) 2015-12-09T15:38:33.175-0500: 19739,703: [ParNew
Desired survivor size 20112992 bytes, new threshold 8 (max 8)
- age   1:    4072104 bytes,    4072104 total
- age   2:    7496240 bytes,   11568344 total
- age   3:    4695056 bytes,   16263400 total
- age   4:      32576 bytes,   16295976 total
- age   5:      90072 bytes,   16386048 total
- age   6:     117584 bytes,   16503632 total
- age   7:     101824 bytes,   16605456 total
- age   8:     281072 bytes,   16886528 total
: 109248K->21824K(109248K), 0,0900704 secs] 115617K->36597K(502464K), 0,0901443 secs] [Times: user=0,29 sys=0,00, real=0,09 secs] 
Heap after GC invocations=10 (full 1):
 par new generation   total 109248K, used 21824K [0x00000000e0000000, 0x00000000e8000000, 0x00000000e8000000)
  eden space 87424K,   0% used [0x00000000e0000000, 0x00000000e0000000, 0x00000000e5560000)
  from space 21824K, 100% used [0x00000000e5560000, 0x00000000e6ab0000, 0x00000000e6ab0000)
  to   space 21824K,   0% used [0x00000000e6ab0000, 0x00000000e6ab0000, 0x00000000e8000000)
 concurrent mark-sweep generation total 393216K, used 14773K [0x00000000e8000000, 0x0000000100000000, 0x0000000100000000)
 Metaspace       used 33625K, capacity 34104K, committed 34404K, reserved 1079296K
  class space    used 3747K, capacity 3876K, committed 3940K, reserved 1048576K
}
2015-12-09T15:38:33.265-0500: 19739,793: Total time for which application threads were stopped: 0,0903721 seconds, Stopping threads took: 0,0000350 seconds
2015-12-09T15:38:33.612-0500: 19740,140: Total time for which application threads were stopped: 0,0001073 seconds, Stopping threads took: 0,0000290 seconds
2015-12-09T15:38:33.613-0500: 19740,141: Total time for which application threads were stopped: 0,0000438 seconds, Stopping threads took: 0,0000177 seconds
2015-12-09T15:38:33.640-0500: 19740,169: Total time for which application threads were stopped: 0,0001155 seconds, Stopping threads took: 0,0000329 seconds
2015-12-09T15:38:33.659-0500: 19740,187: Total time for which application threads were stopped: 0,0001614 seconds, Stopping threads took: 0,0000704 seconds
2015-12-09T15:38:33.659-0500: 19740,187: Total time for which application threads were stopped: 0,0000486 seconds, Stopping threads took: 0,0000120 seconds
2015-12-09T15:38:33.884-0500: 19740,412: Total time for which application threads were stopped: 0,0001665 seconds, Stopping threads took: 0,0000379 seconds
2015-12-09T15:38:33.884-0500: 19740,412: Total time for which application threads were stopped: 0,0000459 seconds, Stopping threads took: 0,0000136 seconds
2015-12-09T15:38:33.884-0500: 19740,412: Total time for which application threads were stopped: 0,0000421 seconds, Stopping threads took: 0,0000116 seconds
2015-12-09T15:38:33.884-0500: 19740,412: Total time for which application threads were stopped: 0,0000413 seconds, Stopping threads took: 0,0000133 seconds
2015-12-09T15:38:33.884-0500: 19740,413: Total time for which application threads were stopped: 0,0000324 seconds, Stopping threads took: 0,0000120 seconds
2015-12-09T15:38:33.884-0500: 19740,413: Total time for which application threads were stopped: 0,0000329 seconds, Stopping threads took: 0,0000125 seconds
2015-12-09T15:38:33.885-0500: 19740,413: Total time for which application threads were stopped: 0,0000351 seconds, Stopping threads took: 0,0000111 seconds
2015-12-09T15:38:33.912-0500: 19740,440: Total time for which application threads were stopped: 0,0001093 seconds, Stopping threads took: 0,0000289 seconds
2015-12-09T15:38:33.912-0500: 19740,440: Total time for which application threads were stopped: 0,0000392 seconds, Stopping threads took: 0,0000124 seconds
2015-12-09T15:38:33.912-0500: 19740,440: Total time for which application threads were stopped: 0,0000398 seconds, Stopping threads took: 0,0000170 seconds
2015-12-09T15:38:33.912-0500: 19740,440: Total time for which application threads were stopped: 0,0000447 seconds, Stopping threads took: 0,0000190 seconds
2015-12-09T15:38:33.912-0500: 19740,441: Total time for which application threads were stopped: 0,0000353 seconds, Stopping threads took: 0,0000098 seconds
2015-12-09T15:38:33.913-0500: 19740,441: Total time for which application threads were stopped: 0,0000386 seconds, Stopping threads took: 0,0000170 seconds
2015-12-09T15:38:33.929-0500: 19740,457: Total time for which application threads were stopped: 0,0001140 seconds, Stopping threads took: 0,0000338 seconds
2015-12-09T15:38:33.929-0500: 19740,457: Total time for which application threads were stopped: 0,0000501 seconds, Stopping threads took: 0,0000204 seconds
2015-12-09T15:38:33.973-0500: 19740,501: Total time for which application threads were stopped: 0,0000988 seconds, Stopping threads took: 0,0000238 seconds
2015-12-09T15:38:33.974-0500: 19740,503: Total time for which application threads were stopped: 0,0000873 seconds, Stopping threads took: 0,0000283 seconds
2015-12-09T15:38:34.380-0500: 19740,908: Total time for which application threads were stopped: 0,0001299 seconds, Stopping threads took: 0,0000478 seconds
2015-12-09T15:38:34.380-0500: 19740,908: Total time for which application threads were stopped: 0,0000562 seconds, Stopping threads took: 0,0000059 seconds
2015-12-09T15:38:34.770-0500: 19741,298: Total time for which application threads were stopped: 0,0001271 seconds, Stopping threads took: 0,0000275 seconds
2015-12-09T15:38:34.770-0500: 19741,298: Total time for which application threads were stopped: 0,0000590 seconds, Stopping threads took: 0,0000220 seconds
2015-12-09T15:38:34.770-0500: 19741,299: Total time for which application threads were stopped: 0,0000764 seconds, Stopping threads took: 0,0000345 seconds
2015-12-09T15:38:34.771-0500: 19741,299: Total time for which application threads were stopped: 0,0000698 seconds, Stopping threads took: 0,0000289 seconds
2015-12-09T15:38:34.771-0500: 19741,299: Total time for which application threads were stopped: 0,0001811 seconds, Stopping threads took: 0,0001300 seconds
2015-12-09T15:38:34.771-0500: 19741,299: Total time for which application threads were stopped: 0,0000584 seconds, Stopping threads took: 0,0000186 seconds
2015-12-09T15:38:34.771-0500: 19741,299: Total time for which application threads were stopped: 0,0000611 seconds, Stopping threads took: 0,0000176 seconds
2015-12-09T15:38:34.771-0500: 19741,299: Total time for which application threads were stopped: 0,0000992 seconds, Stopping threads took: 0,0000730 seconds
2015-12-09T15:38:34.772-0500: 19741,300: Total time for which application threads were stopped: 0,0000707 seconds, Stopping threads took: 0,0000212 seconds
2015-12-09T15:38:34.773-0500: 19741,301: Total time for which application threads were stopped: 0,0000789 seconds, Stopping threads took: 0,0000584 seconds
2015-12-09T15:38:34.773-0500: 19741,301: Total time for which application threads were stopped: 0,0000591 seconds, Stopping threads took: 0,0000236 seconds
2015-12-09T15:38:35.773-0500: 19742,301: Total time for which application threads were stopped: 0,0001836 seconds, Stopping threads took: 0,0000391 seconds
2015-12-09T15:38:50.774-0500: 19757,303: Total time for which application threads were stopped: 0,0001241 seconds, Stopping threads took: 0,0000486 seconds
2015-12-09T15:39:08.084-0500: 19774,612: Total time for which application threads were stopped: 0,0030472 seconds, Stopping threads took: 0,0029428 seconds
2015-12-09T15:39:11.085-0500: 19777,613: Total time for which application threads were stopped: 0,0000735 seconds, Stopping threads took: 0,0000179 seconds
2015-12-09T15:39:23.086-0500: 19789,614: Total time for which application threads were stopped: 0,0001253 seconds, Stopping threads took: 0,0000299 seconds
2015-12-09T15:39:32.087-0500: 19798,615: Total time for which application threads were stopped: 0,0001199 seconds, Stopping threads took: 0,0000291 seconds
2015-12-09T15:40:05.090-0500: 19831,618: Total time for which application threads were stopped: 0,0001634 seconds, Stopping threads took: 0,0000622 seconds
2015-12-09T15:40:14.091-0500: 19840,619: Total time for which application threads were stopped: 0,0001307 seconds, Stopping threads took: 0,0000306 seconds
2015-12-09T15:40:26.092-0500: 19852,621: Total time for which application threads were stopped: 0,0000772 seconds, Stopping threads took: 0,0000266 seconds
2015-12-09T15:40:32.093-0500: 19858,621: Total time for which application threads were stopped: 0,0000788 seconds, Stopping threads took: 0,0000169 seconds
2015-12-09T15:40:35.094-0500: 19861,622: Total time for which application threads were stopped: 0,0001025 seconds, Stopping threads took: 0,0000243 seconds
2015-12-09T15:40:50.095-0500: 19876,623: Total time for which application threads were stopped: 0,0001100 seconds, Stopping threads took: 0,0000186 seconds
2015-12-09T15:40:53.096-0500: 19879,624: Total time for which application threads were stopped: 0,0002955 seconds, Stopping threads took: 0,0000812 seconds
2015-12-09T15:40:56.096-0500: 19882,624: Total time for which application threads were stopped: 0,0001400 seconds, Stopping threads took: 0,0000480 seconds
2015-12-09T15:41:08.097-0500: 19894,625: Total time for which application threads were stopped: 0,0000718 seconds, Stopping threads took: 0,0000180 seconds
2015-12-09T15:41:14.098-0500: 19900,626: Total time for which application threads were stopped: 0,0000742 seconds, Stopping threads took: 0,0000175 seconds
2015-12-09T15:41:17.098-0500: 19903,626: Total time for which application threads were stopped: 0,0001417 seconds, Stopping threads took: 0,0000322 seconds
2015-12-09T15:41:35.100-0500: 19921,628: Total time for which application threads were stopped: 0,0000976 seconds, Stopping threads took: 0,0000327 seconds
2015-12-09T15:41:38.100-0500: 19924,628: Total time for which application threads were stopped: 0,0001280 seconds, Stopping threads took: 0,0000304 seconds
2015-12-09T15:42:14.104-0500: 19960,632: Total time for which application threads were stopped: 0,0000844 seconds, Stopping threads took: 0,0000299 seconds
2015-12-09T15:42:23.104-0500: 19969,633: Total time for which application threads were stopped: 0,0000727 seconds, Stopping threads took: 0,0000173 seconds
2015-12-09T15:42:26.105-0500: 19972,633: Total time for which application threads were stopped: 0,0000723 seconds, Stopping threads took: 0,0000179 seconds
2015-12-09T15:42:29.105-0500: 19975,633: Total time for which application threads were stopped: 0,0001793 seconds, Stopping threads took: 0,0000400 seconds
2015-12-09T15:42:35.106-0500: 19981,634: Total time for which application threads were stopped: 0,0000829 seconds, Stopping threads took: 0,0000257 seconds
2015-12-09T15:42:38.106-0500: 19984,634: Total time for which application threads were stopped: 0,0000867 seconds, Stopping threads took: 0,0000206 seconds
2015-12-09T15:42:41.107-0500: 19987,635: Total time for which application threads were stopped: 0,0000692 seconds, Stopping threads took: 0,0000166 seconds
2015-12-09T15:42:44.107-0500: 19990,635: Total time for which application threads were stopped: 0,0000729 seconds, Stopping threads took: 0,0000180 seconds
2015-12-09T15:42:50.108-0500: 19996,636: Total time for which application threads were stopped: 0,0001386 seconds, Stopping threads took: 0,0000427 seconds
2015-12-09T15:42:59.109-0500: 20005,637: Total time for which application threads were stopped: 0,0000774 seconds, Stopping threads took: 0,0000167 seconds
2015-12-09T15:43:32.112-0500: 20038,640: Total time for which application threads were stopped: 0,0001801 seconds, Stopping threads took: 0,0000604 seconds
2015-12-09T15:44:05.115-0500: 20071,643: Total time for which application threads were stopped: 0,0001171 seconds, Stopping threads took: 0,0000394 seconds
2015-12-09T15:44:20.117-0500: 20086,645: Total time for which application threads were stopped: 0,0001139 seconds, Stopping threads took: 0,0000270 seconds
2015-12-09T15:44:26.117-0500: 20092,645: Total time for which application threads were stopped: 0,0000729 seconds, Stopping threads took: 0,0000169 seconds
2015-12-09T15:44:41.119-0500: 20107,647: Total time for which application threads were stopped: 0,0000861 seconds, Stopping threads took: 0,0000309 seconds
2015-12-09T15:44:53.120-0500: 20119,648: Total time for which application threads were stopped: 0,0000713 seconds, Stopping threads took: 0,0000160 seconds
2015-12-09T15:44:59.120-0500: 20125,649: Total time for which application threads were stopped: 0,0000724 seconds, Stopping threads took: 0,0000163 seconds
2015-12-09T15:45:06.121-0500: 20132,650: Total time for which application threads were stopped: 0,0001557 seconds, Stopping threads took: 0,0000501 seconds
2015-12-09T15:45:23.123-0500: 20149,651: Total time for which application threads were stopped: 0,0002007 seconds, Stopping threads took: 0,0000601 seconds
2015-12-09T15:46:47.131-0500: 20233,660: Total time for which application threads were stopped: 0,0000945 seconds, Stopping threads took: 0,0000253 seconds
2015-12-09T15:47:44.137-0500: 20290,665: Total time for which application threads were stopped: 0,0000853 seconds, Stopping threads took: 0,0000302 seconds
2015-12-09T15:47:50.138-0500: 20296,666: Total time for which application threads were stopped: 0,0001157 seconds, Stopping threads took: 0,0000275 seconds
2015-12-09T15:47:53.138-0500: 20299,666: Total time for which application threads were stopped: 0,0001132 seconds, Stopping threads took: 0,0000373 seconds
2015-12-09T15:48:02.139-0500: 20308,667: Total time for which application threads were stopped: 0,0002844 seconds, Stopping threads took: 0,0000754 seconds
2015-12-09T15:48:05.140-0500: 20311,668: Total time for which application threads were stopped: 0,0001196 seconds, Stopping threads took: 0,0000401 seconds
2015-12-09T15:48:08.140-0500: 20314,668: Total time for which application threads were stopped: 0,0000762 seconds, Stopping threads took: 0,0000182 seconds
2015-12-09T15:48:23.141-0500: 20329,670: Total time for which application threads were stopped: 0,0001477 seconds, Stopping threads took: 0,0000490 seconds
2015-12-09T15:48:26.142-0500: 20332,670: Total time for which application threads were stopped: 0,0001738 seconds, Stopping threads took: 0,0000492 seconds
2015-12-09T15:48:44.144-0500: 20350,672: Total time for which application threads were stopped: 0,0000802 seconds, Stopping threads took: 0,0000283 seconds
2015-12-09T15:48:47.144-0500: 20353,672: Total time for which application threads were stopped: 0,0000803 seconds, Stopping threads took: 0,0000183 seconds
2015-12-09T15:48:50.145-0500: 20356,673: Total time for which application threads were stopped: 0,0000737 seconds, Stopping threads took: 0,0000178 seconds
2015-12-09T15:49:02.146-0500: 20368,674: Total time for which application threads were stopped: 0,0000957 seconds, Stopping threads took: 0,0000231 seconds
2015-12-09T15:49:05.147-0500: 20371,675: Total time for which application threads were stopped: 0,0001085 seconds, Stopping threads took: 0,0000259 seconds
2015-12-09T15:49:20.148-0500: 20386,676: Total time for which application threads were stopped: 0,0000830 seconds, Stopping threads took: 0,0000287 seconds
2015-12-09T15:49:56.152-0500: 20422,680: Total time for which application threads were stopped: 0,0000847 seconds, Stopping threads took: 0,0000288 seconds
2015-12-09T15:50:32.156-0500: 20458,684: Total time for which application threads were stopped: 0,0001141 seconds, Stopping threads took: 0,0000382 seconds
2015-12-09T15:50:50.158-0500: 20476,686: Total time for which application threads were stopped: 0,0001046 seconds, Stopping threads took: 0,0000243 seconds
2015-12-09T15:50:59.159-0500: 20485,687: Total time for which application threads were stopped: 0,0000937 seconds, Stopping threads took: 0,0000226 seconds
2015-12-09T15:51:02.159-0500: 20488,687: Total time for which application threads were stopped: 0,0001599 seconds, Stopping threads took: 0,0000522 seconds
2015-12-09T15:51:05.159-0500: 20491,687: Total time for which application threads were stopped: 0,0000719 seconds, Stopping threads took: 0,0000176 seconds
2015-12-09T15:51:11.160-0500: 20497,688: Total time for which application threads were stopped: 0,0000795 seconds, Stopping threads took: 0,0000200 seconds
2015-12-09T15:51:26.162-0500: 20512,690: Total time for which application threads were stopped: 0,0001081 seconds, Stopping threads took: 0,0000259 seconds
2015-12-09T15:52:14.166-0500: 20560,694: Total time for which application threads were stopped: 0,0001800 seconds, Stopping threads took: 0,0000599 seconds
2015-12-09T15:52:23.167-0500: 20569,695: Total time for which application threads were stopped: 0,0000715 seconds, Stopping threads took: 0,0000180 seconds
2015-12-09T15:52:32.168-0500: 20578,696: Total time for which application threads were stopped: 0,0000785 seconds, Stopping threads took: 0,0000185 seconds
2015-12-09T15:54:14.177-0500: 20680,705: Total time for which application threads were stopped: 0,0001317 seconds, Stopping threads took: 0,0000396 seconds
2015-12-09T15:54:20.199-0500: 20686,727: Total time for which application threads were stopped: 0,0000822 seconds, Stopping threads took: 0,0000266 seconds
2015-12-09T15:54:29.199-0500: 20695,728: Total time for which application threads were stopped: 0,0000792 seconds, Stopping threads took: 0,0000186 seconds
2015-12-09T15:54:32.200-0500: 20698,728: Total time for which application threads were stopped: 0,0000726 seconds, Stopping threads took: 0,0000188 seconds
2015-12-09T15:54:47.201-0500: 20713,729: Total time for which application threads were stopped: 0,0000945 seconds, Stopping threads took: 0,0000311 seconds
2015-12-09T15:55:02.202-0500: 20728,731: Total time for which application threads were stopped: 0,0001023 seconds, Stopping threads took: 0,0000246 seconds
2015-12-09T15:55:23.205-0500: 20749,733: Total time for which application threads were stopped: 0,0001125 seconds, Stopping threads took: 0,0000388 seconds
2015-12-09T15:55:26.205-0500: 20752,733: Total time for which application threads were stopped: 0,0001201 seconds, Stopping threads took: 0,0000263 seconds
2015-12-09T15:55:29.206-0500: 20755,734: Total time for which application threads were stopped: 0,0000799 seconds, Stopping threads took: 0,0000190 seconds
2015-12-09T15:57:05.214-0500: 20851,742: Total time for which application threads were stopped: 0,0001074 seconds, Stopping threads took: 0,0000365 seconds
2015-12-09T15:57:17.216-0500: 20863,744: Total time for which application threads were stopped: 0,0000828 seconds, Stopping threads took: 0,0000286 seconds
2015-12-09T15:57:20.216-0500: 20866,744: Total time for which application threads were stopped: 0,0000968 seconds, Stopping threads took: 0,0000229 seconds
2015-12-09T15:57:23.216-0500: 20869,745: Total time for which application threads were stopped: 0,0001557 seconds, Stopping threads took: 0,0000360 seconds
2015-12-09T15:58:59.226-0500: 20965,754: Total time for which application threads were stopped: 0,0001008 seconds, Stopping threads took: 0,0000390 seconds
2015-12-09T16:00:29.235-0500: 21055,764: Total time for which application threads were stopped: 0,0001004 seconds, Stopping threads took: 0,0000299 seconds
2015-12-09T16:01:01.239-0500: 21087,767: Total time for which application threads were stopped: 0,0001315 seconds, Stopping threads took: 0,0000478 seconds
2015-12-09T16:01:48.243-0500: 21134,771: Total time for which application threads were stopped: 0,0000907 seconds, Stopping threads took: 0,0000273 seconds
2015-12-09T16:02:42.248-0500: 21188,776: Total time for which application threads were stopped: 0,0001993 seconds, Stopping threads took: 0,0000608 seconds
2015-12-09T16:02:45.248-0500: 21191,777: Total time for which application threads were stopped: 0,0000733 seconds, Stopping threads took: 0,0000176 seconds
2015-12-09T16:02:59.250-0500: 21205,778: Total time for which application threads were stopped: 0,0001518 seconds, Stopping threads took: 0,0000354 seconds
2015-12-09T16:09:09.285-0500: 21575,813: Total time for which application threads were stopped: 0,0000853 seconds, Stopping threads took: 0,0000315 seconds
2015-12-09T16:17:24.332-0500: 22070,860: Total time for which application threads were stopped: 0,0000928 seconds, Stopping threads took: 0,0000342 seconds
{Heap before GC invocations=10 (full 1):
 par new generation   total 109248K, used 109248K [0x00000000e0000000, 0x00000000e8000000, 0x00000000e8000000)
  eden space 87424K, 100% used [0x00000000e0000000, 0x00000000e5560000, 0x00000000e5560000)
  from space 21824K, 100% used [0x00000000e5560000, 0x00000000e6ab0000, 0x00000000e6ab0000)
  to   space 21824K,   0% used [0x00000000e6ab0000, 0x00000000e6ab0000, 0x00000000e8000000)
 concurrent mark-sweep generation total 393216K, used 14773K [0x00000000e8000000, 0x0000000100000000, 0x0000000100000000)
 Metaspace       used 34283K, capacity 34724K, committed 35172K, reserved 1081344K
  class space    used 3755K, capacity 3910K, committed 3940K, reserved 1048576K
2015-12-09T16:21:30.004-0500: 22316,545: [GC (Allocation Failure) 2015-12-09T16:21:30.017-0500: 22316,545: [ParNew
Desired survivor size 20112992 bytes, new threshold 8 (max 8)
- age   1:     480104 bytes,     480104 total
- age   2:    3767256 bytes,    4247360 total
- age   3:    4769920 bytes,    9017280 total
- age   4:    4628416 bytes,   13645696 total
- age   5:      32576 bytes,   13678272 total
- age   6:      90072 bytes,   13768344 total
- age   7:     117584 bytes,   13885928 total
- age   8:     101752 bytes,   13987680 total
: 109248K->18475K(109248K), 0,0673755 secs] 124021K->33528K(502464K), 0,0811405 secs] [Times: user=0,12 sys=0,00, real=0,08 secs] 
Heap after GC invocations=11 (full 1):
 par new generation   total 109248K, used 18475K [0x00000000e0000000, 0x00000000e8000000, 0x00000000e8000000)
  eden space 87424K,   0% used [0x00000000e0000000, 0x00000000e0000000, 0x00000000e5560000)
  from space 21824K,  84% used [0x00000000e6ab0000, 0x00000000e7cbafa0, 0x00000000e8000000)
  to   space 21824K,   0% used [0x00000000e5560000, 0x00000000e5560000, 0x00000000e6ab0000)
 concurrent mark-sweep generation total 393216K, used 15052K [0x00000000e8000000, 0x0000000100000000, 0x0000000100000000)
 Metaspace       used 34283K, capacity 34724K, committed 35172K, reserved 1081344K
  class space    used 3755K, capacity 3910K, committed 3940K, reserved 1048576K
}
2015-12-09T16:21:30.085-0500: 22316,613: Total time for which application threads were stopped: 0,0814854 seconds, Stopping threads took: 0,0000642 seconds
2015-12-09T16:21:31.085-0500: 22317,613: Total time for which application threads were stopped: 0,0001111 seconds, Stopping threads took: 0,0000272 seconds
2015-12-09T16:24:03.101-0500: 22469,629: Total time for which application threads were stopped: 0,0001315 seconds, Stopping threads took: 0,0000460 seconds
2015-12-09T16:25:21.108-0500: 22547,636: Total time for which application threads were stopped: 0,0001009 seconds, Stopping threads took: 0,0000350 seconds
2015-12-09T16:25:27.109-0500: 22553,637: Total time for which application threads were stopped: 0,0001618 seconds, Stopping threads took: 0,0000377 seconds
2015-12-09T16:29:09.133-0500: 22775,661: Total time for which application threads were stopped: 0,0001759 seconds, Stopping threads took: 0,0000586 seconds
2015-12-09T16:34:00.161-0500: 23066,689: Total time for which application threads were stopped: 0,0001803 seconds, Stopping threads took: 0,0000597 seconds
2015-12-09T16:34:03.161-0500: 23069,689: Total time for which application threads were stopped: 0,0000718 seconds, Stopping threads took: 0,0000178 seconds
2015-12-09T16:38:09.191-0500: 23315,719: Total time for which application threads were stopped: 0,0078027 seconds, Stopping threads took: 0,0075728 seconds
2015-12-09T16:38:33.193-0500: 23339,721: Total time for which application threads were stopped: 0,0000778 seconds, Stopping threads took: 0,0000264 seconds
2015-12-09T16:38:36.194-0500: 23342,722: Total time for which application threads were stopped: 0,0000990 seconds, Stopping threads took: 0,0000242 seconds
2015-12-09T16:38:54.195-0500: 23360,723: Total time for which application threads were stopped: 0,0001072 seconds, Stopping threads took: 0,0000238 seconds
2015-12-09T16:38:57.196-0500: 23363,724: Total time for which application threads were stopped: 0,0001259 seconds, Stopping threads took: 0,0000312 seconds
2015-12-09T16:39:03.196-0500: 23369,724: Total time for which application threads were stopped: 0,0000805 seconds, Stopping threads took: 0,0000249 seconds
2015-12-09T16:39:12.197-0500: 23378,725: Total time for which application threads were stopped: 0,0000715 seconds, Stopping threads took: 0,0000172 seconds
2015-12-09T16:39:15.198-0500: 23381,726: Total time for which application threads were stopped: 0,0001763 seconds, Stopping threads took: 0,0000390 seconds
2015-12-09T16:39:18.198-0500: 23384,726: Total time for which application threads were stopped: 0,0000707 seconds, Stopping threads took: 0,0000177 seconds
2015-12-09T16:40:51.207-0500: 23477,735: Total time for which application threads were stopped: 0,0000922 seconds, Stopping threads took: 0,0000326 seconds
2015-12-09T16:40:54.207-0500: 23480,735: Total time for which application threads were stopped: 0,0000840 seconds, Stopping threads took: 0,0000294 seconds
2015-12-09T16:42:59.219-0500: 23605,747: Total time for which application threads were stopped: 0,0001550 seconds, Stopping threads took: 0,0000492 seconds
2015-12-09T16:44:12.225-0500: 23678,753: Total time for which application threads were stopped: 0,0001163 seconds, Stopping threads took: 0,0000356 seconds
2015-12-09T16:52:21.270-0500: 24167,798: Total time for which application threads were stopped: 0,0000851 seconds, Stopping threads took: 0,0000273 seconds
2015-12-09T16:55:36.315-0500: 24362,843: Total time for which application threads were stopped: 0,0001195 seconds, Stopping threads took: 0,0000436 seconds
2015-12-09T16:57:54.329-0500: 24500,857: Total time for which application threads were stopped: 0,0000907 seconds, Stopping threads took: 0,0000316 seconds
2015-12-09T16:58:21.331-0500: 24527,859: Total time for which application threads were stopped: 0,0000929 seconds, Stopping threads took: 0,0000307 seconds
2015-12-09T16:58:48.334-0500: 24554,862: Total time for which application threads were stopped: 0,0000882 seconds, Stopping threads took: 0,0000299 seconds
2015-12-09T16:59:18.336-0500: 24584,865: Total time for which application threads were stopped: 0,0001146 seconds, Stopping threads took: 0,0000381 seconds
2015-12-09T16:59:45.339-0500: 24611,867: Total time for which application threads were stopped: 0,0000969 seconds, Stopping threads took: 0,0000303 seconds
2015-12-09T16:59:48.339-0500: 24614,867: Total time for which application threads were stopped: 0,0000888 seconds, Stopping threads took: 0,0000200 seconds
2015-12-09T17:00:24.342-0500: 24650,870: Total time for which application threads were stopped: 0,0000864 seconds, Stopping threads took: 0,0000288 seconds
2015-12-09T17:01:09.346-0500: 24695,874: Total time for which application threads were stopped: 0,0000943 seconds, Stopping threads took: 0,0000328 seconds
2015-12-09T17:01:39.349-0500: 24725,877: Total time for which application threads were stopped: 0,0001518 seconds, Stopping threads took: 0,0000514 seconds
2015-12-09T17:03:25.359-0500: 24831,887: Total time for which application threads were stopped: 0,0001267 seconds, Stopping threads took: 0,0000432 seconds
2015-12-09T17:03:37.360-0500: 24843,888: Total time for which application threads were stopped: 0,0001228 seconds, Stopping threads took: 0,0000291 seconds
2015-12-09T17:07:52.387-0500: 25098,915: Total time for which application threads were stopped: 0,0001581 seconds, Stopping threads took: 0,0000506 seconds
2015-12-09T17:10:04.400-0500: 25230,928: Total time for which application threads were stopped: 0,0001933 seconds, Stopping threads took: 0,0000661 seconds
2015-12-09T17:12:04.412-0500: 25350,940: Total time for which application threads were stopped: 0,0001056 seconds, Stopping threads took: 0,0000374 seconds
2015-12-09T17:17:01.440-0500: 25647,968: Total time for which application threads were stopped: 0,0000852 seconds, Stopping threads took: 0,0000299 seconds
2015-12-09T17:24:22.485-0500: 26089,013: Total time for which application threads were stopped: 0,0000811 seconds, Stopping threads took: 0,0000282 seconds
2015-12-09T17:28:04.505-0500: 26311,033: Total time for which application threads were stopped: 0,0000952 seconds, Stopping threads took: 0,0000293 seconds
2015-12-09T17:29:10.511-0500: 26377,039: Total time for which application threads were stopped: 0,0000815 seconds, Stopping threads took: 0,0000295 seconds
2015-12-09T17:29:52.515-0500: 26419,043: Total time for which application threads were stopped: 0,0001469 seconds, Stopping threads took: 0,0000510 seconds
2015-12-09T17:35:00.543-0500: 26727,071: Total time for which application threads were stopped: 0,0000964 seconds, Stopping threads took: 0,0000342 seconds
2015-12-09T17:35:03.543-0500: 26730,071: Total time for which application threads were stopped: 0,0000984 seconds, Stopping threads took: 0,0000241 seconds
2015-12-09T17:41:20.377-0500: 27106,906: Total time for which application threads were stopped: 0,0309970 seconds, Stopping threads took: 0,0000401 seconds
2015-12-09T17:41:20.705-0500: 27107,233: Total time for which application threads were stopped: 0,0001160 seconds, Stopping threads took: 0,0000401 seconds
2015-12-09T17:41:20.861-0500: 27107,389: Total time for which application threads were stopped: 0,0004978 seconds, Stopping threads took: 0,0000285 seconds
2015-12-09T17:41:21.215-0500: 27107,743: Total time for which application threads were stopped: 0,0004927 seconds, Stopping threads took: 0,0000267 seconds
2015-12-09T17:41:21.404-0500: 27107,932: Total time for which application threads were stopped: 0,0001168 seconds, Stopping threads took: 0,0000194 seconds
2015-12-09T17:41:21.720-0500: 27108,248: Total time for which application threads were stopped: 0,0001065 seconds, Stopping threads took: 0,0000272 seconds
2015-12-09T17:41:21.728-0500: 27108,257: Total time for which application threads were stopped: 0,0000916 seconds, Stopping threads took: 0,0000220 seconds
2015-12-09T17:41:22.729-0500: 27109,257: Total time for which application threads were stopped: 0,0000763 seconds, Stopping threads took: 0,0000185 seconds
2015-12-09T17:41:23.875-0500: 27110,403: Total time for which application threads were stopped: 0,0001108 seconds, Stopping threads took: 0,0000315 seconds
2015-12-09T17:41:23.902-0500: 27110,430: Total time for which application threads were stopped: 0,0001071 seconds, Stopping threads took: 0,0000219 seconds
2015-12-09T17:41:23.902-0500: 27110,430: Total time for which application threads were stopped: 0,0000500 seconds, Stopping threads took: 0,0000115 seconds
2015-12-09T17:41:23.902-0500: 27110,430: Total time for which application threads were stopped: 0,0000429 seconds, Stopping threads took: 0,0000092 seconds
2015-12-09T17:41:24.087-0500: 27110,615: Total time for which application threads were stopped: 0,0000962 seconds, Stopping threads took: 0,0000201 seconds
2015-12-09T17:41:25.087-0500: 27111,615: Total time for which application threads were stopped: 0,0000885 seconds, Stopping threads took: 0,0000220 seconds
2015-12-09T17:41:25.105-0500: 27111,633: Total time for which application threads were stopped: 0,0000849 seconds, Stopping threads took: 0,0000277 seconds
2015-12-09T17:41:25.106-0500: 27111,634: Total time for which application threads were stopped: 0,0000599 seconds, Stopping threads took: 0,0000074 seconds
2015-12-09T17:41:26.106-0500: 27112,634: Total time for which application threads were stopped: 0,0001558 seconds, Stopping threads took: 0,0000654 seconds
2015-12-09T17:41:26.352-0500: 27112,880: Total time for which application threads were stopped: 0,0000990 seconds, Stopping threads took: 0,0000249 seconds
2015-12-09T17:41:27.352-0500: 27113,880: Total time for which application threads were stopped: 0,0001169 seconds, Stopping threads took: 0,0000253 seconds
2015-12-09T18:00:16.235-0500: 27764,339: Total time for which application threads were stopped: 0,0207826 seconds, Stopping threads took: 0,0206144 seconds
2015-12-09T18:00:17.235-0500: 27765,339: Total time for which application threads were stopped: 0,0000789 seconds, Stopping threads took: 0,0000186 seconds
2015-12-09T18:00:24.770-0500: 27771,909: Total time for which application threads were stopped: 0,0000802 seconds, Stopping threads took: 0,0000157 seconds
2015-12-09T18:00:25.770-0500: 27772,909: Total time for which application threads were stopped: 0,0000867 seconds, Stopping threads took: 0,0000218 seconds
2015-12-09T18:00:26.152-0500: 27773,291: Total time for which application threads were stopped: 0,0000867 seconds, Stopping threads took: 0,0000233 seconds
2015-12-09T18:00:27.152-0500: 27774,291: Total time for which application threads were stopped: 0,0000803 seconds, Stopping threads took: 0,0000191 seconds
2015-12-09T18:00:29.727-0500: 27776,866: Total time for which application threads were stopped: 0,0000856 seconds, Stopping threads took: 0,0000245 seconds
{Heap before GC invocations=11 (full 1):
 par new generation   total 109248K, used 105899K [0x00000000e0000000, 0x00000000e8000000, 0x00000000e8000000)
  eden space 87424K, 100% used [0x00000000e0000000, 0x00000000e5560000, 0x00000000e5560000)
  from space 21824K,  84% used [0x00000000e6ab0000, 0x00000000e7cbafa0, 0x00000000e8000000)
  to   space 21824K,   0% used [0x00000000e5560000, 0x00000000e5560000, 0x00000000e6ab0000)
 concurrent mark-sweep generation total 393216K, used 15052K [0x00000000e8000000, 0x0000000100000000, 0x0000000100000000)
 Metaspace       used 34966K, capacity 35364K, committed 35812K, reserved 1081344K
  class space    used 3822K, capacity 3974K, committed 4068K, reserved 1048576K
2015-12-09T18:00:30.205-0500: 27777,344: [GC (Allocation Failure) 2015-12-09T18:00:30.205-0500: 27777,344: [ParNew
Desired survivor size 20112992 bytes, new threshold 8 (max 8)
- age   1:     991960 bytes,     991960 total
- age   2:     364376 bytes,    1356336 total
- age   3:    3767104 bytes,    5123440 total
- age   4:    4751784 bytes,    9875224 total
- age   5:    4618064 bytes,   14493288 total
- age   6:      32576 bytes,   14525864 total
- age   7:      90072 bytes,   14615936 total
- age   8:     117584 bytes,   14733520 total
: 105899K->16222K(109248K), 0,4787602 secs] 120952K->31377K(502464K), 0,4788377 secs] [Times: user=0,07 sys=0,00, real=0,48 secs] 
Heap after GC invocations=12 (full 1):
 par new generation   total 109248K, used 16222K [0x00000000e0000000, 0x00000000e8000000, 0x00000000e8000000)
  eden space 87424K,   0% used [0x00000000e0000000, 0x00000000e0000000, 0x00000000e5560000)
  from space 21824K,  74% used [0x00000000e5560000, 0x00000000e6537890, 0x00000000e6ab0000)
  to   space 21824K,   0% used [0x00000000e6ab0000, 0x00000000e6ab0000, 0x00000000e8000000)
 concurrent mark-sweep generation total 393216K, used 15154K [0x00000000e8000000, 0x0000000100000000, 0x0000000100000000)
 Metaspace       used 34966K, capacity 35364K, committed 35812K, reserved 1081344K
  class space    used 3822K, capacity 3974K, committed 4068K, reserved 1048576K
}
2015-12-09T18:00:30.684-0500: 27777,823: Total time for which application threads were stopped: 0,9564729 seconds, Stopping threads took: 0,0000217 seconds
2015-12-09T18:00:31.684-0500: 27778,823: Total time for which application threads were stopped: 0,0000738 seconds, Stopping threads took: 0,0000182 seconds
2015-12-09T18:00:32.817-0500: 27779,956: Total time for which application threads were stopped: 0,0000878 seconds, Stopping threads took: 0,0000267 seconds
2015-12-09T18:00:33.817-0500: 27780,956: Total time for which application threads were stopped: 0,0000745 seconds, Stopping threads took: 0,0000186 seconds
2015-12-09T18:03:20.575-0500: 27947,714: Total time for which application threads were stopped: 0,0088995 seconds, Stopping threads took: 0,0088113 seconds
2015-12-09T18:03:20.576-0500: 27947,715: Total time for which application threads were stopped: 0,0000452 seconds, Stopping threads took: 0,0000214 seconds
2015-12-09T18:03:20.621-0500: 27947,760: Total time for which application threads were stopped: 0,0014896 seconds, Stopping threads took: 0,0014362 seconds
2015-12-09T18:03:20.734-0500: 27947,873: Total time for which application threads were stopped: 0,0618057 seconds, Stopping threads took: 0,0617329 seconds
2015-12-09T18:03:20.735-0500: 27947,873: Total time for which application threads were stopped: 0,0001014 seconds, Stopping threads took: 0,0000761 seconds
2015-12-09T18:03:20.740-0500: 27947,879: Total time for which application threads were stopped: 0,0044038 seconds, Stopping threads took: 0,0043690 seconds
2015-12-09T18:03:20.781-0500: 27947,920: Total time for which application threads were stopped: 0,0000742 seconds, Stopping threads took: 0,0000230 seconds
2015-12-09T18:03:20.814-0500: 27947,953: Total time for which application threads were stopped: 0,0000631 seconds, Stopping threads took: 0,0000136 seconds
2015-12-09T18:03:20.891-0500: 27948,030: Total time for which application threads were stopped: 0,0001182 seconds, Stopping threads took: 0,0000254 seconds
2015-12-09T18:03:20.910-0500: 27948,049: Total time for which application threads were stopped: 0,0001108 seconds, Stopping threads took: 0,0000249 seconds
2015-12-09T18:03:20.910-0500: 27948,049: Total time for which application threads were stopped: 0,0000717 seconds, Stopping threads took: 0,0000156 seconds
2015-12-09T18:03:20.910-0500: 27948,049: Total time for which application threads were stopped: 0,0000722 seconds, Stopping threads took: 0,0000157 seconds
2015-12-09T18:03:20.911-0500: 27948,049: Total time for which application threads were stopped: 0,0000686 seconds, Stopping threads took: 0,0000151 seconds
2015-12-09T18:03:20.911-0500: 27948,050: Total time for which application threads were stopped: 0,0000688 seconds, Stopping threads took: 0,0000149 seconds
2015-12-09T18:03:20.911-0500: 27948,050: Total time for which application threads were stopped: 0,0000711 seconds, Stopping threads took: 0,0000151 seconds
2015-12-09T18:03:20.911-0500: 27948,050: Total time for which application threads were stopped: 0,0000683 seconds, Stopping threads took: 0,0000151 seconds
2015-12-09T18:03:20.911-0500: 27948,050: Total time for which application threads were stopped: 0,0000552 seconds, Stopping threads took: 0,0000156 seconds
2015-12-09T18:03:20.911-0500: 27948,050: Total time for which application threads were stopped: 0,0000556 seconds, Stopping threads took: 0,0000158 seconds
2015-12-09T18:03:20.922-0500: 27948,061: Total time for which application threads were stopped: 0,0000918 seconds, Stopping threads took: 0,0000234 seconds
2015-12-09T18:03:20.923-0500: 27948,062: Total time for which application threads were stopped: 0,0000924 seconds, Stopping threads took: 0,0000293 seconds
2015-12-09T18:03:20.923-0500: 27948,062: Total time for which application threads were stopped: 0,0000904 seconds, Stopping threads took: 0,0000281 seconds
2015-12-09T18:03:20.923-0500: 27948,062: Total time for which application threads were stopped: 0,0000903 seconds, Stopping threads took: 0,0000284 seconds
2015-12-09T18:03:20.923-0500: 27948,062: Total time for which application threads were stopped: 0,0000915 seconds, Stopping threads took: 0,0000292 seconds
2015-12-09T18:03:20.924-0500: 27948,062: Total time for which application threads were stopped: 0,0001200 seconds, Stopping threads took: 0,0000263 seconds
2015-12-09T18:03:20.961-0500: 27948,100: Total time for which application threads were stopped: 0,0002249 seconds, Stopping threads took: 0,0001157 seconds
2015-12-09T18:03:20.971-0500: 27948,110: Total time for which application threads were stopped: 0,0001556 seconds, Stopping threads took: 0,0000731 seconds
2015-12-09T18:03:21.019-0500: 27948,158: Total time for which application threads were stopped: 0,0001374 seconds, Stopping threads took: 0,0000348 seconds
2015-12-09T18:03:21.020-0500: 27948,159: Total time for which application threads were stopped: 0,0000583 seconds, Stopping threads took: 0,0000161 seconds
2015-12-09T18:03:21.020-0500: 27948,159: Total time for which application threads were stopped: 0,0000570 seconds, Stopping threads took: 0,0000161 seconds
2015-12-09T18:03:21.043-0500: 27948,182: Total time for which application threads were stopped: 0,0000861 seconds, Stopping threads took: 0,0000229 seconds
2015-12-09T18:03:21.043-0500: 27948,182: Total time for which application threads were stopped: 0,0000939 seconds, Stopping threads took: 0,0000503 seconds
2015-12-09T18:03:21.043-0500: 27948,182: Total time for which application threads were stopped: 0,0000585 seconds, Stopping threads took: 0,0000180 seconds
2015-12-09T18:03:21.043-0500: 27948,182: Total time for which application threads were stopped: 0,0001505 seconds, Stopping threads took: 0,0000168 seconds
2015-12-09T18:03:21.049-0500: 27948,188: Total time for which application threads were stopped: 0,0001645 seconds, Stopping threads took: 0,0000705 seconds
2015-12-09T18:03:21.050-0500: 27948,188: Total time for which application threads were stopped: 0,0000818 seconds, Stopping threads took: 0,0000386 seconds
2015-12-09T18:03:21.050-0500: 27948,189: Total time for which application threads were stopped: 0,0000569 seconds, Stopping threads took: 0,0000167 seconds
2015-12-09T18:03:21.050-0500: 27948,189: Total time for which application threads were stopped: 0,0000519 seconds, Stopping threads took: 0,0000138 seconds
2015-12-09T18:03:21.061-0500: 27948,200: Total time for which application threads were stopped: 0,0000433 seconds, Stopping threads took: 0,0000166 seconds
2015-12-09T18:03:21.063-0500: 27948,201: Total time for which application threads were stopped: 0,0001389 seconds, Stopping threads took: 0,0000747 seconds
2015-12-09T18:03:21.063-0500: 27948,202: Total time for which application threads were stopped: 0,0000482 seconds, Stopping threads took: 0,0000251 seconds
2015-12-09T18:03:21.294-0500: 27948,433: Total time for which application threads were stopped: 0,0002165 seconds, Stopping threads took: 0,0001662 seconds
Heap
 par new generation   total 109248K, used 25745K [0x00000000e0000000, 0x00000000e8000000, 0x00000000e8000000)
  eden space 87424K,  10% used [0x00000000e0000000, 0x00000000e094cdb8, 0x00000000e5560000)
  from space 21824K,  74% used [0x00000000e5560000, 0x00000000e6537890, 0x00000000e6ab0000)
  to   space 21824K,   0% used [0x00000000e6ab0000, 0x00000000e6ab0000, 0x00000000e8000000)
 concurrent mark-sweep generation total 393216K, used 15154K [0x00000000e8000000, 0x0000000100000000, 0x0000000100000000)
 Metaspace       used 35016K, capacity 35492K, committed 35812K, reserved 1081344K
  class space    used 3828K, capacity 3974K, committed 4068K, reserved 1048576K
